  Page 1                                    Wed Jul 22 15:01:29 2026

  ******************************************************************
  *                           E P A N E T                          *
  *                   Hydraulic and Water Quality                  *
  *                   Analysis for Pipe Networks                   *
  *                          Version 2.3.06                        *
  ******************************************************************
  
   EPANET Example Network 1
  A simple example of modeling chlorine decay. Both bulk and
  wall reactions are included. 
   
      Input Data File ................... data/control_cl_injection_scenario-Net1=True_randDemand=False.inp
      Number of Junctions................ 9
      Number of Reservoirs............... 1
      Number of Tanks ................... 1
      Number of Pipes ................... 12
      Number of Pumps ................... 1
      Number of Valves .................. 0
      Headloss Formula .................. Hazen-Williams
      Nodal Demand Model ................ PDA
      Hydraulic Timestep ................ 0.50 hrs
      Hydraulic Accuracy ................ 0.001000
      Status Check Frequency ............ 2
      Maximum Trials Checked ............ 10
      Damping Limit Threshold ........... 0.000000
      Maximum Trials .................... 40
      Quality Analysis .................. Chlorine
      Water Quality Time Step ........... 5.00 min
      Water Quality Tolerance ........... 0.01 mg/L
      Specific Gravity .................. 1.00
      Relative Kinematic Viscosity ...... 1.00
      Relative Chemical Diffusivity ..... 1.00
      Demand Multiplier ................. 1.00
      Total Duration .................... 2880.00 hrs
      Reporting Criteria:
         All Nodes
         All Links
   
  Analysis begun Wed Jul 22 15:01:29 2026

   
  Hydraulic Status:
  -----------------------------------------------------------------------
     0:00:00: Balanced after 4 trials
     0:00:00: Reservoir 9 is emptying
     0:00:00: Tank 2 is filling at 36.58 m
   
     0:30:00: Balanced after 2 trials
   
     1:00:00: Balanced after 2 trials
   
     1:30:00: Balanced after 2 trials
   
     2:00:00: Balanced after 2 trials
   
     2:30:00: Balanced after 2 trials
   
     3:00:00: Balanced after 2 trials
   
     3:30:00: Balanced after 2 trials
   
     4:00:00: Balanced after 2 trials
   
     4:07:35: Pump 9 changed by Tank 2 control
     4:07:35: Balanced after 5 trials
     4:07:35: Reservoir 9 is closed
     4:07:35: Tank 2 is emptying at 42.67 m
     4:07:35: Pump 9 changed from open to closed
   
     4:30:00: Balanced after 2 trials
   
     5:00:00: Balanced after 2 trials
   
     5:30:00: Balanced after 2 trials
   
     6:00:00: Balanced after 2 trials
   
     6:30:00: Balanced after 2 trials
   
     7:00:00: Balanced after 2 trials
   
     7:30:00: Balanced after 2 trials
   
     8:00:00: Balanced after 2 trials
   
     8:30:00: Balanced after 2 trials
   
     9:00:00: Balanced after 2 trials
   
     9:30:00: Balanced after 2 trials
   
     9:49:41: Pump 9 changed by Tank 2 control
     9:49:41: Balanced after 14 trials
     9:49:41: Reservoir 9 is emptying
     9:49:41: Tank 2 is filling at 33.53 m
     9:49:41: Pump 9 changed from closed to open
   
    10:00:00: Balanced after 2 trials
   
    10:30:00: Balanced after 2 trials
   
    11:00:00: Balanced after 2 trials
   
    11:30:00: Balanced after 2 trials
   
    12:00:00: Balanced after 2 trials
   
    12:30:00: Balanced after 2 trials
   
    13:00:00: Balanced after 2 trials
   
    13:30:00: Balanced after 2 trials
   
    14:00:00: Balanced after 2 trials
   
    14:30:00: Balanced after 2 trials
   
    15:00:00: Balanced after 2 trials
   
    15:30:00: Balanced after 2 trials
   
    16:00:00: Balanced after 2 trials
   
    16:30:00: Balanced after 2 trials
   
    17:00:00: Balanced after 2 trials
   
    17:30:00: Balanced after 2 trials
   
    18:00:00: Balanced after 2 trials
   
    18:30:00: Balanced after 2 trials
   
    19:00:00: Balanced after 2 trials
   
    19:30:00: Balanced after 2 trials
   
    20:00:00: Balanced after 2 trials
   
    20:30:00: Balanced after 2 trials
   
    21:00:00: Balanced after 2 trials
   
    21:30:00: Balanced after 2 trials
   
    22:00:00: Balanced after 2 trials
   
    22:30:00: Balanced after 2 trials
   
    23:00:00: Balanced after 2 trials
   
    23:30:00: Balanced after 2 trials
   
    24:00:00: Balanced after 2 trials
   
    24:30:00: Balanced after 2 trials
   
    24:54:56: Pump 9 changed by Tank 2 control
    24:54:56: Balanced after 5 trials
    24:54:56: Reservoir 9 is closed
    24:54:56: Tank 2 is emptying at 42.67 m
    24:54:56: Pump 9 changed from open to closed
   
    25:00:00: Balanced after 2 trials
   
    25:30:00: Balanced after 2 trials
   
    26:00:00: Balanced after 2 trials
   
    26:30:00: Balanced after 2 trials
   
    27:00:00: Balanced after 3 trials
   
    27:30:00: Balanced after 2 trials
   
    28:00:00: Balanced after 2 trials
   
    28:30:00: Balanced after 2 trials
   
    29:00:00: Balanced after 2 trials
   
    29:30:00: Balanced after 2 trials
   
    30:00:00: Balanced after 2 trials
   
    30:30:00: Balanced after 2 trials
   
    31:00:00: Balanced after 2 trials
   
    31:30:00: Balanced after 2 trials
   
    32:00:00: Balanced after 2 trials
   
    32:30:00: Balanced after 2 trials
   
    32:41:28: Pump 9 changed by Tank 2 control
    32:41:28: Balanced after 11 trials
    32:41:28: Reservoir 9 is emptying
    32:41:28: Tank 2 is filling at 33.53 m
    32:41:28: Pump 9 changed from closed to open
   
    33:00:00: Balanced after 2 trials
   
    33:30:00: Balanced after 2 trials
   
    34:00:00: Balanced after 2 trials
   
    34:30:00: Balanced after 2 trials
   
    35:00:00: Balanced after 2 trials
   
    35:30:00: Balanced after 2 trials
   
    36:00:00: Balanced after 2 trials
   
    36:30:00: Balanced after 2 trials
   
    37:00:00: Balanced after 2 trials
   
    37:30:00: Balanced after 2 trials
   
    38:00:00: Balanced after 2 trials
   
    38:30:00: Balanced after 2 trials
   
    39:00:00: Balanced after 2 trials
   
    39:30:00: Balanced after 2 trials
   
    40:00:00: Balanced after 2 trials
   
    40:30:00: Balanced after 2 trials
   
    41:00:00: Balanced after 2 trials
   
    41:30:00: Balanced after 2 trials
   
    42:00:00: Balanced after 2 trials
   
    42:30:00: Balanced after 2 trials
   
    43:00:00: Balanced after 2 trials
   
    43:30:00: Balanced after 2 trials
   
    44:00:00: Balanced after 2 trials
   
    44:30:00: Balanced after 2 trials
   
    45:00:00: Balanced after 2 trials
   
    45:30:00: Balanced after 2 trials
   
    46:00:00: Balanced after 2 trials
   
    46:30:00: Balanced after 2 trials
   
    47:00:00: Balanced after 2 trials
   
    47:30:00: Balanced after 2 trials
   
    48:00:00: Balanced after 2 trials
   
    48:30:00: Balanced after 2 trials
   
    48:44:51: Pump 9 changed by Tank 2 control
    48:44:51: Balanced after 5 trials
    48:44:51: Reservoir 9 is closed
    48:44:51: Tank 2 is emptying at 42.67 m
    48:44:51: Pump 9 changed from open to closed
   
    49:00:00: Balanced after 2 trials
   
    49:30:00: Balanced after 2 trials
   
    50:00:00: Balanced after 2 trials
   
    50:30:00: Balanced after 2 trials
   
    51:00:00: Balanced after 2 trials
   
    51:30:00: Balanced after 2 trials
   
    52:00:00: Balanced after 2 trials
   
    52:30:00: Balanced after 2 trials
   
    53:00:00: Balanced after 2 trials
   
    53:30:00: Balanced after 2 trials
   
    54:00:00: Balanced after 2 trials
   
    54:30:00: Balanced after 2 trials
   
    55:00:00: Balanced after 2 trials
   
    55:30:00: Balanced after 2 trials
   
    56:00:00: Balanced after 2 trials
   
    56:30:00: Balanced after 2 trials
   
    56:30:04: Pump 9 changed by Tank 2 control
    56:30:04: Balanced after 12 trials
    56:30:04: Reservoir 9 is emptying
    56:30:04: Tank 2 is filling at 33.53 m
    56:30:04: Pump 9 changed from closed to open
   
    57:00:00: Balanced after 2 trials
   
    57:30:00: Balanced after 2 trials
   
    58:00:00: Balanced after 2 trials
   
    58:30:00: Balanced after 2 trials
   
    59:00:00: Balanced after 2 trials
   
    59:30:00: Balanced after 2 trials
   
    60:00:00: Balanced after 2 trials
   
    60:30:00: Balanced after 2 trials
   
    61:00:00: Balanced after 2 trials
   
    61:30:00: Balanced after 2 trials
   
    62:00:00: Balanced after 2 trials
   
    62:30:00: Balanced after 2 trials
   
    63:00:00: Balanced after 2 trials
   
    63:30:00: Balanced after 2 trials
   
    64:00:00: Balanced after 2 trials
   
    64:30:00: Balanced after 2 trials
   
    65:00:00: Balanced after 2 trials
   
    65:30:00: Balanced after 2 trials
   
    66:00:00: Balanced after 2 trials
   
    66:30:00: Balanced after 2 trials
   
    67:00:00: Balanced after 2 trials
   
    67:30:00: Balanced after 2 trials
   
    68:00:00: Balanced after 2 trials
   
    68:30:00: Balanced after 2 trials
   
    69:00:00: Balanced after 2 trials
   
    69:30:00: Balanced after 2 trials
   
    70:00:00: Balanced after 2 trials
   
    70:30:00: Balanced after 2 trials
   
    71:00:00: Balanced after 2 trials
   
    71:30:00: Balanced after 2 trials
   
    72:00:00: Balanced after 2 trials
   
    72:30:00: Balanced after 2 trials
   
    72:53:32: Pump 9 changed by Tank 2 control
    72:53:32: Balanced after 5 trials
    72:53:32: Reservoir 9 is closed
    72:53:32: Tank 2 is emptying at 42.67 m
    72:53:32: Pump 9 changed from open to closed
   
    73:00:00: Balanced after 2 trials
   
    73:30:00: Balanced after 2 trials
   
    74:00:00: Balanced after 2 trials
   
    74:30:00: Balanced after 2 trials
   
    75:00:00: Balanced after 2 trials
   
    75:30:00: Balanced after 2 trials
   
    76:00:00: Balanced after 2 trials
   
    76:30:00: Balanced after 2 trials
   
    77:00:00: Balanced after 2 trials
   
    77:30:00: Balanced after 2 trials
   
    78:00:00: Balanced after 2 trials
   
    78:30:00: Balanced after 2 trials
   
    79:00:00: Balanced after 2 trials
   
    79:30:00: Balanced after 2 trials
   
    80:00:00: Balanced after 2 trials
   
    80:29:43: Pump 9 changed by Tank 2 control
    80:29:43: Balanced after 12 trials
    80:29:43: Reservoir 9 is emptying
    80:29:43: Tank 2 is filling at 33.53 m
    80:29:43: Pump 9 changed from closed to open
   
    80:30:00: Balanced after 2 trials
   
    81:00:00: Balanced after 2 trials
   
    81:30:00: Balanced after 2 trials
   
    82:00:00: Balanced after 2 trials
   
    82:30:00: Balanced after 2 trials
   
    83:00:00: Balanced after 2 trials
   
    83:30:00: Balanced after 2 trials
   
    84:00:00: Balanced after 2 trials
   
    84:30:00: Balanced after 2 trials
   
    85:00:00: Balanced after 2 trials
   
    85:30:00: Balanced after 2 trials
   
    86:00:00: Balanced after 2 trials
   
    86:30:00: Balanced after 2 trials
   
    87:00:00: Balanced after 2 trials
   
    87:30:00: Balanced after 2 trials
   
    88:00:00: Balanced after 2 trials
   
    88:30:00: Balanced after 2 trials
   
    89:00:00: Balanced after 2 trials
   
    89:30:00: Balanced after 2 trials
   
    90:00:00: Balanced after 2 trials
   
    90:30:00: Balanced after 2 trials
   
    91:00:00: Balanced after 2 trials
   
    91:30:00: Balanced after 2 trials
   
    92:00:00: Balanced after 2 trials
   
    92:30:00: Balanced after 2 trials
   
    93:00:00: Balanced after 2 trials
   
    93:30:00: Balanced after 2 trials
   
    94:00:00: Balanced after 2 trials
   
    94:30:00: Balanced after 2 trials
   
    95:00:00: Balanced after 2 trials
   
    95:30:00: Balanced after 2 trials
   
    96:00:00: Balanced after 2 trials
   
    96:30:00: Balanced after 2 trials
   
    96:54:12: Pump 9 changed by Tank 2 control
    96:54:12: Balanced after 5 trials
    96:54:12: Reservoir 9 is closed
    96:54:12: Tank 2 is emptying at 42.67 m
    96:54:12: Pump 9 changed from open to closed
   
    97:00:00: Balanced after 2 trials
   
    97:30:00: Balanced after 2 trials
   
    98:00:00: Balanced after 2 trials
   
    98:30:00: Balanced after 2 trials
   
    99:00:00: Balanced after 2 trials
   
    99:30:00: Balanced after 2 trials
   
   100:00:00: Balanced after 2 trials
   
   100:30:00: Balanced after 2 trials
   
   101:00:00: Balanced after 2 trials
   
   101:30:00: Balanced after 2 trials
   
   102:00:00: Balanced after 2 trials
   
   102:30:00: Balanced after 2 trials
   
   103:00:00: Balanced after 2 trials
   
   103:30:00: Balanced after 2 trials
   
   104:00:00: Balanced after 2 trials
   
   104:09:22: Pump 9 changed by Tank 2 control
   104:09:22: Balanced after 13 trials
   104:09:22: Reservoir 9 is emptying
   104:09:22: Tank 2 is filling at 33.53 m
   104:09:22: Pump 9 changed from closed to open
   
   104:30:00: Balanced after 2 trials
   
   105:00:00: Balanced after 2 trials
   
   105:30:00: Balanced after 2 trials
   
   106:00:00: Balanced after 2 trials
   106:00:00: Tank 2 is emptying at 33.81 m
   
   106:30:00: Balanced after 2 trials
   106:30:00: Tank 2 is filling at 33.79 m
   
   107:00:00: Balanced after 2 trials
   
   107:30:00: Balanced after 2 trials
   
   108:00:00: Balanced after 2 trials
   
   108:30:00: Balanced after 2 trials
   
   109:00:00: Balanced after 2 trials
   
   109:30:00: Balanced after 2 trials
   
   110:00:00: Balanced after 2 trials
   
   110:30:00: Balanced after 2 trials
   
   111:00:00: Balanced after 2 trials
   
   111:30:00: Balanced after 2 trials
   
   112:00:00: Balanced after 2 trials
   
   112:30:00: Balanced after 2 trials
   
   113:00:00: Balanced after 2 trials
   
   113:30:00: Balanced after 2 trials
   
   114:00:00: Balanced after 2 trials
   
   114:30:00: Balanced after 2 trials
   
   115:00:00: Balanced after 2 trials
   
   115:30:00: Balanced after 2 trials
   
   116:00:00: Balanced after 2 trials
   
   116:30:00: Balanced after 2 trials
   
   117:00:00: Balanced after 2 trials
   
   117:30:00: Balanced after 2 trials
   
   118:00:00: Balanced after 2 trials
   
   118:30:00: Balanced after 2 trials
   
   119:00:00: Balanced after 2 trials
   
   119:30:00: Balanced after 2 trials
   
   120:00:00: Balanced after 2 trials
   
   120:30:00: Balanced after 2 trials
   
   121:00:00: Balanced after 2 trials
   
   121:30:00: Balanced after 2 trials
   
   121:37:27: Pump 9 changed by Tank 2 control
   121:37:27: Balanced after 5 trials
   121:37:27: Reservoir 9 is closed
   121:37:27: Tank 2 is emptying at 42.67 m
   121:37:27: Pump 9 changed from open to closed
   
   122:00:00: Balanced after 2 trials
   
   122:30:00: Balanced after 2 trials
   
   123:00:00: Balanced after 2 trials
   
   123:30:00: Balanced after 2 trials
   
   124:00:00: Balanced after 2 trials
   
   124:30:00: Balanced after 2 trials
   
   125:00:00: Balanced after 2 trials
   
   125:30:00: Balanced after 2 trials
   
   126:00:00: Balanced after 2 trials
   
   126:30:00: Balanced after 2 trials
   
   127:00:00: Balanced after 2 trials
   
   127:30:00: Balanced after 2 trials
   
   128:00:00: Balanced after 2 trials
   
   128:30:00: Balanced after 2 trials
   
   129:00:00: Balanced after 2 trials
   
   129:17:09: Pump 9 changed by Tank 2 control
   129:17:09: Balanced after 14 trials
   129:17:09: Reservoir 9 is emptying
   129:17:09: Tank 2 is filling at 33.53 m
   129:17:09: Pump 9 changed from closed to open
   
   129:30:00: Balanced after 2 trials
   
   130:00:00: Balanced after 2 trials
   
   130:30:00: Balanced after 2 trials
   
   131:00:00: Balanced after 2 trials
   
   131:30:00: Balanced after 2 trials
   
   132:00:00: Balanced after 2 trials
   
   132:30:00: Balanced after 2 trials
   
   133:00:00: Balanced after 2 trials
   
   133:30:00: Balanced after 2 trials
   
   134:00:00: Balanced after 2 trials
   
   134:30:00: Balanced after 2 trials
   
   135:00:00: Balanced after 2 trials
   
   135:30:00: Balanced after 2 trials
   
   136:00:00: Balanced after 2 trials
   
   136:30:00: Balanced after 2 trials
   
   137:00:00: Balanced after 2 trials
   
   137:30:00: Balanced after 2 trials
   
   138:00:00: Balanced after 2 trials
   
   138:30:00: Balanced after 2 trials
   
   139:00:00: Balanced after 2 trials
   
   139:30:00: Balanced after 2 trials
   
   140:00:00: Balanced after 2 trials
   
   140:30:00: Balanced after 2 trials
   
   141:00:00: Balanced after 2 trials
   
   141:30:00: Balanced after 2 trials
   
   142:00:00: Balanced after 2 trials
   
   142:30:00: Balanced after 2 trials
   
   143:00:00: Balanced after 2 trials
   
   143:30:00: Balanced after 2 trials
   
   144:00:00: Balanced after 2 trials
   
   144:30:00: Balanced after 2 trials
   
   144:38:21: Pump 9 changed by Tank 2 control
   144:38:21: Balanced after 5 trials
   144:38:21: Reservoir 9 is closed
   144:38:21: Tank 2 is emptying at 42.67 m
   144:38:21: Pump 9 changed from open to closed
   
   145:00:00: Balanced after 2 trials
   
   145:30:00: Balanced after 2 trials
   
   146:00:00: Balanced after 2 trials
   
   146:30:00: Balanced after 2 trials
   
   147:00:00: Balanced after 2 trials
   
   147:30:00: Balanced after 2 trials
   
   148:00:00: Balanced after 2 trials
   
   148:30:00: Balanced after 2 trials
   
   149:00:00: Balanced after 2 trials
   
   149:30:00: Balanced after 2 trials
   
   150:00:00: Balanced after 2 trials
   
   150:30:00: Balanced after 2 trials
   
   151:00:00: Balanced after 2 trials
   
   151:30:00: Balanced after 2 trials
   
   152:00:00: Balanced after 2 trials
   
   152:30:00: Balanced after 2 trials
   
   153:00:00: Balanced after 2 trials
   
   153:17:02: Pump 9 changed by Tank 2 control
   153:17:02: Balanced after 12 trials
   153:17:02: Reservoir 9 is emptying
   153:17:02: Tank 2 is filling at 33.53 m
   153:17:02: Pump 9 changed from closed to open
   
   153:30:00: Balanced after 2 trials
   
   154:00:00: Balanced after 2 trials
   
   154:30:00: Balanced after 2 trials
   
   155:00:00: Balanced after 2 trials
   
   155:30:00: Balanced after 2 trials
   
   156:00:00: Balanced after 2 trials
   
   156:30:00: Balanced after 2 trials
   
   157:00:00: Balanced after 2 trials
   
   157:30:00: Balanced after 2 trials
   
   158:00:00: Balanced after 2 trials
   
   158:30:00: Balanced after 2 trials
   
   159:00:00: Balanced after 2 trials
   
   159:30:00: Balanced after 2 trials
   
   160:00:00: Balanced after 2 trials
   
   160:30:00: Balanced after 2 trials
   
   161:00:00: Balanced after 2 trials
   
   161:30:00: Balanced after 2 trials
   
   162:00:00: Balanced after 2 trials
   
   162:30:00: Balanced after 2 trials
   
   163:00:00: Balanced after 2 trials
   
   163:30:00: Balanced after 2 trials
   
   164:00:00: Balanced after 2 trials
   
   164:30:00: Balanced after 2 trials
   
   165:00:00: Balanced after 2 trials
   
   165:30:00: Balanced after 2 trials
   
   166:00:00: Balanced after 2 trials
   
   166:30:00: Balanced after 2 trials
   
   167:00:00: Balanced after 2 trials
   
   167:30:00: Balanced after 2 trials
   
   167:41:25: Pump 9 changed by Tank 2 control
   167:41:25: Balanced after 5 trials
   167:41:25: Reservoir 9 is closed
   167:41:25: Tank 2 is emptying at 42.67 m
   167:41:25: Pump 9 changed from open to closed
   
   168:00:00: Balanced after 2 trials
   
   168:30:00: Balanced after 2 trials
   
   169:00:00: Balanced after 2 trials
   
   169:30:00: Balanced after 2 trials
   
   170:00:00: Balanced after 2 trials
   
   170:30:00: Balanced after 2 trials
   
   171:00:00: Balanced after 2 trials
   
   171:30:00: Balanced after 2 trials
   
   172:00:00: Balanced after 2 trials
   
   172:30:00: Balanced after 2 trials
   
   173:00:00: Balanced after 2 trials
   
   173:30:00: Balanced after 2 trials
   
   174:00:00: Balanced after 2 trials
   
   174:30:00: Balanced after 2 trials
   
   175:00:00: Balanced after 2 trials
   
   175:30:00: Balanced after 2 trials
   
   176:00:00: Balanced after 2 trials
   
   176:00:40: Pump 9 changed by Tank 2 control
   176:00:40: Balanced after 12 trials
   176:00:40: Reservoir 9 is emptying
   176:00:40: Tank 2 is filling at 33.53 m
   176:00:40: Pump 9 changed from closed to open
   
   176:30:00: Balanced after 2 trials
   
   177:00:00: Balanced after 2 trials
   
   177:30:00: Balanced after 2 trials
   
   178:00:00: Balanced after 2 trials
   
   178:30:00: Balanced after 2 trials
   
   179:00:00: Balanced after 2 trials
   
   179:30:00: Balanced after 2 trials
   
   180:00:00: Balanced after 2 trials
   
   180:30:00: Balanced after 2 trials
   
   181:00:00: Balanced after 2 trials
   
   181:30:00: Balanced after 2 trials
   
   182:00:00: Balanced after 2 trials
   
   182:30:00: Balanced after 2 trials
   
   183:00:00: Balanced after 2 trials
   
   183:30:00: Balanced after 2 trials
   
   184:00:00: Balanced after 2 trials
   
   184:30:00: Balanced after 2 trials
   
   185:00:00: Balanced after 2 trials
   
   185:30:00: Balanced after 2 trials
   
   186:00:00: Balanced after 2 trials
   
   186:30:00: Balanced after 2 trials
   
   187:00:00: Balanced after 2 trials
   
   187:30:00: Balanced after 2 trials
   
   188:00:00: Balanced after 2 trials
   
   188:30:00: Balanced after 2 trials
   
   189:00:00: Balanced after 2 trials
   
   189:30:00: Balanced after 2 trials
   
   190:00:00: Balanced after 2 trials
   
   190:30:00: Balanced after 2 trials
   
   191:00:00: Balanced after 2 trials
   
   191:30:00: Balanced after 2 trials
   
   192:00:00: Balanced after 2 trials
   
   192:30:00: Balanced after 2 trials
   
   192:52:06: Pump 9 changed by Tank 2 control
   192:52:06: Balanced after 5 trials
   192:52:06: Reservoir 9 is closed
   192:52:06: Tank 2 is emptying at 42.67 m
   192:52:06: Pump 9 changed from open to closed
   
   193:00:00: Balanced after 2 trials
   
   193:30:00: Balanced after 2 trials
   
   194:00:00: Balanced after 2 trials
   
   194:30:00: Balanced after 2 trials
   
   195:00:00: Balanced after 2 trials
   
   195:30:00: Balanced after 2 trials
   
   196:00:00: Balanced after 2 trials
   
   196:30:00: Balanced after 2 trials
   
   197:00:00: Balanced after 2 trials
   
   197:30:00: Balanced after 2 trials
   
   198:00:00: Balanced after 2 trials
   
   198:30:00: Balanced after 2 trials
   
   199:00:00: Balanced after 2 trials
   
   199:30:00: Balanced after 2 trials
   
   200:00:00: Balanced after 2 trials
   
   200:30:00: Balanced after 2 trials
   
   200:37:28: Pump 9 changed by Tank 2 control
   200:37:28: Balanced after 12 trials
   200:37:28: Reservoir 9 is emptying
   200:37:28: Tank 2 is filling at 33.53 m
   200:37:28: Pump 9 changed from closed to open
   
   201:00:00: Balanced after 2 trials
   
   201:30:00: Balanced after 2 trials
   
   202:00:00: Balanced after 2 trials
   
   202:30:00: Balanced after 2 trials
   
   203:00:00: Balanced after 2 trials
   
   203:30:00: Balanced after 2 trials
   
   204:00:00: Balanced after 2 trials
   
   204:30:00: Balanced after 2 trials
   
   205:00:00: Balanced after 2 trials
   
   205:30:00: Balanced after 2 trials
   
   206:00:00: Balanced after 2 trials
   
   206:30:00: Balanced after 2 trials
   
   207:00:00: Balanced after 2 trials
   
   207:30:00: Balanced after 2 trials
   
   208:00:00: Balanced after 2 trials
   
   208:30:00: Balanced after 2 trials
   
   209:00:00: Balanced after 2 trials
   
   209:30:00: Balanced after 2 trials
   
   210:00:00: Balanced after 2 trials
   
   210:30:00: Balanced after 2 trials
   
   211:00:00: Balanced after 2 trials
   
   211:30:00: Balanced after 2 trials
   
   212:00:00: Balanced after 2 trials
   
   212:30:00: Balanced after 2 trials
   
   213:00:00: Balanced after 2 trials
   
   213:30:00: Balanced after 2 trials
   
   214:00:00: Balanced after 2 trials
   
   214:30:00: Balanced after 2 trials
   
   215:00:00: Balanced after 2 trials
   
   215:30:00: Balanced after 2 trials
   
   216:00:00: Balanced after 2 trials
   
   216:30:00: Balanced after 2 trials
   
   216:59:14: Pump 9 changed by Tank 2 control
   216:59:14: Balanced after 5 trials
   216:59:14: Reservoir 9 is closed
   216:59:14: Tank 2 is emptying at 42.67 m
   216:59:14: Pump 9 changed from open to closed
   
   217:00:00: Balanced after 3 trials
   
   217:30:00: Balanced after 3 trials
   
   218:00:00: Balanced after 2 trials
   
   218:30:00: Balanced after 2 trials
   
   219:00:00: Balanced after 2 trials
   
   219:30:00: Balanced after 2 trials
   
   220:00:00: Balanced after 2 trials
   
   220:30:00: Balanced after 2 trials
   
   221:00:00: Balanced after 2 trials
   
   221:30:00: Balanced after 2 trials
   
   222:00:00: Balanced after 2 trials
   
   222:30:00: Balanced after 2 trials
   
   223:00:00: Balanced after 2 trials
   
   223:30:00: Balanced after 2 trials
   
   224:00:00: Balanced after 2 trials
   
   224:30:00: Balanced after 2 trials
   
   224:34:27: Pump 9 changed by Tank 2 control
   224:34:27: Balanced after 12 trials
   224:34:27: Reservoir 9 is emptying
   224:34:27: Tank 2 is filling at 33.53 m
   224:34:27: Pump 9 changed from closed to open
   
   225:00:00: Balanced after 2 trials
   
   225:30:00: Balanced after 2 trials
   
   226:00:00: Balanced after 2 trials
   
   226:30:00: Balanced after 2 trials
   
   227:00:00: Balanced after 2 trials
   
   227:30:00: Balanced after 2 trials
   
   228:00:00: Balanced after 2 trials
   
   228:30:00: Balanced after 2 trials
   
   229:00:00: Balanced after 2 trials
   
   229:30:00: Balanced after 2 trials
   
   230:00:00: Balanced after 2 trials
   
   230:30:00: Balanced after 2 trials
   
   231:00:00: Balanced after 2 trials
   
   231:30:00: Balanced after 2 trials
   
   232:00:00: Balanced after 2 trials
   
   232:30:00: Balanced after 2 trials
   
   233:00:00: Balanced after 2 trials
   
   233:30:00: Balanced after 2 trials
   
   234:00:00: Balanced after 2 trials
   
   234:30:00: Balanced after 2 trials
   
   235:00:00: Balanced after 2 trials
   
   235:30:00: Balanced after 2 trials
   
   236:00:00: Balanced after 2 trials
   
   236:30:00: Balanced after 2 trials
   
   237:00:00: Balanced after 2 trials
   
   237:30:00: Balanced after 2 trials
   
   238:00:00: Balanced after 2 trials
   
   238:30:00: Balanced after 2 trials
   
   239:00:00: Balanced after 2 trials
   
   239:30:00: Balanced after 2 trials
   
   240:00:00: Balanced after 2 trials
   
   240:30:00: Balanced after 2 trials
   
   241:00:00: Balanced after 2 trials
   
   241:17:46: Pump 9 changed by Tank 2 control
   241:17:46: Balanced after 5 trials
   241:17:46: Reservoir 9 is closed
   241:17:46: Tank 2 is emptying at 42.67 m
   241:17:46: Pump 9 changed from open to closed
   
   241:30:00: Balanced after 2 trials
   
   242:00:00: Balanced after 2 trials
   
   242:30:00: Balanced after 2 trials
   
   243:00:00: Balanced after 2 trials
   
   243:30:00: Balanced after 2 trials
   
   244:00:00: Balanced after 2 trials
   
   244:30:00: Balanced after 2 trials
   
   245:00:00: Balanced after 2 trials
   
   245:30:00: Balanced after 2 trials
   
   246:00:00: Balanced after 2 trials
   
   246:30:00: Balanced after 2 trials
   
   247:00:00: Balanced after 2 trials
   
   247:30:00: Balanced after 2 trials
   
   248:00:00: Balanced after 2 trials
   
   248:30:00: Balanced after 2 trials
   
   248:41:17: Pump 9 changed by Tank 2 control
   248:41:17: Balanced after 12 trials
   248:41:17: Reservoir 9 is emptying
   248:41:17: Tank 2 is filling at 33.53 m
   248:41:17: Pump 9 changed from closed to open
   
   249:00:00: Balanced after 2 trials
   
   249:30:00: Balanced after 2 trials
   
   250:00:00: Balanced after 2 trials
   
   250:30:00: Balanced after 2 trials
   
   251:00:00: Balanced after 2 trials
   
   251:30:00: Balanced after 2 trials
   
   252:00:00: Balanced after 2 trials
   
   252:30:00: Balanced after 2 trials
   
   253:00:00: Balanced after 2 trials
   
   253:30:00: Balanced after 2 trials
   
   254:00:00: Balanced after 2 trials
   
   254:30:00: Balanced after 2 trials
   
   255:00:00: Balanced after 2 trials
   
   255:30:00: Balanced after 2 trials
   
   256:00:00: Balanced after 2 trials
   
   256:30:00: Balanced after 2 trials
   
   257:00:00: Balanced after 2 trials
   
   257:30:00: Balanced after 2 trials
   
   258:00:00: Balanced after 2 trials
   
   258:30:00: Balanced after 2 trials
   
   259:00:00: Balanced after 2 trials
   
   259:30:00: Balanced after 2 trials
   
   260:00:00: Balanced after 2 trials
   
   260:30:00: Balanced after 2 trials
   
   261:00:00: Balanced after 2 trials
   
   261:30:00: Balanced after 2 trials
   
   262:00:00: Balanced after 2 trials
   
   262:30:00: Balanced after 2 trials
   
   263:00:00: Balanced after 2 trials
   
   263:30:00: Balanced after 2 trials
   
   264:00:00: Balanced after 2 trials
   
   264:30:00: Balanced after 2 trials
   
   265:00:00: Balanced after 2 trials
   
   265:05:58: Pump 9 changed by Tank 2 control
   265:05:58: Balanced after 5 trials
   265:05:58: Reservoir 9 is closed
   265:05:58: Tank 2 is emptying at 42.67 m
   265:05:58: Pump 9 changed from open to closed
   
   265:30:00: Balanced after 2 trials
   
   266:00:00: Balanced after 2 trials
   
   266:30:00: Balanced after 2 trials
   
   267:00:00: Balanced after 2 trials
   
   267:30:00: Balanced after 2 trials
   
   268:00:00: Balanced after 2 trials
   
   268:30:00: Balanced after 2 trials
   
   269:00:00: Balanced after 2 trials
   
   269:30:00: Balanced after 2 trials
   
   270:00:00: Balanced after 2 trials
   
   270:30:00: Balanced after 2 trials
   
   271:00:00: Balanced after 2 trials
   
   271:30:00: Balanced after 2 trials
   
   272:00:00: Balanced after 2 trials
   
   272:10:37: Pump 9 changed by Tank 2 control
   272:10:37: Balanced after 13 trials
   272:10:37: Reservoir 9 is emptying
   272:10:37: Tank 2 is filling at 33.53 m
   272:10:37: Pump 9 changed from closed to open
   
   272:30:00: Balanced after 2 trials
   
   273:00:00: Balanced after 2 trials
   
   273:30:00: Balanced after 2 trials
   273:30:00: Tank 2 is emptying at 33.64 m
   
   274:00:00: Balanced after 2 trials
   274:00:00: Tank 2 is filling at 33.62 m
   
   274:30:00: Balanced after 2 trials
   
   275:00:00: Balanced after 2 trials
   
   275:30:00: Balanced after 2 trials
   
   276:00:00: Balanced after 2 trials
   
   276:30:00: Balanced after 2 trials
   
   277:00:00: Balanced after 2 trials
   
   277:30:00: Balanced after 2 trials
   
   278:00:00: Balanced after 2 trials
   
   278:30:00: Balanced after 2 trials
   
   279:00:00: Balanced after 2 trials
   
   279:30:00: Balanced after 2 trials
   
   280:00:00: Balanced after 2 trials
   
   280:30:00: Balanced after 2 trials
   
   281:00:00: Balanced after 2 trials
   
   281:30:00: Balanced after 2 trials
   
   282:00:00: Balanced after 2 trials
   
   282:30:00: Balanced after 2 trials
   
   283:00:00: Balanced after 2 trials
   
   283:30:00: Balanced after 2 trials
   
   284:00:00: Balanced after 2 trials
   
   284:30:00: Balanced after 2 trials
   
   285:00:00: Balanced after 2 trials
   
   285:30:00: Balanced after 2 trials
   
   286:00:00: Balanced after 2 trials
   
   286:30:00: Balanced after 2 trials
   
   287:00:00: Balanced after 2 trials
   
   287:30:00: Balanced after 2 trials
   
   288:00:00: Balanced after 2 trials
   
   288:30:00: Balanced after 2 trials
   
   289:00:00: Balanced after 2 trials
   
   289:30:00: Balanced after 2 trials
   
   289:59:32: Pump 9 changed by Tank 2 control
   289:59:32: Balanced after 5 trials
   289:59:32: Reservoir 9 is closed
   289:59:32: Tank 2 is emptying at 42.67 m
   289:59:32: Pump 9 changed from open to closed
   
   290:00:00: Balanced after 2 trials
   
   290:30:00: Balanced after 2 trials
   
   291:00:00: Balanced after 2 trials
   
   291:30:00: Balanced after 2 trials
   
   292:00:00: Balanced after 2 trials
   
   292:30:00: Balanced after 2 trials
   
   293:00:00: Balanced after 2 trials
   
   293:30:00: Balanced after 2 trials
   
   294:00:00: Balanced after 2 trials
   
   294:30:00: Balanced after 2 trials
   
   295:00:00: Balanced after 2 trials
   
   295:30:00: Balanced after 2 trials
   
   296:00:00: Balanced after 2 trials
   
   296:30:00: Balanced after 2 trials
   
   297:00:00: Balanced after 2 trials
   
   297:25:40: Pump 9 changed by Tank 2 control
   297:25:40: Balanced after 11 trials
   297:25:40: Reservoir 9 is emptying
   297:25:40: Tank 2 is filling at 33.53 m
   297:25:40: Pump 9 changed from closed to open
   
   297:30:00: Balanced after 2 trials
   
   298:00:00: Balanced after 2 trials
   
   298:30:00: Balanced after 2 trials
   
   299:00:00: Balanced after 2 trials
   
   299:30:00: Balanced after 2 trials
   
   300:00:00: Balanced after 2 trials
   
   300:30:00: Balanced after 2 trials
   
   301:00:00: Balanced after 2 trials
   
   301:30:00: Balanced after 2 trials
   
   302:00:00: Balanced after 2 trials
   
   302:30:00: Balanced after 2 trials
   
   303:00:00: Balanced after 2 trials
   
   303:30:00: Balanced after 2 trials
   
   304:00:00: Balanced after 2 trials
   
   304:30:00: Balanced after 2 trials
   
   305:00:00: Balanced after 2 trials
   
   305:30:00: Balanced after 2 trials
   
   306:00:00: Balanced after 2 trials
   
   306:30:00: Balanced after 2 trials
   
   307:00:00: Balanced after 2 trials
   
   307:30:00: Balanced after 2 trials
   
   308:00:00: Balanced after 2 trials
   
   308:30:00: Balanced after 2 trials
   
   309:00:00: Balanced after 2 trials
   
   309:30:00: Balanced after 2 trials
   
   310:00:00: Balanced after 2 trials
   
   310:30:00: Balanced after 2 trials
   
   311:00:00: Balanced after 2 trials
   
   311:30:00: Balanced after 2 trials
   
   312:00:00: Balanced after 2 trials
   
   312:30:00: Balanced after 2 trials
   
   312:46:24: Pump 9 changed by Tank 2 control
   312:46:24: Balanced after 5 trials
   312:46:24: Reservoir 9 is closed
   312:46:24: Tank 2 is emptying at 42.67 m
   312:46:24: Pump 9 changed from open to closed
   
   313:00:00: Balanced after 2 trials
   
   313:30:00: Balanced after 2 trials
   
   314:00:00: Balanced after 2 trials
   
   314:30:00: Balanced after 2 trials
   
   315:00:00: Balanced after 2 trials
   
   315:30:00: Balanced after 2 trials
   
   316:00:00: Balanced after 2 trials
   
   316:30:00: Balanced after 2 trials
   
   317:00:00: Balanced after 2 trials
   
   317:30:00: Balanced after 2 trials
   
   318:00:00: Balanced after 2 trials
   
   318:30:00: Balanced after 2 trials
   
   319:00:00: Balanced after 2 trials
   
   319:30:00: Balanced after 2 trials
   
   320:00:00: Balanced after 2 trials
   
   320:30:00: Balanced after 2 trials
   
   321:00:00: Balanced after 2 trials
   
   321:20:15: Pump 9 changed by Tank 2 control
   321:20:15: Balanced after 13 trials
   321:20:15: Reservoir 9 is emptying
   321:20:15: Tank 2 is filling at 33.53 m
   321:20:15: Pump 9 changed from closed to open
   
   321:30:00: Balanced after 2 trials
   
   322:00:00: Balanced after 2 trials
   
   322:30:00: Balanced after 2 trials
   
   323:00:00: Balanced after 2 trials
   
   323:30:00: Balanced after 2 trials
   
   324:00:00: Balanced after 2 trials
   
   324:30:00: Balanced after 2 trials
   
   325:00:00: Balanced after 2 trials
   
   325:30:00: Balanced after 2 trials
   
   326:00:00: Balanced after 2 trials
   
   326:30:00: Balanced after 2 trials
   
   327:00:00: Balanced after 2 trials
   
   327:30:00: Balanced after 2 trials
   
   328:00:00: Balanced after 2 trials
   
   328:30:00: Balanced after 2 trials
   
   329:00:00: Balanced after 2 trials
   
   329:30:00: Balanced after 2 trials
   
   330:00:00: Balanced after 2 trials
   
   330:30:00: Balanced after 2 trials
   
   331:00:00: Balanced after 2 trials
   
   331:30:00: Balanced after 2 trials
   
   332:00:00: Balanced after 2 trials
   
   332:30:00: Balanced after 2 trials
   
   333:00:00: Balanced after 2 trials
   
   333:30:00: Balanced after 2 trials
   
   334:00:00: Balanced after 2 trials
   
   334:30:00: Balanced after 2 trials
   
   335:00:00: Balanced after 2 trials
   
   335:30:00: Balanced after 2 trials
   
   336:00:00: Balanced after 2 trials
   
   336:00:04: Pump 9 changed by Tank 2 control
   336:00:04: Balanced after 5 trials
   336:00:04: Reservoir 9 is closed
   336:00:04: Tank 2 is emptying at 42.67 m
   336:00:04: Pump 9 changed from open to closed
   
   336:30:00: Balanced after 2 trials
   
   337:00:00: Balanced after 2 trials
   
   337:30:00: Balanced after 2 trials
   
   338:00:00: Balanced after 2 trials
   
   338:30:00: Balanced after 2 trials
   
   339:00:00: Balanced after 2 trials
   
   339:30:00: Balanced after 2 trials
   
   340:00:00: Balanced after 2 trials
   
   340:30:00: Balanced after 2 trials
   
   341:00:00: Balanced after 2 trials
   
   341:30:00: Balanced after 2 trials
   
   342:00:00: Balanced after 2 trials
   
   342:30:00: Balanced after 2 trials
   
   343:00:00: Balanced after 2 trials
   
   343:30:00: Balanced after 2 trials
   
   344:00:00: Balanced after 2 trials
   
   344:07:07: Pump 9 changed by Tank 2 control
   344:07:07: Balanced after 12 trials
   344:07:07: Reservoir 9 is emptying
   344:07:07: Tank 2 is filling at 33.53 m
   344:07:07: Pump 9 changed from closed to open
   
   344:30:00: Balanced after 2 trials
   
   345:00:00: Balanced after 2 trials
   
   345:30:00: Balanced after 2 trials
   
   346:00:00: Balanced after 2 trials
   
   346:30:00: Balanced after 2 trials
   
   347:00:00: Balanced after 2 trials
   
   347:30:00: Balanced after 2 trials
   
   348:00:00: Balanced after 2 trials
   
   348:30:00: Balanced after 2 trials
   
   349:00:00: Balanced after 2 trials
   
   349:30:00: Balanced after 2 trials
   
   350:00:00: Balanced after 2 trials
   
   350:30:00: Balanced after 2 trials
   
   351:00:00: Balanced after 2 trials
   
   351:30:00: Balanced after 2 trials
   
   352:00:00: Balanced after 2 trials
   
   352:30:00: Balanced after 2 trials
   
   353:00:00: Balanced after 2 trials
   
   353:30:00: Balanced after 2 trials
   
   354:00:00: Balanced after 2 trials
   
   354:30:00: Balanced after 2 trials
   
   355:00:00: Balanced after 2 trials
   
   355:30:00: Balanced after 2 trials
   
   356:00:00: Balanced after 2 trials
   
   356:30:00: Balanced after 2 trials
   
   357:00:00: Balanced after 2 trials
   
   357:30:00: Balanced after 2 trials
   
   358:00:00: Balanced after 2 trials
   
   358:30:00: Balanced after 2 trials
   
   359:00:00: Balanced after 2 trials
   
   359:30:00: Balanced after 2 trials
   
   360:00:00: Balanced after 2 trials
   
   360:30:00: Balanced after 2 trials
   
   361:00:00: Balanced after 2 trials
   
   361:13:21: Pump 9 changed by Tank 2 control
   361:13:21: Balanced after 5 trials
   361:13:21: Reservoir 9 is closed
   361:13:21: Tank 2 is emptying at 42.67 m
   361:13:21: Pump 9 changed from open to closed
   
   361:30:00: Balanced after 2 trials
   
   362:00:00: Balanced after 2 trials
   
   362:30:00: Balanced after 2 trials
   
   363:00:00: Balanced after 2 trials
   
   363:30:00: Balanced after 2 trials
   
   364:00:00: Balanced after 2 trials
   
   364:30:00: Balanced after 2 trials
   
   365:00:00: Balanced after 2 trials
   
   365:30:00: Balanced after 2 trials
   
   366:00:00: Balanced after 2 trials
   
   366:30:00: Balanced after 2 trials
   
   367:00:00: Balanced after 2 trials
   
   367:30:00: Balanced after 2 trials
   
   368:00:00: Balanced after 2 trials
   
   368:30:00: Balanced after 2 trials
   
   368:40:31: Pump 9 changed by Tank 2 control
   368:40:31: Balanced after 11 trials
   368:40:31: Reservoir 9 is emptying
   368:40:31: Tank 2 is filling at 33.53 m
   368:40:31: Pump 9 changed from closed to open
   
   369:00:00: Balanced after 2 trials
   
   369:30:00: Balanced after 2 trials
   
   370:00:00: Balanced after 2 trials
   
   370:30:00: Balanced after 2 trials
   
   371:00:00: Balanced after 2 trials
   
   371:30:00: Balanced after 2 trials
   
   372:00:00: Balanced after 2 trials
   
   372:30:00: Balanced after 2 trials
   
   373:00:00: Balanced after 2 trials
   
   373:30:00: Balanced after 2 trials
   
   374:00:00: Balanced after 2 trials
   
   374:30:00: Balanced after 2 trials
   
   375:00:00: Balanced after 2 trials
   
   375:30:00: Balanced after 2 trials
   
   376:00:00: Balanced after 2 trials
   
   376:30:00: Balanced after 2 trials
   
   377:00:00: Balanced after 2 trials
   
   377:30:00: Balanced after 2 trials
   
   378:00:00: Balanced after 2 trials
   
   378:30:00: Balanced after 2 trials
   
   379:00:00: Balanced after 2 trials
   
   379:30:00: Balanced after 2 trials
   
   380:00:00: Balanced after 2 trials
   
   380:30:00: Balanced after 2 trials
   
   381:00:00: Balanced after 2 trials
   
   381:30:00: Balanced after 2 trials
   
   382:00:00: Balanced after 2 trials
   
   382:30:00: Balanced after 2 trials
   
   383:00:00: Balanced after 2 trials
   
   383:30:00: Balanced after 2 trials
   
   384:00:00: Balanced after 2 trials
   
   384:30:00: Balanced after 2 trials
   
   385:00:00: Balanced after 2 trials
   
   385:25:00: Pump 9 changed by Tank 2 control
   385:25:00: Balanced after 5 trials
   385:25:00: Reservoir 9 is closed
   385:25:00: Tank 2 is emptying at 42.67 m
   385:25:00: Pump 9 changed from open to closed
   
   385:30:00: Balanced after 2 trials
   
   386:00:00: Balanced after 2 trials
   
   386:30:00: Balanced after 2 trials
   
   387:00:00: Balanced after 2 trials
   
   387:30:00: Balanced after 2 trials
   
   388:00:00: Balanced after 2 trials
   
   388:30:00: Balanced after 2 trials
   
   389:00:00: Balanced after 2 trials
   
   389:30:00: Balanced after 2 trials
   
   390:00:00: Balanced after 2 trials
   
   390:30:00: Balanced after 2 trials
   
   391:00:00: Balanced after 2 trials
   
   391:30:00: Balanced after 2 trials
   
   392:00:00: Balanced after 2 trials
   
   392:30:00: Balanced after 2 trials
   
   392:39:29: Pump 9 changed by Tank 2 control
   392:39:29: Balanced after 11 trials
   392:39:29: Reservoir 9 is emptying
   392:39:29: Tank 2 is filling at 33.53 m
   392:39:29: Pump 9 changed from closed to open
   
   393:00:00: Balanced after 2 trials
   
   393:30:00: Balanced after 2 trials
   
   394:00:00: Balanced after 2 trials
   
   394:30:00: Balanced after 2 trials
   
   395:00:00: Balanced after 2 trials
   
   395:30:00: Balanced after 2 trials
   
   396:00:00: Balanced after 2 trials
   
   396:30:00: Balanced after 2 trials
   
   397:00:00: Balanced after 2 trials
   
   397:30:00: Balanced after 2 trials
   
   398:00:00: Balanced after 2 trials
   
   398:30:00: Balanced after 2 trials
   
   399:00:00: Balanced after 2 trials
   
   399:30:00: Balanced after 2 trials
   
   400:00:00: Balanced after 2 trials
   
   400:30:00: Balanced after 2 trials
   
   401:00:00: Balanced after 2 trials
   
   401:30:00: Balanced after 2 trials
   
   402:00:00: Balanced after 2 trials
   
   402:30:00: Balanced after 2 trials
   
   403:00:00: Balanced after 2 trials
   
   403:30:00: Balanced after 2 trials
   
   404:00:00: Balanced after 2 trials
   
   404:30:00: Balanced after 2 trials
   
   405:00:00: Balanced after 2 trials
   
   405:30:00: Balanced after 2 trials
   
   406:00:00: Balanced after 2 trials
   
   406:30:00: Balanced after 2 trials
   
   407:00:00: Balanced after 2 trials
   
   407:30:00: Balanced after 2 trials
   
   408:00:00: Balanced after 2 trials
   
   408:30:00: Balanced after 2 trials
   
   409:00:00: Balanced after 2 trials
   
   409:30:00: Balanced after 2 trials
   
   409:36:09: Pump 9 changed by Tank 2 control
   409:36:09: Balanced after 5 trials
   409:36:09: Reservoir 9 is closed
   409:36:09: Tank 2 is emptying at 42.67 m
   409:36:09: Pump 9 changed from open to closed
   
   410:00:00: Balanced after 2 trials
   
   410:30:00: Balanced after 2 trials
   
   411:00:00: Balanced after 2 trials
   
   411:30:00: Balanced after 2 trials
   
   412:00:00: Balanced after 2 trials
   
   412:30:00: Balanced after 2 trials
   
   413:00:00: Balanced after 2 trials
   
   413:30:00: Balanced after 2 trials
   
   414:00:00: Balanced after 2 trials
   
   414:30:00: Balanced after 2 trials
   
   415:00:00: Balanced after 2 trials
   
   415:30:00: Balanced after 2 trials
   
   416:00:00: Balanced after 2 trials
   
   416:30:00: Balanced after 2 trials
   
   416:43:36: Pump 9 changed by Tank 2 control
   416:43:36: Balanced after 13 trials
   416:43:36: Reservoir 9 is emptying
   416:43:36: Tank 2 is filling at 33.53 m
   416:43:36: Pump 9 changed from closed to open
   
   417:00:00: Balanced after 2 trials
   
   417:30:00: Balanced after 2 trials
   
   418:00:00: Balanced after 2 trials
   
   418:30:00: Balanced after 2 trials
   
   419:00:00: Balanced after 2 trials
   
   419:30:00: Balanced after 2 trials
   
   420:00:00: Balanced after 2 trials
   
   420:30:00: Balanced after 2 trials
   
   421:00:00: Balanced after 2 trials
   
   421:30:00: Balanced after 2 trials
   
   422:00:00: Balanced after 2 trials
   
   422:30:00: Balanced after 2 trials
   
   423:00:00: Balanced after 2 trials
   
   423:30:00: Balanced after 2 trials
   
   424:00:00: Balanced after 2 trials
   
   424:30:00: Balanced after 2 trials
   
   425:00:00: Balanced after 2 trials
   
   425:30:00: Balanced after 2 trials
   
   426:00:00: Balanced after 2 trials
   
   426:30:00: Balanced after 2 trials
   
   427:00:00: Balanced after 2 trials
   
   427:30:00: Balanced after 2 trials
   
   428:00:00: Balanced after 2 trials
   
   428:30:00: Balanced after 2 trials
   
   429:00:00: Balanced after 2 trials
   
   429:30:00: Balanced after 2 trials
   
   430:00:00: Balanced after 2 trials
   
   430:30:00: Balanced after 2 trials
   
   431:00:00: Balanced after 2 trials
   
   431:30:00: Balanced after 2 trials
   
   432:00:00: Balanced after 2 trials
   
   432:30:00: Balanced after 2 trials
   
   433:00:00: Balanced after 2 trials
   
   433:30:00: Balanced after 2 trials
   
   433:33:17: Pump 9 changed by Tank 2 control
   433:33:17: Balanced after 5 trials
   433:33:17: Reservoir 9 is closed
   433:33:17: Tank 2 is emptying at 42.67 m
   433:33:17: Pump 9 changed from open to closed
   
   434:00:00: Balanced after 2 trials
   
   434:30:00: Balanced after 2 trials
   
   435:00:00: Balanced after 2 trials
   
   435:30:00: Balanced after 2 trials
   
   436:00:00: Balanced after 2 trials
   
   436:30:00: Balanced after 2 trials
   
   437:00:00: Balanced after 2 trials
   
   437:30:00: Balanced after 2 trials
   
   438:00:00: Balanced after 2 trials
   
   438:30:00: Balanced after 2 trials
   
   439:00:00: Balanced after 2 trials
   
   439:30:00: Balanced after 2 trials
   
   440:00:00: Balanced after 2 trials
   
   440:19:11: Pump 9 changed by Tank 2 control
   440:19:11: Balanced after 13 trials
   440:19:11: Reservoir 9 is emptying
   440:19:11: Tank 2 is filling at 33.53 m
   440:19:11: Pump 9 changed from closed to open
   
   440:30:00: Balanced after 2 trials
   
   441:00:00: Balanced after 2 trials
   441:00:00: Tank 2 is emptying at 33.57 m
   
   441:30:00: Balanced after 2 trials
   441:30:00: Tank 2 is filling at 33.55 m
   
   442:00:00: Balanced after 2 trials
   442:00:00: Tank 2 is emptying at 33.56 m
   
   442:30:00: Balanced after 2 trials
   442:30:00: Tank 2 is filling at 33.55 m
   
   443:00:00: Balanced after 2 trials
   
   443:30:00: Balanced after 2 trials
   
   444:00:00: Balanced after 2 trials
   
   444:30:00: Balanced after 2 trials
   
   445:00:00: Balanced after 2 trials
   
   445:30:00: Balanced after 2 trials
   
   446:00:00: Balanced after 2 trials
   
   446:30:00: Balanced after 2 trials
   
   447:00:00: Balanced after 2 trials
   
   447:30:00: Balanced after 2 trials
   
   448:00:00: Balanced after 2 trials
   
   448:30:00: Balanced after 2 trials
   
   449:00:00: Balanced after 2 trials
   
   449:30:00: Balanced after 2 trials
   
   450:00:00: Balanced after 2 trials
   
   450:30:00: Balanced after 2 trials
   
   451:00:00: Balanced after 2 trials
   
   451:30:00: Balanced after 2 trials
   
   452:00:00: Balanced after 2 trials
   
   452:30:00: Balanced after 2 trials
   
   453:00:00: Balanced after 2 trials
   
   453:30:00: Balanced after 2 trials
   
   454:00:00: Balanced after 2 trials
   
   454:30:00: Balanced after 2 trials
   
   455:00:00: Balanced after 2 trials
   
   455:30:00: Balanced after 2 trials
   
   456:00:00: Balanced after 2 trials
   
   456:30:00: Balanced after 2 trials
   
   457:00:00: Balanced after 2 trials
   
   457:30:00: Balanced after 2 trials
   
   458:00:00: Balanced after 2 trials
   
   458:29:23: Pump 9 changed by Tank 2 control
   458:29:23: Balanced after 5 trials
   458:29:23: Reservoir 9 is closed
   458:29:23: Tank 2 is emptying at 42.67 m
   458:29:23: Pump 9 changed from open to closed
   
   458:30:00: Balanced after 2 trials
   
   459:00:00: Balanced after 2 trials
   
   459:30:00: Balanced after 2 trials
   
   460:00:00: Balanced after 2 trials
   
   460:30:00: Balanced after 2 trials
   
   461:00:00: Balanced after 2 trials
   
   461:30:00: Balanced after 2 trials
   
   462:00:00: Balanced after 2 trials
   
   462:30:00: Balanced after 2 trials
   
   463:00:00: Balanced after 2 trials
   
   463:30:00: Balanced after 2 trials
   
   464:00:00: Balanced after 2 trials
   
   464:30:00: Balanced after 2 trials
   
   465:00:00: Balanced after 2 trials
   
   465:30:00: Balanced after 2 trials
   
   465:33:33: Pump 9 changed by Tank 2 control
   465:33:33: Balanced after 12 trials
   465:33:33: Reservoir 9 is emptying
   465:33:33: Tank 2 is filling at 33.53 m
   465:33:33: Pump 9 changed from closed to open
   
   466:00:00: Balanced after 2 trials
   
   466:30:00: Balanced after 2 trials
   
   467:00:00: Balanced after 2 trials
   
   467:30:00: Balanced after 2 trials
   
   468:00:00: Balanced after 2 trials
   
   468:30:00: Balanced after 2 trials
   
   469:00:00: Balanced after 2 trials
   
   469:30:00: Balanced after 2 trials
   
   470:00:00: Balanced after 2 trials
   
   470:30:00: Balanced after 2 trials
   
   471:00:00: Balanced after 2 trials
   
   471:30:00: Balanced after 2 trials
   
   472:00:00: Balanced after 2 trials
   
   472:30:00: Balanced after 2 trials
   
   473:00:00: Balanced after 2 trials
   
   473:30:00: Balanced after 2 trials
   
   474:00:00: Balanced after 2 trials
   
   474:30:00: Balanced after 2 trials
   
   475:00:00: Balanced after 2 trials
   
   475:30:00: Balanced after 2 trials
   
   476:00:00: Balanced after 2 trials
   
   476:30:00: Balanced after 2 trials
   
   477:00:00: Balanced after 2 trials
   
   477:30:00: Balanced after 2 trials
   
   478:00:00: Balanced after 2 trials
   
   478:30:00: Balanced after 2 trials
   
   479:00:00: Balanced after 2 trials
   
   479:30:00: Balanced after 2 trials
   
   480:00:00: Balanced after 2 trials
   
   480:30:00: Balanced after 2 trials
   
   481:00:00: Balanced after 2 trials
   
   481:12:51: Pump 9 changed by Tank 2 control
   481:12:51: Balanced after 5 trials
   481:12:51: Reservoir 9 is closed
   481:12:51: Tank 2 is emptying at 42.67 m
   481:12:51: Pump 9 changed from open to closed
   
   481:30:00: Balanced after 2 trials
   
   482:00:00: Balanced after 2 trials
   
   482:30:00: Balanced after 2 trials
   
   483:00:00: Balanced after 2 trials
   
   483:30:00: Balanced after 2 trials
   
   484:00:00: Balanced after 2 trials
   
   484:30:00: Balanced after 2 trials
   
   485:00:00: Balanced after 2 trials
   
   485:30:00: Balanced after 2 trials
   
   486:00:00: Balanced after 2 trials
   
   486:30:00: Balanced after 2 trials
   
   487:00:00: Balanced after 2 trials
   
   487:30:00: Balanced after 2 trials
   
   488:00:00: Balanced after 2 trials
   
   488:30:00: Balanced after 2 trials
   
   489:00:00: Balanced after 2 trials
   
   489:26:02: Pump 9 changed by Tank 2 control
   489:26:02: Balanced after 13 trials
   489:26:02: Reservoir 9 is emptying
   489:26:02: Tank 2 is filling at 33.53 m
   489:26:02: Pump 9 changed from closed to open
   
   489:30:00: Balanced after 2 trials
   
   490:00:00: Balanced after 2 trials
   
   490:30:00: Balanced after 2 trials
   
   491:00:00: Balanced after 2 trials
   
   491:30:00: Balanced after 2 trials
   
   492:00:00: Balanced after 2 trials
   
   492:30:00: Balanced after 2 trials
   
   493:00:00: Balanced after 2 trials
   
   493:30:00: Balanced after 2 trials
   
   494:00:00: Balanced after 2 trials
   
   494:30:00: Balanced after 2 trials
   
   495:00:00: Balanced after 2 trials
   
   495:30:00: Balanced after 2 trials
   
   496:00:00: Balanced after 2 trials
   
   496:30:00: Balanced after 2 trials
   
   497:00:00: Balanced after 2 trials
   
   497:30:00: Balanced after 2 trials
   
   498:00:00: Balanced after 2 trials
   
   498:30:00: Balanced after 2 trials
   
   499:00:00: Balanced after 2 trials
   
   499:30:00: Balanced after 2 trials
   
   500:00:00: Balanced after 2 trials
   
   500:30:00: Balanced after 2 trials
   
  Analysis ended Wed Jul 22 15:01:35 2026
