Filter:    ekf
Job:       240750
Array ID:  20
Seed:      62
Host:      assistant-3.GPU.CIT-EC.NET
Dataset:   hanoi

Running Hanoi GNN EKF: 24 sensor counts × 1 sensor placements
2 sensors/type: 1.0974 ± 0.3184
3 sensors/type: 1.0616 ± 0.2859
4 sensors/type: 1.1663 ± 0.3225
5 sensors/type: 1.0483 ± 0.2757
6 sensors/type: 1.0320 ± 0.2825
7 sensors/type: 1.0040 ± 0.2790
8 sensors/type: 1.0115 ± 0.2845
9 sensors/type: 0.9539 ± 0.2756
10 sensors/type: 0.9623 ± 0.2634
11 sensors/type: 0.9353 ± 0.2645
12 sensors/type: 0.9299 ± 0.2535
13 sensors/type: 0.8924 ± 0.2373
14 sensors/type: 0.9186 ± 0.2601
15 sensors/type: 0.8830 ± 0.2606
16 sensors/type: 0.9027 ± 0.2641
17 sensors/type: 0.8877 ± 0.2686
18 sensors/type: 0.8774 ± 0.2564
19 sensors/type: 0.8745 ± 0.2632
20 sensors/type: 0.8744 ± 0.2624
21 sensors/type: 0.8893 ± 0.2610
22 sensors/type: 0.8582 ± 0.2697
23 sensors/type: 0.8661 ± 0.2614
24 sensors/type: 0.8313 ± 0.2631
25 sensors/type: 0.8561 ± 0.2610
Saved gnn EKF result to: /homes/dameyer/ml-for-wdn-project-4/results/aggregated/hanoi_gnn_ekf_n_iters=1_seed=62.npz
