================================
GNN training sweep
Job ID: 242663
Task ID: 35
Buffer size: 25
Rollout length: 25
================================
Running GNN sweep: dataset=Net1, buffer=25, rollout=25
Epoch 1/600, Total: 4026.974819, Node: 1511.139151, Link: 2515.123599, Spread: 71.203503
Epoch 2/600, Total: 2323.831451, Node: 1290.998133, Link: 1031.880721, Spread: 95.258497
Epoch 3/600, Total: 2004.710976, Node: 1268.126310, Link: 735.556331, Spread: 102.835120
Epoch 4/600, Total: 1970.269726, Node: 1232.729128, Link: 736.537766, Spread: 100.282469
Epoch 5/600, Total: 1934.839108, Node: 1198.247848, Link: 735.615764, Spread: 97.548686
Epoch 6/600, Total: 1918.430687, Node: 1183.411666, Link: 734.069834, Spread: 94.916913
Epoch 7/600, Total: 1893.818527, Node: 1157.769584, Link: 735.120945, Spread: 92.801284
Epoch 8/600, Total: 1877.312777, Node: 1142.777236, Link: 733.629799, Spread: 90.573429
Epoch 9/600, Total: 1863.712908, Node: 1131.819460, Link: 731.010088, Spread: 88.331930
Epoch 10/600, Total: 1855.646723, Node: 1124.441335, Link: 730.349053, Spread: 85.633691
Epoch 11/600, Total: 1844.754267, Node: 1114.443643, Link: 729.482904, Spread: 82.773255
Epoch 12/600, Total: 1848.580620, Node: 1115.729615, Link: 732.048683, Spread: 80.234850
Epoch 13/600, Total: 1822.619919, Node: 1093.564549, Link: 728.277005, Spread: 77.840795
Epoch 14/600, Total: 1823.547367, Node: 1091.930101, Link: 730.866601, Spread: 75.065584
Epoch 15/600, Total: 1808.763083, Node: 1082.244481, Link: 725.789376, Spread: 72.923902
Epoch 16/600, Total: 1799.863501, Node: 1071.945068, Link: 727.210619, Spread: 70.781883
Epoch 17/600, Total: 1792.910513, Node: 1065.561170, Link: 726.660732, Spread: 68.861232
Epoch 18/600, Total: 1793.647655, Node: 1066.122397, Link: 726.858275, Spread: 66.697005
Epoch 19/600, Total: 1778.889858, Node: 1051.330753, Link: 726.912688, Spread: 64.645017
Epoch 20/600, Total: 1769.214544, Node: 1044.633445, Link: 723.949940, Spread: 63.118797
Epoch 21/600, Total: 1765.760788, Node: 1039.137403, Link: 726.004660, Spread: 61.872617
Epoch 22/600, Total: 1753.303473, Node: 1029.647797, Link: 723.071314, Spread: 58.434277
Epoch 23/600, Total: 1769.786026, Node: 1043.807902, Link: 725.412685, Spread: 56.539476
Epoch 24/600, Total: 1777.623089, Node: 1054.624159, Link: 722.451155, Spread: 54.777306
Epoch 25/600, Total: 1754.035517, Node: 1029.873161, Link: 723.632288, Spread: 53.007022
Epoch 26/600, Total: 1734.894505, Node: 1019.000159, Link: 715.377579, Spread: 51.679140
Epoch 27/600, Total: 1749.600090, Node: 1028.672118, Link: 720.430755, Spread: 49.716417
Epoch 28/600, Total: 1739.103111, Node: 1022.330584, Link: 716.284974, Spread: 48.758172
Epoch 29/600, Total: 1752.131510, Node: 1032.102284, Link: 719.556526, Spread: 47.271157
Epoch 30/600, Total: 1745.541998, Node: 1028.374815, Link: 716.709370, Spread: 45.781585
Epoch 31/600, Total: 1722.586826, Node: 1006.048516, Link: 716.097809, Spread: 44.049119
Epoch 32/600, Total: 1728.385731, Node: 1011.061540, Link: 716.903241, Spread: 42.092108
Epoch 33/600, Total: 1729.260477, Node: 1016.682898, Link: 712.169299, Spread: 40.829200
Epoch 34/600, Total: 1721.359430, Node: 1010.372721, Link: 710.586147, Spread: 40.061689
Epoch 35/600, Total: 1726.727484, Node: 1006.477015, Link: 719.868819, Spread: 38.170386
Epoch 36/600, Total: 1710.747978, Node: 1000.960406, Link: 709.410696, Spread: 37.685824
Epoch 37/600, Total: 1703.828873, Node: 991.393102, Link: 712.069724, Spread: 36.603684
Epoch 38/600, Total: 1697.179438, Node: 986.314817, Link: 710.510058, Spread: 35.456103
Epoch 39/600, Total: 1711.851080, Node: 1003.178248, Link: 708.331580, Spread: 34.125874
Epoch 40/600, Total: 1729.247822, Node: 1013.223612, Link: 715.705210, Spread: 31.898883
Epoch 41/600, Total: 1713.599573, Node: 999.420039, Link: 713.872164, Spread: 30.740945
Epoch 42/600, Total: 1709.580976, Node: 996.000642, Link: 713.278073, Spread: 30.228293
Epoch 43/600, Total: 1715.023176, Node: 995.479948, Link: 719.244659, Spread: 29.853897
Epoch 44/600, Total: 1715.861029, Node: 997.654973, Link: 717.924708, Spread: 28.132019
Epoch 45/600, Total: 1694.735662, Node: 988.023111, Link: 706.439494, Spread: 27.304916
Epoch 46/600, Total: 1702.237156, Node: 989.459816, Link: 712.513898, Spread: 26.345058
Epoch 47/600, Total: 1698.396038, Node: 990.375350, Link: 707.767824, Spread: 25.289638
Epoch 48/600, Total: 1691.261417, Node: 985.939808, Link: 705.077850, Spread: 24.377449
Epoch 49/600, Total: 1693.485243, Node: 981.997689, Link: 711.252259, Spread: 23.530358
Epoch 50/600, Total: 1683.313423, Node: 979.103546, Link: 703.982688, Spread: 22.719404
Epoch 51/600, Total: 1687.069574, Node: 969.533231, Link: 717.323651, Spread: 21.269929
Epoch 52/600, Total: 1676.206688, Node: 974.681607, Link: 701.320558, Spread: 20.449775
Epoch 53/600, Total: 1692.635962, Node: 986.128653, Link: 706.310750, Spread: 19.657614
Epoch 54/600, Total: 1677.806442, Node: 972.134563, Link: 705.487046, Spread: 18.485795
Epoch 55/600, Total: 1664.717905, Node: 975.451894, Link: 689.086058, Spread: 17.996717
Epoch 56/600, Total: 1668.477734, Node: 978.108025, Link: 690.194018, Spread: 17.566725
Epoch 57/600, Total: 1666.690763, Node: 967.595136, Link: 698.929815, Spread: 16.581242
Epoch 58/600, Total: 1664.680122, Node: 964.425289, Link: 700.096508, Spread: 15.830886
Epoch 59/600, Total: 1640.606569, Node: 953.317884, Link: 687.137011, Spread: 15.163630
Epoch 60/600, Total: 1661.663420, Node: 968.308160, Link: 693.210816, Spread: 14.445078
Epoch 61/600, Total: 1661.380781, Node: 969.297851, Link: 691.942347, Spread: 14.057201
Epoch 62/600, Total: 1649.812353, Node: 956.146375, Link: 693.531805, Spread: 13.419444
Epoch 63/600, Total: 1666.849701, Node: 970.660999, Link: 696.062347, Spread: 12.634353
Epoch 64/600, Total: 1631.806051, Node: 945.407676, Link: 686.275400, Spread: 12.296740
Epoch 65/600, Total: 1648.667982, Node: 959.405301, Link: 689.143882, Spread: 11.877964
Epoch 66/600, Total: 1650.175699, Node: 959.997341, Link: 690.067019, Spread: 11.138676
Epoch 67/600, Total: 1633.445442, Node: 945.580752, Link: 687.756515, Spread: 10.818516
Epoch 68/600, Total: 1647.851196, Node: 955.206175, Link: 692.539348, Spread: 10.566448
Epoch 69/600, Total: 1664.959694, Node: 973.998898, Link: 690.857332, Spread: 10.343398
Epoch 70/600, Total: 1652.298710, Node: 960.031232, Link: 692.173019, Spread: 9.446709
Epoch 71/600, Total: 1628.748070, Node: 947.594109, Link: 681.063463, Spread: 9.049963
Epoch 72/600, Total: 1617.264469, Node: 944.407896, Link: 672.767498, Spread: 8.906078
Epoch 73/600, Total: 1647.951912, Node: 962.016019, Link: 685.850608, Spread: 8.525205
Epoch 74/600, Total: 1612.938444, Node: 940.056065, Link: 672.802299, Spread: 8.005665
Epoch 75/600, Total: 1611.656406, Node: 944.287903, Link: 667.288267, Spread: 8.018987
Epoch 76/600, Total: 1624.183702, Node: 955.263941, Link: 668.840585, Spread: 7.920838
Epoch 77/600, Total: 1626.010984, Node: 945.998091, Link: 679.939382, Spread: 7.348970
Epoch 78/600, Total: 1615.019936, Node: 943.665799, Link: 671.282639, Spread: 7.150357
Epoch 79/600, Total: 1611.960327, Node: 943.105167, Link: 668.785949, Spread: 6.919866
Epoch 80/600, Total: 1604.444374, Node: 947.068866, Link: 657.307697, Spread: 6.783380
Epoch 81/600, Total: 1608.151871, Node: 943.003171, Link: 665.085360, Spread: 6.335100
Epoch 82/600, Total: 1603.598274, Node: 940.075236, Link: 663.462073, Spread: 6.094075
Epoch 83/600, Total: 1596.792353, Node: 939.139316, Link: 657.592207, Spread: 6.082607
Epoch 84/600, Total: 1602.636869, Node: 940.370740, Link: 662.207242, Spread: 5.891350
Epoch 85/600, Total: 1614.034101, Node: 950.638862, Link: 663.338272, Spread: 5.697000
Epoch 86/600, Total: 1607.226276, Node: 950.644974, Link: 656.523720, Spread: 5.757223
Epoch 87/600, Total: 1598.828058, Node: 939.198022, Link: 659.574994, Spread: 5.504431
Epoch 88/600, Total: 1603.963049, Node: 945.571727, Link: 658.339472, Spread: 5.184657
Epoch 89/600, Total: 1618.639166, Node: 952.786291, Link: 665.801655, Spread: 5.121799
Epoch 90/600, Total: 1589.622803, Node: 938.996947, Link: 650.577019, Spread: 4.883512
Epoch 91/600, Total: 1595.136103, Node: 948.755211, Link: 646.329746, Spread: 5.119610
Epoch 92/600, Total: 1605.748577, Node: 943.153975, Link: 662.546128, Spread: 4.848111
Epoch 93/600, Total: 1593.002298, Node: 942.882383, Link: 650.072968, Spread: 4.697672
Epoch 94/600, Total: 1598.206696, Node: 952.888424, Link: 645.269006, Spread: 4.926330
Epoch 95/600, Total: 1594.320419, Node: 938.978069, Link: 655.297210, Spread: 4.517482
Epoch 96/600, Total: 1589.747416, Node: 937.338199, Link: 652.366180, Spread: 4.303826
Epoch 97/600, Total: 1578.016542, Node: 930.590838, Link: 647.383952, Spread: 4.177986
Epoch 98/600, Total: 1586.535513, Node: 940.519021, Link: 645.973264, Spread: 4.321101
Epoch 99/600, Total: 1589.618456, Node: 940.238476, Link: 649.338513, Spread: 4.146883
Epoch 100/600, Total: 1597.502199, Node: 942.680616, Link: 654.780824, Spread: 4.077783
Epoch 101/600, Total: 1580.192354, Node: 934.947495, Link: 645.205429, Spread: 3.946463
Epoch 102/600, Total: 1619.451199, Node: 974.664063, Link: 644.745824, Spread: 4.133098
Epoch 103/600, Total: 1572.915874, Node: 937.231744, Link: 635.643667, Spread: 4.047019
Epoch 104/600, Total: 1590.290825, Node: 941.242685, Link: 649.010624, Spread: 3.753800
Epoch 105/600, Total: 1576.884518, Node: 932.465082, Link: 644.381266, Spread: 3.815184
Epoch 106/600, Total: 1574.295759, Node: 934.495454, Link: 639.764493, Spread: 3.583305
Epoch 107/600, Total: 1596.168665, Node: 940.110837, Link: 656.021075, Spread: 3.675479
Epoch 108/600, Total: 1604.503460, Node: 943.784879, Link: 660.683989, Spread: 3.459243
Epoch 109/600, Total: 1574.365883, Node: 934.740371, Link: 639.591282, Spread: 3.418986
Epoch 110/600, Total: 1565.797470, Node: 928.572090, Link: 637.191199, Spread: 3.420567
Epoch 111/600, Total: 1581.990061, Node: 944.224350, Link: 637.732474, Spread: 3.326385
Epoch 112/600, Total: 1588.067001, Node: 941.938672, Link: 646.095802, Spread: 3.253752
Epoch 113/600, Total: 1581.237391, Node: 938.937424, Link: 642.266343, Spread: 3.364215
Epoch 114/600, Total: 1576.943741, Node: 936.343144, Link: 640.565513, Spread: 3.510349
Epoch 115/600, Total: 1569.270506, Node: 937.194810, Link: 632.041443, Spread: 3.421956
Epoch 116/600, Total: 1562.686445, Node: 933.382754, Link: 629.269211, Spread: 3.448476
Epoch 117/600, Total: 1569.232252, Node: 932.189855, Link: 637.008892, Spread: 3.353381
Epoch 118/600, Total: 1557.654221, Node: 930.975863, Link: 626.644989, Spread: 3.337118
Epoch 119/600, Total: 1558.027397, Node: 931.301428, Link: 626.693453, Spread: 3.251451
Epoch 120/600, Total: 1561.937521, Node: 934.821079, Link: 627.083593, Spread: 3.283235
Epoch 121/600, Total: 1552.371325, Node: 927.899434, Link: 624.439203, Spread: 3.268501
Epoch 122/600, Total: 1562.353474, Node: 933.903725, Link: 628.417371, Spread: 3.240289
Epoch 123/600, Total: 1556.434225, Node: 931.804260, Link: 624.597527, Spread: 3.245977
Epoch 124/600, Total: 1568.328331, Node: 937.997250, Link: 630.301361, Spread: 2.969001
Epoch 125/600, Total: 1557.184238, Node: 934.136349, Link: 623.018096, Spread: 2.979108
Epoch 126/600, Total: 1558.648962, Node: 935.511233, Link: 623.108623, Spread: 2.911538
Epoch 127/600, Total: 1558.771400, Node: 932.619869, Link: 626.122576, Spread: 2.895121
Epoch 128/600, Total: 1580.483521, Node: 943.211384, Link: 637.243053, Spread: 2.909616
Epoch 129/600, Total: 1553.721828, Node: 933.467196, Link: 620.225859, Spread: 2.875182
Epoch 130/600, Total: 1541.591692, Node: 929.944575, Link: 611.616129, Spread: 3.099858
Epoch 131/600, Total: 1566.550976, Node: 939.858702, Link: 626.660612, Spread: 3.167443
Epoch 132/600, Total: 1554.045460, Node: 927.935725, Link: 626.079752, Spread: 2.999719
Epoch 133/600, Total: 1552.072456, Node: 933.596184, Link: 618.445027, Spread: 3.125575
Epoch 134/600, Total: 1536.448843, Node: 922.744047, Link: 613.674983, Spread: 2.981381
Epoch 135/600, Total: 1542.687078, Node: 927.671687, Link: 614.983865, Spread: 3.153705
Epoch 136/600, Total: 1552.899029, Node: 934.498546, Link: 618.370394, Spread: 3.007691
Epoch 137/600, Total: 1538.441299, Node: 926.206948, Link: 612.203205, Spread: 3.115893
Epoch 138/600, Total: 1540.586504, Node: 927.478655, Link: 613.077686, Spread: 3.014596
Epoch 139/600, Total: 1543.130013, Node: 930.859951, Link: 612.239490, Spread: 3.058545
Epoch 140/600, Total: 1551.842209, Node: 932.938083, Link: 618.874310, Spread: 2.978884
Epoch 141/600, Total: 1572.252472, Node: 949.098698, Link: 623.123032, Spread: 3.074820
Epoch 142/600, Total: 1546.093531, Node: 933.401550, Link: 612.662289, Spread: 2.970155
Epoch 143/600, Total: 1549.111258, Node: 939.255478, Link: 609.825761, Spread: 3.002559
Epoch 144/600, Total: 1537.218428, Node: 923.979332, Link: 613.210118, Spread: 2.902095
Epoch 145/600, Total: 1517.926931, Node: 919.454654, Link: 598.443439, Spread: 2.885543
Epoch 146/600, Total: 1537.547422, Node: 927.920636, Link: 609.597900, Spread: 2.889059
Epoch 147/600, Total: 1523.951120, Node: 919.437090, Link: 604.484695, Spread: 2.933714
Epoch 148/600, Total: 1527.033499, Node: 924.925413, Link: 602.078878, Spread: 2.922042
Epoch 149/600, Total: 1535.290497, Node: 922.114562, Link: 613.146017, Spread: 2.994952
Epoch 150/600, Total: 1512.513535, Node: 915.673468, Link: 596.810080, Spread: 3.003011
Epoch 151/600, Total: 1523.266356, Node: 923.173699, Link: 600.062333, Spread: 3.031855
Epoch 152/600, Total: 1518.928263, Node: 919.959951, Link: 598.938309, Spread: 3.001158
Epoch 153/600, Total: 1524.204119, Node: 919.051970, Link: 605.125902, Spread: 2.626769
Epoch 154/600, Total: 1529.651140, Node: 921.864693, Link: 607.759795, Spread: 2.665835
Epoch 155/600, Total: 1551.382605, Node: 933.800539, Link: 617.555961, Spread: 2.609843
Epoch 156/600, Total: 1534.076675, Node: 925.338341, Link: 608.709579, Spread: 2.877063
Epoch 157/600, Total: 1520.775576, Node: 922.232741, Link: 598.513807, Spread: 2.900788
Epoch 158/600, Total: 1525.124908, Node: 923.706941, Link: 601.388082, Spread: 2.987403
Epoch 159/600, Total: 1559.906330, Node: 951.092344, Link: 608.783717, Spread: 3.032999
Epoch 160/600, Total: 1550.875107, Node: 936.552944, Link: 614.296877, Spread: 2.530249
Epoch 161/600, Total: 1512.603117, Node: 917.538210, Link: 595.040135, Spread: 2.479438
Epoch 162/600, Total: 1552.444374, Node: 951.704974, Link: 600.713740, Spread: 2.566938
Epoch 163/600, Total: 1534.207224, Node: 940.601303, Link: 593.581509, Spread: 2.443344
Epoch 164/600, Total: 1501.982563, Node: 913.631450, Link: 588.326168, Spread: 2.495277
Epoch 165/600, Total: 1513.936172, Node: 919.502624, Link: 594.405932, Spread: 2.763428
Epoch 166/600, Total: 1516.375280, Node: 918.215241, Link: 598.131527, Spread: 2.848654
Epoch 167/600, Total: 1512.928844, Node: 919.104521, Link: 593.799386, Spread: 2.491638
Epoch 168/600, Total: 1527.681149, Node: 925.103986, Link: 602.552941, Spread: 2.422967
Epoch 169/600, Total: 1499.103275, Node: 910.179837, Link: 588.899539, Spread: 2.389830
Epoch 170/600, Total: 1502.191107, Node: 913.234103, Link: 588.932242, Spread: 2.480733
Epoch 171/600, Total: 1523.545252, Node: 921.552650, Link: 601.966386, Spread: 2.622469
Epoch 172/600, Total: 1545.303366, Node: 947.266132, Link: 598.012716, Spread: 2.450765
Epoch 173/600, Total: 1538.156023, Node: 938.757492, Link: 599.374401, Spread: 2.415520
Epoch 174/600, Total: 1497.388748, Node: 915.016358, Link: 582.348680, Spread: 2.371177
Epoch 175/600, Total: 1502.939085, Node: 911.730148, Link: 591.185172, Spread: 2.376596
Epoch 176/600, Total: 1500.061888, Node: 918.481236, Link: 581.556967, Spread: 2.369365
Epoch 177/600, Total: 1518.864544, Node: 931.455663, Link: 587.385268, Spread: 2.358420
Epoch 178/600, Total: 1491.016342, Node: 915.353697, Link: 575.637930, Spread: 2.469969
Epoch 179/600, Total: 1502.151346, Node: 914.346568, Link: 587.779489, Spread: 2.528934
Epoch 180/600, Total: 1488.858479, Node: 911.121554, Link: 577.711704, Spread: 2.524415
Epoch 181/600, Total: 1501.357025, Node: 923.681538, Link: 577.650903, Spread: 2.459999
Epoch 182/600, Total: 1496.801289, Node: 919.495313, Link: 577.282146, Spread: 2.383412
Epoch 183/600, Total: 1503.635832, Node: 927.225439, Link: 576.386545, Spread: 2.384961
Epoch 184/600, Total: 1490.514803, Node: 914.596037, Link: 575.893645, Spread: 2.513347
Epoch 185/600, Total: 1500.171289, Node: 915.141139, Link: 585.005531, Spread: 2.463114
Epoch 186/600, Total: 1506.116072, Node: 931.074022, Link: 575.018158, Spread: 2.391542
Epoch 187/600, Total: 1502.287201, Node: 932.158800, Link: 570.104719, Spread: 2.366960
Epoch 188/600, Total: 1488.659971, Node: 919.389647, Link: 569.246999, Spread: 2.329510
Epoch 189/600, Total: 1501.220369, Node: 925.447466, Link: 575.748683, Spread: 2.421631
Epoch 190/600, Total: 1474.136950, Node: 910.281247, Link: 563.831561, Spread: 2.414221
Epoch 191/600, Total: 1481.660217, Node: 912.580456, Link: 569.055909, Spread: 2.381893
Epoch 192/600, Total: 1481.010733, Node: 912.996437, Link: 567.990223, Spread: 2.407110
Epoch 193/600, Total: 1493.595634, Node: 920.629525, Link: 572.941986, Spread: 2.408118
Epoch 194/600, Total: 1490.498575, Node: 917.005774, Link: 573.468392, Spread: 2.435238
Epoch 195/600, Total: 1473.139103, Node: 909.331842, Link: 563.782673, Spread: 2.456948
Epoch 196/600, Total: 1483.281504, Node: 916.535584, Link: 566.720712, Spread: 2.519774
Epoch 197/600, Total: 1479.932890, Node: 908.590854, Link: 571.316276, Spread: 2.573122
Epoch 198/600, Total: 1471.519367, Node: 909.599827, Link: 561.895047, Spread: 2.452091
Epoch 199/600, Total: 1474.013222, Node: 910.930340, Link: 563.058722, Spread: 2.416864
Epoch 200/600, Total: 1543.893177, Node: 920.565870, Link: 623.305265, Spread: 2.206780
Epoch 201/600, Total: 1524.535936, Node: 922.594621, Link: 601.914252, Spread: 2.706225
Epoch 202/600, Total: 1527.635483, Node: 917.382731, Link: 610.227815, Spread: 2.495319
Epoch 203/600, Total: 1483.117710, Node: 917.609770, Link: 565.484288, Spread: 2.365890
Epoch 204/600, Total: 1505.501980, Node: 917.933168, Link: 587.547355, Spread: 2.142795
Epoch 205/600, Total: 1499.582991, Node: 919.799795, Link: 579.760971, Spread: 2.221515
Epoch 206/600, Total: 1484.139849, Node: 917.084677, Link: 567.032689, Spread: 2.249604
Epoch 207/600, Total: 1488.616789, Node: 914.952443, Link: 573.642277, Spread: 2.209617
Epoch 208/600, Total: 1518.709114, Node: 937.202870, Link: 581.482477, Spread: 2.378559
Epoch 209/600, Total: 1517.932844, Node: 925.910940, Link: 591.997728, Spread: 2.418348
Epoch 210/600, Total: 1503.593599, Node: 917.860560, Link: 585.709549, Spread: 2.350426
Epoch 211/600, Total: 1468.645767, Node: 903.786259, Link: 564.837027, Spread: 2.244912
Epoch 212/600, Total: 1563.678101, Node: 929.876312, Link: 633.779932, Spread: 2.184973
Epoch 213/600, Total: 1609.541719, Node: 965.754372, Link: 643.765577, Spread: 2.175426
Epoch 214/600, Total: 1568.892820, Node: 927.331923, Link: 641.538118, Spread: 2.276825
Epoch 215/600, Total: 1568.206932, Node: 934.475976, Link: 633.706217, Spread: 2.475354
Epoch 216/600, Total: 1485.070915, Node: 914.326592, Link: 570.719929, Spread: 2.435590
Epoch 217/600, Total: 1508.893753, Node: 920.831598, Link: 588.036852, Spread: 2.529832
Epoch 218/600, Total: 1468.136501, Node: 908.376034, Link: 559.735853, Spread: 2.459688
Epoch 219/600, Total: 1495.564985, Node: 915.147355, Link: 580.392453, Spread: 2.516897
Epoch 220/600, Total: 1455.220430, Node: 901.451513, Link: 553.743647, Spread: 2.529854
Epoch 221/600, Total: 1483.865826, Node: 911.931259, Link: 571.907912, Spread: 2.664309
Epoch 222/600, Total: 1473.789692, Node: 907.053511, Link: 566.709502, Spread: 2.668889
Epoch 223/600, Total: 1488.684092, Node: 916.750397, Link: 571.906658, Spread: 2.705067
Epoch 224/600, Total: 1484.422459, Node: 913.409494, Link: 570.985329, Spread: 2.764044
Epoch 225/600, Total: 1469.486111, Node: 913.256662, Link: 556.200229, Spread: 2.921713
Epoch 226/600, Total: 1493.775318, Node: 926.713397, Link: 567.031061, Spread: 3.083943
Epoch 227/600, Total: 1484.032068, Node: 917.516772, Link: 566.484416, Spread: 3.083512
Epoch 228/600, Total: 1482.840405, Node: 913.249547, Link: 569.560375, Spread: 3.047450
Epoch 229/600, Total: 1479.723978, Node: 913.397432, Link: 566.296321, Spread: 3.022483
Epoch 230/600, Total: 1451.030924, Node: 902.948945, Link: 548.051525, Spread: 3.046382
Epoch 231/600, Total: 1510.161779, Node: 928.201260, Link: 581.928425, Spread: 3.211536
Epoch 232/600, Total: 1498.348265, Node: 918.991448, Link: 579.328302, Spread: 2.854578
Epoch 233/600, Total: 1582.412457, Node: 965.080544, Link: 617.302480, Spread: 2.942116
Epoch 234/600, Total: 1535.762182, Node: 942.498884, Link: 593.234118, Spread: 2.914782
Epoch 235/600, Total: 1593.460485, Node: 973.102645, Link: 620.329973, Spread: 2.785966
Epoch 236/600, Total: 1551.502968, Node: 939.410083, Link: 612.064743, Spread: 2.816709
Epoch 237/600, Total: 1551.421696, Node: 941.420982, Link: 609.969913, Spread: 3.078997
Epoch 238/600, Total: 1573.768902, Node: 954.109745, Link: 619.625650, Spread: 3.357760
Epoch 239/600, Total: 1568.633688, Node: 952.696075, Link: 615.904304, Spread: 3.328905
Epoch 240/600, Total: 1521.947262, Node: 923.754807, Link: 598.156037, Spread: 3.641744
Epoch 241/600, Total: 1511.863111, Node: 923.520826, Link: 588.304162, Spread: 3.810006
Epoch 242/600, Total: 1581.930197, Node: 955.879139, Link: 626.013674, Spread: 3.740324
Epoch 243/600, Total: 1643.142530, Node: 980.140926, Link: 662.964491, Spread: 3.710338
Epoch 244/600, Total: 1508.649906, Node: 929.932786, Link: 578.679925, Spread: 3.720657
Epoch 245/600, Total: 1481.883430, Node: 911.360435, Link: 570.484608, Spread: 3.836378
Epoch 246/600, Total: 1469.158972, Node: 909.603058, Link: 559.517354, Spread: 3.856543
Epoch 247/600, Total: 1455.385576, Node: 904.181068, Link: 551.164944, Spread: 3.956487
Epoch 248/600, Total: 1502.795828, Node: 915.745733, Link: 587.010010, Spread: 4.010179
Epoch 249/600, Total: 1431.646856, Node: 892.562610, Link: 539.045141, Spread: 3.913170
Epoch 250/600, Total: 1452.589458, Node: 901.518057, Link: 551.032023, Spread: 3.937634
Epoch 251/600, Total: 1458.561878, Node: 901.543874, Link: 556.979099, Spread: 3.889121
Epoch 252/600, Total: 1486.457346, Node: 912.605333, Link: 573.810853, Spread: 4.115333
Epoch 253/600, Total: 1471.672123, Node: 903.609936, Link: 568.021234, Spread: 4.095326
Epoch 254/600, Total: 1460.563120, Node: 901.783388, Link: 558.739904, Spread: 3.983775
Epoch 255/600, Total: 1448.676840, Node: 894.230593, Link: 554.405998, Spread: 4.020832
Epoch 256/600, Total: 1463.597517, Node: 907.740039, Link: 555.815953, Spread: 4.149814
Epoch 257/600, Total: 1496.369904, Node: 931.121370, Link: 565.203966, Spread: 4.455146
Epoch 258/600, Total: 1450.440611, Node: 907.385073, Link: 543.009962, Spread: 4.557059
Epoch 259/600, Total: 1459.924990, Node: 915.263479, Link: 544.619485, Spread: 4.201789
Epoch 260/600, Total: 1427.837503, Node: 902.319387, Link: 525.478844, Spread: 3.928020
Epoch 261/600, Total: 1376.345297, Node: 883.973787, Link: 492.332151, Spread: 3.936498
Epoch 262/600, Total: 1449.868427, Node: 924.074726, Link: 525.755635, Spread: 3.804303
Epoch 263/600, Total: 1392.487846, Node: 889.034079, Link: 503.415668, Spread: 3.810396
Epoch 264/600, Total: 1450.092607, Node: 916.841957, Link: 533.214122, Spread: 3.654071
Epoch 265/600, Total: 1446.456469, Node: 912.173720, Link: 534.245277, Spread: 3.747192
Epoch 266/600, Total: 1480.960102, Node: 926.559517, Link: 554.365033, Spread: 3.553562
Epoch 267/600, Total: 1476.771919, Node: 921.081915, Link: 555.652742, Spread: 3.724383
Epoch 268/600, Total: 1410.486177, Node: 900.857693, Link: 509.593187, Spread: 3.529718
Epoch 269/600, Total: 1422.410419, Node: 911.823300, Link: 510.552402, Spread: 3.471002
Epoch 270/600, Total: 1380.085575, Node: 890.352242, Link: 489.698858, Spread: 3.449274
Epoch 271/600, Total: 1433.786396, Node: 907.328091, Link: 526.423639, Spread: 3.467052
Epoch 272/600, Total: 1413.136509, Node: 900.616300, Link: 512.486369, Spread: 3.384093
Epoch 273/600, Total: 1436.200520, Node: 915.948926, Link: 520.218026, Spread: 3.357087
Epoch 274/600, Total: 1489.642479, Node: 924.729087, Link: 564.881390, Spread: 3.201322
Epoch 275/600, Total: 1489.464439, Node: 930.132820, Link: 559.296331, Spread: 3.528959
Epoch 276/600, Total: 1519.125273, Node: 953.316891, Link: 565.770519, Spread: 3.784635
Epoch 277/600, Total: 1470.417080, Node: 912.445475, Link: 557.939953, Spread: 3.162622
Epoch 278/600, Total: 1421.070950, Node: 904.347436, Link: 516.689609, Spread: 3.390196
Epoch 279/600, Total: 1431.334927, Node: 912.772604, Link: 518.529548, Spread: 3.277352
Epoch 280/600, Total: 1383.781157, Node: 898.214751, Link: 485.535207, Spread: 3.118893
Epoch 281/600, Total: 1356.898787, Node: 887.151730, Link: 469.717306, Spread: 2.972902
Epoch 282/600, Total: 1428.429853, Node: 913.223640, Link: 515.175798, Spread: 3.042142
Epoch 283/600, Total: 1382.850307, Node: 895.276169, Link: 487.543791, Spread: 3.037145
Epoch 284/600, Total: 1395.758253, Node: 898.397162, Link: 497.329584, Spread: 3.153669
Epoch 285/600, Total: 1401.749037, Node: 895.241247, Link: 506.476178, Spread: 3.160637
Epoch 286/600, Total: 1391.400822, Node: 891.464588, Link: 499.904217, Spread: 3.200958
Epoch 287/600, Total: 1408.863510, Node: 901.814209, Link: 507.018446, Spread: 3.084893
Epoch 288/600, Total: 1425.817736, Node: 911.214868, Link: 514.570719, Spread: 3.214010
Epoch 289/600, Total: 1384.940447, Node: 894.219494, Link: 490.688664, Spread: 3.227233
Epoch 290/600, Total: 1380.591438, Node: 890.218101, Link: 490.339504, Spread: 3.384020
Epoch 291/600, Total: 1392.461739, Node: 897.586915, Link: 494.840619, Spread: 3.419782
Epoch 292/600, Total: 1411.031431, Node: 905.683787, Link: 505.312522, Spread: 3.510775
Epoch 293/600, Total: 1349.950937, Node: 882.884324, Link: 467.031769, Spread: 3.482520
Epoch 294/600, Total: 1397.131067, Node: 901.652443, Link: 495.442436, Spread: 3.619922
Epoch 295/600, Total: 1349.110220, Node: 883.410903, Link: 465.661721, Spread: 3.759792
Epoch 296/600, Total: 1394.712187, Node: 897.256976, Link: 497.416713, Spread: 3.852713
Epoch 297/600, Total: 1389.619097, Node: 901.783580, Link: 487.794243, Spread: 4.128096
Epoch 298/600, Total: 1388.369534, Node: 898.416559, Link: 489.910794, Spread: 4.217724
Epoch 299/600, Total: 1382.378445, Node: 893.532495, Link: 488.803791, Spread: 4.216814
Epoch 300/600, Total: 1414.801298, Node: 909.235354, Link: 505.522963, Spread: 4.298936
Epoch 301/600, Total: 1382.806969, Node: 889.632951, Link: 493.129304, Spread: 4.470578
Epoch 302/600, Total: 1379.697037, Node: 893.498013, Link: 486.155952, Spread: 4.303747
Epoch 303/600, Total: 1385.801180, Node: 895.292772, Link: 490.463779, Spread: 4.461924
Epoch 304/600, Total: 1387.693600, Node: 904.116079, Link: 483.530811, Spread: 4.669264
Epoch 305/600, Total: 1402.138876, Node: 901.255197, Link: 500.837497, Spread: 4.616546
Epoch 306/600, Total: 1385.909653, Node: 895.236920, Link: 490.629315, Spread: 4.341093
Epoch 307/600, Total: 1373.714281, Node: 889.715307, Link: 483.954364, Spread: 4.460351
Epoch 308/600, Total: 1380.191860, Node: 894.387584, Link: 485.758574, Spread: 4.568245
Epoch 309/600, Total: 1448.460831, Node: 916.526464, Link: 531.886078, Spread: 4.830408
Epoch 310/600, Total: 1398.625034, Node: 902.961706, Link: 495.615641, Spread: 4.767920
Epoch 311/600, Total: 1400.558498, Node: 905.924206, Link: 494.586018, Spread: 4.825290
Epoch 312/600, Total: 1399.059515, Node: 904.271421, Link: 494.740951, Spread: 4.715501
Epoch 313/600, Total: 1393.806906, Node: 900.719059, Link: 493.038696, Spread: 4.915648
Epoch 314/600, Total: 1469.495943, Node: 919.030173, Link: 550.417258, Spread: 4.850337
Epoch 315/600, Total: 1435.521399, Node: 911.493056, Link: 523.982975, Spread: 4.537509
Epoch 316/600, Total: 1376.928951, Node: 901.914508, Link: 474.970604, Spread: 4.383465
Epoch 317/600, Total: 1421.171772, Node: 904.861998, Link: 516.266527, Spread: 4.327475
Epoch 318/600, Total: 1362.805260, Node: 886.767425, Link: 475.995680, Spread: 4.213282
Epoch 319/600, Total: 1403.242764, Node: 904.037467, Link: 499.166535, Spread: 3.875996
Epoch 320/600, Total: 1421.006329, Node: 908.573569, Link: 512.394370, Spread: 3.839334
Epoch 321/600, Total: 1376.790876, Node: 889.458316, Link: 487.291631, Spread: 4.090857
Epoch 322/600, Total: 1365.476192, Node: 888.959643, Link: 476.474118, Spread: 4.241669
Epoch 323/600, Total: 1438.507986, Node: 913.015199, Link: 525.453689, Spread: 3.911645
Epoch 324/600, Total: 1362.506618, Node: 891.843808, Link: 470.622132, Spread: 4.066553
Epoch 325/600, Total: 1383.442648, Node: 909.215362, Link: 474.187512, Spread: 3.978101
Epoch 326/600, Total: 1381.308081, Node: 894.360586, Link: 486.906005, Spread: 4.145846
Epoch 327/600, Total: 1354.837265, Node: 883.643610, Link: 471.150481, Spread: 4.316869
Epoch 328/600, Total: 1385.017307, Node: 893.417999, Link: 491.554592, Spread: 4.473142
Epoch 329/600, Total: 1349.982712, Node: 882.522353, Link: 467.415967, Spread: 4.439428
Epoch 330/600, Total: 1404.301168, Node: 898.647167, Link: 505.608961, Spread: 4.503686
Epoch 331/600, Total: 1347.651257, Node: 882.930881, Link: 464.673898, Spread: 4.648160
Epoch 332/600, Total: 1390.014894, Node: 905.444757, Link: 484.522752, Spread: 4.742952
Epoch 333/600, Total: 1428.382345, Node: 916.017991, Link: 512.321738, Spread: 4.259393
Epoch 334/600, Total: 1372.272944, Node: 892.784072, Link: 479.443613, Spread: 4.525222
Epoch 335/600, Total: 1376.081762, Node: 891.499232, Link: 484.534999, Spread: 4.753361
Epoch 336/600, Total: 1351.930996, Node: 883.395336, Link: 468.486947, Spread: 4.871723
Epoch 337/600, Total: 1392.927795, Node: 900.884026, Link: 491.996843, Spread: 4.693650
Epoch 338/600, Total: 1382.654488, Node: 892.862307, Link: 489.745465, Spread: 4.674379
Epoch 339/600, Total: 1392.094265, Node: 898.302084, Link: 493.745197, Spread: 4.697731
Epoch 340/600, Total: 1364.740990, Node: 885.181451, Link: 479.510902, Spread: 4.864045
Epoch 341/600, Total: 1392.846071, Node: 899.361010, Link: 493.436273, Spread: 4.877474
Epoch 342/600, Total: 1384.524494, Node: 891.838343, Link: 492.639593, Spread: 4.653858
Epoch 343/600, Total: 1371.692026, Node: 887.787793, Link: 483.856600, Spread: 4.764624
Epoch 344/600, Total: 1436.382305, Node: 902.536054, Link: 533.798551, Spread: 4.768676
Epoch 345/600, Total: 1398.675421, Node: 895.396258, Link: 503.234973, Spread: 4.415614
Epoch 346/600, Total: 1404.804882, Node: 896.461421, Link: 508.294500, Spread: 4.892631
Epoch 347/600, Total: 1384.303822, Node: 894.957558, Link: 489.300829, Spread: 4.543193
Epoch 348/600, Total: 1428.348366, Node: 910.686817, Link: 517.616532, Spread: 4.502036
Epoch 349/600, Total: 1377.603315, Node: 896.102500, Link: 481.455319, Spread: 4.548443
Epoch 350/600, Total: 1362.477444, Node: 889.312091, Link: 473.118675, Spread: 4.665376
Epoch 351/600, Total: 1402.511539, Node: 903.259175, Link: 499.205392, Spread: 4.696718
Epoch 352/600, Total: 1346.018541, Node: 884.048598, Link: 461.920939, Spread: 4.898195
Epoch 353/600, Total: 1448.983320, Node: 918.813549, Link: 530.123997, Spread: 4.575912
Epoch 354/600, Total: 1390.837805, Node: 898.569580, Link: 492.223843, Spread: 4.441033
Epoch 355/600, Total: 1384.948163, Node: 907.154342, Link: 477.748918, Spread: 4.491930
Epoch 356/600, Total: 1468.684109, Node: 925.155181, Link: 543.483113, Spread: 4.583735
Epoch 357/600, Total: 1457.308821, Node: 910.966704, Link: 546.293134, Spread: 4.896386
Epoch 358/600, Total: 1383.610147, Node: 894.940225, Link: 488.623156, Spread: 4.675952
Epoch 359/600, Total: 1387.965912, Node: 900.422241, Link: 487.494874, Spread: 4.876601
Epoch 360/600, Total: 1310.976185, Node: 868.729824, Link: 442.197087, Spread: 4.927507
Epoch 361/600, Total: 1399.385712, Node: 900.458149, Link: 498.880442, Spread: 4.710509
Epoch 362/600, Total: 1420.256445, Node: 906.485006, Link: 513.725075, Spread: 4.635911
Epoch 363/600, Total: 1347.087265, Node: 874.234503, Link: 472.803562, Spread: 4.917272
Epoch 364/600, Total: 1362.672066, Node: 884.889799, Link: 477.734443, Spread: 4.781733
Epoch 365/600, Total: 1338.198076, Node: 880.889483, Link: 457.260213, Spread: 4.838233
Epoch 366/600, Total: 1391.159103, Node: 895.026412, Link: 496.081654, Spread: 5.105103
Epoch 367/600, Total: 1376.075989, Node: 893.340616, Link: 482.685284, Spread: 5.007478
Epoch 368/600, Total: 1367.891563, Node: 891.287143, Link: 476.556431, Spread: 4.795022
Epoch 369/600, Total: 1366.934820, Node: 889.771631, Link: 477.116687, Spread: 4.649776
Epoch 370/600, Total: 1384.180843, Node: 901.625429, Link: 482.511392, Spread: 4.399766
Epoch 371/600, Total: 1378.550690, Node: 904.003096, Link: 474.501068, Spread: 4.652345
Epoch 372/600, Total: 1382.937544, Node: 899.991734, Link: 482.897796, Spread: 4.801390
Epoch 373/600, Total: 1438.501511, Node: 915.912025, Link: 522.540555, Spread: 4.895209
Epoch 374/600, Total: 1343.332758, Node: 876.636066, Link: 466.643619, Spread: 5.305287
Epoch 375/600, Total: 1414.378313, Node: 908.241948, Link: 506.082636, Spread: 5.372867
Epoch 376/600, Total: 1389.701700, Node: 893.818119, Link: 495.831236, Spread: 5.234289
Epoch 377/600, Total: 1383.638546, Node: 889.593817, Link: 493.991058, Spread: 5.369126
Epoch 378/600, Total: 1357.016790, Node: 882.592550, Link: 474.373968, Spread: 5.025138
Epoch 379/600, Total: 1366.483688, Node: 888.656514, Link: 477.776761, Spread: 5.039921
Epoch 380/600, Total: 1361.685640, Node: 886.440693, Link: 475.194194, Spread: 5.076622
Epoch 381/600, Total: 1331.298531, Node: 878.795942, Link: 452.450020, Spread: 5.256427
Epoch 382/600, Total: 1385.902567, Node: 903.621227, Link: 482.229480, Spread: 5.187432
Epoch 383/600, Total: 1370.830187, Node: 892.737732, Link: 478.040092, Spread: 5.236025
Epoch 384/600, Total: 1345.104656, Node: 881.303953, Link: 463.746296, Spread: 5.440717
Epoch 385/600, Total: 1350.970396, Node: 888.792921, Link: 462.121188, Spread: 5.629601
Epoch 386/600, Total: 1334.471699, Node: 879.867705, Link: 454.543767, Spread: 6.020736
Epoch 387/600, Total: 1337.654188, Node: 879.575590, Link: 458.018078, Spread: 6.052175
Epoch 388/600, Total: 1364.679726, Node: 890.402315, Link: 474.212166, Spread: 6.525231
Epoch 389/600, Total: 1335.837456, Node: 876.626380, Link: 459.146257, Spread: 6.481758
Epoch 390/600, Total: 1345.917881, Node: 878.480361, Link: 467.370792, Spread: 6.672433
Epoch 391/600, Total: 1375.218010, Node: 886.662092, Link: 488.487672, Spread: 6.827085
Epoch 392/600, Total: 1407.193518, Node: 895.432073, Link: 511.692268, Spread: 6.915725
Epoch 393/600, Total: 1362.783577, Node: 879.752847, Link: 482.961855, Spread: 6.889411
Epoch 394/600, Total: 1439.351582, Node: 915.849724, Link: 523.437992, Spread: 6.384763
Epoch 395/600, Total: 1309.394737, Node: 868.673515, Link: 440.650356, Spread: 7.085192
Epoch 396/600, Total: 1327.573122, Node: 874.822267, Link: 452.681019, Spread: 6.982925
Epoch 397/600, Total: 1356.930344, Node: 882.827912, Link: 474.031493, Spread: 7.092978
Epoch 398/600, Total: 1372.508486, Node: 902.323642, Link: 470.111400, Spread: 7.345321
Epoch 399/600, Total: 1370.764042, Node: 894.698330, Link: 475.980148, Spread: 8.553927
Epoch 400/600, Total: 1328.510573, Node: 878.805670, Link: 449.616203, Spread: 8.871957
Epoch 401/600, Total: 1403.027330, Node: 896.682643, Link: 506.254520, Spread: 9.019734
Epoch 402/600, Total: 1336.478725, Node: 877.230150, Link: 459.163152, Spread: 8.541663
Epoch 403/600, Total: 1321.236427, Node: 867.542861, Link: 453.603782, Spread: 8.977143
Epoch 404/600, Total: 1346.900173, Node: 898.450318, Link: 448.355704, Spread: 9.412266
Epoch 405/600, Total: 1382.203444, Node: 906.141056, Link: 475.965060, Spread: 9.733536
Epoch 406/600, Total: 1328.369148, Node: 879.211841, Link: 449.066152, Spread: 9.117261
Epoch 407/600, Total: 1367.369999, Node: 890.571936, Link: 476.708416, Spread: 8.961970
Epoch 408/600, Total: 1445.660109, Node: 918.174057, Link: 527.386577, Spread: 9.948906
Epoch 409/600, Total: 1409.184543, Node: 907.100604, Link: 501.984578, Spread: 9.936120
Epoch 410/600, Total: 1370.786139, Node: 890.762953, Link: 479.924993, Spread: 9.820637
Epoch 411/600, Total: 1465.238262, Node: 929.183552, Link: 535.956234, Spread: 9.845734
Epoch 412/600, Total: 1331.486761, Node: 878.808282, Link: 452.572026, Spread: 10.646340
Epoch 413/600, Total: 1388.905243, Node: 895.242057, Link: 493.558531, Spread: 10.467258
Epoch 414/600, Total: 1319.911015, Node: 874.082772, Link: 445.727001, Spread: 10.124267
Epoch 415/600, Total: 1392.807941, Node: 906.725636, Link: 485.973186, Spread: 10.910559
Epoch 416/600, Total: 1374.339909, Node: 902.801801, Link: 471.423603, Spread: 11.448640
Epoch 417/600, Total: 1342.767820, Node: 883.005215, Link: 459.631471, Spread: 13.115266
Epoch 418/600, Total: 1380.070045, Node: 901.642640, Link: 478.297491, Spread: 12.988103
Epoch 419/600, Total: 1309.168436, Node: 872.337559, Link: 436.689804, Spread: 14.104038
Epoch 420/600, Total: 1376.877312, Node: 897.123609, Link: 479.603426, Spread: 15.029510
Epoch 421/600, Total: 1363.810537, Node: 894.643284, Link: 469.000569, Spread: 16.670007
Epoch 422/600, Total: 1389.942991, Node: 911.008100, Link: 478.760819, Spread: 17.403941
Epoch 423/600, Total: 1357.985142, Node: 894.444598, Link: 463.348500, Spread: 19.203505
Epoch 424/600, Total: 1357.526924, Node: 894.642544, Link: 462.702667, Spread: 18.170815
Epoch 425/600, Total: 1351.267925, Node: 883.783935, Link: 467.298349, Spread: 18.563948
Epoch 426/600, Total: 1345.397367, Node: 888.031782, Link: 457.171741, Spread: 19.383990
Epoch 427/600, Total: 1394.783085, Node: 910.065160, Link: 484.533001, Spread: 18.492449
Epoch 428/600, Total: 1337.156771, Node: 884.318870, Link: 452.654332, Spread: 18.355997
Epoch 429/600, Total: 1340.057684, Node: 884.553995, Link: 455.319250, Spread: 18.444669
Epoch 430/600, Total: 1358.919521, Node: 893.400760, Link: 465.328567, Spread: 19.018631
Epoch 431/600, Total: 1303.933842, Node: 869.574984, Link: 434.161180, Spread: 19.766180
Epoch 432/600, Total: 1367.184532, Node: 895.258320, Link: 471.724061, Spread: 20.214806
Epoch 433/600, Total: 1340.207625, Node: 888.731168, Link: 451.268511, Spread: 20.796187
Epoch 434/600, Total: 1319.534612, Node: 883.565595, Link: 435.739171, Spread: 22.984536
Epoch 435/600, Total: 1403.846802, Node: 914.198109, Link: 489.409960, Spread: 23.874506
Epoch 436/600, Total: 1358.160191, Node: 894.029082, Link: 463.887645, Spread: 24.346450
Epoch 437/600, Total: 1340.735075, Node: 896.741060, Link: 443.766169, Spread: 22.783200
Epoch 438/600, Total: 1325.695160, Node: 889.968342, Link: 435.478563, Spread: 24.826647
Epoch 439/600, Total: 1327.653414, Node: 886.677556, Link: 440.707066, Spread: 26.880270
Epoch 440/600, Total: 1376.859163, Node: 905.720796, Link: 470.883520, Spread: 25.483858
Epoch 441/600, Total: 1347.396887, Node: 890.439602, Link: 456.724168, Spread: 23.311811
Epoch 442/600, Total: 1361.545460, Node: 904.673334, Link: 456.638558, Spread: 23.356351
Epoch 443/600, Total: 1279.007381, Node: 870.593026, Link: 408.172385, Spread: 24.195869
Epoch 444/600, Total: 1382.505751, Node: 916.959506, Link: 465.292210, Spread: 25.405277
Epoch 445/600, Total: 1301.145029, Node: 878.385125, Link: 422.498710, Spread: 26.120145
Epoch 446/600, Total: 1332.396799, Node: 900.511250, Link: 431.643678, Spread: 24.186640
Epoch 447/600, Total: 1334.382067, Node: 894.885815, Link: 439.258920, Spread: 23.734983
Epoch 448/600, Total: 1310.843990, Node: 885.401497, Link: 425.207384, Spread: 23.510894
Epoch 449/600, Total: 1293.436703, Node: 879.322854, Link: 413.886649, Spread: 22.720773
Epoch 450/600, Total: 1336.947126, Node: 902.323849, Link: 434.401709, Spread: 22.158019
Epoch 451/600, Total: 1239.034622, Node: 856.097950, Link: 382.689813, Spread: 24.686806
Epoch 452/600, Total: 1272.184944, Node: 869.752730, Link: 402.172786, Spread: 25.941900
Epoch 453/600, Total: 1318.631701, Node: 887.585638, Link: 430.778828, Spread: 26.722912
Epoch 454/600, Total: 1302.978970, Node: 881.266793, Link: 421.465895, Spread: 24.626943
Epoch 455/600, Total: 1368.974249, Node: 905.049784, Link: 463.666007, Spread: 25.846926
Epoch 456/600, Total: 1306.004976, Node: 879.972195, Link: 425.764873, Spread: 26.786846
Epoch 457/600, Total: 1318.896410, Node: 884.125567, Link: 434.501268, Spread: 26.959161
Epoch 458/600, Total: 1362.888824, Node: 905.476165, Link: 457.157496, Spread: 25.516362
Epoch 459/600, Total: 1298.477640, Node: 885.145768, Link: 413.071856, Spread: 26.002006
Epoch 460/600, Total: 1272.143349, Node: 866.757912, Link: 405.101834, Spread: 28.360915
Epoch 461/600, Total: 1243.241211, Node: 855.953564, Link: 386.984037, Spread: 30.361908
Epoch 462/600, Total: 1287.393894, Node: 877.897699, Link: 409.187869, Spread: 30.830550
Epoch 463/600, Total: 1340.663782, Node: 901.204208, Link: 439.167590, Spread: 29.199379
Epoch 464/600, Total: 1327.489758, Node: 899.696291, Link: 427.501239, Spread: 29.223743
Epoch 465/600, Total: 1303.298607, Node: 883.370204, Link: 419.625724, Spread: 30.268461
Epoch 466/600, Total: 1309.480490, Node: 888.136049, Link: 421.056415, Spread: 28.805334
Epoch 467/600, Total: 1313.105152, Node: 893.970727, Link: 418.792653, Spread: 34.177066
Epoch 468/600, Total: 1400.985350, Node: 928.144220, Link: 472.517381, Spread: 32.378222
Epoch 469/600, Total: 1285.643509, Node: 876.339665, Link: 408.984395, Spread: 31.947496
Epoch 470/600, Total: 1306.680468, Node: 887.213582, Link: 419.156068, Spread: 31.080515
Epoch 471/600, Total: 1272.816397, Node: 877.317165, Link: 395.147476, Spread: 35.175240
Epoch 472/600, Total: 1264.488388, Node: 868.959691, Link: 395.168593, Spread: 36.011972
Epoch 473/600, Total: 1321.084892, Node: 891.978686, Link: 428.732197, Spread: 37.398642
Epoch 474/600, Total: 1310.738144, Node: 885.785786, Link: 424.578793, Spread: 37.358552
Epoch 475/600, Total: 1269.269337, Node: 866.681289, Link: 402.239474, Spread: 34.858577
Epoch 476/600, Total: 1309.898813, Node: 891.988032, Link: 417.562391, Spread: 34.838366
Epoch 477/600, Total: 1241.633938, Node: 856.870878, Link: 384.357629, Spread: 40.544301
Epoch 478/600, Total: 1296.373415, Node: 880.276917, Link: 415.667839, Spread: 42.865208
Epoch 479/600, Total: 1329.354145, Node: 890.518402, Link: 438.409010, Spread: 42.671665
Epoch 480/600, Total: 1402.044701, Node: 934.296314, Link: 467.308912, Spread: 43.950003
Epoch 481/600, Total: 1343.543528, Node: 892.237429, Link: 450.931537, Spread: 37.456252
Epoch 482/600, Total: 1299.829552, Node: 883.842286, Link: 415.616040, Spread: 37.121699
Epoch 483/600, Total: 1301.026600, Node: 885.137815, Link: 415.528523, Spread: 36.026430
Epoch 484/600, Total: 1286.964766, Node: 882.252002, Link: 404.321590, Spread: 39.117486
Epoch 485/600, Total: 1381.705639, Node: 916.552117, Link: 464.789391, Spread: 36.413031
Epoch 486/600, Total: 1279.838837, Node: 876.552315, Link: 402.912904, Spread: 37.358974
Epoch 487/600, Total: 1269.058683, Node: 870.968874, Link: 397.720003, Spread: 36.981274
Epoch 488/600, Total: 1416.544733, Node: 931.575254, Link: 484.627763, Spread: 34.168993
Epoch 489/600, Total: 1319.035975, Node: 891.716499, Link: 427.015742, Spread: 30.374405
Epoch 490/600, Total: 1315.489769, Node: 891.670358, Link: 423.475544, Spread: 34.388051
Epoch 491/600, Total: 1345.630936, Node: 902.196678, Link: 443.052345, Spread: 38.189114
Epoch 492/600, Total: 1279.555529, Node: 876.999396, Link: 402.150680, Spread: 40.546835
Epoch 493/600, Total: 1234.793520, Node: 857.950548, Link: 376.437410, Spread: 40.556689
Epoch 494/600, Total: 1292.087618, Node: 879.831343, Link: 411.839799, Spread: 41.648280
Epoch 495/600, Total: 1214.228645, Node: 852.178713, Link: 361.593452, Spread: 45.648707
Epoch 496/600, Total: 1224.630911, Node: 856.665026, Link: 367.464788, Spread: 50.111795
Epoch 497/600, Total: 1308.746202, Node: 882.980246, Link: 425.311072, Spread: 45.490703
Epoch 498/600, Total: 1344.196959, Node: 895.350924, Link: 448.403811, Spread: 44.221798
Epoch 499/600, Total: 1331.650341, Node: 896.138634, Link: 435.035982, Spread: 47.567962
Epoch 500/600, Total: 1311.844061, Node: 886.565408, Link: 424.760816, Spread: 51.781683
Epoch 501/600, Total: 1255.987141, Node: 865.687102, Link: 389.807691, Spread: 49.232744
Epoch 502/600, Total: 1324.026253, Node: 889.019189, Link: 434.554643, Spread: 45.241680
Epoch 503/600, Total: 1344.448629, Node: 895.743559, Link: 448.292184, Spread: 41.286227
Epoch 504/600, Total: 1292.338531, Node: 879.588656, Link: 412.362323, Spread: 38.754731
Epoch 505/600, Total: 1232.846319, Node: 858.466259, Link: 374.015568, Spread: 36.447604
Epoch 506/600, Total: 1361.639029, Node: 905.851432, Link: 455.432277, Spread: 35.533334
Epoch 507/600, Total: 1333.633907, Node: 897.359485, Link: 435.901729, Spread: 37.269844
Epoch 508/600, Total: 1323.332406, Node: 894.650512, Link: 428.316556, Spread: 36.534573
Epoch 509/600, Total: 1346.453625, Node: 901.544895, Link: 444.503458, Spread: 40.526942
Epoch 510/600, Total: 1274.495699, Node: 876.184172, Link: 397.911779, Spread: 39.973934
Epoch 511/600, Total: 1338.279184, Node: 899.561892, Link: 438.318730, Spread: 39.858166
Epoch 512/600, Total: 1382.578758, Node: 930.245933, Link: 451.928902, Spread: 40.389579
Epoch 513/600, Total: 1323.178831, Node: 889.819057, Link: 432.939069, Spread: 42.068985
Epoch 514/600, Total: 1334.363605, Node: 899.971472, Link: 433.999855, Spread: 39.228381
Epoch 515/600, Total: 1314.096470, Node: 888.159787, Link: 425.538574, Spread: 39.809349
Epoch 516/600, Total: 1286.315784, Node: 883.209368, Link: 402.705782, Spread: 40.065441
Epoch 517/600, Total: 1320.111931, Node: 894.438374, Link: 425.290906, Spread: 38.267656
Epoch 518/600, Total: 1240.302165, Node: 864.785030, Link: 375.043350, Spread: 47.376666
Epoch 519/600, Total: 1302.289661, Node: 891.335476, Link: 410.442931, Spread: 51.125220
Epoch 520/600, Total: 1313.454849, Node: 886.435288, Link: 426.552675, Spread: 46.688346
Epoch 521/600, Total: 1227.486094, Node: 858.801080, Link: 368.188595, Spread: 49.641412
Epoch 522/600, Total: 1229.836213, Node: 858.971715, Link: 370.319735, Spread: 54.473373
Epoch 523/600, Total: 1304.807768, Node: 888.464260, Link: 415.840166, Spread: 50.337003
Epoch 524/600, Total: 1311.334255, Node: 897.822719, Link: 412.978090, Spread: 53.348729
Epoch 525/600, Total: 1398.495041, Node: 917.875590, Link: 480.050136, Spread: 56.931321
Epoch 526/600, Total: 1293.807100, Node: 883.328052, Link: 409.926280, Spread: 55.277134
Epoch 527/600, Total: 1327.528978, Node: 898.070721, Link: 428.932621, Spread: 52.564616
Epoch 528/600, Total: 1297.001003, Node: 882.418269, Link: 414.034521, Spread: 54.824000
Epoch 529/600, Total: 1268.675997, Node: 871.771833, Link: 396.315775, Spread: 58.838299
Epoch 530/600, Total: 1347.531054, Node: 913.588190, Link: 433.403555, Spread: 53.931816
Epoch 531/600, Total: 1285.472095, Node: 879.341804, Link: 405.519488, Spread: 61.080822
Epoch 532/600, Total: 1233.503353, Node: 859.602623, Link: 373.281464, Spread: 61.928811
Epoch 533/600, Total: 1282.445660, Node: 881.705587, Link: 400.123000, Spread: 61.706199
Epoch 534/600, Total: 1360.382664, Node: 897.634255, Link: 462.062103, Spread: 68.630147
Epoch 535/600, Total: 1248.634626, Node: 862.267546, Link: 385.744512, Spread: 62.258145
Epoch 536/600, Total: 1314.606051, Node: 897.133402, Link: 416.891500, Spread: 58.113032
Epoch 537/600, Total: 1263.032920, Node: 873.069191, Link: 389.345046, Spread: 61.867672
Epoch 538/600, Total: 1295.819532, Node: 886.932807, Link: 408.217309, Spread: 66.938234
Epoch 539/600, Total: 1360.586994, Node: 909.011704, Link: 450.888458, Spread: 68.682852
Epoch 540/600, Total: 1291.442451, Node: 888.505075, Link: 402.284081, Spread: 65.330700
Epoch 541/600, Total: 1273.692488, Node: 877.276890, Link: 395.675393, Spread: 74.024724
Epoch 542/600, Total: 1219.415895, Node: 854.052522, Link: 364.564260, Spread: 79.910823
Epoch 543/600, Total: 1259.894529, Node: 874.476339, Link: 384.566828, Spread: 85.136041
Epoch 544/600, Total: 1342.445410, Node: 901.050783, Link: 440.505757, Spread: 88.885382
Epoch 545/600, Total: 1278.069542, Node: 877.869196, Link: 399.364704, Spread: 83.564330
Epoch 546/600, Total: 1346.523164, Node: 901.624696, Link: 444.146537, Spread: 75.193322
Epoch 547/600, Total: 1230.084940, Node: 861.333532, Link: 367.968013, Spread: 78.339626
Epoch 548/600, Total: 1248.301645, Node: 866.207851, Link: 381.226449, Spread: 86.734666
Epoch 549/600, Total: 1357.514439, Node: 908.394728, Link: 448.320576, Spread: 79.910733
Epoch 550/600, Total: 1272.934638, Node: 878.017863, Link: 394.106652, Spread: 81.013081
Epoch 551/600, Total: 1217.807477, Node: 855.742337, Link: 361.195495, Spread: 86.965120
Epoch 552/600, Total: 1232.917507, Node: 860.298964, Link: 371.756944, Spread: 86.161083
Epoch 553/600, Total: 1210.901598, Node: 851.951677, Link: 358.036118, Spread: 91.375999
Epoch 554/600, Total: 1246.915523, Node: 864.739634, Link: 381.208501, Spread: 96.739348
Epoch 555/600, Total: 1222.562663, Node: 855.262156, Link: 366.344501, Spread: 95.602543
Epoch 556/600, Total: 1211.938349, Node: 852.839448, Link: 358.147936, Spread: 95.095118
Epoch 557/600, Total: 1225.457395, Node: 858.768934, Link: 365.660303, Spread: 102.817095
Epoch 558/600, Total: 1306.610114, Node: 884.607448, Link: 421.045023, Spread: 95.766369
Epoch 559/600, Total: 1226.600853, Node: 853.280569, Link: 372.342857, Spread: 97.738344
Epoch 560/600, Total: 1219.384388, Node: 855.644896, Link: 362.660587, Spread: 107.890910
Epoch 561/600, Total: 1249.336386, Node: 867.632244, Link: 380.593451, Spread: 111.069232
Epoch 562/600, Total: 1281.883499, Node: 879.014583, Link: 401.855209, Spread: 101.370756
Epoch 563/600, Total: 1264.346329, Node: 874.668237, Link: 388.752758, Spread: 92.535419
Epoch 564/600, Total: 1260.667635, Node: 874.126061, Link: 385.592753, Spread: 94.881986
Epoch 565/600, Total: 1316.237724, Node: 895.232718, Link: 420.033504, Spread: 97.148202
Epoch 566/600, Total: 1288.772593, Node: 886.752766, Link: 401.053721, Spread: 96.609108
Epoch 567/600, Total: 1244.389103, Node: 861.264896, Link: 382.103953, Spread: 102.025881
Epoch 568/600, Total: 1258.823023, Node: 870.372948, Link: 387.416595, Spread: 103.346014
Epoch 569/600, Total: 1308.082422, Node: 884.779846, Link: 422.365890, Spread: 93.664142
Epoch 570/600, Total: 1248.941857, Node: 866.091927, Link: 381.871370, Spread: 97.855717
Epoch 571/600, Total: 1249.185091, Node: 867.047463, Link: 381.081432, Spread: 105.622593
Epoch 572/600, Total: 1221.277674, Node: 856.058375, Link: 364.137703, Spread: 108.160522
Epoch 573/600, Total: 1226.613799, Node: 857.665574, Link: 367.764980, Spread: 118.327049
Epoch 574/600, Total: 1225.479523, Node: 858.673819, Link: 365.673545, Spread: 113.214296
Epoch 575/600, Total: 1253.393835, Node: 875.682128, Link: 376.606998, Spread: 110.472323
Epoch 576/600, Total: 1265.988365, Node: 873.108809, Link: 391.457259, Spread: 142.230853
Epoch 577/600, Total: 1206.952979, Node: 854.546560, Link: 351.014483, Spread: 139.196060
Epoch 578/600, Total: 1228.762989, Node: 861.055719, Link: 366.469240, Spread: 123.803372
Epoch 579/600, Total: 1277.825786, Node: 875.552572, Link: 401.123686, Spread: 114.952576
Epoch 580/600, Total: 1224.240921, Node: 854.518075, Link: 368.585946, Spread: 113.691624
Epoch 581/600, Total: 1236.698997, Node: 861.233047, Link: 374.258972, Spread: 120.698051
Epoch 582/600, Total: 1227.134125, Node: 858.907817, Link: 366.927933, Spread: 129.840268
Epoch 583/600, Total: 1312.399729, Node: 905.536895, Link: 405.701747, Spread: 116.109692
Epoch 584/600, Total: 1255.017300, Node: 871.508425, Link: 382.295688, Spread: 121.317246
Epoch 585/600, Total: 1305.443325, Node: 888.747773, Link: 415.552967, Spread: 114.255954
Epoch 586/600, Total: 1281.026043, Node: 884.208914, Link: 395.661088, Spread: 115.604801
Epoch 587/600, Total: 1238.896627, Node: 866.834284, Link: 370.833828, Spread: 122.850644
Epoch 588/600, Total: 1267.076591, Node: 880.126965, Link: 385.722834, Spread: 122.680129
Epoch 589/600, Total: 1228.168943, Node: 858.636901, Link: 368.260722, Spread: 127.130788
Epoch 590/600, Total: 1222.877609, Node: 858.594991, Link: 362.925953, Spread: 135.664922
Epoch 591/600, Total: 1333.829362, Node: 899.963437, Link: 432.435668, Spread: 143.025065
Epoch 592/600, Total: 1303.226229, Node: 884.263086, Link: 417.473127, Spread: 149.003413
Epoch 593/600, Total: 1261.723825, Node: 872.752109, Link: 387.476672, Spread: 149.502888
Epoch 594/600, Total: 1291.843546, Node: 885.574657, Link: 404.897291, Spread: 137.159458
Epoch 595/600, Total: 1283.445139, Node: 882.511902, Link: 399.638210, Spread: 129.502766
Epoch 596/600, Total: 1264.768476, Node: 874.671573, Link: 388.828964, Spread: 126.793934
Epoch 597/600, Total: 1222.144806, Node: 856.555793, Link: 364.330494, Spread: 125.853439
Epoch 598/600, Total: 1257.576468, Node: 868.622624, Link: 387.587703, Spread: 136.615177
Epoch 599/600, Total: 1315.328117, Node: 902.168788, Link: 411.752898, Spread: 140.643137
Epoch 600/600, Total: 1285.036142, Node: 880.640373, Link: 403.112776, Spread: 128.300808
Saved sweep result to: /homes/dameyer/ml-for-wdn-project-4/results/aggregated/gnn_training_sweep/net1_buffer=25_rollout=25_seed=42.json
Table value: 880.640373
