Filter:    ekf
Job:       240752
Array ID:  22
Seed:      64
Host:      assistant-3.GPU.CIT-EC.NET
Dataset:   hanoi

Running Hanoi GNN EKF: 24 sensor counts × 1 sensor placements
2 sensors/type: 1.1115 ± 0.2590
3 sensors/type: 1.0598 ± 0.2788
4 sensors/type: 1.0069 ± 0.2632
5 sensors/type: 1.0183 ± 0.2675
6 sensors/type: 0.9737 ± 0.2598
7 sensors/type: 1.0401 ± 0.3013
8 sensors/type: 0.9874 ± 0.2795
9 sensors/type: 0.9679 ± 0.2663
10 sensors/type: 0.9431 ± 0.2579
11 sensors/type: 0.9067 ± 0.2581
12 sensors/type: 0.9099 ± 0.2696
13 sensors/type: 0.9218 ± 0.2478
14 sensors/type: 0.9022 ± 0.2499
15 sensors/type: 0.8789 ± 0.2424
16 sensors/type: 0.9782 ± 0.2960
17 sensors/type: 0.8876 ± 0.2698
18 sensors/type: 0.9126 ± 0.2718
19 sensors/type: 0.9259 ± 0.2822
20 sensors/type: 0.8736 ± 0.2621
21 sensors/type: 0.8403 ± 0.2642
22 sensors/type: 0.8847 ± 0.2672
23 sensors/type: 0.8564 ± 0.2580
24 sensors/type: 0.8560 ± 0.2571
25 sensors/type: 0.8568 ± 0.2695
Saved gnn EKF result to: /homes/dameyer/ml-for-wdn-project-4/results/aggregated/hanoi_gnn_ekf_n_iters=1_seed=64.npz
