Filter:    ekf
Job:       240634
Array ID:  3
Seed:      45
Host:      assistant-3.GPU.CIT-EC.NET
Dataset:   hanoi

Running Hanoi GNN EKF: 24 sensor counts × 1 sensor placements
2 sensors/type: 1.1106 ± 0.2988
3 sensors/type: 1.0908 ± 0.3114
4 sensors/type: 1.0452 ± 0.2953
5 sensors/type: 1.0362 ± 0.2606
6 sensors/type: 1.1085 ± 0.2939
7 sensors/type: 0.9358 ± 0.2714
8 sensors/type: 0.9918 ± 0.2693
9 sensors/type: 0.9986 ± 0.2962
10 sensors/type: 0.9570 ± 0.2945
11 sensors/type: 1.0475 ± 0.3013
12 sensors/type: 0.9253 ± 0.2676
13 sensors/type: 0.9685 ± 0.2912
14 sensors/type: 0.9156 ± 0.2572
15 sensors/type: 0.9066 ± 0.2650
16 sensors/type: 0.8696 ± 0.2564
17 sensors/type: 0.8844 ± 0.2491
18 sensors/type: 0.8617 ± 0.2462
19 sensors/type: 0.8565 ± 0.2379
20 sensors/type: 0.8804 ± 0.2530
21 sensors/type: 0.8661 ± 0.2532
22 sensors/type: 0.8797 ± 0.2634
23 sensors/type: 0.8837 ± 0.2810
24 sensors/type: 0.8693 ± 0.2720
25 sensors/type: 0.8601 ± 0.2671
Saved gnn EKF result to: /homes/dameyer/ml-for-wdn-project-4/results/aggregated/hanoi_gnn_ekf_n_iters=1_seed=45.npz
