================================
GNN training sweep
Job ID: 242673
Task ID: 9
Buffer size: 5
Rollout length: 15
================================
Running GNN sweep: dataset=Net1, buffer=5, rollout=15
Epoch 1/600, Total: 3310.599299, Node: 1590.260568, Link: 1718.427050, Spread: 191.164416
Epoch 2/600, Total: 2003.743239, Node: 1261.030197, Link: 740.550568, Spread: 216.248827
Epoch 3/600, Total: 1974.544153, Node: 1226.964924, Link: 745.595656, Spread: 198.355700
Epoch 4/600, Total: 1941.552898, Node: 1198.405119, Link: 741.343064, Spread: 180.472215
Epoch 5/600, Total: 1913.771589, Node: 1173.151549, Link: 738.993594, Spread: 162.645400
Epoch 6/600, Total: 1887.022189, Node: 1148.731530, Link: 736.831742, Spread: 145.890988
Epoch 7/600, Total: 1861.889397, Node: 1125.797381, Link: 734.787236, Spread: 130.477049
Epoch 8/600, Total: 1847.992575, Node: 1112.484528, Link: 734.343281, Spread: 116.480299
Epoch 9/600, Total: 1825.252981, Node: 1094.879951, Link: 729.316504, Spread: 105.654752
Epoch 10/600, Total: 1814.490932, Node: 1084.103463, Link: 729.429618, Spread: 95.783498
Epoch 11/600, Total: 1797.766797, Node: 1072.902269, Link: 723.990311, Spread: 87.421147
Epoch 12/600, Total: 1790.738338, Node: 1063.578076, Link: 726.366342, Spread: 79.392077
Epoch 13/600, Total: 1777.572587, Node: 1056.138338, Link: 720.713447, Spread: 72.079057
Epoch 14/600, Total: 1770.499596, Node: 1047.575724, Link: 722.270917, Spread: 65.294858
Epoch 15/600, Total: 1762.204835, Node: 1042.429398, Link: 719.194009, Spread: 58.143397
Epoch 16/600, Total: 1761.878100, Node: 1037.089473, Link: 724.264058, Spread: 52.455186
Epoch 17/600, Total: 1746.913015, Node: 1026.662562, Link: 719.780574, Spread: 46.988482
Epoch 18/600, Total: 1739.979393, Node: 1022.990653, Link: 716.564264, Spread: 42.445630
Epoch 19/600, Total: 1735.643373, Node: 1019.545963, Link: 715.718164, Spread: 37.926427
Epoch 20/600, Total: 1729.559134, Node: 1015.748386, Link: 713.474062, Spread: 33.670723
Epoch 21/600, Total: 1724.428297, Node: 1011.548233, Link: 712.582239, Spread: 29.781720
Epoch 22/600, Total: 1719.023076, Node: 1008.982007, Link: 709.772795, Spread: 26.824865
Epoch 23/600, Total: 1707.056121, Node: 1004.902528, Link: 701.910137, Spread: 24.341652
Epoch 24/600, Total: 1710.134317, Node: 1002.831041, Link: 707.082657, Spread: 22.060330
Epoch 25/600, Total: 1710.399223, Node: 1000.039255, Link: 710.157857, Spread: 20.211738
Epoch 26/600, Total: 1713.951326, Node: 1002.384152, Link: 711.380530, Spread: 18.663977
Epoch 27/600, Total: 1710.814667, Node: 1003.983023, Link: 706.666244, Spread: 16.541190
Epoch 28/600, Total: 1704.707017, Node: 1001.973749, Link: 702.581949, Spread: 15.132423
Epoch 29/600, Total: 1703.825679, Node: 998.687323, Link: 704.998570, Spread: 13.976513
Epoch 30/600, Total: 1701.510720, Node: 1000.126015, Link: 701.255687, Spread: 12.900511
Epoch 31/600, Total: 1697.850518, Node: 995.598849, Link: 702.133262, Spread: 11.841554
Epoch 32/600, Total: 1691.888519, Node: 997.693057, Link: 694.086339, Spread: 10.912098
Epoch 33/600, Total: 1686.616311, Node: 990.557100, Link: 695.957937, Spread: 10.125752
Epoch 34/600, Total: 1689.585011, Node: 993.078203, Link: 696.412773, Spread: 9.403559
Epoch 35/600, Total: 1683.341632, Node: 992.954879, Link: 690.302845, Spread: 8.391344
Epoch 36/600, Total: 1688.440494, Node: 992.925862, Link: 695.437971, Spread: 7.666251
Epoch 37/600, Total: 1675.447287, Node: 985.813084, Link: 689.565095, Spread: 6.911143
Epoch 38/600, Total: 1677.462276, Node: 984.150233, Link: 693.249643, Spread: 6.240229
Epoch 39/600, Total: 1664.269658, Node: 976.375764, Link: 687.838023, Spread: 5.589803
Epoch 40/600, Total: 1653.441734, Node: 972.378484, Link: 681.012969, Spread: 5.027985
Epoch 41/600, Total: 1651.376147, Node: 971.972027, Link: 679.357402, Spread: 4.668964
Epoch 42/600, Total: 1657.894978, Node: 972.758870, Link: 685.094952, Spread: 4.117123
Epoch 43/600, Total: 1659.721250, Node: 972.678995, Link: 687.005425, Spread: 3.683979
Epoch 44/600, Total: 1658.234712, Node: 969.603034, Link: 688.597203, Spread: 3.448594
Epoch 45/600, Total: 1650.899397, Node: 967.085489, Link: 683.782487, Spread: 3.141859
Epoch 46/600, Total: 1640.602070, Node: 963.892888, Link: 676.680363, Spread: 2.883348
Epoch 47/600, Total: 1639.971457, Node: 966.659306, Link: 673.285104, Spread: 2.703228
Epoch 48/600, Total: 1648.004753, Node: 969.268135, Link: 678.711756, Spread: 2.484405
Epoch 49/600, Total: 1644.418994, Node: 967.271645, Link: 677.124130, Spread: 2.322404
Epoch 50/600, Total: 1636.557549, Node: 960.474906, Link: 676.060656, Spread: 2.197948
Epoch 51/600, Total: 1631.504815, Node: 961.841077, Link: 669.642135, Spread: 2.159708
Epoch 52/600, Total: 1632.828856, Node: 965.901570, Link: 666.907107, Spread: 2.018499
Epoch 53/600, Total: 1637.088968, Node: 965.089497, Link: 671.980893, Spread: 1.858917
Epoch 54/600, Total: 1647.221620, Node: 965.357771, Link: 681.845518, Spread: 1.832775
Epoch 55/600, Total: 1626.506574, Node: 959.749221, Link: 666.740442, Spread: 1.690934
Epoch 56/600, Total: 1630.820942, Node: 960.032118, Link: 670.772072, Spread: 1.675089
Epoch 57/600, Total: 1634.781972, Node: 961.131502, Link: 673.633883, Spread: 1.659270
Epoch 58/600, Total: 1624.596753, Node: 956.044236, Link: 668.536678, Spread: 1.585574
Epoch 59/600, Total: 1624.415408, Node: 958.287474, Link: 666.112732, Spread: 1.520107
Epoch 60/600, Total: 1625.289279, Node: 960.948063, Link: 664.326481, Spread: 1.469493
Epoch 61/600, Total: 1625.454650, Node: 957.763982, Link: 667.676225, Spread: 1.443590
Epoch 62/600, Total: 1628.556987, Node: 958.338199, Link: 670.204507, Spread: 1.429425
Epoch 63/600, Total: 1636.666307, Node: 962.660598, Link: 673.991668, Spread: 1.404211
Epoch 64/600, Total: 1634.487683, Node: 959.852308, Link: 674.621719, Spread: 1.365744
Epoch 65/600, Total: 1625.959262, Node: 959.865319, Link: 666.081106, Spread: 1.286661
Epoch 66/600, Total: 1620.774077, Node: 955.587798, Link: 665.172988, Spread: 1.329443
Epoch 67/600, Total: 1626.756614, Node: 957.617951, Link: 669.125256, Spread: 1.341017
Epoch 68/600, Total: 1626.950631, Node: 957.764829, Link: 669.172355, Spread: 1.344404
Epoch 69/600, Total: 1623.743077, Node: 956.602894, Link: 667.126721, Spread: 1.345982
Epoch 70/600, Total: 1619.772000, Node: 957.495682, Link: 662.262818, Spread: 1.351664
Epoch 71/600, Total: 1624.126437, Node: 958.864779, Link: 665.248328, Spread: 1.333204
Epoch 72/600, Total: 1625.297414, Node: 956.338677, Link: 668.945461, Spread: 1.328650
Epoch 73/600, Total: 1625.369236, Node: 961.560332, Link: 663.795698, Spread: 1.322025
Epoch 74/600, Total: 1624.303082, Node: 955.177446, Link: 669.112239, Spread: 1.340312
Epoch 75/600, Total: 1615.718479, Node: 957.722787, Link: 657.982674, Spread: 1.304508
Epoch 76/600, Total: 1621.133974, Node: 955.195490, Link: 665.925099, Spread: 1.337480
Epoch 77/600, Total: 1627.925899, Node: 961.362569, Link: 666.549960, Spread: 1.336497
Epoch 78/600, Total: 1616.385418, Node: 953.424583, Link: 662.947453, Spread: 1.337458
Epoch 79/600, Total: 1620.263202, Node: 954.542914, Link: 665.706714, Spread: 1.359027
Epoch 80/600, Total: 1623.459707, Node: 956.932296, Link: 666.513613, Spread: 1.378890
Epoch 81/600, Total: 1624.499544, Node: 958.934526, Link: 665.551204, Spread: 1.382345
Epoch 82/600, Total: 1632.925536, Node: 957.960435, Link: 674.951366, Spread: 1.371745
Epoch 83/600, Total: 1620.591373, Node: 955.263818, Link: 665.313321, Spread: 1.423910
Epoch 84/600, Total: 1627.062316, Node: 965.149925, Link: 661.898086, Spread: 1.428767
Epoch 85/600, Total: 1612.550357, Node: 950.236019, Link: 662.300065, Spread: 1.427020
Epoch 86/600, Total: 1615.863111, Node: 952.393701, Link: 663.454875, Spread: 1.453425
Epoch 87/600, Total: 1620.207412, Node: 953.740059, Link: 666.452588, Spread: 1.474740
Epoch 88/600, Total: 1622.556512, Node: 956.078625, Link: 666.462958, Spread: 1.493052
Epoch 89/600, Total: 1624.767975, Node: 959.824150, Link: 664.928814, Spread: 1.499574
Epoch 90/600, Total: 1618.051754, Node: 958.757787, Link: 659.279089, Spread: 1.487149
Epoch 91/600, Total: 1620.678696, Node: 957.160866, Link: 663.502731, Spread: 1.506809
Epoch 92/600, Total: 1620.682531, Node: 960.695140, Link: 659.972385, Spread: 1.502283
Epoch 93/600, Total: 1612.642724, Node: 951.132850, Link: 661.494813, Spread: 1.505858
Epoch 94/600, Total: 1614.993039, Node: 953.126688, Link: 661.850916, Spread: 1.543550
Epoch 95/600, Total: 1620.953717, Node: 957.175879, Link: 663.762101, Spread: 1.573759
Epoch 96/600, Total: 1621.700495, Node: 957.505003, Link: 664.179664, Spread: 1.582788
Epoch 97/600, Total: 1620.640272, Node: 955.109977, Link: 665.514300, Spread: 1.600570
Epoch 98/600, Total: 1623.107940, Node: 957.789156, Link: 665.302674, Spread: 1.610722
Epoch 99/600, Total: 1619.043255, Node: 962.011116, Link: 657.014974, Spread: 1.715877
Epoch 100/600, Total: 1632.549581, Node: 968.293957, Link: 664.238065, Spread: 1.756127
Epoch 101/600, Total: 1605.488294, Node: 963.381678, Link: 642.087396, Spread: 1.922638
Epoch 102/600, Total: 1622.660762, Node: 965.680792, Link: 656.961471, Spread: 1.849475
Epoch 103/600, Total: 1599.570148, Node: 961.813720, Link: 637.737497, Spread: 1.891783
Epoch 104/600, Total: 1602.137707, Node: 962.257168, Link: 639.861614, Spread: 1.891004
Epoch 105/600, Total: 1592.185940, Node: 956.540063, Link: 635.627507, Spread: 1.835011
Epoch 106/600, Total: 1580.332619, Node: 950.961943, Link: 629.351444, Spread: 1.923931
Epoch 107/600, Total: 1586.185551, Node: 955.899820, Link: 630.266692, Spread: 1.901221
Epoch 108/600, Total: 1612.825134, Node: 965.065112, Link: 647.740980, Spread: 1.902936
Epoch 109/600, Total: 1575.028449, Node: 948.783920, Link: 626.225398, Spread: 1.913959
Epoch 110/600, Total: 1592.278137, Node: 957.207149, Link: 635.052508, Spread: 1.847918
Epoch 111/600, Total: 1580.324896, Node: 948.012588, Link: 632.293838, Spread: 1.848178
Epoch 112/600, Total: 1575.718991, Node: 952.385862, Link: 623.313860, Spread: 1.925375
Epoch 113/600, Total: 1588.624163, Node: 955.496424, Link: 633.108499, Spread: 1.923147
Epoch 114/600, Total: 1572.638730, Node: 949.891065, Link: 622.728601, Spread: 1.906443
Epoch 115/600, Total: 1571.043016, Node: 947.716256, Link: 623.306903, Spread: 1.987963
Epoch 116/600, Total: 1591.879106, Node: 966.940345, Link: 624.919850, Spread: 1.890076
Epoch 117/600, Total: 1578.745498, Node: 950.931887, Link: 627.795386, Spread: 1.824377
Epoch 118/600, Total: 1569.399708, Node: 949.883811, Link: 619.497285, Spread: 1.860665
Epoch 119/600, Total: 1565.330596, Node: 946.037511, Link: 619.274596, Spread: 1.848187
Epoch 120/600, Total: 1566.064046, Node: 950.083105, Link: 615.962516, Spread: 1.842478
Epoch 121/600, Total: 1570.645464, Node: 946.325493, Link: 624.301888, Spread: 1.809810
Epoch 122/600, Total: 1570.504369, Node: 957.802685, Link: 612.682675, Spread: 1.900121
Epoch 123/600, Total: 1580.699819, Node: 957.126952, Link: 623.555236, Spread: 1.761893
Epoch 124/600, Total: 1564.324764, Node: 948.777977, Link: 615.527768, Spread: 1.904263
Epoch 125/600, Total: 1569.508605, Node: 949.091571, Link: 620.398950, Spread: 1.807490
Epoch 126/600, Total: 1578.146449, Node: 951.675226, Link: 626.453828, Spread: 1.740690
Epoch 127/600, Total: 1566.513072, Node: 949.774179, Link: 616.720293, Spread: 1.861011
Epoch 128/600, Total: 1562.824320, Node: 948.056087, Link: 614.750844, Spread: 1.740513
Epoch 129/600, Total: 1555.401557, Node: 943.740279, Link: 611.643608, Spread: 1.767635
Epoch 130/600, Total: 1559.828637, Node: 948.432347, Link: 611.378506, Spread: 1.779102
Epoch 131/600, Total: 1552.656881, Node: 943.219132, Link: 609.419860, Spread: 1.791805
Epoch 132/600, Total: 1562.618667, Node: 950.089299, Link: 612.510224, Spread: 1.916508
Epoch 133/600, Total: 1581.289719, Node: 951.645637, Link: 629.626819, Spread: 1.726178
Epoch 134/600, Total: 1544.640270, Node: 938.380439, Link: 606.241530, Spread: 1.831045
Epoch 135/600, Total: 1560.959332, Node: 949.720022, Link: 611.220757, Spread: 1.853709
Epoch 136/600, Total: 1537.534348, Node: 933.921844, Link: 603.593344, Spread: 1.916920
Epoch 137/600, Total: 1544.171601, Node: 940.262532, Link: 603.890093, Spread: 1.897345
Epoch 138/600, Total: 1575.619554, Node: 951.296438, Link: 624.305562, Spread: 1.755701
Epoch 139/600, Total: 1538.397891, Node: 939.713497, Link: 598.665356, Spread: 1.903281
Epoch 140/600, Total: 1547.293035, Node: 938.913291, Link: 608.362335, Spread: 1.740809
Epoch 141/600, Total: 1561.331744, Node: 948.809131, Link: 612.504230, Spread: 1.836150
Epoch 142/600, Total: 1562.501502, Node: 946.283736, Link: 616.200405, Spread: 1.737413
Epoch 143/600, Total: 1549.468740, Node: 947.318590, Link: 602.131614, Spread: 1.854950
Epoch 144/600, Total: 1549.516608, Node: 941.390959, Link: 608.107611, Spread: 1.802749
Epoch 145/600, Total: 1560.842457, Node: 945.609769, Link: 615.215983, Spread: 1.672185
Epoch 146/600, Total: 1543.349186, Node: 941.514019, Link: 601.817434, Spread: 1.772169
Epoch 147/600, Total: 1550.373524, Node: 942.042054, Link: 608.314462, Spread: 1.701682
Epoch 148/600, Total: 1566.541772, Node: 950.586090, Link: 615.937551, Spread: 1.812232
Epoch 149/600, Total: 1551.165378, Node: 946.846992, Link: 604.300495, Spread: 1.789814
Epoch 150/600, Total: 1553.061189, Node: 942.199349, Link: 610.844477, Spread: 1.734341
Epoch 151/600, Total: 1528.687536, Node: 934.084519, Link: 594.583913, Spread: 1.911212
Epoch 152/600, Total: 1550.716378, Node: 948.257334, Link: 602.440305, Spread: 1.874754
Epoch 153/600, Total: 1551.777999, Node: 943.817932, Link: 607.941619, Spread: 1.844515
Epoch 154/600, Total: 1540.310129, Node: 941.192679, Link: 599.097925, Spread: 1.952436
Epoch 155/600, Total: 1552.530082, Node: 950.277446, Link: 602.234682, Spread: 1.795304
Epoch 156/600, Total: 1550.137183, Node: 948.162040, Link: 601.956400, Spread: 1.874505
Epoch 157/600, Total: 1545.104028, Node: 950.620094, Link: 594.465399, Spread: 1.853188
Epoch 158/600, Total: 1532.593386, Node: 935.114055, Link: 597.460600, Spread: 1.870972
Epoch 159/600, Total: 1550.087690, Node: 944.860915, Link: 605.209205, Spread: 1.757230
Epoch 160/600, Total: 1534.019368, Node: 937.754898, Link: 596.246303, Spread: 1.813565
Epoch 161/600, Total: 1525.889696, Node: 933.310290, Link: 592.560198, Spread: 1.921393
Epoch 162/600, Total: 1516.746950, Node: 932.251223, Link: 584.476671, Spread: 1.904429
Epoch 163/600, Total: 1525.964716, Node: 934.616065, Link: 591.330239, Spread: 1.840581
Epoch 164/600, Total: 1549.607289, Node: 940.311987, Link: 609.277240, Spread: 1.807136
Epoch 165/600, Total: 1532.751342, Node: 936.915708, Link: 595.816793, Spread: 1.884312
Epoch 166/600, Total: 1554.012791, Node: 953.391513, Link: 600.603615, Spread: 1.764556
Epoch 167/600, Total: 1539.708032, Node: 942.532260, Link: 597.157433, Spread: 1.834466
Epoch 168/600, Total: 1526.055335, Node: 937.257360, Link: 588.779141, Spread: 1.882893
Epoch 169/600, Total: 1522.898516, Node: 936.272687, Link: 586.607099, Spread: 1.871808
Epoch 170/600, Total: 1520.504023, Node: 936.584994, Link: 583.900058, Spread: 1.895486
Epoch 171/600, Total: 1508.936293, Node: 927.155990, Link: 581.760589, Spread: 1.971286
Epoch 172/600, Total: 1528.807272, Node: 947.816668, Link: 580.971694, Spread: 1.891586
Epoch 173/600, Total: 1551.831668, Node: 968.012867, Link: 583.799329, Spread: 1.946449
Epoch 174/600, Total: 1528.432539, Node: 941.521012, Link: 586.893149, Spread: 1.837171
Epoch 175/600, Total: 1513.666461, Node: 932.959105, Link: 580.688760, Spread: 1.861528
Epoch 176/600, Total: 1523.557503, Node: 941.374553, Link: 582.164241, Spread: 1.872262
Epoch 177/600, Total: 1532.258986, Node: 955.666656, Link: 576.573848, Spread: 1.847824
Epoch 178/600, Total: 1536.340487, Node: 956.921032, Link: 579.401725, Spread: 1.773004
Epoch 179/600, Total: 1510.896288, Node: 934.387244, Link: 576.491702, Spread: 1.733783
Epoch 180/600, Total: 1541.088715, Node: 954.719030, Link: 586.352213, Spread: 1.746351
Epoch 181/600, Total: 1537.785427, Node: 951.333958, Link: 586.433747, Spread: 1.774255
Epoch 182/600, Total: 1562.294610, Node: 953.687482, Link: 608.589607, Spread: 1.750725
Epoch 183/600, Total: 1535.712015, Node: 945.379791, Link: 590.313674, Spread: 1.854096
Epoch 184/600, Total: 1555.736914, Node: 958.469113, Link: 597.249523, Spread: 1.827008
Epoch 185/600, Total: 1566.257648, Node: 956.000240, Link: 610.239903, Spread: 1.749660
Epoch 186/600, Total: 1530.037175, Node: 934.848483, Link: 595.170758, Spread: 1.792424
Epoch 187/600, Total: 1534.907808, Node: 938.197024, Link: 596.692601, Spread: 1.818977
Epoch 188/600, Total: 1536.521350, Node: 942.723232, Link: 593.779815, Spread: 1.830953
Epoch 189/600, Total: 1519.697631, Node: 939.461517, Link: 580.217779, Spread: 1.831829
Epoch 190/600, Total: 1526.555454, Node: 942.968472, Link: 583.569500, Spread: 1.748220
Epoch 191/600, Total: 1499.271326, Node: 939.034562, Link: 560.218340, Spread: 1.843000
Epoch 192/600, Total: 1514.173651, Node: 936.236314, Link: 577.919666, Spread: 1.766504
Epoch 193/600, Total: 1515.176269, Node: 947.347638, Link: 567.810721, Spread: 1.789757
Epoch 194/600, Total: 1521.934346, Node: 950.739993, Link: 571.176463, Spread: 1.788498
Epoch 195/600, Total: 1499.264022, Node: 938.221720, Link: 561.024316, Spread: 1.798896
Epoch 196/600, Total: 1513.575419, Node: 939.390385, Link: 574.167419, Spread: 1.761454
Epoch 197/600, Total: 1518.913851, Node: 937.000489, Link: 581.894843, Spread: 1.852295
Epoch 198/600, Total: 1522.363290, Node: 942.686213, Link: 579.658701, Spread: 1.837697
Epoch 199/600, Total: 1512.106389, Node: 943.171525, Link: 568.916607, Spread: 1.826804
Epoch 200/600, Total: 1532.815617, Node: 953.035541, Link: 579.761379, Spread: 1.869173
Epoch 201/600, Total: 1490.471277, Node: 933.107454, Link: 557.345808, Spread: 1.804222
Epoch 202/600, Total: 1498.089831, Node: 929.233750, Link: 568.837412, Spread: 1.868603
Epoch 203/600, Total: 1490.881672, Node: 932.724830, Link: 558.138606, Spread: 1.825358
Epoch 204/600, Total: 1512.968276, Node: 947.015827, Link: 565.933904, Spread: 1.856126
Epoch 205/600, Total: 1511.734844, Node: 939.034294, Link: 572.682185, Spread: 1.834454
Epoch 206/600, Total: 1534.733896, Node: 957.040304, Link: 577.675155, Spread: 1.842861
Epoch 207/600, Total: 1527.425413, Node: 947.117578, Link: 580.289172, Spread: 1.864386
Epoch 208/600, Total: 1481.364988, Node: 932.613459, Link: 548.732498, Spread: 1.903181
Epoch 209/600, Total: 1486.939258, Node: 929.910473, Link: 557.009291, Spread: 1.949635
Epoch 210/600, Total: 1516.355369, Node: 943.376977, Link: 572.958852, Spread: 1.952924
Epoch 211/600, Total: 1482.428025, Node: 926.695197, Link: 555.713291, Spread: 1.952435
Epoch 212/600, Total: 1498.538168, Node: 939.360926, Link: 559.157859, Spread: 1.939646
Epoch 213/600, Total: 1526.031772, Node: 947.731713, Link: 578.280065, Spread: 1.998222
Epoch 214/600, Total: 1509.070185, Node: 938.025991, Link: 571.025058, Spread: 1.912906
Epoch 215/600, Total: 1482.924236, Node: 927.850969, Link: 555.053341, Spread: 1.994199
Epoch 216/600, Total: 1528.615309, Node: 948.002388, Link: 580.592649, Spread: 2.026830
Epoch 217/600, Total: 1496.984439, Node: 940.009913, Link: 556.954996, Spread: 1.954174
Epoch 218/600, Total: 1488.813840, Node: 931.070589, Link: 557.722960, Spread: 2.027434
Epoch 219/600, Total: 1473.144259, Node: 923.488808, Link: 549.635094, Spread: 2.036742
Epoch 220/600, Total: 1493.202329, Node: 932.222374, Link: 560.959302, Spread: 2.065005
Epoch 221/600, Total: 1497.455126, Node: 934.852310, Link: 562.581930, Spread: 2.088909
Epoch 222/600, Total: 1482.371688, Node: 931.713620, Link: 550.637322, Spread: 2.072604
Epoch 223/600, Total: 1523.823826, Node: 944.596396, Link: 579.207224, Spread: 2.020413
Epoch 224/600, Total: 1494.602643, Node: 939.298257, Link: 555.284238, Spread: 2.014456
Epoch 225/600, Total: 1527.327135, Node: 944.534519, Link: 582.771348, Spread: 2.127034
Epoch 226/600, Total: 1506.021584, Node: 944.219817, Link: 561.780574, Spread: 2.120505
Epoch 227/600, Total: 1510.255755, Node: 943.339522, Link: 566.894249, Spread: 2.198202
Epoch 228/600, Total: 1522.706081, Node: 946.331789, Link: 576.351702, Spread: 2.259341
Epoch 229/600, Total: 1516.867683, Node: 943.269432, Link: 573.575861, Spread: 2.238087
Epoch 230/600, Total: 1501.537536, Node: 938.925877, Link: 562.587939, Spread: 2.374852
Epoch 231/600, Total: 1482.512803, Node: 926.481375, Link: 556.008099, Spread: 2.332520
Epoch 232/600, Total: 1534.399909, Node: 949.227473, Link: 585.148418, Spread: 2.402629
Epoch 233/600, Total: 1467.647029, Node: 929.076559, Link: 538.546744, Spread: 2.373305
Epoch 234/600, Total: 1518.082879, Node: 941.421358, Link: 576.637570, Spread: 2.396589
Epoch 235/600, Total: 1484.085460, Node: 933.242749, Link: 550.819352, Spread: 2.335496
Epoch 236/600, Total: 1488.928209, Node: 928.342795, Link: 560.561595, Spread: 2.381609
Epoch 237/600, Total: 1548.343918, Node: 956.704027, Link: 591.616822, Spread: 2.308743
Epoch 238/600, Total: 1508.270324, Node: 940.024063, Link: 568.223190, Spread: 2.305912
Epoch 239/600, Total: 1490.310079, Node: 929.215645, Link: 561.070527, Spread: 2.390069
Epoch 240/600, Total: 1496.797194, Node: 938.605761, Link: 558.167686, Spread: 2.375328
Epoch 241/600, Total: 1470.717494, Node: 926.122252, Link: 544.572654, Spread: 2.258333
Epoch 242/600, Total: 1496.316310, Node: 942.253920, Link: 554.039941, Spread: 2.244264
Epoch 243/600, Total: 1501.253158, Node: 945.479572, Link: 555.751563, Spread: 2.201774
Epoch 244/600, Total: 1511.422006, Node: 940.178789, Link: 571.219459, Spread: 2.374840
Epoch 245/600, Total: 1490.478640, Node: 941.736442, Link: 548.718736, Spread: 2.347546
Epoch 246/600, Total: 1463.943183, Node: 928.079012, Link: 535.840391, Spread: 2.377487
Epoch 247/600, Total: 1489.558260, Node: 932.637031, Link: 556.898013, Spread: 2.320784
Epoch 248/600, Total: 1484.447357, Node: 943.111185, Link: 541.313141, Spread: 2.302259
Epoch 249/600, Total: 1548.604415, Node: 982.705393, Link: 565.875169, Spread: 2.384632
Epoch 250/600, Total: 1481.497743, Node: 938.732090, Link: 542.741222, Spread: 2.443974
Epoch 251/600, Total: 1504.041053, Node: 945.609161, Link: 558.408363, Spread: 2.352948
Epoch 252/600, Total: 1504.819792, Node: 941.968068, Link: 562.829356, Spread: 2.238543
Epoch 253/600, Total: 1473.833675, Node: 935.017054, Link: 538.794652, Spread: 2.198668
Epoch 254/600, Total: 1589.964550, Node: 991.295214, Link: 598.645339, Spread: 2.401322
Epoch 255/600, Total: 1518.652546, Node: 949.778245, Link: 568.849102, Spread: 2.519019
Epoch 256/600, Total: 1484.509449, Node: 938.377788, Link: 546.107374, Spread: 2.429584
Epoch 257/600, Total: 1503.039862, Node: 945.674343, Link: 557.342219, Spread: 2.328828
Epoch 258/600, Total: 1520.742417, Node: 955.110280, Link: 565.607463, Spread: 2.467250
Epoch 259/600, Total: 1471.835680, Node: 926.066722, Link: 545.742395, Spread: 2.653767
Epoch 260/600, Total: 1555.260723, Node: 965.311753, Link: 589.921016, Spread: 2.796196
Epoch 261/600, Total: 1484.950434, Node: 936.170962, Link: 548.751070, Spread: 2.841673
Epoch 262/600, Total: 1470.642361, Node: 931.887531, Link: 538.724165, Spread: 3.065420
Epoch 263/600, Total: 1502.084068, Node: 945.706192, Link: 556.346176, Spread: 3.169369
Epoch 264/600, Total: 1469.578104, Node: 931.690992, Link: 537.855210, Spread: 3.189615
Epoch 265/600, Total: 1481.527887, Node: 936.352727, Link: 545.142469, Spread: 3.268755
Epoch 266/600, Total: 1488.619503, Node: 938.050199, Link: 550.537916, Spread: 3.137779
Epoch 267/600, Total: 1460.286758, Node: 931.076488, Link: 529.178121, Spread: 3.216582
Epoch 268/600, Total: 1471.906873, Node: 936.582347, Link: 535.291522, Spread: 3.300121
Epoch 269/600, Total: 1457.372546, Node: 924.121174, Link: 533.217136, Spread: 3.423211
Epoch 270/600, Total: 1510.189123, Node: 948.788541, Link: 561.365751, Spread: 3.483978
Epoch 271/600, Total: 1489.836127, Node: 944.453691, Link: 545.350061, Spread: 3.236408
Epoch 272/600, Total: 1525.777079, Node: 955.938245, Link: 569.806722, Spread: 3.212519
Epoch 273/600, Total: 1468.745422, Node: 932.568870, Link: 536.146549, Spread: 3.000867
Epoch 274/600, Total: 1445.925582, Node: 921.413595, Link: 524.481640, Spread: 3.034817
Epoch 275/600, Total: 1528.890996, Node: 955.334372, Link: 573.526049, Spread: 3.056176
Epoch 276/600, Total: 1514.434097, Node: 951.143555, Link: 563.259230, Spread: 3.130932
Epoch 277/600, Total: 1477.012207, Node: 941.275550, Link: 535.706887, Spread: 2.977031
Epoch 278/600, Total: 1447.796587, Node: 927.643940, Link: 520.123723, Spread: 2.892109
Epoch 279/600, Total: 1422.218528, Node: 918.571102, Link: 503.618390, Spread: 2.904419
Epoch 280/600, Total: 1424.552754, Node: 922.149946, Link: 502.372595, Spread: 3.020174
Epoch 281/600, Total: 1491.926500, Node: 959.943801, Link: 531.952968, Spread: 2.972951
Epoch 282/600, Total: 1506.774082, Node: 966.969224, Link: 539.774723, Spread: 3.013326
Epoch 283/600, Total: 1471.853956, Node: 950.752270, Link: 521.073131, Spread: 2.855219
Epoch 284/600, Total: 1435.493412, Node: 939.112514, Link: 496.351739, Spread: 2.915510
Epoch 285/600, Total: 1395.184268, Node: 921.958193, Link: 473.195608, Spread: 3.046092
Epoch 286/600, Total: 1371.068949, Node: 916.544811, Link: 454.494395, Spread: 2.973084
Epoch 287/600, Total: 1385.918187, Node: 928.332935, Link: 457.553129, Spread: 3.212875
Epoch 288/600, Total: 1490.905374, Node: 960.457916, Link: 530.414782, Spread: 3.267300
Epoch 289/600, Total: 1408.108121, Node: 927.152334, Link: 480.924935, Spread: 3.086449
Epoch 290/600, Total: 1398.071171, Node: 927.105021, Link: 470.936658, Spread: 2.948199
Epoch 291/600, Total: 1524.623790, Node: 981.836797, Link: 542.758122, Spread: 2.888416
Epoch 292/600, Total: 1346.253377, Node: 907.323265, Link: 438.902686, Spread: 2.743544
Epoch 293/600, Total: 1388.424614, Node: 924.726866, Link: 463.670013, Spread: 2.774651
Epoch 294/600, Total: 1401.443105, Node: 938.508318, Link: 462.906875, Spread: 2.793077
Epoch 295/600, Total: 1381.549989, Node: 936.956249, Link: 444.567898, Spread: 2.584710
Epoch 296/600, Total: 1377.111101, Node: 928.924761, Link: 448.159086, Spread: 2.725214
Epoch 297/600, Total: 1398.061682, Node: 938.821560, Link: 459.213381, Spread: 2.674312
Epoch 298/600, Total: 1446.903333, Node: 960.219120, Link: 486.658801, Spread: 2.541742
Epoch 299/600, Total: 1392.969319, Node: 935.628578, Link: 457.314506, Spread: 2.624996
Epoch 300/600, Total: 1377.733752, Node: 925.373772, Link: 452.333504, Spread: 2.649997
Epoch 301/600, Total: 1407.278874, Node: 935.443248, Link: 471.808306, Spread: 2.732860
Epoch 302/600, Total: 1358.117579, Node: 917.264841, Link: 440.825223, Spread: 2.750802
Epoch 303/600, Total: 1351.965335, Node: 920.128944, Link: 431.810072, Spread: 2.632941
Epoch 304/600, Total: 1399.049246, Node: 926.997708, Link: 472.024267, Spread: 2.727893
Epoch 305/600, Total: 1365.658791, Node: 919.745801, Link: 445.887359, Spread: 2.562022
Epoch 306/600, Total: 1385.252111, Node: 926.741479, Link: 458.485160, Spread: 2.545861
Epoch 307/600, Total: 1363.373893, Node: 918.046894, Link: 445.303089, Spread: 2.391235
Epoch 308/600, Total: 1389.142105, Node: 939.049062, Link: 450.068445, Spread: 2.460087
Epoch 309/600, Total: 1445.705391, Node: 941.849977, Link: 503.830539, Spread: 2.487149
Epoch 310/600, Total: 1450.713346, Node: 962.844874, Link: 487.843487, Spread: 2.496938
Epoch 311/600, Total: 1348.030581, Node: 901.661990, Link: 446.345034, Spread: 2.356561
Epoch 312/600, Total: 1343.354811, Node: 912.412849, Link: 430.919329, Spread: 2.262725
Epoch 313/600, Total: 1437.337932, Node: 927.768950, Link: 509.544759, Spread: 2.422656
Epoch 314/600, Total: 1395.093660, Node: 923.907512, Link: 471.160763, Spread: 2.536540
Epoch 315/600, Total: 1344.012761, Node: 907.381639, Link: 436.606026, Spread: 2.508000
Epoch 316/600, Total: 1335.780152, Node: 903.726191, Link: 432.028954, Spread: 2.499718
Epoch 317/600, Total: 1349.563913, Node: 908.501697, Link: 441.037813, Spread: 2.441680
Epoch 318/600, Total: 1334.941616, Node: 905.454409, Link: 429.463219, Spread: 2.399611
Epoch 319/600, Total: 1343.180994, Node: 907.225224, Link: 435.933028, Spread: 2.272315
Epoch 320/600, Total: 1342.353604, Node: 905.395117, Link: 436.937551, Spread: 2.091993
Epoch 321/600, Total: 1367.945521, Node: 909.235390, Link: 458.689451, Spread: 2.068031
Epoch 322/600, Total: 1390.543096, Node: 924.758992, Link: 465.763420, Spread: 2.068074
Epoch 323/600, Total: 1453.147110, Node: 946.094842, Link: 507.032665, Spread: 1.960223
Epoch 324/600, Total: 1381.213579, Node: 922.930266, Link: 458.264430, Spread: 1.888814
Epoch 325/600, Total: 1472.151605, Node: 945.004791, Link: 527.128238, Spread: 1.857363
Epoch 326/600, Total: 1375.778775, Node: 913.209154, Link: 462.552024, Spread: 1.760339
Epoch 327/600, Total: 1411.900280, Node: 925.625503, Link: 486.257709, Spread: 1.707691
Epoch 328/600, Total: 1339.192036, Node: 905.959777, Link: 433.215531, Spread: 1.674547
Epoch 329/600, Total: 1399.397547, Node: 924.909303, Link: 474.471657, Spread: 1.657589
Epoch 330/600, Total: 1476.216069, Node: 952.577684, Link: 523.621655, Spread: 1.672024
Epoch 331/600, Total: 1501.017550, Node: 954.615225, Link: 546.385032, Spread: 1.730734
Epoch 332/600, Total: 1405.594069, Node: 921.815564, Link: 483.761887, Spread: 1.661635
Epoch 333/600, Total: 1369.988695, Node: 911.696145, Link: 458.276486, Spread: 1.607213
Epoch 334/600, Total: 1360.447614, Node: 905.496672, Link: 454.934996, Spread: 1.595000
Epoch 335/600, Total: 1367.360520, Node: 903.895827, Link: 463.448987, Spread: 1.571498
Epoch 336/600, Total: 1381.375081, Node: 909.032724, Link: 472.326342, Spread: 1.601764
Epoch 337/600, Total: 1395.675116, Node: 925.784364, Link: 469.874510, Spread: 1.624681
Epoch 338/600, Total: 1388.093692, Node: 914.522553, Link: 473.555094, Spread: 1.603754
Epoch 339/600, Total: 1418.338647, Node: 935.286620, Link: 483.036013, Spread: 1.602498
Epoch 340/600, Total: 1431.326211, Node: 929.806934, Link: 501.503330, Spread: 1.596164
Epoch 341/600, Total: 1480.208932, Node: 944.598474, Link: 535.594342, Spread: 1.612041
Epoch 342/600, Total: 1463.805082, Node: 941.731888, Link: 522.057486, Spread: 1.570394
Epoch 343/600, Total: 1386.626866, Node: 916.546286, Link: 470.064930, Spread: 1.565015
Epoch 344/600, Total: 1396.886700, Node: 917.046720, Link: 479.824082, Spread: 1.590126
Epoch 345/600, Total: 1577.250842, Node: 987.394974, Link: 589.840158, Spread: 1.569310
Epoch 346/600, Total: 1609.883357, Node: 997.299910, Link: 612.567570, Spread: 1.586315
Epoch 347/600, Total: 1368.079221, Node: 910.021924, Link: 458.042024, Spread: 1.528364
Epoch 348/600, Total: 1356.354296, Node: 908.004743, Link: 448.334378, Spread: 1.517225
Epoch 349/600, Total: 1333.481648, Node: 901.580480, Link: 431.886269, Spread: 1.491273
Epoch 350/600, Total: 1351.116292, Node: 911.401710, Link: 439.699647, Spread: 1.492560
Epoch 351/600, Total: 1367.008475, Node: 906.424604, Link: 460.568333, Spread: 1.551740
Epoch 352/600, Total: 1427.342256, Node: 924.057717, Link: 503.268539, Spread: 1.601028
Epoch 353/600, Total: 1565.080272, Node: 964.129587, Link: 600.934967, Spread: 1.573196
Epoch 354/600, Total: 1391.133023, Node: 917.890521, Link: 473.227512, Spread: 1.499099
Epoch 355/600, Total: 1342.551895, Node: 906.609851, Link: 435.927265, Spread: 1.478754
Epoch 356/600, Total: 1341.137089, Node: 903.096383, Link: 438.025936, Spread: 1.477419
Epoch 357/600, Total: 1342.778252, Node: 901.093303, Link: 441.669942, Spread: 1.501252
Epoch 358/600, Total: 1367.084445, Node: 909.457664, Link: 457.611511, Spread: 1.526957
Epoch 359/600, Total: 1385.972549, Node: 914.734263, Link: 471.222948, Spread: 1.533831
Epoch 360/600, Total: 1419.843596, Node: 915.761859, Link: 504.065727, Spread: 1.602291
Epoch 361/600, Total: 1390.091870, Node: 916.551936, Link: 473.523841, Spread: 1.609071
Epoch 362/600, Total: 1337.549715, Node: 900.546900, Link: 436.987107, Spread: 1.569882
Epoch 363/600, Total: 1424.280624, Node: 928.510769, Link: 495.754172, Spread: 1.567624
Epoch 364/600, Total: 1402.835472, Node: 919.705810, Link: 483.114119, Spread: 1.555791
Epoch 365/600, Total: 1579.370201, Node: 981.774036, Link: 597.580360, Spread: 1.581039
Epoch 366/600, Total: 1469.161146, Node: 946.217359, Link: 522.927720, Spread: 1.606981
Epoch 367/600, Total: 1381.710884, Node: 912.680929, Link: 469.013965, Spread: 1.596864
Epoch 368/600, Total: 1369.694943, Node: 913.072073, Link: 456.606579, Spread: 1.627308
Epoch 369/600, Total: 1361.732940, Node: 910.053143, Link: 451.663559, Spread: 1.622259
Epoch 370/600, Total: 1465.036126, Node: 937.580414, Link: 527.439555, Spread: 1.615818
Epoch 371/600, Total: 1541.050233, Node: 976.695647, Link: 564.338492, Spread: 1.609873
Epoch 372/600, Total: 1444.477810, Node: 931.998778, Link: 512.463139, Spread: 1.587116
Epoch 373/600, Total: 1706.762249, Node: 1023.029476, Link: 683.715417, Spread: 1.736944
Epoch 374/600, Total: 1445.910939, Node: 926.119233, Link: 519.774685, Spread: 1.702933
Epoch 375/600, Total: 1582.108103, Node: 992.176929, Link: 589.913437, Spread: 1.774427
Epoch 376/600, Total: 1426.279818, Node: 929.061648, Link: 497.199829, Spread: 1.833462
Epoch 377/600, Total: 1617.958005, Node: 985.250142, Link: 632.688843, Spread: 1.901622
Epoch 378/600, Total: 1443.638745, Node: 927.024631, Link: 516.595670, Spread: 1.845549
Epoch 379/600, Total: 1366.791555, Node: 907.224905, Link: 459.549232, Spread: 1.741799
Epoch 380/600, Total: 1371.874950, Node: 908.370462, Link: 463.487676, Spread: 1.680328
Epoch 381/600, Total: 1381.162960, Node: 912.777566, Link: 468.369083, Spread: 1.631492
Epoch 382/600, Total: 1368.055627, Node: 909.502678, Link: 458.536676, Spread: 1.626308
Epoch 383/600, Total: 1410.370533, Node: 931.931615, Link: 478.422788, Spread: 1.612653
Epoch 384/600, Total: 1394.473192, Node: 923.319803, Link: 471.137028, Spread: 1.635707
Epoch 385/600, Total: 1414.697627, Node: 929.618387, Link: 485.062898, Spread: 1.632686
Epoch 386/600, Total: 1416.582268, Node: 925.249476, Link: 491.316874, Spread: 1.591019
Epoch 387/600, Total: 1343.090616, Node: 901.469747, Link: 441.604655, Spread: 1.622007
Epoch 388/600, Total: 1346.832339, Node: 902.327875, Link: 444.488876, Spread: 1.560099
Epoch 389/600, Total: 1401.532542, Node: 921.657496, Link: 479.859025, Spread: 1.602051
Epoch 390/600, Total: 1354.834481, Node: 910.688235, Link: 444.130608, Spread: 1.564103
Epoch 391/600, Total: 1353.615532, Node: 906.440578, Link: 447.159357, Spread: 1.560301
Epoch 392/600, Total: 1353.271215, Node: 904.742695, Link: 448.512585, Spread: 1.592543
Epoch 393/600, Total: 1413.592930, Node: 937.904630, Link: 475.672651, Spread: 1.564359
Epoch 394/600, Total: 1336.630558, Node: 897.805285, Link: 438.809582, Spread: 1.568737
Epoch 395/600, Total: 1440.274864, Node: 937.603165, Link: 502.655390, Spread: 1.630093
Epoch 396/600, Total: 1390.444411, Node: 915.514872, Link: 474.913229, Spread: 1.630630
Epoch 397/600, Total: 1399.564265, Node: 921.425743, Link: 478.122044, Spread: 1.648648
Epoch 398/600, Total: 1357.044576, Node: 907.732815, Link: 449.295620, Spread: 1.613849
Epoch 399/600, Total: 1457.307531, Node: 935.934960, Link: 521.356074, Spread: 1.649036
Epoch 400/600, Total: 1339.956152, Node: 899.811825, Link: 440.128294, Spread: 1.603119
Epoch 401/600, Total: 1424.472414, Node: 935.230961, Link: 489.224749, Spread: 1.670531
Epoch 402/600, Total: 1362.508376, Node: 915.040054, Link: 447.452103, Spread: 1.619816
Epoch 403/600, Total: 1503.564173, Node: 946.295399, Link: 557.251593, Spread: 1.718284
Epoch 404/600, Total: 1338.740658, Node: 901.638297, Link: 437.085567, Spread: 1.679619
Epoch 405/600, Total: 1362.865818, Node: 906.506319, Link: 456.343049, Spread: 1.646531
Epoch 406/600, Total: 1343.004161, Node: 906.843161, Link: 436.144825, Spread: 1.618550
Epoch 407/600, Total: 1696.246335, Node: 1027.614393, Link: 668.614708, Spread: 1.723979
Epoch 408/600, Total: 1451.295547, Node: 930.619901, Link: 520.658433, Spread: 1.719440
Epoch 409/600, Total: 1343.564075, Node: 897.227639, Link: 446.319649, Spread: 1.678100
Epoch 410/600, Total: 1345.922164, Node: 899.027229, Link: 446.878196, Spread: 1.673570
Epoch 411/600, Total: 1377.164409, Node: 912.687131, Link: 464.460054, Spread: 1.721027
Epoch 412/600, Total: 1338.626828, Node: 903.748675, Link: 434.861271, Spread: 1.689030
Epoch 413/600, Total: 1366.623961, Node: 908.951900, Link: 457.655312, Spread: 1.676364
Epoch 414/600, Total: 1470.126182, Node: 954.114624, Link: 515.993626, Spread: 1.794163
Epoch 415/600, Total: 1484.390982, Node: 964.604055, Link: 519.769189, Spread: 1.772154
Epoch 416/600, Total: 1413.896116, Node: 929.439764, Link: 484.438451, Spread: 1.789604
Epoch 417/600, Total: 1535.112209, Node: 965.027013, Link: 570.067137, Spread: 1.805000
Epoch 418/600, Total: 1360.376352, Node: 905.889597, Link: 454.468789, Spread: 1.799734
Epoch 419/600, Total: 1337.168133, Node: 897.554211, Link: 439.596219, Spread: 1.769299
Epoch 420/600, Total: 1389.652726, Node: 919.817163, Link: 469.817263, Spread: 1.828751
Epoch 421/600, Total: 1371.205224, Node: 910.355170, Link: 460.832265, Spread: 1.779796
Epoch 422/600, Total: 1462.497623, Node: 941.418285, Link: 521.061214, Spread: 1.812477
Epoch 423/600, Total: 1425.490652, Node: 929.626403, Link: 495.846095, Spread: 1.815437
Epoch 424/600, Total: 1414.121815, Node: 921.742615, Link: 492.360863, Spread: 1.830990
Epoch 425/600, Total: 1348.591700, Node: 904.350634, Link: 444.222697, Spread: 1.834940
Epoch 426/600, Total: 1334.940794, Node: 899.518331, Link: 435.404223, Spread: 1.824989
Epoch 427/600, Total: 1350.741196, Node: 905.776658, Link: 444.946653, Spread: 1.789260
Epoch 428/600, Total: 1404.169794, Node: 922.633059, Link: 481.518946, Spread: 1.776972
Epoch 429/600, Total: 1388.085098, Node: 917.547133, Link: 470.519584, Spread: 1.837204
Epoch 430/600, Total: 1375.403400, Node: 912.840448, Link: 462.544868, Spread: 1.806984
Epoch 431/600, Total: 1381.359962, Node: 915.400728, Link: 465.940356, Spread: 1.889461
Epoch 432/600, Total: 1393.878181, Node: 918.897092, Link: 474.961746, Spread: 1.934289
Epoch 433/600, Total: 1378.555075, Node: 914.064527, Link: 464.471847, Spread: 1.869920
Epoch 434/600, Total: 1364.198303, Node: 912.910194, Link: 451.270233, Spread: 1.786437
Epoch 435/600, Total: 1415.495740, Node: 940.499024, Link: 474.978085, Spread: 1.862976
Epoch 436/600, Total: 1508.072655, Node: 975.954987, Link: 532.098581, Spread: 1.906127
Epoch 437/600, Total: 1447.313632, Node: 938.200022, Link: 509.094358, Spread: 1.925697
Epoch 438/600, Total: 1454.728435, Node: 936.131993, Link: 518.577159, Spread: 1.928918
Epoch 439/600, Total: 1411.675114, Node: 926.428502, Link: 485.227528, Spread: 1.906663
Epoch 440/600, Total: 1383.378796, Node: 919.039145, Link: 464.320851, Spread: 1.877000
Epoch 441/600, Total: 1336.622635, Node: 902.407654, Link: 434.196407, Spread: 1.857384
Epoch 442/600, Total: 1394.282485, Node: 918.943421, Link: 475.320203, Spread: 1.885542
Epoch 443/600, Total: 1405.293652, Node: 936.205149, Link: 469.069645, Spread: 1.886570
Epoch 444/600, Total: 1403.869907, Node: 924.821541, Link: 479.028738, Spread: 1.964774
Epoch 445/600, Total: 1378.009936, Node: 916.434660, Link: 461.555558, Spread: 1.972203
Epoch 446/600, Total: 1378.594834, Node: 916.078005, Link: 462.497199, Spread: 1.963753
Epoch 447/600, Total: 1348.841313, Node: 912.835905, Link: 435.985995, Spread: 1.943907
Epoch 448/600, Total: 1327.120924, Node: 909.760783, Link: 417.341072, Spread: 1.907095
Epoch 449/600, Total: 1368.513592, Node: 916.953932, Link: 451.540366, Spread: 1.928632
Epoch 450/600, Total: 1526.506296, Node: 974.217123, Link: 552.269104, Spread: 2.009302
Epoch 451/600, Total: 1407.388137, Node: 922.503403, Link: 484.864463, Spread: 2.028604
Epoch 452/600, Total: 1411.777979, Node: 923.880880, Link: 487.877657, Spread: 1.945837
Epoch 453/600, Total: 1456.616046, Node: 939.911986, Link: 516.683402, Spread: 2.064623
Epoch 454/600, Total: 1416.124119, Node: 937.445843, Link: 478.657009, Spread: 2.128132
Epoch 455/600, Total: 1371.339161, Node: 921.524091, Link: 449.794086, Spread: 2.097716
Epoch 456/600, Total: 1362.417722, Node: 927.881514, Link: 434.514970, Spread: 2.123700
Epoch 457/600, Total: 1332.355549, Node: 908.572647, Link: 423.761634, Spread: 2.127130
Epoch 458/600, Total: 1313.788682, Node: 898.392091, Link: 415.374892, Spread: 2.168607
Epoch 459/600, Total: 1366.907940, Node: 921.089051, Link: 445.797028, Spread: 2.187084
Epoch 460/600, Total: 1375.197756, Node: 918.283194, Link: 456.892670, Spread: 2.187484
Epoch 461/600, Total: 1420.306388, Node: 931.996984, Link: 488.287191, Spread: 2.217955
Epoch 462/600, Total: 1442.194470, Node: 939.119162, Link: 503.053374, Spread: 2.192758
Epoch 463/600, Total: 1374.367730, Node: 908.103715, Link: 466.242047, Spread: 2.196404
Epoch 464/600, Total: 1390.140282, Node: 929.365932, Link: 460.752595, Spread: 2.176049
Epoch 465/600, Total: 1398.679152, Node: 929.192753, Link: 469.465123, Spread: 2.127141
Epoch 466/600, Total: 1340.840245, Node: 908.711800, Link: 432.107278, Spread: 2.116227
Epoch 467/600, Total: 1362.866738, Node: 912.516527, Link: 450.328591, Spread: 2.161929
Epoch 468/600, Total: 1378.859593, Node: 915.564696, Link: 463.272640, Spread: 2.225869
Epoch 469/600, Total: 1415.709918, Node: 928.599353, Link: 487.088905, Spread: 2.166504
Epoch 470/600, Total: 1348.907956, Node: 907.235045, Link: 441.651408, Spread: 2.151763
Epoch 471/600, Total: 1358.874370, Node: 923.275673, Link: 435.576642, Spread: 2.204056
Epoch 472/600, Total: 1519.233580, Node: 983.003236, Link: 536.207926, Spread: 2.241919
Epoch 473/600, Total: 1830.598922, Node: 1109.159607, Link: 721.414112, Spread: 2.521296
Epoch 474/600, Total: 1756.438781, Node: 1021.004725, Link: 735.402787, Spread: 3.127367
Epoch 475/600, Total: 1738.779391, Node: 997.582035, Link: 741.161917, Spread: 3.544498
Epoch 476/600, Total: 1688.598393, Node: 984.937688, Link: 703.626367, Spread: 3.434109
Epoch 477/600, Total: 1543.609138, Node: 946.529732, Link: 597.046946, Spread: 3.246276
Epoch 478/600, Total: 1419.693748, Node: 929.931326, Link: 489.730680, Spread: 3.175565
Epoch 479/600, Total: 1441.232215, Node: 931.777444, Link: 509.423385, Spread: 3.136669
Epoch 480/600, Total: 1394.661597, Node: 917.681429, Link: 476.949116, Spread: 3.105771
Epoch 481/600, Total: 1361.820858, Node: 905.064670, Link: 456.726064, Spread: 3.011845
Epoch 482/600, Total: 1337.821373, Node: 906.635386, Link: 431.156983, Spread: 2.900564
Epoch 483/600, Total: 1330.949554, Node: 903.664454, Link: 427.256596, Spread: 2.851341
Epoch 484/600, Total: 1409.551239, Node: 927.507254, Link: 482.015596, Spread: 2.837824
Epoch 485/600, Total: 1416.008702, Node: 927.679787, Link: 488.300712, Spread: 2.819969
Epoch 486/600, Total: 1358.846128, Node: 905.524972, Link: 453.294157, Spread: 2.702019
Epoch 487/600, Total: 1533.855730, Node: 963.816689, Link: 570.012192, Spread: 2.685497
Epoch 488/600, Total: 1502.956510, Node: 947.909380, Link: 555.020466, Spread: 2.667859
Epoch 489/600, Total: 1335.616952, Node: 898.275161, Link: 437.315789, Spread: 2.601725
Epoch 490/600, Total: 1339.627577, Node: 901.112854, Link: 438.489259, Spread: 2.546916
Epoch 491/600, Total: 1349.401583, Node: 904.297023, Link: 445.079158, Spread: 2.539540
Epoch 492/600, Total: 1316.378975, Node: 894.772931, Link: 421.581101, Spread: 2.493962
Epoch 493/600, Total: 1361.516326, Node: 907.666650, Link: 453.824936, Spread: 2.476093
Epoch 494/600, Total: 1362.889562, Node: 906.298307, Link: 456.566577, Spread: 2.469178
Epoch 495/600, Total: 1372.925899, Node: 912.607505, Link: 460.293630, Spread: 2.476358
Epoch 496/600, Total: 1385.417956, Node: 909.980088, Link: 475.413232, Spread: 2.465850
Epoch 497/600, Total: 1383.191377, Node: 915.846665, Link: 467.320564, Spread: 2.415996
Epoch 498/600, Total: 1354.621723, Node: 907.751224, Link: 446.846654, Spread: 2.385801
Epoch 499/600, Total: 1474.233419, Node: 943.097785, Link: 531.111638, Spread: 2.399596
Epoch 500/600, Total: 1543.335358, Node: 971.685917, Link: 571.625453, Spread: 2.398345
Epoch 501/600, Total: 1343.713943, Node: 908.274862, Link: 435.414726, Spread: 2.434693
Epoch 502/600, Total: 1346.440060, Node: 907.438789, Link: 438.977179, Spread: 2.408734
Epoch 503/600, Total: 1436.500509, Node: 937.886125, Link: 498.590413, Spread: 2.397280
Epoch 504/600, Total: 1335.459121, Node: 899.534284, Link: 435.901023, Spread: 2.382551
Epoch 505/600, Total: 1339.423470, Node: 912.867098, Link: 426.532658, Spread: 2.369966
Epoch 506/600, Total: 1391.782063, Node: 923.340119, Link: 468.418210, Spread: 2.373553
Epoch 507/600, Total: 1333.366677, Node: 900.209289, Link: 433.134004, Spread: 2.337549
Epoch 508/600, Total: 1357.835594, Node: 911.928269, Link: 445.883728, Spread: 2.361300
Epoch 509/600, Total: 1374.415809, Node: 912.304203, Link: 462.087350, Spread: 2.426040
Epoch 510/600, Total: 1431.198569, Node: 931.238123, Link: 499.936222, Spread: 2.422718
Epoch 511/600, Total: 1346.772862, Node: 902.394879, Link: 444.353941, Spread: 2.404441
Epoch 512/600, Total: 1334.877869, Node: 903.249548, Link: 431.604391, Spread: 2.392406
Epoch 513/600, Total: 1341.658978, Node: 904.486857, Link: 437.148048, Spread: 2.405844
Epoch 514/600, Total: 1341.544556, Node: 910.505859, Link: 431.014672, Spread: 2.402892
Epoch 515/600, Total: 1375.869184, Node: 916.709782, Link: 459.134806, Spread: 2.458765
Epoch 516/600, Total: 1347.492565, Node: 907.801717, Link: 439.666576, Spread: 2.429532
Epoch 517/600, Total: 1372.558754, Node: 911.858245, Link: 460.675232, Spread: 2.525224
Epoch 518/600, Total: 1459.410895, Node: 944.937561, Link: 514.448414, Spread: 2.489582
Epoch 519/600, Total: 1358.653934, Node: 911.827179, Link: 446.801938, Spread: 2.481953
Epoch 520/600, Total: 1337.988551, Node: 909.108115, Link: 428.855703, Spread: 2.474803
Epoch 521/600, Total: 1387.282986, Node: 921.071945, Link: 466.185995, Spread: 2.504220
Epoch 522/600, Total: 1489.385250, Node: 957.226242, Link: 532.134558, Spread: 2.444765
Epoch 523/600, Total: 1492.141925, Node: 959.142652, Link: 532.974797, Spread: 2.447086
Epoch 524/600, Total: 1409.372176, Node: 923.288942, Link: 486.058139, Spread: 2.509771
Epoch 525/600, Total: 1544.378229, Node: 974.699413, Link: 569.654063, Spread: 2.475485
Epoch 526/600, Total: 1535.856832, Node: 963.580480, Link: 572.251205, Spread: 2.515585
Epoch 527/600, Total: 1447.203020, Node: 941.146473, Link: 506.031276, Spread: 2.526919
Epoch 528/600, Total: 1331.459692, Node: 909.397977, Link: 422.036371, Spread: 2.533016
Epoch 529/600, Total: 1377.984126, Node: 913.981049, Link: 463.978297, Spread: 2.477127
Epoch 530/600, Total: 1364.378391, Node: 918.896912, Link: 445.455788, Spread: 2.570417
Epoch 531/600, Total: 1382.667352, Node: 918.543708, Link: 464.098384, Spread: 2.525345
Epoch 532/600, Total: 1598.514580, Node: 988.548949, Link: 609.940046, Spread: 2.559075
Epoch 533/600, Total: 1456.274834, Node: 940.219973, Link: 516.028946, Spread: 2.591574
Epoch 534/600, Total: 1411.874682, Node: 930.034707, Link: 481.813872, Spread: 2.610823
Epoch 535/600, Total: 1671.126531, Node: 1017.187264, Link: 653.911666, Spread: 2.760253
Epoch 536/600, Total: 1501.177773, Node: 949.085217, Link: 552.064315, Spread: 2.822830
Epoch 537/600, Total: 1358.349101, Node: 909.227280, Link: 449.093655, Spread: 2.815026
Epoch 538/600, Total: 1376.687863, Node: 919.098160, Link: 457.561834, Spread: 2.788500
Epoch 539/600, Total: 1407.642327, Node: 930.677785, Link: 476.937184, Spread: 2.735737
Epoch 540/600, Total: 1397.101477, Node: 921.182196, Link: 475.892032, Spread: 2.725597
Epoch 541/600, Total: 1551.237338, Node: 974.737766, Link: 576.472410, Spread: 2.716713
Epoch 542/600, Total: 1405.152205, Node: 922.010440, Link: 483.114423, Spread: 2.736940
Epoch 543/600, Total: 1362.817679, Node: 916.068850, Link: 446.721566, Spread: 2.725995
Epoch 544/600, Total: 1333.081944, Node: 906.711397, Link: 426.343643, Spread: 2.690556
Epoch 545/600, Total: 1398.951729, Node: 932.603466, Link: 466.321527, Spread: 2.672035
Epoch 546/600, Total: 1388.347796, Node: 922.934014, Link: 465.386620, Spread: 2.715760
Epoch 547/600, Total: 1360.725267, Node: 907.851966, Link: 452.846330, Spread: 2.695668
Epoch 548/600, Total: 1352.490771, Node: 914.507812, Link: 437.956356, Spread: 2.660385
Epoch 549/600, Total: 1403.646242, Node: 924.481270, Link: 479.138435, Spread: 2.653596
Epoch 550/600, Total: 1510.738092, Node: 963.465823, Link: 547.244472, Spread: 2.779061
Epoch 551/600, Total: 1440.235063, Node: 936.875493, Link: 503.331204, Spread: 2.837349
Epoch 552/600, Total: 1595.447118, Node: 989.817831, Link: 605.600449, Spread: 2.884339
Epoch 553/600, Total: 1446.144080, Node: 931.133352, Link: 514.981545, Spread: 2.918562
Epoch 554/600, Total: 1383.572618, Node: 919.868562, Link: 463.674637, Spread: 2.941405
Epoch 555/600, Total: 1394.147327, Node: 921.070558, Link: 473.047823, Spread: 2.893256
Epoch 556/600, Total: 1355.996737, Node: 909.268566, Link: 446.699232, Spread: 2.893373
Epoch 557/600, Total: 1479.311798, Node: 954.878534, Link: 524.404456, Spread: 2.880324
Epoch 558/600, Total: 1496.856597, Node: 950.852245, Link: 545.975026, Spread: 2.933150
Epoch 559/600, Total: 1543.250484, Node: 967.337646, Link: 575.882840, Spread: 3.000339
Epoch 560/600, Total: 1437.789413, Node: 944.779883, Link: 492.978678, Spread: 3.086151
Epoch 561/600, Total: 1426.068855, Node: 931.178748, Link: 494.859469, Spread: 3.062094
Epoch 562/600, Total: 1393.776916, Node: 929.672175, Link: 464.073217, Spread: 3.154046
Epoch 563/600, Total: 1363.281911, Node: 913.314202, Link: 449.936879, Spread: 3.083025
Epoch 564/600, Total: 1368.907516, Node: 914.237463, Link: 454.639020, Spread: 3.103693
Epoch 565/600, Total: 1400.395916, Node: 923.070814, Link: 477.294677, Spread: 3.044185
Epoch 566/600, Total: 1420.801778, Node: 935.914642, Link: 484.855639, Spread: 3.148816
Epoch 567/600, Total: 1370.862927, Node: 920.205305, Link: 450.626194, Spread: 3.143176
Epoch 568/600, Total: 1384.712990, Node: 923.085096, Link: 461.596613, Spread: 3.127163
Epoch 569/600, Total: 1394.326926, Node: 923.871939, Link: 470.423947, Spread: 3.104599
Epoch 570/600, Total: 1342.271584, Node: 907.038335, Link: 435.200888, Spread: 3.236912
Epoch 571/600, Total: 1471.470298, Node: 954.844522, Link: 516.592171, Spread: 3.359834
Epoch 572/600, Total: 1359.439025, Node: 910.533623, Link: 448.872762, Spread: 3.264751
Epoch 573/600, Total: 1358.299788, Node: 911.533607, Link: 446.733525, Spread: 3.266999
Epoch 574/600, Total: 1351.745458, Node: 909.452991, Link: 442.260455, Spread: 3.201622
Epoch 575/600, Total: 1422.063689, Node: 942.835286, Link: 479.195339, Spread: 3.305797
Epoch 576/600, Total: 1373.036274, Node: 922.924083, Link: 450.079298, Spread: 3.289830
Epoch 577/600, Total: 1384.565687, Node: 925.426516, Link: 459.105620, Spread: 3.356745
Epoch 578/600, Total: 1347.148919, Node: 908.561067, Link: 438.554871, Spread: 3.297781
Epoch 579/600, Total: 1423.104469, Node: 931.237951, Link: 491.832753, Spread: 3.376133
Epoch 580/600, Total: 1482.895786, Node: 948.228818, Link: 534.632576, Spread: 3.440369
Epoch 581/600, Total: 1394.969163, Node: 922.814585, Link: 472.120183, Spread: 3.438481
Epoch 582/600, Total: 1401.296430, Node: 931.065938, Link: 470.196235, Spread: 3.425875
Epoch 583/600, Total: 1373.007915, Node: 914.362276, Link: 458.610342, Spread: 3.529622
Epoch 584/600, Total: 1382.275682, Node: 920.435576, Link: 461.804972, Spread: 3.515690
Epoch 585/600, Total: 1364.422286, Node: 917.080378, Link: 447.307137, Spread: 3.476944
Epoch 586/600, Total: 1379.221187, Node: 916.638036, Link: 462.547067, Spread: 3.606858
Epoch 587/600, Total: 1465.956447, Node: 947.611711, Link: 518.308281, Spread: 3.644442
Epoch 588/600, Total: 1365.644538, Node: 912.641788, Link: 452.966567, Spread: 3.617304
Epoch 589/600, Total: 1554.078845, Node: 994.136122, Link: 559.906040, Spread: 3.667625
Epoch 590/600, Total: 1401.452780, Node: 929.636281, Link: 471.780109, Spread: 3.640346
Epoch 591/600, Total: 1351.476079, Node: 913.773232, Link: 437.664792, Spread: 3.804838
Epoch 592/600, Total: 1530.670856, Node: 974.452787, Link: 556.180550, Spread: 3.753040
Epoch 593/600, Total: 1400.696536, Node: 928.212639, Link: 472.446433, Spread: 3.747472
Epoch 594/600, Total: 1441.665704, Node: 944.411192, Link: 497.215033, Spread: 3.948541
Epoch 595/600, Total: 1626.611077, Node: 1019.355621, Link: 607.217710, Spread: 3.774262
Epoch 596/600, Total: 1672.295496, Node: 1001.038918, Link: 671.219318, Spread: 3.725273
Epoch 597/600, Total: 1514.028109, Node: 950.619730, Link: 563.369529, Spread: 3.884578
Epoch 598/600, Total: 1398.857604, Node: 925.223723, Link: 473.593781, Spread: 4.009336
Epoch 599/600, Total: 1433.701586, Node: 936.706886, Link: 496.955342, Spread: 3.936840
Epoch 600/600, Total: 1404.362908, Node: 925.398352, Link: 478.926764, Spread: 3.779125
Saved sweep result to: /homes/dameyer/ml-for-wdn-project-4/results/aggregated/gnn_training_sweep/net1_buffer=5_rollout=15_seed=42.json
Table value: 925.398352
