Filter:    ekf
Job:       240706
Array ID:  11
Seed:      53
Host:      assistant-3.GPU.CIT-EC.NET
Dataset:   hanoi

Running Hanoi GNN EKF: 24 sensor counts × 1 sensor placements
2 sensors/type: 1.0504 ± 0.2785
3 sensors/type: 1.1244 ± 0.2871
4 sensors/type: 1.0301 ± 0.2978
5 sensors/type: 1.0249 ± 0.2690
6 sensors/type: 0.9731 ± 0.2598
7 sensors/type: 0.9603 ± 0.2707
8 sensors/type: 0.9984 ± 0.2617
9 sensors/type: 0.9997 ± 0.2748
10 sensors/type: 1.0144 ± 0.2849
11 sensors/type: 0.9417 ± 0.2625
12 sensors/type: 1.0091 ± 0.2947
13 sensors/type: 0.9575 ± 0.2647
14 sensors/type: 0.9213 ± 0.2806
15 sensors/type: 0.8919 ± 0.2532
16 sensors/type: 0.9152 ± 0.2549
17 sensors/type: 0.8876 ± 0.2581
18 sensors/type: 0.8944 ± 0.2711
19 sensors/type: 0.8979 ± 0.2739
20 sensors/type: 0.8490 ± 0.2567
21 sensors/type: 0.8782 ± 0.2528
22 sensors/type: 0.8687 ± 0.2565
23 sensors/type: 0.8419 ± 0.2648
24 sensors/type: 0.8694 ± 0.2809
25 sensors/type: 0.8753 ± 0.2636
Saved gnn EKF result to: /homes/dameyer/ml-for-wdn-project-4/results/aggregated/hanoi_gnn_ekf_n_iters=1_seed=53.npz
