================================
GNN training sweep
Job ID: 242664
Task ID: 0
Buffer size: 1
Rollout length: 1
================================
Running GNN sweep: dataset=Net1, buffer=1, rollout=1
Epoch 1/600, Total: 2123.768426, Node: 1286.370553, Link: 837.397873, Spread: 0.000000
Epoch 2/600, Total: 1898.667877, Node: 1150.329821, Link: 748.338054, Spread: 0.000000
Epoch 3/600, Total: 1828.134528, Node: 1094.685354, Link: 733.449174, Spread: 0.000000
Epoch 4/600, Total: 1778.385046, Node: 1057.935235, Link: 720.449808, Spread: 0.000000
Epoch 5/600, Total: 1744.166514, Node: 1034.998858, Link: 709.167653, Spread: 0.000000
Epoch 6/600, Total: 1727.039961, Node: 1023.029340, Link: 704.010620, Spread: 0.000000
Epoch 7/600, Total: 1708.930595, Node: 1012.267183, Link: 696.663412, Spread: 0.000000
Epoch 8/600, Total: 1702.801824, Node: 1010.137740, Link: 692.664082, Spread: 0.000000
Epoch 9/600, Total: 1691.342632, Node: 1000.540952, Link: 690.801676, Spread: 0.000000
Epoch 10/600, Total: 1686.043889, Node: 997.536869, Link: 688.507022, Spread: 0.000000
Epoch 11/600, Total: 1681.689380, Node: 994.908224, Link: 686.781155, Spread: 0.000000
Epoch 12/600, Total: 1678.164796, Node: 992.779806, Link: 685.384991, Spread: 0.000000
Epoch 13/600, Total: 1675.194525, Node: 990.977347, Link: 684.217178, Spread: 0.000000
Epoch 14/600, Total: 1672.608404, Node: 989.411788, Link: 683.196618, Spread: 0.000000
Epoch 15/600, Total: 1670.257336, Node: 988.002198, Link: 682.255136, Spread: 0.000000
Epoch 16/600, Total: 1677.811937, Node: 988.898408, Link: 688.913531, Spread: 0.000000
Epoch 17/600, Total: 1717.766450, Node: 988.948664, Link: 728.817785, Spread: 0.000000
Epoch 18/600, Total: 1711.269506, Node: 987.369728, Link: 723.899779, Spread: 0.000000
Epoch 19/600, Total: 1709.499114, Node: 986.978181, Link: 722.520933, Spread: 0.000000
Epoch 20/600, Total: 1707.296749, Node: 986.420975, Link: 720.875773, Spread: 0.000000
Epoch 21/600, Total: 1706.887345, Node: 986.283947, Link: 720.603398, Spread: 0.000000
Epoch 22/600, Total: 1705.815562, Node: 985.974314, Link: 719.841248, Spread: 0.000000
Epoch 23/600, Total: 1704.876277, Node: 985.691823, Link: 719.184454, Spread: 0.000000
Epoch 24/600, Total: 1704.055486, Node: 985.438600, Link: 718.616883, Spread: 0.000000
Epoch 25/600, Total: 1703.335304, Node: 985.205784, Link: 718.129519, Spread: 0.000000
Epoch 26/600, Total: 1702.703670, Node: 984.985172, Link: 717.718495, Spread: 0.000000
Epoch 27/600, Total: 1702.143350, Node: 984.772514, Link: 717.370835, Spread: 0.000000
Epoch 28/600, Total: 1701.656006, Node: 984.572249, Link: 717.083757, Spread: 0.000000
Epoch 29/600, Total: 1701.215701, Node: 984.372736, Link: 716.842966, Spread: 0.000000
Epoch 30/600, Total: 1700.814902, Node: 984.172572, Link: 716.642328, Spread: 0.000000
Epoch 31/600, Total: 1700.448187, Node: 983.972669, Link: 716.475519, Spread: 0.000000
Epoch 32/600, Total: 1700.109804, Node: 983.774020, Link: 716.335783, Spread: 0.000000
Epoch 33/600, Total: 1699.796296, Node: 983.578379, Link: 716.217915, Spread: 0.000000
Epoch 34/600, Total: 1699.503523, Node: 983.387621, Link: 716.115900, Spread: 0.000000
Epoch 35/600, Total: 1699.226013, Node: 983.198773, Link: 716.027242, Spread: 0.000000
Epoch 36/600, Total: 1698.956699, Node: 983.006305, Link: 715.950396, Spread: 0.000000
Epoch 37/600, Total: 1698.698587, Node: 982.816342, Link: 715.882245, Spread: 0.000000
Epoch 38/600, Total: 1698.449627, Node: 982.629975, Link: 715.819653, Spread: 0.000000
Epoch 39/600, Total: 1698.212958, Node: 982.448764, Link: 715.764194, Spread: 0.000000
Epoch 40/600, Total: 1697.987176, Node: 982.272095, Link: 715.715080, Spread: 0.000000
Epoch 41/600, Total: 1697.771301, Node: 982.098877, Link: 715.672424, Spread: 0.000000
Epoch 42/600, Total: 1697.564032, Node: 981.927914, Link: 715.636120, Spread: 0.000000
Epoch 43/600, Total: 1697.364504, Node: 981.760008, Link: 715.604497, Spread: 0.000000
Epoch 44/600, Total: 1697.171811, Node: 981.594686, Link: 715.577122, Spread: 0.000000
Epoch 45/600, Total: 1700.782412, Node: 985.252762, Link: 715.529649, Spread: 0.000000
Epoch 46/600, Total: 1703.362098, Node: 988.522290, Link: 714.839804, Spread: 0.000000
Epoch 47/600, Total: 1701.983949, Node: 987.178607, Link: 714.805339, Spread: 0.000000
Epoch 48/600, Total: 1701.159207, Node: 986.317781, Link: 714.841424, Spread: 0.000000
Epoch 49/600, Total: 1700.532363, Node: 985.644577, Link: 714.887786, Spread: 0.000000
Epoch 50/600, Total: 1700.024017, Node: 985.089651, Link: 714.934365, Spread: 0.000000
Epoch 51/600, Total: 1699.596556, Node: 984.618449, Link: 714.978104, Spread: 0.000000
Epoch 52/600, Total: 1699.226984, Node: 984.209435, Link: 715.017552, Spread: 0.000000
Epoch 53/600, Total: 1698.899609, Node: 983.847954, Link: 715.051655, Spread: 0.000000
Epoch 54/600, Total: 1698.602544, Node: 983.522885, Link: 715.079661, Spread: 0.000000
Epoch 55/600, Total: 1698.326211, Node: 983.225347, Link: 715.100863, Spread: 0.000000
Epoch 56/600, Total: 1698.065514, Node: 982.951076, Link: 715.114438, Spread: 0.000000
Epoch 57/600, Total: 1697.815100, Node: 982.695080, Link: 715.120021, Spread: 0.000000
Epoch 58/600, Total: 1697.571180, Node: 982.453231, Link: 715.117944, Spread: 0.000000
Epoch 59/600, Total: 1697.331494, Node: 982.223136, Link: 715.108357, Spread: 0.000000
Epoch 60/600, Total: 1697.064558, Node: 982.012247, Link: 715.052310, Spread: 0.000000
Epoch 61/600, Total: 1695.319706, Node: 979.846326, Link: 715.473378, Spread: 0.000000
Epoch 62/600, Total: 1695.434198, Node: 979.947706, Link: 715.486492, Spread: 0.000000
Epoch 63/600, Total: 1695.300350, Node: 979.822781, Link: 715.477571, Spread: 0.000000
Epoch 64/600, Total: 1695.122818, Node: 979.655235, Link: 715.467581, Spread: 0.000000
Epoch 65/600, Total: 1694.944799, Node: 979.482898, Link: 715.461900, Spread: 0.000000
Epoch 66/600, Total: 1694.772277, Node: 979.312341, Link: 715.459937, Spread: 0.000000
Epoch 67/600, Total: 1694.606112, Node: 979.145187, Link: 715.460924, Spread: 0.000000
Epoch 68/600, Total: 1694.446671, Node: 978.982190, Link: 715.464481, Spread: 0.000000
Epoch 69/600, Total: 1694.293911, Node: 978.824084, Link: 715.469830, Spread: 0.000000
Epoch 70/600, Total: 1694.147889, Node: 978.671115, Link: 715.476775, Spread: 0.000000
Epoch 71/600, Total: 1694.008012, Node: 978.523132, Link: 715.484876, Spread: 0.000000
Epoch 72/600, Total: 1693.874138, Node: 978.380162, Link: 715.493975, Spread: 0.000000
Epoch 73/600, Total: 1693.745745, Node: 978.242043, Link: 715.503701, Spread: 0.000000
Epoch 74/600, Total: 1693.622318, Node: 978.108423, Link: 715.513894, Spread: 0.000000
Epoch 75/600, Total: 1693.503766, Node: 977.979265, Link: 715.524498, Spread: 0.000000
Epoch 76/600, Total: 1693.388869, Node: 977.853743, Link: 715.535125, Spread: 0.000000
Epoch 77/600, Total: 1693.277958, Node: 977.732906, Link: 715.545053, Spread: 0.000000
Epoch 78/600, Total: 1693.170415, Node: 977.615629, Link: 715.554785, Spread: 0.000000
Epoch 79/600, Total: 1693.065672, Node: 977.501294, Link: 715.564380, Spread: 0.000000
Epoch 80/600, Total: 1692.963547, Node: 977.389819, Link: 715.573726, Spread: 0.000000
Epoch 81/600, Total: 1692.863994, Node: 977.281098, Link: 715.582898, Spread: 0.000000
Epoch 82/600, Total: 1692.765178, Node: 977.174581, Link: 715.590594, Spread: 0.000000
Epoch 83/600, Total: 1692.668190, Node: 977.070484, Link: 715.597707, Spread: 0.000000
Epoch 84/600, Total: 1692.573815, Node: 976.969039, Link: 715.604777, Spread: 0.000000
Epoch 85/600, Total: 1692.482257, Node: 976.870276, Link: 715.611980, Spread: 0.000000
Epoch 86/600, Total: 1692.393498, Node: 976.774134, Link: 715.619362, Spread: 0.000000
Epoch 87/600, Total: 1692.307400, Node: 976.680483, Link: 715.626914, Spread: 0.000000
Epoch 88/600, Total: 1692.223713, Node: 976.589139, Link: 715.634572, Spread: 0.000000
Epoch 89/600, Total: 1692.143977, Node: 976.501046, Link: 715.642930, Spread: 0.000000
Epoch 90/600, Total: 1692.066004, Node: 976.414853, Link: 715.651151, Spread: 0.000000
Epoch 91/600, Total: 1691.989639, Node: 976.330397, Link: 715.659242, Spread: 0.000000
Epoch 92/600, Total: 1691.914687, Node: 976.247585, Link: 715.667101, Spread: 0.000000
Epoch 93/600, Total: 1691.841160, Node: 976.166342, Link: 715.674817, Spread: 0.000000
Epoch 94/600, Total: 1691.768950, Node: 976.086649, Link: 715.682300, Spread: 0.000000
Epoch 95/600, Total: 1691.698018, Node: 976.008453, Link: 715.689562, Spread: 0.000000
Epoch 96/600, Total: 1691.628456, Node: 975.931767, Link: 715.696688, Spread: 0.000000
Epoch 97/600, Total: 1691.560126, Node: 975.856482, Link: 715.703645, Spread: 0.000000
Epoch 98/600, Total: 1691.493085, Node: 975.782563, Link: 715.710521, Spread: 0.000000
Epoch 99/600, Total: 1691.427202, Node: 975.709926, Link: 715.717275, Spread: 0.000000
Epoch 100/600, Total: 1691.362457, Node: 975.638487, Link: 715.723972, Spread: 0.000000
Epoch 101/600, Total: 1691.298814, Node: 975.568205, Link: 715.730610, Spread: 0.000000
Epoch 102/600, Total: 1691.236440, Node: 975.499129, Link: 715.737309, Spread: 0.000000
Epoch 103/600, Total: 1691.175136, Node: 975.431074, Link: 715.744061, Spread: 0.000000
Epoch 104/600, Total: 1691.114658, Node: 975.363895, Link: 715.750762, Spread: 0.000000
Epoch 105/600, Total: 1691.055062, Node: 975.297580, Link: 715.757480, Spread: 0.000000
Epoch 106/600, Total: 1690.995907, Node: 975.232058, Link: 715.763849, Spread: 0.000000
Epoch 107/600, Total: 1690.936911, Node: 975.166714, Link: 715.770196, Spread: 0.000000
Epoch 108/600, Total: 1690.878566, Node: 975.102080, Link: 715.776489, Spread: 0.000000
Epoch 109/600, Total: 1690.820909, Node: 975.038177, Link: 715.782733, Spread: 0.000000
Epoch 110/600, Total: 1690.763924, Node: 974.974992, Link: 715.788932, Spread: 0.000000
Epoch 111/600, Total: 1690.707666, Node: 974.912552, Link: 715.795112, Spread: 0.000000
Epoch 112/600, Total: 1690.652121, Node: 974.850872, Link: 715.801249, Spread: 0.000000
Epoch 113/600, Total: 1690.597287, Node: 974.789982, Link: 715.807307, Spread: 0.000000
Epoch 114/600, Total: 1690.543329, Node: 974.729957, Link: 715.813371, Spread: 0.000000
Epoch 115/600, Total: 1690.490162, Node: 974.670809, Link: 715.819357, Spread: 0.000000
Epoch 116/600, Total: 1690.437777, Node: 974.612631, Link: 715.825148, Spread: 0.000000
Epoch 117/600, Total: 1690.386240, Node: 974.555509, Link: 715.830732, Spread: 0.000000
Epoch 118/600, Total: 1690.335699, Node: 974.499438, Link: 715.836261, Spread: 0.000000
Epoch 119/600, Total: 1690.286059, Node: 974.444375, Link: 715.841687, Spread: 0.000000
Epoch 120/600, Total: 1690.237406, Node: 974.390406, Link: 715.846998, Spread: 0.000000
Epoch 121/600, Total: 1690.189720, Node: 974.337456, Link: 715.852265, Spread: 0.000000
Epoch 122/600, Total: 1690.143056, Node: 974.285544, Link: 715.857512, Spread: 0.000000
Epoch 123/600, Total: 1690.097338, Node: 974.234706, Link: 715.862631, Spread: 0.000000
Epoch 124/600, Total: 1690.052549, Node: 974.184995, Link: 715.867553, Spread: 0.000000
Epoch 125/600, Total: 1690.008798, Node: 974.136445, Link: 715.872353, Spread: 0.000000
Epoch 126/600, Total: 1689.965880, Node: 974.088967, Link: 715.876912, Spread: 0.000000
Epoch 127/600, Total: 1689.923936, Node: 974.042608, Link: 715.881328, Spread: 0.000000
Epoch 128/600, Total: 1689.882987, Node: 973.997405, Link: 715.885580, Spread: 0.000000
Epoch 129/600, Total: 1689.843100, Node: 973.953364, Link: 715.889736, Spread: 0.000000
Epoch 130/600, Total: 1689.804203, Node: 973.910454, Link: 715.893748, Spread: 0.000000
Epoch 131/600, Total: 1689.766306, Node: 973.868663, Link: 715.897645, Spread: 0.000000
Epoch 132/600, Total: 1689.729385, Node: 973.828022, Link: 715.901365, Spread: 0.000000
Epoch 133/600, Total: 1689.693430, Node: 973.788442, Link: 715.904990, Spread: 0.000000
Epoch 134/600, Total: 1689.658498, Node: 973.749986, Link: 715.908510, Spread: 0.000000
Epoch 135/600, Total: 1689.624427, Node: 973.712574, Link: 715.911852, Spread: 0.000000
Epoch 136/600, Total: 1689.591257, Node: 973.676201, Link: 715.915057, Spread: 0.000000
Epoch 137/600, Total: 1689.559021, Node: 973.640884, Link: 715.918137, Spread: 0.000000
Epoch 138/600, Total: 1689.527671, Node: 973.606594, Link: 715.921079, Spread: 0.000000
Epoch 139/600, Total: 1689.497219, Node: 973.573349, Link: 715.923870, Spread: 0.000000
Epoch 140/600, Total: 1689.467735, Node: 973.541194, Link: 715.926543, Spread: 0.000000
Epoch 141/600, Total: 1689.439081, Node: 973.510128, Link: 715.928953, Spread: 0.000000
Epoch 142/600, Total: 1689.404041, Node: 973.472382, Link: 715.931658, Spread: 0.000000
Epoch 143/600, Total: 1689.381197, Node: 973.446792, Link: 715.934405, Spread: 0.000000
Epoch 144/600, Total: 1689.353198, Node: 973.416398, Link: 715.936799, Spread: 0.000000
Epoch 145/600, Total: 1689.326972, Node: 973.388091, Link: 715.938880, Spread: 0.000000
Epoch 146/600, Total: 1689.301866, Node: 973.361028, Link: 715.940840, Spread: 0.000000
Epoch 147/600, Total: 1689.259868, Node: 973.316406, Link: 715.943461, Spread: 0.000000
Epoch 148/600, Total: 1689.248124, Node: 973.302890, Link: 715.945232, Spread: 0.000000
Epoch 149/600, Total: 1689.223342, Node: 973.276058, Link: 715.947282, Spread: 0.000000
Epoch 150/600, Total: 1689.199667, Node: 973.250734, Link: 715.948933, Spread: 0.000000
Epoch 151/600, Total: 1689.176575, Node: 973.226068, Link: 715.950509, Spread: 0.000000
Epoch 152/600, Total: 1689.153960, Node: 973.202050, Link: 715.951909, Spread: 0.000000
Epoch 153/600, Total: 1689.131895, Node: 973.178654, Link: 715.953241, Spread: 0.000000
Epoch 154/600, Total: 1689.110383, Node: 973.155933, Link: 715.954449, Spread: 0.000000
Epoch 155/600, Total: 1689.089291, Node: 973.133865, Link: 715.955426, Spread: 0.000000
Epoch 156/600, Total: 1689.068890, Node: 973.112524, Link: 715.956366, Spread: 0.000000
Epoch 157/600, Total: 1689.050586, Node: 973.093471, Link: 715.957112, Spread: 0.000000
Epoch 158/600, Total: 1689.025632, Node: 973.055578, Link: 715.970054, Spread: 0.000000
Epoch 159/600, Total: 1689.003325, Node: 973.041284, Link: 715.962043, Spread: 0.000000
Epoch 160/600, Total: 1688.982583, Node: 973.020570, Link: 715.962012, Spread: 0.000000
Epoch 161/600, Total: 1688.963225, Node: 973.000759, Link: 715.962465, Spread: 0.000000
Epoch 162/600, Total: 1688.944559, Node: 972.981616, Link: 715.962942, Spread: 0.000000
Epoch 163/600, Total: 1688.926539, Node: 972.963048, Link: 715.963493, Spread: 0.000000
Epoch 164/600, Total: 1688.908920, Node: 972.945014, Link: 715.963905, Spread: 0.000000
Epoch 165/600, Total: 1688.891759, Node: 972.927490, Link: 715.964268, Spread: 0.000000
Epoch 166/600, Total: 1688.875048, Node: 972.910502, Link: 715.964545, Spread: 0.000000
Epoch 167/600, Total: 1688.858779, Node: 972.894043, Link: 715.964732, Spread: 0.000000
Epoch 168/600, Total: 1688.842976, Node: 972.878100, Link: 715.964876, Spread: 0.000000
Epoch 169/600, Total: 1688.827587, Node: 972.862649, Link: 715.964937, Spread: 0.000000
Epoch 170/600, Total: 1688.812738, Node: 972.847719, Link: 715.965019, Spread: 0.000000
Epoch 171/600, Total: 1688.798341, Node: 972.833273, Link: 715.965066, Spread: 0.000000
Epoch 172/600, Total: 1688.784239, Node: 972.819166, Link: 715.965075, Spread: 0.000000
Epoch 173/600, Total: 1688.770669, Node: 972.805526, Link: 715.965145, Spread: 0.000000
Epoch 174/600, Total: 1688.757458, Node: 972.792285, Link: 715.965172, Spread: 0.000000
Epoch 175/600, Total: 1688.745101, Node: 972.779761, Link: 715.965340, Spread: 0.000000
Epoch 176/600, Total: 1688.733625, Node: 972.767896, Link: 715.965734, Spread: 0.000000
Epoch 177/600, Total: 1688.722571, Node: 972.756353, Link: 715.966218, Spread: 0.000000
Epoch 178/600, Total: 1688.961935, Node: 972.951078, Link: 716.010854, Spread: 0.000000
Epoch 179/600, Total: 1688.866733, Node: 972.891898, Link: 715.974833, Spread: 0.000000
Epoch 180/600, Total: 1688.751277, Node: 972.784582, Link: 715.966696, Spread: 0.000000
Epoch 181/600, Total: 1688.937449, Node: 972.772224, Link: 716.165224, Spread: 0.000000
Epoch 182/600, Total: 1688.817002, Node: 972.745875, Link: 716.071127, Spread: 0.000000
Epoch 183/600, Total: 1688.730625, Node: 972.711792, Link: 716.018835, Spread: 0.000000
Epoch 184/600, Total: 1688.685358, Node: 972.692252, Link: 715.993104, Spread: 0.000000
Epoch 185/600, Total: 1688.657174, Node: 972.677271, Link: 715.979905, Spread: 0.000000
Epoch 186/600, Total: 1688.637587, Node: 972.664391, Link: 715.973194, Spread: 0.000000
Epoch 187/600, Total: 1688.622469, Node: 972.652580, Link: 715.969887, Spread: 0.000000
Epoch 188/600, Total: 1688.609790, Node: 972.641357, Link: 715.968433, Spread: 0.000000
Epoch 189/600, Total: 1688.598470, Node: 972.630503, Link: 715.967967, Spread: 0.000000
Epoch 190/600, Total: 1688.587942, Node: 972.619869, Link: 715.968074, Spread: 0.000000
Epoch 191/600, Total: 1688.577863, Node: 972.609417, Link: 715.968443, Spread: 0.000000
Epoch 192/600, Total: 1688.567905, Node: 972.599066, Link: 715.968839, Spread: 0.000000
Epoch 193/600, Total: 1688.558070, Node: 972.588844, Link: 715.969225, Spread: 0.000000
Epoch 194/600, Total: 1688.548351, Node: 972.578676, Link: 715.969676, Spread: 0.000000
Epoch 195/600, Total: 1688.538723, Node: 972.568594, Link: 715.970129, Spread: 0.000000
Epoch 196/600, Total: 1688.529192, Node: 972.558596, Link: 715.970595, Spread: 0.000000
Epoch 197/600, Total: 1688.519838, Node: 972.548710, Link: 715.971127, Spread: 0.000000
Epoch 198/600, Total: 1688.510595, Node: 972.538939, Link: 715.971659, Spread: 0.000000
Epoch 199/600, Total: 1688.501460, Node: 972.529232, Link: 715.972229, Spread: 0.000000
Epoch 200/600, Total: 1688.492473, Node: 972.519669, Link: 715.972802, Spread: 0.000000
Epoch 201/600, Total: 1688.483515, Node: 972.510175, Link: 715.973339, Spread: 0.000000
Epoch 202/600, Total: 1688.474762, Node: 972.500789, Link: 715.973972, Spread: 0.000000
Epoch 203/600, Total: 1688.466031, Node: 972.491489, Link: 715.974542, Spread: 0.000000
Epoch 204/600, Total: 1688.457459, Node: 972.482292, Link: 715.975167, Spread: 0.000000
Epoch 205/600, Total: 1688.449019, Node: 972.473194, Link: 715.975827, Spread: 0.000000
Epoch 206/600, Total: 1688.440612, Node: 972.464188, Link: 715.976424, Spread: 0.000000
Epoch 207/600, Total: 1688.432378, Node: 972.455284, Link: 715.977090, Spread: 0.000000
Epoch 208/600, Total: 1688.424199, Node: 972.446466, Link: 715.977734, Spread: 0.000000
Epoch 209/600, Total: 1688.416126, Node: 972.437745, Link: 715.978381, Spread: 0.000000
Epoch 210/600, Total: 1688.408208, Node: 972.429115, Link: 715.979094, Spread: 0.000000
Epoch 211/600, Total: 1688.400377, Node: 972.420607, Link: 715.979770, Spread: 0.000000
Epoch 212/600, Total: 1688.392620, Node: 972.412179, Link: 715.980444, Spread: 0.000000
Epoch 213/600, Total: 1688.384945, Node: 972.403815, Link: 715.981131, Spread: 0.000000
Epoch 214/600, Total: 1688.377415, Node: 972.395567, Link: 715.981845, Spread: 0.000000
Epoch 215/600, Total: 1688.369972, Node: 972.387397, Link: 715.982574, Spread: 0.000000
Epoch 216/600, Total: 1688.362632, Node: 972.379339, Link: 715.983293, Spread: 0.000000
Epoch 217/600, Total: 1688.355382, Node: 972.371369, Link: 715.984016, Spread: 0.000000
Epoch 218/600, Total: 1688.348235, Node: 972.363505, Link: 715.984732, Spread: 0.000000
Epoch 219/600, Total: 1688.341191, Node: 972.355728, Link: 715.985461, Spread: 0.000000
Epoch 220/600, Total: 1688.334219, Node: 972.348032, Link: 715.986186, Spread: 0.000000
Epoch 221/600, Total: 1688.327405, Node: 972.340441, Link: 715.986962, Spread: 0.000000
Epoch 222/600, Total: 1688.337519, Node: 972.345737, Link: 715.991783, Spread: 0.000000
Epoch 223/600, Total: 1688.327176, Node: 972.332034, Link: 715.995144, Spread: 0.000000
Epoch 224/600, Total: 1688.313113, Node: 972.320552, Link: 715.992561, Spread: 0.000000
Epoch 225/600, Total: 1688.303664, Node: 972.311946, Link: 715.991717, Spread: 0.000000
Epoch 226/600, Total: 1688.295884, Node: 972.304270, Link: 715.991615, Spread: 0.000000
Epoch 227/600, Total: 1688.288938, Node: 972.296991, Link: 715.991947, Spread: 0.000000
Epoch 228/600, Total: 1688.282406, Node: 972.289921, Link: 715.992485, Spread: 0.000000
Epoch 229/600, Total: 1688.276135, Node: 972.282976, Link: 715.993158, Spread: 0.000000
Epoch 230/600, Total: 1688.270064, Node: 972.276151, Link: 715.993911, Spread: 0.000000
Epoch 231/600, Total: 1688.264152, Node: 972.269462, Link: 715.994691, Spread: 0.000000
Epoch 232/600, Total: 1688.258316, Node: 972.262848, Link: 715.995467, Spread: 0.000000
Epoch 233/600, Total: 1688.252545, Node: 972.256316, Link: 715.996225, Spread: 0.000000
Epoch 234/600, Total: 1688.246965, Node: 972.249907, Link: 715.997055, Spread: 0.000000
Epoch 235/600, Total: 1688.241417, Node: 972.243538, Link: 715.997879, Spread: 0.000000
Epoch 236/600, Total: 1688.235938, Node: 972.237246, Link: 715.998693, Spread: 0.000000
Epoch 237/600, Total: 1688.230536, Node: 972.231035, Link: 715.999499, Spread: 0.000000
Epoch 238/600, Total: 1688.225248, Node: 972.224903, Link: 716.000346, Spread: 0.000000
Epoch 239/600, Total: 1688.220012, Node: 972.218825, Link: 716.001188, Spread: 0.000000
Epoch 240/600, Total: 1688.214833, Node: 972.212835, Link: 716.002000, Spread: 0.000000
Epoch 241/600, Total: 1688.209729, Node: 972.206919, Link: 716.002809, Spread: 0.000000
Epoch 242/600, Total: 1688.204740, Node: 972.201060, Link: 716.003677, Spread: 0.000000
Epoch 243/600, Total: 1688.199810, Node: 972.195297, Link: 716.004514, Spread: 0.000000
Epoch 244/600, Total: 1688.194900, Node: 972.189551, Link: 716.005349, Spread: 0.000000
Epoch 245/600, Total: 1688.190084, Node: 972.183886, Link: 716.006198, Spread: 0.000000
Epoch 246/600, Total: 1688.185352, Node: 972.178299, Link: 716.007055, Spread: 0.000000
Epoch 247/600, Total: 1688.180649, Node: 972.172754, Link: 716.007891, Spread: 0.000000
Epoch 248/600, Total: 1688.176069, Node: 972.167299, Link: 716.008771, Spread: 0.000000
Epoch 249/600, Total: 1688.171534, Node: 972.161908, Link: 716.009623, Spread: 0.000000
Epoch 250/600, Total: 1688.167045, Node: 972.156573, Link: 716.010473, Spread: 0.000000
Epoch 251/600, Total: 1688.162627, Node: 972.151312, Link: 716.011314, Spread: 0.000000
Epoch 252/600, Total: 1688.158333, Node: 972.146109, Link: 716.012223, Spread: 0.000000
Epoch 253/600, Total: 1688.833488, Node: 972.782926, Link: 716.050564, Spread: 0.000000
Epoch 254/600, Total: 1689.964250, Node: 974.824555, Link: 715.139693, Spread: 0.000000
Epoch 255/600, Total: 1688.288547, Node: 972.227628, Link: 716.060919, Spread: 0.000000
Epoch 256/600, Total: 1688.186207, Node: 972.142783, Link: 716.043425, Spread: 0.000000
Epoch 257/600, Total: 1688.154034, Node: 972.122219, Link: 716.031814, Spread: 0.000000
Epoch 258/600, Total: 1688.138922, Node: 972.113686, Link: 716.025236, Spread: 0.000000
Epoch 259/600, Total: 1688.130007, Node: 972.108004, Link: 716.022002, Spread: 0.000000
Epoch 260/600, Total: 1688.123918, Node: 972.103177, Link: 716.020740, Spread: 0.000000
Epoch 261/600, Total: 1688.119233, Node: 972.098668, Link: 716.020563, Spread: 0.000000
Epoch 262/600, Total: 1688.115172, Node: 972.094254, Link: 716.020917, Spread: 0.000000
Epoch 263/600, Total: 1688.111511, Node: 972.089875, Link: 716.021634, Spread: 0.000000
Epoch 264/600, Total: 1688.108118, Node: 972.085584, Link: 716.022532, Spread: 0.000000
Epoch 265/600, Total: 1688.104801, Node: 972.081319, Link: 716.023484, Spread: 0.000000
Epoch 266/600, Total: 1688.101589, Node: 972.077092, Link: 716.024496, Spread: 0.000000
Epoch 267/600, Total: 1688.098444, Node: 972.072916, Link: 716.025528, Spread: 0.000000
Epoch 268/600, Total: 1688.095325, Node: 972.068780, Link: 716.026545, Spread: 0.000000
Epoch 269/600, Total: 1688.092303, Node: 972.064703, Link: 716.027601, Spread: 0.000000
Epoch 270/600, Total: 1688.089349, Node: 972.060683, Link: 716.028664, Spread: 0.000000
Epoch 271/600, Total: 1688.086451, Node: 972.056716, Link: 716.029737, Spread: 0.000000
Epoch 272/600, Total: 1688.083574, Node: 972.052787, Link: 716.030786, Spread: 0.000000
Epoch 273/600, Total: 1688.080743, Node: 972.048914, Link: 716.031830, Spread: 0.000000
Epoch 274/600, Total: 1688.078026, Node: 972.045094, Link: 716.032932, Spread: 0.000000
Epoch 275/600, Total: 1688.075329, Node: 972.041325, Link: 716.034007, Spread: 0.000000
Epoch 276/600, Total: 1688.072721, Node: 972.037608, Link: 716.035113, Spread: 0.000000
Epoch 277/600, Total: 1688.070120, Node: 972.033945, Link: 716.036176, Spread: 0.000000
Epoch 278/600, Total: 1688.067614, Node: 972.030304, Link: 716.037313, Spread: 0.000000
Epoch 279/600, Total: 1688.065162, Node: 972.026743, Link: 716.038417, Spread: 0.000000
Epoch 280/600, Total: 1688.062752, Node: 972.023222, Link: 716.039531, Spread: 0.000000
Epoch 281/600, Total: 1688.060451, Node: 972.019787, Link: 716.040668, Spread: 0.000000
Epoch 282/600, Total: 1688.058207, Node: 972.016369, Link: 716.041837, Spread: 0.000000
Epoch 283/600, Total: 1688.055975, Node: 972.012984, Link: 716.042988, Spread: 0.000000
Epoch 284/600, Total: 1688.053857, Node: 972.009684, Link: 716.044175, Spread: 0.000000
Epoch 285/600, Total: 1688.051777, Node: 972.006424, Link: 716.045354, Spread: 0.000000
Epoch 286/600, Total: 1688.049784, Node: 972.003217, Link: 716.046567, Spread: 0.000000
Epoch 287/600, Total: 1688.047877, Node: 972.000071, Link: 716.047809, Spread: 0.000000
Epoch 288/600, Total: 1688.046041, Node: 971.996977, Link: 716.049063, Spread: 0.000000
Epoch 289/600, Total: 1688.044240, Node: 971.993942, Link: 716.050300, Spread: 0.000000
Epoch 290/600, Total: 1688.042511, Node: 971.990941, Link: 716.051570, Spread: 0.000000
Epoch 291/600, Total: 1688.040878, Node: 971.987999, Link: 716.052874, Spread: 0.000000
Epoch 292/600, Total: 1688.039279, Node: 971.985102, Link: 716.054182, Spread: 0.000000
Epoch 293/600, Total: 1688.037801, Node: 971.982287, Link: 716.055514, Spread: 0.000000
Epoch 294/600, Total: 1688.036348, Node: 971.979511, Link: 716.056838, Spread: 0.000000
Epoch 295/600, Total: 1688.034928, Node: 971.976755, Link: 716.058174, Spread: 0.000000
Epoch 296/600, Total: 1688.033571, Node: 971.974055, Link: 716.059516, Spread: 0.000000
Epoch 297/600, Total: 1688.032262, Node: 971.971386, Link: 716.060876, Spread: 0.000000
Epoch 298/600, Total: 1688.030989, Node: 971.968769, Link: 716.062218, Spread: 0.000000
Epoch 299/600, Total: 1688.029794, Node: 971.966190, Link: 716.063601, Spread: 0.000000
Epoch 300/600, Total: 1688.028635, Node: 971.963670, Link: 716.064964, Spread: 0.000000
Epoch 301/600, Total: 1688.027538, Node: 971.961190, Link: 716.066351, Spread: 0.000000
Epoch 302/600, Total: 1688.026571, Node: 971.958760, Link: 716.067810, Spread: 0.000000
Epoch 303/600, Total: 1688.025598, Node: 971.956387, Link: 716.069210, Spread: 0.000000
Epoch 304/600, Total: 1688.024722, Node: 971.954049, Link: 716.070676, Spread: 0.000000
Epoch 305/600, Total: 1688.023915, Node: 971.951766, Link: 716.072148, Spread: 0.000000
Epoch 306/600, Total: 1688.023114, Node: 971.949512, Link: 716.073601, Spread: 0.000000
Epoch 307/600, Total: 1688.022372, Node: 971.947277, Link: 716.075096, Spread: 0.000000
Epoch 308/600, Total: 1688.021684, Node: 971.945095, Link: 716.076590, Spread: 0.000000
Epoch 309/600, Total: 1688.021076, Node: 971.942969, Link: 716.078108, Spread: 0.000000
Epoch 310/600, Total: 1688.020498, Node: 971.940853, Link: 716.079646, Spread: 0.000000
Epoch 311/600, Total: 1688.019917, Node: 971.938769, Link: 716.081148, Spread: 0.000000
Epoch 312/600, Total: 1688.019452, Node: 971.936708, Link: 716.082742, Spread: 0.000000
Epoch 313/600, Total: 1688.019002, Node: 971.934661, Link: 716.084346, Spread: 0.000000
Epoch 314/600, Total: 1688.018555, Node: 971.932610, Link: 716.085944, Spread: 0.000000
Epoch 315/600, Total: 1688.018165, Node: 971.930617, Link: 716.087551, Spread: 0.000000
Epoch 316/600, Total: 1688.017820, Node: 971.928618, Link: 716.089205, Spread: 0.000000
Epoch 317/600, Total: 1688.017481, Node: 971.926631, Link: 716.090845, Spread: 0.000000
Epoch 318/600, Total: 1688.017189, Node: 971.924651, Link: 716.092537, Spread: 0.000000
Epoch 319/600, Total: 1688.016964, Node: 971.922672, Link: 716.094289, Spread: 0.000000
Epoch 320/600, Total: 1688.016676, Node: 971.920677, Link: 716.096003, Spread: 0.000000
Epoch 321/600, Total: 1688.016461, Node: 971.918687, Link: 716.097773, Spread: 0.000000
Epoch 322/600, Total: 1688.016242, Node: 971.916695, Link: 716.099549, Spread: 0.000000
Epoch 323/600, Total: 1688.016069, Node: 971.914698, Link: 716.101371, Spread: 0.000000
Epoch 324/600, Total: 1688.015886, Node: 971.912691, Link: 716.103197, Spread: 0.000000
Epoch 325/600, Total: 1688.015710, Node: 971.910660, Link: 716.105051, Spread: 0.000000
Epoch 326/600, Total: 1688.015548, Node: 971.908638, Link: 716.106907, Spread: 0.000000
Epoch 327/600, Total: 1688.015364, Node: 971.906578, Link: 716.108786, Spread: 0.000000
Epoch 328/600, Total: 1688.015202, Node: 971.904527, Link: 716.110675, Spread: 0.000000
Epoch 329/600, Total: 1688.015027, Node: 971.902462, Link: 716.112564, Spread: 0.000000
Epoch 330/600, Total: 1688.014820, Node: 971.900387, Link: 716.114433, Spread: 0.000000
Epoch 331/600, Total: 1688.014614, Node: 971.898279, Link: 716.116339, Spread: 0.000000
Epoch 332/600, Total: 1688.014404, Node: 971.896147, Link: 716.118255, Spread: 0.000000
Epoch 333/600, Total: 1688.014079, Node: 971.893995, Link: 716.120084, Spread: 0.000000
Epoch 334/600, Total: 1688.013822, Node: 971.891840, Link: 716.121981, Spread: 0.000000
Epoch 335/600, Total: 1688.013450, Node: 971.889625, Link: 716.123823, Spread: 0.000000
Epoch 336/600, Total: 1688.013042, Node: 971.887348, Link: 716.125694, Spread: 0.000000
Epoch 337/600, Total: 1688.012540, Node: 971.885040, Link: 716.127501, Spread: 0.000000
Epoch 338/600, Total: 1688.012000, Node: 971.882680, Link: 716.129318, Spread: 0.000000
Epoch 339/600, Total: 1688.011329, Node: 971.880261, Link: 716.131068, Spread: 0.000000
Epoch 340/600, Total: 1688.010559, Node: 971.877801, Link: 716.132758, Spread: 0.000000
Epoch 341/600, Total: 1688.009741, Node: 971.875266, Link: 716.134472, Spread: 0.000000
Epoch 342/600, Total: 1688.008784, Node: 971.872668, Link: 716.136117, Spread: 0.000000
Epoch 343/600, Total: 1688.007679, Node: 971.869965, Link: 716.137716, Spread: 0.000000
Epoch 344/600, Total: 1688.006418, Node: 971.867182, Link: 716.139238, Spread: 0.000000
Epoch 345/600, Total: 1688.005090, Node: 971.864354, Link: 716.140737, Spread: 0.000000
Epoch 346/600, Total: 1688.003584, Node: 971.861432, Link: 716.142150, Spread: 0.000000
Epoch 347/600, Total: 1688.001936, Node: 971.858448, Link: 716.143490, Spread: 0.000000
Epoch 348/600, Total: 1688.000113, Node: 971.855386, Link: 716.144728, Spread: 0.000000
Epoch 349/600, Total: 1687.998163, Node: 971.852279, Link: 716.145888, Spread: 0.000000
Epoch 350/600, Total: 1687.996091, Node: 971.849071, Link: 716.147021, Spread: 0.000000
Epoch 351/600, Total: 1687.993854, Node: 971.845837, Link: 716.148017, Spread: 0.000000
Epoch 352/600, Total: 1687.991514, Node: 971.842556, Link: 716.148958, Spread: 0.000000
Epoch 353/600, Total: 1687.989012, Node: 971.839217, Link: 716.149794, Spread: 0.000000
Epoch 354/600, Total: 1687.986425, Node: 971.835848, Link: 716.150578, Spread: 0.000000
Epoch 355/600, Total: 1687.983711, Node: 971.832455, Link: 716.151255, Spread: 0.000000
Epoch 356/600, Total: 1687.980961, Node: 971.829059, Link: 716.151904, Spread: 0.000000
Epoch 357/600, Total: 1687.978069, Node: 971.825628, Link: 716.152441, Spread: 0.000000
Epoch 358/600, Total: 1687.975091, Node: 971.822193, Link: 716.152899, Spread: 0.000000
Epoch 359/600, Total: 1687.972115, Node: 971.818790, Link: 716.153326, Spread: 0.000000
Epoch 360/600, Total: 1687.969084, Node: 971.815404, Link: 716.153680, Spread: 0.000000
Epoch 361/600, Total: 1687.965990, Node: 971.812008, Link: 716.153985, Spread: 0.000000
Epoch 362/600, Total: 1687.962853, Node: 971.808630, Link: 716.154226, Spread: 0.000000
Epoch 363/600, Total: 1687.959735, Node: 971.805284, Link: 716.154452, Spread: 0.000000
Epoch 364/600, Total: 1687.956572, Node: 971.801968, Link: 716.154605, Spread: 0.000000
Epoch 365/600, Total: 1687.953462, Node: 971.798693, Link: 716.154770, Spread: 0.000000
Epoch 366/600, Total: 1687.950321, Node: 971.795435, Link: 716.154885, Spread: 0.000000
Epoch 367/600, Total: 1687.947146, Node: 971.792208, Link: 716.154939, Spread: 0.000000
Epoch 368/600, Total: 1687.944035, Node: 971.789013, Link: 716.155021, Spread: 0.000000
Epoch 369/600, Total: 1687.940934, Node: 971.785873, Link: 716.155061, Spread: 0.000000
Epoch 370/600, Total: 1687.937797, Node: 971.782757, Link: 716.155041, Spread: 0.000000
Epoch 371/600, Total: 1687.934769, Node: 971.779689, Link: 716.155079, Spread: 0.000000
Epoch 372/600, Total: 1687.931706, Node: 971.776653, Link: 716.155051, Spread: 0.000000
Epoch 373/600, Total: 1687.928637, Node: 971.773639, Link: 716.154995, Spread: 0.000000
Epoch 374/600, Total: 1687.925665, Node: 971.770695, Link: 716.154967, Spread: 0.000000
Epoch 375/600, Total: 1687.922719, Node: 971.767782, Link: 716.154936, Spread: 0.000000
Epoch 376/600, Total: 1687.919745, Node: 971.764883, Link: 716.154865, Spread: 0.000000
Epoch 377/600, Total: 1687.916856, Node: 971.762048, Link: 716.154810, Spread: 0.000000
Epoch 378/600, Total: 1687.913949, Node: 971.759240, Link: 716.154710, Spread: 0.000000
Epoch 379/600, Total: 1687.911097, Node: 971.756467, Link: 716.154630, Spread: 0.000000
Epoch 380/600, Total: 1687.908288, Node: 971.753735, Link: 716.154552, Spread: 0.000000
Epoch 381/600, Total: 1687.905548, Node: 971.751084, Link: 716.154463, Spread: 0.000000
Epoch 382/600, Total: 1687.902842, Node: 971.748470, Link: 716.154370, Spread: 0.000000
Epoch 383/600, Total: 1687.900129, Node: 971.745862, Link: 716.154265, Spread: 0.000000
Epoch 384/600, Total: 1687.897479, Node: 971.743297, Link: 716.154181, Spread: 0.000000
Epoch 385/600, Total: 1687.894843, Node: 971.740773, Link: 716.154068, Spread: 0.000000
Epoch 386/600, Total: 1687.892227, Node: 971.738258, Link: 716.153969, Spread: 0.000000
Epoch 387/600, Total: 1687.889645, Node: 971.735780, Link: 716.153863, Spread: 0.000000
Epoch 388/600, Total: 1687.887075, Node: 971.733338, Link: 716.153738, Spread: 0.000000
Epoch 389/600, Total: 1687.884541, Node: 971.730906, Link: 716.153636, Spread: 0.000000
Epoch 390/600, Total: 1687.882011, Node: 971.728502, Link: 716.153510, Spread: 0.000000
Epoch 391/600, Total: 1687.879517, Node: 971.726140, Link: 716.153379, Spread: 0.000000
Epoch 392/600, Total: 1687.877063, Node: 971.723795, Link: 716.153269, Spread: 0.000000
Epoch 393/600, Total: 1687.874616, Node: 971.721465, Link: 716.153150, Spread: 0.000000
Epoch 394/600, Total: 1687.872177, Node: 971.719143, Link: 716.153034, Spread: 0.000000
Epoch 395/600, Total: 1687.869759, Node: 971.716865, Link: 716.152892, Spread: 0.000000
Epoch 396/600, Total: 1687.867355, Node: 971.714592, Link: 716.152762, Spread: 0.000000
Epoch 397/600, Total: 1687.864964, Node: 971.712345, Link: 716.152617, Spread: 0.000000
Epoch 398/600, Total: 1687.862587, Node: 971.710123, Link: 716.152465, Spread: 0.000000
Epoch 399/600, Total: 1687.860257, Node: 971.707929, Link: 716.152329, Spread: 0.000000
Epoch 400/600, Total: 1687.857912, Node: 971.705719, Link: 716.152192, Spread: 0.000000
Epoch 401/600, Total: 1687.855598, Node: 971.703557, Link: 716.152040, Spread: 0.000000
Epoch 402/600, Total: 1687.853300, Node: 971.701393, Link: 716.151904, Spread: 0.000000
Epoch 403/600, Total: 1687.851001, Node: 971.699245, Link: 716.151756, Spread: 0.000000
Epoch 404/600, Total: 1687.848754, Node: 971.697127, Link: 716.151624, Spread: 0.000000
Epoch 405/600, Total: 1687.846479, Node: 971.695007, Link: 716.151472, Spread: 0.000000
Epoch 406/600, Total: 1687.844234, Node: 971.692900, Link: 716.151334, Spread: 0.000000
Epoch 407/600, Total: 1687.841990, Node: 971.690801, Link: 716.151191, Spread: 0.000000
Epoch 408/600, Total: 1687.839736, Node: 971.688711, Link: 716.151027, Spread: 0.000000
Epoch 409/600, Total: 1687.837515, Node: 971.686623, Link: 716.150893, Spread: 0.000000
Epoch 410/600, Total: 1687.835274, Node: 971.684552, Link: 716.150723, Spread: 0.000000
Epoch 411/600, Total: 1687.833095, Node: 971.682497, Link: 716.150598, Spread: 0.000000
Epoch 412/600, Total: 1687.830910, Node: 971.680440, Link: 716.150468, Spread: 0.000000
Epoch 413/600, Total: 1687.828682, Node: 971.678384, Link: 716.150298, Spread: 0.000000
Epoch 414/600, Total: 1687.826476, Node: 971.676326, Link: 716.150149, Spread: 0.000000
Epoch 415/600, Total: 1687.824328, Node: 971.674287, Link: 716.150040, Spread: 0.000000
Epoch 416/600, Total: 1687.822149, Node: 971.672242, Link: 716.149906, Spread: 0.000000
Epoch 417/600, Total: 1687.819960, Node: 971.670186, Link: 716.149776, Spread: 0.000000
Epoch 418/600, Total: 1687.817790, Node: 971.668138, Link: 716.149652, Spread: 0.000000
Epoch 419/600, Total: 1687.815587, Node: 971.666075, Link: 716.149513, Spread: 0.000000
Epoch 420/600, Total: 1687.813423, Node: 971.664002, Link: 716.149420, Spread: 0.000000
Epoch 421/600, Total: 1687.811220, Node: 971.661923, Link: 716.149300, Spread: 0.000000
Epoch 422/600, Total: 1687.809035, Node: 971.659842, Link: 716.149197, Spread: 0.000000
Epoch 423/600, Total: 1687.806842, Node: 971.657739, Link: 716.149102, Spread: 0.000000
Epoch 424/600, Total: 1687.804631, Node: 971.655615, Link: 716.149016, Spread: 0.000000
Epoch 425/600, Total: 1687.802462, Node: 971.653508, Link: 716.148953, Spread: 0.000000
Epoch 426/600, Total: 1687.800294, Node: 971.651386, Link: 716.148907, Spread: 0.000000
Epoch 427/600, Total: 1687.798080, Node: 971.649215, Link: 716.148866, Spread: 0.000000
Epoch 428/600, Total: 1687.795768, Node: 971.647011, Link: 716.148759, Spread: 0.000000
Epoch 429/600, Total: 1687.793519, Node: 971.644781, Link: 716.148740, Spread: 0.000000
Epoch 430/600, Total: 1687.791254, Node: 971.642533, Link: 716.148719, Spread: 0.000000
Epoch 431/600, Total: 1687.788910, Node: 971.640227, Link: 716.148682, Spread: 0.000000
Epoch 432/600, Total: 1687.786597, Node: 971.637912, Link: 716.148685, Spread: 0.000000
Epoch 433/600, Total: 1687.784267, Node: 971.635564, Link: 716.148703, Spread: 0.000000
Epoch 434/600, Total: 1687.781900, Node: 971.633163, Link: 716.148736, Spread: 0.000000
Epoch 435/600, Total: 1687.779521, Node: 971.630726, Link: 716.148794, Spread: 0.000000
Epoch 436/600, Total: 1687.777188, Node: 971.628265, Link: 716.148924, Spread: 0.000000
Epoch 437/600, Total: 1687.774744, Node: 971.625726, Link: 716.149018, Spread: 0.000000
Epoch 438/600, Total: 1687.772370, Node: 971.623160, Link: 716.149208, Spread: 0.000000
Epoch 439/600, Total: 1687.769969, Node: 971.620563, Link: 716.149409, Spread: 0.000000
Epoch 440/600, Total: 1687.767560, Node: 971.617907, Link: 716.149651, Spread: 0.000000
Epoch 441/600, Total: 1687.765129, Node: 971.615214, Link: 716.149916, Spread: 0.000000
Epoch 442/600, Total: 1687.762739, Node: 971.612475, Link: 716.150266, Spread: 0.000000
Epoch 443/600, Total: 1687.760306, Node: 971.609684, Link: 716.150620, Spread: 0.000000
Epoch 444/600, Total: 1687.757898, Node: 971.606846, Link: 716.151050, Spread: 0.000000
Epoch 445/600, Total: 1687.755508, Node: 971.603984, Link: 716.151522, Spread: 0.000000
Epoch 446/600, Total: 1687.753145, Node: 971.601091, Link: 716.152053, Spread: 0.000000
Epoch 447/600, Total: 1687.750805, Node: 971.598179, Link: 716.152625, Spread: 0.000000
Epoch 448/600, Total: 1687.748492, Node: 971.595213, Link: 716.153282, Spread: 0.000000
Epoch 449/600, Total: 1687.746224, Node: 971.592253, Link: 716.153970, Spread: 0.000000
Epoch 450/600, Total: 1687.744095, Node: 971.589295, Link: 716.154798, Spread: 0.000000
Epoch 451/600, Total: 1687.741989, Node: 971.586325, Link: 716.155662, Spread: 0.000000
Epoch 452/600, Total: 1687.740001, Node: 971.583407, Link: 716.156593, Spread: 0.000000
Epoch 453/600, Total: 1687.738152, Node: 971.580519, Link: 716.157632, Spread: 0.000000
Epoch 454/600, Total: 1687.736425, Node: 971.577709, Link: 716.158717, Spread: 0.000000
Epoch 455/600, Total: 1687.734914, Node: 971.574992, Link: 716.159922, Spread: 0.000000
Epoch 456/600, Total: 1687.733555, Node: 971.572389, Link: 716.161165, Spread: 0.000000
Epoch 457/600, Total: 1687.732419, Node: 971.569904, Link: 716.162516, Spread: 0.000000
Epoch 458/600, Total: 1687.731534, Node: 971.567585, Link: 716.163950, Spread: 0.000000
Epoch 459/600, Total: 1687.730876, Node: 971.565419, Link: 716.165458, Spread: 0.000000
Epoch 460/600, Total: 1687.730516, Node: 971.563501, Link: 716.167016, Spread: 0.000000
Epoch 461/600, Total: 1687.730426, Node: 971.561790, Link: 716.168634, Spread: 0.000000
Epoch 462/600, Total: 1687.730616, Node: 971.560361, Link: 716.170255, Spread: 0.000000
Epoch 463/600, Total: 1687.731143, Node: 971.559207, Link: 716.171934, Spread: 0.000000
Epoch 464/600, Total: 1687.731857, Node: 971.558368, Link: 716.173489, Spread: 0.000000
Epoch 465/600, Total: 1687.732821, Node: 971.557853, Link: 716.174970, Spread: 0.000000
Epoch 466/600, Total: 1687.734007, Node: 971.557681, Link: 716.176327, Spread: 0.000000
Epoch 467/600, Total: 1687.735104, Node: 971.557750, Link: 716.177356, Spread: 0.000000
Epoch 468/600, Total: 1687.736151, Node: 971.558021, Link: 716.178129, Spread: 0.000000
Epoch 469/600, Total: 1687.736847, Node: 971.558256, Link: 716.178589, Spread: 0.000000
Epoch 470/600, Total: 1687.737182, Node: 971.558361, Link: 716.178824, Spread: 0.000000
Epoch 471/600, Total: 1687.737339, Node: 971.558354, Link: 716.178984, Spread: 0.000000
Epoch 472/600, Total: 1687.737246, Node: 971.558176, Link: 716.179070, Spread: 0.000000
Epoch 473/600, Total: 1687.737059, Node: 971.557885, Link: 716.179174, Spread: 0.000000
Epoch 474/600, Total: 1687.736863, Node: 971.557551, Link: 716.179311, Spread: 0.000000
Epoch 475/600, Total: 1687.736687, Node: 971.557202, Link: 716.179484, Spread: 0.000000
Epoch 476/600, Total: 1687.736466, Node: 971.556806, Link: 716.179660, Spread: 0.000000
Epoch 477/600, Total: 1687.736271, Node: 971.556422, Link: 716.179850, Spread: 0.000000
Epoch 478/600, Total: 1687.736004, Node: 971.556001, Link: 716.180000, Spread: 0.000000
Epoch 479/600, Total: 1687.735689, Node: 971.555559, Link: 716.180135, Spread: 0.000000
Epoch 480/600, Total: 1687.735395, Node: 971.555123, Link: 716.180271, Spread: 0.000000
Epoch 481/600, Total: 1687.735031, Node: 971.554640, Link: 716.180391, Spread: 0.000000
Epoch 482/600, Total: 1687.734711, Node: 971.554180, Link: 716.180530, Spread: 0.000000
Epoch 483/600, Total: 1687.734331, Node: 971.553707, Link: 716.180626, Spread: 0.000000
Epoch 484/600, Total: 1687.733944, Node: 971.553228, Link: 716.180716, Spread: 0.000000
Epoch 485/600, Total: 1687.733567, Node: 971.552755, Link: 716.180812, Spread: 0.000000
Epoch 486/600, Total: 1687.733161, Node: 971.552259, Link: 716.180900, Spread: 0.000000
Epoch 487/600, Total: 1687.732707, Node: 971.551756, Link: 716.180950, Spread: 0.000000
Epoch 488/600, Total: 1687.732289, Node: 971.551283, Link: 716.181008, Spread: 0.000000
Epoch 489/600, Total: 1687.731854, Node: 971.550778, Link: 716.181075, Spread: 0.000000
Epoch 490/600, Total: 1687.731378, Node: 971.550277, Link: 716.181102, Spread: 0.000000
Epoch 491/600, Total: 1687.730911, Node: 971.549776, Link: 716.181135, Spread: 0.000000
Epoch 492/600, Total: 1687.730419, Node: 971.549284, Link: 716.181136, Spread: 0.000000
Epoch 493/600, Total: 1687.729940, Node: 971.548779, Link: 716.181164, Spread: 0.000000
Epoch 494/600, Total: 1687.729424, Node: 971.548257, Link: 716.181169, Spread: 0.000000
Epoch 495/600, Total: 1687.728904, Node: 971.547764, Link: 716.181141, Spread: 0.000000
Epoch 496/600, Total: 1687.728426, Node: 971.547276, Link: 716.181150, Spread: 0.000000
Epoch 497/600, Total: 1687.727937, Node: 971.546768, Link: 716.181171, Spread: 0.000000
Epoch 498/600, Total: 1687.727420, Node: 971.546272, Link: 716.181148, Spread: 0.000000
Epoch 499/600, Total: 1687.726871, Node: 971.545779, Link: 716.181093, Spread: 0.000000
Epoch 500/600, Total: 1687.726353, Node: 971.545268, Link: 716.181088, Spread: 0.000000
Epoch 501/600, Total: 1687.725862, Node: 971.544779, Link: 716.181081, Spread: 0.000000
Epoch 502/600, Total: 1687.725288, Node: 971.544271, Link: 716.181017, Spread: 0.000000
Epoch 503/600, Total: 1687.724763, Node: 971.543770, Link: 716.180994, Spread: 0.000000
Epoch 504/600, Total: 1687.724248, Node: 971.543284, Link: 716.180964, Spread: 0.000000
Epoch 505/600, Total: 1687.723708, Node: 971.542797, Link: 716.180909, Spread: 0.000000
Epoch 506/600, Total: 1687.723145, Node: 971.542314, Link: 716.180833, Spread: 0.000000
Epoch 507/600, Total: 1687.722677, Node: 971.541861, Link: 716.180815, Spread: 0.000000
Epoch 508/600, Total: 1687.722114, Node: 971.541358, Link: 716.180758, Spread: 0.000000
Epoch 509/600, Total: 1687.721587, Node: 971.540904, Link: 716.180685, Spread: 0.000000
Epoch 510/600, Total: 1687.721075, Node: 971.540415, Link: 716.180662, Spread: 0.000000
Epoch 511/600, Total: 1687.720546, Node: 971.539950, Link: 716.180596, Spread: 0.000000
Epoch 512/600, Total: 1687.720015, Node: 971.539484, Link: 716.180533, Spread: 0.000000
Epoch 513/600, Total: 1687.719500, Node: 971.539039, Link: 716.180464, Spread: 0.000000
Epoch 514/600, Total: 1687.718956, Node: 971.538572, Link: 716.180381, Spread: 0.000000
Epoch 515/600, Total: 1687.718433, Node: 971.538114, Link: 716.180326, Spread: 0.000000
Epoch 516/600, Total: 1687.717941, Node: 971.537666, Link: 716.180275, Spread: 0.000000
Epoch 517/600, Total: 1687.717399, Node: 971.537218, Link: 716.180182, Spread: 0.000000
Epoch 518/600, Total: 1687.716856, Node: 971.536781, Link: 716.180074, Spread: 0.000000
Epoch 519/600, Total: 1687.716368, Node: 971.536367, Link: 716.180001, Spread: 0.000000
Epoch 520/600, Total: 1687.715816, Node: 971.535901, Link: 716.179917, Spread: 0.000000
Epoch 521/600, Total: 1687.715267, Node: 971.535457, Link: 716.179810, Spread: 0.000000
Epoch 522/600, Total: 1687.714781, Node: 971.535041, Link: 716.179737, Spread: 0.000000
Epoch 523/600, Total: 1687.714286, Node: 971.534614, Link: 716.179671, Spread: 0.000000
Epoch 524/600, Total: 1687.713734, Node: 971.534175, Link: 716.179559, Spread: 0.000000
Epoch 525/600, Total: 1687.713231, Node: 971.533772, Link: 716.179459, Spread: 0.000000
Epoch 526/600, Total: 1687.712747, Node: 971.533366, Link: 716.179383, Spread: 0.000000
Epoch 527/600, Total: 1687.712250, Node: 971.532941, Link: 716.179309, Spread: 0.000000
Epoch 528/600, Total: 1687.711709, Node: 971.532531, Link: 716.179173, Spread: 0.000000
Epoch 529/600, Total: 1687.711226, Node: 971.532126, Link: 716.179100, Spread: 0.000000
Epoch 530/600, Total: 1687.710758, Node: 971.531749, Link: 716.179010, Spread: 0.000000
Epoch 531/600, Total: 1687.710225, Node: 971.531327, Link: 716.178895, Spread: 0.000000
Epoch 532/600, Total: 1687.709754, Node: 971.530950, Link: 716.178804, Spread: 0.000000
Epoch 533/600, Total: 1687.709258, Node: 971.530542, Link: 716.178716, Spread: 0.000000
Epoch 534/600, Total: 1687.708751, Node: 971.530155, Link: 716.178597, Spread: 0.000000
Epoch 535/600, Total: 1687.708250, Node: 971.529766, Link: 716.178484, Spread: 0.000000
Epoch 536/600, Total: 1687.707759, Node: 971.529369, Link: 716.178389, Spread: 0.000000
Epoch 537/600, Total: 1687.707258, Node: 971.528999, Link: 716.178260, Spread: 0.000000
Epoch 538/600, Total: 1687.706812, Node: 971.528629, Link: 716.178181, Spread: 0.000000
Epoch 539/600, Total: 1687.706339, Node: 971.528257, Link: 716.178081, Spread: 0.000000
Epoch 540/600, Total: 1687.705845, Node: 971.527896, Link: 716.177949, Spread: 0.000000
Epoch 541/600, Total: 1687.705400, Node: 971.527531, Link: 716.177868, Spread: 0.000000
Epoch 542/600, Total: 1687.704921, Node: 971.527158, Link: 716.177762, Spread: 0.000000
Epoch 543/600, Total: 1687.704467, Node: 971.526816, Link: 716.177652, Spread: 0.000000
Epoch 544/600, Total: 1687.703997, Node: 971.526442, Link: 716.177554, Spread: 0.000000
Epoch 545/600, Total: 1687.703527, Node: 971.526085, Link: 716.177442, Spread: 0.000000
Epoch 546/600, Total: 1687.703042, Node: 971.525725, Link: 716.177315, Spread: 0.000000
Epoch 547/600, Total: 1687.702566, Node: 971.525366, Link: 716.177200, Spread: 0.000000
Epoch 548/600, Total: 1687.702093, Node: 971.525022, Link: 716.177069, Spread: 0.000000
Epoch 549/600, Total: 1687.701633, Node: 971.524670, Link: 716.176964, Spread: 0.000000
Epoch 550/600, Total: 1687.701170, Node: 971.524329, Link: 716.176836, Spread: 0.000000
Epoch 551/600, Total: 1687.700746, Node: 971.523983, Link: 716.176764, Spread: 0.000000
Epoch 552/600, Total: 1687.700283, Node: 971.523655, Link: 716.176628, Spread: 0.000000
Epoch 553/600, Total: 1687.699810, Node: 971.523319, Link: 716.176487, Spread: 0.000000
Epoch 554/600, Total: 1687.699367, Node: 971.522983, Link: 716.176383, Spread: 0.000000
Epoch 555/600, Total: 1687.698882, Node: 971.522640, Link: 716.176244, Spread: 0.000000
Epoch 556/600, Total: 1687.698510, Node: 971.522336, Link: 716.176170, Spread: 0.000000
Epoch 557/600, Total: 1687.698063, Node: 971.522004, Link: 716.176059, Spread: 0.000000
Epoch 558/600, Total: 1687.697616, Node: 971.521663, Link: 716.175953, Spread: 0.000000
Epoch 559/600, Total: 1687.697154, Node: 971.521348, Link: 716.175804, Spread: 0.000000
Epoch 560/600, Total: 1687.696697, Node: 971.521028, Link: 716.175670, Spread: 0.000000
Epoch 561/600, Total: 1687.696237, Node: 971.520697, Link: 716.175539, Spread: 0.000000
Epoch 562/600, Total: 1687.695756, Node: 971.520361, Link: 716.175395, Spread: 0.000000
Epoch 563/600, Total: 1687.695368, Node: 971.520057, Link: 716.175312, Spread: 0.000000
Epoch 564/600, Total: 1687.694939, Node: 971.519752, Link: 716.175188, Spread: 0.000000
Epoch 565/600, Total: 1687.694445, Node: 971.519408, Link: 716.175039, Spread: 0.000000
Epoch 566/600, Total: 1687.694009, Node: 971.519089, Link: 716.174917, Spread: 0.000000
Epoch 567/600, Total: 1687.693568, Node: 971.518779, Link: 716.174793, Spread: 0.000000
Epoch 568/600, Total: 1687.693177, Node: 971.518487, Link: 716.174687, Spread: 0.000000
Epoch 569/600, Total: 1687.692752, Node: 971.518202, Link: 716.174551, Spread: 0.000000
Epoch 570/600, Total: 1687.692316, Node: 971.517873, Link: 716.174446, Spread: 0.000000
Epoch 571/600, Total: 1687.691896, Node: 971.517565, Link: 716.174331, Spread: 0.000000
Epoch 572/600, Total: 1687.691419, Node: 971.517251, Link: 716.174169, Spread: 0.000000
Epoch 573/600, Total: 1687.691040, Node: 971.516954, Link: 716.174089, Spread: 0.000000
Epoch 574/600, Total: 1687.690584, Node: 971.516643, Link: 716.173943, Spread: 0.000000
Epoch 575/600, Total: 1687.690150, Node: 971.516337, Link: 716.173814, Spread: 0.000000
Epoch 576/600, Total: 1687.689721, Node: 971.516034, Link: 716.173686, Spread: 0.000000
Epoch 577/600, Total: 1687.689312, Node: 971.515739, Link: 716.173570, Spread: 0.000000
Epoch 578/600, Total: 1687.688883, Node: 971.515442, Link: 716.173439, Spread: 0.000000
Epoch 579/600, Total: 1687.688442, Node: 971.515141, Link: 716.173299, Spread: 0.000000
Epoch 580/600, Total: 1687.688023, Node: 971.514846, Link: 716.173179, Spread: 0.000000
Epoch 581/600, Total: 1687.799476, Node: 971.703906, Link: 716.095570, Spread: 0.000000
Epoch 582/600, Total: 1687.680192, Node: 971.615143, Link: 716.065047, Spread: 0.000000
Epoch 583/600, Total: 1687.662871, Node: 971.575388, Link: 716.087484, Spread: 0.000000
Epoch 584/600, Total: 1687.682006, Node: 971.579083, Link: 716.102923, Spread: 0.000000
Epoch 585/600, Total: 1687.685981, Node: 971.563204, Link: 716.122777, Spread: 0.000000
Epoch 586/600, Total: 1687.695975, Node: 971.560967, Link: 716.135008, Spread: 0.000000
Epoch 587/600, Total: 1687.703948, Node: 971.560137, Link: 716.143814, Spread: 0.000000
Epoch 588/600, Total: 1687.709304, Node: 971.559534, Link: 716.149775, Spread: 0.000000
Epoch 589/600, Total: 1687.712536, Node: 971.558804, Link: 716.153734, Spread: 0.000000
Epoch 590/600, Total: 1687.714210, Node: 971.557931, Link: 716.156280, Spread: 0.000000
Epoch 591/600, Total: 1687.714841, Node: 971.556948, Link: 716.157892, Spread: 0.000000
Epoch 592/600, Total: 1687.714624, Node: 971.555831, Link: 716.158793, Spread: 0.000000
Epoch 593/600, Total: 1687.713845, Node: 971.554627, Link: 716.159217, Spread: 0.000000
Epoch 594/600, Total: 1687.712773, Node: 971.553394, Link: 716.159380, Spread: 0.000000
Epoch 595/600, Total: 1687.711397, Node: 971.552121, Link: 716.159277, Spread: 0.000000
Epoch 596/600, Total: 1687.709940, Node: 971.550843, Link: 716.159099, Spread: 0.000000
Epoch 597/600, Total: 1687.708356, Node: 971.549574, Link: 716.158781, Spread: 0.000000
Epoch 598/600, Total: 1687.706709, Node: 971.548296, Link: 716.158414, Spread: 0.000000
Epoch 599/600, Total: 1687.705029, Node: 971.547033, Link: 716.157999, Spread: 0.000000
Epoch 600/600, Total: 1687.703390, Node: 971.545811, Link: 716.157578, Spread: 0.000000
Saved sweep result to: /homes/dameyer/ml-for-wdn-project-4/results/aggregated/gnn_training_sweep/net1_buffer=1_rollout=1_seed=42.json
Table value: 971.545811
