Filter:    ekf
Job:       240751
Array ID:  21
Seed:      63
Host:      assistant-3.GPU.CIT-EC.NET
Dataset:   hanoi

Running Hanoi GNN EKF: 24 sensor counts × 1 sensor placements
2 sensors/type: 1.0775 ± 0.3043
3 sensors/type: 1.0533 ± 0.2805
4 sensors/type: 1.0280 ± 0.2642
5 sensors/type: 1.0134 ± 0.2656
6 sensors/type: 1.0109 ± 0.2634
7 sensors/type: 1.0006 ± 0.2803
8 sensors/type: 1.0177 ± 0.2811
9 sensors/type: 0.9739 ± 0.2472
10 sensors/type: 0.9686 ± 0.2769
11 sensors/type: 0.9784 ± 0.2715
12 sensors/type: 0.9300 ± 0.2592
13 sensors/type: 0.9512 ± 0.2775
14 sensors/type: 0.9859 ± 0.2952
15 sensors/type: 0.9102 ± 0.2729
16 sensors/type: 0.9051 ± 0.2616
17 sensors/type: 0.9262 ± 0.2797
18 sensors/type: 0.9479 ± 0.2799
19 sensors/type: 0.9069 ± 0.2646
20 sensors/type: 0.8771 ± 0.2593
21 sensors/type: 0.9075 ± 0.2812
22 sensors/type: 0.8676 ± 0.2715
23 sensors/type: 0.8464 ± 0.2750
24 sensors/type: 0.8412 ± 0.2648
25 sensors/type: 0.8635 ± 0.2583
Saved gnn EKF result to: /homes/dameyer/ml-for-wdn-project-4/results/aggregated/hanoi_gnn_ekf_n_iters=1_seed=63.npz
