================================
GNN training sweep
Job ID: 242693
Task ID: 22
Buffer size: 15
Rollout length: 20
================================
Running GNN sweep: dataset=Net1, buffer=15, rollout=20
Epoch 1/600, Total: 4005.666174, Node: 1762.695825, Link: 2241.643052, Spread: 132.729735
Epoch 2/600, Total: 2063.607346, Node: 1248.413711, Link: 813.580028, Spread: 161.360710
Epoch 3/600, Total: 1948.290663, Node: 1208.039296, Link: 738.565126, Spread: 168.620612
Epoch 4/600, Total: 1912.899931, Node: 1172.373564, Link: 738.927087, Spread: 159.926240
Epoch 5/600, Total: 1885.274080, Node: 1147.278312, Link: 736.468301, Spread: 152.747607
Epoch 6/600, Total: 1863.166800, Node: 1127.561987, Link: 734.149828, Spread: 145.497980
Epoch 7/600, Total: 1854.832027, Node: 1112.243934, Link: 741.232824, Spread: 135.528932
Epoch 8/600, Total: 1823.757799, Node: 1092.441122, Link: 730.029644, Spread: 128.705536
Epoch 9/600, Total: 1836.459856, Node: 1095.731131, Link: 739.521720, Spread: 120.700803
Epoch 10/600, Total: 1809.953445, Node: 1080.302436, Link: 728.500000, Spread: 115.101589
Epoch 11/600, Total: 1813.849686, Node: 1077.842586, Link: 734.910505, Spread: 109.659606
Epoch 12/600, Total: 1799.958651, Node: 1072.100813, Link: 726.810093, Spread: 104.774399
Epoch 13/600, Total: 1787.538147, Node: 1058.657466, Link: 727.875056, Spread: 100.560676
Epoch 14/600, Total: 1798.081646, Node: 1063.220667, Link: 733.924795, Spread: 93.615128
Epoch 15/600, Total: 1784.920279, Node: 1060.497385, Link: 723.529461, Spread: 89.345786
Epoch 16/600, Total: 1774.289648, Node: 1052.340975, Link: 721.091156, Spread: 85.753301
Epoch 17/600, Total: 1776.015013, Node: 1051.015612, Link: 724.185853, Spread: 81.352625
Epoch 18/600, Total: 1771.875526, Node: 1047.055930, Link: 724.054934, Spread: 76.468037
Epoch 19/600, Total: 1763.453999, Node: 1041.514553, Link: 721.211652, Spread: 72.783413
Epoch 20/600, Total: 1789.789921, Node: 1053.601135, Link: 735.500923, Spread: 68.786622
Epoch 21/600, Total: 1755.694376, Node: 1034.901785, Link: 720.145801, Spread: 64.680873
Epoch 22/600, Total: 1764.203979, Node: 1038.827090, Link: 724.763986, Spread: 61.290383
Epoch 23/600, Total: 1746.690086, Node: 1030.206338, Link: 715.891184, Spread: 59.259101
Epoch 24/600, Total: 1737.323236, Node: 1021.528543, Link: 715.228402, Spread: 56.632092
Epoch 25/600, Total: 1739.252644, Node: 1019.087421, Link: 719.620927, Spread: 54.426998
Epoch 26/600, Total: 1724.653999, Node: 1010.754806, Link: 713.375404, Spread: 52.378138
Epoch 27/600, Total: 1727.626081, Node: 1011.525222, Link: 715.592577, Spread: 50.829482
Epoch 28/600, Total: 1721.512199, Node: 1010.504819, Link: 710.518848, Spread: 48.855122
Epoch 29/600, Total: 1731.548592, Node: 1011.722559, Link: 719.354914, Spread: 47.109645
Epoch 30/600, Total: 1706.938925, Node: 995.632142, Link: 710.855226, Spread: 45.154269
Epoch 31/600, Total: 1716.409609, Node: 997.104766, Link: 718.874136, Spread: 43.072040
Epoch 32/600, Total: 1709.035824, Node: 989.387787, Link: 719.241929, Spread: 40.606859
Epoch 33/600, Total: 1711.902792, Node: 997.240275, Link: 714.276754, Spread: 38.578446
Epoch 34/600, Total: 1710.695211, Node: 996.362558, Link: 713.962378, Spread: 37.022459
Epoch 35/600, Total: 1691.844994, Node: 980.771228, Link: 710.722053, Spread: 35.173494
Epoch 36/600, Total: 1704.711428, Node: 988.149017, Link: 716.228563, Spread: 33.384491
Epoch 37/600, Total: 1687.704716, Node: 977.527397, Link: 709.859602, Spread: 31.770608
Epoch 38/600, Total: 1701.138514, Node: 985.229267, Link: 715.609596, Spread: 29.962917
Epoch 39/600, Total: 1716.066784, Node: 996.745048, Link: 719.041260, Spread: 28.046596
Epoch 40/600, Total: 1697.402023, Node: 985.831950, Link: 711.309042, Spread: 26.104045
Epoch 41/600, Total: 1735.449730, Node: 996.053712, Link: 739.155191, Spread: 24.084251
Epoch 42/600, Total: 1687.443195, Node: 981.286661, Link: 705.927691, Spread: 22.881326
Epoch 43/600, Total: 1723.309977, Node: 995.519628, Link: 727.578942, Spread: 21.142175
Epoch 44/600, Total: 1676.592829, Node: 972.065131, Link: 704.325953, Spread: 20.175347
Epoch 45/600, Total: 1703.303523, Node: 989.603580, Link: 713.511967, Spread: 18.798085
Epoch 46/600, Total: 1681.723841, Node: 976.785085, Link: 704.763379, Spread: 17.540637
Epoch 47/600, Total: 1715.774065, Node: 983.618808, Link: 731.995738, Spread: 15.950751
Epoch 48/600, Total: 1684.791121, Node: 975.843598, Link: 708.792910, Spread: 15.459524
Epoch 49/600, Total: 1685.071983, Node: 975.320136, Link: 709.604648, Spread: 14.720766
Epoch 50/600, Total: 1665.738094, Node: 964.408688, Link: 701.192816, Spread: 13.657322
Epoch 51/600, Total: 1671.135651, Node: 965.638121, Link: 705.371022, Spread: 12.649650
Epoch 52/600, Total: 1677.720426, Node: 960.021772, Link: 717.577737, Spread: 12.091212
Epoch 53/600, Total: 1662.232383, Node: 949.273069, Link: 712.847228, Spread: 11.211880
Epoch 54/600, Total: 1669.992999, Node: 951.189734, Link: 718.695944, Spread: 10.730379
Epoch 55/600, Total: 1679.111087, Node: 952.278852, Link: 726.729188, Spread: 10.303690
Epoch 56/600, Total: 1645.854195, Node: 943.871585, Link: 701.884019, Spread: 9.860476
Epoch 57/600, Total: 1660.620522, Node: 950.949814, Link: 709.576705, Spread: 9.401711
Epoch 58/600, Total: 1649.292989, Node: 943.991877, Link: 705.210823, Spread: 9.028192
Epoch 59/600, Total: 1663.211530, Node: 951.514717, Link: 711.609606, Spread: 8.718630
Epoch 60/600, Total: 1652.668949, Node: 950.326117, Link: 702.260004, Spread: 8.283127
Epoch 61/600, Total: 1649.235301, Node: 946.883763, Link: 702.272067, Spread: 7.946552
Epoch 62/600, Total: 1650.491855, Node: 949.195687, Link: 701.220419, Spread: 7.576601
Epoch 63/600, Total: 1639.195200, Node: 942.681827, Link: 696.440586, Spread: 7.277776
Epoch 64/600, Total: 1635.731826, Node: 941.367984, Link: 694.293704, Spread: 7.011844
Epoch 65/600, Total: 1645.309021, Node: 944.264872, Link: 700.976349, Spread: 6.780872
Epoch 66/600, Total: 1653.951421, Node: 950.338006, Link: 703.548081, Spread: 6.532204
Epoch 67/600, Total: 1637.457331, Node: 945.710757, Link: 691.683931, Spread: 6.262759
Epoch 68/600, Total: 1632.054716, Node: 939.013305, Link: 692.981345, Spread: 6.002142
Epoch 69/600, Total: 1637.286741, Node: 943.569883, Link: 693.659007, Spread: 5.786749
Epoch 70/600, Total: 1654.601596, Node: 946.732474, Link: 707.813602, Spread: 5.552729
Epoch 71/600, Total: 1647.358382, Node: 949.077435, Link: 698.227704, Spread: 5.325101
Epoch 72/600, Total: 1632.669975, Node: 941.709846, Link: 690.909074, Spread: 5.106476
Epoch 73/600, Total: 1636.715199, Node: 942.396460, Link: 694.269320, Spread: 4.941619
Epoch 74/600, Total: 1624.233305, Node: 935.987549, Link: 688.198446, Spread: 4.730513
Epoch 75/600, Total: 1649.496784, Node: 948.107916, Link: 701.342433, Spread: 4.644314
Epoch 76/600, Total: 1637.117964, Node: 944.002241, Link: 693.071073, Spread: 4.462348
Epoch 77/600, Total: 1634.234045, Node: 943.501037, Link: 690.689907, Spread: 4.310471
Epoch 78/600, Total: 1623.006318, Node: 936.237708, Link: 686.726934, Spread: 4.167959
Epoch 79/600, Total: 1627.237927, Node: 939.268792, Link: 687.928781, Spread: 4.035747
Epoch 80/600, Total: 1620.920056, Node: 936.086652, Link: 684.793990, Spread: 3.941972
Epoch 81/600, Total: 1639.184683, Node: 945.526306, Link: 693.619821, Spread: 3.854785
Epoch 82/600, Total: 1632.785721, Node: 939.310904, Link: 693.437290, Spread: 3.753885
Epoch 83/600, Total: 1623.492377, Node: 936.112572, Link: 687.343670, Spread: 3.612380
Epoch 84/600, Total: 1644.933317, Node: 944.784650, Link: 700.112746, Spread: 3.590883
Epoch 85/600, Total: 1629.132106, Node: 942.939488, Link: 686.157817, Spread: 3.479584
Epoch 86/600, Total: 1622.783671, Node: 934.507546, Link: 688.242381, Spread: 3.375260
Epoch 87/600, Total: 1637.726351, Node: 942.570566, Link: 695.122624, Spread: 3.316723
Epoch 88/600, Total: 1634.145200, Node: 949.531291, Link: 684.581496, Spread: 3.241247
Epoch 89/600, Total: 1620.731497, Node: 933.499275, Link: 687.200628, Spread: 3.160021
Epoch 90/600, Total: 1616.613868, Node: 931.809338, Link: 684.774047, Spread: 3.047100
Epoch 91/600, Total: 1634.672557, Node: 938.904711, Link: 695.738026, Spread: 2.979131
Epoch 92/600, Total: 1627.234235, Node: 939.342207, Link: 687.862950, Spread: 2.910848
Epoch 93/600, Total: 1616.975922, Node: 935.988026, Link: 680.959127, Spread: 2.875126
Epoch 94/600, Total: 1623.439940, Node: 937.776226, Link: 685.635557, Spread: 2.815955
Epoch 95/600, Total: 1631.499387, Node: 944.614640, Link: 686.857138, Spread: 2.762653
Epoch 96/600, Total: 1630.483335, Node: 944.073142, Link: 686.383069, Spread: 2.710890
Epoch 97/600, Total: 1611.513099, Node: 930.322966, Link: 681.163595, Spread: 2.657841
Epoch 98/600, Total: 1610.309913, Node: 929.887380, Link: 680.396545, Spread: 2.598919
Epoch 99/600, Total: 1618.120960, Node: 933.800428, Link: 684.294953, Spread: 2.557246
Epoch 100/600, Total: 1621.098609, Node: 936.961959, Link: 684.111406, Spread: 2.529454
Epoch 101/600, Total: 1611.358989, Node: 935.058907, Link: 676.275215, Spread: 2.489042
Epoch 102/600, Total: 1636.707360, Node: 943.752187, Link: 692.930755, Spread: 2.446009
Epoch 103/600, Total: 1636.274109, Node: 948.904438, Link: 687.345696, Spread: 2.399409
Epoch 104/600, Total: 1605.376138, Node: 928.839829, Link: 676.512636, Spread: 2.368540
Epoch 105/600, Total: 1612.319609, Node: 930.521099, Link: 681.775130, Spread: 2.338360
Epoch 106/600, Total: 1637.598451, Node: 945.083533, Link: 692.491925, Spread: 2.298098
Epoch 107/600, Total: 1628.317828, Node: 942.861366, Link: 685.433816, Spread: 2.264583
Epoch 108/600, Total: 1638.312502, Node: 951.304346, Link: 686.985904, Spread: 2.223546
Epoch 109/600, Total: 1615.152312, Node: 938.729928, Link: 676.400669, Spread: 2.172409
Epoch 110/600, Total: 1614.075420, Node: 935.252475, Link: 678.801380, Spread: 2.156215
Epoch 111/600, Total: 1618.623656, Node: 941.201329, Link: 677.400862, Spread: 2.148001
Epoch 112/600, Total: 1607.827261, Node: 928.529525, Link: 679.276563, Spread: 2.117434
Epoch 113/600, Total: 1610.908124, Node: 932.072691, Link: 678.814382, Spread: 2.107278
Epoch 114/600, Total: 1621.659121, Node: 945.565978, Link: 676.072310, Spread: 2.083506
Epoch 115/600, Total: 1612.045208, Node: 935.529032, Link: 676.495738, Spread: 2.046597
Epoch 116/600, Total: 1611.658572, Node: 934.220283, Link: 677.418089, Spread: 2.019683
Epoch 117/600, Total: 1617.113205, Node: 940.287067, Link: 676.806238, Spread: 1.990647
Epoch 118/600, Total: 1614.282956, Node: 933.201008, Link: 681.062282, Spread: 1.965376
Epoch 119/600, Total: 1600.909562, Node: 927.688417, Link: 673.201511, Spread: 1.966180
Epoch 120/600, Total: 1625.815074, Node: 947.839514, Link: 677.955794, Spread: 1.975921
Epoch 121/600, Total: 1623.898985, Node: 946.486886, Link: 677.392475, Spread: 1.961655
Epoch 122/600, Total: 1626.458576, Node: 937.284610, Link: 689.154521, Spread: 1.948033
Epoch 123/600, Total: 1608.834250, Node: 936.332863, Link: 672.481843, Spread: 1.951988
Epoch 124/600, Total: 1611.323145, Node: 941.241293, Link: 670.062190, Spread: 1.965763
Epoch 125/600, Total: 1604.865585, Node: 934.912303, Link: 669.933979, Spread: 1.933791
Epoch 126/600, Total: 1612.153364, Node: 935.270985, Link: 676.863289, Spread: 1.905470
Epoch 127/600, Total: 1608.586642, Node: 935.044306, Link: 673.523272, Spread: 1.906977
Epoch 128/600, Total: 1636.573833, Node: 955.480108, Link: 681.074785, Spread: 1.891525
Epoch 129/600, Total: 1608.652000, Node: 937.075034, Link: 671.558115, Spread: 1.884023
Epoch 130/600, Total: 1597.968562, Node: 929.888298, Link: 668.061081, Spread: 1.916382
Epoch 131/600, Total: 1597.820104, Node: 931.273266, Link: 666.527753, Spread: 1.908599
Epoch 132/600, Total: 1592.157210, Node: 927.784395, Link: 664.353852, Spread: 1.894174
Epoch 133/600, Total: 1596.392291, Node: 930.485896, Link: 665.887476, Spread: 1.890268
Epoch 134/600, Total: 1591.116329, Node: 925.659943, Link: 665.437472, Spread: 1.891173
Epoch 135/600, Total: 1599.657309, Node: 933.130374, Link: 666.507956, Spread: 1.900629
Epoch 136/600, Total: 1601.214055, Node: 932.901796, Link: 668.293158, Spread: 1.912585
Epoch 137/600, Total: 1619.235806, Node: 939.857424, Link: 679.360015, Spread: 1.838369
Epoch 138/600, Total: 1593.614939, Node: 932.302936, Link: 661.293384, Spread: 1.860115
Epoch 139/600, Total: 1609.312436, Node: 938.598724, Link: 670.695342, Spread: 1.836867
Epoch 140/600, Total: 1600.948074, Node: 933.975199, Link: 666.954550, Spread: 1.830499
Epoch 141/600, Total: 1602.224092, Node: 932.623358, Link: 669.581629, Spread: 1.909779
Epoch 142/600, Total: 1601.174297, Node: 933.889880, Link: 667.265268, Spread: 1.917496
Epoch 143/600, Total: 1587.339289, Node: 926.023202, Link: 661.296604, Spread: 1.946463
Epoch 144/600, Total: 1605.908098, Node: 937.798288, Link: 668.090356, Spread: 1.943528
Epoch 145/600, Total: 1596.483450, Node: 935.512669, Link: 660.951594, Spread: 1.919522
Epoch 146/600, Total: 1592.454302, Node: 930.731812, Link: 661.703178, Spread: 1.933008
Epoch 147/600, Total: 1591.854649, Node: 928.727921, Link: 663.107748, Spread: 1.895305
Epoch 148/600, Total: 1587.850294, Node: 930.235368, Link: 657.595463, Spread: 1.947571
Epoch 149/600, Total: 1593.553522, Node: 930.279222, Link: 663.255141, Spread: 1.914597
Epoch 150/600, Total: 1584.699263, Node: 928.459498, Link: 656.220467, Spread: 1.927909
Epoch 151/600, Total: 1589.378945, Node: 929.041545, Link: 660.318152, Spread: 1.924413
Epoch 152/600, Total: 1590.162772, Node: 931.933625, Link: 658.209406, Spread: 1.974312
Epoch 153/600, Total: 1598.682369, Node: 932.995331, Link: 665.667665, Spread: 1.936503
Epoch 154/600, Total: 1596.416573, Node: 933.273607, Link: 663.123863, Spread: 1.912682
Epoch 155/600, Total: 1597.199224, Node: 933.307936, Link: 663.871886, Spread: 1.938231
Epoch 156/600, Total: 1589.093968, Node: 928.064183, Link: 661.010231, Spread: 1.958078
Epoch 157/600, Total: 1586.069006, Node: 929.515241, Link: 656.534120, Spread: 1.964360
Epoch 158/600, Total: 1592.386427, Node: 934.596735, Link: 657.770388, Spread: 1.931321
Epoch 159/600, Total: 1584.546250, Node: 927.924460, Link: 656.602331, Spread: 1.947619
Epoch 160/600, Total: 1594.405751, Node: 933.810224, Link: 660.575333, Spread: 2.018515
Epoch 161/600, Total: 1584.908516, Node: 930.196374, Link: 654.691892, Spread: 2.026199
Epoch 162/600, Total: 1581.597796, Node: 926.809326, Link: 654.768154, Spread: 2.031940
Epoch 163/600, Total: 1581.465040, Node: 927.910059, Link: 653.534666, Spread: 2.031279
Epoch 164/600, Total: 1585.239744, Node: 929.948115, Link: 655.271557, Spread: 2.007782
Epoch 165/600, Total: 1596.871367, Node: 935.769611, Link: 661.081638, Spread: 2.009691
Epoch 166/600, Total: 1591.007012, Node: 936.225152, Link: 654.762012, Spread: 1.984364
Epoch 167/600, Total: 1570.254259, Node: 922.521612, Link: 647.712409, Spread: 2.024741
Epoch 168/600, Total: 1590.933903, Node: 933.520197, Link: 657.393776, Spread: 1.994945
Epoch 169/600, Total: 1578.703545, Node: 926.915600, Link: 651.767683, Spread: 2.024447
Epoch 170/600, Total: 1586.670986, Node: 928.836375, Link: 657.814445, Spread: 2.017795
Epoch 171/600, Total: 1583.144358, Node: 932.447450, Link: 650.676356, Spread: 2.054552
Epoch 172/600, Total: 1584.914151, Node: 932.588224, Link: 652.305458, Spread: 2.047271
Epoch 173/600, Total: 1596.976306, Node: 943.155913, Link: 653.799736, Spread: 2.065191
Epoch 174/600, Total: 1584.543761, Node: 931.970749, Link: 652.552278, Spread: 2.073096
Epoch 175/600, Total: 1569.846736, Node: 922.404914, Link: 647.420822, Spread: 2.100479
Epoch 176/600, Total: 1580.902148, Node: 926.970608, Link: 653.910245, Spread: 2.129219
Epoch 177/600, Total: 1584.045206, Node: 931.177624, Link: 652.845717, Spread: 2.184822
Epoch 178/600, Total: 1590.959036, Node: 936.036753, Link: 654.900424, Spread: 2.188291
Epoch 179/600, Total: 1561.448075, Node: 918.549567, Link: 642.876246, Spread: 2.227742
Epoch 180/600, Total: 1601.969287, Node: 953.606989, Link: 648.339882, Spread: 2.241868
Epoch 181/600, Total: 1582.387843, Node: 930.911455, Link: 651.454059, Spread: 2.233575
Epoch 182/600, Total: 1584.406684, Node: 927.959529, Link: 656.425303, Spread: 2.184577
Epoch 183/600, Total: 1566.427265, Node: 920.616720, Link: 645.788601, Spread: 2.197710
Epoch 184/600, Total: 1564.145476, Node: 919.949543, Link: 644.173951, Spread: 2.197429
Epoch 185/600, Total: 1562.424745, Node: 918.720665, Link: 643.681901, Spread: 2.218605
Epoch 186/600, Total: 1573.860463, Node: 928.858803, Link: 644.979899, Spread: 2.176506
Epoch 187/600, Total: 1577.552267, Node: 927.225509, Link: 650.305283, Spread: 2.148213
Epoch 188/600, Total: 1571.564993, Node: 923.389512, Link: 648.153787, Spread: 2.169394
Epoch 189/600, Total: 1563.079463, Node: 921.620593, Link: 641.437546, Spread: 2.130866
Epoch 190/600, Total: 1584.989108, Node: 938.738019, Link: 646.229851, Spread: 2.122918
Epoch 191/600, Total: 1574.167916, Node: 931.308056, Link: 642.838632, Spread: 2.122235
Epoch 192/600, Total: 1590.181670, Node: 939.268620, Link: 650.892016, Spread: 2.100766
Epoch 193/600, Total: 1558.617321, Node: 920.040053, Link: 638.556262, Spread: 2.102344
Epoch 194/600, Total: 1568.942806, Node: 926.146783, Link: 642.775124, Spread: 2.088677
Epoch 195/600, Total: 1600.970861, Node: 925.922775, Link: 675.027539, Spread: 2.054923
Epoch 196/600, Total: 1610.885371, Node: 925.982464, Link: 684.882439, Spread: 2.048533
Epoch 197/600, Total: 1621.723363, Node: 932.645241, Link: 689.057308, Spread: 2.082424
Epoch 198/600, Total: 1626.638988, Node: 935.842671, Link: 690.775440, Spread: 2.086656
Epoch 199/600, Total: 1613.873176, Node: 931.737216, Link: 682.114631, Spread: 2.134410
Epoch 200/600, Total: 1618.851723, Node: 932.477140, Link: 686.353042, Spread: 2.155287
Epoch 201/600, Total: 1636.244655, Node: 931.965335, Link: 704.258158, Spread: 2.113265
Epoch 202/600, Total: 1610.187943, Node: 929.993761, Link: 680.172691, Spread: 2.149006
Epoch 203/600, Total: 1627.597223, Node: 942.226735, Link: 685.348407, Spread: 2.207309
Epoch 204/600, Total: 1630.252490, Node: 932.666799, Link: 697.564073, Spread: 2.159792
Epoch 205/600, Total: 1605.883828, Node: 922.575435, Link: 683.286515, Spread: 2.188347
Epoch 206/600, Total: 1638.436477, Node: 952.802001, Link: 685.612577, Spread: 2.188312
Epoch 207/600, Total: 1629.025868, Node: 942.550131, Link: 686.453481, Spread: 2.225386
Epoch 208/600, Total: 1619.307446, Node: 932.630447, Link: 686.655177, Spread: 2.179035
Epoch 209/600, Total: 1617.866804, Node: 930.294742, Link: 687.549994, Spread: 2.205270
Epoch 210/600, Total: 1600.695181, Node: 919.408898, Link: 681.264273, Spread: 2.203721
Epoch 211/600, Total: 1616.226225, Node: 924.572891, Link: 691.631363, Spread: 2.198253
Epoch 212/600, Total: 1608.025788, Node: 925.451728, Link: 682.551901, Spread: 2.217707
Epoch 213/600, Total: 1607.341694, Node: 924.040988, Link: 683.278194, Spread: 2.252822
Epoch 214/600, Total: 1599.353365, Node: 919.661356, Link: 679.670042, Spread: 2.198080
Epoch 215/600, Total: 1610.161310, Node: 927.728410, Link: 682.410944, Spread: 2.197189
Epoch 216/600, Total: 1614.228040, Node: 927.635891, Link: 686.570243, Spread: 2.190133
Epoch 217/600, Total: 1601.061646, Node: 922.949482, Link: 678.090233, Spread: 2.193113
Epoch 218/600, Total: 1606.720327, Node: 923.029940, Link: 683.668565, Spread: 2.182622
Epoch 219/600, Total: 1618.462889, Node: 930.523885, Link: 687.917480, Spread: 2.152407
Epoch 220/600, Total: 1627.112261, Node: 940.141853, Link: 686.947824, Spread: 2.257850
Epoch 221/600, Total: 1630.581066, Node: 931.994732, Link: 698.564512, Spread: 2.180284
Epoch 222/600, Total: 1609.323099, Node: 925.286503, Link: 684.014397, Spread: 2.220980
Epoch 223/600, Total: 1606.269545, Node: 922.311132, Link: 683.936539, Spread: 2.186827
Epoch 224/600, Total: 1601.567446, Node: 921.983572, Link: 679.561915, Spread: 2.197403
Epoch 225/600, Total: 1610.176610, Node: 927.541811, Link: 682.612587, Spread: 2.222733
Epoch 226/600, Total: 1633.657755, Node: 936.966658, Link: 696.669182, Spread: 2.194437
Epoch 227/600, Total: 1638.955855, Node: 941.841704, Link: 697.091682, Spread: 2.247031
Epoch 228/600, Total: 1625.676015, Node: 933.963361, Link: 691.690152, Spread: 2.248732
Epoch 229/600, Total: 1638.753926, Node: 943.996494, Link: 694.734987, Spread: 2.245635
Epoch 230/600, Total: 1627.909804, Node: 930.672413, Link: 697.214545, Spread: 2.284813
Epoch 231/600, Total: 1601.639797, Node: 929.591642, Link: 672.025235, Spread: 2.290600
Epoch 232/600, Total: 1618.685987, Node: 932.259974, Link: 686.402968, Spread: 2.306758
Epoch 233/600, Total: 1626.539991, Node: 940.057635, Link: 686.459646, Spread: 2.272107
Epoch 234/600, Total: 1645.481425, Node: 955.677544, Link: 689.781141, Spread: 2.272741
Epoch 235/600, Total: 1625.978090, Node: 939.261607, Link: 686.694097, Spread: 2.238363
Epoch 236/600, Total: 1630.977873, Node: 943.556476, Link: 687.399346, Spread: 2.204960
Epoch 237/600, Total: 1608.480416, Node: 928.360468, Link: 680.097009, Spread: 2.293991
Epoch 238/600, Total: 1607.886939, Node: 928.502975, Link: 679.360931, Spread: 2.304880
Epoch 239/600, Total: 1608.008281, Node: 924.633152, Link: 683.351869, Spread: 2.322729
Epoch 240/600, Total: 1634.154987, Node: 947.807927, Link: 686.324433, Spread: 2.257154
Epoch 241/600, Total: 1624.834885, Node: 940.478326, Link: 684.334123, Spread: 2.243790
Epoch 242/600, Total: 1609.576977, Node: 933.028321, Link: 676.525614, Spread: 2.307134
Epoch 243/600, Total: 1642.220284, Node: 954.680537, Link: 687.517107, Spread: 2.262197
Epoch 244/600, Total: 1599.985846, Node: 919.690374, Link: 680.272851, Spread: 2.259802
Epoch 245/600, Total: 1605.028788, Node: 922.758156, Link: 682.247726, Spread: 2.290518
Epoch 246/600, Total: 1595.194452, Node: 921.009918, Link: 674.161172, Spread: 2.333979
Epoch 247/600, Total: 1607.947609, Node: 924.749970, Link: 683.174683, Spread: 2.297393
Epoch 248/600, Total: 1599.830735, Node: 924.320298, Link: 675.487481, Spread: 2.293246
Epoch 249/600, Total: 1616.754409, Node: 934.568044, Link: 682.163282, Spread: 2.308857
Epoch 250/600, Total: 1623.554528, Node: 938.235376, Link: 685.296275, Spread: 2.286274
Epoch 251/600, Total: 1615.885616, Node: 942.673507, Link: 673.189447, Spread: 2.267117
Epoch 252/600, Total: 1619.423702, Node: 942.224627, Link: 677.176745, Spread: 2.233722
Epoch 253/600, Total: 1600.217772, Node: 920.648691, Link: 679.545164, Spread: 2.391287
Epoch 254/600, Total: 1613.197784, Node: 930.868202, Link: 682.306763, Spread: 2.283678
Epoch 255/600, Total: 1618.126959, Node: 932.017248, Link: 686.086723, Spread: 2.301073
Epoch 256/600, Total: 1621.486027, Node: 943.571535, Link: 677.891647, Spread: 2.285613
Epoch 257/600, Total: 1604.744764, Node: 924.238140, Link: 680.482938, Spread: 2.368814
Epoch 258/600, Total: 1602.949831, Node: 926.774071, Link: 676.151541, Spread: 2.421926
Epoch 259/600, Total: 1617.413868, Node: 939.694972, Link: 677.695245, Spread: 2.369196
Epoch 260/600, Total: 1608.937728, Node: 927.998737, Link: 680.915265, Spread: 2.372383
Epoch 261/600, Total: 1628.784670, Node: 931.514028, Link: 697.246578, Spread: 2.404880
Epoch 262/600, Total: 1604.050486, Node: 919.816199, Link: 684.210140, Spread: 2.416177
Epoch 263/600, Total: 1621.815406, Node: 932.735065, Link: 689.056761, Spread: 2.356853
Epoch 264/600, Total: 1600.367025, Node: 926.883416, Link: 673.459678, Spread: 2.393034
Epoch 265/600, Total: 1608.895336, Node: 930.610362, Link: 678.260957, Spread: 2.402712
Epoch 266/600, Total: 1599.519671, Node: 925.665121, Link: 673.830436, Spread: 2.413430
Epoch 267/600, Total: 1594.602440, Node: 921.749186, Link: 672.828853, Spread: 2.442437
Epoch 268/600, Total: 1613.933259, Node: 933.841163, Link: 680.068122, Spread: 2.397083
Epoch 269/600, Total: 1615.683240, Node: 931.733262, Link: 683.926619, Spread: 2.335077
Epoch 270/600, Total: 1604.212590, Node: 923.498293, Link: 680.689889, Spread: 2.440536
Epoch 271/600, Total: 1601.391310, Node: 923.622629, Link: 677.744950, Spread: 2.376555
Epoch 272/600, Total: 1619.818732, Node: 933.211243, Link: 686.583650, Spread: 2.383154
Epoch 273/600, Total: 1610.272893, Node: 931.652480, Link: 678.596314, Spread: 2.410864
Epoch 274/600, Total: 1602.052727, Node: 928.475969, Link: 673.552515, Spread: 2.423886
Epoch 275/600, Total: 1609.688910, Node: 928.197391, Link: 681.467078, Spread: 2.443555
Epoch 276/600, Total: 1601.934266, Node: 923.928518, Link: 677.981770, Spread: 2.398664
Epoch 277/600, Total: 1620.302350, Node: 935.111483, Link: 685.166720, Spread: 2.412525
Epoch 278/600, Total: 1598.470087, Node: 921.232665, Link: 677.212500, Spread: 2.494545
Epoch 279/600, Total: 1618.769810, Node: 926.818441, Link: 691.927823, Spread: 2.355575
Epoch 280/600, Total: 1594.507446, Node: 922.136094, Link: 672.347516, Spread: 2.383963
Epoch 281/600, Total: 1593.760813, Node: 918.097214, Link: 675.638835, Spread: 2.474317
Epoch 282/600, Total: 1615.071596, Node: 931.516023, Link: 683.531115, Spread: 2.445200
Epoch 283/600, Total: 1620.616276, Node: 939.769505, Link: 680.822277, Spread: 2.452215
Epoch 284/600, Total: 1625.076476, Node: 935.617953, Link: 689.433794, Spread: 2.473782
Epoch 285/600, Total: 1606.033821, Node: 921.406379, Link: 684.603365, Spread: 2.407462
Epoch 286/600, Total: 1623.546711, Node: 935.121792, Link: 688.401358, Spread: 2.356213
Epoch 287/600, Total: 1604.862617, Node: 927.584844, Link: 677.253344, Spread: 2.444417
Epoch 288/600, Total: 1598.340666, Node: 923.957905, Link: 674.358347, Spread: 2.440030
Epoch 289/600, Total: 1599.970342, Node: 926.700352, Link: 673.245659, Spread: 2.431992
Epoch 290/600, Total: 1631.627666, Node: 941.055641, Link: 690.547946, Spread: 2.411806
Epoch 291/600, Total: 1627.584383, Node: 938.349373, Link: 689.210207, Spread: 2.481280
Epoch 292/600, Total: 1614.990965, Node: 934.055886, Link: 680.911060, Spread: 2.400745
Epoch 293/600, Total: 1602.686311, Node: 928.236368, Link: 674.425222, Spread: 2.471652
Epoch 294/600, Total: 1603.275962, Node: 929.265743, Link: 673.985911, Spread: 2.432000
Epoch 295/600, Total: 1595.186305, Node: 921.061940, Link: 674.099031, Spread: 2.533733
Epoch 296/600, Total: 1607.819158, Node: 931.686681, Link: 676.107924, Spread: 2.454571
Epoch 297/600, Total: 1593.587645, Node: 920.939559, Link: 672.622906, Spread: 2.518548
Epoch 298/600, Total: 1603.982438, Node: 926.744583, Link: 677.213540, Spread: 2.430567
Epoch 299/600, Total: 1596.459991, Node: 925.237583, Link: 671.197256, Spread: 2.515767
Epoch 300/600, Total: 1610.635288, Node: 933.016021, Link: 677.594732, Spread: 2.453524
Epoch 301/600, Total: 1624.219235, Node: 946.833542, Link: 677.361369, Spread: 2.434293
Epoch 302/600, Total: 1605.819356, Node: 927.380965, Link: 678.413783, Spread: 2.457899
Epoch 303/600, Total: 1610.863812, Node: 934.138063, Link: 676.701644, Spread: 2.409208
Epoch 304/600, Total: 1604.472708, Node: 928.159831, Link: 676.288373, Spread: 2.450419
Epoch 305/600, Total: 1608.913754, Node: 927.585370, Link: 681.303531, Spread: 2.484065
Epoch 306/600, Total: 1605.641864, Node: 924.823537, Link: 680.793165, Spread: 2.513775
Epoch 307/600, Total: 1605.813896, Node: 926.766026, Link: 679.023457, Spread: 2.442140
Epoch 308/600, Total: 1599.044948, Node: 925.472741, Link: 673.546858, Spread: 2.537348
Epoch 309/600, Total: 1620.287251, Node: 938.482758, Link: 681.779312, Spread: 2.518083
Epoch 310/600, Total: 1601.221561, Node: 926.405360, Link: 674.790350, Spread: 2.581713
Epoch 311/600, Total: 1590.026177, Node: 917.797491, Link: 672.203523, Spread: 2.516917
Epoch 312/600, Total: 1602.119839, Node: 925.531738, Link: 676.562719, Spread: 2.537956
Epoch 313/600, Total: 1597.843311, Node: 922.848130, Link: 674.969841, Spread: 2.533867
Epoch 314/600, Total: 1604.952997, Node: 933.248284, Link: 671.680110, Spread: 2.458338
Epoch 315/600, Total: 1598.971941, Node: 924.224135, Link: 674.722836, Spread: 2.496484
Epoch 316/600, Total: 1592.181338, Node: 920.482065, Link: 671.673562, Spread: 2.568636
Epoch 317/600, Total: 1617.876345, Node: 942.704975, Link: 675.146433, Spread: 2.495615
Epoch 318/600, Total: 1590.529613, Node: 921.082485, Link: 669.421320, Spread: 2.581357
Epoch 319/600, Total: 1593.672971, Node: 922.445337, Link: 671.201624, Spread: 2.599977
Epoch 320/600, Total: 1612.240606, Node: 930.547326, Link: 681.668217, Spread: 2.505292
Epoch 321/600, Total: 1596.388762, Node: 923.123245, Link: 673.239625, Spread: 2.589778
Epoch 322/600, Total: 1599.241177, Node: 923.380788, Link: 675.835095, Spread: 2.530172
Epoch 323/600, Total: 1599.397549, Node: 925.493739, Link: 673.878369, Spread: 2.545189
Epoch 324/600, Total: 1619.668116, Node: 933.830414, Link: 685.813115, Spread: 2.458968
Epoch 325/600, Total: 1594.476874, Node: 921.864926, Link: 672.587014, Spread: 2.492688
Epoch 326/600, Total: 1596.274264, Node: 917.896233, Link: 678.353040, Spread: 2.499926
Epoch 327/600, Total: 1605.024340, Node: 931.651931, Link: 673.346685, Spread: 2.571936
Epoch 328/600, Total: 1593.295424, Node: 917.655884, Link: 675.613802, Spread: 2.577213
Epoch 329/600, Total: 1602.772945, Node: 927.184956, Link: 675.563011, Spread: 2.500156
Epoch 330/600, Total: 1592.759814, Node: 921.923969, Link: 670.809865, Spread: 2.598589
Epoch 331/600, Total: 1591.801648, Node: 919.355771, Link: 672.420108, Spread: 2.577266
Epoch 332/600, Total: 1617.717460, Node: 941.968428, Link: 675.723735, Spread: 2.528455
Epoch 333/600, Total: 1599.848000, Node: 929.605037, Link: 670.217807, Spread: 2.516926
Epoch 334/600, Total: 1591.843691, Node: 925.988297, Link: 665.829899, Spread: 2.548333
Epoch 335/600, Total: 1594.878488, Node: 918.356191, Link: 676.496200, Spread: 2.610246
Epoch 336/600, Total: 1594.025266, Node: 925.464614, Link: 668.534476, Spread: 2.616186
Epoch 337/600, Total: 1606.493569, Node: 931.263153, Link: 675.204591, Spread: 2.583471
Epoch 338/600, Total: 1595.506703, Node: 924.371129, Link: 671.109858, Spread: 2.569695
Epoch 339/600, Total: 1595.048581, Node: 924.879054, Link: 670.143675, Spread: 2.583489
Epoch 340/600, Total: 1585.105826, Node: 916.991205, Link: 668.088828, Spread: 2.579746
Epoch 341/600, Total: 1579.926483, Node: 912.298374, Link: 667.602710, Spread: 2.538762
Epoch 342/600, Total: 1577.235079, Node: 911.660422, Link: 665.549205, Spread: 2.545684
Epoch 343/600, Total: 1589.825152, Node: 917.570017, Link: 672.229581, Spread: 2.556783
Epoch 344/600, Total: 1606.392017, Node: 930.294077, Link: 676.073089, Spread: 2.485115
Epoch 345/600, Total: 1596.823779, Node: 921.554009, Link: 675.244443, Spread: 2.532878
Epoch 346/600, Total: 1589.272486, Node: 915.405194, Link: 673.841959, Spread: 2.535017
Epoch 347/600, Total: 1580.327846, Node: 913.329625, Link: 666.972704, Spread: 2.551435
Epoch 348/600, Total: 1600.066031, Node: 927.671971, Link: 672.369005, Spread: 2.503994
Epoch 349/600, Total: 1591.424258, Node: 919.053725, Link: 672.345087, Spread: 2.543234
Epoch 350/600, Total: 1585.362784, Node: 916.218076, Link: 669.118751, Spread: 2.594564
Epoch 351/600, Total: 1582.448380, Node: 913.877423, Link: 668.545548, Spread: 2.543566
Epoch 352/600, Total: 1591.593135, Node: 925.409559, Link: 666.157516, Spread: 2.605918
Epoch 353/600, Total: 1601.484667, Node: 928.942757, Link: 672.516286, Spread: 2.560145
Epoch 354/600, Total: 1583.789102, Node: 915.910921, Link: 667.851681, Spread: 2.650198
Epoch 355/600, Total: 1584.531725, Node: 918.147445, Link: 666.358197, Spread: 2.608861
Epoch 356/600, Total: 1597.686284, Node: 927.239980, Link: 670.420471, Spread: 2.580576
Epoch 357/600, Total: 1613.486691, Node: 929.840338, Link: 683.620140, Spread: 2.618506
Epoch 358/600, Total: 1594.488846, Node: 925.493613, Link: 668.968729, Spread: 2.648714
Epoch 359/600, Total: 1608.750787, Node: 932.555339, Link: 676.169468, Spread: 2.596358
Epoch 360/600, Total: 1585.863369, Node: 918.546749, Link: 667.290493, Spread: 2.611677
Epoch 361/600, Total: 1589.996785, Node: 920.582237, Link: 669.387730, Spread: 2.680585
Epoch 362/600, Total: 1586.434175, Node: 917.022481, Link: 669.384963, Spread: 2.676103
Epoch 363/600, Total: 1616.748413, Node: 935.621151, Link: 681.100998, Spread: 2.627904
Epoch 364/600, Total: 1602.297318, Node: 931.284827, Link: 670.986402, Spread: 2.610917
Epoch 365/600, Total: 1607.315030, Node: 928.180925, Link: 679.107826, Spread: 2.627551
Epoch 366/600, Total: 1615.362075, Node: 937.288244, Link: 678.047351, Spread: 2.648171
Epoch 367/600, Total: 1608.060172, Node: 932.821315, Link: 675.211946, Spread: 2.691486
Epoch 368/600, Total: 1594.192972, Node: 925.121178, Link: 669.044880, Spread: 2.692120
Epoch 369/600, Total: 1623.286057, Node: 929.599533, Link: 693.659367, Spread: 2.714351
Epoch 370/600, Total: 1579.746789, Node: 913.742462, Link: 665.977265, Spread: 2.705361
Epoch 371/600, Total: 1595.663152, Node: 923.320327, Link: 672.315734, Spread: 2.710847
Epoch 372/600, Total: 1609.048922, Node: 927.236854, Link: 681.784904, Spread: 2.716116
Epoch 373/600, Total: 1591.824194, Node: 920.956273, Link: 670.840806, Spread: 2.713332
Epoch 374/600, Total: 1584.001019, Node: 915.904830, Link: 668.069772, Spread: 2.640386
Epoch 375/600, Total: 1584.773819, Node: 918.611179, Link: 666.135794, Spread: 2.684023
Epoch 376/600, Total: 1610.335546, Node: 932.197053, Link: 678.111667, Spread: 2.683265
Epoch 377/600, Total: 1601.434385, Node: 926.494499, Link: 674.913287, Spread: 2.661772
Epoch 378/600, Total: 1599.188554, Node: 925.735646, Link: 673.426681, Spread: 2.623932
Epoch 379/600, Total: 1595.130761, Node: 928.179992, Link: 666.925469, Spread: 2.532834
Epoch 380/600, Total: 1591.943048, Node: 922.657217, Link: 669.260047, Spread: 2.577638
Epoch 381/600, Total: 1606.253493, Node: 932.386455, Link: 673.840983, Spread: 2.601581
Epoch 382/600, Total: 1588.529475, Node: 915.377684, Link: 673.125077, Spread: 2.672451
Epoch 383/600, Total: 1575.728126, Node: 910.410554, Link: 665.291019, Spread: 2.655435
Epoch 384/600, Total: 1599.405934, Node: 924.951370, Link: 674.428168, Spread: 2.638804
Epoch 385/600, Total: 1590.285168, Node: 920.492537, Link: 669.766234, Spread: 2.639882
Epoch 386/600, Total: 1597.947344, Node: 923.128320, Link: 674.792689, Spread: 2.635078
Epoch 387/600, Total: 1586.863882, Node: 917.374007, Link: 669.463709, Spread: 2.619407
Epoch 388/600, Total: 1603.769999, Node: 921.829615, Link: 681.913743, Spread: 2.663151
Epoch 389/600, Total: 1619.699740, Node: 941.617201, Link: 678.056517, Spread: 2.602992
Epoch 390/600, Total: 1619.239043, Node: 938.478045, Link: 680.734644, Spread: 2.637268
Epoch 391/600, Total: 1608.471210, Node: 933.449508, Link: 674.995007, Spread: 2.666101
Epoch 392/600, Total: 1593.813798, Node: 922.977055, Link: 670.810133, Spread: 2.659716
Epoch 393/600, Total: 1591.129723, Node: 921.414279, Link: 669.688521, Spread: 2.692593
Epoch 394/600, Total: 1605.184697, Node: 931.045358, Link: 674.112247, Spread: 2.708427
Epoch 395/600, Total: 1600.363291, Node: 925.755223, Link: 674.581675, Spread: 2.640765
Epoch 396/600, Total: 1584.733261, Node: 914.070236, Link: 670.636771, Spread: 2.624855
Epoch 397/600, Total: 1595.668441, Node: 926.472609, Link: 669.169243, Spread: 2.658599
Epoch 398/600, Total: 1602.514710, Node: 923.959729, Link: 678.527164, Spread: 2.778205
Epoch 399/600, Total: 1589.091084, Node: 916.687292, Link: 672.376747, Spread: 2.705364
Epoch 400/600, Total: 1597.043979, Node: 924.487331, Link: 672.529001, Spread: 2.766714
Epoch 401/600, Total: 1585.124993, Node: 915.985237, Link: 669.112344, Spread: 2.741943
Epoch 402/600, Total: 1591.591227, Node: 924.670714, Link: 666.893097, Spread: 2.743836
Epoch 403/600, Total: 1585.864043, Node: 916.210282, Link: 669.625804, Spread: 2.795660
Epoch 404/600, Total: 1594.321196, Node: 920.816760, Link: 673.476416, Spread: 2.804810
Epoch 405/600, Total: 1590.382665, Node: 922.941208, Link: 667.413693, Spread: 2.777463
Epoch 406/600, Total: 1599.722329, Node: 928.836880, Link: 670.856988, Spread: 2.847225
Epoch 407/600, Total: 1600.934282, Node: 924.199843, Link: 676.706361, Spread: 2.805982
Epoch 408/600, Total: 1599.245774, Node: 921.789179, Link: 677.428376, Spread: 2.820841
Epoch 409/600, Total: 1580.814623, Node: 912.156936, Link: 668.629650, Spread: 2.804873
Epoch 410/600, Total: 1598.348400, Node: 924.545396, Link: 673.775200, Spread: 2.778029
Epoch 411/600, Total: 1624.434411, Node: 948.340103, Link: 676.066594, Spread: 2.770956
Epoch 412/600, Total: 1593.241947, Node: 925.138902, Link: 668.075774, Spread: 2.731055
Epoch 413/600, Total: 1584.699844, Node: 913.848389, Link: 670.824164, Spread: 2.729162
Epoch 414/600, Total: 1595.082882, Node: 923.210341, Link: 671.845708, Spread: 2.684726
Epoch 415/600, Total: 1598.064548, Node: 923.463427, Link: 674.574242, Spread: 2.688016
Epoch 416/600, Total: 1602.823955, Node: 924.207644, Link: 678.588645, Spread: 2.768596
Epoch 417/600, Total: 1594.073673, Node: 916.873891, Link: 677.172728, Spread: 2.704410
Epoch 418/600, Total: 1615.612466, Node: 935.241730, Link: 680.343460, Spread: 2.725682
Epoch 419/600, Total: 1605.658620, Node: 931.294357, Link: 674.337045, Spread: 2.718726
Epoch 420/600, Total: 1591.630854, Node: 926.718326, Link: 664.885185, Spread: 2.734047
Epoch 421/600, Total: 1592.252913, Node: 923.017167, Link: 669.208618, Spread: 2.712039
Epoch 422/600, Total: 1596.463575, Node: 926.003291, Link: 670.433181, Spread: 2.708112
Epoch 423/600, Total: 1600.919541, Node: 925.726114, Link: 675.166295, Spread: 2.710842
Epoch 424/600, Total: 1589.351821, Node: 920.724286, Link: 668.600902, Spread: 2.663647
Epoch 425/600, Total: 1610.254846, Node: 934.242404, Link: 675.985509, Spread: 2.694871
Epoch 426/600, Total: 1585.467448, Node: 916.118521, Link: 669.321528, Spread: 2.739581
Epoch 427/600, Total: 1587.419089, Node: 919.642675, Link: 667.749398, Spread: 2.702103
Epoch 428/600, Total: 1586.473932, Node: 916.572694, Link: 669.873964, Spread: 2.727593
Epoch 429/600, Total: 1599.336285, Node: 923.079284, Link: 676.229501, Spread: 2.751117
Epoch 430/600, Total: 1589.756096, Node: 919.835757, Link: 669.893550, Spread: 2.681192
Epoch 431/600, Total: 1584.384083, Node: 917.585738, Link: 666.770692, Spread: 2.762655
Epoch 432/600, Total: 1598.813320, Node: 925.188333, Link: 673.597808, Spread: 2.717122
Epoch 433/600, Total: 1596.785713, Node: 927.399422, Link: 669.358961, Spread: 2.734534
Epoch 434/600, Total: 1607.590121, Node: 940.030947, Link: 667.531753, Spread: 2.742124
Epoch 435/600, Total: 1594.596586, Node: 923.872864, Link: 670.695160, Spread: 2.856250
Epoch 436/600, Total: 1596.267790, Node: 920.469030, Link: 675.771032, Spread: 2.771052
Epoch 437/600, Total: 1592.063434, Node: 922.213118, Link: 669.823014, Spread: 2.727629
Epoch 438/600, Total: 1590.051007, Node: 921.143910, Link: 668.878439, Spread: 2.864709
Epoch 439/600, Total: 1617.943519, Node: 927.892483, Link: 690.023079, Spread: 2.795265
Epoch 440/600, Total: 1610.143386, Node: 931.667180, Link: 678.448403, Spread: 2.782934
Epoch 441/600, Total: 1608.956810, Node: 931.421831, Link: 677.507163, Spread: 2.781500
Epoch 442/600, Total: 1586.086783, Node: 914.150351, Link: 671.908013, Spread: 2.844493
Epoch 443/600, Total: 1625.839035, Node: 934.788959, Link: 691.022170, Spread: 2.788975
Epoch 444/600, Total: 1590.106525, Node: 923.884658, Link: 666.193940, Spread: 2.792912
Epoch 445/600, Total: 1607.901534, Node: 929.222827, Link: 678.651002, Spread: 2.769584
Epoch 446/600, Total: 1587.119158, Node: 918.388260, Link: 668.703310, Spread: 2.757687
Epoch 447/600, Total: 1578.040391, Node: 911.890696, Link: 666.121507, Spread: 2.817970
Epoch 448/600, Total: 1591.363868, Node: 918.548015, Link: 672.788169, Spread: 2.765281
Epoch 449/600, Total: 1595.184953, Node: 926.802459, Link: 668.354267, Spread: 2.819484
Epoch 450/600, Total: 1591.826116, Node: 918.048058, Link: 673.749931, Spread: 2.813997
Epoch 451/600, Total: 1605.740370, Node: 925.635523, Link: 680.075972, Spread: 2.889582
Epoch 452/600, Total: 1633.511729, Node: 939.708872, Link: 693.775063, Spread: 2.779295
Epoch 453/600, Total: 1607.850130, Node: 932.031917, Link: 675.790090, Spread: 2.811080
Epoch 454/600, Total: 1591.321443, Node: 918.967064, Link: 672.326198, Spread: 2.817409
Epoch 455/600, Total: 1598.071977, Node: 926.521616, Link: 671.522338, Spread: 2.801532
Epoch 456/600, Total: 1605.489004, Node: 925.402975, Link: 680.058124, Spread: 2.793076
Epoch 457/600, Total: 1580.343569, Node: 914.983571, Link: 665.331290, Spread: 2.869299
Epoch 458/600, Total: 1581.193688, Node: 911.929239, Link: 669.235550, Spread: 2.892694
Epoch 459/600, Total: 1582.468849, Node: 913.923121, Link: 668.517055, Spread: 2.868832
Epoch 460/600, Total: 1593.508225, Node: 920.409078, Link: 673.070698, Spread: 2.840733
Epoch 461/600, Total: 1600.852219, Node: 924.027888, Link: 676.796149, Spread: 2.817235
Epoch 462/600, Total: 1599.016644, Node: 928.363536, Link: 670.625055, Spread: 2.803615
Epoch 463/600, Total: 1572.637039, Node: 908.018583, Link: 664.589363, Spread: 2.909039
Epoch 464/600, Total: 1593.353575, Node: 919.389203, Link: 673.935689, Spread: 2.868981
Epoch 465/600, Total: 1592.885968, Node: 923.448995, Link: 669.407897, Spread: 2.904369
Epoch 466/600, Total: 1591.015012, Node: 919.146814, Link: 671.839362, Spread: 2.883018
Epoch 467/600, Total: 1590.130931, Node: 919.004313, Link: 671.097920, Spread: 2.867712
Epoch 468/600, Total: 1603.112341, Node: 927.934970, Link: 675.148947, Spread: 2.842995
Epoch 469/600, Total: 1584.243447, Node: 917.076346, Link: 667.138346, Spread: 2.876262
Epoch 470/600, Total: 1589.209276, Node: 918.070852, Link: 671.109319, Spread: 2.909952
Epoch 471/600, Total: 1585.510695, Node: 921.014101, Link: 664.467199, Spread: 2.939666
Epoch 472/600, Total: 1594.809382, Node: 924.331645, Link: 670.448580, Spread: 2.914477
Epoch 473/600, Total: 1589.842898, Node: 919.949267, Link: 669.864234, Spread: 2.937478
Epoch 474/600, Total: 1590.802151, Node: 920.600912, Link: 670.171683, Spread: 2.952879
Epoch 475/600, Total: 1581.359589, Node: 917.731437, Link: 663.598694, Spread: 2.945379
Epoch 476/600, Total: 1607.375749, Node: 936.163256, Link: 671.182741, Spread: 2.972805
Epoch 477/600, Total: 1620.772429, Node: 933.769785, Link: 686.972502, Spread: 3.014588
Epoch 478/600, Total: 1598.379262, Node: 925.161946, Link: 673.187826, Spread: 2.948105
Epoch 479/600, Total: 1572.595925, Node: 909.317822, Link: 663.248551, Spread: 2.956098
Epoch 480/600, Total: 1589.568207, Node: 919.093627, Link: 670.445132, Spread: 2.943339
Epoch 481/600, Total: 1581.185692, Node: 913.907614, Link: 667.248582, Spread: 2.948253
Epoch 482/600, Total: 1591.437546, Node: 923.663265, Link: 667.744395, Spread: 2.988670
Epoch 483/600, Total: 1595.561595, Node: 925.206900, Link: 670.325217, Spread: 2.946958
Epoch 484/600, Total: 1571.687181, Node: 908.337879, Link: 663.319403, Spread: 2.988527
Epoch 485/600, Total: 1593.627904, Node: 923.352453, Link: 670.245629, Spread: 2.982275
Epoch 486/600, Total: 1600.167657, Node: 927.336737, Link: 672.800750, Spread: 3.014590
Epoch 487/600, Total: 1598.197662, Node: 923.563135, Link: 674.604756, Spread: 2.977549
Epoch 488/600, Total: 1596.245670, Node: 917.804967, Link: 678.410697, Spread: 3.000206
Epoch 489/600, Total: 1602.250143, Node: 928.848631, Link: 673.371548, Spread: 2.997425
Epoch 490/600, Total: 1596.184299, Node: 920.958895, Link: 675.195493, Spread: 2.992455
Epoch 491/600, Total: 1591.839861, Node: 920.608112, Link: 671.201747, Spread: 2.998283
Epoch 492/600, Total: 1596.073555, Node: 924.001108, Link: 672.042207, Spread: 3.025805
Epoch 493/600, Total: 1591.050454, Node: 921.513310, Link: 669.507136, Spread: 3.000297
Epoch 494/600, Total: 1579.937562, Node: 911.100551, Link: 668.806494, Spread: 3.053013
Epoch 495/600, Total: 1579.059106, Node: 911.147526, Link: 667.881588, Spread: 2.998555
Epoch 496/600, Total: 1597.651826, Node: 928.522956, Link: 669.099146, Spread: 2.974987
Epoch 497/600, Total: 1606.137794, Node: 930.870359, Link: 675.236919, Spread: 3.052517
Epoch 498/600, Total: 1597.165294, Node: 921.501182, Link: 675.633082, Spread: 3.101113
Epoch 499/600, Total: 1608.382233, Node: 935.382928, Link: 672.968117, Spread: 3.119285
Epoch 500/600, Total: 1576.585143, Node: 912.185032, Link: 664.368424, Spread: 3.168245
Epoch 501/600, Total: 1582.249451, Node: 915.489393, Link: 666.728219, Spread: 3.185400
Epoch 502/600, Total: 1588.164800, Node: 919.184517, Link: 668.948682, Spread: 3.160510
Epoch 503/600, Total: 1594.861831, Node: 928.103181, Link: 666.727474, Spread: 3.119430
Epoch 504/600, Total: 1577.534147, Node: 912.641821, Link: 664.860794, Spread: 3.153576
Epoch 505/600, Total: 1594.733985, Node: 926.301419, Link: 668.399915, Spread: 3.263866
Epoch 506/600, Total: 1586.919689, Node: 917.346576, Link: 669.540747, Spread: 3.236995
Epoch 507/600, Total: 1585.545965, Node: 918.744200, Link: 666.769865, Spread: 3.189339
Epoch 508/600, Total: 1578.605029, Node: 911.255748, Link: 667.316881, Spread: 3.240095
Epoch 509/600, Total: 1608.444264, Node: 932.486669, Link: 675.924817, Spread: 3.279274
Epoch 510/600, Total: 1589.569135, Node: 919.000975, Link: 670.535160, Spread: 3.297609
Epoch 511/600, Total: 1598.672077, Node: 923.564706, Link: 675.075130, Spread: 3.229083
Epoch 512/600, Total: 1615.489789, Node: 933.790050, Link: 681.666931, Spread: 3.277589
Epoch 513/600, Total: 1580.205910, Node: 913.124373, Link: 667.049022, Spread: 3.250613
Epoch 514/600, Total: 1590.293023, Node: 915.954918, Link: 674.304993, Spread: 3.310936
Epoch 515/600, Total: 1579.378052, Node: 912.098112, Link: 667.246281, Spread: 3.363702
Epoch 516/600, Total: 1595.900885, Node: 919.630863, Link: 676.237085, Spread: 3.292716
Epoch 517/600, Total: 1590.728745, Node: 921.894580, Link: 668.801317, Spread: 3.284937
Epoch 518/600, Total: 1590.832164, Node: 924.286855, Link: 666.511935, Spread: 3.340982
Epoch 519/600, Total: 1596.002064, Node: 929.469533, Link: 666.498316, Spread: 3.419095
Epoch 520/600, Total: 1601.138702, Node: 922.994377, Link: 678.110317, Spread: 3.399295
Epoch 521/600, Total: 1584.800844, Node: 919.549668, Link: 665.218186, Spread: 3.299756
Epoch 522/600, Total: 1580.521816, Node: 916.159209, Link: 664.329375, Spread: 3.322770
Epoch 523/600, Total: 1583.811587, Node: 917.744371, Link: 666.033979, Spread: 3.321813
Epoch 524/600, Total: 1594.855203, Node: 918.553904, Link: 676.265966, Spread: 3.531420
Epoch 525/600, Total: 1578.490964, Node: 912.300237, Link: 666.156362, Spread: 3.438738
Epoch 526/600, Total: 1581.422091, Node: 915.381750, Link: 666.004927, Spread: 3.542117
Epoch 527/600, Total: 1599.370708, Node: 928.964729, Link: 670.370493, Spread: 3.548692
Epoch 528/600, Total: 1607.391075, Node: 931.852030, Link: 675.504120, Spread: 3.492578
Epoch 529/600, Total: 1604.776690, Node: 918.324578, Link: 686.415902, Spread: 3.620286
Epoch 530/600, Total: 1599.080152, Node: 920.648519, Link: 678.395928, Spread: 3.572142
Epoch 531/600, Total: 1590.824152, Node: 917.917166, Link: 672.872377, Spread: 3.459436
Epoch 532/600, Total: 1586.636900, Node: 915.926862, Link: 670.674649, Spread: 3.542604
Epoch 533/600, Total: 1577.676600, Node: 910.459794, Link: 667.181280, Spread: 3.551010
Epoch 534/600, Total: 1573.688144, Node: 911.276703, Link: 662.375316, Spread: 3.612905
Epoch 535/600, Total: 1580.687299, Node: 914.447888, Link: 666.203057, Spread: 3.634786
Epoch 536/600, Total: 1588.803576, Node: 920.033525, Link: 668.733997, Spread: 3.606088
Epoch 537/600, Total: 1581.156208, Node: 913.430797, Link: 667.688960, Spread: 3.644298
Epoch 538/600, Total: 1587.088512, Node: 919.381117, Link: 667.671343, Spread: 3.607035
Epoch 539/600, Total: 1558.827774, Node: 900.160286, Link: 658.630309, Spread: 3.715086
Epoch 540/600, Total: 1583.216627, Node: 914.950672, Link: 668.227773, Spread: 3.816409
Epoch 541/600, Total: 1625.713337, Node: 946.674760, Link: 679.001403, Spread: 3.715399
Epoch 542/600, Total: 1612.165505, Node: 934.181376, Link: 677.946642, Spread: 3.745215
Epoch 543/600, Total: 1615.048792, Node: 940.352123, Link: 674.659193, Spread: 3.750385
Epoch 544/600, Total: 1585.269774, Node: 917.565883, Link: 667.667567, Spread: 3.630605
Epoch 545/600, Total: 1592.326254, Node: 922.589905, Link: 669.698761, Spread: 3.761269
Epoch 546/600, Total: 1588.577632, Node: 912.391819, Link: 676.147134, Spread: 3.871620
Epoch 547/600, Total: 1594.346885, Node: 920.506892, Link: 673.802473, Spread: 3.753916
Epoch 548/600, Total: 1596.785108, Node: 919.719028, Link: 677.029351, Spread: 3.674147
Epoch 549/600, Total: 1591.723939, Node: 921.637712, Link: 670.050046, Spread: 3.618705
Epoch 550/600, Total: 1593.858112, Node: 921.356096, Link: 672.465780, Spread: 3.621370
Epoch 551/600, Total: 1587.308027, Node: 919.247554, Link: 668.023364, Spread: 3.710409
Epoch 552/600, Total: 1592.858526, Node: 924.148923, Link: 668.671376, Spread: 3.823634
Epoch 553/600, Total: 1600.097483, Node: 924.535013, Link: 675.523514, Spread: 3.895427
Epoch 554/600, Total: 1581.586570, Node: 914.631384, Link: 666.916556, Spread: 3.861866
Epoch 555/600, Total: 1581.889221, Node: 915.112436, Link: 666.737172, Spread: 3.960881
Epoch 556/600, Total: 1592.564597, Node: 921.078921, Link: 671.445846, Spread: 3.980730
Epoch 557/600, Total: 1583.391040, Node: 912.595394, Link: 670.755636, Spread: 3.998526
Epoch 558/600, Total: 1629.984093, Node: 944.938861, Link: 685.003838, Spread: 4.142074
Epoch 559/600, Total: 1587.476370, Node: 916.521943, Link: 670.914581, Spread: 3.986607
Epoch 560/600, Total: 1598.252837, Node: 927.923706, Link: 670.290173, Spread: 3.895721
Epoch 561/600, Total: 1593.991467, Node: 924.781190, Link: 669.170769, Spread: 3.948418
Epoch 562/600, Total: 1618.177334, Node: 938.585020, Link: 679.551361, Spread: 4.092328
Epoch 563/600, Total: 1584.024566, Node: 914.400607, Link: 669.583176, Spread: 4.077874
Epoch 564/600, Total: 1598.078157, Node: 925.994049, Link: 672.043629, Spread: 4.048179
Epoch 565/600, Total: 1638.627384, Node: 940.554033, Link: 698.031134, Spread: 4.218573
Epoch 566/600, Total: 1592.974560, Node: 921.229579, Link: 671.704734, Spread: 4.026600
Epoch 567/600, Total: 1598.462048, Node: 931.348463, Link: 667.071620, Spread: 4.197512
Epoch 568/600, Total: 1612.596447, Node: 937.460557, Link: 675.091382, Spread: 4.452412
Epoch 569/600, Total: 1591.985467, Node: 921.854667, Link: 670.087352, Spread: 4.343230
Epoch 570/600, Total: 1592.388222, Node: 918.150292, Link: 674.195054, Spread: 4.287491
Epoch 571/600, Total: 1615.757644, Node: 934.784284, Link: 680.929943, Spread: 4.342646
Epoch 572/600, Total: 1579.069558, Node: 914.052059, Link: 664.975457, Spread: 4.202558
Epoch 573/600, Total: 1623.239477, Node: 934.532556, Link: 688.663840, Spread: 4.311527
Epoch 574/600, Total: 1592.938219, Node: 926.090967, Link: 666.804110, Spread: 4.311142
Epoch 575/600, Total: 1601.715933, Node: 930.972790, Link: 670.697662, Spread: 4.545471
Epoch 576/600, Total: 1575.511976, Node: 912.188523, Link: 663.278923, Spread: 4.451788
Epoch 577/600, Total: 1596.052883, Node: 924.383454, Link: 671.624012, Spread: 4.544209
Epoch 578/600, Total: 1576.875614, Node: 907.020171, Link: 669.811352, Spread: 4.407645
Epoch 579/600, Total: 1593.776796, Node: 923.541306, Link: 670.190402, Spread: 4.506793
Epoch 580/600, Total: 1595.632893, Node: 925.486088, Link: 670.102116, Spread: 4.470063
Epoch 581/600, Total: 1583.901440, Node: 918.325805, Link: 665.530384, Spread: 4.524391
Epoch 582/600, Total: 1597.805785, Node: 922.318429, Link: 675.441713, Spread: 4.563998
Epoch 583/600, Total: 1599.833229, Node: 927.832540, Link: 671.956724, Spread: 4.397015
Epoch 584/600, Total: 1590.696616, Node: 923.592778, Link: 667.060312, Spread: 4.351418
Epoch 585/600, Total: 1591.516069, Node: 918.684372, Link: 672.786654, Spread: 4.504333
Epoch 586/600, Total: 1566.920773, Node: 906.845183, Link: 660.031454, Spread: 4.416954
Epoch 587/600, Total: 1582.621318, Node: 918.117376, Link: 664.459936, Spread: 4.401118
Epoch 588/600, Total: 1586.067266, Node: 917.592981, Link: 668.429655, Spread: 4.463562
Epoch 589/600, Total: 1586.239845, Node: 921.142451, Link: 665.052864, Spread: 4.454243
Epoch 590/600, Total: 1580.366798, Node: 914.676543, Link: 665.645377, Spread: 4.486652
Epoch 591/600, Total: 1589.671894, Node: 920.720545, Link: 668.906746, Spread: 4.461290
Epoch 592/600, Total: 1602.885758, Node: 925.549183, Link: 677.292091, Spread: 4.449380
Epoch 593/600, Total: 1579.455066, Node: 911.431270, Link: 667.979765, Spread: 4.405296
Epoch 594/600, Total: 1570.834610, Node: 908.627930, Link: 662.161474, Spread: 4.520977
Epoch 595/600, Total: 1591.664634, Node: 920.767636, Link: 670.851639, Spread: 4.536868
Epoch 596/600, Total: 1613.298167, Node: 936.703969, Link: 676.549702, Spread: 4.450374
Epoch 597/600, Total: 1570.285982, Node: 906.527474, Link: 663.712971, Spread: 4.551551
Epoch 598/600, Total: 1591.116386, Node: 924.261643, Link: 666.810139, Spread: 4.459932
Epoch 599/600, Total: 1605.391887, Node: 928.911606, Link: 676.435030, Spread: 4.526513
Epoch 600/600, Total: 1598.545594, Node: 921.255882, Link: 677.245132, Spread: 4.459628
Saved sweep result to: /homes/dameyer/ml-for-wdn-project-4/results/aggregated/gnn_training_sweep/net1_buffer=15_rollout=20_seed=42.json
Table value: 921.255882
