================================
GNN training sweep
Job ID: 242697
Task ID: 26
Buffer size: 20
Rollout length: 10
================================
Running GNN sweep: dataset=Net1, buffer=20, rollout=10
Epoch 1/600, Total: 2936.286163, Node: 1469.852410, Link: 1465.519215, Spread: 91.454066
Epoch 2/600, Total: 1997.557666, Node: 1250.778780, Link: 745.765946, Spread: 101.292425
Epoch 3/600, Total: 1958.098722, Node: 1216.969682, Link: 740.263548, Spread: 86.547667
Epoch 4/600, Total: 1924.967938, Node: 1190.262316, Link: 733.967161, Spread: 73.845664
Epoch 5/600, Total: 1910.688350, Node: 1178.600437, Link: 731.458295, Spread: 62.961827
Epoch 6/600, Total: 1896.512695, Node: 1168.412943, Link: 727.579806, Spread: 51.994947
Epoch 7/600, Total: 1888.789800, Node: 1163.156600, Link: 725.200724, Spread: 43.248507
Epoch 8/600, Total: 1884.292539, Node: 1160.572227, Link: 723.360070, Spread: 36.024655
Epoch 9/600, Total: 1880.990506, Node: 1159.134286, Link: 721.556706, Spread: 29.953155
Epoch 10/600, Total: 1877.426822, Node: 1157.553002, Link: 719.629527, Spread: 24.430046
Epoch 11/600, Total: 1866.656639, Node: 1149.830320, Link: 716.632253, Spread: 19.406853
Epoch 12/600, Total: 1864.303952, Node: 1148.146118, Link: 716.002131, Spread: 15.571201
Epoch 13/600, Total: 1856.558460, Node: 1141.941209, Link: 714.493223, Spread: 12.403553
Epoch 14/600, Total: 1851.485609, Node: 1137.512617, Link: 713.872960, Spread: 10.004598
Epoch 15/600, Total: 1843.840206, Node: 1131.001121, Link: 712.759012, Spread: 8.007885
Epoch 16/600, Total: 1848.087649, Node: 1132.940037, Link: 715.082490, Spread: 6.509640
Epoch 17/600, Total: 1833.633638, Node: 1122.407151, Link: 711.174248, Spread: 5.225597
Epoch 18/600, Total: 1833.671968, Node: 1119.070732, Link: 714.557506, Spread: 4.373435
Epoch 19/600, Total: 1827.626945, Node: 1112.379232, Link: 715.210561, Spread: 3.717435
Epoch 20/600, Total: 1822.432633, Node: 1107.715662, Link: 714.684453, Spread: 3.250121
Epoch 21/600, Total: 1817.200938, Node: 1102.835985, Link: 714.335496, Spread: 2.945412
Epoch 22/600, Total: 1813.542460, Node: 1099.289613, Link: 714.225288, Spread: 2.756170
Epoch 23/600, Total: 1810.345168, Node: 1096.376158, Link: 713.942593, Spread: 2.643272
Epoch 24/600, Total: 1807.515038, Node: 1093.994183, Link: 713.495110, Spread: 2.574863
Epoch 25/600, Total: 1804.888735, Node: 1092.133188, Link: 712.730327, Spread: 2.522775
Epoch 26/600, Total: 1806.040094, Node: 1092.105951, Link: 713.909587, Spread: 2.455719
Epoch 27/600, Total: 1811.217599, Node: 1092.529048, Link: 718.664836, Spread: 2.370793
Epoch 28/600, Total: 1811.504073, Node: 1092.259684, Link: 719.221525, Spread: 2.288049
Epoch 29/600, Total: 1813.004625, Node: 1092.029415, Link: 720.953041, Spread: 2.215937
Epoch 30/600, Total: 1813.023747, Node: 1091.645501, Link: 721.356822, Spread: 2.142176
Epoch 31/600, Total: 1812.809604, Node: 1091.097759, Link: 721.691292, Spread: 2.054129
Epoch 32/600, Total: 1812.672961, Node: 1090.567477, Link: 722.085806, Spread: 1.967935
Epoch 33/600, Total: 1812.218102, Node: 1090.066278, Link: 722.132952, Spread: 1.886673
Epoch 34/600, Total: 1811.365895, Node: 1089.583447, Link: 721.764323, Spread: 1.812357
Epoch 35/600, Total: 1810.320122, Node: 1089.124923, Link: 721.177744, Spread: 1.746455
Epoch 36/600, Total: 1801.251973, Node: 1086.904526, Link: 714.330272, Spread: 1.716808
Epoch 37/600, Total: 1808.378524, Node: 1088.034703, Link: 720.327271, Spread: 1.655276
Epoch 38/600, Total: 1807.760012, Node: 1087.864134, Link: 719.879817, Spread: 1.607614
Epoch 39/600, Total: 1806.848954, Node: 1087.602342, Link: 719.230922, Spread: 1.568390
Epoch 40/600, Total: 1806.173004, Node: 1087.318664, Link: 718.838994, Spread: 1.533487
Epoch 41/600, Total: 1805.571503, Node: 1087.048319, Link: 718.508159, Spread: 1.501780
Epoch 42/600, Total: 1805.006508, Node: 1086.793423, Link: 718.198338, Spread: 1.472794
Epoch 43/600, Total: 1804.469790, Node: 1086.553151, Link: 717.902165, Spread: 1.446161
Epoch 44/600, Total: 1803.971853, Node: 1086.323207, Link: 717.634414, Spread: 1.421585
Epoch 45/600, Total: 1803.446997, Node: 1086.123523, Link: 717.309477, Spread: 1.398736
Epoch 46/600, Total: 1802.992449, Node: 1085.919053, Link: 717.059621, Spread: 1.377629
Epoch 47/600, Total: 1802.514786, Node: 1085.739300, Link: 716.761915, Spread: 1.357861
Epoch 48/600, Total: 1802.095017, Node: 1085.557741, Link: 716.523892, Spread: 1.339484
Epoch 49/600, Total: 1801.660034, Node: 1085.395192, Link: 716.251632, Spread: 1.322219
Epoch 50/600, Total: 1801.272832, Node: 1085.233194, Link: 716.026576, Spread: 1.306123
Epoch 51/600, Total: 1800.879208, Node: 1085.085937, Link: 715.780364, Spread: 1.291004
Epoch 52/600, Total: 1800.520333, Node: 1084.942065, Link: 715.565516, Spread: 1.276902
Epoch 53/600, Total: 1800.159007, Node: 1084.810315, Link: 715.336062, Spread: 1.263699
Epoch 54/600, Total: 1800.493288, Node: 1085.814228, Link: 714.666548, Spread: 1.252727
Epoch 55/600, Total: 1785.671122, Node: 1084.657954, Link: 701.000245, Spread: 1.293429
Epoch 56/600, Total: 1787.941046, Node: 1080.866604, Link: 707.061624, Spread: 1.280484
Epoch 57/600, Total: 1797.155942, Node: 1083.901300, Link: 713.241937, Spread: 1.271568
Epoch 58/600, Total: 1795.962198, Node: 1083.079947, Link: 712.869711, Spread: 1.254812
Epoch 59/600, Total: 1795.942090, Node: 1083.230350, Link: 712.699326, Spread: 1.241428
Epoch 60/600, Total: 1795.435813, Node: 1083.163528, Link: 712.259997, Spread: 1.228035
Epoch 61/600, Total: 1794.943828, Node: 1083.109727, Link: 711.821939, Spread: 1.215713
Epoch 62/600, Total: 1794.432427, Node: 1083.042479, Link: 711.377907, Spread: 1.204236
Epoch 63/600, Total: 1793.919702, Node: 1082.970379, Link: 710.937391, Spread: 1.193588
Epoch 64/600, Total: 1793.413209, Node: 1082.896612, Link: 710.504774, Spread: 1.183709
Epoch 65/600, Total: 1792.915550, Node: 1082.822729, Link: 710.081085, Spread: 1.174539
Epoch 66/600, Total: 1792.428190, Node: 1082.749777, Link: 709.666765, Spread: 1.166023
Epoch 67/600, Total: 1791.951283, Node: 1082.678307, Link: 709.261388, Spread: 1.158110
Epoch 68/600, Total: 1791.484417, Node: 1082.608520, Link: 708.864389, Spread: 1.150752
Epoch 69/600, Total: 1791.027044, Node: 1082.541289, Link: 708.474339, Spread: 1.143899
Epoch 70/600, Total: 1790.578969, Node: 1082.474956, Link: 708.092621, Spread: 1.137507
Epoch 71/600, Total: 1790.138958, Node: 1082.409981, Link: 707.717669, Spread: 1.131560
Epoch 72/600, Total: 1789.707623, Node: 1082.347686, Link: 707.348683, Spread: 1.126010
Epoch 73/600, Total: 1789.283252, Node: 1082.286944, Link: 706.985111, Spread: 1.120826
Epoch 74/600, Total: 1788.865748, Node: 1082.227866, Link: 706.626706, Spread: 1.115981
Epoch 75/600, Total: 1788.454655, Node: 1082.170389, Link: 706.273138, Spread: 1.111448
Epoch 76/600, Total: 1788.049538, Node: 1082.114256, Link: 705.924205, Spread: 1.107206
Epoch 77/600, Total: 1787.650632, Node: 1082.059439, Link: 705.580158, Spread: 1.103234
Epoch 78/600, Total: 1787.257922, Node: 1082.005856, Link: 705.241071, Spread: 1.099512
Epoch 79/600, Total: 1786.871058, Node: 1081.953402, Link: 704.906697, Spread: 1.096019
Epoch 80/600, Total: 1786.489777, Node: 1081.902012, Link: 704.576849, Spread: 1.092739
Epoch 81/600, Total: 1786.113704, Node: 1081.851484, Link: 704.251324, Spread: 1.089657
Epoch 82/600, Total: 1785.742939, Node: 1081.801844, Link: 703.930226, Spread: 1.086758
Epoch 83/600, Total: 1785.377124, Node: 1081.752742, Link: 703.613544, Spread: 1.084031
Epoch 84/600, Total: 1785.016627, Node: 1081.704326, Link: 703.301503, Spread: 1.081466
Epoch 85/600, Total: 1784.661121, Node: 1081.656308, Link: 702.994040, Spread: 1.079053
Epoch 86/600, Total: 1784.311099, Node: 1081.608731, Link: 702.691606, Spread: 1.076784
Epoch 87/600, Total: 1783.966559, Node: 1081.561482, Link: 702.394332, Spread: 1.074655
Epoch 88/600, Total: 1783.627396, Node: 1081.514178, Link: 702.102498, Spread: 1.072654
Epoch 89/600, Total: 1783.294207, Node: 1081.467142, Link: 701.816359, Spread: 1.070777
Epoch 90/600, Total: 1782.966812, Node: 1081.419934, Link: 701.536175, Spread: 1.069023
Epoch 91/600, Total: 1782.645567, Node: 1081.372579, Link: 701.262312, Spread: 1.067382
Epoch 92/600, Total: 1782.330606, Node: 1081.325023, Link: 700.994926, Spread: 1.065854
Epoch 93/600, Total: 1782.022136, Node: 1081.277117, Link: 700.734376, Spread: 1.064436
Epoch 94/600, Total: 1781.720146, Node: 1081.228710, Link: 700.480815, Spread: 1.063124
Epoch 95/600, Total: 1781.424961, Node: 1081.179771, Link: 700.234571, Spread: 1.061918
Epoch 96/600, Total: 1781.136451, Node: 1081.130142, Link: 699.995694, Spread: 1.060813
Epoch 97/600, Total: 1780.854805, Node: 1081.079812, Link: 699.764414, Spread: 1.059811
Epoch 98/600, Total: 1780.579737, Node: 1081.028375, Link: 699.540781, Spread: 1.058908
Epoch 99/600, Total: 1780.311530, Node: 1080.975987, Link: 699.324977, Spread: 1.058104
Epoch 100/600, Total: 1780.050069, Node: 1080.922618, Link: 699.116876, Spread: 1.057398
Epoch 101/600, Total: 1779.794904, Node: 1080.867832, Link: 698.916506, Spread: 1.056788
Epoch 102/600, Total: 1779.546104, Node: 1080.811769, Link: 698.723771, Spread: 1.056273
Epoch 103/600, Total: 1779.303489, Node: 1080.754358, Link: 698.538571, Spread: 1.055854
Epoch 104/600, Total: 1779.066494, Node: 1080.695209, Link: 698.360731, Spread: 1.055527
Epoch 105/600, Total: 1778.835185, Node: 1080.634558, Link: 698.190079, Spread: 1.055292
Epoch 106/600, Total: 1778.609123, Node: 1080.572298, Link: 698.026279, Spread: 1.055148
Epoch 107/600, Total: 1778.387821, Node: 1080.508184, Link: 697.869082, Spread: 1.055091
Epoch 108/600, Total: 1778.171041, Node: 1080.442344, Link: 697.718149, Spread: 1.055120
Epoch 109/600, Total: 1777.958324, Node: 1080.374669, Link: 697.573106, Spread: 1.055232
Epoch 110/600, Total: 1777.749052, Node: 1080.305091, Link: 697.433411, Spread: 1.055425
Epoch 111/600, Total: 1777.542846, Node: 1080.233672, Link: 697.298632, Spread: 1.055696
Epoch 112/600, Total: 1777.339010, Node: 1080.160204, Link: 697.168255, Spread: 1.056039
Epoch 113/600, Total: 1777.073565, Node: 1080.062832, Link: 697.000191, Spread: 1.056466
Epoch 114/600, Total: 1771.800457, Node: 1081.949338, Link: 689.839147, Spread: 1.195853
Epoch 115/600, Total: 1781.308473, Node: 1087.186781, Link: 694.109987, Spread: 1.171087
Epoch 116/600, Total: 1792.212268, Node: 1099.581535, Link: 692.619352, Spread: 1.138444
Epoch 117/600, Total: 1775.797068, Node: 1089.604978, Link: 686.181089, Spread: 1.100913
Epoch 118/600, Total: 1775.456586, Node: 1091.527161, Link: 683.918701, Spread: 1.073791
Epoch 119/600, Total: 1774.982508, Node: 1091.146634, Link: 683.825293, Spread: 1.056860
Epoch 120/600, Total: 1774.817281, Node: 1090.700758, Link: 684.106094, Spread: 1.044330
Epoch 121/600, Total: 1774.745332, Node: 1090.636583, Link: 684.098397, Spread: 1.034791
Epoch 122/600, Total: 1775.440135, Node: 1089.388905, Link: 686.040981, Spread: 1.026642
Epoch 123/600, Total: 1786.470315, Node: 1094.897794, Link: 691.562261, Spread: 1.026222
Epoch 124/600, Total: 1773.171995, Node: 1087.459559, Link: 685.702275, Spread: 1.016991
Epoch 125/600, Total: 1773.590096, Node: 1088.249514, Link: 685.330463, Spread: 1.011038
Epoch 126/600, Total: 1774.337591, Node: 1089.672648, Link: 684.654846, Spread: 1.008103
Epoch 127/600, Total: 1774.372196, Node: 1089.737275, Link: 684.624857, Spread: 1.005901
Epoch 128/600, Total: 1774.384801, Node: 1089.605581, Link: 684.769199, Spread: 1.003480
Epoch 129/600, Total: 1774.389633, Node: 1089.540751, Link: 684.838875, Spread: 1.001241
Epoch 130/600, Total: 1774.336076, Node: 1089.391220, Link: 684.934866, Spread: 0.999196
Epoch 131/600, Total: 1774.300402, Node: 1089.311332, Link: 684.979096, Spread: 0.997393
Epoch 132/600, Total: 1774.226346, Node: 1089.189662, Link: 685.026718, Spread: 0.995742
Epoch 133/600, Total: 1774.159972, Node: 1089.099583, Link: 685.050462, Spread: 0.994240
Epoch 134/600, Total: 1774.081765, Node: 1089.007789, Link: 685.064051, Spread: 0.992835
Epoch 135/600, Total: 1774.006013, Node: 1088.930307, Link: 685.065778, Spread: 0.991510
Epoch 136/600, Total: 1773.931833, Node: 1088.862884, Link: 685.059045, Spread: 0.990243
Epoch 137/600, Total: 1773.862373, Node: 1088.806622, Link: 685.045846, Spread: 0.989023
Epoch 138/600, Total: 1773.798567, Node: 1088.760392, Link: 685.028285, Spread: 0.987840
Epoch 139/600, Total: 1773.740306, Node: 1088.722478, Link: 685.007964, Spread: 0.986685
Epoch 140/600, Total: 1773.687288, Node: 1088.691396, Link: 684.986031, Spread: 0.985552
Epoch 141/600, Total: 1773.665858, Node: 1088.674913, Link: 684.981102, Spread: 0.984480
Epoch 142/600, Total: 1773.677777, Node: 1088.668998, Link: 684.998936, Spread: 0.983495
Epoch 143/600, Total: 1773.682919, Node: 1088.657430, Link: 685.015666, Spread: 0.982557
Epoch 144/600, Total: 1773.683989, Node: 1088.643754, Link: 685.030410, Spread: 0.981659
Epoch 145/600, Total: 1773.680964, Node: 1088.627794, Link: 685.043367, Spread: 0.980795
Epoch 146/600, Total: 1775.219215, Node: 1084.995680, Link: 690.213743, Spread: 0.978730
Epoch 147/600, Total: 1780.192381, Node: 1092.141721, Link: 688.040960, Spread: 0.970339
Epoch 148/600, Total: 1774.481591, Node: 1088.266463, Link: 686.205392, Spread: 0.973551
Epoch 149/600, Total: 1773.328261, Node: 1088.449048, Link: 684.869475, Spread: 0.974709
Epoch 150/600, Total: 1773.402215, Node: 1088.482393, Link: 684.910063, Spread: 0.975279
Epoch 151/600, Total: 1773.431678, Node: 1088.485551, Link: 684.936384, Spread: 0.975221
Epoch 152/600, Total: 1773.442976, Node: 1088.477825, Link: 684.955401, Spread: 0.974895
Epoch 153/600, Total: 1773.444191, Node: 1088.463840, Link: 684.970598, Spread: 0.974403
Epoch 154/600, Total: 1772.665670, Node: 1086.921400, Link: 685.734506, Spread: 0.978048
Epoch 155/600, Total: 1751.132369, Node: 1049.034404, Link: 702.086708, Spread: 1.125362
Epoch 156/600, Total: 1699.628822, Node: 1013.741834, Link: 685.876098, Spread: 1.089260
Epoch 157/600, Total: 1711.717952, Node: 1007.151765, Link: 704.554914, Spread: 1.126575
Epoch 158/600, Total: 1688.992169, Node: 999.671183, Link: 689.308993, Spread: 1.198807
Epoch 159/600, Total: 1711.828562, Node: 1035.657144, Link: 676.161498, Spread: 0.992638
Epoch 160/600, Total: 1682.915471, Node: 996.297980, Link: 686.606627, Spread: 1.086463
Epoch 161/600, Total: 1677.469884, Node: 991.901333, Link: 685.556531, Spread: 1.204307
Epoch 162/600, Total: 1656.386418, Node: 968.604292, Link: 687.769856, Spread: 1.226559
Epoch 163/600, Total: 1661.700360, Node: 969.658043, Link: 692.030110, Spread: 1.219146
Epoch 164/600, Total: 1683.919112, Node: 986.948256, Link: 696.958815, Spread: 1.204419
Epoch 165/600, Total: 1653.233734, Node: 969.445920, Link: 683.775817, Spread: 1.199811
Epoch 166/600, Total: 1664.350547, Node: 973.850614, Link: 690.487845, Spread: 1.209985
Epoch 167/600, Total: 1670.831155, Node: 985.340254, Link: 685.478302, Spread: 1.258924
Epoch 168/600, Total: 1658.670678, Node: 980.103732, Link: 678.555600, Spread: 1.133949
Epoch 169/600, Total: 1667.765770, Node: 983.385610, Link: 684.367795, Spread: 1.236593
Epoch 170/600, Total: 1668.646421, Node: 982.130052, Link: 686.504098, Spread: 1.227922
Epoch 171/600, Total: 1662.410264, Node: 975.680995, Link: 686.716554, Spread: 1.271342
Epoch 172/600, Total: 1663.483597, Node: 978.162788, Link: 685.307875, Spread: 1.295003
Epoch 173/600, Total: 1672.138710, Node: 984.517975, Link: 687.607735, Spread: 1.301686
Epoch 174/600, Total: 1655.612056, Node: 974.448357, Link: 681.150781, Spread: 1.291792
Epoch 175/600, Total: 1664.632799, Node: 979.525690, Link: 685.094526, Spread: 1.257796
Epoch 176/600, Total: 1654.562450, Node: 971.281467, Link: 683.268515, Spread: 1.247426
Epoch 177/600, Total: 1657.800035, Node: 972.636377, Link: 685.152028, Spread: 1.165054
Epoch 178/600, Total: 1663.368955, Node: 970.861345, Link: 692.495892, Spread: 1.171407
Epoch 179/600, Total: 1667.158261, Node: 982.968573, Link: 684.178021, Spread: 1.166680
Epoch 180/600, Total: 1669.580613, Node: 985.740566, Link: 683.828298, Spread: 1.175879
Epoch 181/600, Total: 1669.003819, Node: 981.333742, Link: 687.658059, Spread: 1.201895
Epoch 182/600, Total: 1680.102511, Node: 988.385080, Link: 691.705896, Spread: 1.154362
Epoch 183/600, Total: 1666.151439, Node: 971.550080, Link: 694.589127, Spread: 1.222494
Epoch 184/600, Total: 1656.938972, Node: 977.653853, Link: 679.273552, Spread: 1.156922
Epoch 185/600, Total: 1679.491137, Node: 988.129895, Link: 691.349714, Spread: 1.153447
Epoch 186/600, Total: 1667.415371, Node: 973.790845, Link: 693.612437, Spread: 1.209989
Epoch 187/600, Total: 1685.582916, Node: 988.659969, Link: 696.911008, Spread: 1.195943
Epoch 188/600, Total: 1654.934286, Node: 972.114660, Link: 682.807585, Spread: 1.202678
Epoch 189/600, Total: 1659.595091, Node: 972.457833, Link: 687.125280, Spread: 1.197570
Epoch 190/600, Total: 1658.375849, Node: 971.831392, Link: 686.532384, Spread: 1.207741
Epoch 191/600, Total: 1662.144709, Node: 976.671154, Link: 685.461714, Spread: 1.183442
Epoch 192/600, Total: 1671.007615, Node: 979.071660, Link: 691.923920, Spread: 1.202886
Epoch 193/600, Total: 1659.588564, Node: 975.739598, Link: 683.836928, Spread: 1.202844
Epoch 194/600, Total: 1675.662465, Node: 984.046530, Link: 691.603866, Spread: 1.207380
Epoch 195/600, Total: 1663.589001, Node: 973.430164, Link: 690.146295, Spread: 1.253037
Epoch 196/600, Total: 1671.303668, Node: 977.011602, Link: 694.279564, Spread: 1.250950
Epoch 197/600, Total: 1665.102558, Node: 971.724341, Link: 693.365860, Spread: 1.236473
Epoch 198/600, Total: 1655.463223, Node: 968.957479, Link: 686.493455, Spread: 1.228850
Epoch 199/600, Total: 1664.361523, Node: 983.564668, Link: 680.784735, Spread: 1.212409
Epoch 200/600, Total: 1673.650722, Node: 973.046889, Link: 700.591244, Spread: 1.258405
Epoch 201/600, Total: 1664.816756, Node: 975.184370, Link: 689.619818, Spread: 1.258403
Epoch 202/600, Total: 1655.260669, Node: 970.191678, Link: 685.056544, Spread: 1.244004
Epoch 203/600, Total: 1663.259834, Node: 976.470649, Link: 686.776883, Spread: 1.228823
Epoch 204/600, Total: 1650.561084, Node: 968.229406, Link: 682.319415, Spread: 1.227717
Epoch 205/600, Total: 1666.391946, Node: 972.911631, Link: 693.468396, Spread: 1.193166
Epoch 206/600, Total: 1659.117081, Node: 981.273574, Link: 677.831732, Spread: 1.176995
Epoch 207/600, Total: 1670.740522, Node: 968.591155, Link: 702.137071, Spread: 1.229876
Epoch 208/600, Total: 1671.098732, Node: 971.256817, Link: 699.829526, Spread: 1.238884
Epoch 209/600, Total: 1667.789218, Node: 968.046776, Link: 699.729963, Spread: 1.248974
Epoch 210/600, Total: 1682.585542, Node: 980.258778, Link: 702.314067, Spread: 1.270009
Epoch 211/600, Total: 1701.379045, Node: 992.291832, Link: 709.074466, Spread: 1.274511
Epoch 212/600, Total: 1681.859087, Node: 980.938863, Link: 700.907484, Spread: 1.274623
Epoch 213/600, Total: 1675.541252, Node: 974.436731, Link: 701.091825, Spread: 1.271259
Epoch 214/600, Total: 1680.729823, Node: 969.030679, Link: 711.686088, Spread: 1.306422
Epoch 215/600, Total: 1692.838564, Node: 979.742544, Link: 713.082903, Spread: 1.313388
Epoch 216/600, Total: 1683.821416, Node: 980.481387, Link: 703.327268, Spread: 1.278970
Epoch 217/600, Total: 1707.031278, Node: 990.681489, Link: 716.336855, Spread: 1.293958
Epoch 218/600, Total: 1693.667741, Node: 979.096490, Link: 714.558227, Spread: 1.302111
Epoch 219/600, Total: 1683.878256, Node: 980.557084, Link: 703.308356, Spread: 1.279411
Epoch 220/600, Total: 1672.155279, Node: 973.383924, Link: 698.758660, Spread: 1.269094
Epoch 221/600, Total: 1658.939882, Node: 964.308852, Link: 694.618376, Spread: 1.266404
Epoch 222/600, Total: 1668.212305, Node: 963.318844, Link: 704.880575, Spread: 1.287578
Epoch 223/600, Total: 1696.661499, Node: 979.449094, Link: 717.199441, Spread: 1.295181
Epoch 224/600, Total: 1709.515759, Node: 993.552541, Link: 715.950432, Spread: 1.279228
Epoch 225/600, Total: 1695.813114, Node: 992.148315, Link: 703.652530, Spread: 1.227777
Epoch 226/600, Total: 1680.026960, Node: 982.509870, Link: 697.504403, Spread: 1.268385
Epoch 227/600, Total: 1680.417299, Node: 982.919154, Link: 697.485646, Spread: 1.251704
Epoch 228/600, Total: 1689.179430, Node: 988.909070, Link: 700.257256, Spread: 1.311549
Epoch 229/600, Total: 1666.016512, Node: 966.172508, Link: 699.830280, Spread: 1.374015
Epoch 230/600, Total: 1668.586061, Node: 965.429427, Link: 703.143318, Spread: 1.329900
Epoch 231/600, Total: 1672.425976, Node: 969.363239, Link: 703.049503, Spread: 1.323640
Epoch 232/600, Total: 1705.327588, Node: 999.993899, Link: 705.320616, Spread: 1.306951
Epoch 233/600, Total: 1661.944026, Node: 967.849315, Link: 694.081918, Spread: 1.278738
Epoch 234/600, Total: 1670.771000, Node: 974.599045, Link: 696.159169, Spread: 1.279247
Epoch 235/600, Total: 1689.987422, Node: 984.429950, Link: 705.544273, Spread: 1.318924
Epoch 236/600, Total: 1710.422868, Node: 992.419513, Link: 717.989150, Spread: 1.419527
Epoch 237/600, Total: 1729.781607, Node: 985.572799, Link: 744.194860, Spread: 1.394638
Epoch 238/600, Total: 1720.486909, Node: 984.598663, Link: 735.875571, Spread: 1.266654
Epoch 239/600, Total: 1758.913455, Node: 1004.419678, Link: 754.480675, Spread: 1.310829
Epoch 240/600, Total: 1716.696959, Node: 990.978864, Link: 725.705377, Spread: 1.272357
Epoch 241/600, Total: 1702.050594, Node: 982.506336, Link: 719.531940, Spread: 1.230255
Epoch 242/600, Total: 1718.743354, Node: 984.020217, Link: 734.710611, Spread: 1.251153
Epoch 243/600, Total: 1718.212897, Node: 985.327938, Link: 732.871594, Spread: 1.336128
Epoch 244/600, Total: 1709.988475, Node: 989.132661, Link: 720.842651, Spread: 1.316415
Epoch 245/600, Total: 1690.281274, Node: 973.729113, Link: 716.539585, Spread: 1.256714
Epoch 246/600, Total: 1695.708671, Node: 972.714164, Link: 722.981248, Spread: 1.326081
Epoch 247/600, Total: 1700.576569, Node: 968.259679, Link: 732.303136, Spread: 1.375846
Epoch 248/600, Total: 1705.789579, Node: 975.956269, Link: 729.820260, Spread: 1.304029
Epoch 249/600, Total: 1728.387955, Node: 995.224988, Link: 733.151040, Spread: 1.191887
Epoch 250/600, Total: 1715.663079, Node: 982.026050, Link: 733.624080, Spread: 1.294912
Epoch 251/600, Total: 1703.482134, Node: 980.065452, Link: 723.403365, Spread: 1.332433
Epoch 252/600, Total: 1702.519372, Node: 971.251853, Link: 731.253849, Spread: 1.367606
Epoch 253/600, Total: 1700.434998, Node: 968.173287, Link: 732.248123, Spread: 1.360050
Epoch 254/600, Total: 1699.777063, Node: 973.530119, Link: 726.233740, Spread: 1.319546
Epoch 255/600, Total: 1707.897236, Node: 988.302058, Link: 719.582730, Spread: 1.244027
Epoch 256/600, Total: 1725.236748, Node: 993.821511, Link: 731.402397, Spread: 1.284322
Epoch 257/600, Total: 1707.014536, Node: 982.052188, Link: 724.948633, Spread: 1.370863
Epoch 258/600, Total: 1710.996706, Node: 987.495999, Link: 723.488205, Spread: 1.251784
Epoch 259/600, Total: 1708.532568, Node: 992.566138, Link: 715.954060, Spread: 1.237202
Epoch 260/600, Total: 1721.375732, Node: 995.005632, Link: 726.357674, Spread: 1.243459
Epoch 261/600, Total: 1703.817411, Node: 977.262434, Link: 726.541072, Spread: 1.390351
Epoch 262/600, Total: 1711.155441, Node: 983.831689, Link: 727.310773, Spread: 1.297947
Epoch 263/600, Total: 1721.659292, Node: 996.212840, Link: 725.434586, Spread: 1.187542
Epoch 264/600, Total: 1712.326181, Node: 985.007509, Link: 727.305887, Spread: 1.281094
Epoch 265/600, Total: 1711.189712, Node: 990.030635, Link: 721.146353, Spread: 1.272321
Epoch 266/600, Total: 1715.735267, Node: 984.726003, Link: 730.996055, Spread: 1.320412
Epoch 267/600, Total: 1700.608418, Node: 982.464967, Link: 718.130172, Spread: 1.325277
Epoch 268/600, Total: 1701.199598, Node: 981.039031, Link: 720.147084, Spread: 1.347914
Epoch 269/600, Total: 1708.957575, Node: 982.913761, Link: 726.030364, Spread: 1.345972
Epoch 270/600, Total: 1745.276096, Node: 1004.690644, Link: 740.572139, Spread: 1.331431
Epoch 271/600, Total: 1717.395078, Node: 995.247469, Link: 722.134489, Spread: 1.311704
Epoch 272/600, Total: 1710.306114, Node: 988.885759, Link: 721.407210, Spread: 1.314733
Epoch 273/600, Total: 1709.551535, Node: 994.921443, Link: 714.618584, Spread: 1.149515
Epoch 274/600, Total: 1713.850819, Node: 988.528516, Link: 725.310033, Spread: 1.226486
Epoch 275/600, Total: 1707.122903, Node: 988.455576, Link: 718.654941, Spread: 1.239504
Epoch 276/600, Total: 1704.968684, Node: 977.140005, Link: 727.814092, Spread: 1.457806
Epoch 277/600, Total: 1719.476258, Node: 999.332072, Link: 720.131386, Spread: 1.280413
Epoch 278/600, Total: 1711.552749, Node: 992.127310, Link: 719.412912, Spread: 1.252903
Epoch 279/600, Total: 1712.051922, Node: 989.495312, Link: 722.541799, Spread: 1.480002
Epoch 280/600, Total: 1719.926560, Node: 996.369988, Link: 723.542470, Spread: 1.410981
Epoch 281/600, Total: 1696.903248, Node: 983.577533, Link: 713.313127, Spread: 1.260111
Epoch 282/600, Total: 1720.657116, Node: 989.463016, Link: 731.180094, Spread: 1.399755
Epoch 283/600, Total: 1701.290794, Node: 980.981777, Link: 720.295955, Spread: 1.306916
Epoch 284/600, Total: 1718.503224, Node: 984.801930, Link: 733.687667, Spread: 1.362952
Epoch 285/600, Total: 1707.060358, Node: 983.535767, Link: 723.512416, Spread: 1.217169
Epoch 286/600, Total: 1695.163502, Node: 977.355724, Link: 717.796378, Spread: 1.139828
Epoch 287/600, Total: 1703.391072, Node: 983.302364, Link: 720.076504, Spread: 1.219937
Epoch 288/600, Total: 1718.393402, Node: 984.166536, Link: 734.213307, Spread: 1.355803
Epoch 289/600, Total: 1761.934822, Node: 1037.928181, Link: 723.998427, Spread: 0.821770
Epoch 290/600, Total: 1706.311157, Node: 989.080818, Link: 717.218972, Spread: 1.137404
Epoch 291/600, Total: 1731.677564, Node: 985.165594, Link: 746.498675, Spread: 1.329696
Epoch 292/600, Total: 1692.285401, Node: 974.603069, Link: 717.669591, Spread: 1.273570
Epoch 293/600, Total: 1679.778780, Node: 964.236211, Link: 715.528534, Spread: 1.403595
Epoch 294/600, Total: 1685.740808, Node: 966.544512, Link: 719.183064, Spread: 1.323606
Epoch 295/600, Total: 1715.356761, Node: 994.165016, Link: 721.180353, Spread: 1.137773
Epoch 296/600, Total: 1717.936408, Node: 1002.717286, Link: 715.207886, Spread: 1.121972
Epoch 297/600, Total: 1706.662210, Node: 982.149768, Link: 724.499037, Spread: 1.339979
Epoch 298/600, Total: 1689.900424, Node: 970.217787, Link: 719.669641, Spread: 1.298819
Epoch 299/600, Total: 1694.478896, Node: 977.410327, Link: 717.057707, Spread: 1.086487
Epoch 300/600, Total: 1711.471258, Node: 985.493274, Link: 725.967042, Spread: 1.094155
Epoch 301/600, Total: 1703.168765, Node: 984.487400, Link: 718.670075, Spread: 1.129080
Epoch 302/600, Total: 1713.498152, Node: 996.006482, Link: 717.480629, Spread: 1.104946
Epoch 303/600, Total: 1723.331861, Node: 984.266925, Link: 739.051196, Spread: 1.373889
Epoch 304/600, Total: 1699.613378, Node: 980.341780, Link: 719.259776, Spread: 1.182729
Epoch 305/600, Total: 1691.151580, Node: 977.139197, Link: 714.000128, Spread: 1.224218
Epoch 306/600, Total: 1696.767030, Node: 975.068462, Link: 721.687004, Spread: 1.156971
Epoch 307/600, Total: 1703.701435, Node: 984.634594, Link: 719.054497, Spread: 1.235592
Epoch 308/600, Total: 1687.457371, Node: 975.779850, Link: 711.665865, Spread: 1.165350
Epoch 309/600, Total: 1693.748195, Node: 973.198304, Link: 720.538235, Spread: 1.164816
Epoch 310/600, Total: 1706.234639, Node: 987.329578, Link: 718.892361, Spread: 1.270854
Epoch 311/600, Total: 1703.275192, Node: 981.679100, Link: 721.585320, Spread: 1.075620
Epoch 312/600, Total: 1713.278215, Node: 986.570802, Link: 726.695719, Spread: 1.169469
Epoch 313/600, Total: 1751.815851, Node: 1015.348568, Link: 736.456136, Spread: 1.116414
Epoch 314/600, Total: 1687.094727, Node: 973.357185, Link: 713.725478, Spread: 1.205369
Epoch 315/600, Total: 1730.563056, Node: 992.377192, Link: 738.172828, Spread: 1.304615
Epoch 316/600, Total: 1701.142694, Node: 983.437197, Link: 717.693475, Spread: 1.202186
Epoch 317/600, Total: 1687.867542, Node: 966.269470, Link: 721.585872, Spread: 1.219119
Epoch 318/600, Total: 1685.412647, Node: 968.884716, Link: 716.515907, Spread: 1.202780
Epoch 319/600, Total: 1698.850196, Node: 977.655912, Link: 721.182451, Spread: 1.183245
Epoch 320/600, Total: 1687.437516, Node: 972.550967, Link: 714.874890, Spread: 1.166418
Epoch 321/600, Total: 1693.739060, Node: 971.685328, Link: 722.040861, Spread: 1.286788
Epoch 322/600, Total: 1694.183688, Node: 975.647112, Link: 718.523806, Spread: 1.276710
Epoch 323/600, Total: 1728.842615, Node: 986.163356, Link: 742.665982, Spread: 1.327741
Epoch 324/600, Total: 1700.199293, Node: 976.062184, Link: 724.122451, Spread: 1.466660
Epoch 325/600, Total: 1704.777730, Node: 980.295455, Link: 724.469440, Spread: 1.282734
Epoch 326/600, Total: 1712.958535, Node: 980.693099, Link: 732.250420, Spread: 1.500870
Epoch 327/600, Total: 1700.190876, Node: 986.032747, Link: 714.145444, Spread: 1.268391
Epoch 328/600, Total: 1700.972629, Node: 972.624453, Link: 728.332854, Spread: 1.532452
Epoch 329/600, Total: 1699.563317, Node: 973.159602, Link: 726.388781, Spread: 1.493892
Epoch 330/600, Total: 1714.624728, Node: 996.355646, Link: 718.256255, Spread: 1.281479
Epoch 331/600, Total: 1692.526485, Node: 977.230269, Link: 715.280983, Spread: 1.525086
Epoch 332/600, Total: 1697.661443, Node: 971.178537, Link: 726.467269, Spread: 1.562548
Epoch 333/600, Total: 1708.491316, Node: 977.574638, Link: 730.901359, Spread: 1.532523
Epoch 334/600, Total: 1682.363899, Node: 972.474843, Link: 709.876411, Spread: 1.263050
Epoch 335/600, Total: 1692.148260, Node: 977.235077, Link: 714.901588, Spread: 1.159880
Epoch 336/600, Total: 1695.699614, Node: 974.992510, Link: 720.694643, Spread: 1.246038
Epoch 337/600, Total: 1729.500400, Node: 997.651267, Link: 731.835489, Spread: 1.365577
Epoch 338/600, Total: 1715.616124, Node: 995.061673, Link: 720.541180, Spread: 1.326605
Epoch 339/600, Total: 1697.967771, Node: 986.247919, Link: 711.708018, Spread: 1.185188
Epoch 340/600, Total: 1797.518172, Node: 1064.494738, Link: 733.016567, Spread: 0.687544
Epoch 341/600, Total: 1783.795074, Node: 1055.739632, Link: 728.048554, Spread: 0.690070
Epoch 342/600, Total: 1775.315240, Node: 1052.307104, Link: 723.001310, Spread: 0.684192
Epoch 343/600, Total: 1767.555264, Node: 1046.665078, Link: 720.883464, Spread: 0.669818
Epoch 344/600, Total: 1764.767642, Node: 1045.531742, Link: 719.229311, Spread: 0.660421
Epoch 345/600, Total: 1761.625937, Node: 1042.615480, Link: 719.003963, Spread: 0.651290
Epoch 346/600, Total: 1761.268249, Node: 1042.425682, Link: 718.836186, Spread: 0.639344
Epoch 347/600, Total: 1761.150981, Node: 1042.311612, Link: 718.833104, Spread: 0.627140
Epoch 348/600, Total: 1762.487773, Node: 1042.557560, Link: 719.924054, Spread: 0.615794
Epoch 349/600, Total: 1763.675827, Node: 1042.592383, Link: 721.077403, Spread: 0.602721
Epoch 350/600, Total: 1764.047415, Node: 1042.365309, Link: 721.676207, Spread: 0.588675
Epoch 351/600, Total: 1764.211025, Node: 1042.158086, Link: 722.047191, Spread: 0.575607
Epoch 352/600, Total: 1764.271154, Node: 1041.958813, Link: 722.306711, Spread: 0.563620
Epoch 353/600, Total: 1764.260309, Node: 1041.766519, Link: 722.488254, Spread: 0.552596
Epoch 354/600, Total: 1764.183760, Node: 1041.588253, Link: 722.590067, Spread: 0.542616
Epoch 355/600, Total: 1764.180112, Node: 1041.475791, Link: 722.698970, Spread: 0.533700
Epoch 356/600, Total: 1764.304831, Node: 1041.441716, Link: 722.857864, Spread: 0.525665
Epoch 357/600, Total: 1764.546200, Node: 1041.471584, Link: 723.069423, Spread: 0.518349
Epoch 358/600, Total: 1764.840871, Node: 1041.523360, Link: 723.312407, Spread: 0.511620
Epoch 359/600, Total: 1765.098652, Node: 1041.549059, Link: 723.544532, Spread: 0.505385
Epoch 360/600, Total: 1765.267314, Node: 1041.531207, Link: 723.731110, Spread: 0.499585
Epoch 361/600, Total: 1765.352675, Node: 1041.480775, Link: 723.866966, Spread: 0.494158
Epoch 362/600, Total: 1765.380960, Node: 1041.412141, Link: 723.963930, Spread: 0.489039
Epoch 363/600, Total: 1765.372366, Node: 1041.333891, Link: 724.033631, Spread: 0.484176
Epoch 364/600, Total: 1765.339589, Node: 1041.250858, Link: 724.083946, Spread: 0.479536
Epoch 365/600, Total: 1765.290431, Node: 1041.165834, Link: 724.119858, Spread: 0.475094
Epoch 366/600, Total: 1765.231075, Node: 1041.081019, Link: 724.145345, Spread: 0.470833
Epoch 367/600, Total: 1765.164917, Node: 1040.997371, Link: 724.162874, Spread: 0.466742
Epoch 368/600, Total: 1765.095447, Node: 1040.916094, Link: 724.174712, Spread: 0.462808
Epoch 369/600, Total: 1765.024194, Node: 1040.837367, Link: 724.182214, Spread: 0.459022
Epoch 370/600, Total: 1764.953044, Node: 1040.761763, Link: 724.186733, Spread: 0.455376
Epoch 371/600, Total: 1764.883004, Node: 1040.689433, Link: 724.189060, Spread: 0.451860
Epoch 372/600, Total: 1764.815692, Node: 1040.620942, Link: 724.190256, Spread: 0.448467
Epoch 373/600, Total: 1764.754609, Node: 1040.550860, Link: 724.199297, Spread: 0.445189
Epoch 374/600, Total: 1715.626359, Node: 992.920560, Link: 722.697503, Spread: 0.829604
Epoch 375/600, Total: 1703.837882, Node: 983.264404, Link: 720.561872, Spread: 1.160693
Epoch 376/600, Total: 1687.207062, Node: 977.631187, Link: 709.566461, Spread: 0.940323
Epoch 377/600, Total: 1683.946973, Node: 976.348485, Link: 707.589339, Spread: 0.914403
Epoch 378/600, Total: 1694.792925, Node: 981.215311, Link: 713.567699, Spread: 0.991166
Epoch 379/600, Total: 1701.891948, Node: 988.240944, Link: 713.641063, Spread: 0.994010
Epoch 380/600, Total: 1695.935600, Node: 978.422889, Link: 717.502558, Spread: 1.016930
Epoch 381/600, Total: 1714.710521, Node: 997.569942, Link: 717.130003, Spread: 1.057180
Epoch 382/600, Total: 1686.212933, Node: 975.826766, Link: 710.376663, Spread: 0.949527
Epoch 383/600, Total: 1687.547824, Node: 972.094311, Link: 715.443059, Spread: 1.044553
Epoch 384/600, Total: 1691.818110, Node: 980.821777, Link: 710.986909, Spread: 0.944336
Epoch 385/600, Total: 1709.016134, Node: 995.168058, Link: 713.838163, Spread: 0.993096
Epoch 386/600, Total: 1695.693948, Node: 979.433415, Link: 716.250273, Spread: 1.024750
Epoch 387/600, Total: 1693.204758, Node: 978.301670, Link: 714.892416, Spread: 1.066917
Epoch 388/600, Total: 1692.278530, Node: 978.977702, Link: 713.289792, Spread: 1.103401
Epoch 389/600, Total: 1683.413496, Node: 970.917720, Link: 712.484736, Spread: 1.104493
Epoch 390/600, Total: 1693.677751, Node: 979.954801, Link: 713.711916, Spread: 1.104777
Epoch 391/600, Total: 1685.686941, Node: 973.884503, Link: 711.792431, Spread: 0.999398
Epoch 392/600, Total: 1680.860588, Node: 971.699539, Link: 709.150718, Spread: 1.032479
Epoch 393/600, Total: 1682.115486, Node: 973.864472, Link: 708.240430, Spread: 1.057971
Epoch 394/600, Total: 1692.258539, Node: 981.802193, Link: 710.445309, Spread: 1.102877
Epoch 395/600, Total: 1689.547645, Node: 975.496532, Link: 714.040262, Spread: 1.085555
Epoch 396/600, Total: 1687.918200, Node: 976.309418, Link: 711.598207, Spread: 1.054701
Epoch 397/600, Total: 1680.847014, Node: 972.558288, Link: 708.277977, Spread: 1.076849
Epoch 398/600, Total: 1691.777738, Node: 976.434849, Link: 715.331236, Spread: 1.164378
Epoch 399/600, Total: 1697.696495, Node: 983.942482, Link: 713.742653, Spread: 1.136953
Epoch 400/600, Total: 1687.294949, Node: 978.091846, Link: 709.192941, Spread: 1.015310
Epoch 401/600, Total: 1777.218904, Node: 1051.017672, Link: 726.195924, Spread: 0.533113
Epoch 402/600, Total: 1776.284510, Node: 1051.802062, Link: 724.477323, Spread: 0.512463
Epoch 403/600, Total: 1768.492432, Node: 1047.903937, Link: 720.583466, Spread: 0.502562
Epoch 404/600, Total: 1762.808024, Node: 1044.406463, Link: 718.396640, Spread: 0.493178
Epoch 405/600, Total: 1760.216583, Node: 1042.048403, Link: 718.163271, Spread: 0.490863
Epoch 406/600, Total: 1759.921271, Node: 1041.799744, Link: 718.116656, Spread: 0.488067
Epoch 407/600, Total: 1761.202563, Node: 1041.946443, Link: 719.251280, Spread: 0.484766
Epoch 408/600, Total: 1762.476315, Node: 1041.830931, Link: 720.640598, Spread: 0.478034
Epoch 409/600, Total: 1762.942431, Node: 1041.510995, Link: 721.426741, Spread: 0.469685
Epoch 410/600, Total: 1763.125335, Node: 1041.230356, Link: 721.890381, Spread: 0.461080
Epoch 411/600, Total: 1763.149676, Node: 1040.966321, Link: 722.178837, Spread: 0.452601
Epoch 412/600, Total: 1763.020630, Node: 1040.700581, Link: 722.315601, Spread: 0.444598
Epoch 413/600, Total: 1763.044365, Node: 1040.551986, Link: 722.488001, Spread: 0.437450
Epoch 414/600, Total: 1763.239985, Node: 1040.519287, Link: 722.716398, Spread: 0.430998
Epoch 415/600, Total: 1763.541541, Node: 1040.553107, Link: 722.984173, Spread: 0.425112
Epoch 416/600, Total: 1763.808322, Node: 1040.565404, Link: 723.238710, Spread: 0.419700
Epoch 417/600, Total: 1763.931544, Node: 1040.502613, Link: 723.424794, Spread: 0.414707
Epoch 418/600, Total: 1763.931725, Node: 1040.388373, Link: 723.539249, Spread: 0.410076
Epoch 419/600, Total: 1763.874194, Node: 1040.258630, Link: 723.611498, Spread: 0.405736
Epoch 420/600, Total: 1763.798200, Node: 1040.130037, Link: 723.664140, Spread: 0.401632
Epoch 421/600, Total: 1763.717741, Node: 1040.007427, Link: 723.706338, Spread: 0.397731
Epoch 422/600, Total: 1763.635801, Node: 1039.891352, Link: 723.740501, Spread: 0.394009
Epoch 423/600, Total: 1763.554338, Node: 1039.782226, Link: 723.768208, Spread: 0.390452
Epoch 424/600, Total: 1763.474341, Node: 1039.679903, Link: 723.790563, Spread: 0.387051
Epoch 425/600, Total: 1763.397747, Node: 1039.584413, Link: 723.809489, Spread: 0.383795
Epoch 426/600, Total: 1763.320584, Node: 1039.493738, Link: 723.823043, Spread: 0.380687
Epoch 427/600, Total: 1763.260451, Node: 1039.413699, Link: 723.842991, Spread: 0.377688
Epoch 428/600, Total: 1763.171196, Node: 1039.324458, Link: 723.842985, Spread: 0.374878
Epoch 429/600, Total: 1763.130919, Node: 1039.207395, Link: 723.919805, Spread: 0.372138
Epoch 430/600, Total: 1761.694018, Node: 1038.269417, Link: 723.420898, Spread: 0.370193
Epoch 431/600, Total: 1709.615687, Node: 996.219587, Link: 713.389270, Spread: 0.683189
Epoch 432/600, Total: 1698.571513, Node: 987.173539, Link: 711.391030, Spread: 0.696972
Epoch 433/600, Total: 1679.696379, Node: 973.032066, Link: 706.654825, Spread: 0.948578
Epoch 434/600, Total: 1709.612190, Node: 994.395268, Link: 715.208588, Spread: 0.835245
Epoch 435/600, Total: 1682.441597, Node: 973.539182, Link: 708.892920, Spread: 0.949874
Epoch 436/600, Total: 1698.172908, Node: 984.913507, Link: 713.250084, Spread: 0.932033
Epoch 437/600, Total: 1686.449170, Node: 973.525012, Link: 712.916114, Spread: 0.804260
Epoch 438/600, Total: 1695.739776, Node: 977.729455, Link: 717.997934, Spread: 1.239443
Epoch 439/600, Total: 1696.316710, Node: 985.674199, Link: 710.633559, Spread: 0.895907
Epoch 440/600, Total: 1699.529258, Node: 982.168866, Link: 717.350082, Spread: 1.030876
Epoch 441/600, Total: 1684.151188, Node: 972.599379, Link: 711.541442, Spread: 1.037215
Epoch 442/600, Total: 1706.874358, Node: 989.081954, Link: 717.783363, Spread: 0.902948
Epoch 443/600, Total: 1707.506680, Node: 980.364781, Link: 727.131661, Spread: 1.024221
Epoch 444/600, Total: 1684.837884, Node: 974.698435, Link: 710.130634, Spread: 0.881591
Epoch 445/600, Total: 1703.446169, Node: 998.914909, Link: 704.524781, Spread: 0.649096
Epoch 446/600, Total: 1679.016497, Node: 968.281852, Link: 710.724123, Spread: 1.051533
Epoch 447/600, Total: 1670.675379, Node: 968.883268, Link: 701.784307, Spread: 0.780520
Epoch 448/600, Total: 1681.975614, Node: 970.437821, Link: 711.528753, Spread: 0.903061
Epoch 449/600, Total: 1677.608881, Node: 973.976265, Link: 703.624148, Spread: 0.847289
Epoch 450/600, Total: 1697.464522, Node: 983.561049, Link: 713.894419, Spread: 0.904372
Epoch 451/600, Total: 1701.131344, Node: 984.995366, Link: 716.126385, Spread: 0.958723
Epoch 452/600, Total: 1681.630142, Node: 977.398595, Link: 704.223891, Spread: 0.765319
Epoch 453/600, Total: 1681.910968, Node: 979.220776, Link: 702.681426, Spread: 0.875389
Epoch 454/600, Total: 1684.600320, Node: 981.514929, Link: 703.077096, Spread: 0.827653
Epoch 455/600, Total: 1657.387057, Node: 958.998760, Link: 698.379334, Spread: 0.897840
Epoch 456/600, Total: 1677.415716, Node: 971.407324, Link: 705.999093, Spread: 0.930516
Epoch 457/600, Total: 1670.469035, Node: 972.191017, Link: 698.270265, Spread: 0.775588
Epoch 458/600, Total: 1719.476106, Node: 1000.648603, Link: 718.819686, Spread: 0.781703
Epoch 459/600, Total: 1691.456269, Node: 979.932179, Link: 711.515386, Spread: 0.869654
Epoch 460/600, Total: 1687.114585, Node: 980.510965, Link: 706.594635, Spread: 0.898552
Epoch 461/600, Total: 1661.862321, Node: 966.858020, Link: 694.996405, Spread: 0.789581
Epoch 462/600, Total: 1667.735919, Node: 970.677021, Link: 697.050360, Spread: 0.854464
Epoch 463/600, Total: 1682.425957, Node: 983.339240, Link: 699.078633, Spread: 0.808691
Epoch 464/600, Total: 1657.200027, Node: 967.797236, Link: 689.394452, Spread: 0.834035
Epoch 465/600, Total: 1652.535375, Node: 962.980909, Link: 689.545795, Spread: 0.865967
Epoch 466/600, Total: 1673.369874, Node: 970.548557, Link: 702.811786, Spread: 0.955006
Epoch 467/600, Total: 1678.053966, Node: 978.220765, Link: 699.824587, Spread: 0.860278
Epoch 468/600, Total: 1696.940454, Node: 992.227461, Link: 704.704246, Spread: 0.874181
Epoch 469/600, Total: 1677.611507, Node: 977.111236, Link: 700.491542, Spread: 0.872300
Epoch 470/600, Total: 1656.209675, Node: 967.816817, Link: 688.383854, Spread: 0.899979
Epoch 471/600, Total: 1664.385725, Node: 960.331346, Link: 704.044403, Spread: 0.996378
Epoch 472/600, Total: 1655.492766, Node: 967.272963, Link: 688.211390, Spread: 0.841743
Epoch 473/600, Total: 1670.593757, Node: 975.170689, Link: 695.413741, Spread: 0.933272
Epoch 474/600, Total: 1706.294482, Node: 989.625316, Link: 716.659635, Spread: 0.953643
Epoch 475/600, Total: 1673.488665, Node: 978.349098, Link: 695.129995, Spread: 0.957391
Epoch 476/600, Total: 1665.650580, Node: 969.916930, Link: 695.724066, Spread: 0.957647
Epoch 477/600, Total: 1662.804638, Node: 969.712402, Link: 693.082607, Spread: 0.964031
Epoch 478/600, Total: 1649.543714, Node: 964.759523, Link: 684.773653, Spread: 1.054457
Epoch 479/600, Total: 1671.182880, Node: 973.971974, Link: 697.200093, Spread: 1.081241
Epoch 480/600, Total: 1673.176406, Node: 980.742797, Link: 692.423182, Spread: 1.041431
Epoch 481/600, Total: 1694.302443, Node: 998.839003, Link: 695.454580, Spread: 0.886225
Epoch 482/600, Total: 1647.273104, Node: 967.046759, Link: 680.217162, Spread: 0.917005
Epoch 483/600, Total: 1672.881321, Node: 980.003613, Link: 692.868375, Spread: 0.934431
Epoch 484/600, Total: 1687.836771, Node: 990.718858, Link: 697.108312, Spread: 0.959088
Epoch 485/600, Total: 1662.754405, Node: 971.959614, Link: 690.784891, Spread: 0.990982
Epoch 486/600, Total: 1666.484420, Node: 970.802971, Link: 695.671259, Spread: 1.019198
Epoch 487/600, Total: 1649.145454, Node: 966.059232, Link: 683.076302, Spread: 0.992950
Epoch 488/600, Total: 1665.749724, Node: 970.689118, Link: 695.049480, Spread: 1.111192
Epoch 489/600, Total: 1660.269058, Node: 967.878701, Link: 692.379294, Spread: 1.105958
Epoch 490/600, Total: 1686.887361, Node: 987.291461, Link: 699.584825, Spread: 1.106213
Epoch 491/600, Total: 1709.229680, Node: 985.155091, Link: 724.061512, Spread: 1.307303
Epoch 492/600, Total: 1714.653494, Node: 992.925426, Link: 721.715103, Spread: 1.296899
Epoch 493/600, Total: 1705.969917, Node: 992.404598, Link: 713.553114, Spread: 1.221497
Epoch 494/600, Total: 1651.428939, Node: 967.160560, Link: 684.259162, Spread: 0.921219
Epoch 495/600, Total: 1648.795911, Node: 968.704925, Link: 680.081630, Spread: 0.935730
Epoch 496/600, Total: 1701.283278, Node: 989.344829, Link: 711.926486, Spread: 1.197068
Epoch 497/600, Total: 1678.902751, Node: 973.535550, Link: 705.356055, Spread: 1.115263
Epoch 498/600, Total: 1668.863669, Node: 975.248528, Link: 693.606005, Spread: 0.914161
Epoch 499/600, Total: 1690.501244, Node: 989.780254, Link: 700.712363, Spread: 0.863297
Epoch 500/600, Total: 1692.067716, Node: 985.592344, Link: 706.465438, Spread: 0.992779
Epoch 501/600, Total: 1665.719767, Node: 974.977820, Link: 690.732698, Spread: 0.923955
Epoch 502/600, Total: 1651.643186, Node: 974.347212, Link: 677.287521, Spread: 0.846024
Epoch 503/600, Total: 1697.035519, Node: 991.612328, Link: 705.411629, Spread: 1.155629
Epoch 504/600, Total: 1706.653299, Node: 991.103078, Link: 715.537617, Spread: 1.260815
Epoch 505/600, Total: 1675.524162, Node: 982.973364, Link: 692.541352, Spread: 0.943015
Epoch 506/600, Total: 1668.914450, Node: 980.389612, Link: 688.515504, Spread: 0.933344
Epoch 507/600, Total: 1684.823926, Node: 983.782012, Link: 701.031638, Spread: 1.027699
Epoch 508/600, Total: 1691.553100, Node: 991.095300, Link: 700.448413, Spread: 0.939097
Epoch 509/600, Total: 1727.121538, Node: 1005.966118, Link: 721.145837, Spread: 0.958906
Epoch 510/600, Total: 1751.915560, Node: 1045.095405, Link: 706.814683, Spread: 0.548988
Epoch 511/600, Total: 1721.796725, Node: 1010.558880, Link: 711.228915, Spread: 0.893520
Epoch 512/600, Total: 1682.721724, Node: 978.583799, Link: 704.127400, Spread: 1.051081
Epoch 513/600, Total: 1691.341633, Node: 986.139195, Link: 705.191404, Spread: 1.102361
Epoch 514/600, Total: 1696.077672, Node: 1006.774149, Link: 689.295969, Spread: 0.756032
Epoch 515/600, Total: 1679.774761, Node: 977.316350, Link: 702.447780, Spread: 1.062799
Epoch 516/600, Total: 1670.128799, Node: 974.683870, Link: 695.434385, Spread: 1.056132
Epoch 517/600, Total: 1650.217569, Node: 966.794059, Link: 683.413675, Spread: 0.982931
Epoch 518/600, Total: 1665.614805, Node: 977.700573, Link: 687.904709, Spread: 0.952169
Epoch 519/600, Total: 1703.700454, Node: 993.120959, Link: 710.568514, Spread: 1.098318
Epoch 520/600, Total: 1691.418535, Node: 991.049163, Link: 700.358154, Spread: 1.120299
Epoch 521/600, Total: 1653.274090, Node: 964.542264, Link: 688.721774, Spread: 1.003692
Epoch 522/600, Total: 1672.391427, Node: 978.045526, Link: 694.335799, Spread: 1.009257
Epoch 523/600, Total: 1662.273281, Node: 976.761717, Link: 685.502380, Spread: 0.916934
Epoch 524/600, Total: 1665.777534, Node: 970.212247, Link: 695.554310, Spread: 1.097344
Epoch 525/600, Total: 1644.860402, Node: 968.235527, Link: 676.614442, Spread: 1.043916
Epoch 526/600, Total: 1657.682545, Node: 966.489567, Link: 691.183056, Spread: 0.991305
Epoch 527/600, Total: 1678.812119, Node: 984.346154, Link: 694.455765, Spread: 1.020417
Epoch 528/600, Total: 1664.407082, Node: 968.479945, Link: 695.916565, Spread: 1.057940
Epoch 529/600, Total: 1655.376698, Node: 966.267774, Link: 689.098951, Spread: 0.997240
Epoch 530/600, Total: 1662.393637, Node: 973.361183, Link: 689.022526, Spread: 0.993075
Epoch 531/600, Total: 1694.297613, Node: 979.951743, Link: 714.335278, Spread: 1.059828
Epoch 532/600, Total: 1666.403912, Node: 970.513672, Link: 695.879886, Spread: 1.035596
Epoch 533/600, Total: 1673.063487, Node: 973.507371, Link: 699.545836, Spread: 1.027311
Epoch 534/600, Total: 1682.720848, Node: 979.503791, Link: 703.206349, Spread: 1.070589
Epoch 535/600, Total: 1668.426428, Node: 973.077640, Link: 695.338768, Spread: 1.001682
Epoch 536/600, Total: 1670.689872, Node: 973.988444, Link: 696.690732, Spread: 1.069091
Epoch 537/600, Total: 1667.892347, Node: 972.905401, Link: 694.976619, Spread: 1.033984
Epoch 538/600, Total: 1660.478644, Node: 968.282006, Link: 692.186441, Spread: 1.019652
Epoch 539/600, Total: 1644.267984, Node: 963.061896, Link: 681.195891, Spread: 1.020456
Epoch 540/600, Total: 1664.368878, Node: 969.453465, Link: 694.905146, Spread: 1.028559
Epoch 541/600, Total: 1665.440792, Node: 979.062749, Link: 686.367615, Spread: 1.042980
Epoch 542/600, Total: 1662.350900, Node: 972.751310, Link: 689.589724, Spread: 0.987384
Epoch 543/600, Total: 1672.151484, Node: 978.097810, Link: 694.042226, Spread: 1.144691
Epoch 544/600, Total: 1672.850095, Node: 979.251647, Link: 693.588113, Spread: 1.033387
Epoch 545/600, Total: 1673.315296, Node: 973.578357, Link: 699.726277, Spread: 1.066377
Epoch 546/600, Total: 1669.547346, Node: 972.593378, Link: 696.943288, Spread: 1.067892
Epoch 547/600, Total: 1684.428356, Node: 980.793698, Link: 703.624441, Spread: 1.022427
Epoch 548/600, Total: 1674.667856, Node: 979.085764, Link: 695.572169, Spread: 0.992701
Epoch 549/600, Total: 1671.201035, Node: 969.537145, Link: 701.652722, Spread: 1.117666
Epoch 550/600, Total: 1662.733946, Node: 971.711813, Link: 691.011927, Spread: 1.021023
Epoch 551/600, Total: 1643.912100, Node: 962.857215, Link: 681.044909, Spread: 0.998485
Epoch 552/600, Total: 1661.021707, Node: 969.893979, Link: 691.117069, Spread: 1.066327
Epoch 553/600, Total: 1647.480235, Node: 961.693085, Link: 685.777172, Spread: 0.997592
Epoch 554/600, Total: 1669.329212, Node: 974.461226, Link: 694.857090, Spread: 1.089428
Epoch 555/600, Total: 1647.944554, Node: 965.180046, Link: 682.753124, Spread: 1.138217
Epoch 556/600, Total: 1662.610003, Node: 969.200481, Link: 693.398063, Spread: 1.146911
Epoch 557/600, Total: 1643.688438, Node: 964.967576, Link: 678.710577, Spread: 1.028113
Epoch 558/600, Total: 1654.119813, Node: 966.092319, Link: 688.016696, Spread: 1.078972
Epoch 559/600, Total: 1656.747438, Node: 967.782290, Link: 688.955011, Spread: 1.012680
Epoch 560/600, Total: 1662.140441, Node: 971.716264, Link: 690.413854, Spread: 1.032040
Epoch 561/600, Total: 1658.605483, Node: 974.576530, Link: 684.018770, Spread: 1.019181
Epoch 562/600, Total: 1704.207641, Node: 1001.937300, Link: 702.259227, Spread: 1.110445
Epoch 563/600, Total: 1642.816609, Node: 963.475934, Link: 679.330086, Spread: 1.059090
Epoch 564/600, Total: 1661.161688, Node: 972.122688, Link: 689.028784, Spread: 1.021159
Epoch 565/600, Total: 1667.829762, Node: 979.648043, Link: 688.171139, Spread: 1.058292
Epoch 566/600, Total: 1673.950145, Node: 980.483135, Link: 693.454946, Spread: 1.206837
Epoch 567/600, Total: 1690.016696, Node: 996.080368, Link: 693.924717, Spread: 1.161181
Epoch 568/600, Total: 1733.124595, Node: 1021.813386, Link: 711.298770, Spread: 1.244325
Epoch 569/600, Total: 1655.994769, Node: 980.390034, Link: 675.593740, Spread: 1.099233
Epoch 570/600, Total: 1656.382180, Node: 983.765533, Link: 672.603236, Spread: 1.340834
Epoch 571/600, Total: 1619.861907, Node: 958.485141, Link: 661.364602, Spread: 1.215836
Epoch 572/600, Total: 1668.742595, Node: 993.452084, Link: 675.278164, Spread: 1.234665
Epoch 573/600, Total: 1661.532534, Node: 974.864338, Link: 686.655302, Spread: 1.290722
Epoch 574/600, Total: 1676.938212, Node: 987.380994, Link: 689.542537, Spread: 1.468257
Epoch 575/600, Total: 1653.248272, Node: 976.135775, Link: 677.100015, Spread: 1.249021
Epoch 576/600, Total: 1647.769268, Node: 979.786891, Link: 667.970450, Spread: 1.192071
Epoch 577/600, Total: 1675.453855, Node: 988.693671, Link: 686.746830, Spread: 1.337235
Epoch 578/600, Total: 1629.449128, Node: 970.806835, Link: 658.629322, Spread: 1.299663
Epoch 579/600, Total: 1636.258907, Node: 970.712716, Link: 665.533582, Spread: 1.262725
Epoch 580/600, Total: 1639.458299, Node: 972.613975, Link: 666.831376, Spread: 1.293674
Epoch 581/600, Total: 1644.962418, Node: 966.674925, Link: 678.272137, Spread: 1.535766
Epoch 582/600, Total: 1619.187753, Node: 960.606030, Link: 658.567830, Spread: 1.389416
Epoch 583/600, Total: 1653.965820, Node: 972.052544, Link: 681.898755, Spread: 1.452240
Epoch 584/600, Total: 1636.359191, Node: 958.824027, Link: 677.521009, Spread: 1.415954
Epoch 585/600, Total: 1640.438897, Node: 966.646858, Link: 673.777003, Spread: 1.503219
Epoch 586/600, Total: 1641.028968, Node: 967.959022, Link: 673.054861, Spread: 1.507456
Epoch 587/600, Total: 1655.629876, Node: 975.850249, Link: 679.764648, Spread: 1.497470
Epoch 588/600, Total: 1648.175697, Node: 973.942116, Link: 674.218751, Spread: 1.483147
Epoch 589/600, Total: 1671.872663, Node: 974.879422, Link: 696.977481, Spread: 1.576033
Epoch 590/600, Total: 1649.064735, Node: 965.795202, Link: 683.255159, Spread: 1.437206
Epoch 591/600, Total: 1702.798741, Node: 989.923212, Link: 712.860235, Spread: 1.528282
Epoch 592/600, Total: 1661.533730, Node: 968.968039, Link: 692.548591, Spread: 1.709867
Epoch 593/600, Total: 1657.037720, Node: 968.510680, Link: 688.508824, Spread: 1.820473
Epoch 594/600, Total: 1677.681520, Node: 980.864528, Link: 696.800621, Spread: 1.636402
Epoch 595/600, Total: 1639.133421, Node: 962.465971, Link: 676.651241, Spread: 1.618970
Epoch 596/600, Total: 1652.294477, Node: 969.328715, Link: 682.949488, Spread: 1.627874
Epoch 597/600, Total: 1635.097428, Node: 960.339831, Link: 674.742294, Spread: 1.531299
Epoch 598/600, Total: 1649.618533, Node: 965.715667, Link: 683.885655, Spread: 1.720563
Epoch 599/600, Total: 1719.280981, Node: 1011.318140, Link: 707.944685, Spread: 1.816972
Epoch 600/600, Total: 1627.996187, Node: 961.118008, Link: 666.861982, Spread: 1.618988
Saved sweep result to: /homes/dameyer/ml-for-wdn-project-4/results/aggregated/gnn_training_sweep/net1_buffer=20_rollout=10_seed=42.json
Table value: 961.118008
