Filter:    ekf
Job:       240633
Array ID:  2
Seed:      44
Host:      assistant-3.GPU.CIT-EC.NET
Dataset:   hanoi

Running Hanoi GNN EKF: 24 sensor counts × 1 sensor placements
2 sensors/type: 1.0657 ± 0.2682
3 sensors/type: 1.0505 ± 0.2608
4 sensors/type: 1.1674 ± 0.3095
5 sensors/type: 1.0809 ± 0.2899
6 sensors/type: 1.1760 ± 0.3502
7 sensors/type: 1.0114 ± 0.2665
8 sensors/type: 0.9977 ± 0.2682
9 sensors/type: 0.9835 ± 0.2857
10 sensors/type: 0.9495 ± 0.2644
11 sensors/type: 0.9703 ± 0.2603
12 sensors/type: 0.9413 ± 0.2619
13 sensors/type: 0.9225 ± 0.2589
14 sensors/type: 0.9009 ± 0.2596
15 sensors/type: 0.8634 ± 0.2569
16 sensors/type: 0.8888 ± 0.2656
17 sensors/type: 0.8734 ± 0.2444
18 sensors/type: 0.8897 ± 0.2568
19 sensors/type: 0.8915 ± 0.2525
20 sensors/type: 0.8490 ± 0.2504
21 sensors/type: 0.8592 ± 0.2580
22 sensors/type: 0.8687 ± 0.2534
23 sensors/type: 0.8668 ± 0.2548
24 sensors/type: 0.8517 ± 0.2549
25 sensors/type: 0.8889 ± 0.2686
Saved gnn EKF result to: /homes/dameyer/ml-for-wdn-project-4/results/aggregated/hanoi_gnn_ekf_n_iters=1_seed=44.npz
