================================
GNN training sweep
Job ID: 242667
Task ID: 3
Buffer size: 1
Rollout length: 15
================================
Running GNN sweep: dataset=Net1, buffer=1, rollout=15
Epoch 1/600, Total: 4010.020538, Node: 1551.205617, Link: 2458.814916, Spread: 0.000000
Epoch 2/600, Total: 2010.698992, Node: 1283.055551, Link: 727.643445, Spread: 0.000000
Epoch 3/600, Total: 1983.411376, Node: 1253.551980, Link: 729.859410, Spread: 0.000000
Epoch 4/600, Total: 1943.524363, Node: 1219.299957, Link: 724.224399, Spread: 0.000000
Epoch 5/600, Total: 1900.980812, Node: 1179.203353, Link: 721.777498, Spread: 0.000000
Epoch 6/600, Total: 1863.607528, Node: 1144.003692, Link: 719.603838, Spread: 0.000000
Epoch 7/600, Total: 1835.643447, Node: 1119.523540, Link: 716.119905, Spread: 0.000000
Epoch 8/600, Total: 1806.989127, Node: 1094.051971, Link: 712.937153, Spread: 0.000000
Epoch 9/600, Total: 1779.020741, Node: 1075.057706, Link: 703.963026, Spread: 0.000000
Epoch 10/600, Total: 1765.490473, Node: 1063.340815, Link: 702.149664, Spread: 0.000000
Epoch 11/600, Total: 1744.284168, Node: 1048.871483, Link: 695.412673, Spread: 0.000000
Epoch 12/600, Total: 1739.504052, Node: 1039.130784, Link: 700.373280, Spread: 0.000000
Epoch 13/600, Total: 1732.244506, Node: 1031.618347, Link: 700.626154, Spread: 0.000000
Epoch 14/600, Total: 1717.029470, Node: 1024.766574, Link: 692.262914, Spread: 0.000000
Epoch 15/600, Total: 1694.676069, Node: 1012.472069, Link: 682.204013, Spread: 0.000000
Epoch 16/600, Total: 1698.265783, Node: 1007.818004, Link: 690.447758, Spread: 0.000000
Epoch 17/600, Total: 1687.365438, Node: 1006.336760, Link: 681.028693, Spread: 0.000000
Epoch 18/600, Total: 1680.106322, Node: 996.385652, Link: 683.720660, Spread: 0.000000
Epoch 19/600, Total: 1669.132192, Node: 993.726359, Link: 675.405852, Spread: 0.000000
Epoch 20/600, Total: 1666.809875, Node: 990.991159, Link: 675.818721, Spread: 0.000000
Epoch 21/600, Total: 1660.584609, Node: 988.342601, Link: 672.241979, Spread: 0.000000
Epoch 22/600, Total: 1664.141768, Node: 992.190365, Link: 671.951405, Spread: 0.000000
Epoch 23/600, Total: 1667.379777, Node: 986.080239, Link: 681.299513, Spread: 0.000000
Epoch 24/600, Total: 1651.919170, Node: 980.262547, Link: 671.656638, Spread: 0.000000
Epoch 25/600, Total: 1649.024566, Node: 977.448014, Link: 671.576551, Spread: 0.000000
Epoch 26/600, Total: 1654.246403, Node: 978.831598, Link: 675.414809, Spread: 0.000000
Epoch 27/600, Total: 1634.790755, Node: 968.372301, Link: 666.418450, Spread: 0.000000
Epoch 28/600, Total: 1635.905938, Node: 969.607097, Link: 666.298815, Spread: 0.000000
Epoch 29/600, Total: 1632.777634, Node: 971.756284, Link: 661.021329, Spread: 0.000000
Epoch 30/600, Total: 1620.199870, Node: 965.020647, Link: 655.179213, Spread: 0.000000
Epoch 31/600, Total: 1629.717312, Node: 968.824223, Link: 660.893088, Spread: 0.000000
Epoch 32/600, Total: 1618.038509, Node: 960.183459, Link: 657.855054, Spread: 0.000000
Epoch 33/600, Total: 1609.772362, Node: 955.025188, Link: 654.747142, Spread: 0.000000
Epoch 34/600, Total: 1609.355532, Node: 957.458912, Link: 651.896618, Spread: 0.000000
Epoch 35/600, Total: 1613.777461, Node: 959.817526, Link: 653.959937, Spread: 0.000000
Epoch 36/600, Total: 1621.856628, Node: 959.726489, Link: 662.130134, Spread: 0.000000
Epoch 37/600, Total: 1603.394786, Node: 953.455080, Link: 649.939706, Spread: 0.000000
Epoch 38/600, Total: 1629.831143, Node: 970.611681, Link: 659.219461, Spread: 0.000000
Epoch 39/600, Total: 1617.027237, Node: 964.601797, Link: 652.425432, Spread: 0.000000
Epoch 40/600, Total: 1613.782321, Node: 955.322070, Link: 658.460248, Spread: 0.000000
Epoch 41/600, Total: 1601.819524, Node: 950.334039, Link: 651.485481, Spread: 0.000000
Epoch 42/600, Total: 1594.894679, Node: 946.585495, Link: 648.309149, Spread: 0.000000
Epoch 43/600, Total: 1591.401146, Node: 947.236694, Link: 644.164443, Spread: 0.000000
Epoch 44/600, Total: 1598.352864, Node: 949.905573, Link: 648.447294, Spread: 0.000000
Epoch 45/600, Total: 1605.095437, Node: 951.773863, Link: 653.321575, Spread: 0.000000
Epoch 46/600, Total: 1601.116080, Node: 948.665854, Link: 652.450202, Spread: 0.000000
Epoch 47/600, Total: 1592.565927, Node: 947.094447, Link: 645.471486, Spread: 0.000000
Epoch 48/600, Total: 1591.206992, Node: 945.115572, Link: 646.091397, Spread: 0.000000
Epoch 49/600, Total: 1591.273847, Node: 948.495644, Link: 642.778196, Spread: 0.000000
Epoch 50/600, Total: 1589.499759, Node: 944.427081, Link: 645.072656, Spread: 0.000000
Epoch 51/600, Total: 1592.248180, Node: 943.102975, Link: 649.145218, Spread: 0.000000
Epoch 52/600, Total: 1585.419174, Node: 944.086774, Link: 641.332405, Spread: 0.000000
Epoch 53/600, Total: 1597.302089, Node: 948.279736, Link: 649.022355, Spread: 0.000000
Epoch 54/600, Total: 1588.055491, Node: 947.404283, Link: 640.651222, Spread: 0.000000
Epoch 55/600, Total: 1589.106954, Node: 941.569154, Link: 647.537826, Spread: 0.000000
Epoch 56/600, Total: 1588.199341, Node: 943.768551, Link: 644.430812, Spread: 0.000000
Epoch 57/600, Total: 1572.405133, Node: 938.624483, Link: 633.780649, Spread: 0.000000
Epoch 58/600, Total: 1581.709495, Node: 941.637634, Link: 640.071848, Spread: 0.000000
Epoch 59/600, Total: 1573.688578, Node: 940.944117, Link: 632.744450, Spread: 0.000000
Epoch 60/600, Total: 1579.931147, Node: 939.534145, Link: 640.397011, Spread: 0.000000
Epoch 61/600, Total: 1578.571672, Node: 940.110316, Link: 638.461363, Spread: 0.000000
Epoch 62/600, Total: 1587.239856, Node: 939.446460, Link: 647.793388, Spread: 0.000000
Epoch 63/600, Total: 1583.631495, Node: 939.979074, Link: 643.652414, Spread: 0.000000
Epoch 64/600, Total: 1577.801870, Node: 939.651481, Link: 638.150389, Spread: 0.000000
Epoch 65/600, Total: 1583.038838, Node: 942.796893, Link: 640.241920, Spread: 0.000000
Epoch 66/600, Total: 1578.645441, Node: 936.406943, Link: 642.238493, Spread: 0.000000
Epoch 67/600, Total: 1578.602216, Node: 939.298524, Link: 639.303694, Spread: 0.000000
Epoch 68/600, Total: 1581.198091, Node: 938.121832, Link: 643.076225, Spread: 0.000000
Epoch 69/600, Total: 1574.339260, Node: 940.224199, Link: 634.115059, Spread: 0.000000
Epoch 70/600, Total: 1583.719261, Node: 938.689988, Link: 645.029249, Spread: 0.000000
Epoch 71/600, Total: 1577.986719, Node: 938.945510, Link: 639.041237, Spread: 0.000000
Epoch 72/600, Total: 1601.791985, Node: 955.772354, Link: 646.019613, Spread: 0.000000
Epoch 73/600, Total: 1595.682333, Node: 953.753172, Link: 641.929147, Spread: 0.000000
Epoch 74/600, Total: 1612.718520, Node: 955.482935, Link: 657.235604, Spread: 0.000000
Epoch 75/600, Total: 1616.627669, Node: 956.453763, Link: 660.173887, Spread: 0.000000
Epoch 76/600, Total: 1599.522350, Node: 952.549337, Link: 646.973004, Spread: 0.000000
Epoch 77/600, Total: 1589.232252, Node: 952.417769, Link: 636.814484, Spread: 0.000000
Epoch 78/600, Total: 1586.480708, Node: 949.488558, Link: 636.992175, Spread: 0.000000
Epoch 79/600, Total: 1589.864540, Node: 953.301348, Link: 636.563196, Spread: 0.000000
Epoch 80/600, Total: 1599.329186, Node: 953.616116, Link: 645.713071, Spread: 0.000000
Epoch 81/600, Total: 1585.258797, Node: 952.023160, Link: 633.235648, Spread: 0.000000
Epoch 82/600, Total: 1583.561460, Node: 950.730550, Link: 632.830912, Spread: 0.000000
Epoch 83/600, Total: 1590.086794, Node: 952.068383, Link: 638.018400, Spread: 0.000000
Epoch 84/600, Total: 1589.628153, Node: 952.994027, Link: 636.634136, Spread: 0.000000
Epoch 85/600, Total: 1592.134636, Node: 950.342024, Link: 641.792637, Spread: 0.000000
Epoch 86/600, Total: 1593.568043, Node: 952.106057, Link: 641.461988, Spread: 0.000000
Epoch 87/600, Total: 1594.706485, Node: 947.596312, Link: 647.110161, Spread: 0.000000
Epoch 88/600, Total: 1595.342552, Node: 954.759709, Link: 640.582837, Spread: 0.000000
Epoch 89/600, Total: 1587.127254, Node: 954.716031, Link: 632.411211, Spread: 0.000000
Epoch 90/600, Total: 1595.270826, Node: 953.760557, Link: 641.510270, Spread: 0.000000
Epoch 91/600, Total: 1600.904994, Node: 951.985214, Link: 648.919775, Spread: 0.000000
Epoch 92/600, Total: 1578.178648, Node: 944.111970, Link: 634.066702, Spread: 0.000000
Epoch 93/600, Total: 1581.659676, Node: 949.424722, Link: 632.234922, Spread: 0.000000
Epoch 94/600, Total: 1585.648871, Node: 948.042103, Link: 637.606771, Spread: 0.000000
Epoch 95/600, Total: 1613.921440, Node: 963.156785, Link: 650.764636, Spread: 0.000000
Epoch 96/600, Total: 1581.543254, Node: 945.832685, Link: 635.710563, Spread: 0.000000
Epoch 97/600, Total: 1597.194959, Node: 956.725233, Link: 640.469734, Spread: 0.000000
Epoch 98/600, Total: 1595.960739, Node: 950.024600, Link: 645.936120, Spread: 0.000000
Epoch 99/600, Total: 1586.035638, Node: 948.211442, Link: 637.824200, Spread: 0.000000
Epoch 100/600, Total: 1584.395670, Node: 948.934981, Link: 635.460702, Spread: 0.000000
Epoch 101/600, Total: 1595.181203, Node: 947.696753, Link: 647.484450, Spread: 0.000000
Epoch 102/600, Total: 1577.757033, Node: 944.371192, Link: 633.385820, Spread: 0.000000
Epoch 103/600, Total: 1587.212847, Node: 950.523763, Link: 636.689094, Spread: 0.000000
Epoch 104/600, Total: 1589.832129, Node: 949.864010, Link: 639.968121, Spread: 0.000000
Epoch 105/600, Total: 1579.799111, Node: 952.680001, Link: 627.119133, Spread: 0.000000
Epoch 106/600, Total: 1593.919128, Node: 951.337731, Link: 642.581396, Spread: 0.000000
Epoch 107/600, Total: 1613.412790, Node: 959.690914, Link: 653.721870, Spread: 0.000000
Epoch 108/600, Total: 1590.450967, Node: 951.670388, Link: 638.780594, Spread: 0.000000
Epoch 109/600, Total: 1596.587596, Node: 954.072544, Link: 642.515049, Spread: 0.000000
Epoch 110/600, Total: 1594.313806, Node: 946.114458, Link: 648.199337, Spread: 0.000000
Epoch 111/600, Total: 1601.720413, Node: 959.396488, Link: 642.323940, Spread: 0.000000
Epoch 112/600, Total: 1579.612623, Node: 949.361120, Link: 630.251513, Spread: 0.000000
Epoch 113/600, Total: 1587.852015, Node: 950.869838, Link: 636.982171, Spread: 0.000000
Epoch 114/600, Total: 1594.166518, Node: 947.997396, Link: 646.169125, Spread: 0.000000
Epoch 115/600, Total: 1585.873772, Node: 946.467052, Link: 639.406706, Spread: 0.000000
Epoch 116/600, Total: 1584.189152, Node: 946.385878, Link: 637.803275, Spread: 0.000000
Epoch 117/600, Total: 1578.249693, Node: 945.098995, Link: 633.150727, Spread: 0.000000
Epoch 118/600, Total: 1583.563285, Node: 947.679006, Link: 635.884270, Spread: 0.000000
Epoch 119/600, Total: 1599.439655, Node: 948.344428, Link: 651.095237, Spread: 0.000000
Epoch 120/600, Total: 1582.421700, Node: 948.297705, Link: 634.123998, Spread: 0.000000
Epoch 121/600, Total: 1589.903444, Node: 948.007029, Link: 641.896392, Spread: 0.000000
Epoch 122/600, Total: 1580.403474, Node: 944.860410, Link: 635.543070, Spread: 0.000000
Epoch 123/600, Total: 1579.760624, Node: 947.132349, Link: 632.628259, Spread: 0.000000
Epoch 124/600, Total: 1585.173971, Node: 951.008297, Link: 634.165662, Spread: 0.000000
Epoch 125/600, Total: 1611.567815, Node: 962.146852, Link: 649.420969, Spread: 0.000000
Epoch 126/600, Total: 1582.563811, Node: 943.435346, Link: 639.128464, Spread: 0.000000
Epoch 127/600, Total: 1574.682893, Node: 942.021052, Link: 632.661849, Spread: 0.000000
Epoch 128/600, Total: 1581.750952, Node: 950.726024, Link: 631.024927, Spread: 0.000000
Epoch 129/600, Total: 1581.631930, Node: 945.468725, Link: 636.163219, Spread: 0.000000
Epoch 130/600, Total: 1577.702872, Node: 945.278392, Link: 632.424482, Spread: 0.000000
Epoch 131/600, Total: 1586.653635, Node: 947.967459, Link: 638.686181, Spread: 0.000000
Epoch 132/600, Total: 1580.878378, Node: 947.517499, Link: 633.360879, Spread: 0.000000
Epoch 133/600, Total: 1574.830735, Node: 944.729201, Link: 630.101541, Spread: 0.000000
Epoch 134/600, Total: 1574.556248, Node: 946.460441, Link: 628.095813, Spread: 0.000000
Epoch 135/600, Total: 1574.107491, Node: 945.217806, Link: 628.889679, Spread: 0.000000
Epoch 136/600, Total: 1574.826608, Node: 945.045950, Link: 629.780647, Spread: 0.000000
Epoch 137/600, Total: 1589.444809, Node: 951.004194, Link: 638.440605, Spread: 0.000000
Epoch 138/600, Total: 1594.837853, Node: 948.011838, Link: 646.826012, Spread: 0.000000
Epoch 139/600, Total: 1590.163764, Node: 947.482144, Link: 642.681593, Spread: 0.000000
Epoch 140/600, Total: 1595.900023, Node: 954.123931, Link: 641.776090, Spread: 0.000000
Epoch 141/600, Total: 1600.312434, Node: 958.826008, Link: 641.486437, Spread: 0.000000
Epoch 142/600, Total: 1584.677975, Node: 949.371786, Link: 635.306209, Spread: 0.000000
Epoch 143/600, Total: 1578.422995, Node: 946.482855, Link: 631.940150, Spread: 0.000000
Epoch 144/600, Total: 1574.004117, Node: 944.281912, Link: 629.722199, Spread: 0.000000
Epoch 145/600, Total: 1585.761396, Node: 950.684507, Link: 635.076883, Spread: 0.000000
Epoch 146/600, Total: 1592.614928, Node: 946.240910, Link: 646.374019, Spread: 0.000000
Epoch 147/600, Total: 1596.591827, Node: 950.757596, Link: 645.834228, Spread: 0.000000
Epoch 148/600, Total: 1596.225055, Node: 947.458893, Link: 648.766143, Spread: 0.000000
Epoch 149/600, Total: 1590.103695, Node: 942.970308, Link: 647.133406, Spread: 0.000000
Epoch 150/600, Total: 1573.468214, Node: 943.610411, Link: 629.857814, Spread: 0.000000
Epoch 151/600, Total: 1582.813151, Node: 946.346652, Link: 636.466486, Spread: 0.000000
Epoch 152/600, Total: 1588.790029, Node: 949.650462, Link: 639.139578, Spread: 0.000000
Epoch 153/600, Total: 1594.956121, Node: 952.281435, Link: 642.674693, Spread: 0.000000
Epoch 154/600, Total: 1566.549133, Node: 942.223828, Link: 624.325278, Spread: 0.000000
Epoch 155/600, Total: 1582.616918, Node: 947.924611, Link: 634.692308, Spread: 0.000000
Epoch 156/600, Total: 1590.594012, Node: 944.358618, Link: 646.235391, Spread: 0.000000
Epoch 157/600, Total: 1565.534666, Node: 941.587161, Link: 623.947484, Spread: 0.000000
Epoch 158/600, Total: 1576.750089, Node: 949.846577, Link: 626.903509, Spread: 0.000000
Epoch 159/600, Total: 1568.309628, Node: 945.081730, Link: 623.227887, Spread: 0.000000
Epoch 160/600, Total: 1574.043158, Node: 949.546221, Link: 624.496933, Spread: 0.000000
Epoch 161/600, Total: 1577.678389, Node: 941.902820, Link: 635.775558, Spread: 0.000000
Epoch 162/600, Total: 1584.007748, Node: 950.687663, Link: 633.320084, Spread: 0.000000
Epoch 163/600, Total: 1556.993013, Node: 939.528176, Link: 617.464849, Spread: 0.000000
Epoch 164/600, Total: 1572.272262, Node: 942.999903, Link: 629.272374, Spread: 0.000000
Epoch 165/600, Total: 1581.306778, Node: 946.829418, Link: 634.477349, Spread: 0.000000
Epoch 166/600, Total: 1587.895970, Node: 948.547162, Link: 639.348808, Spread: 0.000000
Epoch 167/600, Total: 1565.944569, Node: 942.219762, Link: 623.724810, Spread: 0.000000
Epoch 168/600, Total: 1578.271847, Node: 943.789083, Link: 634.482773, Spread: 0.000000
Epoch 169/600, Total: 1585.009562, Node: 948.944703, Link: 636.064878, Spread: 0.000000
Epoch 170/600, Total: 1583.535635, Node: 942.238718, Link: 641.296907, Spread: 0.000000
Epoch 171/600, Total: 1566.776718, Node: 942.733730, Link: 624.042990, Spread: 0.000000
Epoch 172/600, Total: 1576.913264, Node: 942.815683, Link: 634.097573, Spread: 0.000000
Epoch 173/600, Total: 1572.607894, Node: 944.574318, Link: 628.033577, Spread: 0.000000
Epoch 174/600, Total: 1596.437512, Node: 957.554025, Link: 638.883476, Spread: 0.000000
Epoch 175/600, Total: 1564.597721, Node: 938.870770, Link: 625.726929, Spread: 0.000000
Epoch 176/600, Total: 1572.610094, Node: 948.877263, Link: 623.732812, Spread: 0.000000
Epoch 177/600, Total: 1560.895662, Node: 941.188707, Link: 619.706963, Spread: 0.000000
Epoch 178/600, Total: 1551.039804, Node: 936.762633, Link: 614.277201, Spread: 0.000000
Epoch 179/600, Total: 1560.516768, Node: 944.809603, Link: 615.707160, Spread: 0.000000
Epoch 180/600, Total: 1567.559575, Node: 948.178297, Link: 619.381276, Spread: 0.000000
Epoch 181/600, Total: 1564.893828, Node: 944.554952, Link: 620.338877, Spread: 0.000000
Epoch 182/600, Total: 1566.297660, Node: 946.127190, Link: 620.170474, Spread: 0.000000
Epoch 183/600, Total: 1568.338003, Node: 944.572490, Link: 623.765512, Spread: 0.000000
Epoch 184/600, Total: 1567.489055, Node: 942.320340, Link: 625.168707, Spread: 0.000000
Epoch 185/600, Total: 1569.833660, Node: 945.227075, Link: 624.606586, Spread: 0.000000
Epoch 186/600, Total: 1565.816950, Node: 939.730051, Link: 626.086913, Spread: 0.000000
Epoch 187/600, Total: 1574.496423, Node: 943.396747, Link: 631.099667, Spread: 0.000000
Epoch 188/600, Total: 1580.785676, Node: 953.858311, Link: 626.927367, Spread: 0.000000
Epoch 189/600, Total: 1572.923882, Node: 946.889374, Link: 626.034513, Spread: 0.000000
Epoch 190/600, Total: 1562.383717, Node: 943.706288, Link: 618.677455, Spread: 0.000000
Epoch 191/600, Total: 1562.567464, Node: 941.403904, Link: 621.163568, Spread: 0.000000
Epoch 192/600, Total: 1549.924177, Node: 937.893109, Link: 612.031083, Spread: 0.000000
Epoch 193/600, Total: 1564.666918, Node: 939.459510, Link: 625.207410, Spread: 0.000000
Epoch 194/600, Total: 1550.383027, Node: 938.263615, Link: 612.119427, Spread: 0.000000
Epoch 195/600, Total: 1551.656248, Node: 940.876744, Link: 610.779510, Spread: 0.000000
Epoch 196/600, Total: 1557.432068, Node: 944.844188, Link: 612.587906, Spread: 0.000000
Epoch 197/600, Total: 1563.529793, Node: 941.764782, Link: 621.765011, Spread: 0.000000
Epoch 198/600, Total: 1584.653484, Node: 945.320746, Link: 639.332750, Spread: 0.000000
Epoch 199/600, Total: 1599.664028, Node: 953.338175, Link: 646.325863, Spread: 0.000000
Epoch 200/600, Total: 1599.522838, Node: 953.160374, Link: 646.362468, Spread: 0.000000
Epoch 201/600, Total: 1613.406777, Node: 971.389696, Link: 642.017079, Spread: 0.000000
Epoch 202/600, Total: 1589.737386, Node: 958.554230, Link: 631.183159, Spread: 0.000000
Epoch 203/600, Total: 1568.578000, Node: 945.832520, Link: 622.745479, Spread: 0.000000
Epoch 204/600, Total: 1555.369343, Node: 937.581964, Link: 617.787383, Spread: 0.000000
Epoch 205/600, Total: 1551.047239, Node: 936.875188, Link: 614.172067, Spread: 0.000000
Epoch 206/600, Total: 1548.829367, Node: 938.710142, Link: 610.119221, Spread: 0.000000
Epoch 207/600, Total: 1560.880093, Node: 939.640696, Link: 621.239396, Spread: 0.000000
Epoch 208/600, Total: 1556.616917, Node: 936.168688, Link: 620.448257, Spread: 0.000000
Epoch 209/600, Total: 1567.272984, Node: 937.281951, Link: 629.991017, Spread: 0.000000
Epoch 210/600, Total: 1580.702149, Node: 943.518821, Link: 637.183319, Spread: 0.000000
Epoch 211/600, Total: 1568.476230, Node: 934.642896, Link: 633.833336, Spread: 0.000000
Epoch 212/600, Total: 1579.857688, Node: 939.198584, Link: 640.659090, Spread: 0.000000
Epoch 213/600, Total: 1544.348587, Node: 935.451345, Link: 608.897228, Spread: 0.000000
Epoch 214/600, Total: 1554.524713, Node: 940.346708, Link: 614.178016, Spread: 0.000000
Epoch 215/600, Total: 1547.278845, Node: 939.006770, Link: 608.272072, Spread: 0.000000
Epoch 216/600, Total: 1574.725377, Node: 967.327468, Link: 607.397891, Spread: 0.000000
Epoch 217/600, Total: 1544.987208, Node: 936.645300, Link: 608.341911, Spread: 0.000000
Epoch 218/600, Total: 1544.921093, Node: 937.477722, Link: 607.443357, Spread: 0.000000
Epoch 219/600, Total: 1545.714741, Node: 937.536658, Link: 608.178085, Spread: 0.000000
Epoch 220/600, Total: 1559.556644, Node: 951.972266, Link: 607.584349, Spread: 0.000000
Epoch 221/600, Total: 1558.700727, Node: 939.532788, Link: 619.167956, Spread: 0.000000
Epoch 222/600, Total: 1561.092978, Node: 946.214048, Link: 614.878930, Spread: 0.000000
Epoch 223/600, Total: 1536.842884, Node: 939.703744, Link: 597.139131, Spread: 0.000000
Epoch 224/600, Total: 1548.982113, Node: 939.368559, Link: 609.613540, Spread: 0.000000
Epoch 225/600, Total: 1541.658516, Node: 938.235756, Link: 603.422752, Spread: 0.000000
Epoch 226/600, Total: 1550.906984, Node: 939.264671, Link: 611.642314, Spread: 0.000000
Epoch 227/600, Total: 1543.417549, Node: 940.124521, Link: 603.293043, Spread: 0.000000
Epoch 228/600, Total: 1549.881106, Node: 943.489267, Link: 606.391843, Spread: 0.000000
Epoch 229/600, Total: 1567.629499, Node: 963.064823, Link: 604.564680, Spread: 0.000000
Epoch 230/600, Total: 1551.332076, Node: 942.297790, Link: 609.034309, Spread: 0.000000
Epoch 231/600, Total: 1543.363949, Node: 946.029026, Link: 597.334939, Spread: 0.000000
Epoch 232/600, Total: 1546.171530, Node: 941.388020, Link: 604.783503, Spread: 0.000000
Epoch 233/600, Total: 1545.454499, Node: 940.020686, Link: 605.433838, Spread: 0.000000
Epoch 234/600, Total: 1613.057399, Node: 959.462691, Link: 653.594699, Spread: 0.000000
Epoch 235/600, Total: 1606.043086, Node: 959.092541, Link: 646.950542, Spread: 0.000000
Epoch 236/600, Total: 1575.985161, Node: 957.464006, Link: 618.521148, Spread: 0.000000
Epoch 237/600, Total: 1590.255479, Node: 954.141637, Link: 636.113830, Spread: 0.000000
Epoch 238/600, Total: 1568.875651, Node: 942.984525, Link: 625.891111, Spread: 0.000000
Epoch 239/600, Total: 1607.461149, Node: 959.792308, Link: 647.668853, Spread: 0.000000
Epoch 240/600, Total: 1563.101974, Node: 946.144407, Link: 616.957567, Spread: 0.000000
Epoch 241/600, Total: 1542.838359, Node: 943.471726, Link: 599.366624, Spread: 0.000000
Epoch 242/600, Total: 1542.515958, Node: 944.597078, Link: 597.918885, Spread: 0.000000
Epoch 243/600, Total: 1547.621119, Node: 942.154862, Link: 605.466275, Spread: 0.000000
Epoch 244/600, Total: 1542.236746, Node: 940.806464, Link: 601.430286, Spread: 0.000000
Epoch 245/600, Total: 1545.535964, Node: 939.973121, Link: 605.562820, Spread: 0.000000
Epoch 246/600, Total: 1543.897330, Node: 942.845347, Link: 601.051993, Spread: 0.000000
Epoch 247/600, Total: 1549.204486, Node: 941.252261, Link: 607.952225, Spread: 0.000000
Epoch 248/600, Total: 1540.271974, Node: 939.522013, Link: 600.749927, Spread: 0.000000
Epoch 249/600, Total: 1554.532630, Node: 953.922520, Link: 600.610083, Spread: 0.000000
Epoch 250/600, Total: 1564.368567, Node: 953.635072, Link: 610.733497, Spread: 0.000000
Epoch 251/600, Total: 1546.245934, Node: 946.436191, Link: 599.809734, Spread: 0.000000
Epoch 252/600, Total: 1543.317998, Node: 946.822929, Link: 596.495105, Spread: 0.000000
Epoch 253/600, Total: 1540.793270, Node: 945.935367, Link: 594.857882, Spread: 0.000000
Epoch 254/600, Total: 1541.140013, Node: 940.600634, Link: 600.539360, Spread: 0.000000
Epoch 255/600, Total: 1551.784389, Node: 944.471011, Link: 607.313350, Spread: 0.000000
Epoch 256/600, Total: 1546.239720, Node: 941.297330, Link: 604.942390, Spread: 0.000000
Epoch 257/600, Total: 1539.782787, Node: 939.779545, Link: 600.003244, Spread: 0.000000
Epoch 258/600, Total: 1552.198130, Node: 942.580050, Link: 609.618066, Spread: 0.000000
Epoch 259/600, Total: 1581.355240, Node: 952.991632, Link: 628.363594, Spread: 0.000000
Epoch 260/600, Total: 1566.649944, Node: 952.229074, Link: 614.420851, Spread: 0.000000
Epoch 261/600, Total: 1550.846120, Node: 952.497752, Link: 598.348381, Spread: 0.000000
Epoch 262/600, Total: 1544.615428, Node: 948.063829, Link: 596.551606, Spread: 0.000000
Epoch 263/600, Total: 1543.085273, Node: 944.239750, Link: 598.845536, Spread: 0.000000
Epoch 264/600, Total: 1538.100278, Node: 944.190303, Link: 593.909975, Spread: 0.000000
Epoch 265/600, Total: 1536.576041, Node: 945.327970, Link: 591.248049, Spread: 0.000000
Epoch 266/600, Total: 1538.923204, Node: 940.826375, Link: 598.096822, Spread: 0.000000
Epoch 267/600, Total: 1535.606128, Node: 940.428379, Link: 595.177742, Spread: 0.000000
Epoch 268/600, Total: 1545.291452, Node: 943.195841, Link: 602.095610, Spread: 0.000000
Epoch 269/600, Total: 1550.855494, Node: 944.604564, Link: 606.250923, Spread: 0.000000
Epoch 270/600, Total: 1553.585918, Node: 958.289025, Link: 595.296883, Spread: 0.000000
Epoch 271/600, Total: 1536.134103, Node: 945.019566, Link: 591.114562, Spread: 0.000000
Epoch 272/600, Total: 1562.301045, Node: 962.955316, Link: 599.345735, Spread: 0.000000
Epoch 273/600, Total: 1548.917288, Node: 946.609424, Link: 602.307862, Spread: 0.000000
Epoch 274/600, Total: 1566.917344, Node: 958.597764, Link: 608.319586, Spread: 0.000000
Epoch 275/600, Total: 1560.551769, Node: 947.243354, Link: 613.308412, Spread: 0.000000
Epoch 276/600, Total: 1547.616609, Node: 949.573722, Link: 598.042876, Spread: 0.000000
Epoch 277/600, Total: 1549.704909, Node: 943.861908, Link: 605.843007, Spread: 0.000000
Epoch 278/600, Total: 1535.071855, Node: 945.333067, Link: 589.738788, Spread: 0.000000
Epoch 279/600, Total: 1540.433945, Node: 950.619584, Link: 589.814344, Spread: 0.000000
Epoch 280/600, Total: 1535.458457, Node: 946.649239, Link: 588.809216, Spread: 0.000000
Epoch 281/600, Total: 1580.141398, Node: 962.535234, Link: 617.606163, Spread: 0.000000
Epoch 282/600, Total: 1549.361780, Node: 950.611319, Link: 598.750452, Spread: 0.000000
Epoch 283/600, Total: 1534.506564, Node: 944.425462, Link: 590.081082, Spread: 0.000000
Epoch 284/600, Total: 1532.400572, Node: 940.942718, Link: 591.457854, Spread: 0.000000
Epoch 285/600, Total: 1554.376999, Node: 942.091795, Link: 612.285209, Spread: 0.000000
Epoch 286/600, Total: 1534.290997, Node: 942.208331, Link: 592.082668, Spread: 0.000000
Epoch 287/600, Total: 1556.385333, Node: 950.003793, Link: 606.381538, Spread: 0.000000
Epoch 288/600, Total: 1531.476826, Node: 940.934177, Link: 590.542646, Spread: 0.000000
Epoch 289/600, Total: 1551.944475, Node: 948.549105, Link: 603.395363, Spread: 0.000000
Epoch 290/600, Total: 1537.741356, Node: 945.433515, Link: 592.307820, Spread: 0.000000
Epoch 291/600, Total: 1540.361660, Node: 950.930249, Link: 589.431395, Spread: 0.000000
Epoch 292/600, Total: 1580.083908, Node: 968.636487, Link: 611.447404, Spread: 0.000000
Epoch 293/600, Total: 1537.161294, Node: 943.416453, Link: 593.744836, Spread: 0.000000
Epoch 294/600, Total: 1560.914300, Node: 958.019883, Link: 602.894428, Spread: 0.000000
Epoch 295/600, Total: 1555.094416, Node: 966.741009, Link: 588.353397, Spread: 0.000000
Epoch 296/600, Total: 1532.144086, Node: 944.541811, Link: 587.602267, Spread: 0.000000
Epoch 297/600, Total: 1558.169505, Node: 956.387380, Link: 601.782110, Spread: 0.000000
Epoch 298/600, Total: 1568.710714, Node: 971.071429, Link: 597.639285, Spread: 0.000000
Epoch 299/600, Total: 1582.101387, Node: 967.671807, Link: 614.429581, Spread: 0.000000
Epoch 300/600, Total: 1550.784744, Node: 956.468801, Link: 594.315950, Spread: 0.000000
Epoch 301/600, Total: 1549.036748, Node: 952.030097, Link: 597.006673, Spread: 0.000000
Epoch 302/600, Total: 1547.397154, Node: 953.832474, Link: 593.564668, Spread: 0.000000
Epoch 303/600, Total: 1540.138170, Node: 959.192670, Link: 580.945501, Spread: 0.000000
Epoch 304/600, Total: 1523.146006, Node: 942.249661, Link: 580.896337, Spread: 0.000000
Epoch 305/600, Total: 1537.312811, Node: 944.093540, Link: 593.219279, Spread: 0.000000
Epoch 306/600, Total: 1530.802418, Node: 946.841970, Link: 583.960447, Spread: 0.000000
Epoch 307/600, Total: 1534.680427, Node: 945.120787, Link: 589.559656, Spread: 0.000000
Epoch 308/600, Total: 1533.727447, Node: 946.132997, Link: 587.594456, Spread: 0.000000
Epoch 309/600, Total: 1548.179096, Node: 947.112182, Link: 601.066914, Spread: 0.000000
Epoch 310/600, Total: 1543.166827, Node: 946.859918, Link: 596.306895, Spread: 0.000000
Epoch 311/600, Total: 1532.379308, Node: 947.392394, Link: 584.986904, Spread: 0.000000
Epoch 312/600, Total: 1535.632928, Node: 946.566567, Link: 589.066351, Spread: 0.000000
Epoch 313/600, Total: 1539.573461, Node: 945.159568, Link: 594.413892, Spread: 0.000000
Epoch 314/600, Total: 1527.468627, Node: 946.760895, Link: 580.707727, Spread: 0.000000
Epoch 315/600, Total: 1532.853712, Node: 946.039918, Link: 586.813790, Spread: 0.000000
Epoch 316/600, Total: 1539.966120, Node: 946.192012, Link: 593.774097, Spread: 0.000000
Epoch 317/600, Total: 1532.432093, Node: 943.595556, Link: 588.836512, Spread: 0.000000
Epoch 318/600, Total: 1542.728281, Node: 944.904748, Link: 597.823561, Spread: 0.000000
Epoch 319/600, Total: 1526.399486, Node: 942.124707, Link: 584.274787, Spread: 0.000000
Epoch 320/600, Total: 1536.537712, Node: 946.955864, Link: 589.581856, Spread: 0.000000
Epoch 321/600, Total: 1528.497430, Node: 941.989612, Link: 586.507838, Spread: 0.000000
Epoch 322/600, Total: 1538.904004, Node: 951.254728, Link: 587.649280, Spread: 0.000000
Epoch 323/600, Total: 1560.090901, Node: 964.092922, Link: 595.997957, Spread: 0.000000
Epoch 324/600, Total: 1543.114536, Node: 946.073061, Link: 597.041476, Spread: 0.000000
Epoch 325/600, Total: 1532.893381, Node: 949.601657, Link: 583.291732, Spread: 0.000000
Epoch 326/600, Total: 1562.788425, Node: 972.940572, Link: 589.847849, Spread: 0.000000
Epoch 327/600, Total: 1556.249514, Node: 952.476077, Link: 603.773437, Spread: 0.000000
Epoch 328/600, Total: 1531.094727, Node: 937.270444, Link: 593.824299, Spread: 0.000000
Epoch 329/600, Total: 1548.519903, Node: 943.884725, Link: 604.635150, Spread: 0.000000
Epoch 330/600, Total: 1540.321628, Node: 942.683298, Link: 597.638328, Spread: 0.000000
Epoch 331/600, Total: 1530.028082, Node: 935.571363, Link: 594.456739, Spread: 0.000000
Epoch 332/600, Total: 1530.572760, Node: 937.037901, Link: 593.534865, Spread: 0.000000
Epoch 333/600, Total: 1525.727036, Node: 936.284360, Link: 589.442666, Spread: 0.000000
Epoch 334/600, Total: 1547.989839, Node: 939.068575, Link: 608.921256, Spread: 0.000000
Epoch 335/600, Total: 1560.240221, Node: 944.548165, Link: 615.692044, Spread: 0.000000
Epoch 336/600, Total: 1526.904583, Node: 937.576277, Link: 589.328291, Spread: 0.000000
Epoch 337/600, Total: 1526.217136, Node: 940.739946, Link: 585.477195, Spread: 0.000000
Epoch 338/600, Total: 1516.644153, Node: 933.295182, Link: 583.348963, Spread: 0.000000
Epoch 339/600, Total: 1519.580071, Node: 935.708480, Link: 583.871608, Spread: 0.000000
Epoch 340/600, Total: 1558.580593, Node: 951.131676, Link: 607.448898, Spread: 0.000000
Epoch 341/600, Total: 1554.837479, Node: 952.055209, Link: 602.782263, Spread: 0.000000
Epoch 342/600, Total: 1527.122229, Node: 937.833434, Link: 589.288801, Spread: 0.000000
Epoch 343/600, Total: 1515.450078, Node: 937.014029, Link: 578.436048, Spread: 0.000000
Epoch 344/600, Total: 1514.591033, Node: 939.042250, Link: 575.548795, Spread: 0.000000
Epoch 345/600, Total: 1514.479995, Node: 931.820722, Link: 582.659274, Spread: 0.000000
Epoch 346/600, Total: 1529.556615, Node: 935.122067, Link: 594.434536, Spread: 0.000000
Epoch 347/600, Total: 1523.596968, Node: 938.320697, Link: 585.276254, Spread: 0.000000
Epoch 348/600, Total: 1538.500609, Node: 940.188021, Link: 598.312597, Spread: 0.000000
Epoch 349/600, Total: 1559.154927, Node: 950.021909, Link: 609.133040, Spread: 0.000000
Epoch 350/600, Total: 1541.498740, Node: 943.620864, Link: 597.877863, Spread: 0.000000
Epoch 351/600, Total: 1528.153717, Node: 939.183963, Link: 588.969768, Spread: 0.000000
Epoch 352/600, Total: 1530.407571, Node: 941.226704, Link: 589.180886, Spread: 0.000000
Epoch 353/600, Total: 1545.170222, Node: 949.713534, Link: 595.456683, Spread: 0.000000
Epoch 354/600, Total: 1538.508310, Node: 940.715016, Link: 597.793309, Spread: 0.000000
Epoch 355/600, Total: 1556.638548, Node: 947.584650, Link: 609.053906, Spread: 0.000000
Epoch 356/600, Total: 1538.825326, Node: 938.650624, Link: 600.174701, Spread: 0.000000
Epoch 357/600, Total: 1548.144765, Node: 946.801209, Link: 601.343546, Spread: 0.000000
Epoch 358/600, Total: 1540.789683, Node: 947.107640, Link: 593.682051, Spread: 0.000000
Epoch 359/600, Total: 1538.375849, Node: 953.024068, Link: 585.351791, Spread: 0.000000
Epoch 360/600, Total: 1538.090288, Node: 954.819607, Link: 583.270699, Spread: 0.000000
Epoch 361/600, Total: 1541.273953, Node: 955.540573, Link: 585.733370, Spread: 0.000000
Epoch 362/600, Total: 1548.503618, Node: 951.453663, Link: 597.049934, Spread: 0.000000
Epoch 363/600, Total: 1531.138386, Node: 946.901503, Link: 584.236880, Spread: 0.000000
Epoch 364/600, Total: 1514.015680, Node: 933.754129, Link: 580.261549, Spread: 0.000000
Epoch 365/600, Total: 1540.553913, Node: 944.611096, Link: 595.942809, Spread: 0.000000
Epoch 366/600, Total: 1542.981795, Node: 937.667525, Link: 605.314242, Spread: 0.000000
Epoch 367/600, Total: 1537.183505, Node: 934.438625, Link: 602.744881, Spread: 0.000000
Epoch 368/600, Total: 1525.830609, Node: 950.875099, Link: 574.955510, Spread: 0.000000
Epoch 369/600, Total: 1542.429795, Node: 950.995903, Link: 591.433907, Spread: 0.000000
Epoch 370/600, Total: 1549.142380, Node: 957.256484, Link: 591.885886, Spread: 0.000000
Epoch 371/600, Total: 1556.029968, Node: 959.950186, Link: 596.079766, Spread: 0.000000
Epoch 372/600, Total: 1545.664788, Node: 951.943610, Link: 593.721171, Spread: 0.000000
Epoch 373/600, Total: 1538.503583, Node: 954.757225, Link: 583.746380, Spread: 0.000000
Epoch 374/600, Total: 1538.201956, Node: 951.083402, Link: 587.118557, Spread: 0.000000
Epoch 375/600, Total: 1544.132126, Node: 956.860324, Link: 587.271794, Spread: 0.000000
Epoch 376/600, Total: 1544.848435, Node: 955.992057, Link: 588.856390, Spread: 0.000000
Epoch 377/600, Total: 1537.560127, Node: 950.828037, Link: 586.732108, Spread: 0.000000
Epoch 378/600, Total: 1541.842381, Node: 956.318149, Link: 585.524223, Spread: 0.000000
Epoch 379/600, Total: 1539.094821, Node: 951.120492, Link: 587.974335, Spread: 0.000000
Epoch 380/600, Total: 1535.676631, Node: 953.392921, Link: 582.283703, Spread: 0.000000
Epoch 381/600, Total: 1545.962645, Node: 955.022213, Link: 590.940412, Spread: 0.000000
Epoch 382/600, Total: 1538.981237, Node: 952.799111, Link: 586.182133, Spread: 0.000000
Epoch 383/600, Total: 1542.323962, Node: 956.834903, Link: 585.489076, Spread: 0.000000
Epoch 384/600, Total: 1540.397428, Node: 951.976988, Link: 588.420435, Spread: 0.000000
Epoch 385/600, Total: 1536.793273, Node: 953.800056, Link: 582.993215, Spread: 0.000000
Epoch 386/600, Total: 1549.279792, Node: 957.004054, Link: 592.275734, Spread: 0.000000
Epoch 387/600, Total: 1555.417939, Node: 958.047691, Link: 597.370253, Spread: 0.000000
Epoch 388/600, Total: 1552.437214, Node: 954.794987, Link: 597.642229, Spread: 0.000000
Epoch 389/600, Total: 1550.942937, Node: 960.176121, Link: 590.766836, Spread: 0.000000
Epoch 390/600, Total: 1541.820194, Node: 953.782069, Link: 588.038146, Spread: 0.000000
Epoch 391/600, Total: 1559.603637, Node: 959.251770, Link: 600.351868, Spread: 0.000000
Epoch 392/600, Total: 1529.818571, Node: 947.736410, Link: 582.082143, Spread: 0.000000
Epoch 393/600, Total: 1531.725952, Node: 948.649593, Link: 583.076353, Spread: 0.000000
Epoch 394/600, Total: 1528.416981, Node: 947.188337, Link: 581.228654, Spread: 0.000000
Epoch 395/600, Total: 1546.699094, Node: 955.180258, Link: 591.518845, Spread: 0.000000
Epoch 396/600, Total: 1549.432048, Node: 952.741365, Link: 596.690682, Spread: 0.000000
Epoch 397/600, Total: 1527.287149, Node: 947.631345, Link: 579.655818, Spread: 0.000000
Epoch 398/600, Total: 1531.412099, Node: 947.952877, Link: 583.459217, Spread: 0.000000
Epoch 399/600, Total: 1532.695734, Node: 948.271721, Link: 584.424024, Spread: 0.000000
Epoch 400/600, Total: 1537.325194, Node: 950.522825, Link: 586.802387, Spread: 0.000000
Epoch 401/600, Total: 1534.973138, Node: 951.692703, Link: 583.280433, Spread: 0.000000
Epoch 402/600, Total: 1531.913677, Node: 951.840805, Link: 580.072875, Spread: 0.000000
Epoch 403/600, Total: 1540.941396, Node: 950.279695, Link: 590.661692, Spread: 0.000000
Epoch 404/600, Total: 1511.901250, Node: 936.347736, Link: 575.553503, Spread: 0.000000
Epoch 405/600, Total: 1512.064688, Node: 931.701148, Link: 580.363523, Spread: 0.000000
Epoch 406/600, Total: 1516.167451, Node: 934.547848, Link: 581.619615, Spread: 0.000000
Epoch 407/600, Total: 1547.468672, Node: 943.508081, Link: 603.960582, Spread: 0.000000
Epoch 408/600, Total: 1528.817438, Node: 937.876214, Link: 590.941202, Spread: 0.000000
Epoch 409/600, Total: 1527.759144, Node: 938.605183, Link: 589.153949, Spread: 0.000000
Epoch 410/600, Total: 1526.684014, Node: 946.430024, Link: 580.253992, Spread: 0.000000
Epoch 411/600, Total: 1526.079945, Node: 942.038802, Link: 584.041147, Spread: 0.000000
Epoch 412/600, Total: 1505.826172, Node: 927.782187, Link: 578.043974, Spread: 0.000000
Epoch 413/600, Total: 1525.606349, Node: 944.466204, Link: 581.140149, Spread: 0.000000
Epoch 414/600, Total: 1535.227855, Node: 946.543902, Link: 588.683966, Spread: 0.000000
Epoch 415/600, Total: 1531.394106, Node: 946.036798, Link: 585.357306, Spread: 0.000000
Epoch 416/600, Total: 1524.290360, Node: 935.497996, Link: 588.792375, Spread: 0.000000
Epoch 417/600, Total: 1510.250255, Node: 937.620303, Link: 572.629956, Spread: 0.000000
Epoch 418/600, Total: 1516.991616, Node: 934.905716, Link: 582.085925, Spread: 0.000000
Epoch 419/600, Total: 1515.415274, Node: 933.572630, Link: 581.842643, Spread: 0.000000
Epoch 420/600, Total: 1525.683232, Node: 944.054907, Link: 581.628309, Spread: 0.000000
Epoch 421/600, Total: 1533.921555, Node: 947.953405, Link: 585.968152, Spread: 0.000000
Epoch 422/600, Total: 1516.661253, Node: 940.209831, Link: 576.451419, Spread: 0.000000
Epoch 423/600, Total: 1522.338716, Node: 941.445505, Link: 580.893212, Spread: 0.000000
Epoch 424/600, Total: 1517.212147, Node: 932.844374, Link: 584.367772, Spread: 0.000000
Epoch 425/600, Total: 1530.367707, Node: 945.299588, Link: 585.068113, Spread: 0.000000
Epoch 426/600, Total: 1528.338490, Node: 944.202534, Link: 584.135968, Spread: 0.000000
Epoch 427/600, Total: 1513.851722, Node: 931.952775, Link: 581.898939, Spread: 0.000000
Epoch 428/600, Total: 1521.298942, Node: 935.397933, Link: 585.900997, Spread: 0.000000
Epoch 429/600, Total: 1515.449423, Node: 935.005536, Link: 580.443905, Spread: 0.000000
Epoch 430/600, Total: 1519.446550, Node: 934.113488, Link: 585.333069, Spread: 0.000000
Epoch 431/600, Total: 1537.885526, Node: 942.660523, Link: 595.225003, Spread: 0.000000
Epoch 432/600, Total: 1512.768474, Node: 934.507545, Link: 578.260932, Spread: 0.000000
Epoch 433/600, Total: 1536.080401, Node: 942.561977, Link: 593.518408, Spread: 0.000000
Epoch 434/600, Total: 1507.378829, Node: 928.229715, Link: 579.149119, Spread: 0.000000
Epoch 435/600, Total: 1512.716522, Node: 930.312504, Link: 582.403996, Spread: 0.000000
Epoch 436/600, Total: 1509.898655, Node: 933.423430, Link: 576.475237, Spread: 0.000000
Epoch 437/600, Total: 1513.556554, Node: 931.995556, Link: 581.560994, Spread: 0.000000
Epoch 438/600, Total: 1524.109877, Node: 938.093761, Link: 586.016111, Spread: 0.000000
Epoch 439/600, Total: 1511.681315, Node: 930.688888, Link: 580.992413, Spread: 0.000000
Epoch 440/600, Total: 1526.756325, Node: 939.772234, Link: 586.984074, Spread: 0.000000
Epoch 441/600, Total: 1526.806883, Node: 935.920232, Link: 590.886622, Spread: 0.000000
Epoch 442/600, Total: 1529.092951, Node: 939.550950, Link: 589.542006, Spread: 0.000000
Epoch 443/600, Total: 1512.428640, Node: 931.215030, Link: 581.213614, Spread: 0.000000
Epoch 444/600, Total: 1530.566490, Node: 937.779353, Link: 592.787134, Spread: 0.000000
Epoch 445/600, Total: 1516.929832, Node: 937.906544, Link: 579.023289, Spread: 0.000000
Epoch 446/600, Total: 1519.538299, Node: 933.398943, Link: 586.139362, Spread: 0.000000
Epoch 447/600, Total: 1520.115398, Node: 933.314988, Link: 586.800405, Spread: 0.000000
Epoch 448/600, Total: 1501.978589, Node: 928.748923, Link: 573.229646, Spread: 0.000000
Epoch 449/600, Total: 1502.160747, Node: 926.921218, Link: 575.239554, Spread: 0.000000
Epoch 450/600, Total: 1525.652596, Node: 934.566729, Link: 591.085859, Spread: 0.000000
Epoch 451/600, Total: 1501.174366, Node: 928.393975, Link: 572.780376, Spread: 0.000000
Epoch 452/600, Total: 1530.177761, Node: 931.343711, Link: 598.834062, Spread: 0.000000
Epoch 453/600, Total: 1513.345572, Node: 935.189586, Link: 578.155978, Spread: 0.000000
Epoch 454/600, Total: 1511.343922, Node: 927.507724, Link: 583.836188, Spread: 0.000000
Epoch 455/600, Total: 1518.504952, Node: 935.393250, Link: 583.111704, Spread: 0.000000
Epoch 456/600, Total: 1514.052477, Node: 929.332283, Link: 584.720167, Spread: 0.000000
Epoch 457/600, Total: 1505.920052, Node: 927.377007, Link: 578.543048, Spread: 0.000000
Epoch 458/600, Total: 1498.164587, Node: 924.156535, Link: 574.008066, Spread: 0.000000
Epoch 459/600, Total: 1525.042232, Node: 935.497378, Link: 589.544870, Spread: 0.000000
Epoch 460/600, Total: 1521.802387, Node: 934.319598, Link: 587.482792, Spread: 0.000000
Epoch 461/600, Total: 1523.548108, Node: 928.353572, Link: 595.194521, Spread: 0.000000
Epoch 462/600, Total: 1517.122136, Node: 927.455521, Link: 589.666616, Spread: 0.000000
Epoch 463/600, Total: 1523.459146, Node: 935.526494, Link: 587.932652, Spread: 0.000000
Epoch 464/600, Total: 1513.658985, Node: 927.829830, Link: 585.829157, Spread: 0.000000
Epoch 465/600, Total: 1516.856348, Node: 930.762244, Link: 586.094133, Spread: 0.000000
Epoch 466/600, Total: 1507.502172, Node: 926.464058, Link: 581.038103, Spread: 0.000000
Epoch 467/600, Total: 1509.451880, Node: 925.164308, Link: 584.287576, Spread: 0.000000
Epoch 468/600, Total: 1513.110902, Node: 925.210505, Link: 587.900395, Spread: 0.000000
Epoch 469/600, Total: 1518.714598, Node: 930.321463, Link: 588.393133, Spread: 0.000000
Epoch 470/600, Total: 1510.687416, Node: 923.979338, Link: 586.708070, Spread: 0.000000
Epoch 471/600, Total: 1512.002986, Node: 924.554068, Link: 587.448909, Spread: 0.000000
Epoch 472/600, Total: 1506.524923, Node: 923.269305, Link: 583.255627, Spread: 0.000000
Epoch 473/600, Total: 1519.146723, Node: 927.586603, Link: 591.560129, Spread: 0.000000
Epoch 474/600, Total: 1511.749021, Node: 928.756183, Link: 582.992828, Spread: 0.000000
Epoch 475/600, Total: 1508.040459, Node: 931.923750, Link: 576.116702, Spread: 0.000000
Epoch 476/600, Total: 1525.998162, Node: 935.877551, Link: 590.120621, Spread: 0.000000
Epoch 477/600, Total: 1525.927084, Node: 928.348916, Link: 597.578177, Spread: 0.000000
Epoch 478/600, Total: 1503.854443, Node: 932.054533, Link: 571.799922, Spread: 0.000000
Epoch 479/600, Total: 1508.026452, Node: 927.727407, Link: 580.299038, Spread: 0.000000
Epoch 480/600, Total: 1533.789557, Node: 927.464800, Link: 606.324776, Spread: 0.000000
Epoch 481/600, Total: 1513.535092, Node: 935.148972, Link: 578.386132, Spread: 0.000000
Epoch 482/600, Total: 1528.758406, Node: 931.767183, Link: 596.991209, Spread: 0.000000
Epoch 483/600, Total: 1513.071611, Node: 926.662211, Link: 586.409425, Spread: 0.000000
Epoch 484/600, Total: 1515.237694, Node: 928.409871, Link: 586.827831, Spread: 0.000000
Epoch 485/600, Total: 1514.199454, Node: 933.270663, Link: 580.928805, Spread: 0.000000
Epoch 486/600, Total: 1513.068624, Node: 930.668377, Link: 582.400252, Spread: 0.000000
Epoch 487/600, Total: 1520.434572, Node: 929.583560, Link: 590.850992, Spread: 0.000000
Epoch 488/600, Total: 1507.210080, Node: 927.055521, Link: 580.154572, Spread: 0.000000
Epoch 489/600, Total: 1501.170837, Node: 928.860060, Link: 572.310788, Spread: 0.000000
Epoch 490/600, Total: 1512.687082, Node: 930.675300, Link: 582.011814, Spread: 0.000000
Epoch 491/600, Total: 1503.665301, Node: 925.136451, Link: 578.528855, Spread: 0.000000
Epoch 492/600, Total: 1524.586233, Node: 933.999587, Link: 590.586669, Spread: 0.000000
Epoch 493/600, Total: 1508.340753, Node: 927.286771, Link: 581.053987, Spread: 0.000000
Epoch 494/600, Total: 1510.464419, Node: 927.907112, Link: 582.557315, Spread: 0.000000
Epoch 495/600, Total: 1538.173355, Node: 935.085221, Link: 603.088150, Spread: 0.000000
Epoch 496/600, Total: 1507.525687, Node: 928.688840, Link: 578.836841, Spread: 0.000000
Epoch 497/600, Total: 1510.575637, Node: 926.627286, Link: 583.948361, Spread: 0.000000
Epoch 498/600, Total: 1505.593952, Node: 926.529815, Link: 579.064106, Spread: 0.000000
Epoch 499/600, Total: 1497.819611, Node: 922.174492, Link: 575.645125, Spread: 0.000000
Epoch 500/600, Total: 1499.203958, Node: 924.182794, Link: 575.021164, Spread: 0.000000
Epoch 501/600, Total: 1498.989274, Node: 925.102896, Link: 573.886381, Spread: 0.000000
Epoch 502/600, Total: 1508.949173, Node: 924.502421, Link: 584.446761, Spread: 0.000000
Epoch 503/600, Total: 1509.337023, Node: 924.844431, Link: 584.492581, Spread: 0.000000
Epoch 504/600, Total: 1502.165401, Node: 923.238217, Link: 578.927175, Spread: 0.000000
Epoch 505/600, Total: 1508.450381, Node: 934.521418, Link: 573.928964, Spread: 0.000000
Epoch 506/600, Total: 1517.715771, Node: 926.595609, Link: 591.120167, Spread: 0.000000
Epoch 507/600, Total: 1500.656121, Node: 931.395040, Link: 569.261093, Spread: 0.000000
Epoch 508/600, Total: 1532.332788, Node: 933.420427, Link: 598.912349, Spread: 0.000000
Epoch 509/600, Total: 1519.612043, Node: 930.811052, Link: 588.801004, Spread: 0.000000
Epoch 510/600, Total: 1495.881608, Node: 925.956988, Link: 569.924603, Spread: 0.000000
Epoch 511/600, Total: 1491.205320, Node: 922.007031, Link: 569.198282, Spread: 0.000000
Epoch 512/600, Total: 1500.376493, Node: 927.684436, Link: 572.692040, Spread: 0.000000
Epoch 513/600, Total: 1509.132401, Node: 926.090819, Link: 583.041576, Spread: 0.000000
Epoch 514/600, Total: 1511.066881, Node: 931.855010, Link: 579.211883, Spread: 0.000000
Epoch 515/600, Total: 1511.131931, Node: 926.539380, Link: 584.592546, Spread: 0.000000
Epoch 516/600, Total: 1523.563419, Node: 930.267053, Link: 593.296367, Spread: 0.000000
Epoch 517/600, Total: 1511.287519, Node: 929.901042, Link: 581.386482, Spread: 0.000000
Epoch 518/600, Total: 1509.957713, Node: 928.483534, Link: 581.474186, Spread: 0.000000
Epoch 519/600, Total: 1493.955554, Node: 920.455377, Link: 573.500180, Spread: 0.000000
Epoch 520/600, Total: 1514.037545, Node: 929.900878, Link: 584.136670, Spread: 0.000000
Epoch 521/600, Total: 1514.122145, Node: 932.630654, Link: 581.491483, Spread: 0.000000
Epoch 522/600, Total: 1499.702359, Node: 929.266791, Link: 570.435563, Spread: 0.000000
Epoch 523/600, Total: 1517.272659, Node: 933.064464, Link: 584.208172, Spread: 0.000000
Epoch 524/600, Total: 1501.770318, Node: 924.904864, Link: 576.865433, Spread: 0.000000
Epoch 525/600, Total: 1533.359101, Node: 931.506414, Link: 601.852693, Spread: 0.000000
Epoch 526/600, Total: 1500.301265, Node: 931.441211, Link: 568.860052, Spread: 0.000000
Epoch 527/600, Total: 1535.942236, Node: 947.821790, Link: 588.120447, Spread: 0.000000
Epoch 528/600, Total: 1525.529147, Node: 934.310202, Link: 591.218938, Spread: 0.000000
Epoch 529/600, Total: 1532.971696, Node: 936.046941, Link: 596.924753, Spread: 0.000000
Epoch 530/600, Total: 1499.956224, Node: 928.217291, Link: 571.738947, Spread: 0.000000
Epoch 531/600, Total: 1528.518562, Node: 936.122784, Link: 592.395786, Spread: 0.000000
Epoch 532/600, Total: 1501.380733, Node: 924.640904, Link: 576.739825, Spread: 0.000000
Epoch 533/600, Total: 1498.541238, Node: 924.511158, Link: 574.030069, Spread: 0.000000
Epoch 534/600, Total: 1522.457323, Node: 930.838346, Link: 591.618978, Spread: 0.000000
Epoch 535/600, Total: 1499.042223, Node: 924.423030, Link: 574.619197, Spread: 0.000000
Epoch 536/600, Total: 1505.889309, Node: 923.990416, Link: 581.898909, Spread: 0.000000
Epoch 537/600, Total: 1509.621196, Node: 922.611174, Link: 587.010016, Spread: 0.000000
Epoch 538/600, Total: 1515.976036, Node: 926.473872, Link: 589.502170, Spread: 0.000000
Epoch 539/600, Total: 1499.788637, Node: 921.020841, Link: 578.767795, Spread: 0.000000
Epoch 540/600, Total: 1495.924982, Node: 923.202064, Link: 572.722911, Spread: 0.000000
Epoch 541/600, Total: 1516.637655, Node: 924.605355, Link: 592.032302, Spread: 0.000000
Epoch 542/600, Total: 1496.255588, Node: 921.959516, Link: 574.296066, Spread: 0.000000
Epoch 543/600, Total: 1518.015112, Node: 934.309370, Link: 583.705736, Spread: 0.000000
Epoch 544/600, Total: 1527.528203, Node: 938.875747, Link: 588.652447, Spread: 0.000000
Epoch 545/600, Total: 1501.085812, Node: 924.577399, Link: 576.508436, Spread: 0.000000
Epoch 546/600, Total: 1500.680662, Node: 925.783208, Link: 574.897445, Spread: 0.000000
Epoch 547/600, Total: 1516.546837, Node: 932.884449, Link: 583.662395, Spread: 0.000000
Epoch 548/600, Total: 1519.691070, Node: 928.775836, Link: 590.915236, Spread: 0.000000
Epoch 549/600, Total: 1540.719301, Node: 938.939890, Link: 601.779392, Spread: 0.000000
Epoch 550/600, Total: 1515.161656, Node: 931.443278, Link: 583.718370, Spread: 0.000000
Epoch 551/600, Total: 1513.303035, Node: 928.352880, Link: 584.950151, Spread: 0.000000
Epoch 552/600, Total: 1502.472582, Node: 927.087332, Link: 575.385268, Spread: 0.000000
Epoch 553/600, Total: 1505.122044, Node: 924.874663, Link: 580.247363, Spread: 0.000000
Epoch 554/600, Total: 1520.498092, Node: 926.575783, Link: 593.922303, Spread: 0.000000
Epoch 555/600, Total: 1500.352029, Node: 928.874281, Link: 571.477747, Spread: 0.000000
Epoch 556/600, Total: 1531.402445, Node: 935.578648, Link: 595.823805, Spread: 0.000000
Epoch 557/600, Total: 1523.247910, Node: 930.300780, Link: 592.947120, Spread: 0.000000
Epoch 558/600, Total: 1509.489144, Node: 928.045568, Link: 581.443566, Spread: 0.000000
Epoch 559/600, Total: 1540.328460, Node: 937.642012, Link: 602.686465, Spread: 0.000000
Epoch 560/600, Total: 1510.831059, Node: 933.643408, Link: 577.187637, Spread: 0.000000
Epoch 561/600, Total: 1538.262763, Node: 934.938735, Link: 603.324029, Spread: 0.000000
Epoch 562/600, Total: 1490.253835, Node: 919.054817, Link: 571.199004, Spread: 0.000000
Epoch 563/600, Total: 1507.037676, Node: 926.147129, Link: 580.890549, Spread: 0.000000
Epoch 564/600, Total: 1506.739393, Node: 926.521076, Link: 580.218330, Spread: 0.000000
Epoch 565/600, Total: 1493.463287, Node: 924.755107, Link: 568.708181, Spread: 0.000000
Epoch 566/600, Total: 1527.732733, Node: 927.676512, Link: 600.056225, Spread: 0.000000
Epoch 567/600, Total: 1508.020440, Node: 927.891508, Link: 580.128924, Spread: 0.000000
Epoch 568/600, Total: 1505.713014, Node: 923.675623, Link: 582.037378, Spread: 0.000000
Epoch 569/600, Total: 1505.833243, Node: 926.452055, Link: 579.381185, Spread: 0.000000
Epoch 570/600, Total: 1500.943888, Node: 923.977163, Link: 576.966716, Spread: 0.000000
Epoch 571/600, Total: 1508.811734, Node: 923.086578, Link: 585.725155, Spread: 0.000000
Epoch 572/600, Total: 1509.998390, Node: 930.987396, Link: 579.010989, Spread: 0.000000
Epoch 573/600, Total: 1488.410293, Node: 920.061569, Link: 568.348732, Spread: 0.000000
Epoch 574/600, Total: 1496.649314, Node: 922.724050, Link: 573.925258, Spread: 0.000000
Epoch 575/600, Total: 1495.709591, Node: 920.559214, Link: 575.150381, Spread: 0.000000
Epoch 576/600, Total: 1504.160718, Node: 926.478986, Link: 577.681732, Spread: 0.000000
Epoch 577/600, Total: 1503.293654, Node: 918.256303, Link: 585.037357, Spread: 0.000000
Epoch 578/600, Total: 1492.919168, Node: 920.820952, Link: 572.098236, Spread: 0.000000
Epoch 579/600, Total: 1494.297665, Node: 923.400889, Link: 570.896776, Spread: 0.000000
Epoch 580/600, Total: 1503.027621, Node: 925.498375, Link: 577.529258, Spread: 0.000000
Epoch 581/600, Total: 1494.616681, Node: 919.046105, Link: 575.570584, Spread: 0.000000
Epoch 582/600, Total: 1496.196845, Node: 926.833366, Link: 569.363483, Spread: 0.000000
Epoch 583/600, Total: 1510.699340, Node: 924.213866, Link: 586.485478, Spread: 0.000000
Epoch 584/600, Total: 1526.850280, Node: 938.390753, Link: 588.459544, Spread: 0.000000
Epoch 585/600, Total: 1514.580857, Node: 928.083037, Link: 586.497835, Spread: 0.000000
Epoch 586/600, Total: 1503.280565, Node: 920.545172, Link: 582.735386, Spread: 0.000000
Epoch 587/600, Total: 1504.480354, Node: 933.024585, Link: 571.455777, Spread: 0.000000
Epoch 588/600, Total: 1497.145873, Node: 923.720043, Link: 573.425823, Spread: 0.000000
Epoch 589/600, Total: 1505.642386, Node: 925.425679, Link: 580.216704, Spread: 0.000000
Epoch 590/600, Total: 1497.349298, Node: 923.257381, Link: 574.091922, Spread: 0.000000
Epoch 591/600, Total: 1508.683167, Node: 924.843470, Link: 583.839687, Spread: 0.000000
Epoch 592/600, Total: 1499.013477, Node: 924.056422, Link: 574.957051, Spread: 0.000000
Epoch 593/600, Total: 1501.115239, Node: 923.599544, Link: 577.515687, Spread: 0.000000
Epoch 594/600, Total: 1510.890378, Node: 924.237018, Link: 586.653350, Spread: 0.000000
Epoch 595/600, Total: 1523.845522, Node: 927.810247, Link: 596.035283, Spread: 0.000000
Epoch 596/600, Total: 1508.212564, Node: 923.971824, Link: 584.240742, Spread: 0.000000
Epoch 597/600, Total: 1508.085246, Node: 926.992379, Link: 581.092871, Spread: 0.000000
Epoch 598/600, Total: 1519.293705, Node: 929.802786, Link: 589.490928, Spread: 0.000000
Epoch 599/600, Total: 1523.192477, Node: 937.039028, Link: 586.153451, Spread: 0.000000
Epoch 600/600, Total: 1491.580630, Node: 920.643814, Link: 570.936810, Spread: 0.000000
Saved sweep result to: /homes/dameyer/ml-for-wdn-project-4/results/aggregated/gnn_training_sweep/net1_buffer=1_rollout=15_seed=42.json
Table value: 920.643814
