================================
GNN training sweep
Job ID: 242692
Task ID: 21
Buffer size: 15
Rollout length: 15
================================
Running GNN sweep: dataset=Net1, buffer=15, rollout=15
Epoch 1/600, Total: 3551.432736, Node: 1627.166249, Link: 1922.896440, Spread: 137.001505
Epoch 2/600, Total: 1977.840379, Node: 1225.267793, Link: 750.908126, Spread: 166.447325
Epoch 3/600, Total: 1933.460880, Node: 1182.911969, Link: 748.928813, Spread: 162.008248
Epoch 4/600, Total: 1892.616410, Node: 1155.238978, Link: 735.844567, Spread: 153.285920
Epoch 5/600, Total: 1880.427503, Node: 1140.069257, Link: 738.910997, Spread: 144.721899
Epoch 6/600, Total: 1871.660205, Node: 1120.738037, Link: 749.567973, Spread: 135.419461
Epoch 7/600, Total: 1820.829974, Node: 1083.967659, Link: 735.594803, Spread: 126.752737
Epoch 8/600, Total: 1801.652109, Node: 1064.511296, Link: 735.950711, Spread: 119.009877
Epoch 9/600, Total: 1803.457709, Node: 1061.755223, Link: 740.589376, Spread: 111.312775
Epoch 10/600, Total: 1796.961251, Node: 1062.684514, Link: 733.223014, Spread: 105.372843
Epoch 11/600, Total: 1794.584615, Node: 1066.096973, Link: 727.491316, Spread: 99.630638
Epoch 12/600, Total: 1800.804918, Node: 1061.084910, Link: 738.833253, Spread: 88.673448
Epoch 13/600, Total: 1767.520269, Node: 1036.487994, Link: 730.220213, Spread: 81.206915
Epoch 14/600, Total: 1798.755963, Node: 1066.219339, Link: 731.781208, Spread: 75.540024
Epoch 15/600, Total: 1778.512539, Node: 1050.342532, Link: 727.477567, Spread: 69.241515
Epoch 16/600, Total: 1760.100505, Node: 1029.337828, Link: 730.115391, Spread: 64.728941
Epoch 17/600, Total: 1771.993801, Node: 1043.497857, Link: 727.893028, Spread: 60.290978
Epoch 18/600, Total: 1785.420584, Node: 1049.960125, Link: 734.916044, Spread: 54.440218
Epoch 19/600, Total: 1759.662492, Node: 1035.459341, Link: 723.693434, Spread: 50.973697
Epoch 20/600, Total: 1758.069695, Node: 1031.159598, Link: 726.446512, Spread: 46.357988
Epoch 21/600, Total: 1769.524806, Node: 1030.534242, Link: 738.575417, Spread: 41.517201
Epoch 22/600, Total: 1769.192801, Node: 1033.481304, Link: 735.327578, Spread: 38.393625
Epoch 23/600, Total: 1756.400935, Node: 1020.572731, Link: 735.476106, Spread: 35.207910
Epoch 24/600, Total: 1750.831835, Node: 1014.510352, Link: 736.001216, Spread: 32.026966
Epoch 25/600, Total: 1745.769123, Node: 1015.250742, Link: 730.225039, Spread: 29.333007
Epoch 26/600, Total: 1749.198847, Node: 1019.688359, Link: 729.246455, Spread: 26.405756
Epoch 27/600, Total: 1755.834167, Node: 1034.963811, Link: 720.626389, Spread: 24.396071
Epoch 28/600, Total: 1760.717171, Node: 1028.332643, Link: 732.170997, Spread: 21.353917
Epoch 29/600, Total: 1747.055405, Node: 1023.835420, Link: 723.028122, Spread: 19.187654
Epoch 30/600, Total: 1749.541746, Node: 1015.474001, Link: 733.894072, Spread: 17.365567
Epoch 31/600, Total: 1755.953564, Node: 1010.961458, Link: 744.833171, Spread: 15.894936
Epoch 32/600, Total: 1726.006182, Node: 999.684261, Link: 726.174948, Spread: 14.693436
Epoch 33/600, Total: 1726.959734, Node: 995.250104, Link: 731.577580, Spread: 13.205377
Epoch 34/600, Total: 1715.947102, Node: 997.759729, Link: 718.069125, Spread: 11.823350
Epoch 35/600, Total: 1713.676501, Node: 993.877646, Link: 719.691101, Spread: 10.775385
Epoch 36/600, Total: 1718.617087, Node: 990.101145, Link: 728.416315, Spread: 9.962010
Epoch 37/600, Total: 1706.770288, Node: 990.319735, Link: 716.357804, Spread: 9.274265
Epoch 38/600, Total: 1703.329636, Node: 984.262164, Link: 718.984622, Spread: 8.286850
Epoch 39/600, Total: 1707.788506, Node: 982.739652, Link: 724.973218, Spread: 7.565971
Epoch 40/600, Total: 1705.254050, Node: 983.108525, Link: 722.073624, Spread: 7.188705
Epoch 41/600, Total: 1697.803235, Node: 980.909543, Link: 716.827078, Spread: 6.660603
Epoch 42/600, Total: 1706.110979, Node: 985.840714, Link: 720.208752, Spread: 6.149694
Epoch 43/600, Total: 1714.541675, Node: 984.600658, Link: 729.885575, Spread: 5.544275
Epoch 44/600, Total: 1724.809398, Node: 997.435255, Link: 727.320730, Spread: 5.340445
Epoch 45/600, Total: 1708.518147, Node: 984.970201, Link: 723.499010, Spread: 4.893378
Epoch 46/600, Total: 1703.683631, Node: 987.421072, Link: 716.216422, Spread: 4.612500
Epoch 47/600, Total: 1711.370114, Node: 992.029515, Link: 719.297982, Spread: 4.261218
Epoch 48/600, Total: 1716.469747, Node: 991.164946, Link: 725.265119, Spread: 3.967658
Epoch 49/600, Total: 1713.095460, Node: 994.354823, Link: 718.703704, Spread: 3.692734
Epoch 50/600, Total: 1720.540458, Node: 989.462787, Link: 731.043313, Spread: 3.436342
Epoch 51/600, Total: 1714.745966, Node: 991.793559, Link: 722.920409, Spread: 3.200464
Epoch 52/600, Total: 1714.636750, Node: 989.221763, Link: 725.383101, Spread: 3.188923
Epoch 53/600, Total: 1683.548106, Node: 977.938297, Link: 705.579785, Spread: 3.003289
Epoch 54/600, Total: 1691.944292, Node: 978.767955, Link: 713.147735, Spread: 2.860721
Epoch 55/600, Total: 1703.665490, Node: 990.279696, Link: 713.357470, Spread: 2.832066
Epoch 56/600, Total: 1691.198145, Node: 981.644908, Link: 709.526158, Spread: 2.708958
Epoch 57/600, Total: 1701.150146, Node: 988.516207, Link: 712.607693, Spread: 2.625601
Epoch 58/600, Total: 1708.269737, Node: 981.296297, Link: 726.947156, Spread: 2.628194
Epoch 59/600, Total: 1699.596078, Node: 979.617728, Link: 719.953310, Spread: 2.504173
Epoch 60/600, Total: 1692.210665, Node: 989.436703, Link: 702.749900, Spread: 2.404227
Epoch 61/600, Total: 1681.877090, Node: 975.942943, Link: 705.910957, Spread: 2.318492
Epoch 62/600, Total: 1685.243865, Node: 979.992967, Link: 705.228517, Spread: 2.238444
Epoch 63/600, Total: 1709.035087, Node: 988.040734, Link: 720.971963, Spread: 2.240044
Epoch 64/600, Total: 1692.678144, Node: 987.485618, Link: 705.171165, Spread: 2.137229
Epoch 65/600, Total: 1681.402010, Node: 982.449990, Link: 698.930429, Spread: 2.159707
Epoch 66/600, Total: 1669.971935, Node: 974.580477, Link: 695.370689, Spread: 2.077427
Epoch 67/600, Total: 1686.341171, Node: 980.636704, Link: 705.684072, Spread: 2.040052
Epoch 68/600, Total: 1681.740260, Node: 977.601634, Link: 704.119010, Spread: 1.961565
Epoch 69/600, Total: 1698.778986, Node: 989.069904, Link: 709.689802, Spread: 1.928059
Epoch 70/600, Total: 1687.913921, Node: 980.085783, Link: 707.808764, Spread: 1.936820
Epoch 71/600, Total: 1687.174294, Node: 983.459975, Link: 703.695439, Spread: 1.891574
Epoch 72/600, Total: 1699.887147, Node: 990.353265, Link: 709.513978, Spread: 1.989502
Epoch 73/600, Total: 1677.370099, Node: 973.499229, Link: 703.850648, Spread: 2.020570
Epoch 74/600, Total: 1668.026879, Node: 968.604501, Link: 699.403096, Spread: 1.926608
Epoch 75/600, Total: 1702.102638, Node: 989.475527, Link: 712.608311, Spread: 1.879871
Epoch 76/600, Total: 1700.732307, Node: 988.584291, Link: 712.129471, Spread: 1.851442
Epoch 77/600, Total: 1676.335460, Node: 969.825780, Link: 706.490687, Spread: 1.899371
Epoch 78/600, Total: 1675.171361, Node: 976.088569, Link: 699.064576, Spread: 1.820440
Epoch 79/600, Total: 1663.158171, Node: 967.955491, Link: 695.185255, Spread: 1.743361
Epoch 80/600, Total: 1689.694292, Node: 972.312633, Link: 717.364066, Spread: 1.760796
Epoch 81/600, Total: 1674.382251, Node: 971.688201, Link: 702.676349, Spread: 1.765910
Epoch 82/600, Total: 1683.665807, Node: 987.250730, Link: 696.398642, Spread: 1.642445
Epoch 83/600, Total: 1668.380162, Node: 971.357768, Link: 697.005812, Spread: 1.657656
Epoch 84/600, Total: 1684.073047, Node: 978.692308, Link: 705.364626, Spread: 1.613079
Epoch 85/600, Total: 1696.678203, Node: 976.380241, Link: 720.281418, Spread: 1.655410
Epoch 86/600, Total: 1691.590649, Node: 985.235066, Link: 706.339443, Spread: 1.614504
Epoch 87/600, Total: 1660.620764, Node: 967.799681, Link: 692.805279, Spread: 1.579954
Epoch 88/600, Total: 1697.488452, Node: 981.960874, Link: 715.511526, Spread: 1.602357
Epoch 89/600, Total: 1665.572717, Node: 969.527307, Link: 696.029899, Spread: 1.549455
Epoch 90/600, Total: 1671.201909, Node: 969.708489, Link: 701.477745, Spread: 1.567031
Epoch 91/600, Total: 1694.547132, Node: 979.096772, Link: 715.434988, Spread: 1.537123
Epoch 92/600, Total: 1679.609012, Node: 971.315173, Link: 708.277699, Spread: 1.613556
Epoch 93/600, Total: 1669.789386, Node: 979.014261, Link: 690.760532, Spread: 1.459118
Epoch 94/600, Total: 1665.660174, Node: 967.342885, Link: 698.301803, Spread: 1.550841
Epoch 95/600, Total: 1666.857540, Node: 967.220591, Link: 699.621495, Spread: 1.544217
Epoch 96/600, Total: 1701.977659, Node: 983.841118, Link: 718.121602, Spread: 1.494444
Epoch 97/600, Total: 1666.469882, Node: 966.309418, Link: 700.145315, Spread: 1.515214
Epoch 98/600, Total: 1669.815497, Node: 980.714366, Link: 689.087313, Spread: 1.381542
Epoch 99/600, Total: 1694.651139, Node: 983.556911, Link: 711.079845, Spread: 1.439741
Epoch 100/600, Total: 1671.117349, Node: 974.463648, Link: 696.639533, Spread: 1.417894
Epoch 101/600, Total: 1671.510054, Node: 971.749654, Link: 699.746333, Spread: 1.406426
Epoch 102/600, Total: 1687.333510, Node: 982.299325, Link: 705.020058, Spread: 1.412382
Epoch 103/600, Total: 1677.614259, Node: 971.927220, Link: 705.672604, Spread: 1.444613
Epoch 104/600, Total: 1693.988522, Node: 983.287838, Link: 710.686569, Spread: 1.411470
Epoch 105/600, Total: 1663.904954, Node: 967.330174, Link: 696.560706, Spread: 1.407945
Epoch 106/600, Total: 1673.173868, Node: 977.876226, Link: 695.283888, Spread: 1.375700
Epoch 107/600, Total: 1695.751258, Node: 984.685115, Link: 711.052230, Spread: 1.390683
Epoch 108/600, Total: 1682.925814, Node: 980.686124, Link: 702.225970, Spread: 1.370292
Epoch 109/600, Total: 1671.230043, Node: 966.663741, Link: 704.552658, Spread: 1.365646
Epoch 110/600, Total: 1662.405446, Node: 973.054126, Link: 689.337870, Spread: 1.345040
Epoch 111/600, Total: 1663.962306, Node: 970.076779, Link: 693.871598, Spread: 1.394026
Epoch 112/600, Total: 1651.834858, Node: 965.122925, Link: 686.698447, Spread: 1.349225
Epoch 113/600, Total: 1661.846855, Node: 969.591722, Link: 692.241610, Spread: 1.350710
Epoch 114/600, Total: 1674.879015, Node: 982.384472, Link: 692.482091, Spread: 1.244961
Epoch 115/600, Total: 1655.159301, Node: 965.018581, Link: 690.127555, Spread: 1.315835
Epoch 116/600, Total: 1678.685960, Node: 981.864189, Link: 696.809231, Spread: 1.253947
Epoch 117/600, Total: 1677.566566, Node: 976.047748, Link: 701.506218, Spread: 1.257643
Epoch 118/600, Total: 1669.690834, Node: 965.571851, Link: 704.105519, Spread: 1.346311
Epoch 119/600, Total: 1693.563061, Node: 983.478876, Link: 710.070986, Spread: 1.320869
Epoch 120/600, Total: 1673.378721, Node: 969.704180, Link: 703.661187, Spread: 1.337302
Epoch 121/600, Total: 1676.181982, Node: 981.814435, Link: 694.354908, Spread: 1.264920
Epoch 122/600, Total: 1668.296956, Node: 977.935265, Link: 690.349030, Spread: 1.263882
Epoch 123/600, Total: 1662.810893, Node: 973.074612, Link: 689.723135, Spread: 1.315202
Epoch 124/600, Total: 1672.967348, Node: 978.714502, Link: 694.239867, Spread: 1.298997
Epoch 125/600, Total: 1670.304006, Node: 972.789401, Link: 697.501642, Spread: 1.299116
Epoch 126/600, Total: 1654.281081, Node: 964.462301, Link: 689.806205, Spread: 1.257314
Epoch 127/600, Total: 1667.328575, Node: 970.906229, Link: 696.409252, Spread: 1.309689
Epoch 128/600, Total: 1677.551495, Node: 984.979916, Link: 692.559396, Spread: 1.220394
Epoch 129/600, Total: 1657.496088, Node: 965.671306, Link: 691.812223, Spread: 1.255088
Epoch 130/600, Total: 1662.848492, Node: 973.514121, Link: 689.322028, Spread: 1.233115
Epoch 131/600, Total: 1701.679485, Node: 992.084096, Link: 709.582929, Spread: 1.247982
Epoch 132/600, Total: 1687.876575, Node: 974.822277, Link: 713.041746, Spread: 1.254436
Epoch 133/600, Total: 1669.032414, Node: 967.342431, Link: 701.677442, Spread: 1.254902
Epoch 134/600, Total: 1651.397975, Node: 963.835637, Link: 687.549715, Spread: 1.261223
Epoch 135/600, Total: 1670.146594, Node: 980.468050, Link: 689.666374, Spread: 1.217848
Epoch 136/600, Total: 1658.229179, Node: 969.550965, Link: 688.665959, Spread: 1.224424
Epoch 137/600, Total: 1658.418992, Node: 970.257690, Link: 688.149054, Spread: 1.225689
Epoch 138/600, Total: 1663.084005, Node: 974.285909, Link: 688.785903, Spread: 1.219070
Epoch 139/600, Total: 1667.340930, Node: 977.072212, Link: 690.256596, Spread: 1.212025
Epoch 140/600, Total: 1660.077475, Node: 972.101896, Link: 687.963495, Spread: 1.209316
Epoch 141/600, Total: 1661.553585, Node: 973.054105, Link: 688.487423, Spread: 1.207937
Epoch 142/600, Total: 1665.246001, Node: 975.823391, Link: 689.410537, Spread: 1.205537
Epoch 143/600, Total: 1675.073245, Node: 981.756880, Link: 693.304399, Spread: 1.196432
Epoch 144/600, Total: 1690.219692, Node: 981.062159, Link: 709.145644, Spread: 1.189530
Epoch 145/600, Total: 1679.681226, Node: 976.346981, Link: 703.322163, Spread: 1.209249
Epoch 146/600, Total: 1658.128272, Node: 968.560077, Link: 689.556359, Spread: 1.184146
Epoch 147/600, Total: 1679.587731, Node: 971.231596, Link: 708.343543, Spread: 1.256706
Epoch 148/600, Total: 1658.334367, Node: 972.282644, Link: 686.040151, Spread: 1.156800
Epoch 149/600, Total: 1668.759950, Node: 975.456716, Link: 693.291725, Spread: 1.151782
Epoch 150/600, Total: 1672.447451, Node: 983.674656, Link: 688.761341, Spread: 1.143021
Epoch 151/600, Total: 1651.928242, Node: 966.890365, Link: 685.026330, Spread: 1.154946
Epoch 152/600, Total: 1644.511655, Node: 963.802384, Link: 680.697806, Spread: 1.145302
Epoch 153/600, Total: 1661.425981, Node: 970.881238, Link: 690.533100, Spread: 1.165016
Epoch 154/600, Total: 1664.983470, Node: 970.787715, Link: 694.184170, Spread: 1.156139
Epoch 155/600, Total: 1666.543660, Node: 970.756189, Link: 695.775406, Spread: 1.208342
Epoch 156/600, Total: 1681.340747, Node: 981.021179, Link: 700.307968, Spread: 1.162157
Epoch 157/600, Total: 1644.221952, Node: 960.154541, Link: 684.055914, Spread: 1.148530
Epoch 158/600, Total: 1661.735518, Node: 972.763532, Link: 688.960625, Spread: 1.137423
Epoch 159/600, Total: 1655.713057, Node: 969.523110, Link: 686.178703, Spread: 1.124645
Epoch 160/600, Total: 1669.779866, Node: 977.433460, Link: 692.335218, Spread: 1.118935
Epoch 161/600, Total: 1655.108583, Node: 964.244040, Link: 690.853077, Spread: 1.146982
Epoch 162/600, Total: 1684.792179, Node: 984.722192, Link: 700.058517, Spread: 1.146206
Epoch 163/600, Total: 1663.645921, Node: 971.966371, Link: 691.667940, Spread: 1.159689
Epoch 164/600, Total: 1668.420069, Node: 971.711565, Link: 696.697082, Spread: 1.143419
Epoch 165/600, Total: 1661.666268, Node: 972.450596, Link: 689.204422, Spread: 1.124618
Epoch 166/600, Total: 1653.861008, Node: 969.056471, Link: 684.793382, Spread: 1.113169
Epoch 167/600, Total: 1647.612247, Node: 965.321352, Link: 682.279745, Spread: 1.115464
Epoch 168/600, Total: 1677.745540, Node: 978.152276, Link: 699.581943, Spread: 1.131609
Epoch 169/600, Total: 1660.897326, Node: 972.468479, Link: 688.417427, Spread: 1.141422
Epoch 170/600, Total: 1657.566565, Node: 967.406158, Link: 690.149080, Spread: 1.133772
Epoch 171/600, Total: 1665.065539, Node: 970.074825, Link: 694.979413, Spread: 1.128459
Epoch 172/600, Total: 1652.286512, Node: 970.902472, Link: 681.372711, Spread: 1.134596
Epoch 173/600, Total: 1679.197687, Node: 976.620777, Link: 702.565310, Spread: 1.160312
Epoch 174/600, Total: 1658.763493, Node: 962.874821, Link: 695.876875, Spread: 1.178406
Epoch 175/600, Total: 1649.536498, Node: 966.413447, Link: 683.111740, Spread: 1.131780
Epoch 176/600, Total: 1660.581684, Node: 971.356137, Link: 689.214216, Spread: 1.135088
Epoch 177/600, Total: 1655.580769, Node: 968.660106, Link: 686.909433, Spread: 1.123517
Epoch 178/600, Total: 1665.064729, Node: 971.847920, Link: 693.205483, Spread: 1.132223
Epoch 179/600, Total: 1677.394426, Node: 978.854697, Link: 698.528574, Spread: 1.114237
Epoch 180/600, Total: 1650.052968, Node: 960.977073, Link: 689.064691, Spread: 1.119712
Epoch 181/600, Total: 1665.020051, Node: 966.903124, Link: 698.105698, Spread: 1.123720
Epoch 182/600, Total: 1661.325431, Node: 977.096887, Link: 684.217406, Spread: 1.112446
Epoch 183/600, Total: 1642.283318, Node: 958.916022, Link: 683.355956, Spread: 1.132759
Epoch 184/600, Total: 1660.819398, Node: 976.126101, Link: 684.682165, Spread: 1.113210
Epoch 185/600, Total: 1681.635298, Node: 977.218726, Link: 704.405076, Spread: 1.150988
Epoch 186/600, Total: 1645.412702, Node: 963.140959, Link: 682.260549, Spread: 1.118916
Epoch 187/600, Total: 1657.423512, Node: 970.033071, Link: 687.379411, Spread: 1.101965
Epoch 188/600, Total: 1654.784601, Node: 964.604686, Link: 690.168657, Spread: 1.125862
Epoch 189/600, Total: 1655.240777, Node: 969.133989, Link: 686.095688, Spread: 1.110390
Epoch 190/600, Total: 1680.523512, Node: 978.901005, Link: 701.611342, Spread: 1.117556
Epoch 191/600, Total: 1638.068651, Node: 959.532979, Link: 678.524480, Spread: 1.117864
Epoch 192/600, Total: 1650.128917, Node: 963.103294, Link: 687.014415, Spread: 1.118973
Epoch 193/600, Total: 1655.590432, Node: 961.054737, Link: 694.524297, Spread: 1.140939
Epoch 194/600, Total: 1664.923254, Node: 976.238161, Link: 688.673909, Spread: 1.116998
Epoch 195/600, Total: 1679.440895, Node: 977.123898, Link: 702.305555, Spread: 1.144574
Epoch 196/600, Total: 1672.462631, Node: 981.083770, Link: 691.367520, Spread: 1.134198
Epoch 197/600, Total: 1650.777439, Node: 962.904819, Link: 687.861159, Spread: 1.144820
Epoch 198/600, Total: 1654.458375, Node: 966.945003, Link: 687.502155, Spread: 1.120802
Epoch 199/600, Total: 1655.652706, Node: 968.523376, Link: 687.118122, Spread: 1.121515
Epoch 200/600, Total: 1651.692889, Node: 966.759510, Link: 684.922284, Spread: 1.111206
Epoch 201/600, Total: 1645.438383, Node: 962.352502, Link: 683.074771, Spread: 1.112240
Epoch 202/600, Total: 1648.983302, Node: 963.531805, Link: 685.440461, Spread: 1.103175
Epoch 203/600, Total: 1648.282243, Node: 963.763385, Link: 684.507947, Spread: 1.093372
Epoch 204/600, Total: 1656.186256, Node: 966.043814, Link: 690.131570, Spread: 1.087906
Epoch 205/600, Total: 1667.630602, Node: 976.693758, Link: 690.925913, Spread: 1.090619
Epoch 206/600, Total: 1655.139318, Node: 961.361186, Link: 693.767015, Spread: 1.110882
Epoch 207/600, Total: 1655.437433, Node: 969.696285, Link: 685.730280, Spread: 1.089830
Epoch 208/600, Total: 1663.586751, Node: 972.992387, Link: 690.583434, Spread: 1.092569
Epoch 209/600, Total: 1660.564045, Node: 972.467394, Link: 688.085730, Spread: 1.093939
Epoch 210/600, Total: 1644.274188, Node: 961.440954, Link: 682.822048, Spread: 1.120895
Epoch 211/600, Total: 1650.305681, Node: 964.162298, Link: 686.132541, Spread: 1.082898
Epoch 212/600, Total: 1663.915875, Node: 976.697001, Link: 687.208123, Spread: 1.074322
Epoch 213/600, Total: 1656.074661, Node: 962.219051, Link: 693.844651, Spread: 1.096897
Epoch 214/600, Total: 1646.787649, Node: 964.756404, Link: 682.020456, Spread: 1.079716
Epoch 215/600, Total: 1651.228718, Node: 967.655322, Link: 683.562657, Spread: 1.073391
Epoch 216/600, Total: 1659.600116, Node: 975.013155, Link: 684.576297, Spread: 1.067173
Epoch 217/600, Total: 1643.635681, Node: 962.485541, Link: 681.139395, Spread: 1.074456
Epoch 218/600, Total: 1654.101872, Node: 965.963784, Link: 688.127443, Spread: 1.061806
Epoch 219/600, Total: 1649.836439, Node: 959.917606, Link: 689.908151, Spread: 1.067928
Epoch 220/600, Total: 1653.899452, Node: 966.661289, Link: 687.227703, Spread: 1.046050
Epoch 221/600, Total: 1655.360252, Node: 966.425210, Link: 688.924593, Spread: 1.044716
Epoch 222/600, Total: 1655.218047, Node: 967.992202, Link: 687.215440, Spread: 1.039778
Epoch 223/600, Total: 1646.239153, Node: 955.898777, Link: 690.329787, Spread: 1.057854
Epoch 224/600, Total: 1643.285162, Node: 958.023055, Link: 685.251604, Spread: 1.049371
Epoch 225/600, Total: 1658.933754, Node: 966.702195, Link: 692.221183, Spread: 1.038125
Epoch 226/600, Total: 1644.700803, Node: 962.449967, Link: 682.240506, Spread: 1.033762
Epoch 227/600, Total: 1653.487947, Node: 967.366859, Link: 686.110738, Spread: 1.034917
Epoch 228/600, Total: 1647.836097, Node: 963.922256, Link: 683.903515, Spread: 1.031270
Epoch 229/600, Total: 1656.023897, Node: 964.290562, Link: 691.723014, Spread: 1.030144
Epoch 230/600, Total: 1655.563943, Node: 963.810851, Link: 691.742884, Spread: 1.021270
Epoch 231/600, Total: 1647.359550, Node: 965.740121, Link: 681.609254, Spread: 1.019391
Epoch 232/600, Total: 1664.353704, Node: 966.239980, Link: 698.103384, Spread: 1.034832
Epoch 233/600, Total: 1658.471161, Node: 963.241695, Link: 695.219087, Spread: 1.038729
Epoch 234/600, Total: 1655.393346, Node: 971.432964, Link: 683.950123, Spread: 1.026271
Epoch 235/600, Total: 1649.292586, Node: 966.268253, Link: 683.014123, Spread: 1.020872
Epoch 236/600, Total: 1640.360624, Node: 958.641775, Link: 681.708589, Spread: 1.026499
Epoch 237/600, Total: 1652.732997, Node: 961.267592, Link: 691.455285, Spread: 1.012610
Epoch 238/600, Total: 1645.681185, Node: 959.637854, Link: 686.033185, Spread: 1.016451
Epoch 239/600, Total: 1658.539581, Node: 966.501027, Link: 692.028451, Spread: 1.011250
Epoch 240/600, Total: 1653.508740, Node: 968.029522, Link: 685.469225, Spread: 1.000444
Epoch 241/600, Total: 1647.330851, Node: 962.430816, Link: 684.889965, Spread: 1.007637
Epoch 242/600, Total: 1647.102336, Node: 962.669621, Link: 684.422431, Spread: 1.032518
Epoch 243/600, Total: 1654.924701, Node: 967.255417, Link: 687.659071, Spread: 1.022794
Epoch 244/600, Total: 1651.547350, Node: 967.276089, Link: 684.261056, Spread: 1.019225
Epoch 245/600, Total: 1651.580153, Node: 967.806409, Link: 683.763695, Spread: 1.004537
Epoch 246/600, Total: 1655.780901, Node: 963.442014, Link: 692.328906, Spread: 0.999037
Epoch 247/600, Total: 1638.974826, Node: 960.728220, Link: 678.236715, Spread: 0.988900
Epoch 248/600, Total: 1648.988609, Node: 961.268457, Link: 687.710213, Spread: 0.993903
Epoch 249/600, Total: 1655.724298, Node: 961.344727, Link: 694.369607, Spread: 0.996068
Epoch 250/600, Total: 1650.400844, Node: 960.835719, Link: 689.555165, Spread: 0.997120
Epoch 251/600, Total: 1649.219658, Node: 958.790295, Link: 690.419474, Spread: 0.990633
Epoch 252/600, Total: 1651.144202, Node: 965.684865, Link: 685.449497, Spread: 0.981475
Epoch 253/600, Total: 1663.186503, Node: 969.835133, Link: 693.341524, Spread: 0.986176
Epoch 254/600, Total: 1655.797086, Node: 967.717398, Link: 688.069786, Spread: 0.988979
Epoch 255/600, Total: 1642.644007, Node: 960.876677, Link: 681.757519, Spread: 0.982077
Epoch 256/600, Total: 1661.077915, Node: 975.631174, Link: 685.436922, Spread: 0.981536
Epoch 257/600, Total: 1650.836153, Node: 960.740587, Link: 690.085564, Spread: 0.999740
Epoch 258/600, Total: 1649.601478, Node: 960.702061, Link: 688.889410, Spread: 0.999498
Epoch 259/600, Total: 1649.432427, Node: 960.993882, Link: 688.428617, Spread: 0.992207
Epoch 260/600, Total: 1655.575886, Node: 967.691142, Link: 687.875042, Spread: 0.971540
Epoch 261/600, Total: 1645.912457, Node: 966.618085, Link: 679.284752, Spread: 0.964057
Epoch 262/600, Total: 1664.415620, Node: 966.334598, Link: 698.071267, Spread: 0.975382
Epoch 263/600, Total: 1652.162599, Node: 961.019422, Link: 691.133382, Spread: 0.980222
Epoch 264/600, Total: 1654.961564, Node: 965.611912, Link: 689.339898, Spread: 0.973915
Epoch 265/600, Total: 1662.745561, Node: 965.256531, Link: 697.479103, Spread: 0.993174
Epoch 266/600, Total: 1664.821863, Node: 964.666260, Link: 700.145589, Spread: 1.001673
Epoch 267/600, Total: 1655.964573, Node: 968.020317, Link: 687.934348, Spread: 0.990763
Epoch 268/600, Total: 1644.764087, Node: 962.244931, Link: 682.509317, Spread: 0.984279
Epoch 269/600, Total: 1646.343614, Node: 958.927541, Link: 687.406305, Spread: 0.973425
Epoch 270/600, Total: 1656.355134, Node: 967.840655, Link: 688.504763, Spread: 0.969549
Epoch 271/600, Total: 1656.485333, Node: 961.946952, Link: 694.528557, Spread: 0.982883
Epoch 272/600, Total: 1650.748593, Node: 960.704617, Link: 690.034094, Spread: 0.987274
Epoch 273/600, Total: 1654.078705, Node: 964.486003, Link: 689.582961, Spread: 0.973581
Epoch 274/600, Total: 1643.641995, Node: 959.247718, Link: 684.384602, Spread: 0.970632
Epoch 275/600, Total: 1654.871469, Node: 963.270856, Link: 691.590899, Spread: 0.974710
Epoch 276/600, Total: 1649.418794, Node: 961.157912, Link: 688.251194, Spread: 0.970064
Epoch 277/600, Total: 1656.993699, Node: 971.160722, Link: 685.823423, Spread: 0.954903
Epoch 278/600, Total: 1643.186730, Node: 964.085198, Link: 679.091949, Spread: 0.955288
Epoch 279/600, Total: 1652.688684, Node: 969.710201, Link: 682.968933, Spread: 0.956969
Epoch 280/600, Total: 1652.680012, Node: 966.012629, Link: 686.657527, Spread: 0.981783
Epoch 281/600, Total: 1655.048628, Node: 962.021159, Link: 693.017593, Spread: 0.987559
Epoch 282/600, Total: 1649.567389, Node: 960.907492, Link: 688.650029, Spread: 0.986352
Epoch 283/600, Total: 1655.074626, Node: 962.744609, Link: 692.320191, Spread: 0.982809
Epoch 284/600, Total: 1651.076636, Node: 961.180458, Link: 689.886302, Spread: 0.990504
Epoch 285/600, Total: 1664.670612, Node: 972.042250, Link: 692.618559, Spread: 0.981115
Epoch 286/600, Total: 1651.657997, Node: 961.497202, Link: 690.150952, Spread: 0.985053
Epoch 287/600, Total: 1651.038907, Node: 969.493509, Link: 681.535738, Spread: 0.966484
Epoch 288/600, Total: 1654.189650, Node: 968.695844, Link: 685.484119, Spread: 0.969149
Epoch 289/600, Total: 1652.917070, Node: 961.022307, Link: 691.885114, Spread: 0.967319
Epoch 290/600, Total: 1662.461416, Node: 975.927359, Link: 686.524362, Spread: 0.968780
Epoch 291/600, Total: 1648.936776, Node: 964.551177, Link: 684.376061, Spread: 0.953972
Epoch 292/600, Total: 1642.371524, Node: 964.292722, Link: 678.069247, Spread: 0.955151
Epoch 293/600, Total: 1666.770263, Node: 977.067997, Link: 689.692589, Spread: 0.965950
Epoch 294/600, Total: 1658.936249, Node: 978.856886, Link: 680.069687, Spread: 0.966358
Epoch 295/600, Total: 1659.914094, Node: 967.760529, Link: 692.143982, Spread: 0.959145
Epoch 296/600, Total: 1645.824170, Node: 970.815433, Link: 674.999185, Spread: 0.954294
Epoch 297/600, Total: 1657.233819, Node: 960.384462, Link: 696.839677, Spread: 0.968155
Epoch 298/600, Total: 1654.971854, Node: 969.119792, Link: 685.842454, Spread: 0.959421
Epoch 299/600, Total: 1657.884879, Node: 963.399404, Link: 694.475724, Spread: 0.976358
Epoch 300/600, Total: 1652.837407, Node: 968.174239, Link: 684.653493, Spread: 0.966701
Epoch 301/600, Total: 1653.629011, Node: 963.606456, Link: 690.012852, Spread: 0.969026
Epoch 302/600, Total: 1643.079529, Node: 959.928081, Link: 683.141672, Spread: 0.979949
Epoch 303/600, Total: 1645.694029, Node: 966.470928, Link: 679.213484, Spread: 0.960719
Epoch 304/600, Total: 1648.453879, Node: 965.407944, Link: 683.036452, Spread: 0.946886
Epoch 305/600, Total: 1659.561767, Node: 971.019512, Link: 688.532744, Spread: 0.951849
Epoch 306/600, Total: 1653.006947, Node: 966.862452, Link: 686.134891, Spread: 0.962320
Epoch 307/600, Total: 1639.243971, Node: 961.847953, Link: 677.386567, Spread: 0.943672
Epoch 308/600, Total: 1639.123085, Node: 956.274349, Link: 682.839218, Spread: 0.951372
Epoch 309/600, Total: 1650.030918, Node: 963.031323, Link: 686.990104, Spread: 0.947991
Epoch 310/600, Total: 1647.368142, Node: 961.807865, Link: 685.550763, Spread: 0.949607
Epoch 311/600, Total: 1653.940777, Node: 966.457193, Link: 687.474261, Spread: 0.932595
Epoch 312/600, Total: 1647.064466, Node: 962.572772, Link: 684.482266, Spread: 0.940338
Epoch 313/600, Total: 1658.133245, Node: 964.684299, Link: 693.439513, Spread: 0.942304
Epoch 314/600, Total: 1639.475410, Node: 964.451176, Link: 675.015120, Spread: 0.914290
Epoch 315/600, Total: 1637.356531, Node: 959.576840, Link: 677.770558, Spread: 0.913422
Epoch 316/600, Total: 1633.594691, Node: 955.392091, Link: 678.193605, Spread: 0.899561
Epoch 317/600, Total: 1649.214813, Node: 965.759697, Link: 683.445902, Spread: 0.920244
Epoch 318/600, Total: 1647.877600, Node: 969.202019, Link: 678.666580, Spread: 0.899421
Epoch 319/600, Total: 1642.820248, Node: 960.777510, Link: 682.033574, Spread: 0.914620
Epoch 320/600, Total: 1653.465793, Node: 959.910113, Link: 693.546507, Spread: 0.918402
Epoch 321/600, Total: 1639.281649, Node: 956.923149, Link: 682.349484, Spread: 0.901182
Epoch 322/600, Total: 1666.707458, Node: 977.583743, Link: 689.114500, Spread: 0.922374
Epoch 323/600, Total: 1652.382952, Node: 967.831871, Link: 684.541850, Spread: 0.923742
Epoch 324/600, Total: 1634.624943, Node: 959.029663, Link: 675.586250, Spread: 0.904888
Epoch 325/600, Total: 1638.121978, Node: 957.650587, Link: 680.462422, Spread: 0.897966
Epoch 326/600, Total: 1671.623681, Node: 970.066904, Link: 701.547380, Spread: 0.941009
Epoch 327/600, Total: 1641.164371, Node: 957.931986, Link: 683.223278, Spread: 0.911458
Epoch 328/600, Total: 1643.960038, Node: 958.007329, Link: 685.943511, Spread: 0.918587
Epoch 329/600, Total: 1643.080781, Node: 957.994526, Link: 685.077102, Spread: 0.913872
Epoch 330/600, Total: 1647.587461, Node: 963.065265, Link: 684.513079, Spread: 0.911633
Epoch 331/600, Total: 1644.242453, Node: 963.171080, Link: 681.062285, Spread: 0.906972
Epoch 332/600, Total: 1643.361103, Node: 962.666757, Link: 680.685291, Spread: 0.902831
Epoch 333/600, Total: 1640.362471, Node: 961.171876, Link: 679.181642, Spread: 0.897634
Epoch 334/600, Total: 1636.426907, Node: 959.211228, Link: 677.206786, Spread: 0.888444
Epoch 335/600, Total: 1649.125515, Node: 957.071630, Link: 692.044913, Spread: 0.899392
Epoch 336/600, Total: 1660.298130, Node: 968.180411, Link: 692.108668, Spread: 0.902392
Epoch 337/600, Total: 1633.734474, Node: 957.923031, Link: 675.802508, Spread: 0.892641
Epoch 338/600, Total: 1644.335225, Node: 961.188447, Link: 683.137908, Spread: 0.885084
Epoch 339/600, Total: 1650.728223, Node: 957.196423, Link: 693.522752, Spread: 0.904707
Epoch 340/600, Total: 1642.995976, Node: 953.009976, Link: 689.976959, Spread: 0.905712
Epoch 341/600, Total: 1651.352075, Node: 956.998104, Link: 694.344902, Spread: 0.907585
Epoch 342/600, Total: 1653.506561, Node: 959.166022, Link: 694.331480, Spread: 0.905054
Epoch 343/600, Total: 1629.909610, Node: 955.539310, Link: 674.361296, Spread: 0.900416
Epoch 344/600, Total: 1643.862455, Node: 955.579735, Link: 688.273713, Spread: 0.902290
Epoch 345/600, Total: 1631.305484, Node: 952.814740, Link: 678.481740, Spread: 0.903056
Epoch 346/600, Total: 1638.572049, Node: 955.953008, Link: 682.610027, Spread: 0.900783
Epoch 347/600, Total: 1639.296925, Node: 952.778117, Link: 686.509724, Spread: 0.909335
Epoch 348/600, Total: 1631.029985, Node: 952.456472, Link: 678.564561, Spread: 0.896501
Epoch 349/600, Total: 1643.102444, Node: 954.208198, Link: 688.885215, Spread: 0.903357
Epoch 350/600, Total: 1644.889271, Node: 952.511984, Link: 692.368242, Spread: 0.905354
Epoch 351/600, Total: 1645.101222, Node: 953.379659, Link: 691.712495, Spread: 0.905888
Epoch 352/600, Total: 1630.550804, Node: 951.101202, Link: 679.440701, Spread: 0.889939
Epoch 353/600, Total: 1645.561004, Node: 953.857579, Link: 691.694381, Spread: 0.905113
Epoch 354/600, Total: 1648.942667, Node: 953.875991, Link: 695.057645, Spread: 0.904008
Epoch 355/600, Total: 1651.063854, Node: 955.229159, Link: 695.825663, Spread: 0.903239
Epoch 356/600, Total: 1637.523403, Node: 953.336576, Link: 684.177815, Spread: 0.902204
Epoch 357/600, Total: 1624.421672, Node: 948.633177, Link: 675.779602, Spread: 0.891505
Epoch 358/600, Total: 1634.812675, Node: 956.473945, Link: 678.329772, Spread: 0.894921
Epoch 359/600, Total: 1645.526718, Node: 959.020440, Link: 686.497436, Spread: 0.884639
Epoch 360/600, Total: 1633.187251, Node: 956.763259, Link: 676.415188, Spread: 0.878500
Epoch 361/600, Total: 1632.024805, Node: 952.803276, Link: 679.212699, Spread: 0.883966
Epoch 362/600, Total: 1627.217035, Node: 948.883006, Link: 678.325202, Spread: 0.882654
Epoch 363/600, Total: 1653.991895, Node: 960.401684, Link: 693.581217, Spread: 0.898421
Epoch 364/600, Total: 1644.478333, Node: 951.565262, Link: 692.904053, Spread: 0.901394
Epoch 365/600, Total: 1644.434112, Node: 953.436311, Link: 690.988827, Spread: 0.896769
Epoch 366/600, Total: 1635.844267, Node: 954.934667, Link: 680.900724, Spread: 0.886629
Epoch 367/600, Total: 1634.798087, Node: 956.103513, Link: 678.685522, Spread: 0.905038
Epoch 368/600, Total: 1628.161981, Node: 950.519475, Link: 677.633702, Spread: 0.883180
Epoch 369/600, Total: 1660.814190, Node: 958.246339, Link: 702.558670, Spread: 0.917272
Epoch 370/600, Total: 1628.543599, Node: 954.865249, Link: 673.669508, Spread: 0.883897
Epoch 371/600, Total: 1634.299191, Node: 952.110255, Link: 682.180060, Spread: 0.886574
Epoch 372/600, Total: 1643.505439, Node: 952.107203, Link: 691.389248, Spread: 0.899770
Epoch 373/600, Total: 1631.856195, Node: 951.913071, Link: 679.934267, Spread: 0.887399
Epoch 374/600, Total: 1641.470086, Node: 951.946552, Link: 689.514503, Spread: 0.904161
Epoch 375/600, Total: 1652.720108, Node: 958.510463, Link: 694.200608, Spread: 0.903157
Epoch 376/600, Total: 1639.501945, Node: 951.945648, Link: 687.547366, Spread: 0.894296
Epoch 377/600, Total: 1664.702825, Node: 970.169882, Link: 694.523672, Spread: 0.927894
Epoch 378/600, Total: 1686.694451, Node: 999.121097, Link: 687.563524, Spread: 0.981619
Epoch 379/600, Total: 1646.264456, Node: 970.831752, Link: 675.422977, Spread: 0.969889
Epoch 380/600, Total: 1650.039016, Node: 970.210647, Link: 679.818966, Spread: 0.939567
Epoch 381/600, Total: 1636.074804, Node: 955.455565, Link: 680.610325, Spread: 0.889675
Epoch 382/600, Total: 1622.412045, Node: 946.896259, Link: 675.506709, Spread: 0.908869
Epoch 383/600, Total: 1630.555351, Node: 953.727449, Link: 676.818878, Spread: 0.901096
Epoch 384/600, Total: 1630.991884, Node: 950.859742, Link: 680.122894, Spread: 0.926986
Epoch 385/600, Total: 1620.849046, Node: 945.112289, Link: 675.727486, Spread: 0.925072
Epoch 386/600, Total: 1620.366271, Node: 942.005968, Link: 678.351071, Spread: 0.922419
Epoch 387/600, Total: 1632.329581, Node: 949.015763, Link: 683.304690, Spread: 0.912239
Epoch 388/600, Total: 1635.030306, Node: 946.803296, Link: 688.217682, Spread: 0.931771
Epoch 389/600, Total: 1633.837396, Node: 954.622978, Link: 679.205325, Spread: 0.908041
Epoch 390/600, Total: 1643.176436, Node: 958.269506, Link: 684.897830, Spread: 0.908795
Epoch 391/600, Total: 1628.863949, Node: 947.293982, Link: 681.560885, Spread: 0.908759
Epoch 392/600, Total: 1622.332476, Node: 945.329050, Link: 676.994265, Spread: 0.917097
Epoch 393/600, Total: 1637.640091, Node: 956.533627, Link: 681.097231, Spread: 0.923671
Epoch 394/600, Total: 1624.245420, Node: 947.205597, Link: 677.030921, Spread: 0.890597
Epoch 395/600, Total: 1629.785399, Node: 951.193808, Link: 678.582583, Spread: 0.901569
Epoch 396/600, Total: 1621.967655, Node: 945.851499, Link: 676.107084, Spread: 0.909818
Epoch 397/600, Total: 1634.814410, Node: 946.741481, Link: 688.063674, Spread: 0.924052
Epoch 398/600, Total: 1626.686646, Node: 948.819840, Link: 677.857702, Spread: 0.909687
Epoch 399/600, Total: 1638.610156, Node: 949.558410, Link: 689.042585, Spread: 0.918124
Epoch 400/600, Total: 1628.469820, Node: 949.179516, Link: 679.281550, Spread: 0.876506
Epoch 401/600, Total: 1627.466760, Node: 947.957367, Link: 679.500494, Spread: 0.890026
Epoch 402/600, Total: 1635.307648, Node: 949.941397, Link: 685.357357, Spread: 0.889347
Epoch 403/600, Total: 1650.445549, Node: 951.040940, Link: 699.395443, Spread: 0.916769
Epoch 404/600, Total: 1623.843594, Node: 947.428686, Link: 676.405902, Spread: 0.902065
Epoch 405/600, Total: 1627.102584, Node: 947.369268, Link: 679.724516, Spread: 0.880214
Epoch 406/600, Total: 1632.124889, Node: 949.065473, Link: 683.050682, Spread: 0.873641
Epoch 407/600, Total: 1636.449523, Node: 951.383139, Link: 685.057714, Spread: 0.865171
Epoch 408/600, Total: 1631.375469, Node: 951.669224, Link: 679.697620, Spread: 0.863173
Epoch 409/600, Total: 1636.233667, Node: 947.161258, Link: 689.063492, Spread: 0.892090
Epoch 410/600, Total: 1619.723258, Node: 945.238144, Link: 674.476653, Spread: 0.846994
Epoch 411/600, Total: 1649.854357, Node: 953.507311, Link: 696.338107, Spread: 0.891755
Epoch 412/600, Total: 1640.865044, Node: 950.961934, Link: 689.894296, Spread: 0.881127
Epoch 413/600, Total: 1638.900826, Node: 953.969560, Link: 684.922631, Spread: 0.863543
Epoch 414/600, Total: 1657.421202, Node: 958.342165, Link: 699.070167, Spread: 0.886180
Epoch 415/600, Total: 1638.007258, Node: 949.573156, Link: 688.425338, Spread: 0.874360
Epoch 416/600, Total: 1624.139567, Node: 943.194776, Link: 680.936261, Spread: 0.855392
Epoch 417/600, Total: 1626.924199, Node: 949.260406, Link: 677.655341, Spread: 0.846654
Epoch 418/600, Total: 1650.955539, Node: 959.576049, Link: 691.370697, Spread: 0.880921
Epoch 419/600, Total: 1637.991794, Node: 956.854873, Link: 681.128370, Spread: 0.855020
Epoch 420/600, Total: 1640.514430, Node: 952.570968, Link: 687.934687, Spread: 0.876534
Epoch 421/600, Total: 1634.430305, Node: 952.329753, Link: 682.092077, Spread: 0.845897
Epoch 422/600, Total: 1653.896794, Node: 967.819064, Link: 686.068881, Spread: 0.885746
Epoch 423/600, Total: 1647.426427, Node: 965.460310, Link: 681.956980, Spread: 0.915729
Epoch 424/600, Total: 1622.446973, Node: 945.727355, Link: 676.711243, Spread: 0.836627
Epoch 425/600, Total: 1622.328413, Node: 945.328873, Link: 676.991101, Spread: 0.844480
Epoch 426/600, Total: 1637.055134, Node: 948.162048, Link: 688.884368, Spread: 0.871180
Epoch 427/600, Total: 1629.502953, Node: 948.632335, Link: 680.862004, Spread: 0.859225
Epoch 428/600, Total: 1622.996528, Node: 947.240921, Link: 675.747229, Spread: 0.837819
Epoch 429/600, Total: 1633.459498, Node: 947.629398, Link: 685.821380, Spread: 0.873494
Epoch 430/600, Total: 1636.971793, Node: 951.915940, Link: 685.047149, Spread: 0.868480
Epoch 431/600, Total: 1630.110616, Node: 950.297544, Link: 679.804614, Spread: 0.846266
Epoch 432/600, Total: 1628.899570, Node: 951.162623, Link: 677.728556, Spread: 0.839552
Epoch 433/600, Total: 1626.545504, Node: 946.276604, Link: 680.260601, Spread: 0.832008
Epoch 434/600, Total: 1633.776714, Node: 945.783251, Link: 687.985043, Spread: 0.845388
Epoch 435/600, Total: 1627.079797, Node: 944.907012, Link: 682.164328, Spread: 0.844350
Epoch 436/600, Total: 1637.868690, Node: 953.279907, Link: 684.580437, Spread: 0.835497
Epoch 437/600, Total: 1625.850799, Node: 947.787415, Link: 678.055168, Spread: 0.822585
Epoch 438/600, Total: 1628.237864, Node: 947.246834, Link: 680.982660, Spread: 0.838530
Epoch 439/600, Total: 1625.872534, Node: 946.054834, Link: 679.809325, Spread: 0.838468
Epoch 440/600, Total: 1638.298777, Node: 951.709993, Link: 686.580283, Spread: 0.851148
Epoch 441/600, Total: 1623.285578, Node: 946.241236, Link: 677.035714, Spread: 0.861746
Epoch 442/600, Total: 1628.088143, Node: 946.794871, Link: 681.284768, Spread: 0.848592
Epoch 443/600, Total: 1638.510886, Node: 949.224511, Link: 689.277756, Spread: 0.861817
Epoch 444/600, Total: 1636.675277, Node: 947.738734, Link: 688.927851, Spread: 0.870216
Epoch 445/600, Total: 1639.909704, Node: 946.322186, Link: 693.578907, Spread: 0.859120
Epoch 446/600, Total: 1626.024710, Node: 945.457329, Link: 680.558896, Spread: 0.848495
Epoch 447/600, Total: 1634.591607, Node: 948.703263, Link: 685.879700, Spread: 0.863862
Epoch 448/600, Total: 1629.111053, Node: 944.756626, Link: 684.346108, Spread: 0.832178
Epoch 449/600, Total: 1634.168386, Node: 946.204949, Link: 687.954840, Spread: 0.861341
Epoch 450/600, Total: 1633.101104, Node: 948.231466, Link: 684.861080, Spread: 0.857270
Epoch 451/600, Total: 1636.812199, Node: 946.387369, Link: 690.416129, Spread: 0.867698
Epoch 452/600, Total: 1633.550415, Node: 946.472417, Link: 687.069600, Spread: 0.839692
Epoch 453/600, Total: 1623.424589, Node: 945.873145, Link: 677.542993, Spread: 0.844547
Epoch 454/600, Total: 1621.510184, Node: 946.625369, Link: 674.876604, Spread: 0.819221
Epoch 455/600, Total: 1633.816988, Node: 953.165593, Link: 680.643133, Spread: 0.827828
Epoch 456/600, Total: 1628.155915, Node: 949.218161, Link: 678.929549, Spread: 0.821577
Epoch 457/600, Total: 1640.940565, Node: 951.155229, Link: 689.776684, Spread: 0.863755
Epoch 458/600, Total: 1636.971796, Node: 948.172709, Link: 688.790579, Spread: 0.851168
Epoch 459/600, Total: 1634.359958, Node: 948.316790, Link: 686.034681, Spread: 0.847970
Epoch 460/600, Total: 1631.153399, Node: 946.018423, Link: 685.126465, Spread: 0.851584
Epoch 461/600, Total: 1636.998832, Node: 946.636404, Link: 690.353755, Spread: 0.867723
Epoch 462/600, Total: 1639.338151, Node: 951.018308, Link: 688.311278, Spread: 0.856392
Epoch 463/600, Total: 1637.018282, Node: 949.448490, Link: 687.561085, Spread: 0.870655
Epoch 464/600, Total: 1639.435935, Node: 948.273239, Link: 691.154047, Spread: 0.864901
Epoch 465/600, Total: 1626.579976, Node: 947.323427, Link: 679.248115, Spread: 0.844448
Epoch 466/600, Total: 1633.151907, Node: 950.386029, Link: 682.757348, Spread: 0.853870
Epoch 467/600, Total: 1622.810161, Node: 944.034739, Link: 678.767073, Spread: 0.834792
Epoch 468/600, Total: 1633.026757, Node: 951.348181, Link: 681.670135, Spread: 0.843624
Epoch 469/600, Total: 1638.399230, Node: 948.764600, Link: 689.626213, Spread: 0.843061
Epoch 470/600, Total: 1626.146956, Node: 950.954667, Link: 675.184044, Spread: 0.826607
Epoch 471/600, Total: 1625.295273, Node: 947.000170, Link: 678.286736, Spread: 0.836904
Epoch 472/600, Total: 1635.838305, Node: 948.049419, Link: 687.780235, Spread: 0.863782
Epoch 473/600, Total: 1635.912486, Node: 945.409168, Link: 690.494651, Spread: 0.865550
Epoch 474/600, Total: 1628.969204, Node: 944.996747, Link: 683.963885, Spread: 0.855989
Epoch 475/600, Total: 1636.270110, Node: 946.173875, Link: 690.087506, Spread: 0.871215
Epoch 476/600, Total: 1636.679473, Node: 949.736280, Link: 686.934541, Spread: 0.864532
Epoch 477/600, Total: 1639.336028, Node: 949.731629, Link: 689.595633, Spread: 0.874789
Epoch 478/600, Total: 1638.911186, Node: 952.002441, Link: 686.900045, Spread: 0.870902
Epoch 479/600, Total: 1641.254694, Node: 950.666838, Link: 690.579105, Spread: 0.874703
Epoch 480/600, Total: 1636.502568, Node: 946.330122, Link: 690.163681, Spread: 0.876226
Epoch 481/600, Total: 1621.879459, Node: 941.698466, Link: 680.172364, Spread: 0.863222
Epoch 482/600, Total: 1636.882318, Node: 947.121728, Link: 689.751880, Spread: 0.870794
Epoch 483/600, Total: 1636.791785, Node: 946.674092, Link: 690.108959, Spread: 0.872283
Epoch 484/600, Total: 1637.710606, Node: 952.865638, Link: 684.836332, Spread: 0.864247
Epoch 485/600, Total: 1638.495912, Node: 949.085511, Link: 689.401774, Spread: 0.859233
Epoch 486/600, Total: 1630.242233, Node: 945.380259, Link: 684.853329, Spread: 0.865429
Epoch 487/600, Total: 1626.298694, Node: 944.076144, Link: 682.214202, Spread: 0.834900
Epoch 488/600, Total: 1618.227915, Node: 941.476202, Link: 676.743284, Spread: 0.841720
Epoch 489/600, Total: 1635.282013, Node: 947.684390, Link: 687.589249, Spread: 0.835779
Epoch 490/600, Total: 1614.762225, Node: 941.136035, Link: 673.618066, Spread: 0.814383
Epoch 491/600, Total: 1614.567881, Node: 938.259469, Link: 676.300089, Spread: 0.832955
Epoch 492/600, Total: 1637.947092, Node: 947.302403, Link: 690.636140, Spread: 0.854617
Epoch 493/600, Total: 1635.859555, Node: 946.139194, Link: 689.711749, Spread: 0.858972
Epoch 494/600, Total: 1624.689123, Node: 942.870215, Link: 681.810429, Spread: 0.848371
Epoch 495/600, Total: 1636.271147, Node: 946.446576, Link: 689.815953, Spread: 0.861144
Epoch 496/600, Total: 1637.585832, Node: 948.871593, Link: 688.705721, Spread: 0.850641
Epoch 497/600, Total: 1645.832411, Node: 956.734272, Link: 689.089609, Spread: 0.853634
Epoch 498/600, Total: 1615.275109, Node: 940.508751, Link: 674.757938, Spread: 0.840889
Epoch 499/600, Total: 1636.845104, Node: 946.767490, Link: 690.068989, Spread: 0.861660
Epoch 500/600, Total: 1636.320679, Node: 946.373026, Link: 689.939004, Spread: 0.864710
Epoch 501/600, Total: 1636.675970, Node: 946.752778, Link: 689.914521, Spread: 0.866425
Epoch 502/600, Total: 1638.293756, Node: 951.393022, Link: 686.892173, Spread: 0.854674
Epoch 503/600, Total: 1635.443992, Node: 954.479100, Link: 680.956469, Spread: 0.841413
Epoch 504/600, Total: 1628.998311, Node: 947.427175, Link: 681.562546, Spread: 0.858344
Epoch 505/600, Total: 1641.604501, Node: 950.933692, Link: 690.662356, Spread: 0.846288
Epoch 506/600, Total: 1622.976372, Node: 945.071553, Link: 677.896308, Spread: 0.851994
Epoch 507/600, Total: 1629.661770, Node: 946.710100, Link: 682.943428, Spread: 0.823660
Epoch 508/600, Total: 1624.406648, Node: 943.530533, Link: 680.867788, Spread: 0.834573
Epoch 509/600, Total: 1618.854784, Node: 938.051765, Link: 680.794753, Spread: 0.827695
Epoch 510/600, Total: 1635.590923, Node: 947.625593, Link: 687.956909, Spread: 0.843269
Epoch 511/600, Total: 1635.343471, Node: 945.975481, Link: 689.359512, Spread: 0.847544
Epoch 512/600, Total: 1635.792445, Node: 946.273870, Link: 689.510032, Spread: 0.851756
Epoch 513/600, Total: 1636.354277, Node: 946.854035, Link: 689.491693, Spread: 0.854534
Epoch 514/600, Total: 1631.490675, Node: 947.133943, Link: 684.348512, Spread: 0.822143
Epoch 515/600, Total: 1617.956258, Node: 940.258009, Link: 677.690050, Spread: 0.819329
Epoch 516/600, Total: 1630.452488, Node: 947.545129, Link: 682.899043, Spread: 0.832096
Epoch 517/600, Total: 1635.513008, Node: 948.744664, Link: 686.759915, Spread: 0.840694
Epoch 518/600, Total: 1635.648798, Node: 946.898837, Link: 688.741524, Spread: 0.845171
Epoch 519/600, Total: 1646.879900, Node: 957.090464, Link: 689.780686, Spread: 0.874551
Epoch 520/600, Total: 1620.705048, Node: 941.885265, Link: 678.811311, Spread: 0.848761
Epoch 521/600, Total: 1633.895558, Node: 945.079124, Link: 688.807942, Spread: 0.850717
Epoch 522/600, Total: 1635.572809, Node: 946.663091, Link: 688.901182, Spread: 0.852689
Epoch 523/600, Total: 1635.921033, Node: 947.293309, Link: 688.619188, Spread: 0.854238
Epoch 524/600, Total: 1635.944734, Node: 947.579349, Link: 688.356838, Spread: 0.855378
Epoch 525/600, Total: 1635.855188, Node: 947.754230, Link: 688.092395, Spread: 0.856101
Epoch 526/600, Total: 1635.707474, Node: 947.875094, Link: 687.823849, Spread: 0.856464
Epoch 527/600, Total: 1635.524733, Node: 947.960450, Link: 687.555716, Spread: 0.856518
Epoch 528/600, Total: 1635.322061, Node: 948.019206, Link: 687.294282, Spread: 0.856306
Epoch 529/600, Total: 1635.111707, Node: 948.057506, Link: 687.045650, Spread: 0.855875
Epoch 530/600, Total: 1634.877069, Node: 947.987373, Link: 686.881159, Spread: 0.853994
Epoch 531/600, Total: 1630.542560, Node: 946.466606, Link: 684.067521, Spread: 0.843435
Epoch 532/600, Total: 1634.837989, Node: 947.926053, Link: 686.903457, Spread: 0.848857
Epoch 533/600, Total: 1634.647474, Node: 948.034024, Link: 686.604952, Spread: 0.849673
Epoch 534/600, Total: 1634.418625, Node: 948.061313, Link: 686.348819, Spread: 0.849946
Epoch 535/600, Total: 1636.602469, Node: 947.589881, Link: 689.004127, Spread: 0.846618
Epoch 536/600, Total: 1628.266749, Node: 947.618065, Link: 680.640180, Spread: 0.850830
Epoch 537/600, Total: 1633.763449, Node: 948.065972, Link: 685.688966, Spread: 0.849654
Epoch 538/600, Total: 1633.795274, Node: 947.951477, Link: 685.835287, Spread: 0.849503
Epoch 539/600, Total: 1633.717378, Node: 947.933896, Link: 685.774988, Spread: 0.849272
Epoch 540/600, Total: 1633.613880, Node: 947.945845, Link: 685.659541, Spread: 0.848844
Epoch 541/600, Total: 1633.508358, Node: 947.960262, Link: 685.539611, Spread: 0.848277
Epoch 542/600, Total: 1633.410076, Node: 947.972817, Link: 685.428795, Spread: 0.847626
Epoch 543/600, Total: 1633.320586, Node: 947.983857, Link: 685.328254, Spread: 0.846930
Epoch 544/600, Total: 1633.239202, Node: 947.994111, Link: 685.236614, Spread: 0.846216
Epoch 545/600, Total: 1629.229044, Node: 947.153802, Link: 682.066990, Spread: 0.825563
Epoch 546/600, Total: 1622.703255, Node: 943.606684, Link: 679.088238, Spread: 0.833698
Epoch 547/600, Total: 1624.686547, Node: 947.706432, Link: 676.972116, Spread: 0.801204
Epoch 548/600, Total: 1608.348801, Node: 933.879599, Link: 674.461154, Spread: 0.803352
Epoch 549/600, Total: 1607.767728, Node: 933.006386, Link: 674.753384, Spread: 0.794079
Epoch 550/600, Total: 1619.462678, Node: 942.201311, Link: 677.253300, Spread: 0.809538
Epoch 551/600, Total: 1633.669872, Node: 946.250053, Link: 687.411475, Spread: 0.832540
Epoch 552/600, Total: 1633.933900, Node: 945.932560, Link: 687.992975, Spread: 0.838451
Epoch 553/600, Total: 1619.832395, Node: 940.623815, Link: 679.200375, Spread: 0.820449
Epoch 554/600, Total: 1622.661786, Node: 943.022700, Link: 679.631152, Spread: 0.792191
Epoch 555/600, Total: 1609.347729, Node: 934.919997, Link: 674.419782, Spread: 0.797275
Epoch 556/600, Total: 1618.621625, Node: 940.850683, Link: 677.762936, Spread: 0.802156
Epoch 557/600, Total: 1633.344790, Node: 947.915181, Link: 685.421306, Spread: 0.828029
Epoch 558/600, Total: 1634.402398, Node: 946.020680, Link: 688.373359, Spread: 0.835685
Epoch 559/600, Total: 1624.656346, Node: 945.248316, Link: 679.399996, Spread: 0.803720
Epoch 560/600, Total: 1641.673072, Node: 954.446393, Link: 687.218878, Spread: 0.781524
Epoch 561/600, Total: 1665.329425, Node: 979.818453, Link: 685.503547, Spread: 0.741505
Epoch 562/600, Total: 1676.201863, Node: 988.945262, Link: 687.249145, Spread: 0.745228
Epoch 563/600, Total: 1674.079339, Node: 995.736587, Link: 678.335222, Spread: 0.754931
Epoch 564/600, Total: 1624.080539, Node: 945.450931, Link: 678.621293, Spread: 0.830112
Epoch 565/600, Total: 1633.217847, Node: 947.339629, Link: 685.869757, Spread: 0.845243
Epoch 566/600, Total: 1632.803403, Node: 945.313580, Link: 687.481268, Spread: 0.853562
Epoch 567/600, Total: 1637.353733, Node: 947.751724, Link: 689.593483, Spread: 0.855749
Epoch 568/600, Total: 1628.367058, Node: 947.078020, Link: 681.280437, Spread: 0.859282
Epoch 569/600, Total: 1633.732203, Node: 946.759593, Link: 686.963926, Spread: 0.865920
Epoch 570/600, Total: 1633.608089, Node: 946.513384, Link: 687.086001, Spread: 0.870794
Epoch 571/600, Total: 1616.734002, Node: 938.283080, Link: 678.442375, Spread: 0.855464
Epoch 572/600, Total: 1633.183426, Node: 946.882631, Link: 686.292146, Spread: 0.864669
Epoch 573/600, Total: 1633.917222, Node: 946.955996, Link: 686.952515, Spread: 0.870359
Epoch 574/600, Total: 1630.970775, Node: 944.982178, Link: 685.979923, Spread: 0.866282
Epoch 575/600, Total: 1604.785213, Node: 931.695290, Link: 673.081577, Spread: 0.837054
Epoch 576/600, Total: 1624.642551, Node: 943.602525, Link: 681.031764, Spread: 0.827113
Epoch 577/600, Total: 1622.408263, Node: 944.135549, Link: 678.264360, Spread: 0.836225
Epoch 578/600, Total: 1611.884925, Node: 936.310583, Link: 675.566019, Spread: 0.834152
Epoch 579/600, Total: 1634.349845, Node: 946.939520, Link: 687.401728, Spread: 0.857671
Epoch 580/600, Total: 1633.956254, Node: 945.895825, Link: 688.051772, Spread: 0.866375
Epoch 581/600, Total: 1645.083497, Node: 955.989177, Link: 689.085315, Spread: 0.900510
Epoch 582/600, Total: 1629.178780, Node: 947.317073, Link: 681.853238, Spread: 0.847976
Epoch 583/600, Total: 1618.937087, Node: 940.446526, Link: 678.482221, Spread: 0.834268
Epoch 584/600, Total: 1634.842640, Node: 946.357285, Link: 688.476965, Spread: 0.840951
Epoch 585/600, Total: 1629.196144, Node: 948.559360, Link: 680.628237, Spread: 0.856472
Epoch 586/600, Total: 1619.335140, Node: 940.785491, Link: 678.541298, Spread: 0.835507
Epoch 587/600, Total: 1628.073874, Node: 945.767648, Link: 682.297621, Spread: 0.860115
Epoch 588/600, Total: 1633.553188, Node: 945.902464, Link: 687.642029, Spread: 0.870495
Epoch 589/600, Total: 1633.867817, Node: 946.223392, Link: 687.635649, Spread: 0.878924
Epoch 590/600, Total: 1634.117296, Node: 946.756406, Link: 687.352040, Spread: 0.885300
Epoch 591/600, Total: 1634.058668, Node: 947.134176, Link: 686.915587, Spread: 0.889850
Epoch 592/600, Total: 1635.120138, Node: 949.227487, Link: 685.883550, Spread: 0.910268
Epoch 593/600, Total: 1610.345863, Node: 934.007535, Link: 676.329600, Spread: 0.870741
Epoch 594/600, Total: 1611.016277, Node: 937.323644, Link: 673.683922, Spread: 0.870177
Epoch 595/600, Total: 1630.146935, Node: 946.249479, Link: 683.888633, Spread: 0.883770
Epoch 596/600, Total: 1634.517988, Node: 946.631961, Link: 687.877110, Spread: 0.894343
Epoch 597/600, Total: 1634.629025, Node: 947.222212, Link: 687.397810, Spread: 0.899912
Epoch 598/600, Total: 1634.406223, Node: 947.541464, Link: 686.855716, Spread: 0.903457
Epoch 599/600, Total: 1634.148824, Node: 947.252055, Link: 686.887752, Spread: 0.899525
Epoch 600/600, Total: 1618.687776, Node: 942.313707, Link: 676.365088, Spread: 0.895980
Saved sweep result to: /homes/dameyer/ml-for-wdn-project-4/results/aggregated/gnn_training_sweep/net1_buffer=15_rollout=15_seed=42.json
Table value: 942.313707
