Filter:    enkf
Job:       240896
Array ID:  1
Seed:      43
Host:      assistant-1.GPU.CIT-EC.NET
Dataset:   hanoi

Running Hanoi GNN EnKF: 24 sensor counts × 1 sensor placements
2 sensors/type: 1.2251 ± 0.3133
3 sensors/type: 1.1592 ± 0.3053
4 sensors/type: 1.0720 ± 0.2727
5 sensors/type: 1.0177 ± 0.2663
6 sensors/type: 0.9876 ± 0.2693
7 sensors/type: 1.0213 ± 0.2597
8 sensors/type: 0.9478 ± 0.2556
9 sensors/type: 1.0251 ± 0.2623
10 sensors/type: 0.9871 ± 0.2632
11 sensors/type: 0.9346 ± 0.2468
12 sensors/type: 0.9260 ± 0.2370
13 sensors/type: 0.9043 ± 0.2700
14 sensors/type: 0.9002 ± 0.2412
15 sensors/type: 0.9136 ± 0.2468
16 sensors/type: 0.8679 ± 0.2420
17 sensors/type: 0.8783 ± 0.2551
18 sensors/type: 0.8717 ± 0.2479
19 sensors/type: 0.8906 ± 0.2421
20 sensors/type: 0.8677 ± 0.2525
21 sensors/type: 0.8639 ± 0.2489
22 sensors/type: 0.8680 ± 0.2443
23 sensors/type: 0.8501 ± 0.2334
24 sensors/type: 0.8465 ± 0.2393
25 sensors/type: 0.8326 ± 0.2376
Saved gnn EnKF result to: /homes/dameyer/ml-for-wdn-project-4/results/aggregated/hanoi_gnn_enkf_n_iters=1_ensemble_size=50_seed=43.npz
