================================
GNN training sweep
Job ID: 242678
Task ID: 14
Buffer size: 10
Rollout length: 10
================================
Running GNN sweep: dataset=Net1, buffer=10, rollout=10
Epoch 1/600, Total: 3924.571548, Node: 2365.657170, Link: 1557.220617, Spread: 169.378314
Epoch 2/600, Total: 1997.410856, Node: 1245.793900, Link: 749.828063, Spread: 178.889823
Epoch 3/600, Total: 1937.940278, Node: 1195.979941, Link: 740.370199, Spread: 159.015218
Epoch 4/600, Total: 1880.436664, Node: 1149.112057, Link: 729.877124, Spread: 144.748079
Epoch 5/600, Total: 1857.118773, Node: 1130.872109, Link: 724.909932, Spread: 133.673597
Epoch 6/600, Total: 1827.075070, Node: 1100.562942, Link: 725.293656, Spread: 121.848561
Epoch 7/600, Total: 1800.726973, Node: 1081.273689, Link: 718.344458, Spread: 110.883903
Epoch 8/600, Total: 1786.575294, Node: 1072.809579, Link: 712.744483, Spread: 102.123392
Epoch 9/600, Total: 1773.097886, Node: 1056.717759, Link: 715.439964, Spread: 94.016079
Epoch 10/600, Total: 1758.602665, Node: 1038.940113, Link: 718.804373, Spread: 85.819642
Epoch 11/600, Total: 1756.933071, Node: 1033.569849, Link: 722.585794, Spread: 77.741435
Epoch 12/600, Total: 1749.317208, Node: 1028.709311, Link: 719.903021, Spread: 70.489317
Epoch 13/600, Total: 1761.653298, Node: 1049.256244, Link: 711.759656, Spread: 63.740700
Epoch 14/600, Total: 1762.278680, Node: 1043.541181, Link: 718.150862, Spread: 58.664099
Epoch 15/600, Total: 1750.450064, Node: 1037.970817, Link: 711.941825, Spread: 53.743916
Epoch 16/600, Total: 1739.106289, Node: 1030.207173, Link: 708.416569, Spread: 48.253879
Epoch 17/600, Total: 1739.857521, Node: 1042.759593, Link: 696.672399, Spread: 42.552138
Epoch 18/600, Total: 1725.406720, Node: 1026.940602, Link: 698.079052, Spread: 38.706958
Epoch 19/600, Total: 1705.051439, Node: 1016.083832, Link: 688.624042, Spread: 34.356706
Epoch 20/600, Total: 1721.440380, Node: 1024.592981, Link: 696.539397, Spread: 30.799872
Epoch 21/600, Total: 1700.814947, Node: 1019.488467, Link: 681.059616, Spread: 26.684747
Epoch 22/600, Total: 1685.748667, Node: 1008.419182, Link: 677.096422, Spread: 23.306707
Epoch 23/600, Total: 1680.452829, Node: 1009.876838, Link: 670.380018, Spread: 19.597828
Epoch 24/600, Total: 1669.023302, Node: 1002.298680, Link: 666.552032, Spread: 17.259774
Epoch 25/600, Total: 1661.500836, Node: 994.649746, Link: 666.694365, Spread: 15.671464
Epoch 26/600, Total: 1657.407813, Node: 990.119566, Link: 667.145322, Spread: 14.293500
Epoch 27/600, Total: 1665.593330, Node: 995.018983, Link: 670.445773, Spread: 12.857763
Epoch 28/600, Total: 1653.548313, Node: 988.183483, Link: 665.247006, Spread: 11.782765
Epoch 29/600, Total: 1648.747720, Node: 985.264265, Link: 663.376950, Spread: 10.649932
Epoch 30/600, Total: 1658.690322, Node: 985.267826, Link: 673.324483, Spread: 9.800329
Epoch 31/600, Total: 1644.737087, Node: 971.997791, Link: 672.650026, Spread: 8.925745
Epoch 32/600, Total: 1643.771996, Node: 977.202418, Link: 666.487512, Spread: 8.205959
Epoch 33/600, Total: 1660.442536, Node: 992.335519, Link: 668.029189, Spread: 7.782933
Epoch 34/600, Total: 1643.220932, Node: 975.637149, Link: 667.512552, Spread: 7.123422
Epoch 35/600, Total: 1656.108450, Node: 980.797832, Link: 675.244852, Spread: 6.575343
Epoch 36/600, Total: 1680.548306, Node: 989.046379, Link: 691.441133, Spread: 6.079304
Epoch 37/600, Total: 1662.282749, Node: 986.946318, Link: 675.277859, Spread: 5.857522
Epoch 38/600, Total: 1693.939894, Node: 973.920700, Link: 719.965065, Spread: 5.410885
Epoch 39/600, Total: 1684.253843, Node: 997.032636, Link: 687.170818, Spread: 5.038169
Epoch 40/600, Total: 1667.906067, Node: 982.700964, Link: 685.157867, Spread: 4.725525
Epoch 41/600, Total: 1654.222227, Node: 974.702164, Link: 679.474665, Spread: 4.539450
Epoch 42/600, Total: 1667.295163, Node: 972.496188, Link: 694.755450, Spread: 4.352507
Epoch 43/600, Total: 1675.242382, Node: 986.990081, Link: 688.210322, Spread: 4.197861
Epoch 44/600, Total: 1639.852420, Node: 967.743333, Link: 672.070736, Spread: 3.835264
Epoch 45/600, Total: 1665.067872, Node: 981.603286, Link: 683.426944, Spread: 3.764090
Epoch 46/600, Total: 1640.496743, Node: 967.876186, Link: 672.584712, Spread: 3.585537
Epoch 47/600, Total: 1648.073819, Node: 969.721060, Link: 678.318443, Spread: 3.431902
Epoch 48/600, Total: 1650.003934, Node: 970.827496, Link: 679.143675, Spread: 3.274930
Epoch 49/600, Total: 1648.562500, Node: 975.426469, Link: 673.104333, Spread: 3.169860
Epoch 50/600, Total: 1646.623445, Node: 972.646639, Link: 673.945326, Spread: 3.147771
Epoch 51/600, Total: 1641.328945, Node: 973.597919, Link: 667.700087, Spread: 3.092067
Epoch 52/600, Total: 1656.292340, Node: 979.472458, Link: 676.789823, Spread: 3.004259
Epoch 53/600, Total: 1630.485107, Node: 961.972891, Link: 668.483501, Spread: 2.871041
Epoch 54/600, Total: 1639.316507, Node: 965.140623, Link: 674.147253, Spread: 2.862376
Epoch 55/600, Total: 1622.610635, Node: 953.972625, Link: 668.610320, Spread: 2.769281
Epoch 56/600, Total: 1617.059627, Node: 948.622946, Link: 668.409975, Spread: 2.670268
Epoch 57/600, Total: 1623.770377, Node: 954.274995, Link: 669.469474, Spread: 2.589661
Epoch 58/600, Total: 1614.100981, Node: 952.657511, Link: 661.417894, Spread: 2.556795
Epoch 59/600, Total: 1625.695646, Node: 959.547344, Link: 666.123257, Spread: 2.504501
Epoch 60/600, Total: 1618.861287, Node: 950.642937, Link: 668.194000, Spread: 2.434930
Epoch 61/600, Total: 1639.484911, Node: 973.438109, Link: 666.022804, Spread: 2.400397
Epoch 62/600, Total: 1656.089082, Node: 988.482605, Link: 667.583941, Spread: 2.254545
Epoch 63/600, Total: 1644.245283, Node: 981.857237, Link: 662.366807, Spread: 2.123503
Epoch 64/600, Total: 1636.778676, Node: 964.629750, Link: 672.128717, Spread: 2.021152
Epoch 65/600, Total: 1626.228453, Node: 957.987468, Link: 668.221612, Spread: 1.937620
Epoch 66/600, Total: 1607.380306, Node: 949.054277, Link: 658.307104, Spread: 1.893391
Epoch 67/600, Total: 1615.918566, Node: 956.033312, Link: 659.866737, Spread: 1.852188
Epoch 68/600, Total: 1623.417485, Node: 956.775651, Link: 666.623054, Spread: 1.877660
Epoch 69/600, Total: 1617.437382, Node: 951.535210, Link: 665.883335, Spread: 1.883129
Epoch 70/600, Total: 1618.607614, Node: 951.837016, Link: 666.751952, Spread: 1.864209
Epoch 71/600, Total: 1624.633840, Node: 955.725801, Link: 668.889399, Spread: 1.866644
Epoch 72/600, Total: 1625.239177, Node: 964.659615, Link: 660.561067, Spread: 1.850037
Epoch 73/600, Total: 1606.224010, Node: 943.357613, Link: 662.848307, Spread: 1.808946
Epoch 74/600, Total: 1612.230508, Node: 955.100609, Link: 657.111639, Spread: 1.825677
Epoch 75/600, Total: 1607.637950, Node: 945.656194, Link: 661.963594, Spread: 1.818093
Epoch 76/600, Total: 1615.052438, Node: 950.576617, Link: 664.457950, Spread: 1.786391
Epoch 77/600, Total: 1605.372634, Node: 947.097225, Link: 658.257619, Spread: 1.781690
Epoch 78/600, Total: 1601.268292, Node: 941.832896, Link: 659.417555, Spread: 1.783376
Epoch 79/600, Total: 1593.376268, Node: 934.520789, Link: 658.838036, Spread: 1.743387
Epoch 80/600, Total: 1599.619160, Node: 946.400379, Link: 653.201397, Spread: 1.738138
Epoch 81/600, Total: 1605.722400, Node: 947.615504, Link: 658.089845, Spread: 1.704361
Epoch 82/600, Total: 1608.114507, Node: 946.392101, Link: 661.705536, Spread: 1.686350
Epoch 83/600, Total: 1609.494170, Node: 952.288691, Link: 657.188494, Spread: 1.699944
Epoch 84/600, Total: 1603.520137, Node: 950.094089, Link: 653.409535, Spread: 1.650671
Epoch 85/600, Total: 1597.134011, Node: 942.868401, Link: 654.249474, Spread: 1.613327
Epoch 86/600, Total: 1611.065031, Node: 950.002323, Link: 661.046665, Spread: 1.604952
Epoch 87/600, Total: 1603.674349, Node: 948.443507, Link: 655.214843, Spread: 1.600967
Epoch 88/600, Total: 1600.608215, Node: 937.880696, Link: 662.711446, Spread: 1.607708
Epoch 89/600, Total: 1601.658137, Node: 945.939937, Link: 655.702304, Spread: 1.588644
Epoch 90/600, Total: 1599.182312, Node: 943.424849, Link: 655.742172, Spread: 1.528942
Epoch 91/600, Total: 1609.169631, Node: 949.926444, Link: 659.227769, Spread: 1.540637
Epoch 92/600, Total: 1609.052991, Node: 946.092885, Link: 662.944941, Spread: 1.515969
Epoch 93/600, Total: 1600.511879, Node: 941.708713, Link: 658.788255, Spread: 1.492798
Epoch 94/600, Total: 1593.917756, Node: 942.703957, Link: 651.198934, Spread: 1.486244
Epoch 95/600, Total: 1606.446553, Node: 946.154268, Link: 660.277722, Spread: 1.456553
Epoch 96/600, Total: 1592.192703, Node: 942.317633, Link: 649.860966, Spread: 1.412042
Epoch 97/600, Total: 1604.803853, Node: 946.418472, Link: 658.371251, Spread: 1.412775
Epoch 98/600, Total: 1596.630473, Node: 944.966583, Link: 651.649799, Spread: 1.410162
Epoch 99/600, Total: 1595.102789, Node: 943.890714, Link: 651.198143, Spread: 1.392420
Epoch 100/600, Total: 1608.404790, Node: 951.996479, Link: 656.394087, Spread: 1.422247
Epoch 101/600, Total: 1598.937395, Node: 944.399210, Link: 654.524247, Spread: 1.394460
Epoch 102/600, Total: 1600.623517, Node: 943.277736, Link: 657.332079, Spread: 1.370539
Epoch 103/600, Total: 1589.377879, Node: 941.038778, Link: 648.325481, Spread: 1.363382
Epoch 104/600, Total: 1582.894644, Node: 932.548394, Link: 650.332779, Spread: 1.347371
Epoch 105/600, Total: 1619.069966, Node: 949.033997, Link: 670.022782, Spread: 1.317451
Epoch 106/600, Total: 1593.156830, Node: 941.314673, Link: 651.828848, Spread: 1.328983
Epoch 107/600, Total: 1598.316364, Node: 948.335286, Link: 649.968200, Spread: 1.289232
Epoch 108/600, Total: 1589.713820, Node: 938.199453, Link: 651.501520, Spread: 1.285774
Epoch 109/600, Total: 1617.415985, Node: 969.971697, Link: 647.430868, Spread: 1.341830
Epoch 110/600, Total: 1628.586530, Node: 976.173448, Link: 652.399468, Spread: 1.361434
Epoch 111/600, Total: 1615.148431, Node: 963.554639, Link: 651.579873, Spread: 1.391316
Epoch 112/600, Total: 1611.783581, Node: 962.030353, Link: 649.739054, Spread: 1.418274
Epoch 113/600, Total: 1636.211714, Node: 985.456226, Link: 650.742141, Spread: 1.334742
Epoch 114/600, Total: 1632.005419, Node: 976.694329, Link: 655.297855, Spread: 1.321485
Epoch 115/600, Total: 1608.533072, Node: 959.034374, Link: 649.484930, Spread: 1.377526
Epoch 116/600, Total: 1609.424869, Node: 962.619922, Link: 646.791282, Spread: 1.367178
Epoch 117/600, Total: 1604.106617, Node: 946.656998, Link: 657.435965, Spread: 1.366887
Epoch 118/600, Total: 1602.507293, Node: 950.139838, Link: 652.354380, Spread: 1.307162
Epoch 119/600, Total: 1609.036331, Node: 957.660054, Link: 651.363521, Spread: 1.275824
Epoch 120/600, Total: 1604.140921, Node: 953.366188, Link: 650.762395, Spread: 1.232528
Epoch 121/600, Total: 1596.950844, Node: 947.109482, Link: 649.829158, Spread: 1.219254
Epoch 122/600, Total: 1598.254612, Node: 948.350981, Link: 649.892011, Spread: 1.161773
Epoch 123/600, Total: 1602.771636, Node: 947.614406, Link: 655.145451, Spread: 1.177906
Epoch 124/600, Total: 1599.876386, Node: 949.632669, Link: 650.232059, Spread: 1.165913
Epoch 125/600, Total: 1600.452368, Node: 949.316395, Link: 651.124039, Spread: 1.193816
Epoch 126/600, Total: 1615.404474, Node: 945.974938, Link: 669.417570, Spread: 1.196539
Epoch 127/600, Total: 1596.872861, Node: 941.897670, Link: 654.963463, Spread: 1.174328
Epoch 128/600, Total: 1608.531808, Node: 949.190348, Link: 659.329806, Spread: 1.164563
Epoch 129/600, Total: 1592.401502, Node: 944.043729, Link: 648.346332, Spread: 1.143879
Epoch 130/600, Total: 1608.188904, Node: 955.109003, Link: 653.068164, Spread: 1.174166
Epoch 131/600, Total: 1616.025035, Node: 954.566216, Link: 661.447016, Spread: 1.180548
Epoch 132/600, Total: 1600.599650, Node: 948.500294, Link: 652.088180, Spread: 1.119340
Epoch 133/600, Total: 1602.810214, Node: 947.929827, Link: 654.868732, Spread: 1.164380
Epoch 134/600, Total: 1596.659519, Node: 946.706073, Link: 649.941912, Spread: 1.154491
Epoch 135/600, Total: 1609.991869, Node: 954.877471, Link: 655.102975, Spread: 1.141637
Epoch 136/600, Total: 1624.905244, Node: 966.820914, Link: 658.073123, Spread: 1.121091
Epoch 137/600, Total: 1614.149921, Node: 960.462685, Link: 653.675704, Spread: 1.152789
Epoch 138/600, Total: 1603.749758, Node: 946.801828, Link: 656.936354, Spread: 1.156994
Epoch 139/600, Total: 1611.233588, Node: 957.706144, Link: 653.516201, Spread: 1.123553
Epoch 140/600, Total: 1592.968364, Node: 941.931757, Link: 651.025536, Spread: 1.108220
Epoch 141/600, Total: 1606.282813, Node: 955.647902, Link: 650.623492, Spread: 1.141573
Epoch 142/600, Total: 1593.448936, Node: 944.329664, Link: 649.107720, Spread: 1.153882
Epoch 143/600, Total: 1607.019470, Node: 954.233275, Link: 652.774633, Spread: 1.154887
Epoch 144/600, Total: 1594.005664, Node: 941.818386, Link: 652.176001, Spread: 1.128619
Epoch 145/600, Total: 1604.782811, Node: 950.228948, Link: 654.542097, Spread: 1.177210
Epoch 146/600, Total: 1622.171958, Node: 972.367053, Link: 649.793092, Spread: 1.180620
Epoch 147/600, Total: 1624.896428, Node: 973.014394, Link: 651.870587, Spread: 1.143546
Epoch 148/600, Total: 1617.161813, Node: 962.212763, Link: 654.938138, Spread: 1.090747
Epoch 149/600, Total: 1620.924778, Node: 970.362280, Link: 650.551437, Spread: 1.105888
Epoch 150/600, Total: 1619.940045, Node: 961.688648, Link: 658.239824, Spread: 1.155710
Epoch 151/600, Total: 1620.620335, Node: 969.709487, Link: 650.899839, Spread: 1.100358
Epoch 152/600, Total: 1622.034893, Node: 969.778169, Link: 652.245306, Spread: 1.142377
Epoch 153/600, Total: 1612.751286, Node: 959.448447, Link: 653.291435, Spread: 1.140014
Epoch 154/600, Total: 1613.996411, Node: 959.254439, Link: 654.730303, Spread: 1.165183
Epoch 155/600, Total: 1615.045263, Node: 965.329967, Link: 649.703805, Spread: 1.149473
Epoch 156/600, Total: 1604.669219, Node: 956.184848, Link: 648.472577, Spread: 1.178473
Epoch 157/600, Total: 1627.706116, Node: 971.189132, Link: 656.505028, Spread: 1.195975
Epoch 158/600, Total: 1621.991173, Node: 968.429148, Link: 653.550394, Spread: 1.163368
Epoch 159/600, Total: 1625.577489, Node: 972.006139, Link: 653.560055, Spread: 1.128793
Epoch 160/600, Total: 1606.444186, Node: 959.725506, Link: 646.707500, Spread: 1.119185
Epoch 161/600, Total: 1597.635595, Node: 947.245383, Link: 650.379094, Spread: 1.111988
Epoch 162/600, Total: 1625.218765, Node: 974.213936, Link: 650.993346, Spread: 1.147695
Epoch 163/600, Total: 1607.595679, Node: 954.903978, Link: 652.680346, Spread: 1.134055
Epoch 164/600, Total: 1619.270136, Node: 965.019914, Link: 654.238234, Spread: 1.199581
Epoch 165/600, Total: 1615.815547, Node: 960.333092, Link: 655.470339, Spread: 1.211906
Epoch 166/600, Total: 1623.705090, Node: 965.552536, Link: 658.140539, Spread: 1.202584
Epoch 167/600, Total: 1603.091597, Node: 952.014258, Link: 651.065287, Spread: 1.204149
Epoch 168/600, Total: 1588.743306, Node: 945.028910, Link: 643.702837, Spread: 1.154452
Epoch 169/600, Total: 1588.035693, Node: 941.512158, Link: 646.512225, Spread: 1.131519
Epoch 170/600, Total: 1597.524780, Node: 951.622495, Link: 645.891110, Spread: 1.116280
Epoch 171/600, Total: 1610.949000, Node: 962.033678, Link: 648.904361, Spread: 1.095610
Epoch 172/600, Total: 1606.115091, Node: 954.029740, Link: 652.074221, Spread: 1.113123
Epoch 173/600, Total: 1607.104918, Node: 958.281172, Link: 648.812615, Spread: 1.111827
Epoch 174/600, Total: 1618.659085, Node: 963.727965, Link: 654.919777, Spread: 1.133335
Epoch 175/600, Total: 1610.620265, Node: 959.225462, Link: 651.383206, Spread: 1.159392
Epoch 176/600, Total: 1608.648940, Node: 958.142264, Link: 650.494950, Spread: 1.171580
Epoch 177/600, Total: 1603.968123, Node: 952.783010, Link: 651.173755, Spread: 1.135181
Epoch 178/600, Total: 1612.493804, Node: 959.256640, Link: 653.225599, Spread: 1.155037
Epoch 179/600, Total: 1609.765838, Node: 956.238938, Link: 653.515701, Spread: 1.119385
Epoch 180/600, Total: 1601.813581, Node: 951.335181, Link: 650.467339, Spread: 1.104143
Epoch 181/600, Total: 1623.878912, Node: 969.572755, Link: 654.295382, Spread: 1.075856
Epoch 182/600, Total: 1618.814762, Node: 966.205773, Link: 652.598451, Spread: 1.052727
Epoch 183/600, Total: 1616.323694, Node: 965.026678, Link: 651.286258, Spread: 1.076399
Epoch 184/600, Total: 1616.030492, Node: 963.673161, Link: 652.346285, Spread: 1.104466
Epoch 185/600, Total: 1615.208444, Node: 962.115533, Link: 653.081674, Spread: 1.123532
Epoch 186/600, Total: 1613.892574, Node: 960.790243, Link: 653.090957, Spread: 1.135941
Epoch 187/600, Total: 1612.876365, Node: 960.013039, Link: 652.851874, Spread: 1.145111
Epoch 188/600, Total: 1612.558627, Node: 959.544191, Link: 653.002948, Spread: 1.150446
Epoch 189/600, Total: 1613.286924, Node: 958.853650, Link: 654.421771, Spread: 1.149103
Epoch 190/600, Total: 1618.196445, Node: 962.026569, Link: 656.158307, Spread: 1.157600
Epoch 191/600, Total: 1612.433381, Node: 957.434536, Link: 654.987358, Spread: 1.150504
Epoch 192/600, Total: 1611.963551, Node: 957.746023, Link: 654.206157, Spread: 1.135331
Epoch 193/600, Total: 1611.856718, Node: 957.545619, Link: 654.299858, Spread: 1.125387
Epoch 194/600, Total: 1611.761680, Node: 957.266720, Link: 654.483811, Spread: 1.114783
Epoch 195/600, Total: 1611.778864, Node: 956.960485, Link: 654.807334, Spread: 1.104024
Epoch 196/600, Total: 1616.039124, Node: 957.578921, Link: 658.449337, Spread: 1.085923
Epoch 197/600, Total: 1604.330391, Node: 953.793863, Link: 650.525852, Spread: 1.067423
Epoch 198/600, Total: 1607.443830, Node: 954.925296, Link: 652.507996, Spread: 1.053344
Epoch 199/600, Total: 1616.091331, Node: 958.586722, Link: 657.494382, Spread: 1.022827
Epoch 200/600, Total: 1606.981866, Node: 953.713621, Link: 653.258197, Spread: 1.003507
Epoch 201/600, Total: 1605.196502, Node: 947.494848, Link: 657.691455, Spread: 1.018831
Epoch 202/600, Total: 1619.638184, Node: 962.273712, Link: 657.354180, Spread: 1.030644
Epoch 203/600, Total: 1680.476213, Node: 968.732991, Link: 711.732730, Spread: 1.048434
Epoch 204/600, Total: 1689.466090, Node: 976.810996, Link: 712.642140, Spread: 1.296325
Epoch 205/600, Total: 1698.111671, Node: 994.318751, Link: 703.777075, Spread: 1.583278
Epoch 206/600, Total: 1678.502228, Node: 977.709900, Link: 700.775248, Spread: 1.708349
Epoch 207/600, Total: 1665.935621, Node: 969.092446, Link: 696.825142, Spread: 1.801888
Epoch 208/600, Total: 1665.058100, Node: 969.057185, Link: 695.982471, Spread: 1.844888
Epoch 209/600, Total: 1665.483461, Node: 970.006921, Link: 695.458062, Spread: 1.849167
Epoch 210/600, Total: 1664.747123, Node: 970.124827, Link: 694.604014, Spread: 1.829202
Epoch 211/600, Total: 1662.547187, Node: 969.154458, Link: 693.374758, Spread: 1.796419
Epoch 212/600, Total: 1664.000384, Node: 970.446605, Link: 693.536334, Spread: 1.743996
Epoch 213/600, Total: 1657.076948, Node: 966.395652, Link: 690.664238, Spread: 1.705411
Epoch 214/600, Total: 1660.315510, Node: 969.080864, Link: 691.218207, Spread: 1.644587
Epoch 215/600, Total: 1658.143449, Node: 967.681961, Link: 690.445587, Spread: 1.589913
Epoch 216/600, Total: 1662.386014, Node: 970.571233, Link: 691.799541, Spread: 1.524494
Epoch 217/600, Total: 1667.570159, Node: 968.355775, Link: 699.199242, Spread: 1.514039
Epoch 218/600, Total: 1671.067327, Node: 970.834459, Link: 700.217571, Spread: 1.531606
Epoch 219/600, Total: 1663.585990, Node: 966.080845, Link: 697.489655, Spread: 1.548739
Epoch 220/600, Total: 1664.553678, Node: 966.659617, Link: 697.878741, Spread: 1.530811
Epoch 221/600, Total: 1668.796350, Node: 969.834357, Link: 698.947028, Spread: 1.495098
Epoch 222/600, Total: 1663.095957, Node: 965.854906, Link: 697.226280, Spread: 1.475368
Epoch 223/600, Total: 1663.991000, Node: 966.390480, Link: 697.586131, Spread: 1.438396
Epoch 224/600, Total: 1668.734760, Node: 969.784003, Link: 698.936855, Spread: 1.390355
Epoch 225/600, Total: 1662.544576, Node: 965.554811, Link: 696.976153, Spread: 1.362129
Epoch 226/600, Total: 1663.539789, Node: 966.199520, Link: 697.327048, Spread: 1.323249
Epoch 227/600, Total: 1669.637895, Node: 970.364813, Link: 699.260343, Spread: 1.277074
Epoch 228/600, Total: 1662.005753, Node: 965.261822, Link: 696.731416, Spread: 1.251288
Epoch 229/600, Total: 1663.391973, Node: 966.236954, Link: 697.142872, Spread: 1.214890
Epoch 230/600, Total: 1670.735782, Node: 970.945475, Link: 699.778549, Spread: 1.175486
Epoch 231/600, Total: 1661.505914, Node: 964.949782, Link: 696.544582, Spread: 1.154445
Epoch 232/600, Total: 1663.197680, Node: 966.260622, Link: 696.925840, Spread: 1.122278
Epoch 233/600, Total: 1671.209994, Node: 971.172282, Link: 700.026788, Spread: 1.090135
Epoch 234/600, Total: 1661.058325, Node: 964.693300, Link: 696.354294, Spread: 1.073270
Epoch 235/600, Total: 1662.735927, Node: 966.086935, Link: 696.638546, Spread: 1.045785
Epoch 236/600, Total: 1671.366313, Node: 971.242350, Link: 700.113765, Spread: 1.019719
Epoch 237/600, Total: 1660.677795, Node: 964.489139, Link: 696.178577, Spread: 1.005971
Epoch 238/600, Total: 1662.028486, Node: 965.718070, Link: 696.300577, Spread: 0.982946
Epoch 239/600, Total: 1671.354392, Node: 971.234970, Link: 700.109810, Spread: 0.961689
Epoch 240/600, Total: 1660.375341, Node: 964.329395, Link: 696.036432, Spread: 0.950073
Epoch 241/600, Total: 1661.295468, Node: 965.308723, Link: 695.977436, Spread: 0.930978
Epoch 242/600, Total: 1671.227582, Node: 971.181135, Link: 700.037303, Spread: 0.913457
Epoch 243/600, Total: 1660.136894, Node: 964.201333, Link: 695.926523, Spread: 0.903191
Epoch 244/600, Total: 1660.652421, Node: 964.943470, Link: 695.700084, Spread: 0.887398
Epoch 245/600, Total: 1671.002069, Node: 971.073231, Link: 699.920121, Spread: 0.872709
Epoch 246/600, Total: 1659.954033, Node: 964.094803, Link: 695.850592, Spread: 0.863298
Epoch 247/600, Total: 1660.328177, Node: 964.777538, Link: 695.542138, Spread: 0.850014
Epoch 248/600, Total: 1670.804462, Node: 970.914471, Link: 699.881603, Spread: 0.837578
Epoch 249/600, Total: 1659.837221, Node: 964.003772, Link: 695.825164, Spread: 0.828879
Epoch 250/600, Total: 1661.032065, Node: 965.283268, Link: 695.740642, Spread: 0.816392
Epoch 251/600, Total: 1670.643145, Node: 970.659929, Link: 699.975155, Spread: 0.805295
Epoch 252/600, Total: 1659.757439, Node: 963.913068, Link: 695.836411, Spread: 0.798134
Epoch 253/600, Total: 1663.592535, Node: 966.972104, Link: 696.612581, Spread: 0.785863
Epoch 254/600, Total: 1667.482729, Node: 969.068573, Link: 698.406402, Spread: 0.775645
Epoch 255/600, Total: 1660.777615, Node: 964.999482, Link: 695.770459, Spread: 0.768899
Epoch 256/600, Total: 1666.117254, Node: 968.593111, Link: 697.516523, Spread: 0.759246
Epoch 257/600, Total: 1660.492913, Node: 964.411188, Link: 696.074205, Spread: 0.750837
Epoch 258/600, Total: 1669.809932, Node: 970.183365, Link: 699.619115, Spread: 0.743735
Epoch 259/600, Total: 1660.414858, Node: 964.211909, Link: 696.195562, Spread: 0.736750
Epoch 260/600, Total: 1669.628918, Node: 970.115339, Link: 699.506302, Spread: 0.729412
Epoch 261/600, Total: 1661.243447, Node: 964.742694, Link: 696.493526, Spread: 0.722673
Epoch 262/600, Total: 1669.647773, Node: 969.978939, Link: 699.661684, Spread: 0.715500
Epoch 263/600, Total: 1661.258583, Node: 964.734388, Link: 696.517104, Spread: 0.709941
Epoch 264/600, Total: 1669.503554, Node: 969.889581, Link: 699.606942, Spread: 0.703237
Epoch 265/600, Total: 1661.298193, Node: 964.745529, Link: 696.545669, Spread: 0.698182
Epoch 266/600, Total: 1669.381065, Node: 969.821393, Link: 699.552751, Spread: 0.691924
Epoch 267/600, Total: 1693.815450, Node: 988.288955, Link: 705.519329, Spread: 0.715849
Epoch 268/600, Total: 1670.176499, Node: 971.683556, Link: 698.485991, Spread: 0.695497
Epoch 269/600, Total: 1665.926708, Node: 967.883089, Link: 698.036720, Spread: 0.690328
Epoch 270/600, Total: 1668.385647, Node: 969.586137, Link: 698.792691, Spread: 0.683375
Epoch 271/600, Total: 1661.133007, Node: 964.712043, Link: 696.414182, Spread: 0.677960
Epoch 272/600, Total: 1669.321835, Node: 969.714600, Link: 699.600517, Spread: 0.671827
Epoch 273/600, Total: 1664.445304, Node: 966.759951, Link: 697.678695, Spread: 0.666371
Epoch 274/600, Total: 1667.938732, Node: 969.259010, Link: 698.673108, Spread: 0.660508
Epoch 275/600, Total: 1661.060344, Node: 964.580571, Link: 696.473192, Spread: 0.656339
Epoch 276/600, Total: 1668.832627, Node: 969.410134, Link: 699.415971, Spread: 0.650923
Epoch 277/600, Total: 1663.808791, Node: 966.309390, Link: 697.492943, Spread: 0.646766
Epoch 278/600, Total: 1667.295316, Node: 968.810018, Link: 698.478882, Spread: 0.641721
Epoch 279/600, Total: 1661.044933, Node: 964.531413, Link: 696.507142, Spread: 0.638446
Epoch 280/600, Total: 1668.505261, Node: 969.243434, Link: 699.255470, Spread: 0.633806
Epoch 281/600, Total: 1663.186773, Node: 965.880472, Link: 697.300004, Spread: 0.630572
Epoch 282/600, Total: 1667.041541, Node: 968.621987, Link: 698.413276, Spread: 0.626173
Epoch 283/600, Total: 1661.001795, Node: 964.469383, Link: 696.526177, Spread: 0.623700
Epoch 284/600, Total: 1668.150353, Node: 969.057064, Link: 699.087085, Spread: 0.619654
Epoch 285/600, Total: 1662.711514, Node: 965.550264, Link: 697.155080, Spread: 0.617164
Epoch 286/600, Total: 1666.726022, Node: 968.395610, Link: 698.324276, Spread: 0.613250
Epoch 287/600, Total: 1660.914313, Node: 964.386764, Link: 696.521431, Spread: 0.611412
Epoch 288/600, Total: 1667.745021, Node: 968.825121, Link: 698.913835, Spread: 0.607843
Epoch 289/600, Total: 1662.309715, Node: 965.268562, Link: 697.035099, Spread: 0.605950
Epoch 290/600, Total: 1666.377571, Node: 968.151544, Link: 698.220022, Spread: 0.602416
Epoch 291/600, Total: 1660.740331, Node: 964.253107, Link: 696.481227, Spread: 0.601104
Epoch 292/600, Total: 1667.322923, Node: 968.562665, Link: 698.754299, Spread: 0.597928
Epoch 293/600, Total: 1661.964649, Node: 965.025254, Link: 696.933434, Spread: 0.596513
Epoch 294/600, Total: 1665.991422, Node: 967.885538, Link: 698.099960, Spread: 0.593289
Epoch 295/600, Total: 1660.518140, Node: 964.096429, Link: 696.415779, Spread: 0.592402
Epoch 296/600, Total: 1661.811452, Node: 965.481430, Link: 696.324126, Spread: 0.588730
Epoch 297/600, Total: 1656.931731, Node: 962.059193, Link: 694.866618, Spread: 0.592670
Epoch 298/600, Total: 1664.459288, Node: 966.935649, Link: 697.517735, Spread: 0.590612
Epoch 299/600, Total: 1661.000057, Node: 964.433525, Link: 696.560665, Spread: 0.587780
Epoch 300/600, Total: 1665.797981, Node: 967.677657, Link: 698.114476, Spread: 0.584740
Epoch 301/600, Total: 1661.087374, Node: 964.452248, Link: 696.629277, Spread: 0.583521
Epoch 302/600, Total: 1665.632891, Node: 967.565820, Link: 698.061243, Spread: 0.580601
Epoch 303/600, Total: 1660.681532, Node: 964.166314, Link: 696.509411, Spread: 0.579817
Epoch 304/600, Total: 1665.767331, Node: 967.603803, Link: 698.157764, Spread: 0.577162
Epoch 305/600, Total: 1660.634122, Node: 964.110853, Link: 696.517505, Spread: 0.576634
Epoch 306/600, Total: 1665.469344, Node: 967.410930, Link: 698.052669, Spread: 0.574120
Epoch 307/600, Total: 1660.255683, Node: 963.851214, Link: 696.398728, Spread: 0.573877
Epoch 308/600, Total: 1665.468497, Node: 967.374720, Link: 698.088062, Spread: 0.571568
Epoch 309/600, Total: 1660.202438, Node: 963.799947, Link: 696.396797, Spread: 0.571453
Epoch 310/600, Total: 1665.128281, Node: 967.159406, Link: 697.963199, Spread: 0.569227
Epoch 311/600, Total: 1659.867708, Node: 963.572877, Link: 696.289144, Spread: 0.569324
Epoch 312/600, Total: 1665.062671, Node: 967.091456, Link: 697.965549, Spread: 0.567255
Epoch 313/600, Total: 1659.801828, Node: 963.516598, Link: 696.279571, Spread: 0.567424
Epoch 314/600, Total: 1664.726349, Node: 966.876704, Link: 697.844004, Spread: 0.565409
Epoch 315/600, Total: 1659.514610, Node: 963.322046, Link: 696.186908, Spread: 0.565739
Epoch 316/600, Total: 1664.609538, Node: 966.782818, Link: 697.821084, Spread: 0.563846
Epoch 317/600, Total: 1659.423448, Node: 963.250938, Link: 696.166863, Spread: 0.564228
Epoch 318/600, Total: 1664.296491, Node: 966.578698, Link: 697.712159, Spread: 0.562381
Epoch 319/600, Total: 1659.185349, Node: 963.088889, Link: 696.090844, Spread: 0.562882
Epoch 320/600, Total: 1664.128391, Node: 966.456316, Link: 697.666462, Spread: 0.561131
Epoch 321/600, Total: 1659.067367, Node: 963.001695, Link: 696.060050, Spread: 0.561682
Epoch 322/600, Total: 1663.840173, Node: 966.263921, Link: 697.570657, Spread: 0.559978
Epoch 323/600, Total: 1658.873295, Node: 962.868364, Link: 695.999320, Spread: 0.560608
Epoch 324/600, Total: 1663.626004, Node: 966.113729, Link: 697.506678, Spread: 0.558982
Epoch 325/600, Total: 1658.738563, Node: 962.771613, Link: 695.961358, Spread: 0.559652
Epoch 326/600, Total: 1663.352526, Node: 965.927315, Link: 697.419623, Spread: 0.558079
Epoch 327/600, Total: 1658.577796, Node: 962.659804, Link: 695.912397, Spread: 0.558802
Epoch 328/600, Total: 1663.104118, Node: 965.754549, Link: 697.344002, Spread: 0.557295
Epoch 329/600, Total: 1658.442290, Node: 962.563530, Link: 695.873193, Spread: 0.558050
Epoch 330/600, Total: 1662.831951, Node: 965.565983, Link: 697.260395, Spread: 0.556603
Epoch 331/600, Total: 1658.306971, Node: 962.468111, Link: 695.833288, Spread: 0.557385
Epoch 332/600, Total: 1662.561001, Node: 965.376640, Link: 697.178797, Spread: 0.556002
Epoch 333/600, Total: 1658.184647, Node: 962.380824, Link: 695.798242, Spread: 0.556803
Epoch 334/600, Total: 1662.680975, Node: 965.920271, Link: 696.755139, Spread: 0.555277
Epoch 335/600, Total: 1682.475018, Node: 975.710695, Link: 706.757647, Spread: 0.666469
Epoch 336/600, Total: 1673.964171, Node: 972.971352, Link: 700.985962, Spread: 0.685797
Epoch 337/600, Total: 1671.218304, Node: 970.949316, Link: 700.262085, Spread: 0.691785
Epoch 338/600, Total: 1670.244611, Node: 970.021933, Link: 700.215716, Spread: 0.694678
Epoch 339/600, Total: 1671.516962, Node: 971.340159, Link: 700.169694, Spread: 0.711679
Epoch 340/600, Total: 1673.371510, Node: 973.008572, Link: 700.355960, Spread: 0.696493
Epoch 341/600, Total: 1671.347526, Node: 971.421382, Link: 699.919190, Spread: 0.694747
Epoch 342/600, Total: 1672.260398, Node: 972.269621, Link: 699.983799, Spread: 0.695755
Epoch 343/600, Total: 1672.935635, Node: 972.659998, Link: 700.268740, Spread: 0.692919
Epoch 344/600, Total: 1672.481668, Node: 972.114064, Link: 700.360730, Spread: 0.689380
Epoch 345/600, Total: 1673.208558, Node: 972.664683, Link: 700.537006, Spread: 0.685223
Epoch 346/600, Total: 1672.325249, Node: 971.812590, Link: 700.505839, Spread: 0.680199
Epoch 347/600, Total: 1673.424798, Node: 972.729198, Link: 700.688852, Spread: 0.675286
Epoch 348/600, Total: 1672.226723, Node: 971.629638, Link: 700.590396, Spread: 0.669495
Epoch 349/600, Total: 1673.447546, Node: 972.673452, Link: 700.767452, Spread: 0.664498
Epoch 350/600, Total: 1672.173251, Node: 971.522351, Link: 700.644305, Spread: 0.658618
Epoch 351/600, Total: 1673.314563, Node: 972.504876, Link: 700.803144, Spread: 0.653834
Epoch 352/600, Total: 1672.122571, Node: 971.433241, Link: 700.682834, Spread: 0.648259
Epoch 353/600, Total: 1673.109119, Node: 972.284972, Link: 700.817731, Spread: 0.643802
Epoch 354/600, Total: 1672.064179, Node: 971.345545, Link: 700.712263, Spread: 0.638687
Epoch 355/600, Total: 1672.875016, Node: 972.046939, Link: 700.821726, Spread: 0.634591
Epoch 356/600, Total: 1671.998476, Node: 971.256973, Link: 700.735205, Spread: 0.629977
Epoch 357/600, Total: 1672.631523, Node: 971.805369, Link: 700.819883, Spread: 0.626237
Epoch 358/600, Total: 1671.926017, Node: 971.166973, Link: 700.752801, Spread: 0.622118
Epoch 359/600, Total: 1672.388630, Node: 971.567859, Link: 700.814586, Spread: 0.618718
Epoch 360/600, Total: 1671.845618, Node: 971.073846, Link: 700.765616, Spread: 0.615069
Epoch 361/600, Total: 1672.153671, Node: 971.340188, Link: 700.807371, Spread: 0.611984
Epoch 362/600, Total: 1671.753455, Node: 970.973797, Link: 700.773582, Spread: 0.608769
Epoch 363/600, Total: 1671.930182, Node: 971.125318, Link: 700.798809, Spread: 0.605980
Epoch 364/600, Total: 1671.644962, Node: 970.862486, Link: 700.776442, Spread: 0.603154
Epoch 365/600, Total: 1671.718797, Node: 970.923914, Link: 700.788886, Spread: 0.600646
Epoch 366/600, Total: 1671.516154, Node: 970.736384, Link: 700.773773, Spread: 0.598170
Epoch 367/600, Total: 1671.516455, Node: 970.733591, Link: 700.776889, Spread: 0.595931
Epoch 368/600, Total: 1671.365754, Node: 970.594469, Link: 700.765330, Spread: 0.593769
Epoch 369/600, Total: 1671.317901, Node: 970.550097, Link: 700.761881, Spread: 0.591788
Epoch 370/600, Total: 1671.195047, Node: 970.438017, Link: 700.751116, Spread: 0.589905
Epoch 371/600, Total: 1671.118189, Node: 970.369209, Link: 700.743101, Spread: 0.588170
Epoch 372/600, Total: 1671.006733, Node: 970.269478, Link: 700.731378, Spread: 0.586542
Epoch 373/600, Total: 1670.913001, Node: 970.187205, Link: 700.719941, Spread: 0.585037
Epoch 374/600, Total: 1670.804062, Node: 970.091682, Link: 700.706527, Spread: 0.583636
Epoch 375/600, Total: 1670.700271, Node: 970.002032, Link: 700.692414, Spread: 0.582343
Epoch 376/600, Total: 1670.590229, Node: 969.907276, Link: 700.677139, Spread: 0.581147
Epoch 377/600, Total: 1670.480494, Node: 969.813687, Link: 700.661019, Spread: 0.580046
Epoch 378/600, Total: 1670.368228, Node: 969.718388, Link: 700.644059, Spread: 0.579035
Epoch 379/600, Total: 1670.255196, Node: 969.622999, Link: 700.626421, Spread: 0.578109
Epoch 380/600, Total: 1670.141261, Node: 969.527234, Link: 700.608250, Spread: 0.577264
Epoch 381/600, Total: 1670.026728, Node: 969.431409, Link: 700.589566, Spread: 0.576494
Epoch 382/600, Total: 1669.912099, Node: 969.335850, Link: 700.570517, Spread: 0.575795
Epoch 383/600, Total: 1669.797578, Node: 969.240633, Link: 700.551199, Spread: 0.575163
Epoch 384/600, Total: 1669.683564, Node: 969.146146, Link: 700.531702, Spread: 0.574594
Epoch 385/600, Total: 1669.570240, Node: 969.052430, Link: 700.512080, Spread: 0.574081
Epoch 386/600, Total: 1669.457972, Node: 968.959823, Link: 700.492424, Spread: 0.573623
Epoch 387/600, Total: 1669.347160, Node: 968.868586, Link: 700.472853, Spread: 0.573215
Epoch 388/600, Total: 1669.238255, Node: 968.779033, Link: 700.453499, Spread: 0.572854
Epoch 389/600, Total: 1669.130978, Node: 968.690987, Link: 700.434286, Spread: 0.572536
Epoch 390/600, Total: 1669.026659, Node: 968.605370, Link: 700.415563, Spread: 0.572256
Epoch 391/600, Total: 1668.924757, Node: 968.521738, Link: 700.397301, Spread: 0.572013
Epoch 392/600, Total: 1668.826266, Node: 968.440852, Link: 700.379701, Spread: 0.571804
Epoch 393/600, Total: 1668.731285, Node: 968.362680, Link: 700.362905, Spread: 0.571624
Epoch 394/600, Total: 1668.640038, Node: 968.287382, Link: 700.346956, Spread: 0.571471
Epoch 395/600, Total: 1668.553036, Node: 968.215262, Link: 700.332073, Spread: 0.571343
Epoch 396/600, Total: 1668.470464, Node: 968.146426, Link: 700.318341, Spread: 0.571237
Epoch 397/600, Total: 1668.392627, Node: 968.081027, Link: 700.305907, Spread: 0.571149
Epoch 398/600, Total: 1668.319741, Node: 968.019217, Link: 700.294835, Spread: 0.571079
Epoch 399/600, Total: 1668.251748, Node: 967.960864, Link: 700.285209, Spread: 0.571026
Epoch 400/600, Total: 1668.189145, Node: 967.906228, Link: 700.277202, Spread: 0.570987
Epoch 401/600, Total: 1668.131263, Node: 967.854965, Link: 700.270596, Spread: 0.570962
Epoch 402/600, Total: 1668.078217, Node: 967.807067, Link: 700.265443, Spread: 0.570950
Epoch 403/600, Total: 1668.030037, Node: 967.762553, Link: 700.261773, Spread: 0.570951
Epoch 404/600, Total: 1667.986246, Node: 967.721071, Link: 700.259474, Spread: 0.570964
Epoch 405/600, Total: 1667.946749, Node: 967.682582, Link: 700.258457, Spread: 0.570989
Epoch 406/600, Total: 1667.911050, Node: 967.646761, Link: 700.258588, Spread: 0.571025
Epoch 407/600, Total: 1667.878808, Node: 967.613399, Link: 700.259702, Spread: 0.571073
Epoch 408/600, Total: 1667.849671, Node: 967.582259, Link: 700.261700, Spread: 0.571133
Epoch 409/600, Total: 1667.823354, Node: 967.553169, Link: 700.264485, Spread: 0.571206
Epoch 410/600, Total: 1667.799685, Node: 967.526031, Link: 700.267953, Spread: 0.571291
Epoch 411/600, Total: 1667.778179, Node: 967.500515, Link: 700.271941, Spread: 0.571389
Epoch 412/600, Total: 1667.758505, Node: 967.476439, Link: 700.276360, Spread: 0.571497
Epoch 413/600, Total: 1667.740494, Node: 967.453704, Link: 700.281078, Spread: 0.571619
Epoch 414/600, Total: 1667.723963, Node: 967.432176, Link: 700.286087, Spread: 0.571753
Epoch 415/600, Total: 1667.708490, Node: 967.411562, Link: 700.291195, Spread: 0.571900
Epoch 416/600, Total: 1667.694399, Node: 967.392132, Link: 700.296553, Spread: 0.572059
Epoch 417/600, Total: 1667.681056, Node: 967.373396, Link: 700.301939, Spread: 0.572230
Epoch 418/600, Total: 1667.668447, Node: 967.355397, Link: 700.307317, Spread: 0.572414
Epoch 419/600, Total: 1667.656702, Node: 967.338209, Link: 700.312764, Spread: 0.572610
Epoch 420/600, Total: 1667.645504, Node: 967.321601, Link: 700.318168, Spread: 0.572819
Epoch 421/600, Total: 1667.634939, Node: 967.305639, Link: 700.323572, Spread: 0.573040
Epoch 422/600, Total: 1667.624916, Node: 967.290234, Link: 700.328952, Spread: 0.573272
Epoch 423/600, Total: 1667.615198, Node: 967.275222, Link: 700.334236, Spread: 0.573517
Epoch 424/600, Total: 1667.606135, Node: 967.260881, Link: 700.339537, Spread: 0.573774
Epoch 425/600, Total: 1667.597569, Node: 967.247010, Link: 700.344826, Spread: 0.574042
Epoch 426/600, Total: 1667.589213, Node: 967.233442, Link: 700.350028, Spread: 0.574322
Epoch 427/600, Total: 1667.581220, Node: 967.220303, Link: 700.355161, Spread: 0.574614
Epoch 428/600, Total: 1667.573868, Node: 967.207725, Link: 700.360375, Spread: 0.574917
Epoch 429/600, Total: 1667.566838, Node: 967.195528, Link: 700.365556, Spread: 0.575231
Epoch 430/600, Total: 1667.560232, Node: 967.183735, Link: 700.370734, Spread: 0.575557
Epoch 431/600, Total: 1667.554078, Node: 967.172359, Link: 700.375967, Spread: 0.575894
Epoch 432/600, Total: 1667.548216, Node: 967.161288, Link: 700.381155, Spread: 0.576244
Epoch 433/600, Total: 1667.542905, Node: 967.150712, Link: 700.386431, Spread: 0.576604
Epoch 434/600, Total: 1667.537974, Node: 967.140475, Link: 700.391724, Spread: 0.576974
Epoch 435/600, Total: 1667.533601, Node: 967.130723, Link: 700.397107, Spread: 0.577356
Epoch 436/600, Total: 1667.529540, Node: 967.121251, Link: 700.402509, Spread: 0.577749
Epoch 437/600, Total: 1667.526074, Node: 967.112269, Link: 700.408052, Spread: 0.578151
Epoch 438/600, Total: 1667.522934, Node: 967.103571, Link: 700.413568, Spread: 0.578563
Epoch 439/600, Total: 1667.520360, Node: 967.095343, Link: 700.419225, Spread: 0.578985
Epoch 440/600, Total: 1667.518266, Node: 967.087520, Link: 700.424939, Spread: 0.579416
Epoch 441/600, Total: 1667.516356, Node: 967.079907, Link: 700.430657, Spread: 0.579857
Epoch 442/600, Total: 1667.515070, Node: 967.072777, Link: 700.436478, Spread: 0.580308
Epoch 443/600, Total: 1667.514062, Node: 967.065962, Link: 700.442297, Spread: 0.580768
Epoch 444/600, Total: 1667.513601, Node: 967.059565, Link: 700.448224, Spread: 0.581235
Epoch 445/600, Total: 1667.513256, Node: 967.053370, Link: 700.454073, Spread: 0.581710
Epoch 446/600, Total: 1667.513208, Node: 967.047495, Link: 700.459893, Spread: 0.582193
Epoch 447/600, Total: 1667.513347, Node: 967.041849, Link: 700.465681, Spread: 0.582682
Epoch 448/600, Total: 1667.513612, Node: 967.036419, Link: 700.471356, Spread: 0.583179
Epoch 449/600, Total: 1667.272831, Node: 966.752352, Link: 700.514635, Spread: 0.583645
Epoch 450/600, Total: 1669.134653, Node: 967.657676, Link: 701.471671, Spread: 0.531473
Epoch 451/600, Total: 1669.983344, Node: 968.347421, Link: 701.630635, Spread: 0.529201
Epoch 452/600, Total: 1669.545502, Node: 967.973932, Link: 701.566201, Spread: 0.536360
Epoch 453/600, Total: 1669.199603, Node: 967.695528, Link: 701.498642, Spread: 0.542791
Epoch 454/600, Total: 1668.949345, Node: 967.492824, Link: 701.451045, Spread: 0.548337
Epoch 455/600, Total: 1668.750361, Node: 967.336959, Link: 701.407865, Spread: 0.553044
Epoch 456/600, Total: 1668.581860, Node: 967.212363, Link: 701.363925, Spread: 0.556992
Epoch 457/600, Total: 1668.436351, Node: 967.110780, Link: 701.319977, Spread: 0.560280
Epoch 458/600, Total: 1668.311010, Node: 967.027332, Link: 701.278053, Spread: 0.563004
Epoch 459/600, Total: 1668.202829, Node: 966.958059, Link: 701.239134, Spread: 0.565247
Epoch 460/600, Total: 1668.109297, Node: 966.899958, Link: 701.203677, Spread: 0.567082
Epoch 461/600, Total: 1668.028482, Node: 966.850913, Link: 701.171890, Spread: 0.568572
Epoch 462/600, Total: 1667.957910, Node: 966.808930, Link: 701.143285, Spread: 0.569772
Epoch 463/600, Total: 1667.896212, Node: 966.772811, Link: 701.117679, Spread: 0.570728
Epoch 464/600, Total: 1667.841832, Node: 966.741460, Link: 701.094637, Spread: 0.571483
Epoch 465/600, Total: 1667.793602, Node: 966.714143, Link: 701.073763, Spread: 0.572070
Epoch 466/600, Total: 1667.750370, Node: 966.690039, Link: 701.054607, Spread: 0.572518
Epoch 467/600, Total: 1667.711436, Node: 966.668818, Link: 701.036896, Spread: 0.572854
Epoch 468/600, Total: 1667.676116, Node: 966.650080, Link: 701.020302, Spread: 0.573096
Epoch 469/600, Total: 1667.643584, Node: 966.633399, Link: 701.004456, Spread: 0.573263
Epoch 470/600, Total: 1667.613709, Node: 966.618663, Link: 700.989304, Spread: 0.573370
Epoch 471/600, Total: 1667.599403, Node: 966.629578, Link: 700.964090, Spread: 0.573379
Epoch 472/600, Total: 1667.522460, Node: 966.579443, Link: 700.937283, Spread: 0.573375
Epoch 473/600, Total: 1667.543386, Node: 966.587894, Link: 700.949748, Spread: 0.573402
Epoch 474/600, Total: 1667.515169, Node: 966.577699, Link: 700.931736, Spread: 0.573366
Epoch 475/600, Total: 1667.494040, Node: 966.570619, Link: 700.917698, Spread: 0.573314
Epoch 476/600, Total: 1667.473983, Node: 966.564936, Link: 700.903315, Spread: 0.573246
Epoch 477/600, Total: 1667.455509, Node: 966.560916, Link: 700.888866, Spread: 0.573166
Epoch 478/600, Total: 1667.438488, Node: 966.558484, Link: 700.874262, Spread: 0.573076
Epoch 479/600, Total: 1667.423130, Node: 966.557892, Link: 700.859516, Spread: 0.572978
Epoch 480/600, Total: 1667.409352, Node: 966.559156, Link: 700.844463, Spread: 0.572871
Epoch 481/600, Total: 1667.397189, Node: 966.562179, Link: 700.829291, Spread: 0.572757
Epoch 482/600, Total: 1667.386852, Node: 966.567075, Link: 700.814050, Spread: 0.572638
Epoch 483/600, Total: 1667.378730, Node: 966.574285, Link: 700.798727, Spread: 0.572513
Epoch 484/600, Total: 1667.372471, Node: 966.583613, Link: 700.783153, Spread: 0.572382
Epoch 485/600, Total: 1667.368811, Node: 966.595515, Link: 700.767567, Spread: 0.572246
Epoch 486/600, Total: 1667.367459, Node: 966.609882, Link: 700.751849, Spread: 0.572104
Epoch 487/600, Total: 1667.368411, Node: 966.626700, Link: 700.735986, Spread: 0.571959
Epoch 488/600, Total: 1667.371569, Node: 966.645868, Link: 700.719972, Spread: 0.571814
Epoch 489/600, Total: 1667.376685, Node: 966.667131, Link: 700.703834, Spread: 0.571669
Epoch 490/600, Total: 1667.383292, Node: 966.690055, Link: 700.687534, Spread: 0.571530
Epoch 491/600, Total: 1667.390710, Node: 966.714040, Link: 700.670961, Spread: 0.571402
Epoch 492/600, Total: 1667.398020, Node: 966.738173, Link: 700.654144, Spread: 0.571293
Epoch 493/600, Total: 1667.404569, Node: 966.761735, Link: 700.637136, Spread: 0.571210
Epoch 494/600, Total: 1667.409643, Node: 966.783969, Link: 700.619983, Spread: 0.571160
Epoch 495/600, Total: 1667.412505, Node: 966.803992, Link: 700.602800, Spread: 0.571150
Epoch 496/600, Total: 1667.412677, Node: 966.821262, Link: 700.585697, Spread: 0.571186
Epoch 497/600, Total: 1667.409788, Node: 966.835283, Link: 700.568801, Spread: 0.571275
Epoch 498/600, Total: 1667.403642, Node: 966.845678, Link: 700.552249, Spread: 0.571421
Epoch 499/600, Total: 1667.394156, Node: 966.852300, Link: 700.536147, Spread: 0.571627
Epoch 500/600, Total: 1667.381460, Node: 966.855119, Link: 700.520624, Spread: 0.571893
Epoch 501/600, Total: 1667.365529, Node: 966.854086, Link: 700.505730, Spread: 0.572220
Epoch 502/600, Total: 1667.346595, Node: 966.849326, Link: 700.491554, Spread: 0.572610
Epoch 503/600, Total: 1667.324870, Node: 966.841002, Link: 700.478140, Spread: 0.573061
Epoch 504/600, Total: 1667.300585, Node: 966.829315, Link: 700.465548, Spread: 0.573569
Epoch 505/600, Total: 1667.274072, Node: 966.814529, Link: 700.453792, Spread: 0.574133
Epoch 506/600, Total: 1667.245557, Node: 966.796913, Link: 700.442882, Spread: 0.574748
Epoch 507/600, Total: 1667.215337, Node: 966.776784, Link: 700.432795, Spread: 0.575412
Epoch 508/600, Total: 1667.183765, Node: 966.754495, Link: 700.423499, Spread: 0.576121
Epoch 509/600, Total: 1667.151045, Node: 966.730299, Link: 700.414977, Spread: 0.576870
Epoch 510/600, Total: 1667.117519, Node: 966.704567, Link: 700.407174, Spread: 0.577655
Epoch 511/600, Total: 1667.083486, Node: 966.677678, Link: 700.400014, Spread: 0.578473
Epoch 512/600, Total: 1667.049004, Node: 966.649788, Link: 700.393417, Spread: 0.579317
Epoch 513/600, Total: 1685.624588, Node: 980.491863, Link: 705.126799, Spread: 0.590217
Epoch 514/600, Total: 1663.611231, Node: 966.918401, Link: 696.686754, Spread: 0.608481
Epoch 515/600, Total: 1667.063695, Node: 966.469697, Link: 700.588039, Spread: 0.595230
Epoch 516/600, Total: 1666.883627, Node: 966.518736, Link: 700.359017, Spread: 0.589638
Epoch 517/600, Total: 1666.899924, Node: 966.541096, Link: 700.352956, Spread: 0.587154
Epoch 518/600, Total: 1666.899746, Node: 966.542306, Link: 700.351565, Spread: 0.586058
Epoch 519/600, Total: 1666.888999, Node: 966.532853, Link: 700.350301, Spread: 0.585703
Epoch 520/600, Total: 1666.870128, Node: 966.516136, Link: 700.348149, Spread: 0.585803
Epoch 521/600, Total: 1666.845750, Node: 966.494166, Link: 700.345713, Spread: 0.586213
Epoch 522/600, Total: 1666.817620, Node: 966.468552, Link: 700.343193, Spread: 0.586841
Epoch 523/600, Total: 1666.827392, Node: 966.467195, Link: 700.354331, Spread: 0.587601
Epoch 524/600, Total: 1667.869093, Node: 964.280389, Link: 703.582785, Spread: 0.591825
Epoch 525/600, Total: 1666.197797, Node: 966.134080, Link: 700.057739, Spread: 0.598341
Epoch 526/600, Total: 1666.645856, Node: 966.316000, Link: 700.323893, Spread: 0.596014
Epoch 527/600, Total: 1666.614797, Node: 966.329322, Link: 700.279523, Spread: 0.595031
Epoch 528/600, Total: 1666.621529, Node: 966.332956, Link: 700.282621, Spread: 0.594852
Epoch 529/600, Total: 1666.568566, Node: 966.791636, Link: 699.770994, Spread: 0.593124
Epoch 530/600, Total: 1666.291206, Node: 967.572572, Link: 698.712526, Spread: 0.610584
Epoch 531/600, Total: 1669.136105, Node: 965.986984, Link: 703.142736, Spread: 0.637805
Epoch 532/600, Total: 1664.952713, Node: 963.141240, Link: 701.804750, Spread: 0.672134
Epoch 533/600, Total: 1663.305970, Node: 962.909446, Link: 700.389500, Spread: 0.702451
Epoch 534/600, Total: 1666.426133, Node: 965.703387, Link: 700.715710, Spread: 0.703930
Epoch 535/600, Total: 1667.372563, Node: 965.642861, Link: 701.722499, Spread: 0.721256
Epoch 536/600, Total: 1667.228489, Node: 965.605809, Link: 701.615335, Spread: 0.735226
Epoch 537/600, Total: 1667.195414, Node: 965.593949, Link: 701.593967, Spread: 0.747112
Epoch 538/600, Total: 1667.126059, Node: 965.581109, Link: 701.537383, Spread: 0.757107
Epoch 539/600, Total: 1667.050016, Node: 965.573010, Link: 701.469351, Spread: 0.765513
Epoch 540/600, Total: 1666.962414, Node: 965.567763, Link: 701.386937, Spread: 0.772635
Epoch 541/600, Total: 1666.861943, Node: 965.563842, Link: 701.290299, Spread: 0.778735
Epoch 542/600, Total: 1666.746107, Node: 965.559498, Link: 701.178789, Spread: 0.784040
Epoch 543/600, Total: 1666.612918, Node: 965.553250, Link: 701.051794, Spread: 0.788747
Epoch 544/600, Total: 1666.460141, Node: 965.543606, Link: 700.908610, Spread: 0.793039
Epoch 545/600, Total: 1666.285833, Node: 965.529202, Link: 700.748661, Spread: 0.797074
Epoch 546/600, Total: 1666.088482, Node: 965.509030, Link: 700.571451, Spread: 0.800997
Epoch 547/600, Total: 1665.866892, Node: 965.482093, Link: 700.376742, Spread: 0.804930
Epoch 548/600, Total: 1665.620926, Node: 965.447969, Link: 700.164861, Spread: 0.808971
Epoch 549/600, Total: 1665.351039, Node: 965.406356, Link: 699.936558, Spread: 0.813182
Epoch 550/600, Total: 1665.059221, Node: 965.357682, Link: 699.693362, Spread: 0.817596
Epoch 551/600, Total: 1664.748372, Node: 965.302714, Link: 699.437447, Spread: 0.822209
Epoch 552/600, Total: 1664.422786, Node: 965.242941, Link: 699.171576, Spread: 0.826972
Epoch 553/600, Total: 1664.087197, Node: 965.179947, Link: 698.898929, Spread: 0.831807
Epoch 554/600, Total: 1663.746691, Node: 965.115497, Link: 698.622853, Spread: 0.836609
Epoch 555/600, Total: 1663.406039, Node: 965.051098, Link: 698.346516, Spread: 0.841263
Epoch 556/600, Total: 1663.069735, Node: 964.988279, Link: 698.073010, Spread: 0.845644
Epoch 557/600, Total: 1662.740460, Node: 964.927562, Link: 697.804405, Spread: 0.849634
Epoch 558/600, Total: 1662.421314, Node: 964.869829, Link: 697.542954, Spread: 0.853127
Epoch 559/600, Total: 1662.113913, Node: 964.815414, Link: 697.289935, Spread: 0.856045
Epoch 560/600, Total: 1661.819147, Node: 964.764310, Link: 697.046248, Spread: 0.858326
Epoch 561/600, Total: 1661.537557, Node: 964.716514, Link: 696.812457, Spread: 0.859931
Epoch 562/600, Total: 1661.269404, Node: 964.671966, Link: 696.588837, Spread: 0.860842
Epoch 563/600, Total: 1661.014248, Node: 964.630402, Link: 696.375222, Spread: 0.861059
Epoch 564/600, Total: 1660.771798, Node: 964.591658, Link: 696.171531, Spread: 0.860607
Epoch 565/600, Total: 1660.541530, Node: 964.555627, Link: 695.977291, Spread: 0.859512
Epoch 566/600, Total: 1660.322521, Node: 964.521929, Link: 695.792015, Spread: 0.857819
Epoch 567/600, Total: 1660.114179, Node: 964.490408, Link: 695.615205, Spread: 0.855576
Epoch 568/600, Total: 1659.916053, Node: 964.461059, Link: 695.446455, Spread: 0.852838
Epoch 569/600, Total: 1659.726823, Node: 964.433423, Link: 695.284908, Spread: 0.849659
Epoch 570/600, Total: 1659.546351, Node: 964.407600, Link: 695.130294, Spread: 0.846105
Epoch 571/600, Total: 1659.373590, Node: 964.383293, Link: 694.981891, Spread: 0.842223
Epoch 572/600, Total: 1659.208268, Node: 964.360534, Link: 694.839354, Spread: 0.838074
Epoch 573/600, Total: 1659.049513, Node: 964.339103, Link: 694.702087, Spread: 0.833712
Epoch 574/600, Total: 1658.896980, Node: 964.318937, Link: 694.569753, Spread: 0.829185
Epoch 575/600, Total: 1658.750045, Node: 964.299931, Link: 694.441861, Spread: 0.824544
Epoch 576/600, Total: 1658.608367, Node: 964.282084, Link: 694.318103, Spread: 0.819826
Epoch 577/600, Total: 1658.471697, Node: 964.265324, Link: 694.198239, Spread: 0.815078
Epoch 578/600, Total: 1658.339598, Node: 964.249588, Link: 694.081903, Spread: 0.810334
Epoch 579/600, Total: 1658.211767, Node: 964.234834, Link: 693.968882, Spread: 0.805619
Epoch 580/600, Total: 1658.088115, Node: 964.221086, Link: 693.859018, Spread: 0.800970
Epoch 581/600, Total: 1657.968365, Node: 964.208302, Link: 693.752098, Spread: 0.796406
Epoch 582/600, Total: 1657.852192, Node: 964.196364, Link: 693.647925, Spread: 0.791955
Epoch 583/600, Total: 1657.739743, Node: 964.185358, Link: 693.546496, Spread: 0.787632
Epoch 584/600, Total: 1657.630746, Node: 964.175255, Link: 693.447651, Spread: 0.783453
Epoch 585/600, Total: 1657.525125, Node: 964.166007, Link: 693.351335, Spread: 0.779426
Epoch 586/600, Total: 1657.422957, Node: 964.157653, Link: 693.257552, Spread: 0.775563
Epoch 587/600, Total: 1657.324080, Node: 964.150168, Link: 693.166201, Spread: 0.771870
Epoch 588/600, Total: 1657.228515, Node: 964.143537, Link: 693.077308, Spread: 0.768354
Epoch 589/600, Total: 1657.136238, Node: 964.137748, Link: 692.990855, Spread: 0.765016
Epoch 590/600, Total: 1657.047413, Node: 964.132896, Link: 692.906895, Spread: 0.761857
Epoch 591/600, Total: 1656.961773, Node: 964.128837, Link: 692.825363, Spread: 0.758872
Epoch 592/600, Total: 1656.879664, Node: 964.125690, Link: 692.746400, Spread: 0.756062
Epoch 593/600, Total: 1656.800898, Node: 964.123414, Link: 692.669963, Spread: 0.753420
Epoch 594/600, Total: 1656.191934, Node: 963.483583, Link: 692.700868, Spread: 0.747804
Epoch 595/600, Total: 1657.269279, Node: 964.288287, Link: 692.973615, Spread: 0.737891
Epoch 596/600, Total: 1656.928934, Node: 964.318357, Link: 692.603205, Spread: 0.737821
Epoch 597/600, Total: 1656.469122, Node: 964.129182, Link: 692.332568, Spread: 0.738508
Epoch 598/600, Total: 1656.417150, Node: 964.130835, Link: 692.278930, Spread: 0.738414
Epoch 599/600, Total: 1656.345021, Node: 964.123821, Link: 692.213827, Spread: 0.737768
Epoch 600/600, Total: 1656.289595, Node: 964.124278, Link: 692.157941, Spread: 0.736877
Saved sweep result to: /homes/dameyer/ml-for-wdn-project-4/results/aggregated/gnn_training_sweep/net1_buffer=10_rollout=10_seed=42.json
Table value: 964.124278
