================================
GNN training sweep
Job ID: 242676
Task ID: 12
Buffer size: 10
Rollout length: 1
================================
Running GNN sweep: dataset=Net1, buffer=10, rollout=1
Epoch 1/600, Total: 2163.115682, Node: 1344.368619, Link: 817.445558, Spread: 130.150361
Epoch 2/600, Total: 1946.536194, Node: 1185.467403, Link: 760.509789, Spread: 55.900427
Epoch 3/600, Total: 1949.991641, Node: 1208.940006, Link: 740.800018, Spread: 25.161896
Epoch 4/600, Total: 1933.241551, Node: 1199.844685, Link: 733.253521, Spread: 14.334634
Epoch 5/600, Total: 1903.372658, Node: 1174.664290, Link: 728.611578, Spread: 9.679295
Epoch 6/600, Total: 1880.827340, Node: 1155.924229, Link: 724.826155, Spread: 7.695642
Epoch 7/600, Total: 1860.869103, Node: 1139.610313, Link: 721.190953, Spread: 6.783953
Epoch 8/600, Total: 1845.111633, Node: 1126.661101, Link: 718.388062, Spread: 6.246762
Epoch 9/600, Total: 1833.722717, Node: 1117.804563, Link: 715.860007, Spread: 5.814436
Epoch 10/600, Total: 1825.562258, Node: 1111.780249, Link: 713.727962, Spread: 5.404960
Epoch 11/600, Total: 1819.386203, Node: 1107.327672, Link: 712.008515, Spread: 5.001578
Epoch 12/600, Total: 1816.100857, Node: 1105.438075, Link: 710.616485, Spread: 4.629559
Epoch 13/600, Total: 1813.200717, Node: 1103.491517, Link: 709.666833, Spread: 4.236645
Epoch 14/600, Total: 1808.715415, Node: 1100.376645, Link: 708.300230, Spread: 3.854264
Epoch 15/600, Total: 1813.167197, Node: 1103.029020, Link: 710.101001, Spread: 3.717743
Epoch 16/600, Total: 1806.219854, Node: 1099.405960, Link: 706.775509, Spread: 3.838608
Epoch 17/600, Total: 1800.678635, Node: 1095.950156, Link: 704.689826, Spread: 3.864900
Epoch 18/600, Total: 1796.366693, Node: 1093.314893, Link: 703.013934, Spread: 3.786642
Epoch 19/600, Total: 1793.017135, Node: 1091.256113, Link: 701.724900, Spread: 3.612173
Epoch 20/600, Total: 1787.284550, Node: 1083.991142, Link: 703.260283, Spread: 3.312178
Epoch 21/600, Total: 1789.169273, Node: 1088.978290, Link: 700.160464, Spread: 3.052129
Epoch 22/600, Total: 1787.272924, Node: 1087.958256, Link: 699.287459, Spread: 2.720651
Epoch 23/600, Total: 1786.905070, Node: 1088.364993, Link: 698.516468, Spread: 2.361085
Epoch 24/600, Total: 1784.289801, Node: 1085.901506, Link: 698.367514, Spread: 2.077733
Epoch 25/600, Total: 1782.783418, Node: 1084.736110, Link: 698.029268, Spread: 1.804089
Epoch 26/600, Total: 1784.618046, Node: 1085.174512, Link: 699.427921, Spread: 1.561021
Epoch 27/600, Total: 1806.255078, Node: 1092.431650, Link: 713.810370, Spread: 1.306038
Epoch 28/600, Total: 1804.020149, Node: 1092.089213, Link: 711.920615, Spread: 1.032082
Epoch 29/600, Total: 1801.424354, Node: 1091.592406, Link: 709.823969, Spread: 0.798089
Epoch 30/600, Total: 1798.836420, Node: 1091.029001, Link: 707.801255, Spread: 0.616483
Epoch 31/600, Total: 1796.422396, Node: 1090.431332, Link: 705.986243, Spread: 0.481876
Epoch 32/600, Total: 1794.273831, Node: 1089.818515, Link: 704.451465, Spread: 0.384879
Epoch 33/600, Total: 1792.407618, Node: 1089.193922, Link: 703.210535, Spread: 0.316358
Epoch 34/600, Total: 1790.798672, Node: 1088.559804, Link: 702.236183, Spread: 0.268410
Epoch 35/600, Total: 1789.403246, Node: 1087.922772, Link: 701.478126, Spread: 0.234834
Epoch 36/600, Total: 1788.169392, Node: 1087.289914, Link: 700.877365, Spread: 0.211286
Epoch 37/600, Total: 1787.050832, Node: 1086.667152, Link: 700.381734, Spread: 0.195077
Epoch 38/600, Total: 1786.020292, Node: 1086.063131, Link: 699.955316, Spread: 0.184905
Epoch 39/600, Total: 1785.055578, Node: 1085.482235, Link: 699.571540, Spread: 0.180605
Epoch 40/600, Total: 1784.136894, Node: 1084.926949, Link: 699.208115, Spread: 0.182958
Epoch 41/600, Total: 1783.261967, Node: 1084.405146, Link: 698.854884, Spread: 0.193521
Epoch 42/600, Total: 1782.423597, Node: 1083.921141, Link: 698.500309, Spread: 0.214355
Epoch 43/600, Total: 1781.648473, Node: 1083.507025, Link: 698.138959, Spread: 0.249041
Epoch 44/600, Total: 1780.854568, Node: 1083.066749, Link: 697.784847, Spread: 0.297272
Epoch 45/600, Total: 1780.140522, Node: 1082.694027, Link: 697.442885, Spread: 0.360741
Epoch 46/600, Total: 1779.474865, Node: 1082.335599, Link: 697.134887, Spread: 0.438137
Epoch 47/600, Total: 1778.867741, Node: 1081.981741, Link: 696.880771, Spread: 0.523385
Epoch 48/600, Total: 1778.331865, Node: 1081.631285, Link: 696.694547, Spread: 0.603241
Epoch 49/600, Total: 1777.869301, Node: 1081.290091, Link: 696.572614, Spread: 0.659609
Epoch 50/600, Total: 1777.464242, Node: 1080.963453, Link: 696.493998, Spread: 0.679003
Epoch 51/600, Total: 1777.103625, Node: 1080.669405, Link: 696.427611, Spread: 0.660963
Epoch 52/600, Total: 1776.746309, Node: 1080.369831, Link: 696.370328, Spread: 0.615801
Epoch 53/600, Total: 1776.408497, Node: 1080.097955, Link: 696.304973, Spread: 0.556436
Epoch 54/600, Total: 1776.083721, Node: 1079.842936, Link: 696.235860, Spread: 0.493062
Epoch 55/600, Total: 1775.770308, Node: 1079.601061, Link: 696.164924, Spread: 0.432055
Epoch 56/600, Total: 1775.469517, Node: 1079.371265, Link: 696.094485, Spread: 0.376687
Epoch 57/600, Total: 1775.182896, Node: 1079.153053, Link: 696.026563, Spread: 0.328250
Epoch 58/600, Total: 1774.910076, Node: 1078.945051, Link: 695.962153, Spread: 0.286892
Epoch 59/600, Total: 1774.650805, Node: 1078.746494, Link: 695.901789, Spread: 0.252175
Epoch 60/600, Total: 1774.404809, Node: 1078.556859, Link: 695.845711, Spread: 0.223398
Epoch 61/600, Total: 1774.171658, Node: 1078.375735, Link: 695.793918, Spread: 0.199784
Epoch 62/600, Total: 1773.950887, Node: 1078.202789, Link: 695.746294, Spread: 0.180564
Epoch 63/600, Total: 1773.742423, Node: 1078.038110, Link: 695.702662, Spread: 0.165043
Epoch 64/600, Total: 1773.545614, Node: 1077.881257, Link: 695.662833, Spread: 0.152602
Epoch 65/600, Total: 1773.354162, Node: 1077.727702, Link: 695.625032, Spread: 0.142711
Epoch 66/600, Total: 1773.223536, Node: 1077.617107, Link: 695.605081, Spread: 0.134953
Epoch 67/600, Total: 1773.036376, Node: 1077.453277, Link: 695.581809, Spread: 0.128931
Epoch 68/600, Total: 1772.876949, Node: 1077.323217, Link: 695.552484, Spread: 0.124375
Epoch 69/600, Total: 1772.728759, Node: 1077.200452, Link: 695.527096, Spread: 0.121006
Epoch 70/600, Total: 1772.733260, Node: 1077.213732, Link: 695.518339, Spread: 0.118350
Epoch 71/600, Total: 1772.511096, Node: 1077.034158, Link: 695.475767, Spread: 0.116341
Epoch 72/600, Total: 1772.345205, Node: 1076.886142, Link: 695.457902, Spread: 0.115458
Epoch 73/600, Total: 1772.218501, Node: 1076.774055, Link: 695.443287, Spread: 0.115173
Epoch 74/600, Total: 1772.222835, Node: 1076.782018, Link: 695.439667, Spread: 0.115055
Epoch 75/600, Total: 1772.034503, Node: 1076.624850, Link: 695.408499, Spread: 0.115392
Epoch 76/600, Total: 1771.884606, Node: 1076.520163, Link: 695.363272, Spread: 0.116541
Epoch 77/600, Total: 1763.489347, Node: 1064.499227, Link: 698.989225, Spread: 0.089588
Epoch 78/600, Total: 1751.395696, Node: 1070.301074, Link: 681.093069, Spread: 0.155555
Epoch 79/600, Total: 1747.835930, Node: 1068.960037, Link: 678.873837, Spread: 0.205947
Epoch 80/600, Total: 1746.186484, Node: 1068.387298, Link: 677.796891, Spread: 0.229756
Epoch 81/600, Total: 1748.639483, Node: 1069.370602, Link: 679.266551, Spread: 0.232768
Epoch 82/600, Total: 1773.720568, Node: 1077.862513, Link: 695.856633, Spread: 0.142472
Epoch 83/600, Total: 1772.956592, Node: 1077.334220, Link: 695.621118, Spread: 0.125567
Epoch 84/600, Total: 1772.714550, Node: 1077.193840, Link: 695.519530, Spread: 0.118041
Epoch 85/600, Total: 1772.596760, Node: 1077.135222, Link: 695.460395, Spread: 0.114270
Epoch 86/600, Total: 1772.495613, Node: 1077.082759, Link: 695.411731, Spread: 0.112157
Epoch 87/600, Total: 1772.393949, Node: 1077.024262, Link: 695.368578, Spread: 0.110885
Epoch 88/600, Total: 1772.296355, Node: 1076.963324, Link: 695.331931, Spread: 0.110110
Epoch 89/600, Total: 1772.208982, Node: 1076.905226, Link: 695.302658, Spread: 0.109666
Epoch 90/600, Total: 1772.121648, Node: 1076.846110, Link: 695.274442, Spread: 0.109488
Epoch 91/600, Total: 1772.045263, Node: 1076.792165, Link: 695.251998, Spread: 0.109512
Epoch 92/600, Total: 1771.975734, Node: 1076.741921, Link: 695.232716, Spread: 0.109711
Epoch 93/600, Total: 1771.912059, Node: 1076.694950, Link: 695.216009, Spread: 0.110060
Epoch 94/600, Total: 1771.853360, Node: 1076.650858, Link: 695.201398, Spread: 0.110543
Epoch 95/600, Total: 1771.798867, Node: 1076.609253, Link: 695.188504, Spread: 0.111142
Epoch 96/600, Total: 1771.766945, Node: 1076.589320, Link: 695.176506, Spread: 0.111821
Epoch 97/600, Total: 1771.701220, Node: 1076.532668, Link: 695.167429, Spread: 0.112617
Epoch 98/600, Total: 1772.627118, Node: 1077.312895, Link: 695.313086, Spread: 0.113502
Epoch 99/600, Total: 1771.591877, Node: 1076.433194, Link: 695.157541, Spread: 0.114123
Epoch 100/600, Total: 1771.614058, Node: 1076.465646, Link: 695.147256, Spread: 0.115484
Epoch 101/600, Total: 1771.566012, Node: 1076.423296, Link: 695.141552, Spread: 0.116581
Epoch 102/600, Total: 1771.523918, Node: 1076.385730, Link: 695.137008, Spread: 0.117695
Epoch 103/600, Total: 1771.485002, Node: 1076.351548, Link: 695.132262, Spread: 0.118853
Epoch 104/600, Total: 1771.447381, Node: 1076.348858, Link: 695.097321, Spread: 0.120070
Epoch 105/600, Total: 1771.472169, Node: 1076.359036, Link: 695.111919, Spread: 0.121339
Epoch 106/600, Total: 1771.208165, Node: 1075.933936, Link: 695.272931, Spread: 0.129802
Epoch 107/600, Total: 1771.733834, Node: 1076.232229, Link: 695.500261, Spread: 0.134472
Epoch 108/600, Total: 1771.474510, Node: 1076.055172, Link: 695.418009, Spread: 0.133016
Epoch 109/600, Total: 1771.357081, Node: 1075.975235, Link: 695.380518, Spread: 0.133167
Epoch 110/600, Total: 1771.271105, Node: 1075.911248, Link: 695.358519, Spread: 0.133884
Epoch 111/600, Total: 1771.195633, Node: 1075.849926, Link: 695.344359, Spread: 0.134856
Epoch 112/600, Total: 1771.125996, Node: 1075.789776, Link: 695.334862, Spread: 0.135976
Epoch 113/600, Total: 1771.060973, Node: 1075.731305, Link: 695.328300, Spread: 0.137205
Epoch 114/600, Total: 1770.999728, Node: 1075.674673, Link: 695.323667, Spread: 0.138526
Epoch 115/600, Total: 1770.941526, Node: 1075.619867, Link: 695.320265, Spread: 0.139933
Epoch 116/600, Total: 1770.886019, Node: 1075.566903, Link: 695.317703, Spread: 0.141413
Epoch 117/600, Total: 1770.832671, Node: 1075.515521, Link: 695.315721, Spread: 0.142950
Epoch 118/600, Total: 1770.781264, Node: 1075.465660, Link: 695.314162, Spread: 0.144527
Epoch 119/600, Total: 1771.431327, Node: 1076.143282, Link: 695.286549, Spread: 0.149552
Epoch 120/600, Total: 1773.701310, Node: 1077.079308, Link: 696.620447, Spread: 0.155604
Epoch 121/600, Total: 1770.544857, Node: 1075.318865, Link: 695.224457, Spread: 0.153600
Epoch 122/600, Total: 1770.682904, Node: 1075.395767, Link: 695.285582, Spread: 0.155636
Epoch 123/600, Total: 1770.605958, Node: 1075.323242, Link: 695.281151, Spread: 0.156632
Epoch 124/600, Total: 1770.539274, Node: 1075.258986, Link: 695.278714, Spread: 0.157271
Epoch 125/600, Total: 1770.482386, Node: 1075.203976, Link: 695.276833, Spread: 0.157629
Epoch 126/600, Total: 1770.432205, Node: 1075.155346, Link: 695.275280, Spread: 0.157762
Epoch 127/600, Total: 1770.284547, Node: 1075.046102, Link: 695.236864, Spread: 0.157731
Epoch 128/600, Total: 1770.182985, Node: 1074.936931, Link: 695.244476, Spread: 0.157905
Epoch 129/600, Total: 1770.319846, Node: 1075.054474, Link: 695.263794, Spread: 0.157558
Epoch 130/600, Total: 1770.273312, Node: 1075.001000, Link: 695.270740, Spread: 0.157130
Epoch 131/600, Total: 1770.228877, Node: 1074.958835, Link: 695.268472, Spread: 0.156884
Epoch 132/600, Total: 1770.190267, Node: 1074.922221, Link: 695.266484, Spread: 0.156688
Epoch 133/600, Total: 1770.153843, Node: 1074.887731, Link: 695.264548, Spread: 0.156549
Epoch 134/600, Total: 1770.119038, Node: 1074.854937, Link: 695.262542, Spread: 0.156478
Epoch 135/600, Total: 1770.085076, Node: 1074.823109, Link: 695.260404, Spread: 0.156481
Epoch 136/600, Total: 1770.052034, Node: 1074.792359, Link: 695.258113, Spread: 0.156560
Epoch 137/600, Total: 1770.019767, Node: 1074.762514, Link: 695.255684, Spread: 0.156718
Epoch 138/600, Total: 1769.988146, Node: 1074.733458, Link: 695.253115, Spread: 0.156952
Epoch 139/600, Total: 1769.957155, Node: 1074.705210, Link: 695.250369, Spread: 0.157257
Epoch 140/600, Total: 1769.926791, Node: 1074.677716, Link: 695.247501, Spread: 0.157627
Epoch 141/600, Total: 1769.896981, Node: 1074.650926, Link: 695.244479, Spread: 0.158055
Epoch 142/600, Total: 1769.867724, Node: 1074.624815, Link: 695.241328, Spread: 0.158536
Epoch 143/600, Total: 1769.839002, Node: 1074.599353, Link: 695.238061, Spread: 0.159063
Epoch 144/600, Total: 1769.810774, Node: 1074.574501, Link: 695.234681, Spread: 0.159627
Epoch 145/600, Total: 1769.783018, Node: 1074.550233, Link: 695.231186, Spread: 0.160224
Epoch 146/600, Total: 1769.755781, Node: 1074.526553, Link: 695.227622, Spread: 0.160845
Epoch 147/600, Total: 1769.728901, Node: 1074.503343, Link: 695.223942, Spread: 0.161484
Epoch 148/600, Total: 1769.702520, Node: 1074.480678, Link: 695.220221, Spread: 0.162135
Epoch 149/600, Total: 1769.676469, Node: 1074.458443, Link: 695.216397, Spread: 0.162793
Epoch 150/600, Total: 1769.650858, Node: 1074.436696, Link: 695.212529, Spread: 0.163452
Epoch 151/600, Total: 1769.625637, Node: 1074.415375, Link: 695.208618, Spread: 0.164108
Epoch 152/600, Total: 1769.680439, Node: 1074.445276, Link: 695.233513, Spread: 0.164810
Epoch 153/600, Total: 1769.576071, Node: 1074.376285, Link: 695.198131, Spread: 0.165430
Epoch 154/600, Total: 1769.550614, Node: 1074.353689, Link: 695.195265, Spread: 0.166001
Epoch 155/600, Total: 1769.526662, Node: 1074.333298, Link: 695.191698, Spread: 0.166590
Epoch 156/600, Total: 1769.503383, Node: 1074.313806, Link: 695.187901, Spread: 0.167167
Epoch 157/600, Total: 1769.480499, Node: 1074.294797, Link: 695.184022, Spread: 0.167721
Epoch 158/600, Total: 1769.457874, Node: 1074.276110, Link: 695.180084, Spread: 0.168247
Epoch 159/600, Total: 1769.435527, Node: 1074.257723, Link: 695.176116, Spread: 0.168745
Epoch 160/600, Total: 1769.413410, Node: 1074.239601, Link: 695.172115, Spread: 0.169211
Epoch 161/600, Total: 1769.391543, Node: 1074.221742, Link: 695.168100, Spread: 0.169644
Epoch 162/600, Total: 1769.369956, Node: 1074.204164, Link: 695.164091, Spread: 0.170042
Epoch 163/600, Total: 1769.348643, Node: 1074.186841, Link: 695.160096, Spread: 0.170404
Epoch 164/600, Total: 1769.327536, Node: 1074.169721, Link: 695.156107, Spread: 0.170728
Epoch 165/600, Total: 1769.306663, Node: 1074.152826, Link: 695.152127, Spread: 0.171016
Epoch 166/600, Total: 1769.285993, Node: 1074.136123, Link: 695.148156, Spread: 0.171264
Epoch 167/600, Total: 1769.265531, Node: 1074.119610, Link: 695.144207, Spread: 0.171473
Epoch 168/600, Total: 1769.245305, Node: 1074.103317, Link: 695.140273, Spread: 0.171642
Epoch 169/600, Total: 1769.243375, Node: 1074.101653, Link: 695.140006, Spread: 0.171721
Epoch 170/600, Total: 1769.207112, Node: 1074.072099, Link: 695.133297, Spread: 0.171844
Epoch 171/600, Total: 1769.187180, Node: 1074.056078, Link: 695.129385, Spread: 0.171903
Epoch 172/600, Total: 1769.168333, Node: 1074.040645, Link: 695.125970, Spread: 0.171917
Epoch 173/600, Total: 1769.150025, Node: 1074.025566, Link: 695.122745, Spread: 0.171889
Epoch 174/600, Total: 1769.132097, Node: 1074.010765, Link: 695.119613, Spread: 0.171821
Epoch 175/600, Total: 1769.114463, Node: 1073.996190, Link: 695.116554, Spread: 0.171714
Epoch 176/600, Total: 1769.097134, Node: 1073.981861, Link: 695.113558, Spread: 0.171568
Epoch 177/600, Total: 1769.079998, Node: 1073.967686, Link: 695.110601, Spread: 0.171385
Epoch 178/600, Total: 1769.062809, Node: 1073.953591, Link: 695.107511, Spread: 0.171166
Epoch 179/600, Total: 1769.045573, Node: 1073.939377, Link: 695.104490, Spread: 0.170910
Epoch 180/600, Total: 1769.028588, Node: 1073.925354, Link: 695.101533, Spread: 0.170619
Epoch 181/600, Total: 1769.011776, Node: 1073.911467, Link: 695.098611, Spread: 0.170294
Epoch 182/600, Total: 1768.995243, Node: 1073.897778, Link: 695.095767, Spread: 0.169934
Epoch 183/600, Total: 1768.978970, Node: 1073.884296, Link: 695.092983, Spread: 0.169541
Epoch 184/600, Total: 1768.962902, Node: 1073.870980, Link: 695.090233, Spread: 0.169115
Epoch 185/600, Total: 1768.947084, Node: 1073.857862, Link: 695.087543, Spread: 0.168658
Epoch 186/600, Total: 1768.931546, Node: 1073.844927, Link: 695.084940, Spread: 0.168169
Epoch 187/600, Total: 1768.916406, Node: 1073.832163, Link: 695.082570, Spread: 0.167649
Epoch 188/600, Total: 1768.901639, Node: 1073.819598, Link: 695.080371, Spread: 0.167097
Epoch 189/600, Total: 1768.887182, Node: 1073.807252, Link: 695.078268, Spread: 0.166519
Epoch 190/600, Total: 1768.872959, Node: 1073.795071, Link: 695.076229, Spread: 0.165913
Epoch 191/600, Total: 1768.859003, Node: 1073.783099, Link: 695.074246, Spread: 0.165281
Epoch 192/600, Total: 1768.845261, Node: 1073.771271, Link: 695.072344, Spread: 0.164624
Epoch 193/600, Total: 1768.831722, Node: 1073.759612, Link: 695.070469, Spread: 0.163944
Epoch 194/600, Total: 1768.818421, Node: 1073.748117, Link: 695.068676, Spread: 0.163241
Epoch 195/600, Total: 1768.805329, Node: 1073.736776, Link: 695.066926, Spread: 0.162514
Epoch 196/600, Total: 1768.792395, Node: 1073.725562, Link: 695.065218, Spread: 0.161766
Epoch 197/600, Total: 1768.779649, Node: 1073.714466, Link: 695.063572, Spread: 0.160998
Epoch 198/600, Total: 1768.767058, Node: 1073.703493, Link: 695.061960, Spread: 0.160210
Epoch 199/600, Total: 1768.754646, Node: 1073.692632, Link: 695.060416, Spread: 0.159404
Epoch 200/600, Total: 1768.742370, Node: 1073.681860, Link: 695.058920, Spread: 0.158581
Epoch 201/600, Total: 1768.730215, Node: 1073.671172, Link: 695.057462, Spread: 0.157740
Epoch 202/600, Total: 1768.718192, Node: 1073.660538, Link: 695.056079, Spread: 0.156881
Epoch 203/600, Total: 1768.706199, Node: 1073.649926, Link: 695.054713, Spread: 0.156008
Epoch 204/600, Total: 1768.694264, Node: 1073.639315, Link: 695.053399, Spread: 0.155119
Epoch 205/600, Total: 1768.682385, Node: 1073.628707, Link: 695.052138, Spread: 0.154216
Epoch 206/600, Total: 1768.650960, Node: 1073.612791, Link: 695.036640, Spread: 0.153354
Epoch 207/600, Total: 1768.649766, Node: 1073.609981, Link: 695.038264, Spread: 0.152413
Epoch 208/600, Total: 1768.641387, Node: 1073.594859, Link: 695.045016, Spread: 0.151364
Epoch 209/600, Total: 1768.631346, Node: 1073.583766, Link: 695.046079, Spread: 0.150403
Epoch 210/600, Total: 1768.620069, Node: 1073.572701, Link: 695.045882, Spread: 0.149445
Epoch 211/600, Total: 1768.608355, Node: 1073.561698, Link: 695.045181, Spread: 0.148481
Epoch 212/600, Total: 1768.596792, Node: 1073.551085, Link: 695.044240, Spread: 0.147508
Epoch 213/600, Total: 1768.585971, Node: 1073.541296, Link: 695.043214, Spread: 0.146529
Epoch 214/600, Total: 1768.576226, Node: 1073.532563, Link: 695.042207, Spread: 0.145542
Epoch 215/600, Total: 1768.567427, Node: 1073.524706, Link: 695.041273, Spread: 0.144551
Epoch 216/600, Total: 1768.559209, Node: 1073.517341, Link: 695.040432, Spread: 0.143555
Epoch 217/600, Total: 1768.551154, Node: 1073.510118, Link: 695.039608, Spread: 0.142553
Epoch 218/600, Total: 1768.542964, Node: 1073.502842, Link: 695.038713, Spread: 0.141547
Epoch 219/600, Total: 1768.534925, Node: 1073.495647, Link: 695.037875, Spread: 0.140535
Epoch 220/600, Total: 1768.526925, Node: 1073.488446, Link: 695.037089, Spread: 0.139519
Epoch 221/600, Total: 1768.519008, Node: 1073.481256, Link: 695.036367, Spread: 0.138498
Epoch 222/600, Total: 1768.511082, Node: 1073.474031, Link: 695.035682, Spread: 0.137473
Epoch 223/600, Total: 1768.503166, Node: 1073.466760, Link: 695.035044, Spread: 0.136445
Epoch 224/600, Total: 1768.495262, Node: 1073.459493, Link: 695.034414, Spread: 0.135414
Epoch 225/600, Total: 1768.487246, Node: 1073.452157, Link: 695.033747, Spread: 0.134380
Epoch 226/600, Total: 1768.478907, Node: 1073.444615, Link: 695.032963, Spread: 0.133345
Epoch 227/600, Total: 1768.470527, Node: 1073.437010, Link: 695.032190, Spread: 0.132308
Epoch 228/600, Total: 1768.461998, Node: 1073.429294, Link: 695.031387, Spread: 0.131268
Epoch 229/600, Total: 1768.453335, Node: 1073.421469, Link: 695.030562, Spread: 0.130226
Epoch 230/600, Total: 1768.444520, Node: 1073.413530, Link: 695.029700, Spread: 0.129184
Epoch 231/600, Total: 1768.435473, Node: 1073.405413, Link: 695.028779, Spread: 0.128142
Epoch 232/600, Total: 1768.426123, Node: 1073.397077, Link: 695.027776, Spread: 0.127098
Epoch 233/600, Total: 1768.416428, Node: 1073.388508, Link: 695.026662, Spread: 0.126054
Epoch 234/600, Total: 1768.406246, Node: 1073.379596, Link: 695.025403, Spread: 0.125009
Epoch 235/600, Total: 1768.395487, Node: 1073.370292, Link: 695.023955, Spread: 0.123966
Epoch 236/600, Total: 1768.383959, Node: 1073.360446, Link: 695.022286, Spread: 0.122923
Epoch 237/600, Total: 1768.371477, Node: 1073.349939, Link: 695.020324, Spread: 0.121880
Epoch 238/600, Total: 1768.357764, Node: 1073.338577, Link: 695.017979, Spread: 0.120839
Epoch 239/600, Total: 1768.342523, Node: 1073.326165, Link: 695.015157, Spread: 0.119801
Epoch 240/600, Total: 1768.325244, Node: 1073.312363, Link: 695.011690, Spread: 0.118766
Epoch 241/600, Total: 1768.305509, Node: 1073.296843, Link: 695.007484, Spread: 0.117734
Epoch 242/600, Total: 1768.282103, Node: 1073.281022, Link: 694.999911, Spread: 0.116680
Epoch 243/600, Total: 1768.263362, Node: 1073.259977, Link: 695.002229, Spread: 0.115620
Epoch 244/600, Total: 1768.228961, Node: 1073.236573, Link: 694.991244, Spread: 0.114659
Epoch 245/600, Total: 1768.191794, Node: 1073.209014, Link: 694.981643, Spread: 0.113687
Epoch 246/600, Total: 1768.150403, Node: 1073.177417, Link: 694.971863, Spread: 0.112735
Epoch 247/600, Total: 1768.104146, Node: 1073.141340, Link: 694.961691, Spread: 0.111815
Epoch 248/600, Total: 1768.053151, Node: 1073.100642, Link: 694.951404, Spread: 0.110939
Epoch 249/600, Total: 1767.998317, Node: 1073.055557, Link: 694.941662, Spread: 0.110110
Epoch 250/600, Total: 1767.941170, Node: 1073.006838, Link: 694.933243, Spread: 0.109328
Epoch 251/600, Total: 1767.883211, Node: 1072.955418, Link: 694.926711, Spread: 0.108582
Epoch 252/600, Total: 1767.825754, Node: 1072.902249, Link: 694.922429, Spread: 0.107858
Epoch 253/600, Total: 1767.769721, Node: 1072.848219, Link: 694.920434, Spread: 0.107136
Epoch 254/600, Total: 1767.714094, Node: 1072.793667, Link: 694.919365, Spread: 0.106394
Epoch 255/600, Total: 1767.660514, Node: 1072.739590, Link: 694.919873, Spread: 0.105619
Epoch 256/600, Total: 1767.609325, Node: 1072.686619, Link: 694.921668, Spread: 0.104798
Epoch 257/600, Total: 1767.559959, Node: 1072.634635, Link: 694.924296, Spread: 0.103930
Epoch 258/600, Total: 1767.512667, Node: 1072.584197, Link: 694.927455, Spread: 0.103015
Epoch 259/600, Total: 1767.467087, Node: 1072.535170, Link: 694.930913, Spread: 0.102056
Epoch 260/600, Total: 1767.423006, Node: 1072.487579, Link: 694.934427, Spread: 0.101059
Epoch 261/600, Total: 1767.380142, Node: 1072.441299, Link: 694.937851, Spread: 0.100034
Epoch 262/600, Total: 1767.338235, Node: 1072.396173, Link: 694.941074, Spread: 0.098988
Epoch 263/600, Total: 1767.296916, Node: 1072.352030, Link: 694.943905, Spread: 0.097927
Epoch 264/600, Total: 1767.256128, Node: 1072.308843, Link: 694.946311, Spread: 0.096861
Epoch 265/600, Total: 1767.215617, Node: 1072.266348, Link: 694.948309, Spread: 0.095794
Epoch 266/600, Total: 1767.175176, Node: 1072.224377, Link: 694.949847, Spread: 0.094731
Epoch 267/600, Total: 1767.134572, Node: 1072.182683, Link: 694.950943, Spread: 0.093678
Epoch 268/600, Total: 1767.093748, Node: 1072.141290, Link: 694.951524, Spread: 0.092635
Epoch 269/600, Total: 1767.052431, Node: 1072.100109, Link: 694.951400, Spread: 0.091606
Epoch 270/600, Total: 1767.010880, Node: 1072.059074, Link: 694.950905, Spread: 0.090592
Epoch 271/600, Total: 1766.969046, Node: 1072.018084, Link: 694.950074, Spread: 0.089593
Epoch 272/600, Total: 1766.926953, Node: 1071.977141, Link: 694.948936, Spread: 0.088609
Epoch 273/600, Total: 1766.884560, Node: 1071.936206, Link: 694.947488, Spread: 0.087641
Epoch 274/600, Total: 1766.841334, Node: 1071.895034, Link: 694.945449, Spread: 0.086687
Epoch 275/600, Total: 1766.797911, Node: 1071.853860, Link: 694.943209, Spread: 0.085746
Epoch 276/600, Total: 1766.754258, Node: 1071.812668, Link: 694.940755, Spread: 0.084819
Epoch 277/600, Total: 1766.710383, Node: 1071.771431, Link: 694.938120, Spread: 0.083905
Epoch 278/600, Total: 1766.666239, Node: 1071.730141, Link: 694.935274, Spread: 0.083004
Epoch 279/600, Total: 1766.621834, Node: 1071.688731, Link: 694.932286, Spread: 0.082115
Epoch 280/600, Total: 1766.577178, Node: 1071.647215, Link: 694.929152, Spread: 0.081238
Epoch 281/600, Total: 1766.532334, Node: 1071.605668, Link: 694.925868, Spread: 0.080371
Epoch 282/600, Total: 1766.487377, Node: 1071.564122, Link: 694.922464, Spread: 0.079516
Epoch 283/600, Total: 1766.442276, Node: 1071.522569, Link: 694.918924, Spread: 0.078670
Epoch 284/600, Total: 1766.397044, Node: 1071.480985, Link: 694.915285, Spread: 0.077834
Epoch 285/600, Total: 1766.351686, Node: 1071.439397, Link: 694.911522, Spread: 0.077006
Epoch 286/600, Total: 1766.306214, Node: 1071.397800, Link: 694.907658, Spread: 0.076187
Epoch 287/600, Total: 1766.260703, Node: 1071.356226, Link: 694.903725, Spread: 0.075377
Epoch 288/600, Total: 1766.215140, Node: 1071.314710, Link: 694.899687, Spread: 0.074574
Epoch 289/600, Total: 1766.169446, Node: 1071.273189, Link: 694.895525, Spread: 0.073779
Epoch 290/600, Total: 1766.123385, Node: 1071.231460, Link: 694.891208, Spread: 0.072993
Epoch 291/600, Total: 1766.076998, Node: 1071.189603, Link: 694.886689, Spread: 0.072214
Epoch 292/600, Total: 1766.030624, Node: 1071.147820, Link: 694.882109, Spread: 0.071443
Epoch 293/600, Total: 1765.984286, Node: 1071.106126, Link: 694.877472, Spread: 0.070679
Epoch 294/600, Total: 1766.048134, Node: 1071.166004, Link: 694.881448, Spread: 0.070034
Epoch 295/600, Total: 1765.797607, Node: 1070.902817, Link: 694.894121, Spread: 0.067951
Epoch 296/600, Total: 1765.806917, Node: 1070.920055, Link: 694.886198, Spread: 0.067210
Epoch 297/600, Total: 1765.729843, Node: 1070.864401, Link: 694.864784, Spread: 0.066457
Epoch 298/600, Total: 1765.658697, Node: 1070.807750, Link: 694.850298, Spread: 0.065682
Epoch 299/600, Total: 1765.593052, Node: 1070.753211, Link: 694.839194, Spread: 0.064914
Epoch 300/600, Total: 1765.531267, Node: 1070.700696, Link: 694.829930, Spread: 0.064161
Epoch 301/600, Total: 1765.472271, Node: 1070.649879, Link: 694.821762, Spread: 0.063425
Epoch 302/600, Total: 1765.415498, Node: 1070.600517, Link: 694.814354, Spread: 0.062705
Epoch 303/600, Total: 1765.359634, Node: 1070.552036, Link: 694.806973, Spread: 0.062000
Epoch 304/600, Total: 1765.304149, Node: 1070.504191, Link: 694.799344, Spread: 0.061309
Epoch 305/600, Total: 1765.249861, Node: 1070.457255, Link: 694.791996, Spread: 0.060631
Epoch 306/600, Total: 1765.196609, Node: 1070.411130, Link: 694.784879, Spread: 0.059967
Epoch 307/600, Total: 1765.144361, Node: 1070.365768, Link: 694.777992, Spread: 0.059312
Epoch 308/600, Total: 1765.093159, Node: 1070.321296, Link: 694.771274, Spread: 0.058667
Epoch 309/600, Total: 1765.042687, Node: 1070.277443, Link: 694.764660, Spread: 0.058033
Epoch 310/600, Total: 1764.992531, Node: 1070.233900, Link: 694.758058, Spread: 0.057408
Epoch 311/600, Total: 1764.943413, Node: 1070.191096, Link: 694.751754, Spread: 0.056791
Epoch 312/600, Total: 1764.895208, Node: 1070.149007, Link: 694.745646, Spread: 0.056183
Epoch 313/600, Total: 1764.847776, Node: 1070.107568, Link: 694.739663, Spread: 0.055582
Epoch 314/600, Total: 1764.800974, Node: 1070.066645, Link: 694.733790, Spread: 0.054989
Epoch 315/600, Total: 1764.754765, Node: 1070.026223, Link: 694.728012, Spread: 0.054402
Epoch 316/600, Total: 1764.709685, Node: 1069.986476, Link: 694.722679, Spread: 0.053821
Epoch 317/600, Total: 1764.665471, Node: 1069.947327, Link: 694.717626, Spread: 0.053247
Epoch 318/600, Total: 1764.621922, Node: 1069.908751, Link: 694.712660, Spread: 0.052680
Epoch 319/600, Total: 1764.578964, Node: 1069.870623, Link: 694.707836, Spread: 0.052119
Epoch 320/600, Total: 1764.536867, Node: 1069.833056, Link: 694.703308, Spread: 0.051563
Epoch 321/600, Total: 1764.495455, Node: 1069.795947, Link: 694.699007, Spread: 0.051012
Epoch 322/600, Total: 1764.454585, Node: 1069.759266, Link: 694.694825, Spread: 0.050466
Epoch 323/600, Total: 1764.414279, Node: 1069.723075, Link: 694.690715, Spread: 0.049925
Epoch 324/600, Total: 1764.374491, Node: 1069.687352, Link: 694.686656, Spread: 0.049390
Epoch 325/600, Total: 1764.485927, Node: 1069.798467, Link: 694.686980, Spread: 0.049064
Epoch 326/600, Total: 1764.315542, Node: 1069.596794, Link: 694.718270, Spread: 0.048608
Epoch 327/600, Total: 1764.304913, Node: 1069.615950, Link: 694.688487, Spread: 0.047906
Epoch 328/600, Total: 1764.218867, Node: 1069.553087, Link: 694.665312, Spread: 0.047321
Epoch 329/600, Total: 1764.186064, Node: 1069.518203, Link: 694.667393, Spread: 0.046796
Epoch 330/600, Total: 1764.144724, Node: 1069.481625, Link: 694.662639, Spread: 0.046286
Epoch 331/600, Total: 1764.104532, Node: 1069.446199, Link: 694.657876, Spread: 0.045782
Epoch 332/600, Total: 1764.065135, Node: 1069.411448, Link: 694.653235, Spread: 0.045282
Epoch 333/600, Total: 1764.026418, Node: 1069.377274, Link: 694.648693, Spread: 0.044787
Epoch 334/600, Total: 1763.988301, Node: 1069.343460, Link: 694.644395, Spread: 0.044297
Epoch 335/600, Total: 1763.950864, Node: 1069.310240, Link: 694.640179, Spread: 0.043813
Epoch 336/600, Total: 1763.914185, Node: 1069.277580, Link: 694.636165, Spread: 0.043333
Epoch 337/600, Total: 1763.878378, Node: 1069.245846, Link: 694.632099, Spread: 0.042858
Epoch 338/600, Total: 1763.843388, Node: 1069.214774, Link: 694.628193, Spread: 0.042386
Epoch 339/600, Total: 1763.809370, Node: 1069.184536, Link: 694.624418, Spread: 0.041920
Epoch 340/600, Total: 1763.776299, Node: 1069.155198, Link: 694.620696, Spread: 0.041457
Epoch 341/600, Total: 1763.744266, Node: 1069.126947, Link: 694.616918, Spread: 0.040998
Epoch 342/600, Total: 1763.713590, Node: 1069.099871, Link: 694.613327, Spread: 0.040542
Epoch 343/600, Total: 1763.684178, Node: 1069.073822, Link: 694.609971, Spread: 0.040091
Epoch 344/600, Total: 1763.656061, Node: 1069.048829, Link: 694.606850, Spread: 0.039643
Epoch 345/600, Total: 1763.629227, Node: 1069.024865, Link: 694.603995, Spread: 0.039200
Epoch 346/600, Total: 1763.604191, Node: 1069.002242, Link: 694.601577, Spread: 0.038760
Epoch 347/600, Total: 1763.580295, Node: 1068.980583, Link: 694.599351, Spread: 0.038324
Epoch 348/600, Total: 1763.557572, Node: 1068.959851, Link: 694.597359, Spread: 0.037892
Epoch 349/600, Total: 1763.535959, Node: 1068.940028, Link: 694.595577, Spread: 0.037464
Epoch 350/600, Total: 1763.515477, Node: 1068.921087, Link: 694.594041, Spread: 0.037040
Epoch 351/600, Total: 1763.496038, Node: 1068.902968, Link: 694.592722, Spread: 0.036619
Epoch 352/600, Total: 1763.477573, Node: 1068.885634, Link: 694.591601, Spread: 0.036203
Epoch 353/600, Total: 1763.460001, Node: 1068.869012, Link: 694.590648, Spread: 0.035790
Epoch 354/600, Total: 1763.443215, Node: 1068.853014, Link: 694.589870, Spread: 0.035381
Epoch 355/600, Total: 1763.427216, Node: 1068.837644, Link: 694.589249, Spread: 0.034976
Epoch 356/600, Total: 1763.411901, Node: 1068.822824, Link: 694.588755, Spread: 0.034575
Epoch 357/600, Total: 1763.397228, Node: 1068.808517, Link: 694.588391, Spread: 0.034178
Epoch 358/600, Total: 1763.383186, Node: 1068.794725, Link: 694.588145, Spread: 0.033785
Epoch 359/600, Total: 1763.369542, Node: 1068.781252, Link: 694.587974, Spread: 0.033396
Epoch 360/600, Total: 1763.356437, Node: 1068.768226, Link: 694.587890, Spread: 0.033010
Epoch 361/600, Total: 1763.343782, Node: 1068.755606, Link: 694.587858, Spread: 0.032629
Epoch 362/600, Total: 1763.331487, Node: 1068.743312, Link: 694.587856, Spread: 0.032252
Epoch 363/600, Total: 1763.319632, Node: 1068.731380, Link: 694.587940, Spread: 0.031878
Epoch 364/600, Total: 1763.437100, Node: 1068.849231, Link: 694.587554, Spread: 0.031425
Epoch 365/600, Total: 1763.408888, Node: 1068.738623, Link: 694.669945, Spread: 0.031207
Epoch 366/600, Total: 1763.328388, Node: 1068.725619, Link: 694.602456, Spread: 0.030836
Epoch 367/600, Total: 1763.294083, Node: 1068.698380, Link: 694.595385, Spread: 0.030439
Epoch 368/600, Total: 1763.275819, Node: 1068.682632, Link: 694.592872, Spread: 0.030066
Epoch 369/600, Total: 1763.262266, Node: 1068.670069, Link: 694.591884, Spread: 0.029707
Epoch 370/600, Total: 1763.250670, Node: 1068.658804, Link: 694.591553, Spread: 0.029356
Epoch 371/600, Total: 1763.240111, Node: 1068.648240, Link: 694.591564, Spread: 0.029010
Epoch 372/600, Total: 1763.230339, Node: 1068.638268, Link: 694.591773, Spread: 0.028668
Epoch 373/600, Total: 1763.221017, Node: 1068.628624, Link: 694.592102, Spread: 0.028330
Epoch 374/600, Total: 1763.212067, Node: 1068.619270, Link: 694.592507, Spread: 0.027997
Epoch 375/600, Total: 1763.203454, Node: 1068.610184, Link: 694.592986, Spread: 0.027666
Epoch 376/600, Total: 1763.195069, Node: 1068.601320, Link: 694.593475, Spread: 0.027339
Epoch 377/600, Total: 1763.186978, Node: 1068.592660, Link: 694.594047, Spread: 0.027016
Epoch 378/600, Total: 1763.179098, Node: 1068.584197, Link: 694.594626, Spread: 0.026695
Epoch 379/600, Total: 1763.171380, Node: 1068.575895, Link: 694.595214, Spread: 0.026378
Epoch 380/600, Total: 1763.163850, Node: 1068.567759, Link: 694.595821, Spread: 0.026065
Epoch 381/600, Total: 1763.156555, Node: 1068.559823, Link: 694.596454, Spread: 0.025755
Epoch 382/600, Total: 1763.149374, Node: 1068.552010, Link: 694.597095, Spread: 0.025448
Epoch 383/600, Total: 1763.142371, Node: 1068.544354, Link: 694.597750, Spread: 0.025144
Epoch 384/600, Total: 1763.135512, Node: 1068.536845, Link: 694.598410, Spread: 0.024843
Epoch 385/600, Total: 1763.128827, Node: 1068.529483, Link: 694.599099, Spread: 0.024546
Epoch 386/600, Total: 1763.122294, Node: 1068.522235, Link: 694.599825, Spread: 0.024252
Epoch 387/600, Total: 1763.115952, Node: 1068.515137, Link: 694.600588, Spread: 0.023961
Epoch 388/600, Total: 1763.109734, Node: 1068.508165, Link: 694.601351, Spread: 0.023673
Epoch 389/600, Total: 1763.103632, Node: 1068.501321, Link: 694.602095, Spread: 0.023388
Epoch 390/600, Total: 1763.097668, Node: 1068.494609, Link: 694.602844, Spread: 0.023106
Epoch 391/600, Total: 1763.091827, Node: 1068.488023, Link: 694.603593, Spread: 0.022827
Epoch 392/600, Total: 1763.255150, Node: 1068.546929, Link: 694.708011, Spread: 0.022556
Epoch 393/600, Total: 1763.081647, Node: 1068.476259, Link: 694.605174, Spread: 0.022283
Epoch 394/600, Total: 1763.074315, Node: 1068.468486, Link: 694.605620, Spread: 0.022011
Epoch 395/600, Total: 1763.068806, Node: 1068.462272, Link: 694.606323, Spread: 0.021744
Epoch 396/600, Total: 1763.063591, Node: 1068.456308, Link: 694.607072, Spread: 0.021479
Epoch 397/600, Total: 1763.058581, Node: 1068.450524, Link: 694.607853, Spread: 0.021218
Epoch 398/600, Total: 1763.053695, Node: 1068.444852, Link: 694.608633, Spread: 0.020960
Epoch 399/600, Total: 1763.048854, Node: 1068.439257, Link: 694.609393, Spread: 0.020704
Epoch 400/600, Total: 1763.044123, Node: 1068.433785, Link: 694.610147, Spread: 0.020451
Epoch 401/600, Total: 1763.039504, Node: 1068.428411, Link: 694.610906, Spread: 0.020202
Epoch 402/600, Total: 1763.035601, Node: 1068.424127, Link: 694.611295, Spread: 0.019955
Epoch 403/600, Total: 1763.029894, Node: 1068.417495, Link: 694.612224, Spread: 0.019710
Epoch 404/600, Total: 1763.025994, Node: 1068.413041, Link: 694.612783, Spread: 0.019469
Epoch 405/600, Total: 1763.021755, Node: 1068.408150, Link: 694.613432, Spread: 0.019230
Epoch 406/600, Total: 1763.017543, Node: 1068.403263, Link: 694.614109, Spread: 0.018994
Epoch 407/600, Total: 1763.013400, Node: 1068.398448, Link: 694.614783, Spread: 0.018761
Epoch 408/600, Total: 1763.009261, Node: 1068.393650, Link: 694.615443, Spread: 0.018530
Epoch 409/600, Total: 1763.005194, Node: 1068.388907, Link: 694.616122, Spread: 0.018301
Epoch 410/600, Total: 1763.001179, Node: 1068.384236, Link: 694.616776, Spread: 0.018075
Epoch 411/600, Total: 1762.997136, Node: 1068.379555, Link: 694.617416, Spread: 0.017852
Epoch 412/600, Total: 1762.993136, Node: 1068.374921, Link: 694.618052, Spread: 0.017631
Epoch 413/600, Total: 1762.989140, Node: 1068.370283, Link: 694.618694, Spread: 0.017413
Epoch 414/600, Total: 1762.985134, Node: 1068.365657, Link: 694.619312, Spread: 0.017198
Epoch 415/600, Total: 1762.981194, Node: 1068.361099, Link: 694.619933, Spread: 0.016984
Epoch 416/600, Total: 1762.977253, Node: 1068.356539, Link: 694.620548, Spread: 0.016774
Epoch 417/600, Total: 1762.973315, Node: 1068.352005, Link: 694.621142, Spread: 0.016565
Epoch 418/600, Total: 1762.969397, Node: 1068.347497, Link: 694.621743, Spread: 0.016359
Epoch 419/600, Total: 1762.965518, Node: 1068.343036, Link: 694.622325, Spread: 0.016156
Epoch 420/600, Total: 1762.961655, Node: 1068.338602, Link: 694.622899, Spread: 0.015954
Epoch 421/600, Total: 1762.957847, Node: 1068.334221, Link: 694.623473, Spread: 0.015755
Epoch 422/600, Total: 1762.954075, Node: 1068.329891, Link: 694.624033, Spread: 0.015558
Epoch 423/600, Total: 1762.950364, Node: 1068.325611, Link: 694.624600, Spread: 0.015364
Epoch 424/600, Total: 1762.946692, Node: 1068.321380, Link: 694.625158, Spread: 0.015172
Epoch 425/600, Total: 1762.943039, Node: 1068.317199, Link: 694.625684, Spread: 0.014982
Epoch 426/600, Total: 1762.939412, Node: 1068.313059, Link: 694.626198, Spread: 0.014794
Epoch 427/600, Total: 1762.935861, Node: 1068.308986, Link: 694.626722, Spread: 0.014608
Epoch 428/600, Total: 1762.932384, Node: 1068.304996, Link: 694.627238, Spread: 0.014424
Epoch 429/600, Total: 1762.928968, Node: 1068.301062, Link: 694.627755, Spread: 0.014243
Epoch 430/600, Total: 1762.925627, Node: 1068.297212, Link: 694.628266, Spread: 0.014063
Epoch 431/600, Total: 1762.922350, Node: 1068.293407, Link: 694.628795, Spread: 0.013886
Epoch 432/600, Total: 1762.919152, Node: 1068.289683, Link: 694.629320, Spread: 0.013711
Epoch 433/600, Total: 1762.916084, Node: 1068.286063, Link: 694.629873, Spread: 0.013538
Epoch 434/600, Total: 1762.913097, Node: 1068.282496, Link: 694.630455, Spread: 0.013368
Epoch 435/600, Total: 1762.910188, Node: 1068.279009, Link: 694.631031, Spread: 0.013199
Epoch 436/600, Total: 1762.907397, Node: 1068.275598, Link: 694.631650, Spread: 0.013032
Epoch 437/600, Total: 1762.904697, Node: 1068.272273, Link: 694.632278, Spread: 0.012868
Epoch 438/600, Total: 1762.902110, Node: 1068.269017, Link: 694.632946, Spread: 0.012705
Epoch 439/600, Total: 1762.899545, Node: 1068.266012, Link: 694.633385, Spread: 0.012544
Epoch 440/600, Total: 1762.897040, Node: 1068.263230, Link: 694.633669, Spread: 0.012386
Epoch 441/600, Total: 1762.894662, Node: 1068.260561, Link: 694.633970, Spread: 0.012229
Epoch 442/600, Total: 1762.892437, Node: 1068.258019, Link: 694.634293, Spread: 0.012074
Epoch 443/600, Total: 1762.890449, Node: 1068.255634, Link: 694.634694, Spread: 0.011921
Epoch 444/600, Total: 1762.888614, Node: 1068.253358, Link: 694.635148, Spread: 0.011770
Epoch 445/600, Total: 1762.887041, Node: 1068.251241, Link: 694.635692, Spread: 0.011621
Epoch 446/600, Total: 1762.885764, Node: 1068.249302, Link: 694.636353, Spread: 0.011474
Epoch 447/600, Total: 1762.884749, Node: 1068.247503, Link: 694.637137, Spread: 0.011329
Epoch 448/600, Total: 1762.884055, Node: 1068.245865, Link: 694.638080, Spread: 0.011186
Epoch 449/600, Total: 1762.883853, Node: 1068.244490, Link: 694.639251, Spread: 0.011044
Epoch 450/600, Total: 1762.884100, Node: 1068.243162, Link: 694.640831, Spread: 0.010904
Epoch 451/600, Total: 1762.884846, Node: 1068.241836, Link: 694.642898, Spread: 0.010766
Epoch 452/600, Total: 1762.886211, Node: 1068.240692, Link: 694.645409, Spread: 0.010629
Epoch 453/600, Total: 1762.888201, Node: 1068.239753, Link: 694.648339, Spread: 0.010495
Epoch 454/600, Total: 1762.890806, Node: 1068.238957, Link: 694.651739, Spread: 0.010361
Epoch 455/600, Total: 1762.894483, Node: 1068.238514, Link: 694.655859, Spread: 0.010229
Epoch 456/600, Total: 1762.899422, Node: 1068.238452, Link: 694.660860, Spread: 0.010098
Epoch 457/600, Total: 1762.905119, Node: 1068.238570, Link: 694.666443, Spread: 0.009968
Epoch 458/600, Total: 1762.911268, Node: 1068.238553, Link: 694.672608, Spread: 0.009839
Epoch 459/600, Total: 1762.918038, Node: 1068.238632, Link: 694.679300, Spread: 0.009710
Epoch 460/600, Total: 1762.925389, Node: 1068.238879, Link: 694.686406, Spread: 0.009582
Epoch 461/600, Total: 1762.932496, Node: 1068.238991, Link: 694.693401, Spread: 0.009454
Epoch 462/600, Total: 1762.939671, Node: 1068.239220, Link: 694.700351, Spread: 0.009326
Epoch 463/600, Total: 1762.946705, Node: 1068.239435, Link: 694.707166, Spread: 0.009199
Epoch 464/600, Total: 1762.953488, Node: 1068.239580, Link: 694.713804, Spread: 0.009073
Epoch 465/600, Total: 1762.959914, Node: 1068.239628, Link: 694.720180, Spread: 0.008948
Epoch 466/600, Total: 1762.966043, Node: 1068.239642, Link: 694.726297, Spread: 0.008824
Epoch 467/600, Total: 1762.971871, Node: 1068.239640, Link: 694.732124, Spread: 0.008703
Epoch 468/600, Total: 1762.977289, Node: 1068.239554, Link: 694.737632, Spread: 0.008583
Epoch 469/600, Total: 1762.982390, Node: 1068.239458, Link: 694.742832, Spread: 0.008466
Epoch 470/600, Total: 1762.987161, Node: 1068.239312, Link: 694.747748, Spread: 0.008352
Epoch 471/600, Total: 1762.991547, Node: 1068.239088, Link: 694.752377, Spread: 0.008240
Epoch 472/600, Total: 1762.995648, Node: 1068.238810, Link: 694.756765, Spread: 0.008130
Epoch 473/600, Total: 1762.999473, Node: 1068.238479, Link: 694.760934, Spread: 0.008023
Epoch 474/600, Total: 1763.002987, Node: 1068.238113, Link: 694.764821, Spread: 0.007918
Epoch 475/600, Total: 1763.006286, Node: 1068.237740, Link: 694.768497, Spread: 0.007815
Epoch 476/600, Total: 1763.009332, Node: 1068.237298, Link: 694.771985, Spread: 0.007713
Epoch 477/600, Total: 1763.012143, Node: 1068.236878, Link: 694.775219, Spread: 0.007613
Epoch 478/600, Total: 1763.014790, Node: 1068.236429, Link: 694.778316, Spread: 0.007515
Epoch 479/600, Total: 1763.017280, Node: 1068.235957, Link: 694.781275, Spread: 0.007417
Epoch 480/600, Total: 1763.019516, Node: 1068.235395, Link: 694.784073, Spread: 0.007321
Epoch 481/600, Total: 1763.021614, Node: 1068.234832, Link: 694.786735, Spread: 0.007226
Epoch 482/600, Total: 1763.023562, Node: 1068.234269, Link: 694.789245, Spread: 0.007132
Epoch 483/600, Total: 1763.025394, Node: 1068.233716, Link: 694.791636, Spread: 0.007040
Epoch 484/600, Total: 1763.027086, Node: 1068.233148, Link: 694.793889, Spread: 0.006948
Epoch 485/600, Total: 1763.028657, Node: 1068.232587, Link: 694.796020, Spread: 0.006858
Epoch 486/600, Total: 1763.030105, Node: 1068.232029, Link: 694.798027, Spread: 0.006768
Epoch 487/600, Total: 1763.031418, Node: 1068.231442, Link: 694.799925, Spread: 0.006680
Epoch 488/600, Total: 1763.032657, Node: 1068.230844, Link: 694.801764, Spread: 0.006593
Epoch 489/600, Total: 1763.033871, Node: 1068.230232, Link: 694.803590, Spread: 0.006506
Epoch 490/600, Total: 1763.034998, Node: 1068.229601, Link: 694.805351, Spread: 0.006421
Epoch 491/600, Total: 1763.036029, Node: 1068.228947, Link: 694.807032, Spread: 0.006337
Epoch 492/600, Total: 1763.036954, Node: 1068.228271, Link: 694.808634, Spread: 0.006254
Epoch 493/600, Total: 1763.037790, Node: 1068.227553, Link: 694.810192, Spread: 0.006173
Epoch 494/600, Total: 1763.038521, Node: 1068.226801, Link: 694.811674, Spread: 0.006092
Epoch 495/600, Total: 1763.039122, Node: 1068.225993, Link: 694.813084, Spread: 0.006012
Epoch 496/600, Total: 1763.039608, Node: 1068.225131, Link: 694.814435, Spread: 0.005933
Epoch 497/600, Total: 1763.040077, Node: 1068.224248, Link: 694.815783, Spread: 0.005856
Epoch 498/600, Total: 1763.040466, Node: 1068.223340, Link: 694.817079, Spread: 0.005779
Epoch 499/600, Total: 1763.040823, Node: 1068.222434, Link: 694.818348, Spread: 0.005704
Epoch 500/600, Total: 1763.041065, Node: 1068.221450, Link: 694.819572, Spread: 0.005629
Epoch 501/600, Total: 1763.041285, Node: 1068.220467, Link: 694.820774, Spread: 0.005556
Epoch 502/600, Total: 1763.041418, Node: 1068.219464, Link: 694.821914, Spread: 0.005483
Epoch 503/600, Total: 1763.041514, Node: 1068.218430, Link: 694.823038, Spread: 0.005412
Epoch 504/600, Total: 1763.041502, Node: 1068.217374, Link: 694.824090, Spread: 0.005341
Epoch 505/600, Total: 1763.041453, Node: 1068.216285, Link: 694.825123, Spread: 0.005271
Epoch 506/600, Total: 1763.041403, Node: 1068.215227, Link: 694.826133, Spread: 0.005202
Epoch 507/600, Total: 1763.041287, Node: 1068.214127, Link: 694.827118, Spread: 0.005134
Epoch 508/600, Total: 1763.041134, Node: 1068.213033, Link: 694.828060, Spread: 0.005067
Epoch 509/600, Total: 1763.040919, Node: 1068.211915, Link: 694.828960, Spread: 0.005001
Epoch 510/600, Total: 1763.040702, Node: 1068.210803, Link: 694.829851, Spread: 0.004936
Epoch 511/600, Total: 1763.040456, Node: 1068.209692, Link: 694.830719, Spread: 0.004871
Epoch 512/600, Total: 1763.040365, Node: 1068.208605, Link: 694.831718, Spread: 0.004808
Epoch 513/600, Total: 1763.040342, Node: 1068.207540, Link: 694.832758, Spread: 0.004745
Epoch 514/600, Total: 1763.040301, Node: 1068.206483, Link: 694.833773, Spread: 0.004683
Epoch 515/600, Total: 1763.040208, Node: 1068.205410, Link: 694.834754, Spread: 0.004622
Epoch 516/600, Total: 1763.040077, Node: 1068.204312, Link: 694.835722, Spread: 0.004562
Epoch 517/600, Total: 1763.039951, Node: 1068.203238, Link: 694.836668, Spread: 0.004502
Epoch 518/600, Total: 1763.039769, Node: 1068.202139, Link: 694.837588, Spread: 0.004444
Epoch 519/600, Total: 1763.039525, Node: 1068.201014, Link: 694.838469, Spread: 0.004386
Epoch 520/600, Total: 1763.039295, Node: 1068.199889, Link: 694.839362, Spread: 0.004329
Epoch 521/600, Total: 1763.038993, Node: 1068.198741, Link: 694.840208, Spread: 0.004273
Epoch 522/600, Total: 1763.038678, Node: 1068.197618, Link: 694.841016, Spread: 0.004217
Epoch 523/600, Total: 1763.038307, Node: 1068.196438, Link: 694.841836, Spread: 0.004163
Epoch 524/600, Total: 1763.037936, Node: 1068.195280, Link: 694.842629, Spread: 0.004109
Epoch 525/600, Total: 1763.037495, Node: 1068.194105, Link: 694.843369, Spread: 0.004056
Epoch 526/600, Total: 1763.037018, Node: 1068.192887, Link: 694.844109, Spread: 0.004004
Epoch 527/600, Total: 1763.036526, Node: 1068.191695, Link: 694.844820, Spread: 0.003952
Epoch 528/600, Total: 1763.035992, Node: 1068.190488, Link: 694.845502, Spread: 0.003901
Epoch 529/600, Total: 1763.035475, Node: 1068.189309, Link: 694.846159, Spread: 0.003852
Epoch 530/600, Total: 1763.646174, Node: 1067.712064, Link: 695.934030, Spread: 0.008307
Epoch 531/600, Total: 1763.084796, Node: 1068.100824, Link: 694.983925, Spread: 0.004752
Epoch 532/600, Total: 1763.033588, Node: 1068.136422, Link: 694.897119, Spread: 0.004769
Epoch 533/600, Total: 1763.016352, Node: 1068.144894, Link: 694.871414, Spread: 0.004844
Epoch 534/600, Total: 1763.008982, Node: 1068.145595, Link: 694.863343, Spread: 0.004905
Epoch 535/600, Total: 1763.004466, Node: 1068.143682, Link: 694.860741, Spread: 0.004938
Epoch 536/600, Total: 1763.000716, Node: 1068.140931, Link: 694.859739, Spread: 0.004943
Epoch 537/600, Total: 1762.997299, Node: 1068.137982, Link: 694.859274, Spread: 0.004923
Epoch 538/600, Total: 1762.994217, Node: 1068.135146, Link: 694.859035, Spread: 0.004883
Epoch 539/600, Total: 1762.991514, Node: 1068.132577, Link: 694.858906, Spread: 0.004830
Epoch 540/600, Total: 1762.989128, Node: 1068.130246, Link: 694.858853, Spread: 0.004765
Epoch 541/600, Total: 1762.987032, Node: 1068.128185, Link: 694.858820, Spread: 0.004693
Epoch 542/600, Total: 1762.985112, Node: 1068.126300, Link: 694.858787, Spread: 0.004615
Epoch 543/600, Total: 1762.983372, Node: 1068.124593, Link: 694.858759, Spread: 0.004536
Epoch 544/600, Total: 1762.981744, Node: 1068.123041, Link: 694.858683, Spread: 0.004456
Epoch 545/600, Total: 1762.980163, Node: 1068.121560, Link: 694.858586, Spread: 0.004378
Epoch 546/600, Total: 1762.978623, Node: 1068.120197, Link: 694.858407, Spread: 0.004302
Epoch 547/600, Total: 1762.977126, Node: 1068.118911, Link: 694.858197, Spread: 0.004231
Epoch 548/600, Total: 1762.975621, Node: 1068.117675, Link: 694.857930, Spread: 0.004166
Epoch 549/600, Total: 1762.974161, Node: 1068.116512, Link: 694.857631, Spread: 0.004108
Epoch 550/600, Total: 1762.972688, Node: 1068.115397, Link: 694.857274, Spread: 0.004060
Epoch 551/600, Total: 1762.971249, Node: 1068.114353, Link: 694.856880, Spread: 0.004024
Epoch 552/600, Total: 1762.969824, Node: 1068.113379, Link: 694.856426, Spread: 0.004002
Epoch 553/600, Total: 1762.968403, Node: 1068.112466, Link: 694.855922, Spread: 0.003999
Epoch 554/600, Total: 1762.967010, Node: 1068.111630, Link: 694.855366, Spread: 0.004018
Epoch 555/600, Total: 1762.965586, Node: 1068.110848, Link: 694.854726, Spread: 0.004065
Epoch 556/600, Total: 1762.964170, Node: 1068.110139, Link: 694.854019, Spread: 0.004148
Epoch 557/600, Total: 1762.962663, Node: 1068.109447, Link: 694.853204, Spread: 0.004277
Epoch 558/600, Total: 1762.961117, Node: 1068.108837, Link: 694.852263, Spread: 0.004463
Epoch 559/600, Total: 1762.959510, Node: 1068.108250, Link: 694.851243, Spread: 0.004723
Epoch 560/600, Total: 1762.957863, Node: 1068.107722, Link: 694.850120, Spread: 0.005076
Epoch 561/600, Total: 1762.956102, Node: 1068.107196, Link: 694.848879, Spread: 0.005548
Epoch 562/600, Total: 1762.954290, Node: 1068.106716, Link: 694.847541, Spread: 0.006172
Epoch 563/600, Total: 1762.952408, Node: 1068.106208, Link: 694.846152, Spread: 0.006983
Epoch 564/600, Total: 1762.950498, Node: 1068.105702, Link: 694.844739, Spread: 0.008024
Epoch 565/600, Total: 1762.948672, Node: 1068.105155, Link: 694.843441, Spread: 0.009339
Epoch 566/600, Total: 1762.947031, Node: 1068.104573, Link: 694.842371, Spread: 0.010974
Epoch 567/600, Total: 1762.945754, Node: 1068.103970, Link: 694.841679, Spread: 0.012972
Epoch 568/600, Total: 1762.945086, Node: 1068.103380, Link: 694.841574, Spread: 0.015373
Epoch 569/600, Total: 1762.945150, Node: 1068.102793, Link: 694.842197, Spread: 0.018194
Epoch 570/600, Total: 1762.946018, Node: 1068.102264, Link: 694.843561, Spread: 0.021402
Epoch 571/600, Total: 1762.947630, Node: 1068.101813, Link: 694.845588, Spread: 0.024874
Epoch 572/600, Total: 1762.949826, Node: 1068.101491, Link: 694.848067, Spread: 0.028370
Epoch 573/600, Total: 1762.952256, Node: 1068.100996, Link: 694.850964, Spread: 0.031556
Epoch 574/600, Total: 1762.954713, Node: 1068.100687, Link: 694.853699, Spread: 0.034084
Epoch 575/600, Total: 1762.956905, Node: 1068.100572, Link: 694.855988, Spread: 0.035716
Epoch 576/600, Total: 1762.958546, Node: 1068.100585, Link: 694.857620, Spread: 0.036401
Epoch 577/600, Total: 1762.959529, Node: 1068.100635, Link: 694.858555, Spread: 0.036249
Epoch 578/600, Total: 1762.959934, Node: 1068.100760, Link: 694.858838, Spread: 0.035450
Epoch 579/600, Total: 1762.959835, Node: 1068.100861, Link: 694.858647, Spread: 0.034196
Epoch 580/600, Total: 1762.959290, Node: 1068.100856, Link: 694.858124, Spread: 0.032650
Epoch 581/600, Total: 1762.958470, Node: 1068.100810, Link: 694.857368, Spread: 0.030937
Epoch 582/600, Total: 1762.956981, Node: 1068.100376, Link: 694.856327, Spread: 0.029148
Epoch 583/600, Total: 1762.955346, Node: 1068.099873, Link: 694.855220, Spread: 0.027345
Epoch 584/600, Total: 1762.953645, Node: 1068.099316, Link: 694.854089, Spread: 0.025573
Epoch 585/600, Total: 1762.951906, Node: 1068.098751, Link: 694.852932, Spread: 0.023859
Epoch 586/600, Total: 1762.950093, Node: 1068.098130, Link: 694.851758, Spread: 0.022222
Epoch 587/600, Total: 1762.948292, Node: 1068.097504, Link: 694.850594, Spread: 0.020673
Epoch 588/600, Total: 1762.946450, Node: 1068.096859, Link: 694.849425, Spread: 0.019215
Epoch 589/600, Total: 1762.944682, Node: 1068.096266, Link: 694.848258, Spread: 0.017852
Epoch 590/600, Total: 1762.942932, Node: 1068.095694, Link: 694.847082, Spread: 0.016581
Epoch 591/600, Total: 1762.941246, Node: 1068.095173, Link: 694.845936, Spread: 0.015399
Epoch 592/600, Total: 1762.939627, Node: 1068.094720, Link: 694.844783, Spread: 0.014303
Epoch 593/600, Total: 1762.938133, Node: 1068.094347, Link: 694.843668, Spread: 0.013288
Epoch 594/600, Total: 1762.936681, Node: 1068.094004, Link: 694.842569, Spread: 0.012349
Epoch 595/600, Total: 1762.935346, Node: 1068.093743, Link: 694.841509, Spread: 0.011482
Epoch 596/600, Total: 1762.934088, Node: 1068.093530, Link: 694.840476, Spread: 0.010680
Epoch 597/600, Total: 1762.932870, Node: 1068.093334, Link: 694.839455, Spread: 0.009940
Epoch 598/600, Total: 1762.931747, Node: 1068.093180, Link: 694.838485, Spread: 0.009258
Epoch 599/600, Total: 1762.930657, Node: 1068.093006, Link: 694.837574, Spread: 0.008627
Epoch 600/600, Total: 1762.929591, Node: 1068.092804, Link: 694.836714, Spread: 0.008046
Saved sweep result to: /homes/dameyer/ml-for-wdn-project-4/results/aggregated/gnn_training_sweep/net1_buffer=10_rollout=1_seed=42.json
Table value: 1068.092804
