Filter:    ekf
Job:       240773
Array ID:  25
Seed:      67
Host:      assistant-3.GPU.CIT-EC.NET
Dataset:   hanoi

Running Hanoi GNN EKF: 24 sensor counts × 1 sensor placements
2 sensors/type: 1.0648 ± 0.2660
3 sensors/type: 1.0187 ± 0.2779
4 sensors/type: 1.0990 ± 0.2925
5 sensors/type: 1.0831 ± 0.2966
6 sensors/type: 1.0070 ± 0.2571
7 sensors/type: 1.0118 ± 0.2664
8 sensors/type: 0.9975 ± 0.2606
9 sensors/type: 0.9785 ± 0.2770
10 sensors/type: 0.9785 ± 0.2847
11 sensors/type: 0.9582 ± 0.2743
12 sensors/type: 0.9433 ± 0.2725
13 sensors/type: 0.9503 ± 0.2730
14 sensors/type: 0.8975 ± 0.2566
15 sensors/type: 0.9116 ± 0.2626
16 sensors/type: 0.9100 ± 0.2710
17 sensors/type: 0.8965 ± 0.2634
18 sensors/type: 0.8727 ± 0.2611
19 sensors/type: 0.9226 ± 0.2823
20 sensors/type: 0.8693 ± 0.2738
21 sensors/type: 0.8722 ± 0.2528
22 sensors/type: 0.8656 ± 0.2587
23 sensors/type: 0.8761 ± 0.2781
24 sensors/type: 0.8509 ± 0.2519
25 sensors/type: 0.8725 ± 0.2671
Saved gnn EKF result to: /homes/dameyer/ml-for-wdn-project-4/results/aggregated/hanoi_gnn_ekf_n_iters=1_seed=67.npz
