================================
GNN training sweep
Job ID: 242683
Task ID: 18
Buffer size: 15
Rollout length: 1
================================
Running GNN sweep: dataset=Net1, buffer=15, rollout=1
Epoch 1/600, Total: 2110.987787, Node: 1290.107414, Link: 819.757567, Spread: 112.280712
Epoch 2/600, Total: 1988.083410, Node: 1235.434022, Link: 752.246201, Spread: 40.318801
Epoch 3/600, Total: 1958.318630, Node: 1215.172513, Link: 742.989838, Spread: 15.627879
Epoch 4/600, Total: 1940.650899, Node: 1198.132259, Link: 742.443892, Spread: 7.475008
Epoch 5/600, Total: 1917.406610, Node: 1176.781186, Link: 740.573817, Spread: 5.161011
Epoch 6/600, Total: 1893.144594, Node: 1156.686499, Link: 736.411068, Spread: 4.702166
Epoch 7/600, Total: 1872.231082, Node: 1139.759583, Link: 732.423756, Spread: 4.774351
Epoch 8/600, Total: 1857.000026, Node: 1127.456026, Link: 729.495484, Spread: 4.851863
Epoch 9/600, Total: 1845.546980, Node: 1118.353234, Link: 727.145954, Spread: 4.779095
Epoch 10/600, Total: 1837.970360, Node: 1112.384538, Link: 725.539977, Spread: 4.584529
Epoch 11/600, Total: 1832.832378, Node: 1108.705331, Link: 724.083414, Spread: 4.363547
Epoch 12/600, Total: 1828.609064, Node: 1105.771868, Link: 722.795399, Spread: 4.179379
Epoch 13/600, Total: 1824.968069, Node: 1103.207204, Link: 721.720362, Spread: 4.050627
Epoch 14/600, Total: 1822.021474, Node: 1101.165240, Link: 720.816648, Spread: 3.958469
Epoch 15/600, Total: 1819.827630, Node: 1099.764724, Link: 720.024422, Spread: 3.848634
Epoch 16/600, Total: 1819.060905, Node: 1099.504157, Link: 719.520648, Spread: 3.609706
Epoch 17/600, Total: 1817.338952, Node: 1098.035838, Link: 719.269521, Spread: 3.359210
Epoch 18/600, Total: 1816.219723, Node: 1097.159897, Link: 719.029469, Spread: 3.035375
Epoch 19/600, Total: 1815.564928, Node: 1096.720939, Link: 718.817296, Spread: 2.669296
Epoch 20/600, Total: 1815.269127, Node: 1096.547141, Link: 718.699034, Spread: 2.295529
Epoch 21/600, Total: 1814.553278, Node: 1095.865204, Link: 718.668648, Spread: 1.943433
Epoch 22/600, Total: 1814.101917, Node: 1095.471590, Link: 718.614099, Spread: 1.622946
Epoch 23/600, Total: 1813.770046, Node: 1095.183795, Link: 718.572830, Spread: 1.342235
Epoch 24/600, Total: 1813.504101, Node: 1094.961274, Link: 718.531819, Spread: 1.100823
Epoch 25/600, Total: 1813.293568, Node: 1094.781676, Link: 718.502899, Spread: 0.898859
Epoch 26/600, Total: 1813.881985, Node: 1094.501075, Link: 719.373978, Spread: 0.693387
Epoch 27/600, Total: 1813.462680, Node: 1094.622016, Link: 718.835135, Spread: 0.553452
Epoch 28/600, Total: 1813.252257, Node: 1094.587258, Link: 718.660503, Spread: 0.450198
Epoch 29/600, Total: 1813.064072, Node: 1094.474120, Link: 718.586272, Spread: 0.368724
Epoch 30/600, Total: 1812.914362, Node: 1094.365048, Link: 718.546264, Spread: 0.304056
Epoch 31/600, Total: 1815.847731, Node: 1097.422412, Link: 718.422768, Spread: 0.254567
Epoch 32/600, Total: 1813.175785, Node: 1094.651656, Link: 718.522004, Spread: 0.212632
Epoch 33/600, Total: 1812.682943, Node: 1094.172235, Link: 718.508902, Spread: 0.180348
Epoch 34/600, Total: 1812.504879, Node: 1094.020823, Link: 718.482502, Spread: 0.155479
Epoch 35/600, Total: 1812.410486, Node: 1093.944461, Link: 718.464656, Spread: 0.136258
Epoch 36/600, Total: 1812.644192, Node: 1094.716879, Link: 717.926109, Spread: 0.120288
Epoch 37/600, Total: 1811.583967, Node: 1094.006031, Link: 717.576872, Spread: 0.106266
Epoch 38/600, Total: 1810.583339, Node: 1094.016209, Link: 716.566139, Spread: 0.099738
Epoch 39/600, Total: 1804.115040, Node: 1094.865897, Link: 709.245714, Spread: 0.342479
Epoch 40/600, Total: 1798.209770, Node: 1094.223622, Link: 703.982231, Spread: 0.392024
Epoch 41/600, Total: 1795.363863, Node: 1093.919718, Link: 701.440692, Spread: 0.345193
Epoch 42/600, Total: 1793.974715, Node: 1094.113062, Link: 699.858627, Spread: 0.303099
Epoch 43/600, Total: 1792.899970, Node: 1093.684995, Link: 699.212225, Spread: 0.274974
Epoch 44/600, Total: 1791.679655, Node: 1093.275897, Link: 698.401188, Spread: 0.257150
Epoch 45/600, Total: 1791.071698, Node: 1093.021384, Link: 698.047847, Spread: 0.246819
Epoch 46/600, Total: 1790.733390, Node: 1092.925274, Link: 697.805709, Spread: 0.240631
Epoch 47/600, Total: 1790.304082, Node: 1092.689222, Link: 697.612491, Spread: 0.236998
Epoch 48/600, Total: 1790.165703, Node: 1092.637209, Link: 697.526147, Spread: 0.234847
Epoch 49/600, Total: 1789.877582, Node: 1092.468424, Link: 697.406824, Spread: 0.233185
Epoch 50/600, Total: 1789.790380, Node: 1092.416616, Link: 697.371449, Spread: 0.231983
Epoch 51/600, Total: 1789.532085, Node: 1092.255949, Link: 697.273830, Spread: 0.230682
Epoch 52/600, Total: 1789.481510, Node: 1092.222045, Link: 697.257170, Spread: 0.229660
Epoch 53/600, Total: 1789.286279, Node: 1092.104016, Link: 697.179980, Spread: 0.228441
Epoch 54/600, Total: 1805.840488, Node: 1093.363412, Link: 712.475835, Spread: 0.123562
Epoch 55/600, Total: 1812.868180, Node: 1093.906493, Link: 718.960874, Spread: 0.079959
Epoch 56/600, Total: 1812.740554, Node: 1093.818445, Link: 718.921294, Spread: 0.080183
Epoch 57/600, Total: 1812.606931, Node: 1093.730606, Link: 718.875541, Spread: 0.077305
Epoch 58/600, Total: 1812.514281, Node: 1093.676709, Link: 718.836845, Spread: 0.072895
Epoch 59/600, Total: 1812.423457, Node: 1093.627768, Link: 718.795014, Spread: 0.067908
Epoch 60/600, Total: 1812.349310, Node: 1093.593294, Link: 718.755392, Spread: 0.062966
Epoch 61/600, Total: 1812.278567, Node: 1093.561133, Link: 718.716854, Spread: 0.058381
Epoch 62/600, Total: 1812.219159, Node: 1093.536108, Link: 718.682507, Spread: 0.054328
Epoch 63/600, Total: 1812.163268, Node: 1093.510809, Link: 718.651955, Spread: 0.050839
Epoch 64/600, Total: 1812.118149, Node: 1093.490776, Link: 718.626895, Spread: 0.047910
Epoch 65/600, Total: 1812.072623, Node: 1093.467227, Link: 718.604940, Spread: 0.045476
Epoch 66/600, Total: 1812.030320, Node: 1093.442725, Link: 718.587159, Spread: 0.043486
Epoch 67/600, Total: 1811.978264, Node: 1093.408018, Link: 718.569825, Spread: 0.041857
Epoch 68/600, Total: 1811.926380, Node: 1093.371067, Link: 718.554906, Spread: 0.040519
Epoch 69/600, Total: 1811.889675, Node: 1093.343870, Link: 718.545409, Spread: 0.039385
Epoch 70/600, Total: 1811.854262, Node: 1093.312928, Link: 718.540941, Spread: 0.038432
Epoch 71/600, Total: 1811.822704, Node: 1093.289491, Link: 718.532834, Spread: 0.037602
Epoch 72/600, Total: 1811.799056, Node: 1093.266784, Link: 718.531901, Spread: 0.036913
Epoch 73/600, Total: 1811.773086, Node: 1093.248708, Link: 718.524016, Spread: 0.036275
Epoch 74/600, Total: 1811.768810, Node: 1093.239552, Link: 718.528899, Spread: 0.035753
Epoch 75/600, Total: 1811.729726, Node: 1093.208950, Link: 718.520426, Spread: 0.035217
Epoch 76/600, Total: 1811.737519, Node: 1093.211012, Link: 718.526161, Spread: 0.034774
Epoch 77/600, Total: 1811.704815, Node: 1093.182817, Link: 718.521655, Spread: 0.034309
Epoch 78/600, Total: 1811.709201, Node: 1093.182984, Link: 718.525885, Spread: 0.033894
Epoch 79/600, Total: 1811.694986, Node: 1093.167980, Link: 718.526675, Spread: 0.033474
Epoch 80/600, Total: 1811.695813, Node: 1093.165042, Link: 718.530446, Spread: 0.033071
Epoch 81/600, Total: 1811.694516, Node: 1093.159818, Link: 718.534374, Spread: 0.032672
Epoch 82/600, Total: 1811.697334, Node: 1093.157892, Link: 718.539125, Spread: 0.032280
Epoch 83/600, Total: 1811.700838, Node: 1093.156649, Link: 718.543875, Spread: 0.031895
Epoch 84/600, Total: 1811.704636, Node: 1093.155594, Link: 718.548730, Spread: 0.031518
Epoch 85/600, Total: 1811.709487, Node: 1093.155600, Link: 718.553580, Spread: 0.031153
Epoch 86/600, Total: 1811.716049, Node: 1093.157177, Link: 718.558568, Spread: 0.030800
Epoch 87/600, Total: 1811.724092, Node: 1093.160006, Link: 718.563784, Spread: 0.030460
Epoch 88/600, Total: 1811.733066, Node: 1093.163420, Link: 718.569348, Spread: 0.030133
Epoch 89/600, Total: 1811.742089, Node: 1093.166980, Link: 718.574811, Spread: 0.029820
Epoch 90/600, Total: 1811.750065, Node: 1093.169814, Link: 718.579960, Spread: 0.029522
Epoch 91/600, Total: 1811.756516, Node: 1093.171214, Link: 718.585007, Spread: 0.029240
Epoch 92/600, Total: 1811.760242, Node: 1093.170316, Link: 718.589636, Spread: 0.028976
Epoch 93/600, Total: 1811.760587, Node: 1093.166565, Link: 718.593730, Spread: 0.028729
Epoch 94/600, Total: 1811.757101, Node: 1093.159539, Link: 718.597275, Spread: 0.028500
Epoch 95/600, Total: 1811.750064, Node: 1093.148884, Link: 718.600894, Spread: 0.028290
Epoch 96/600, Total: 1811.737783, Node: 1093.133609, Link: 718.603890, Spread: 0.028100
Epoch 97/600, Total: 1811.719075, Node: 1093.112491, Link: 718.606297, Spread: 0.027931
Epoch 98/600, Total: 1811.694908, Node: 1093.086491, Link: 718.608138, Spread: 0.027790
Epoch 99/600, Total: 1811.683081, Node: 1093.073099, Link: 718.609695, Spread: 0.027682
Epoch 100/600, Total: 1811.679320, Node: 1093.066648, Link: 718.612388, Spread: 0.027598
Epoch 101/600, Total: 1811.677733, Node: 1093.062876, Link: 718.614576, Spread: 0.027536
Epoch 102/600, Total: 1811.674477, Node: 1093.057381, Link: 718.616814, Spread: 0.027486
Epoch 103/600, Total: 1811.668712, Node: 1093.049212, Link: 718.619218, Spread: 0.027445
Epoch 104/600, Total: 1811.661511, Node: 1093.039624, Link: 718.621608, Spread: 0.027416
Epoch 105/600, Total: 1811.654394, Node: 1093.030290, Link: 718.623820, Spread: 0.027400
Epoch 106/600, Total: 1811.647505, Node: 1093.021486, Link: 718.625740, Spread: 0.027397
Epoch 107/600, Total: 1811.641431, Node: 1093.013650, Link: 718.627498, Spread: 0.027406
Epoch 108/600, Total: 1811.635579, Node: 1093.006111, Link: 718.629184, Spread: 0.027424
Epoch 109/600, Total: 1811.629625, Node: 1092.998514, Link: 718.630828, Spread: 0.027449
Epoch 110/600, Total: 1811.623573, Node: 1092.990889, Link: 718.632398, Spread: 0.027480
Epoch 111/600, Total: 1811.617501, Node: 1092.983349, Link: 718.633872, Spread: 0.027514
Epoch 112/600, Total: 1811.611421, Node: 1092.975875, Link: 718.635263, Spread: 0.027549
Epoch 113/600, Total: 1811.605112, Node: 1092.968275, Link: 718.636556, Spread: 0.027584
Epoch 114/600, Total: 1811.598571, Node: 1092.960535, Link: 718.637754, Spread: 0.027617
Epoch 115/600, Total: 1811.591689, Node: 1092.952573, Link: 718.638833, Spread: 0.027647
Epoch 116/600, Total: 1811.584469, Node: 1092.944393, Link: 718.639795, Spread: 0.027671
Epoch 117/600, Total: 1811.576922, Node: 1092.936109, Link: 718.640532, Spread: 0.027690
Epoch 118/600, Total: 1811.568901, Node: 1092.927829, Link: 718.640796, Spread: 0.027701
Epoch 119/600, Total: 1811.560435, Node: 1092.919222, Link: 718.640932, Spread: 0.027704
Epoch 120/600, Total: 1811.551407, Node: 1092.910155, Link: 718.640976, Spread: 0.027697
Epoch 121/600, Total: 1811.541693, Node: 1092.900525, Link: 718.640890, Spread: 0.027678
Epoch 122/600, Total: 1811.531348, Node: 1092.890379, Link: 718.640691, Spread: 0.027646
Epoch 123/600, Total: 1811.520063, Node: 1092.879490, Link: 718.640293, Spread: 0.027599
Epoch 124/600, Total: 1811.507590, Node: 1092.867675, Link: 718.639639, Spread: 0.027534
Epoch 125/600, Total: 1811.493023, Node: 1092.854253, Link: 718.638497, Spread: 0.027451
Epoch 126/600, Total: 1811.474473, Node: 1092.837781, Link: 718.636422, Spread: 0.027347
Epoch 127/600, Total: 1811.448116, Node: 1092.815280, Link: 718.632565, Spread: 0.027222
Epoch 128/600, Total: 1811.411830, Node: 1092.785588, Link: 718.625976, Spread: 0.027075
Epoch 129/600, Total: 1811.365616, Node: 1092.749463, Link: 718.615889, Spread: 0.026906
Epoch 130/600, Total: 1811.316727, Node: 1092.713167, Link: 718.603298, Spread: 0.026712
Epoch 131/600, Total: 1811.352592, Node: 1092.742326, Link: 718.610010, Spread: 0.026493
Epoch 132/600, Total: 1811.447335, Node: 1092.803055, Link: 718.644027, Spread: 0.026239
Epoch 133/600, Total: 1811.428115, Node: 1092.793463, Link: 718.634401, Spread: 0.026003
Epoch 134/600, Total: 1811.424452, Node: 1092.783069, Link: 718.641133, Spread: 0.025732
Epoch 135/600, Total: 1811.386450, Node: 1092.754794, Link: 718.631406, Spread: 0.025448
Epoch 136/600, Total: 1811.359090, Node: 1092.731033, Link: 718.627807, Spread: 0.025130
Epoch 137/600, Total: 1811.331507, Node: 1092.705132, Link: 718.626133, Spread: 0.024780
Epoch 138/600, Total: 1811.299339, Node: 1092.676897, Link: 718.622199, Spread: 0.024413
Epoch 139/600, Total: 1811.273320, Node: 1092.651731, Link: 718.621353, Spread: 0.024029
Epoch 140/600, Total: 1811.239200, Node: 1092.621161, Link: 718.617805, Spread: 0.023636
Epoch 141/600, Total: 1811.213315, Node: 1092.597277, Link: 718.615809, Spread: 0.023237
Epoch 142/600, Total: 1811.188060, Node: 1092.574869, Link: 718.612973, Spread: 0.022832
Epoch 143/600, Total: 1811.163789, Node: 1092.554343, Link: 718.609233, Spread: 0.022426
Epoch 144/600, Total: 1811.139562, Node: 1092.534415, Link: 718.604932, Spread: 0.022023
Epoch 145/600, Total: 1811.115823, Node: 1092.515598, Link: 718.600012, Spread: 0.021625
Epoch 146/600, Total: 1811.091422, Node: 1092.496759, Link: 718.594459, Spread: 0.021235
Epoch 147/600, Total: 1811.066559, Node: 1092.477848, Link: 718.588505, Spread: 0.020856
Epoch 148/600, Total: 1811.037753, Node: 1092.455405, Link: 718.582146, Spread: 0.020490
Epoch 149/600, Total: 1811.007163, Node: 1092.431755, Link: 718.575208, Spread: 0.020139
Epoch 150/600, Total: 1810.989046, Node: 1092.417701, Link: 718.571152, Spread: 0.019803
Epoch 151/600, Total: 1810.949018, Node: 1092.385508, Link: 718.563319, Spread: 0.019479
Epoch 152/600, Total: 1810.993358, Node: 1092.427561, Link: 718.565614, Spread: 0.019174
Epoch 153/600, Total: 1810.968511, Node: 1092.402410, Link: 718.565919, Spread: 0.018866
Epoch 154/600, Total: 1810.921682, Node: 1092.360587, Link: 718.560916, Spread: 0.018581
Epoch 155/600, Total: 1810.934389, Node: 1092.374512, Link: 718.559700, Spread: 0.018319
Epoch 156/600, Total: 1810.983277, Node: 1092.416966, Link: 718.566138, Spread: 0.018061
Epoch 157/600, Total: 1810.984382, Node: 1092.412285, Link: 718.571927, Spread: 0.017807
Epoch 158/600, Total: 1810.963358, Node: 1092.389643, Link: 718.573549, Spread: 0.017572
Epoch 159/600, Total: 1810.980978, Node: 1092.404695, Link: 718.576122, Spread: 0.017357
Epoch 160/600, Total: 1811.031313, Node: 1092.445330, Link: 718.585824, Spread: 0.017149
Epoch 161/600, Total: 1811.117132, Node: 1092.513129, Link: 718.603846, Spread: 0.016936
Epoch 162/600, Total: 1811.245078, Node: 1092.616756, Link: 718.628163, Spread: 0.016709
Epoch 163/600, Total: 1811.349690, Node: 1092.710105, Link: 718.639426, Spread: 0.016477
Epoch 164/600, Total: 1811.384100, Node: 1092.745603, Link: 718.638342, Spread: 0.016273
Epoch 165/600, Total: 1811.373702, Node: 1092.738785, Link: 718.634764, Spread: 0.016103
Epoch 166/600, Total: 1811.366334, Node: 1092.732432, Link: 718.633745, Spread: 0.015948
Epoch 167/600, Total: 1811.359684, Node: 1092.726188, Link: 718.633344, Spread: 0.015808
Epoch 168/600, Total: 1811.355921, Node: 1092.722176, Link: 718.633592, Spread: 0.015681
Epoch 169/600, Total: 1811.357177, Node: 1092.722840, Link: 718.634188, Spread: 0.015569
Epoch 170/600, Total: 1811.329148, Node: 1092.710017, Link: 718.618977, Spread: 0.015478
Epoch 171/600, Total: 1811.381978, Node: 1092.744138, Link: 718.637686, Spread: 0.015372
Epoch 172/600, Total: 1811.392358, Node: 1092.759008, Link: 718.633199, Spread: 0.015310
Epoch 173/600, Total: 1811.419267, Node: 1092.781285, Link: 718.637829, Spread: 0.015257
Epoch 174/600, Total: 1811.429363, Node: 1092.790672, Link: 718.638540, Spread: 0.015193
Epoch 175/600, Total: 1811.454795, Node: 1092.810329, Link: 718.644318, Spread: 0.015130
Epoch 176/600, Total: 1811.453322, Node: 1092.809128, Link: 718.644047, Spread: 0.015094
Epoch 177/600, Total: 1811.477173, Node: 1092.828903, Link: 718.648121, Spread: 0.015048
Epoch 178/600, Total: 1811.472620, Node: 1092.825465, Link: 718.647002, Spread: 0.015056
Epoch 179/600, Total: 1811.499080, Node: 1092.848701, Link: 718.650230, Spread: 0.015012
Epoch 180/600, Total: 1811.498725, Node: 1092.850188, Link: 718.648383, Spread: 0.015001
Epoch 181/600, Total: 1811.512301, Node: 1092.858212, Link: 718.653941, Spread: 0.014983
Epoch 182/600, Total: 1811.499277, Node: 1092.843013, Link: 718.656116, Spread: 0.014975
Epoch 183/600, Total: 1811.494842, Node: 1092.847301, Link: 718.647390, Spread: 0.015049
Epoch 184/600, Total: 1811.546155, Node: 1092.887650, Link: 718.658354, Spread: 0.015031
Epoch 185/600, Total: 1811.547700, Node: 1092.890464, Link: 718.657086, Spread: 0.015041
Epoch 186/600, Total: 1811.585007, Node: 1092.933159, Link: 718.651694, Spread: 0.015052
Epoch 187/600, Total: 1811.567891, Node: 1092.900007, Link: 718.667732, Spread: 0.015027
Epoch 188/600, Total: 1811.555314, Node: 1092.891838, Link: 718.663320, Spread: 0.015085
Epoch 189/600, Total: 1811.566299, Node: 1092.898814, Link: 718.667332, Spread: 0.015126
Epoch 190/600, Total: 1811.561638, Node: 1092.892466, Link: 718.669017, Spread: 0.015180
Epoch 191/600, Total: 1811.562754, Node: 1092.891230, Link: 718.671371, Spread: 0.015232
Epoch 192/600, Total: 1811.560578, Node: 1092.886040, Link: 718.674378, Spread: 0.015292
Epoch 193/600, Total: 1811.564720, Node: 1092.887527, Link: 718.677037, Spread: 0.015375
Epoch 194/600, Total: 1811.513789, Node: 1092.832981, Link: 718.680656, Spread: 0.015422
Epoch 195/600, Total: 1811.465780, Node: 1092.843685, Link: 718.621929, Spread: 0.015629
Epoch 196/600, Total: 1811.444967, Node: 1092.812665, Link: 718.632134, Spread: 0.015878
Epoch 197/600, Total: 1811.457559, Node: 1092.725903, Link: 718.731482, Spread: 0.016367
Epoch 198/600, Total: 1811.443822, Node: 1092.734971, Link: 718.708652, Spread: 0.018588
Epoch 199/600, Total: 1811.551719, Node: 1092.873515, Link: 718.677996, Spread: 0.020057
Epoch 200/600, Total: 1811.606698, Node: 1092.933261, Link: 718.673219, Spread: 0.021150
Epoch 201/600, Total: 1811.635033, Node: 1092.965529, Link: 718.669272, Spread: 0.022230
Epoch 202/600, Total: 1811.626295, Node: 1092.961257, Link: 718.664797, Spread: 0.023310
Epoch 203/600, Total: 1811.605128, Node: 1092.948210, Link: 718.656664, Spread: 0.024422
Epoch 204/600, Total: 1811.586567, Node: 1092.937092, Link: 718.649211, Spread: 0.025533
Epoch 205/600, Total: 1811.557327, Node: 1092.910288, Link: 718.646766, Spread: 0.026615
Epoch 206/600, Total: 1811.533735, Node: 1092.883747, Link: 718.649704, Spread: 0.027655
Epoch 207/600, Total: 1811.493245, Node: 1092.843582, Link: 718.649367, Spread: 0.028629
Epoch 208/600, Total: 1811.412502, Node: 1092.770071, Link: 718.642130, Spread: 0.029506
Epoch 209/600, Total: 1811.422310, Node: 1092.776983, Link: 718.645014, Spread: 0.030328
Epoch 210/600, Total: 1811.373344, Node: 1092.731331, Link: 718.641689, Spread: 0.031014
Epoch 211/600, Total: 1811.402119, Node: 1092.754395, Link: 718.647393, Spread: 0.031624
Epoch 212/600, Total: 1811.307056, Node: 1092.665048, Link: 718.641672, Spread: 0.032049
Epoch 213/600, Total: 1811.341461, Node: 1092.691347, Link: 718.649782, Spread: 0.032401
Epoch 214/600, Total: 1811.190211, Node: 1092.548191, Link: 718.641683, Spread: 0.032556
Epoch 215/600, Total: 1811.197466, Node: 1092.548982, Link: 718.648143, Spread: 0.032642
Epoch 216/600, Total: 1811.084907, Node: 1092.444890, Link: 718.639675, Spread: 0.032523
Epoch 217/600, Total: 1811.148173, Node: 1092.501507, Link: 718.646330, Spread: 0.032215
Epoch 218/600, Total: 1811.166478, Node: 1092.515249, Link: 718.650897, Spread: 0.031676
Epoch 219/600, Total: 1811.229232, Node: 1092.583672, Link: 718.645238, Spread: 0.030969
Epoch 220/600, Total: 1811.159026, Node: 1092.519695, Link: 718.639017, Spread: 0.030161
Epoch 221/600, Total: 1811.206396, Node: 1092.562304, Link: 718.643791, Spread: 0.029280
Epoch 222/600, Total: 1811.192267, Node: 1092.547867, Link: 718.644108, Spread: 0.028337
Epoch 223/600, Total: 1811.227867, Node: 1092.579850, Link: 718.647728, Spread: 0.027363
Epoch 224/600, Total: 1811.235269, Node: 1092.584908, Link: 718.650083, Spread: 0.026369
Epoch 225/600, Total: 1811.266389, Node: 1092.612195, Link: 718.653924, Spread: 0.025370
Epoch 226/600, Total: 1811.278012, Node: 1092.620004, Link: 718.657751, Spread: 0.024376
Epoch 227/600, Total: 1811.297152, Node: 1092.635534, Link: 718.661369, Spread: 0.023396
Epoch 228/600, Total: 1811.297272, Node: 1092.634267, Link: 718.662768, Spread: 0.022441
Epoch 229/600, Total: 1811.309614, Node: 1092.645233, Link: 718.664161, Spread: 0.021518
Epoch 230/600, Total: 1811.307451, Node: 1092.642948, Link: 718.664296, Spread: 0.020631
Epoch 231/600, Total: 1811.318566, Node: 1092.653214, Link: 718.665156, Spread: 0.019782
Epoch 232/600, Total: 1811.314465, Node: 1092.649476, Link: 718.664797, Spread: 0.018972
Epoch 233/600, Total: 1811.323713, Node: 1092.658566, Link: 718.664962, Spread: 0.018200
Epoch 234/600, Total: 1811.317314, Node: 1092.653254, Link: 718.663884, Spread: 0.017468
Epoch 235/600, Total: 1811.329894, Node: 1092.665767, Link: 718.663960, Spread: 0.016775
Epoch 236/600, Total: 1811.337068, Node: 1092.671582, Link: 718.665328, Spread: 0.016119
Epoch 237/600, Total: 1811.333551, Node: 1092.669398, Link: 718.664002, Spread: 0.015500
Epoch 238/600, Total: 1811.324316, Node: 1092.662990, Link: 718.661178, Spread: 0.014916
Epoch 239/600, Total: 1811.318026, Node: 1092.659571, Link: 718.658314, Spread: 0.014367
Epoch 240/600, Total: 1811.301608, Node: 1092.647213, Link: 718.654264, Spread: 0.013851
Epoch 241/600, Total: 1811.285770, Node: 1092.636048, Link: 718.649591, Spread: 0.013368
Epoch 242/600, Total: 1811.261461, Node: 1092.616970, Link: 718.644368, Spread: 0.012917
Epoch 243/600, Total: 1811.231081, Node: 1092.593445, Link: 718.637514, Spread: 0.012496
Epoch 244/600, Total: 1811.190829, Node: 1092.561544, Link: 718.629167, Spread: 0.012105
Epoch 245/600, Total: 1811.142359, Node: 1092.522230, Link: 718.620018, Spread: 0.011744
Epoch 246/600, Total: 1811.094787, Node: 1092.482420, Link: 718.612262, Spread: 0.011410
Epoch 247/600, Total: 1811.067268, Node: 1092.458167, Link: 718.609000, Spread: 0.011105
Epoch 248/600, Total: 1811.063642, Node: 1092.455019, Link: 718.608523, Spread: 0.010826
Epoch 249/600, Total: 1811.063510, Node: 1092.455965, Link: 718.607449, Spread: 0.010576
Epoch 250/600, Total: 1811.057820, Node: 1092.452532, Link: 718.605196, Spread: 0.010356
Epoch 251/600, Total: 1811.057094, Node: 1092.453516, Link: 718.603490, Spread: 0.010164
Epoch 252/600, Total: 1811.061558, Node: 1092.459300, Link: 718.602170, Spread: 0.009999
Epoch 253/600, Total: 1811.065418, Node: 1092.465000, Link: 718.600331, Spread: 0.009860
Epoch 254/600, Total: 1811.068563, Node: 1092.470388, Link: 718.598088, Spread: 0.009746
Epoch 255/600, Total: 1811.072503, Node: 1092.476559, Link: 718.595858, Spread: 0.009657
Epoch 256/600, Total: 1811.077110, Node: 1092.483338, Link: 718.593686, Spread: 0.009594
Epoch 257/600, Total: 1811.082162, Node: 1092.490505, Link: 718.591572, Spread: 0.009555
Epoch 258/600, Total: 1811.087613, Node: 1092.498014, Link: 718.589513, Spread: 0.009540
Epoch 259/600, Total: 1811.093445, Node: 1092.505861, Link: 718.587496, Spread: 0.009550
Epoch 260/600, Total: 1811.099446, Node: 1092.513883, Link: 718.585475, Spread: 0.009584
Epoch 261/600, Total: 1811.104777, Node: 1092.521353, Link: 718.583326, Spread: 0.009641
Epoch 262/600, Total: 1811.111061, Node: 1092.529627, Link: 718.581338, Spread: 0.009721
Epoch 263/600, Total: 1811.117936, Node: 1092.538425, Link: 718.579418, Spread: 0.009823
Epoch 264/600, Total: 1811.125064, Node: 1092.547383, Link: 718.577587, Spread: 0.009947
Epoch 265/600, Total: 1811.132730, Node: 1092.556682, Link: 718.575955, Spread: 0.010093
Epoch 266/600, Total: 1811.141071, Node: 1092.566419, Link: 718.574557, Spread: 0.010260
Epoch 267/600, Total: 1811.150256, Node: 1092.576664, Link: 718.573491, Spread: 0.010447
Epoch 268/600, Total: 1811.160250, Node: 1092.587365, Link: 718.572785, Spread: 0.010655
Epoch 269/600, Total: 1811.171031, Node: 1092.598456, Link: 718.572472, Spread: 0.010881
Epoch 270/600, Total: 1811.182584, Node: 1092.609913, Link: 718.572565, Spread: 0.011126
Epoch 271/600, Total: 1811.195052, Node: 1092.621193, Link: 718.573750, Spread: 0.011389
Epoch 272/600, Total: 1811.208760, Node: 1092.632924, Link: 718.575724, Spread: 0.011669
Epoch 273/600, Total: 1811.223018, Node: 1092.645018, Link: 718.577877, Spread: 0.011965
Epoch 274/600, Total: 1811.237286, Node: 1092.657280, Link: 718.579881, Spread: 0.012278
Epoch 275/600, Total: 1811.250720, Node: 1092.669238, Link: 718.581351, Spread: 0.012605
Epoch 276/600, Total: 1811.262503, Node: 1092.680283, Link: 718.582084, Spread: 0.012947
Epoch 277/600, Total: 1811.272150, Node: 1092.690014, Link: 718.582003, Spread: 0.013304
Epoch 278/600, Total: 1811.279775, Node: 1092.698374, Link: 718.581265, Spread: 0.013674
Epoch 279/600, Total: 1811.285647, Node: 1092.705442, Link: 718.580069, Spread: 0.014058
Epoch 280/600, Total: 1811.289983, Node: 1092.711311, Link: 718.578528, Spread: 0.014456
Epoch 281/600, Total: 1811.292910, Node: 1092.716071, Link: 718.576693, Spread: 0.014867
Epoch 282/600, Total: 1811.294573, Node: 1092.719847, Link: 718.574581, Spread: 0.015292
Epoch 283/600, Total: 1811.295413, Node: 1092.723000, Link: 718.572266, Spread: 0.015731
Epoch 284/600, Total: 1811.296016, Node: 1092.726014, Link: 718.569850, Spread: 0.016181
Epoch 285/600, Total: 1811.297163, Node: 1092.729507, Link: 718.567497, Spread: 0.016644
Epoch 286/600, Total: 1811.299713, Node: 1092.734103, Link: 718.565448, Spread: 0.017118
Epoch 287/600, Total: 1811.304486, Node: 1092.740179, Link: 718.564141, Spread: 0.017602
Epoch 288/600, Total: 1811.312220, Node: 1092.747913, Link: 718.564134, Spread: 0.018095
Epoch 289/600, Total: 1811.323467, Node: 1092.757426, Link: 718.565865, Spread: 0.018596
Epoch 290/600, Total: 1811.340034, Node: 1092.770007, Link: 718.569852, Spread: 0.019107
Epoch 291/600, Total: 1811.357943, Node: 1092.784362, Link: 718.573396, Spread: 0.019625
Epoch 292/600, Total: 1811.370490, Node: 1092.796046, Link: 718.574258, Spread: 0.020147
Epoch 293/600, Total: 1811.379725, Node: 1092.805811, Link: 718.573720, Spread: 0.020671
Epoch 294/600, Total: 1811.388760, Node: 1092.816024, Link: 718.572540, Spread: 0.021197
Epoch 295/600, Total: 1811.398939, Node: 1092.828919, Link: 718.569826, Spread: 0.021725
Epoch 296/600, Total: 1811.416481, Node: 1092.853185, Link: 718.563089, Spread: 0.022252
Epoch 297/600, Total: 1811.445054, Node: 1092.885411, Link: 718.559422, Spread: 0.022776
Epoch 298/600, Total: 1811.455637, Node: 1092.898213, Link: 718.557197, Spread: 0.023298
Epoch 299/600, Total: 1811.467728, Node: 1092.913625, Link: 718.553869, Spread: 0.023818
Epoch 300/600, Total: 1811.480902, Node: 1092.932364, Link: 718.548293, Spread: 0.024336
Epoch 301/600, Total: 1811.501675, Node: 1092.957312, Link: 718.544111, Spread: 0.024858
Epoch 302/600, Total: 1811.517152, Node: 1092.974782, Link: 718.542110, Spread: 0.025385
Epoch 303/600, Total: 1811.528833, Node: 1092.987996, Link: 718.540574, Spread: 0.025916
Epoch 304/600, Total: 1811.542459, Node: 1093.002843, Link: 718.539343, Spread: 0.026451
Epoch 305/600, Total: 1811.557426, Node: 1093.018628, Link: 718.538521, Spread: 0.026990
Epoch 306/600, Total: 1811.572850, Node: 1093.034540, Link: 718.538035, Spread: 0.027532
Epoch 307/600, Total: 1811.588331, Node: 1093.050225, Link: 718.537825, Spread: 0.028078
Epoch 308/600, Total: 1811.603534, Node: 1093.065390, Link: 718.537857, Spread: 0.028627
Epoch 309/600, Total: 1811.618230, Node: 1093.079854, Link: 718.538081, Spread: 0.029179
Epoch 310/600, Total: 1811.632199, Node: 1093.093442, Link: 718.538465, Spread: 0.029734
Epoch 311/600, Total: 1811.645700, Node: 1093.106128, Link: 718.539275, Spread: 0.030291
Epoch 312/600, Total: 1811.658473, Node: 1093.117704, Link: 718.540468, Spread: 0.030850
Epoch 313/600, Total: 1811.669835, Node: 1093.127833, Link: 718.541698, Spread: 0.031411
Epoch 314/600, Total: 1811.679380, Node: 1093.136234, Link: 718.542838, Spread: 0.031974
Epoch 315/600, Total: 1811.686933, Node: 1093.142785, Link: 718.543829, Spread: 0.032539
Epoch 316/600, Total: 1811.692475, Node: 1093.147466, Link: 718.544687, Spread: 0.033106
Epoch 317/600, Total: 1811.696337, Node: 1093.150525, Link: 718.545484, Spread: 0.033675
Epoch 318/600, Total: 1811.699006, Node: 1093.152361, Link: 718.546319, Spread: 0.034246
Epoch 319/600, Total: 1811.701029, Node: 1093.153448, Link: 718.547244, Spread: 0.034819
Epoch 320/600, Total: 1811.702883, Node: 1093.154262, Link: 718.548282, Spread: 0.035393
Epoch 321/600, Total: 1811.704873, Node: 1093.155144, Link: 718.549382, Spread: 0.035968
Epoch 322/600, Total: 1811.707020, Node: 1093.156233, Link: 718.550439, Spread: 0.036542
Epoch 323/600, Total: 1811.709183, Node: 1093.157406, Link: 718.551422, Spread: 0.037115
Epoch 324/600, Total: 1811.711065, Node: 1093.158376, Link: 718.552325, Spread: 0.037685
Epoch 325/600, Total: 1811.712380, Node: 1093.158836, Link: 718.553181, Spread: 0.038250
Epoch 326/600, Total: 1811.713115, Node: 1093.158706, Link: 718.554033, Spread: 0.038812
Epoch 327/600, Total: 1811.713184, Node: 1093.157934, Link: 718.554867, Spread: 0.039367
Epoch 328/600, Total: 1811.712712, Node: 1093.156641, Link: 718.555681, Spread: 0.039915
Epoch 329/600, Total: 1811.711750, Node: 1093.154838, Link: 718.556510, Spread: 0.040455
Epoch 330/600, Total: 1811.710366, Node: 1093.152632, Link: 718.557327, Spread: 0.040986
Epoch 331/600, Total: 1811.708364, Node: 1093.149873, Link: 718.558078, Spread: 0.041507
Epoch 332/600, Total: 1811.705419, Node: 1093.146334, Link: 718.558666, Spread: 0.042016
Epoch 333/600, Total: 1811.700169, Node: 1093.141128, Link: 718.558621, Spread: 0.042513
Epoch 334/600, Total: 1811.692358, Node: 1093.134000, Link: 718.557935, Spread: 0.042998
Epoch 335/600, Total: 1811.682008, Node: 1093.124736, Link: 718.556843, Spread: 0.043469
Epoch 336/600, Total: 1811.669052, Node: 1093.113336, Link: 718.555284, Spread: 0.043928
Epoch 337/600, Total: 1811.654393, Node: 1093.100676, Link: 718.553280, Spread: 0.044374
Epoch 338/600, Total: 1811.638606, Node: 1093.087310, Link: 718.550860, Spread: 0.044810
Epoch 339/600, Total: 1811.622801, Node: 1093.073968, Link: 718.548390, Spread: 0.045234
Epoch 340/600, Total: 1811.608531, Node: 1093.062132, Link: 718.545960, Spread: 0.045647
Epoch 341/600, Total: 1811.596837, Node: 1093.052564, Link: 718.543825, Spread: 0.046048
Epoch 342/600, Total: 1811.586933, Node: 1093.044306, Link: 718.542180, Spread: 0.046439
Epoch 343/600, Total: 1811.578082, Node: 1093.036706, Link: 718.540925, Spread: 0.046818
Epoch 344/600, Total: 1811.570174, Node: 1093.029764, Link: 718.539957, Spread: 0.047187
Epoch 345/600, Total: 1811.563067, Node: 1093.023383, Link: 718.539226, Spread: 0.047544
Epoch 346/600, Total: 1811.556699, Node: 1093.017529, Link: 718.538705, Spread: 0.047891
Epoch 347/600, Total: 1811.551016, Node: 1093.012172, Link: 718.538372, Spread: 0.048227
Epoch 348/600, Total: 1811.545936, Node: 1093.007246, Link: 718.538220, Spread: 0.048553
Epoch 349/600, Total: 1811.541499, Node: 1093.002751, Link: 718.538268, Spread: 0.048869
Epoch 350/600, Total: 1811.537603, Node: 1092.998629, Link: 718.538496, Spread: 0.049175
Epoch 351/600, Total: 1811.534241, Node: 1092.994866, Link: 718.538895, Spread: 0.049471
Epoch 352/600, Total: 1811.531358, Node: 1092.991414, Link: 718.539459, Spread: 0.049757
Epoch 353/600, Total: 1811.528859, Node: 1092.988237, Link: 718.540134, Spread: 0.050034
Epoch 354/600, Total: 1811.526696, Node: 1092.985343, Link: 718.540865, Spread: 0.050301
Epoch 355/600, Total: 1811.524731, Node: 1092.982637, Link: 718.541597, Spread: 0.050560
Epoch 356/600, Total: 1811.522886, Node: 1092.980158, Link: 718.542230, Spread: 0.050809
Epoch 357/600, Total: 1811.521045, Node: 1092.977872, Link: 718.542677, Spread: 0.051050
Epoch 358/600, Total: 1811.519222, Node: 1092.975741, Link: 718.542978, Spread: 0.051280
Epoch 359/600, Total: 1811.517437, Node: 1092.973522, Link: 718.543411, Spread: 0.051501
Epoch 360/600, Total: 1811.515313, Node: 1092.970786, Link: 718.544024, Spread: 0.051715
Epoch 361/600, Total: 1811.513604, Node: 1092.968405, Link: 718.544692, Spread: 0.051925
Epoch 362/600, Total: 1811.512362, Node: 1092.966514, Link: 718.545338, Spread: 0.052128
Epoch 363/600, Total: 1811.510824, Node: 1092.964365, Link: 718.545946, Spread: 0.052323
Epoch 364/600, Total: 1811.509222, Node: 1092.962214, Link: 718.546491, Spread: 0.052511
Epoch 365/600, Total: 1811.507496, Node: 1092.959978, Link: 718.547000, Spread: 0.052690
Epoch 366/600, Total: 1811.505644, Node: 1092.957683, Link: 718.547443, Spread: 0.052860
Epoch 367/600, Total: 1811.503684, Node: 1092.955341, Link: 718.547823, Spread: 0.053023
Epoch 368/600, Total: 1811.501609, Node: 1092.952926, Link: 718.548160, Spread: 0.053177
Epoch 369/600, Total: 1811.499370, Node: 1092.950430, Link: 718.548418, Spread: 0.053323
Epoch 370/600, Total: 1811.497022, Node: 1092.947861, Link: 718.548637, Spread: 0.053460
Epoch 371/600, Total: 1811.494511, Node: 1092.945194, Link: 718.548787, Spread: 0.053589
Epoch 372/600, Total: 1811.491853, Node: 1092.942430, Link: 718.548893, Spread: 0.053708
Epoch 373/600, Total: 1811.489028, Node: 1092.939554, Link: 718.548945, Spread: 0.053820
Epoch 374/600, Total: 1811.486052, Node: 1092.936570, Link: 718.548953, Spread: 0.053923
Epoch 375/600, Total: 1811.482911, Node: 1092.933459, Link: 718.548918, Spread: 0.054016
Epoch 376/600, Total: 1811.479598, Node: 1092.930218, Link: 718.548845, Spread: 0.054101
Epoch 377/600, Total: 1811.476079, Node: 1092.926815, Link: 718.548726, Spread: 0.054178
Epoch 378/600, Total: 1811.472366, Node: 1092.923254, Link: 718.548577, Spread: 0.054245
Epoch 379/600, Total: 1811.468429, Node: 1092.919506, Link: 718.548388, Spread: 0.054304
Epoch 380/600, Total: 1811.464245, Node: 1092.915534, Link: 718.548168, Spread: 0.054354
Epoch 381/600, Total: 1811.459843, Node: 1092.911365, Link: 718.547937, Spread: 0.054396
Epoch 382/600, Total: 1811.455156, Node: 1092.906958, Link: 718.547660, Spread: 0.054429
Epoch 383/600, Total: 1811.450151, Node: 1092.902264, Link: 718.547349, Spread: 0.054454
Epoch 384/600, Total: 1811.444624, Node: 1092.897156, Link: 718.546930, Spread: 0.054471
Epoch 385/600, Total: 1811.438635, Node: 1092.891728, Link: 718.546363, Spread: 0.054480
Epoch 386/600, Total: 1811.432329, Node: 1092.886021, Link: 718.545766, Spread: 0.054481
Epoch 387/600, Total: 1811.425620, Node: 1092.879954, Link: 718.545123, Spread: 0.054474
Epoch 388/600, Total: 1811.418447, Node: 1092.873486, Link: 718.544418, Spread: 0.054460
Epoch 389/600, Total: 1811.410754, Node: 1092.866539, Link: 718.543678, Spread: 0.054439
Epoch 390/600, Total: 1811.402460, Node: 1092.859040, Link: 718.542876, Spread: 0.054411
Epoch 391/600, Total: 1811.393522, Node: 1092.850910, Link: 718.542070, Spread: 0.054375
Epoch 392/600, Total: 1811.383784, Node: 1092.841975, Link: 718.541269, Spread: 0.054334
Epoch 393/600, Total: 1811.373118, Node: 1092.832058, Link: 718.540522, Spread: 0.054287
Epoch 394/600, Total: 1811.361418, Node: 1092.820993, Link: 718.539888, Spread: 0.054234
Epoch 395/600, Total: 1811.348752, Node: 1092.808695, Link: 718.539518, Spread: 0.054178
Epoch 396/600, Total: 1811.335643, Node: 1092.795510, Link: 718.539597, Spread: 0.054117
Epoch 397/600, Total: 1811.323315, Node: 1092.782436, Link: 718.540346, Spread: 0.054052
Epoch 398/600, Total: 1811.313330, Node: 1092.770898, Link: 718.541899, Spread: 0.053983
Epoch 399/600, Total: 1811.307128, Node: 1092.762789, Link: 718.543806, Spread: 0.053910
Epoch 400/600, Total: 1811.301387, Node: 1092.754933, Link: 718.545919, Spread: 0.053831
Epoch 401/600, Total: 1811.294392, Node: 1092.746026, Link: 718.547837, Spread: 0.053747
Epoch 402/600, Total: 1811.285519, Node: 1092.735598, Link: 718.549396, Spread: 0.053656
Epoch 403/600, Total: 1811.274983, Node: 1092.723643, Link: 718.550811, Spread: 0.053560
Epoch 404/600, Total: 1811.262904, Node: 1092.710250, Link: 718.552125, Spread: 0.053458
Epoch 405/600, Total: 1811.249281, Node: 1092.695443, Link: 718.553312, Spread: 0.053351
Epoch 406/600, Total: 1811.234220, Node: 1092.679394, Link: 718.554299, Spread: 0.053239
Epoch 407/600, Total: 1811.217798, Node: 1092.662205, Link: 718.555071, Spread: 0.053122
Epoch 408/600, Total: 1811.200041, Node: 1092.643987, Link: 718.555535, Spread: 0.053001
Epoch 409/600, Total: 1811.181117, Node: 1092.624971, Link: 718.555627, Spread: 0.052875
Epoch 410/600, Total: 1811.161317, Node: 1092.605442, Link: 718.555359, Spread: 0.052746
Epoch 411/600, Total: 1811.140880, Node: 1092.585662, Link: 718.554702, Spread: 0.052612
Epoch 412/600, Total: 1811.120154, Node: 1092.565941, Link: 718.553696, Spread: 0.052476
Epoch 413/600, Total: 1811.099369, Node: 1092.546475, Link: 718.552384, Spread: 0.052335
Epoch 414/600, Total: 1811.078785, Node: 1092.527459, Link: 718.550812, Spread: 0.052192
Epoch 415/600, Total: 1811.058454, Node: 1092.508954, Link: 718.548988, Spread: 0.052045
Epoch 416/600, Total: 1811.038489, Node: 1092.491010, Link: 718.546974, Spread: 0.051896
Epoch 417/600, Total: 1811.018882, Node: 1092.473622, Link: 718.544755, Spread: 0.051744
Epoch 418/600, Total: 1810.999665, Node: 1092.456804, Link: 718.542356, Spread: 0.051590
Epoch 419/600, Total: 1810.980904, Node: 1092.440610, Link: 718.539792, Spread: 0.051433
Epoch 420/600, Total: 1810.962608, Node: 1092.424996, Link: 718.537112, Spread: 0.051274
Epoch 421/600, Total: 1810.944820, Node: 1092.409985, Link: 718.534336, Spread: 0.051112
Epoch 422/600, Total: 1810.927466, Node: 1092.395614, Link: 718.531358, Spread: 0.050948
Epoch 423/600, Total: 1810.909323, Node: 1092.381508, Link: 718.527317, Spread: 0.050781
Epoch 424/600, Total: 1810.891623, Node: 1092.368005, Link: 718.523124, Spread: 0.050612
Epoch 425/600, Total: 1810.875161, Node: 1092.355348, Link: 718.519319, Spread: 0.050440
Epoch 426/600, Total: 1810.859052, Node: 1092.343274, Link: 718.515286, Spread: 0.050265
Epoch 427/600, Total: 1810.843302, Node: 1092.331845, Link: 718.510966, Spread: 0.050088
Epoch 428/600, Total: 1810.827820, Node: 1092.321037, Link: 718.506297, Spread: 0.049908
Epoch 429/600, Total: 1810.812743, Node: 1092.310995, Link: 718.501263, Spread: 0.049726
Epoch 430/600, Total: 1810.798215, Node: 1092.301905, Link: 718.495831, Spread: 0.049541
Epoch 431/600, Total: 1810.784182, Node: 1092.293877, Link: 718.489824, Spread: 0.049353
Epoch 432/600, Total: 1810.770285, Node: 1092.286878, Link: 718.482928, Spread: 0.049163
Epoch 433/600, Total: 1810.755909, Node: 1092.280492, Link: 718.474941, Spread: 0.048972
Epoch 434/600, Total: 1810.740626, Node: 1092.273982, Link: 718.466173, Spread: 0.048781
Epoch 435/600, Total: 1810.729184, Node: 1092.267796, Link: 718.460915, Spread: 0.048592
Epoch 436/600, Total: 1810.735341, Node: 1092.269478, Link: 718.465396, Spread: 0.048408
Epoch 437/600, Total: 1810.764821, Node: 1092.286525, Link: 718.477831, Spread: 0.048231
Epoch 438/600, Total: 1810.789103, Node: 1092.299690, Link: 718.488950, Spread: 0.048058
Epoch 439/600, Total: 1810.791264, Node: 1092.298101, Link: 718.492700, Spread: 0.047880
Epoch 440/600, Total: 1810.784087, Node: 1092.292654, Link: 718.490975, Spread: 0.047690
Epoch 441/600, Total: 1810.776795, Node: 1092.288497, Link: 718.487840, Spread: 0.047496
Epoch 442/600, Total: 1810.770506, Node: 1092.285311, Link: 718.484740, Spread: 0.047300
Epoch 443/600, Total: 1810.765290, Node: 1092.282936, Link: 718.481899, Spread: 0.047105
Epoch 444/600, Total: 1810.761062, Node: 1092.281286, Link: 718.479325, Spread: 0.046910
Epoch 445/600, Total: 1810.758269, Node: 1092.280566, Link: 718.477252, Spread: 0.046716
Epoch 446/600, Total: 1810.757468, Node: 1092.281033, Link: 718.475988, Spread: 0.046521
Epoch 447/600, Total: 1810.758929, Node: 1092.282747, Link: 718.475732, Spread: 0.046326
Epoch 448/600, Total: 1810.762343, Node: 1092.285490, Link: 718.476405, Spread: 0.046132
Epoch 449/600, Total: 1810.766762, Node: 1092.288627, Link: 718.477693, Spread: 0.045938
Epoch 450/600, Total: 1810.771177, Node: 1092.291578, Link: 718.479157, Spread: 0.045743
Epoch 451/600, Total: 1810.774852, Node: 1092.294003, Link: 718.480406, Spread: 0.045547
Epoch 452/600, Total: 1810.777577, Node: 1092.295839, Link: 718.481302, Spread: 0.045350
Epoch 453/600, Total: 1810.779397, Node: 1092.297140, Link: 718.481823, Spread: 0.045152
Epoch 454/600, Total: 1810.780227, Node: 1092.297871, Link: 718.481922, Spread: 0.044953
Epoch 455/600, Total: 1810.780048, Node: 1092.298065, Link: 718.481550, Spread: 0.044753
Epoch 456/600, Total: 1810.778940, Node: 1092.297784, Link: 718.480725, Spread: 0.044553
Epoch 457/600, Total: 1810.777103, Node: 1092.297164, Link: 718.479508, Spread: 0.044352
Epoch 458/600, Total: 1810.774780, Node: 1092.296371, Link: 718.477979, Spread: 0.044150
Epoch 459/600, Total: 1810.772246, Node: 1092.295556, Link: 718.476263, Spread: 0.043948
Epoch 460/600, Total: 1810.769721, Node: 1092.294816, Link: 718.474478, Spread: 0.043745
Epoch 461/600, Total: 1810.767382, Node: 1092.294244, Link: 718.472712, Spread: 0.043542
Epoch 462/600, Total: 1810.765090, Node: 1092.293754, Link: 718.470907, Spread: 0.043338
Epoch 463/600, Total: 1810.762985, Node: 1092.293363, Link: 718.469197, Spread: 0.043135
Epoch 464/600, Total: 1810.760967, Node: 1092.293037, Link: 718.467508, Spread: 0.042931
Epoch 465/600, Total: 1810.759096, Node: 1092.292789, Link: 718.465881, Spread: 0.042726
Epoch 466/600, Total: 1810.757323, Node: 1092.292589, Link: 718.464313, Spread: 0.042521
Epoch 467/600, Total: 1810.755624, Node: 1092.292401, Link: 718.462800, Spread: 0.042316
Epoch 468/600, Total: 1810.754061, Node: 1092.292266, Link: 718.461374, Spread: 0.042110
Epoch 469/600, Total: 1810.752595, Node: 1092.292157, Link: 718.460020, Spread: 0.041903
Epoch 470/600, Total: 1810.751259, Node: 1092.292054, Link: 718.458790, Spread: 0.041697
Epoch 471/600, Total: 1810.750065, Node: 1092.291971, Link: 718.457682, Spread: 0.041489
Epoch 472/600, Total: 1810.748981, Node: 1092.291872, Link: 718.456703, Spread: 0.041281
Epoch 473/600, Total: 1810.748044, Node: 1092.291756, Link: 718.455883, Spread: 0.041073
Epoch 474/600, Total: 1810.747151, Node: 1092.291580, Link: 718.455171, Spread: 0.040865
Epoch 475/600, Total: 1810.746361, Node: 1092.291346, Link: 718.454619, Spread: 0.040656
Epoch 476/600, Total: 1810.745577, Node: 1092.291011, Link: 718.454169, Spread: 0.040446
Epoch 477/600, Total: 1810.744817, Node: 1092.290594, Link: 718.453832, Spread: 0.040236
Epoch 478/600, Total: 1810.744026, Node: 1092.290055, Link: 718.453580, Spread: 0.040025
Epoch 479/600, Total: 1810.743171, Node: 1092.289391, Link: 718.453390, Spread: 0.039814
Epoch 480/600, Total: 1810.742237, Node: 1092.288598, Link: 718.453251, Spread: 0.039602
Epoch 481/600, Total: 1810.741265, Node: 1092.287696, Link: 718.453183, Spread: 0.039390
Epoch 482/600, Total: 1810.740140, Node: 1092.286635, Link: 718.453119, Spread: 0.039177
Epoch 483/600, Total: 1810.738910, Node: 1092.285452, Link: 718.453072, Spread: 0.038964
Epoch 484/600, Total: 1810.737600, Node: 1092.284154, Link: 718.453064, Spread: 0.038751
Epoch 485/600, Total: 1810.736176, Node: 1092.282740, Link: 718.453054, Spread: 0.038537
Epoch 486/600, Total: 1810.734610, Node: 1092.281196, Link: 718.453036, Spread: 0.038322
Epoch 487/600, Total: 1810.732950, Node: 1092.279539, Link: 718.453038, Spread: 0.038107
Epoch 488/600, Total: 1810.731145, Node: 1092.277773, Link: 718.453006, Spread: 0.037892
Epoch 489/600, Total: 1810.729271, Node: 1092.275921, Link: 718.452986, Spread: 0.037676
Epoch 490/600, Total: 1810.727251, Node: 1092.273946, Link: 718.452943, Spread: 0.037461
Epoch 491/600, Total: 1810.725148, Node: 1092.271901, Link: 718.452888, Spread: 0.037244
Epoch 492/600, Total: 1810.722894, Node: 1092.269727, Link: 718.452807, Spread: 0.037027
Epoch 493/600, Total: 1810.720530, Node: 1092.267454, Link: 718.452724, Spread: 0.036811
Epoch 494/600, Total: 1810.718059, Node: 1092.265081, Link: 718.452630, Spread: 0.036594
Epoch 495/600, Total: 1810.715422, Node: 1092.262578, Link: 718.452495, Spread: 0.036376
Epoch 496/600, Total: 1810.712556, Node: 1092.259862, Link: 718.452346, Spread: 0.036159
Epoch 497/600, Total: 1810.709407, Node: 1092.256938, Link: 718.452128, Spread: 0.035942
Epoch 498/600, Total: 1810.706124, Node: 1092.253849, Link: 718.451933, Spread: 0.035725
Epoch 499/600, Total: 1810.702780, Node: 1092.250703, Link: 718.451738, Spread: 0.035509
Epoch 500/600, Total: 1810.699618, Node: 1092.247696, Link: 718.451584, Spread: 0.035293
Epoch 501/600, Total: 1810.696774, Node: 1092.244937, Link: 718.451499, Spread: 0.035078
Epoch 502/600, Total: 1810.694265, Node: 1092.242466, Link: 718.451459, Spread: 0.034864
Epoch 503/600, Total: 1810.691951, Node: 1092.240134, Link: 718.451478, Spread: 0.034651
Epoch 504/600, Total: 1810.689783, Node: 1092.237891, Link: 718.451559, Spread: 0.034438
Epoch 505/600, Total: 1810.687728, Node: 1092.235731, Link: 718.451666, Spread: 0.034226
Epoch 506/600, Total: 1810.685751, Node: 1092.233611, Link: 718.451813, Spread: 0.034014
Epoch 507/600, Total: 1810.683835, Node: 1092.231545, Link: 718.451965, Spread: 0.033803
Epoch 508/600, Total: 1810.681954, Node: 1092.229482, Link: 718.452151, Spread: 0.033592
Epoch 509/600, Total: 1810.680114, Node: 1092.227470, Link: 718.452323, Spread: 0.033381
Epoch 510/600, Total: 1810.678291, Node: 1092.225463, Link: 718.452513, Spread: 0.033171
Epoch 511/600, Total: 1810.676469, Node: 1092.223459, Link: 718.452696, Spread: 0.032962
Epoch 512/600, Total: 1810.674717, Node: 1092.221507, Link: 718.452894, Spread: 0.032753
Epoch 513/600, Total: 1810.672946, Node: 1092.219550, Link: 718.453083, Spread: 0.032544
Epoch 514/600, Total: 1810.438815, Node: 1092.111829, Link: 718.326678, Spread: 0.032409
Epoch 515/600, Total: 1810.664841, Node: 1092.213517, Link: 718.451015, Spread: 0.032123
Epoch 516/600, Total: 1810.666236, Node: 1092.213575, Link: 718.452355, Spread: 0.031920
Epoch 517/600, Total: 1810.667257, Node: 1092.212917, Link: 718.454036, Spread: 0.031716
Epoch 518/600, Total: 1810.665364, Node: 1092.210840, Link: 718.454219, Spread: 0.031512
Epoch 519/600, Total: 1810.662808, Node: 1092.208342, Link: 718.454164, Spread: 0.031308
Epoch 520/600, Total: 1810.660934, Node: 1092.206312, Link: 718.454317, Spread: 0.031105
Epoch 521/600, Total: 1810.659410, Node: 1092.204550, Link: 718.454560, Spread: 0.030903
Epoch 522/600, Total: 1810.657812, Node: 1092.202751, Link: 718.454762, Spread: 0.030701
Epoch 523/600, Total: 1810.656169, Node: 1092.200944, Link: 718.454927, Spread: 0.030501
Epoch 524/600, Total: 1810.654549, Node: 1092.199165, Link: 718.455088, Spread: 0.030301
Epoch 525/600, Total: 1810.652952, Node: 1092.197421, Link: 718.455236, Spread: 0.030103
Epoch 526/600, Total: 1810.651388, Node: 1092.195707, Link: 718.455389, Spread: 0.029906
Epoch 527/600, Total: 1810.649835, Node: 1092.194009, Link: 718.455531, Spread: 0.029709
Epoch 528/600, Total: 1810.648291, Node: 1092.192350, Link: 718.455647, Spread: 0.029514
Epoch 529/600, Total: 1810.646776, Node: 1092.190711, Link: 718.455772, Spread: 0.029319
Epoch 530/600, Total: 1810.645278, Node: 1092.189118, Link: 718.455867, Spread: 0.029126
Epoch 531/600, Total: 1810.643791, Node: 1092.187529, Link: 718.455970, Spread: 0.028934
Epoch 532/600, Total: 1810.642294, Node: 1092.185958, Link: 718.456046, Spread: 0.028742
Epoch 533/600, Total: 1810.640876, Node: 1092.184452, Link: 718.456133, Spread: 0.028552
Epoch 534/600, Total: 1810.639426, Node: 1092.182945, Link: 718.456194, Spread: 0.028363
Epoch 535/600, Total: 1810.638010, Node: 1092.181482, Link: 718.456243, Spread: 0.028175
Epoch 536/600, Total: 1810.636589, Node: 1092.180025, Link: 718.456279, Spread: 0.027988
Epoch 537/600, Total: 1810.635209, Node: 1092.178615, Link: 718.456310, Spread: 0.027802
Epoch 538/600, Total: 1810.633852, Node: 1092.177227, Link: 718.456343, Spread: 0.027617
Epoch 539/600, Total: 1810.632471, Node: 1092.175856, Link: 718.456335, Spread: 0.027433
Epoch 540/600, Total: 1810.631121, Node: 1092.174503, Link: 718.456337, Spread: 0.027251
Epoch 541/600, Total: 1810.629781, Node: 1092.173188, Link: 718.456312, Spread: 0.027069
Epoch 542/600, Total: 1810.628454, Node: 1092.171887, Link: 718.456290, Spread: 0.026889
Epoch 543/600, Total: 1810.627165, Node: 1092.170626, Link: 718.456266, Spread: 0.026710
Epoch 544/600, Total: 1810.625869, Node: 1092.169378, Link: 718.456220, Spread: 0.026532
Epoch 545/600, Total: 1810.624587, Node: 1092.168163, Link: 718.456159, Spread: 0.026355
Epoch 546/600, Total: 1810.623306, Node: 1092.166973, Link: 718.456069, Spread: 0.026179
Epoch 547/600, Total: 1810.622045, Node: 1092.165833, Link: 718.455950, Spread: 0.026004
Epoch 548/600, Total: 1810.620741, Node: 1092.164653, Link: 718.455830, Spread: 0.025831
Epoch 549/600, Total: 1810.619309, Node: 1092.163369, Link: 718.455684, Spread: 0.025659
Epoch 550/600, Total: 1810.617648, Node: 1092.161882, Link: 718.455512, Spread: 0.025487
Epoch 551/600, Total: 1810.615647, Node: 1092.160130, Link: 718.455268, Spread: 0.025318
Epoch 552/600, Total: 1810.613655, Node: 1092.158531, Link: 718.454877, Spread: 0.025149
Epoch 553/600, Total: 1810.611905, Node: 1092.157435, Link: 718.454221, Spread: 0.024982
Epoch 554/600, Total: 1810.610480, Node: 1092.156497, Link: 718.453735, Spread: 0.024814
Epoch 555/600, Total: 1810.609547, Node: 1092.155655, Link: 718.453649, Spread: 0.024647
Epoch 556/600, Total: 1810.608561, Node: 1092.154847, Link: 718.453469, Spread: 0.024481
Epoch 557/600, Total: 1810.607566, Node: 1092.154000, Link: 718.453323, Spread: 0.024316
Epoch 558/600, Total: 1810.606627, Node: 1092.153204, Link: 718.453181, Spread: 0.024152
Epoch 559/600, Total: 1810.605708, Node: 1092.152425, Link: 718.453045, Spread: 0.023989
Epoch 560/600, Total: 1810.604855, Node: 1092.151703, Link: 718.452914, Spread: 0.023828
Epoch 561/600, Total: 1810.604000, Node: 1092.150969, Link: 718.452796, Spread: 0.023667
Epoch 562/600, Total: 1810.603170, Node: 1092.150252, Link: 718.452678, Spread: 0.023508
Epoch 563/600, Total: 1810.602401, Node: 1092.149577, Link: 718.452585, Spread: 0.023350
Epoch 564/600, Total: 1810.601617, Node: 1092.148907, Link: 718.452481, Spread: 0.023193
Epoch 565/600, Total: 1810.600875, Node: 1092.148253, Link: 718.452394, Spread: 0.023037
Epoch 566/600, Total: 1810.600176, Node: 1092.147640, Link: 718.452315, Spread: 0.022882
Epoch 567/600, Total: 1810.599476, Node: 1092.147006, Link: 718.452253, Spread: 0.022729
Epoch 568/600, Total: 1810.598799, Node: 1092.146401, Link: 718.452183, Spread: 0.022576
Epoch 569/600, Total: 1810.598169, Node: 1092.145800, Link: 718.452152, Spread: 0.022425
Epoch 570/600, Total: 1810.597554, Node: 1092.145222, Link: 718.452124, Spread: 0.022275
Epoch 571/600, Total: 1810.596972, Node: 1092.144647, Link: 718.452118, Spread: 0.022126
Epoch 572/600, Total: 1810.596404, Node: 1092.144076, Link: 718.452122, Spread: 0.021979
Epoch 573/600, Total: 1810.595856, Node: 1092.143518, Link: 718.452133, Spread: 0.021832
Epoch 574/600, Total: 1810.595339, Node: 1092.142966, Link: 718.452170, Spread: 0.021687
Epoch 575/600, Total: 1810.594810, Node: 1092.142407, Link: 718.452200, Spread: 0.021543
Epoch 576/600, Total: 1810.594305, Node: 1092.141849, Link: 718.452258, Spread: 0.021400
Epoch 577/600, Total: 1810.593840, Node: 1092.141315, Link: 718.452327, Spread: 0.021258
Epoch 578/600, Total: 1810.593386, Node: 1092.140780, Link: 718.452407, Spread: 0.021118
Epoch 579/600, Total: 1810.592978, Node: 1092.140261, Link: 718.452518, Spread: 0.020979
Epoch 580/600, Total: 1810.592556, Node: 1092.139751, Link: 718.452611, Spread: 0.020842
Epoch 581/600, Total: 1810.592177, Node: 1092.139249, Link: 718.452735, Spread: 0.020706
Epoch 582/600, Total: 1810.591870, Node: 1092.138793, Link: 718.452887, Spread: 0.020571
Epoch 583/600, Total: 1810.591531, Node: 1092.138330, Link: 718.453010, Spread: 0.020438
Epoch 584/600, Total: 1810.591245, Node: 1092.137894, Link: 718.453162, Spread: 0.020307
Epoch 585/600, Total: 1810.591004, Node: 1092.137462, Link: 718.453351, Spread: 0.020176
Epoch 586/600, Total: 1810.590747, Node: 1092.137010, Link: 718.453548, Spread: 0.020047
Epoch 587/600, Total: 1810.590521, Node: 1092.136572, Link: 718.453758, Spread: 0.019919
Epoch 588/600, Total: 1810.590291, Node: 1092.136110, Link: 718.453991, Spread: 0.019793
Epoch 589/600, Total: 1810.590068, Node: 1092.135638, Link: 718.454242, Spread: 0.019668
Epoch 590/600, Total: 1810.589879, Node: 1092.135164, Link: 718.454530, Spread: 0.019543
Epoch 591/600, Total: 1810.589681, Node: 1092.134691, Link: 718.454805, Spread: 0.019420
Epoch 592/600, Total: 1810.589544, Node: 1092.134250, Link: 718.455111, Spread: 0.019298
Epoch 593/600, Total: 1810.589441, Node: 1092.133835, Link: 718.455427, Spread: 0.019176
Epoch 594/600, Total: 1810.589376, Node: 1092.133479, Link: 718.455718, Spread: 0.019056
Epoch 595/600, Total: 1810.589370, Node: 1092.133181, Link: 718.456013, Spread: 0.018937
Epoch 596/600, Total: 1810.589394, Node: 1092.132968, Link: 718.456255, Spread: 0.018818
Epoch 597/600, Total: 1810.589473, Node: 1092.132834, Link: 718.456464, Spread: 0.018701
Epoch 598/600, Total: 1810.589578, Node: 1092.132806, Link: 718.456602, Spread: 0.018584
Epoch 599/600, Total: 1810.589727, Node: 1092.132878, Link: 718.456679, Spread: 0.018468
Epoch 600/600, Total: 1810.589845, Node: 1092.133023, Link: 718.456654, Spread: 0.018352
Saved sweep result to: /homes/dameyer/ml-for-wdn-project-4/results/aggregated/gnn_training_sweep/net1_buffer=15_rollout=1_seed=42.json
Table value: 1092.133023
