================================
GNN training sweep
Job ID: 242699
Task ID: 28
Buffer size: 20
Rollout length: 20
================================
Running GNN sweep: dataset=Net1, buffer=20, rollout=20
Epoch 1/600, Total: 3829.276556, Node: 1662.967785, Link: 2165.484293, Spread: 82.450571
Epoch 2/600, Total: 2078.320578, Node: 1278.232699, Link: 799.071351, Spread: 101.655644
Epoch 3/600, Total: 2000.311047, Node: 1254.702281, Link: 744.573851, Spread: 103.495585
Epoch 4/600, Total: 1985.488770, Node: 1240.103946, Link: 744.433969, Spread: 95.088042
Epoch 5/600, Total: 1957.027880, Node: 1216.998406, Link: 739.154359, Spread: 87.511220
Epoch 6/600, Total: 1928.910381, Node: 1193.917310, Link: 734.193803, Spread: 79.926307
Epoch 7/600, Total: 1923.304871, Node: 1188.239426, Link: 734.334226, Spread: 73.120919
Epoch 8/600, Total: 1902.591814, Node: 1172.972162, Link: 728.943934, Spread: 67.568151
Epoch 9/600, Total: 1902.001919, Node: 1172.021109, Link: 729.361383, Spread: 61.944373
Epoch 10/600, Total: 1889.963535, Node: 1163.492232, Link: 725.896722, Spread: 57.459058
Epoch 11/600, Total: 1886.629673, Node: 1161.763082, Link: 724.333878, Spread: 53.272361
Epoch 12/600, Total: 1872.272308, Node: 1151.786083, Link: 719.988965, Spread: 49.724222
Epoch 13/600, Total: 1867.341526, Node: 1147.431383, Link: 719.446380, Spread: 46.376237
Epoch 14/600, Total: 1872.575035, Node: 1153.552369, Link: 718.595947, Spread: 42.675282
Epoch 15/600, Total: 1870.489553, Node: 1151.512167, Link: 718.578667, Spread: 39.871015
Epoch 16/600, Total: 1852.423479, Node: 1138.556598, Link: 713.494109, Spread: 37.274814
Epoch 17/600, Total: 1844.184116, Node: 1130.365273, Link: 713.470799, Spread: 34.803191
Epoch 18/600, Total: 1844.084059, Node: 1127.167525, Link: 716.594141, Spread: 32.237528
Epoch 19/600, Total: 1834.882578, Node: 1121.844924, Link: 712.739642, Spread: 29.802124
Epoch 20/600, Total: 1829.010098, Node: 1118.165529, Link: 710.568286, Spread: 27.627832
Epoch 21/600, Total: 1824.436464, Node: 1114.361060, Link: 709.818910, Spread: 25.651144
Epoch 22/600, Total: 1818.855118, Node: 1109.754883, Link: 708.862160, Spread: 23.805466
Epoch 23/600, Total: 1813.983894, Node: 1105.639053, Link: 708.124356, Spread: 22.053420
Epoch 24/600, Total: 1816.176592, Node: 1106.404309, Link: 709.569275, Spread: 20.297556
Epoch 25/600, Total: 1810.308643, Node: 1100.025064, Link: 710.095742, Spread: 18.785834
Epoch 26/600, Total: 1815.462152, Node: 1105.482726, Link: 709.806218, Spread: 17.322554
Epoch 27/600, Total: 1791.275934, Node: 1097.262426, Link: 693.850739, Spread: 16.278534
Epoch 28/600, Total: 1793.273575, Node: 1093.869810, Link: 699.251923, Spread: 15.181747
Epoch 29/600, Total: 1785.618469, Node: 1090.193137, Link: 695.282736, Spread: 14.258550
Epoch 30/600, Total: 1787.171215, Node: 1090.483832, Link: 696.556516, Spread: 13.087415
Epoch 31/600, Total: 1805.254980, Node: 1101.598323, Link: 703.538331, Spread: 11.831220
Epoch 32/600, Total: 1786.666304, Node: 1086.866492, Link: 699.691073, Spread: 10.874797
Epoch 33/600, Total: 1784.310751, Node: 1083.576093, Link: 700.634967, Spread: 9.969577
Epoch 34/600, Total: 1774.659334, Node: 1080.807260, Link: 693.759156, Spread: 9.290222
Epoch 35/600, Total: 1774.346821, Node: 1078.420329, Link: 695.841080, Spread: 8.539728
Epoch 36/600, Total: 1773.334059, Node: 1079.860159, Link: 693.393822, Spread: 8.011313
Epoch 37/600, Total: 1778.359371, Node: 1081.810496, Link: 696.474849, Spread: 7.404127
Epoch 38/600, Total: 1773.923386, Node: 1080.074719, Link: 693.779047, Spread: 6.962846
Epoch 39/600, Total: 1768.979557, Node: 1079.380253, Link: 689.533234, Spread: 6.606632
Epoch 40/600, Total: 1776.284233, Node: 1080.092742, Link: 696.130376, Spread: 6.110306
Epoch 41/600, Total: 1763.681065, Node: 1077.763186, Link: 685.859818, Spread: 5.806803
Epoch 42/600, Total: 1770.930016, Node: 1076.723329, Link: 694.153010, Spread: 5.367057
Epoch 43/600, Total: 1771.208147, Node: 1077.089678, Link: 694.068300, Spread: 5.017840
Epoch 44/600, Total: 1768.776548, Node: 1076.087245, Link: 692.642463, Spread: 4.684534
Epoch 45/600, Total: 1757.766357, Node: 1073.721950, Link: 683.999692, Spread: 4.473863
Epoch 46/600, Total: 1771.088701, Node: 1078.920729, Link: 692.126171, Spread: 4.181813
Epoch 47/600, Total: 1748.937824, Node: 1072.856657, Link: 676.040856, Spread: 4.032772
Epoch 48/600, Total: 1755.390348, Node: 1075.401530, Link: 679.950292, Spread: 3.852809
Epoch 49/600, Total: 1758.321194, Node: 1076.272993, Link: 682.011250, Spread: 3.694059
Epoch 50/600, Total: 1764.952677, Node: 1073.813639, Link: 691.104446, Spread: 3.462472
Epoch 51/600, Total: 1763.283867, Node: 1074.676994, Link: 688.574198, Spread: 3.265882
Epoch 52/600, Total: 1745.207378, Node: 1070.421153, Link: 674.754683, Spread: 3.157117
Epoch 53/600, Total: 1758.579782, Node: 1072.185346, Link: 686.364402, Spread: 3.003814
Epoch 54/600, Total: 1763.428282, Node: 1074.640873, Link: 688.758885, Spread: 2.854567
Epoch 55/600, Total: 1763.630243, Node: 1077.694688, Link: 685.908180, Spread: 2.735059
Epoch 56/600, Total: 1762.238092, Node: 1078.746700, Link: 683.464825, Spread: 2.656765
Epoch 57/600, Total: 1755.826193, Node: 1074.061983, Link: 681.738647, Spread: 2.557845
Epoch 58/600, Total: 1755.008020, Node: 1072.569533, Link: 682.413953, Spread: 2.452938
Epoch 59/600, Total: 1753.803232, Node: 1072.130456, Link: 681.649093, Spread: 2.366228
Epoch 60/600, Total: 1752.340956, Node: 1075.793366, Link: 676.524825, Spread: 2.276981
Epoch 61/600, Total: 1757.159117, Node: 1077.917897, Link: 679.218848, Spread: 2.237228
Epoch 62/600, Total: 1744.773308, Node: 1071.357062, Link: 673.394724, Spread: 2.152623
Epoch 63/600, Total: 1768.423645, Node: 1083.601562, Link: 684.801317, Spread: 2.077842
Epoch 64/600, Total: 1749.795538, Node: 1071.040649, Link: 678.735333, Spread: 1.953480
Epoch 65/600, Total: 1749.548872, Node: 1070.955401, Link: 678.574566, Spread: 1.890506
Epoch 66/600, Total: 1747.644552, Node: 1070.743820, Link: 676.882251, Spread: 1.849656
Epoch 67/600, Total: 1746.681746, Node: 1070.613423, Link: 676.050198, Spread: 1.812240
Epoch 68/600, Total: 1745.905247, Node: 1070.579755, Link: 675.307723, Spread: 1.777157
Epoch 69/600, Total: 1745.363447, Node: 1070.619193, Link: 674.726789, Spread: 1.744974
Epoch 70/600, Total: 1745.090921, Node: 1070.747263, Link: 674.326474, Spread: 1.715798
Epoch 71/600, Total: 1741.491392, Node: 1071.126167, Link: 670.348295, Spread: 1.693961
Epoch 72/600, Total: 1761.397112, Node: 1087.822861, Link: 673.557428, Spread: 1.684196
Epoch 73/600, Total: 1755.963598, Node: 1081.577814, Link: 674.369204, Spread: 1.658732
Epoch 74/600, Total: 1739.930502, Node: 1070.302199, Link: 669.611904, Spread: 1.637956
Epoch 75/600, Total: 1742.051924, Node: 1070.263058, Link: 671.772786, Spread: 1.608968
Epoch 76/600, Total: 1742.024452, Node: 1070.598219, Link: 671.410340, Spread: 1.590824
Epoch 77/600, Total: 1741.586193, Node: 1070.739772, Link: 670.830658, Spread: 1.575427
Epoch 78/600, Total: 1740.724815, Node: 1070.621455, Link: 670.087741, Spread: 1.560942
Epoch 79/600, Total: 1740.035631, Node: 1070.630493, Link: 669.389673, Spread: 1.547460
Epoch 80/600, Total: 1739.524673, Node: 1070.633974, Link: 668.875292, Spread: 1.541977
Epoch 81/600, Total: 1738.703697, Node: 1070.756519, Link: 667.931897, Spread: 1.526636
Epoch 82/600, Total: 1738.245150, Node: 1070.649984, Link: 667.580022, Spread: 1.512079
Epoch 83/600, Total: 1736.791590, Node: 1070.043967, Link: 666.732612, Spread: 1.500434
Epoch 84/600, Total: 1737.110653, Node: 1070.650828, Link: 666.444916, Spread: 1.491953
Epoch 85/600, Total: 1734.646862, Node: 1069.326613, Link: 665.305367, Spread: 1.484557
Epoch 86/600, Total: 1735.399752, Node: 1070.308411, Link: 665.076588, Spread: 1.472528
Epoch 87/600, Total: 1734.395849, Node: 1069.806383, Link: 664.574826, Spread: 1.466783
Epoch 88/600, Total: 1734.813650, Node: 1070.400325, Link: 664.398677, Spread: 1.461427
Epoch 89/600, Total: 1732.802565, Node: 1069.306169, Link: 663.481804, Spread: 1.457525
Epoch 90/600, Total: 1733.480560, Node: 1070.193787, Link: 663.272294, Spread: 1.447526
Epoch 91/600, Total: 1731.931173, Node: 1069.291442, Link: 662.625269, Spread: 1.444049
Epoch 92/600, Total: 1732.703449, Node: 1070.162427, Link: 662.526632, Spread: 1.437007
Epoch 93/600, Total: 1731.217678, Node: 1069.332460, Link: 661.870917, Spread: 1.435582
Epoch 94/600, Total: 1731.471676, Node: 1069.854765, Link: 661.602617, Spread: 1.426453
Epoch 95/600, Total: 1730.368675, Node: 1069.282442, Link: 661.072015, Spread: 1.423197
Epoch 96/600, Total: 1730.692801, Node: 1069.785293, Link: 660.893314, Spread: 1.418894
Epoch 97/600, Total: 1722.198652, Node: 1067.190516, Link: 654.994040, Spread: 1.407641
Epoch 98/600, Total: 1722.100540, Node: 1068.847041, Link: 653.239677, Spread: 1.381842
Epoch 99/600, Total: 1719.643478, Node: 1069.340381, Link: 650.289100, Spread: 1.400598
Epoch 100/600, Total: 1721.523005, Node: 1069.125848, Link: 652.383433, Spread: 1.371242
Epoch 101/600, Total: 1730.558962, Node: 1086.056872, Link: 644.488322, Spread: 1.378252
Epoch 102/600, Total: 1740.474976, Node: 1085.470204, Link: 654.991238, Spread: 1.352616
Epoch 103/600, Total: 1721.937922, Node: 1076.117273, Link: 645.806857, Spread: 1.380544
Epoch 104/600, Total: 1734.463614, Node: 1072.980154, Link: 661.470043, Spread: 1.343156
Epoch 105/600, Total: 1726.481295, Node: 1075.054497, Link: 651.412969, Spread: 1.383006
Epoch 106/600, Total: 1717.900997, Node: 1064.568723, Link: 653.318862, Spread: 1.341302
Epoch 107/600, Total: 1722.570154, Node: 1069.789655, Link: 652.767144, Spread: 1.334974
Epoch 108/600, Total: 1726.985327, Node: 1076.380276, Link: 650.591328, Spread: 1.372225
Epoch 109/600, Total: 1714.047157, Node: 1063.757701, Link: 650.276116, Spread: 1.334381
Epoch 110/600, Total: 1722.067629, Node: 1070.864272, Link: 651.189711, Spread: 1.364784
Epoch 111/600, Total: 1717.322262, Node: 1067.905102, Link: 649.403788, Spread: 1.333661
Epoch 112/600, Total: 1718.334061, Node: 1073.179453, Link: 645.141201, Spread: 1.337933
Epoch 113/600, Total: 1722.619678, Node: 1071.161899, Link: 651.443940, Spread: 1.382521
Epoch 114/600, Total: 1726.423105, Node: 1070.048268, Link: 656.360900, Spread: 1.396692
Epoch 115/600, Total: 1723.639036, Node: 1067.196834, Link: 656.428451, Spread: 1.377898
Epoch 116/600, Total: 1714.788303, Node: 1064.478809, Link: 650.296346, Spread: 1.314122
Epoch 117/600, Total: 1719.791565, Node: 1068.043027, Link: 651.735143, Spread: 1.341294
Epoch 118/600, Total: 1712.664984, Node: 1067.569527, Link: 645.082378, Spread: 1.312105
Epoch 119/600, Total: 1718.072222, Node: 1068.773893, Link: 649.284976, Spread: 1.339000
Epoch 120/600, Total: 1725.510191, Node: 1074.328879, Link: 651.167830, Spread: 1.350213
Epoch 121/600, Total: 1735.656157, Node: 1077.621355, Link: 658.021115, Spread: 1.367974
Epoch 122/600, Total: 1726.716494, Node: 1068.140389, Link: 658.562428, Spread: 1.370079
Epoch 123/600, Total: 1731.101484, Node: 1069.219846, Link: 661.867887, Spread: 1.374716
Epoch 124/600, Total: 1727.907717, Node: 1067.699745, Link: 660.194313, Spread: 1.366662
Epoch 125/600, Total: 1723.968679, Node: 1068.672127, Link: 655.282821, Spread: 1.374193
Epoch 126/600, Total: 1722.538855, Node: 1070.012985, Link: 652.512066, Spread: 1.379523
Epoch 127/600, Total: 1727.112684, Node: 1067.588926, Link: 659.510014, Spread: 1.372006
Epoch 128/600, Total: 1727.328377, Node: 1068.024664, Link: 659.290059, Spread: 1.366776
Epoch 129/600, Total: 1716.758984, Node: 1070.103324, Link: 646.642177, Spread: 1.350159
Epoch 130/600, Total: 1727.556797, Node: 1074.881574, Link: 652.661534, Spread: 1.369068
Epoch 131/600, Total: 1724.485258, Node: 1067.701068, Link: 656.770472, Spread: 1.372301
Epoch 132/600, Total: 1726.862509, Node: 1068.469224, Link: 658.379622, Spread: 1.365934
Epoch 133/600, Total: 1726.669285, Node: 1068.811529, Link: 657.844143, Spread: 1.362967
Epoch 134/600, Total: 1722.876314, Node: 1067.627514, Link: 655.235474, Spread: 1.333799
Epoch 135/600, Total: 1723.069508, Node: 1072.703036, Link: 650.352905, Spread: 1.356776
Epoch 136/600, Total: 1717.269136, Node: 1067.632387, Link: 649.623217, Spread: 1.352198
Epoch 137/600, Total: 1720.858860, Node: 1074.594844, Link: 646.250423, Spread: 1.358591
Epoch 138/600, Total: 1698.960299, Node: 1063.258229, Link: 635.688961, Spread: 1.312949
Epoch 139/600, Total: 1709.109285, Node: 1067.021926, Link: 642.074162, Spread: 1.321977
Epoch 140/600, Total: 1732.093605, Node: 1078.451844, Link: 653.628612, Spread: 1.315017
Epoch 141/600, Total: 1720.737431, Node: 1077.608256, Link: 643.115752, Spread: 1.344348
Epoch 142/600, Total: 1721.539055, Node: 1068.088862, Link: 653.436658, Spread: 1.356232
Epoch 143/600, Total: 1733.281208, Node: 1088.942670, Link: 644.325166, Spread: 1.336241
Epoch 144/600, Total: 1724.439976, Node: 1077.190123, Link: 647.236160, Spread: 1.368012
Epoch 145/600, Total: 1705.799892, Node: 1064.329209, Link: 641.457158, Spread: 1.353766
Epoch 146/600, Total: 1715.768213, Node: 1069.887229, Link: 645.867454, Spread: 1.353268
Epoch 147/600, Total: 1729.400881, Node: 1076.252504, Link: 653.134748, Spread: 1.363073
Epoch 148/600, Total: 1725.837650, Node: 1073.669849, Link: 652.154083, Spread: 1.371459
Epoch 149/600, Total: 1718.261927, Node: 1077.561135, Link: 640.687088, Spread: 1.367855
Epoch 150/600, Total: 1721.146597, Node: 1075.799009, Link: 645.333977, Spread: 1.362475
Epoch 151/600, Total: 1712.190861, Node: 1068.713093, Link: 643.464267, Spread: 1.350664
Epoch 152/600, Total: 1725.863335, Node: 1073.269251, Link: 652.580425, Spread: 1.367020
Epoch 153/600, Total: 1707.129986, Node: 1068.645660, Link: 638.470604, Spread: 1.369337
Epoch 154/600, Total: 1730.620911, Node: 1082.032006, Link: 648.575263, Spread: 1.364522
Epoch 155/600, Total: 1723.820778, Node: 1079.592344, Link: 644.214709, Spread: 1.375339
Epoch 156/600, Total: 1720.067991, Node: 1074.754765, Link: 645.299570, Spread: 1.364618
Epoch 157/600, Total: 1748.006498, Node: 1087.064047, Link: 660.928885, Spread: 1.353802
Epoch 158/600, Total: 1716.558012, Node: 1083.647937, Link: 632.896751, Spread: 1.328665
Epoch 159/600, Total: 1715.197594, Node: 1079.923355, Link: 635.261166, Spread: 1.310206
Epoch 160/600, Total: 1710.662731, Node: 1081.298425, Link: 629.350906, Spread: 1.337196
Epoch 161/600, Total: 1716.208666, Node: 1082.938171, Link: 633.256880, Spread: 1.362225
Epoch 162/600, Total: 1729.398335, Node: 1082.972133, Link: 646.412638, Spread: 1.355762
Epoch 163/600, Total: 1713.682556, Node: 1077.448300, Link: 636.220622, Spread: 1.362847
Epoch 164/600, Total: 1705.764309, Node: 1069.699484, Link: 636.051133, Spread: 1.367670
Epoch 165/600, Total: 1723.444124, Node: 1081.284204, Link: 642.146583, Spread: 1.333737
Epoch 166/600, Total: 1714.350250, Node: 1077.764925, Link: 636.571657, Spread: 1.368227
Epoch 167/600, Total: 1735.306490, Node: 1092.208942, Link: 643.083861, Spread: 1.373480
Epoch 168/600, Total: 1727.340353, Node: 1093.027604, Link: 634.299111, Spread: 1.363029
Epoch 169/600, Total: 1725.812443, Node: 1088.284051, Link: 637.515598, Spread: 1.281724
Epoch 170/600, Total: 1712.138723, Node: 1087.002853, Link: 625.122628, Spread: 1.324352
Epoch 171/600, Total: 1716.133717, Node: 1086.636675, Link: 629.483672, Spread: 1.337168
Epoch 172/600, Total: 1716.965322, Node: 1086.779768, Link: 630.172201, Spread: 1.334009
Epoch 173/600, Total: 1724.646971, Node: 1093.378325, Link: 631.255006, Spread: 1.363568
Epoch 174/600, Total: 1703.840321, Node: 1078.061437, Link: 625.765325, Spread: 1.356123
Epoch 175/600, Total: 1708.690786, Node: 1075.527424, Link: 633.149788, Spread: 1.357015
Epoch 176/600, Total: 1725.551949, Node: 1085.519493, Link: 640.018532, Spread: 1.390624
Epoch 177/600, Total: 1735.138161, Node: 1088.630996, Link: 646.494126, Spread: 1.303905
Epoch 178/600, Total: 1711.259974, Node: 1087.136014, Link: 624.111328, Spread: 1.261015
Epoch 179/600, Total: 1713.799845, Node: 1079.723926, Link: 634.063123, Spread: 1.278785
Epoch 180/600, Total: 1719.140989, Node: 1091.835455, Link: 627.292601, Spread: 1.292231
Epoch 181/600, Total: 1708.602795, Node: 1086.208008, Link: 622.381892, Spread: 1.288873
Epoch 182/600, Total: 1725.265106, Node: 1090.457827, Link: 634.793978, Spread: 1.331859
Epoch 183/600, Total: 1711.484333, Node: 1085.464581, Link: 626.006239, Spread: 1.353165
Epoch 184/600, Total: 1721.628887, Node: 1086.688038, Link: 634.927210, Spread: 1.362624
Epoch 185/600, Total: 1709.836313, Node: 1083.522058, Link: 626.300627, Spread: 1.363005
Epoch 186/600, Total: 1708.539906, Node: 1080.996281, Link: 627.530093, Spread: 1.353760
Epoch 187/600, Total: 1732.156221, Node: 1098.025421, Link: 634.117048, Spread: 1.376841
Epoch 188/600, Total: 1697.801996, Node: 1079.194891, Link: 618.593178, Spread: 1.393877
Epoch 189/600, Total: 1701.772429, Node: 1083.887667, Link: 617.870827, Spread: 1.392978
Epoch 190/600, Total: 1701.241072, Node: 1080.913578, Link: 620.313550, Spread: 1.394976
Epoch 191/600, Total: 1702.681980, Node: 1083.405727, Link: 619.262442, Spread: 1.380049
Epoch 192/600, Total: 1704.100193, Node: 1081.893185, Link: 622.192890, Spread: 1.410611
Epoch 193/600, Total: 1723.153385, Node: 1082.101852, Link: 641.037116, Spread: 1.443279
Epoch 194/600, Total: 1693.338594, Node: 1074.967281, Link: 618.356907, Spread: 1.438223
Epoch 195/600, Total: 1712.844213, Node: 1081.554430, Link: 631.275250, Spread: 1.450480
Epoch 196/600, Total: 1696.472425, Node: 1075.095365, Link: 621.362618, Spread: 1.443227
Epoch 197/600, Total: 1714.714167, Node: 1085.232638, Link: 629.466826, Spread: 1.469102
Epoch 198/600, Total: 1714.378069, Node: 1086.406994, Link: 627.956207, Spread: 1.483498
Epoch 199/600, Total: 1713.650013, Node: 1082.959643, Link: 630.675485, Spread: 1.487914
Epoch 200/600, Total: 1696.527630, Node: 1073.959264, Link: 622.553691, Spread: 1.469901
Epoch 201/600, Total: 1718.257111, Node: 1086.023342, Link: 632.218876, Spread: 1.488305
Epoch 202/600, Total: 1708.338631, Node: 1084.334868, Link: 623.988903, Spread: 1.485610
Epoch 203/600, Total: 1712.262844, Node: 1082.684253, Link: 629.563649, Spread: 1.498898
Epoch 204/600, Total: 1706.646669, Node: 1078.045695, Link: 628.585859, Spread: 1.514885
Epoch 205/600, Total: 1656.044559, Node: 1019.509674, Link: 636.517611, Spread: 1.726873
Epoch 206/600, Total: 1612.427957, Node: 1000.907686, Link: 611.503327, Spread: 1.691738
Epoch 207/600, Total: 1621.548427, Node: 1000.261553, Link: 621.269375, Spread: 1.751421
Epoch 208/600, Total: 1616.044393, Node: 992.009553, Link: 624.016514, Spread: 1.833189
Epoch 209/600, Total: 1610.716808, Node: 985.107788, Link: 625.589934, Spread: 1.909537
Epoch 210/600, Total: 1599.611686, Node: 976.698045, Link: 622.894063, Spread: 1.960209
Epoch 211/600, Total: 1595.598014, Node: 976.408135, Link: 619.169766, Spread: 2.012277
Epoch 212/600, Total: 1606.935006, Node: 977.282233, Link: 629.632604, Spread: 2.019939
Epoch 213/600, Total: 1584.620955, Node: 969.188732, Link: 615.411868, Spread: 2.036792
Epoch 214/600, Total: 1586.013125, Node: 973.931309, Link: 612.061059, Spread: 2.077226
Epoch 215/600, Total: 1608.204344, Node: 986.211191, Link: 621.970981, Spread: 2.216606
Epoch 216/600, Total: 1635.540127, Node: 1007.669070, Link: 627.849148, Spread: 2.194060
Epoch 217/600, Total: 1597.179333, Node: 981.484714, Link: 615.673437, Spread: 2.118463
Epoch 218/600, Total: 1581.609851, Node: 966.191596, Link: 615.397674, Spread: 2.058695
Epoch 219/600, Total: 1582.445984, Node: 965.674311, Link: 616.750937, Spread: 2.072905
Epoch 220/600, Total: 1572.698540, Node: 964.185551, Link: 608.491703, Spread: 2.128946
Epoch 221/600, Total: 1579.328292, Node: 965.472899, Link: 613.833820, Spread: 2.159852
Epoch 222/600, Total: 1605.016965, Node: 963.804751, Link: 641.189987, Spread: 2.221274
Epoch 223/600, Total: 1580.043370, Node: 959.959039, Link: 620.062079, Spread: 2.224138
Epoch 224/600, Total: 1572.973532, Node: 955.614265, Link: 617.336735, Spread: 2.254890
Epoch 225/600, Total: 1552.791128, Node: 951.211550, Link: 601.557373, Spread: 2.219876
Epoch 226/600, Total: 1557.926052, Node: 952.150365, Link: 605.752490, Spread: 2.318676
Epoch 227/600, Total: 1573.056129, Node: 964.141731, Link: 608.891691, Spread: 2.273135
Epoch 228/600, Total: 1562.909327, Node: 955.482430, Link: 607.404807, Spread: 2.213573
Epoch 229/600, Total: 1592.601305, Node: 962.233397, Link: 630.344881, Spread: 2.305334
Epoch 230/600, Total: 1582.723471, Node: 968.653191, Link: 614.047410, Spread: 2.288682
Epoch 231/600, Total: 1570.041361, Node: 958.906097, Link: 611.111956, Spread: 2.332562
Epoch 232/600, Total: 1568.262218, Node: 952.049457, Link: 616.189103, Spread: 2.366003
Epoch 233/600, Total: 1569.698146, Node: 958.129044, Link: 611.545526, Spread: 2.359418
Epoch 234/600, Total: 1581.894182, Node: 964.003589, Link: 617.866920, Spread: 2.367590
Epoch 235/600, Total: 1606.635689, Node: 963.795900, Link: 642.815848, Spread: 2.394904
Epoch 236/600, Total: 1566.263674, Node: 955.195177, Link: 611.044644, Spread: 2.382634
Epoch 237/600, Total: 1563.798733, Node: 953.863552, Link: 609.911020, Spread: 2.417515
Epoch 238/600, Total: 1569.054958, Node: 948.818484, Link: 620.211873, Spread: 2.458372
Epoch 239/600, Total: 1558.321439, Node: 940.974592, Link: 617.322154, Spread: 2.469159
Epoch 240/600, Total: 1560.598583, Node: 944.814866, Link: 615.758777, Spread: 2.493799
Epoch 241/600, Total: 1547.833267, Node: 938.855588, Link: 608.952839, Spread: 2.486451
Epoch 242/600, Total: 1546.992103, Node: 941.627987, Link: 605.339143, Spread: 2.495882
Epoch 243/600, Total: 1559.752898, Node: 950.284344, Link: 609.442977, Spread: 2.555181
Epoch 244/600, Total: 1556.615281, Node: 950.866336, Link: 605.723298, Spread: 2.563949
Epoch 245/600, Total: 1566.937698, Node: 954.414631, Link: 612.497024, Spread: 2.602858
Epoch 246/600, Total: 1559.017659, Node: 946.674849, Link: 612.316555, Spread: 2.624948
Epoch 247/600, Total: 1555.049480, Node: 945.554973, Link: 609.468351, Spread: 2.616848
Epoch 248/600, Total: 1554.231105, Node: 944.235971, Link: 609.968759, Spread: 2.638229
Epoch 249/600, Total: 1551.529052, Node: 941.459239, Link: 610.043289, Spread: 2.655296
Epoch 250/600, Total: 1556.565867, Node: 939.201658, Link: 617.337767, Spread: 2.643899
Epoch 251/600, Total: 1538.331024, Node: 936.365561, Link: 601.939466, Spread: 2.601443
Epoch 252/600, Total: 1534.378984, Node: 932.979100, Link: 601.373923, Spread: 2.596067
Epoch 253/600, Total: 1543.531582, Node: 939.839233, Link: 603.666343, Spread: 2.598574
Epoch 254/600, Total: 1550.806728, Node: 938.767006, Link: 612.013897, Spread: 2.579801
Epoch 255/600, Total: 1558.136975, Node: 942.068812, Link: 616.044153, Spread: 2.400179
Epoch 256/600, Total: 1562.285170, Node: 949.780983, Link: 612.480267, Spread: 2.390794
Epoch 257/600, Total: 1578.321357, Node: 950.413033, Link: 627.883206, Spread: 2.511897
Epoch 258/600, Total: 1548.407891, Node: 943.213371, Link: 605.169224, Spread: 2.531043
Epoch 259/600, Total: 1541.534720, Node: 937.188593, Link: 604.320705, Spread: 2.539719
Epoch 260/600, Total: 1570.586110, Node: 956.876905, Link: 613.683651, Spread: 2.555002
Epoch 261/600, Total: 1549.029052, Node: 940.508115, Link: 608.495422, Spread: 2.550970
Epoch 262/600, Total: 1571.126644, Node: 941.672640, Link: 629.427876, Spread: 2.612125
Epoch 263/600, Total: 1577.840885, Node: 955.246028, Link: 622.568812, Spread: 2.604454
Epoch 264/600, Total: 1571.049536, Node: 939.234749, Link: 631.788799, Spread: 2.599637
Epoch 265/600, Total: 1535.969695, Node: 934.971747, Link: 600.972226, Spread: 2.572156
Epoch 266/600, Total: 1545.872049, Node: 941.856050, Link: 603.990339, Spread: 2.564174
Epoch 267/600, Total: 1572.410378, Node: 946.437709, Link: 625.947013, Spread: 2.564292
Epoch 268/600, Total: 1567.189901, Node: 940.541745, Link: 626.622275, Spread: 2.587585
Epoch 269/600, Total: 1546.206635, Node: 943.058908, Link: 603.121834, Spread: 2.588386
Epoch 270/600, Total: 1553.204190, Node: 949.111601, Link: 604.066346, Spread: 2.624699
Epoch 271/600, Total: 1560.340207, Node: 938.706857, Link: 621.607086, Spread: 2.627298
Epoch 272/600, Total: 1548.474843, Node: 943.124963, Link: 605.323831, Spread: 2.605004
Epoch 273/600, Total: 1562.813766, Node: 951.440421, Link: 611.347263, Spread: 2.606103
Epoch 274/600, Total: 1543.600657, Node: 944.970233, Link: 598.604232, Spread: 2.620877
Epoch 275/600, Total: 1571.177862, Node: 952.038805, Link: 619.112390, Spread: 2.663550
Epoch 276/600, Total: 1539.456432, Node: 937.877761, Link: 601.552498, Spread: 2.616834
Epoch 277/600, Total: 1571.023575, Node: 943.289454, Link: 627.707776, Spread: 2.632157
Epoch 278/600, Total: 1533.039785, Node: 939.695822, Link: 593.317920, Spread: 2.602772
Epoch 279/600, Total: 1569.663755, Node: 952.662922, Link: 616.974459, Spread: 2.635833
Epoch 280/600, Total: 1536.740951, Node: 941.354087, Link: 595.361070, Spread: 2.579526
Epoch 281/600, Total: 1548.190398, Node: 945.976919, Link: 602.187344, Spread: 2.612634
Epoch 282/600, Total: 1545.012841, Node: 942.986433, Link: 602.000191, Spread: 2.621390
Epoch 283/600, Total: 1531.912799, Node: 931.827506, Link: 600.059337, Spread: 2.594284
Epoch 284/600, Total: 1566.374956, Node: 949.197397, Link: 617.151356, Spread: 2.619156
Epoch 285/600, Total: 1524.297811, Node: 928.684707, Link: 595.586984, Spread: 2.611045
Epoch 286/600, Total: 1532.101306, Node: 932.936671, Link: 599.138099, Spread: 2.652378
Epoch 287/600, Total: 1556.210987, Node: 939.140578, Link: 617.043763, Spread: 2.665218
Epoch 288/600, Total: 1525.711647, Node: 932.610342, Link: 593.074906, Spread: 2.641949
Epoch 289/600, Total: 1541.556434, Node: 939.325468, Link: 602.204855, Spread: 2.608971
Epoch 290/600, Total: 1587.944061, Node: 959.589382, Link: 628.327827, Spread: 2.685780
Epoch 291/600, Total: 1581.235934, Node: 953.311177, Link: 627.897587, Spread: 2.717750
Epoch 292/600, Total: 1520.527538, Node: 927.474294, Link: 593.026357, Spread: 2.688321
Epoch 293/600, Total: 1531.297669, Node: 936.831159, Link: 594.439709, Spread: 2.683778
Epoch 294/600, Total: 1549.859926, Node: 936.547730, Link: 613.285375, Spread: 2.682701
Epoch 295/600, Total: 1536.583630, Node: 941.882582, Link: 594.674711, Spread: 2.632863
Epoch 296/600, Total: 1544.957950, Node: 943.054737, Link: 601.876970, Spread: 2.629317
Epoch 297/600, Total: 1578.205626, Node: 971.807351, Link: 606.371270, Spread: 2.700959
Epoch 298/600, Total: 1587.913664, Node: 981.609859, Link: 606.276548, Spread: 2.724003
Epoch 299/600, Total: 1525.499736, Node: 933.041622, Link: 592.431780, Spread: 2.632157
Epoch 300/600, Total: 1543.133374, Node: 936.391239, Link: 606.716108, Spread: 2.603397
Epoch 301/600, Total: 1544.667825, Node: 938.653029, Link: 605.988338, Spread: 2.644249
Epoch 302/600, Total: 1541.098100, Node: 940.249764, Link: 600.821750, Spread: 2.658371
Epoch 303/600, Total: 1550.697912, Node: 938.677820, Link: 611.993604, Spread: 2.645825
Epoch 304/600, Total: 1528.874177, Node: 933.839653, Link: 595.008179, Spread: 2.632875
Epoch 305/600, Total: 1532.422285, Node: 929.932773, Link: 602.463409, Spread: 2.608739
Epoch 306/600, Total: 1548.915065, Node: 941.857023, Link: 607.032000, Spread: 2.603955
Epoch 307/600, Total: 1568.457269, Node: 949.419897, Link: 619.010883, Spread: 2.648541
Epoch 308/600, Total: 1569.065445, Node: 944.628064, Link: 624.410632, Spread: 2.676580
Epoch 309/600, Total: 1560.776094, Node: 939.587222, Link: 621.161912, Spread: 2.696035
Epoch 310/600, Total: 1569.186193, Node: 942.876420, Link: 626.282710, Spread: 2.708458
Epoch 311/600, Total: 1554.762176, Node: 943.289509, Link: 611.445293, Spread: 2.736456
Epoch 312/600, Total: 1555.677898, Node: 938.061181, Link: 617.589381, Spread: 2.731266
Epoch 313/600, Total: 1547.577279, Node: 934.817318, Link: 612.732826, Spread: 2.715245
Epoch 314/600, Total: 1555.701592, Node: 938.051975, Link: 617.622268, Spread: 2.731135
Epoch 315/600, Total: 1554.209856, Node: 937.461657, Link: 616.720806, Spread: 2.739017
Epoch 316/600, Total: 1539.854323, Node: 937.173869, Link: 602.652818, Spread: 2.761547
Epoch 317/600, Total: 1547.767113, Node: 943.573146, Link: 604.166180, Spread: 2.777048
Epoch 318/600, Total: 1573.302152, Node: 960.199056, Link: 613.075198, Spread: 2.790909
Epoch 319/600, Total: 1555.140532, Node: 945.801810, Link: 609.310454, Spread: 2.829886
Epoch 320/600, Total: 1573.691804, Node: 935.087079, Link: 638.576444, Spread: 2.828915
Epoch 321/600, Total: 1564.333605, Node: 945.478086, Link: 618.827806, Spread: 2.772651
Epoch 322/600, Total: 1558.175185, Node: 940.362797, Link: 617.784557, Spread: 2.782213
Epoch 323/600, Total: 1572.724688, Node: 945.192766, Link: 627.503578, Spread: 2.834076
Epoch 324/600, Total: 1526.424125, Node: 936.018662, Link: 590.377375, Spread: 2.810140
Epoch 325/600, Total: 1528.797874, Node: 931.587587, Link: 597.182215, Spread: 2.807777
Epoch 326/600, Total: 1539.577596, Node: 941.253086, Link: 598.296427, Spread: 2.806414
Epoch 327/600, Total: 1522.708164, Node: 929.795956, Link: 592.884314, Spread: 2.790094
Epoch 328/600, Total: 1522.672006, Node: 928.124961, Link: 594.519232, Spread: 2.779745
Epoch 329/600, Total: 1535.476727, Node: 937.087804, Link: 598.361025, Spread: 2.790213
Epoch 330/600, Total: 1529.629641, Node: 932.809095, Link: 596.793033, Spread: 2.752802
Epoch 331/600, Total: 1540.838473, Node: 940.909053, Link: 599.901827, Spread: 2.759859
Epoch 332/600, Total: 1558.245274, Node: 938.536969, Link: 619.680264, Spread: 2.805406
Epoch 333/600, Total: 1537.647639, Node: 930.724416, Link: 606.895260, Spread: 2.794756
Epoch 334/600, Total: 1564.203020, Node: 949.799019, Link: 614.375782, Spread: 2.824174
Epoch 335/600, Total: 1552.957392, Node: 945.833668, Link: 607.095549, Spread: 2.816487
Epoch 336/600, Total: 1524.626188, Node: 929.820612, Link: 594.777604, Spread: 2.796360
Epoch 337/600, Total: 1514.491630, Node: 926.742409, Link: 587.721423, Spread: 2.780014
Epoch 338/600, Total: 1552.546237, Node: 943.928994, Link: 608.589439, Spread: 2.784690
Epoch 339/600, Total: 1530.335546, Node: 935.011663, Link: 595.296011, Spread: 2.787062
Epoch 340/600, Total: 1527.230907, Node: 935.574184, Link: 591.628907, Spread: 2.781296
Epoch 341/600, Total: 1537.051245, Node: 934.704743, Link: 602.318719, Spread: 2.780067
Epoch 342/600, Total: 1545.485398, Node: 934.808006, Link: 610.648973, Spread: 2.841730
Epoch 343/600, Total: 1543.699198, Node: 932.495848, Link: 611.174961, Spread: 2.843331
Epoch 344/600, Total: 1536.064724, Node: 934.764184, Link: 601.272345, Spread: 2.822422
Epoch 345/600, Total: 1529.410578, Node: 930.878426, Link: 598.503533, Spread: 2.862834
Epoch 346/600, Total: 1547.557764, Node: 937.773294, Link: 609.755966, Spread: 2.852878
Epoch 347/600, Total: 1560.834944, Node: 949.069204, Link: 611.737209, Spread: 2.852566
Epoch 348/600, Total: 1569.723159, Node: 943.923907, Link: 625.770399, Spread: 2.883749
Epoch 349/600, Total: 1542.619305, Node: 937.668648, Link: 604.922053, Spread: 2.861684
Epoch 350/600, Total: 1566.274212, Node: 943.516972, Link: 622.728507, Spread: 2.873617
Epoch 351/600, Total: 1562.072508, Node: 935.650869, Link: 626.393385, Spread: 2.826073
Epoch 352/600, Total: 1532.091756, Node: 931.094446, Link: 600.969093, Spread: 2.817777
Epoch 353/600, Total: 1567.711922, Node: 941.176695, Link: 626.506876, Spread: 2.835466
Epoch 354/600, Total: 1545.160181, Node: 933.257076, Link: 611.874893, Spread: 2.820374
Epoch 355/600, Total: 1540.504350, Node: 935.174007, Link: 605.302231, Spread: 2.810569
Epoch 356/600, Total: 1567.384670, Node: 944.323101, Link: 623.033467, Spread: 2.810960
Epoch 357/600, Total: 1563.601569, Node: 954.273507, Link: 609.299771, Spread: 2.827365
Epoch 358/600, Total: 1544.184375, Node: 938.050758, Link: 606.105758, Spread: 2.785291
Epoch 359/600, Total: 1550.088618, Node: 944.291879, Link: 605.769204, Spread: 2.754181
Epoch 360/600, Total: 1569.973912, Node: 962.850298, Link: 607.097166, Spread: 2.644214
Epoch 361/600, Total: 1542.499440, Node: 937.311355, Link: 605.160237, Spread: 2.786908
Epoch 362/600, Total: 1539.574529, Node: 932.332957, Link: 607.213331, Spread: 2.819900
Epoch 363/600, Total: 1531.981708, Node: 932.495228, Link: 599.458716, Spread: 2.776235
Epoch 364/600, Total: 1554.361279, Node: 937.872060, Link: 616.460587, Spread: 2.861324
Epoch 365/600, Total: 1545.566319, Node: 936.777154, Link: 608.760753, Spread: 2.840605
Epoch 366/600, Total: 1552.532958, Node: 936.625177, Link: 615.879015, Spread: 2.877167
Epoch 367/600, Total: 1565.543655, Node: 947.273238, Link: 618.241612, Spread: 2.877640
Epoch 368/600, Total: 1553.200726, Node: 943.559799, Link: 609.612096, Spread: 2.883513
Epoch 369/600, Total: 1542.479847, Node: 937.323454, Link: 605.127877, Spread: 2.850628
Epoch 370/600, Total: 1538.649077, Node: 931.961240, Link: 606.659233, Spread: 2.862023
Epoch 371/600, Total: 1544.301460, Node: 933.851695, Link: 610.420938, Spread: 2.878192
Epoch 372/600, Total: 1539.768267, Node: 933.732775, Link: 606.007040, Spread: 2.845563
Epoch 373/600, Total: 1550.628886, Node: 939.506849, Link: 611.093567, Spread: 2.845062
Epoch 374/600, Total: 1550.149330, Node: 938.543579, Link: 611.577036, Spread: 2.872883
Epoch 375/600, Total: 1551.127156, Node: 938.351150, Link: 612.747129, Spread: 2.890961
Epoch 376/600, Total: 1542.059915, Node: 933.148704, Link: 608.882869, Spread: 2.836605
Epoch 377/600, Total: 1540.327169, Node: 930.743811, Link: 609.555282, Spread: 2.808543
Epoch 378/600, Total: 1552.931383, Node: 945.287284, Link: 607.616136, Spread: 2.800925
Epoch 379/600, Total: 1533.877136, Node: 938.133793, Link: 595.714876, Spread: 2.847628
Epoch 380/600, Total: 1539.200050, Node: 937.249895, Link: 601.922033, Spread: 2.815056
Epoch 381/600, Total: 1532.755833, Node: 936.753078, Link: 595.974646, Spread: 2.811386
Epoch 382/600, Total: 1521.566993, Node: 924.934463, Link: 596.604480, Spread: 2.806484
Epoch 383/600, Total: 1533.223877, Node: 933.551480, Link: 599.644481, Spread: 2.789442
Epoch 384/600, Total: 1539.934813, Node: 937.900775, Link: 602.006146, Spread: 2.789574
Epoch 385/600, Total: 1515.947257, Node: 927.742062, Link: 588.176963, Spread: 2.822661
Epoch 386/600, Total: 1518.012458, Node: 927.210856, Link: 590.773415, Spread: 2.820317
Epoch 387/600, Total: 1527.273683, Node: 935.840860, Link: 591.404781, Spread: 2.804922
Epoch 388/600, Total: 1526.148495, Node: 932.973526, Link: 593.147024, Spread: 2.794402
Epoch 389/600, Total: 1524.059630, Node: 929.938957, Link: 594.092685, Spread: 2.798550
Epoch 390/600, Total: 1528.267316, Node: 930.902633, Link: 597.336641, Spread: 2.806875
Epoch 391/600, Total: 1545.995642, Node: 938.377090, Link: 607.590279, Spread: 2.825503
Epoch 392/600, Total: 1533.943824, Node: 929.412050, Link: 604.503829, Spread: 2.793165
Epoch 393/600, Total: 1521.321202, Node: 928.877779, Link: 592.414922, Spread: 2.849360
Epoch 394/600, Total: 1547.961508, Node: 941.850256, Link: 606.083118, Spread: 2.817384
Epoch 395/600, Total: 1523.636635, Node: 934.461469, Link: 589.146743, Spread: 2.841531
Epoch 396/600, Total: 1535.797461, Node: 933.585311, Link: 602.183817, Spread: 2.833399
Epoch 397/600, Total: 1558.056781, Node: 943.845160, Link: 614.182835, Spread: 2.876071
Epoch 398/600, Total: 1547.451296, Node: 939.164685, Link: 608.257664, Spread: 2.896566
Epoch 399/600, Total: 1539.553991, Node: 939.083576, Link: 600.442532, Spread: 2.789397
Epoch 400/600, Total: 1527.000970, Node: 934.457079, Link: 592.515852, Spread: 2.803328
Epoch 401/600, Total: 1549.616700, Node: 938.351784, Link: 611.236554, Spread: 2.840966
Epoch 402/600, Total: 1520.085722, Node: 927.340139, Link: 592.716953, Spread: 2.860026
Epoch 403/600, Total: 1530.477730, Node: 932.746391, Link: 597.702591, Spread: 2.876989
Epoch 404/600, Total: 1535.771958, Node: 934.479371, Link: 601.264020, Spread: 2.858453
Epoch 405/600, Total: 1521.409996, Node: 931.841161, Link: 589.540023, Spread: 2.881696
Epoch 406/600, Total: 1526.037573, Node: 932.123365, Link: 593.885095, Spread: 2.909661
Epoch 407/600, Total: 1538.892676, Node: 934.908114, Link: 603.955571, Spread: 2.896858
Epoch 408/600, Total: 1533.676136, Node: 940.690681, Link: 592.956885, Spread: 2.855749
Epoch 409/600, Total: 1544.461161, Node: 944.375072, Link: 600.057933, Spread: 2.816186
Epoch 410/600, Total: 1543.093646, Node: 945.196431, Link: 597.868141, Spread: 2.903724
Epoch 411/600, Total: 1539.483442, Node: 947.980022, Link: 591.475372, Spread: 2.804320
Epoch 412/600, Total: 1532.930942, Node: 931.361862, Link: 601.540335, Spread: 2.874620
Epoch 413/600, Total: 1532.718744, Node: 934.619496, Link: 598.070018, Spread: 2.918950
Epoch 414/600, Total: 1537.348723, Node: 940.737903, Link: 596.581581, Spread: 2.920520
Epoch 415/600, Total: 1524.548464, Node: 927.714630, Link: 596.804179, Spread: 2.964664
Epoch 416/600, Total: 1516.491179, Node: 924.939767, Link: 591.522206, Spread: 2.921571
Epoch 417/600, Total: 1527.188301, Node: 932.933201, Link: 594.226208, Spread: 2.889792
Epoch 418/600, Total: 1597.585342, Node: 945.568205, Link: 651.986972, Spread: 3.017450
Epoch 419/600, Total: 1616.158650, Node: 950.756261, Link: 665.372439, Spread: 2.996174
Epoch 420/600, Total: 1610.404626, Node: 953.025466, Link: 657.348762, Spread: 3.039280
Epoch 421/600, Total: 1588.945364, Node: 941.342170, Link: 647.572768, Spread: 3.041802
Epoch 422/600, Total: 1602.314124, Node: 943.053802, Link: 659.228275, Spread: 3.206007
Epoch 423/600, Total: 1602.359581, Node: 942.759075, Link: 659.568325, Spread: 3.216968
Epoch 424/600, Total: 1601.331226, Node: 938.916820, Link: 662.382416, Spread: 3.197447
Epoch 425/600, Total: 1624.402699, Node: 947.586437, Link: 676.785322, Spread: 3.093663
Epoch 426/600, Total: 1614.000560, Node: 944.738919, Link: 669.230221, Spread: 3.141787
Epoch 427/600, Total: 1615.304735, Node: 946.372876, Link: 668.900613, Spread: 3.123694
Epoch 428/600, Total: 1616.121141, Node: 942.073374, Link: 674.016729, Spread: 3.105675
Epoch 429/600, Total: 1611.570153, Node: 945.392978, Link: 666.146185, Spread: 3.098639
Epoch 430/600, Total: 1603.179270, Node: 944.358224, Link: 658.790501, Spread: 3.059214
Epoch 431/600, Total: 1619.608711, Node: 956.862871, Link: 662.715068, Spread: 3.076129
Epoch 432/600, Total: 1602.624471, Node: 957.044247, Link: 645.550853, Spread: 2.935810
Epoch 433/600, Total: 1657.638932, Node: 1007.039537, Link: 650.572220, Spread: 2.717668
Epoch 434/600, Total: 1607.374181, Node: 955.957838, Link: 651.387090, Spread: 2.921742
Epoch 435/600, Total: 1595.925584, Node: 939.513323, Link: 656.381882, Spread: 3.038584
Epoch 436/600, Total: 1607.380945, Node: 946.301337, Link: 661.049461, Spread: 3.017175
Epoch 437/600, Total: 1603.738939, Node: 944.102345, Link: 659.607012, Spread: 2.957548
Epoch 438/600, Total: 1605.180870, Node: 943.084962, Link: 662.066595, Spread: 2.931273
Epoch 439/600, Total: 1617.672342, Node: 952.250060, Link: 665.392937, Spread: 2.932410
Epoch 440/600, Total: 1607.408531, Node: 950.811516, Link: 656.568038, Spread: 2.902653
Epoch 441/600, Total: 1597.280213, Node: 942.829043, Link: 654.421822, Spread: 2.935666
Epoch 442/600, Total: 1597.542830, Node: 943.413658, Link: 654.100098, Spread: 2.908495
Epoch 443/600, Total: 1590.757067, Node: 939.279298, Link: 651.448775, Spread: 2.898498
Epoch 444/600, Total: 1591.852489, Node: 938.554300, Link: 653.268985, Spread: 2.921481
Epoch 445/600, Total: 1603.462893, Node: 943.134199, Link: 660.299826, Spread: 2.887978
Epoch 446/600, Total: 1602.068680, Node: 945.732230, Link: 656.306977, Spread: 2.944445
Epoch 447/600, Total: 1591.840434, Node: 940.878474, Link: 650.932724, Spread: 2.922941
Epoch 448/600, Total: 1596.573239, Node: 940.752815, Link: 655.791374, Spread: 2.904486
Epoch 449/600, Total: 1610.516289, Node: 949.449673, Link: 661.037227, Spread: 2.939812
Epoch 450/600, Total: 1606.572443, Node: 950.518800, Link: 656.024364, Spread: 2.926609
Epoch 451/600, Total: 1595.181511, Node: 945.055591, Link: 650.096597, Spread: 2.933141
Epoch 452/600, Total: 1585.549347, Node: 940.892915, Link: 644.627281, Spread: 2.915329
Epoch 453/600, Total: 1593.816182, Node: 940.205469, Link: 653.581090, Spread: 2.962359
Epoch 454/600, Total: 1590.917765, Node: 944.503748, Link: 646.383975, Spread: 3.006392
Epoch 455/600, Total: 1582.614666, Node: 939.048094, Link: 643.537313, Spread: 2.928575
Epoch 456/600, Total: 1600.079139, Node: 953.339004, Link: 646.710275, Spread: 2.985622
Epoch 457/600, Total: 1588.489460, Node: 942.863718, Link: 645.596743, Spread: 2.900909
Epoch 458/600, Total: 1585.547274, Node: 941.013670, Link: 644.504549, Spread: 2.906465
Epoch 459/600, Total: 1583.406035, Node: 941.320930, Link: 642.055732, Spread: 2.939173
Epoch 460/600, Total: 1597.305729, Node: 945.829582, Link: 651.447385, Spread: 2.876722
Epoch 461/600, Total: 1591.862587, Node: 938.688252, Link: 653.145359, Spread: 2.898359
Epoch 462/600, Total: 1599.671717, Node: 941.234613, Link: 658.408470, Spread: 2.861532
Epoch 463/600, Total: 1603.845293, Node: 948.108126, Link: 655.708309, Spread: 2.883489
Epoch 464/600, Total: 1595.327021, Node: 941.842210, Link: 653.455770, Spread: 2.905556
Epoch 465/600, Total: 1589.933862, Node: 939.421091, Link: 650.484030, Spread: 2.873604
Epoch 466/600, Total: 1589.656301, Node: 938.097026, Link: 651.530698, Spread: 2.856736
Epoch 467/600, Total: 1592.047643, Node: 939.903684, Link: 652.115262, Spread: 2.868969
Epoch 468/600, Total: 1601.366524, Node: 948.675191, Link: 652.662386, Spread: 2.894250
Epoch 469/600, Total: 1607.674020, Node: 950.692858, Link: 656.952536, Spread: 2.864986
Epoch 470/600, Total: 1603.411316, Node: 945.994022, Link: 657.388576, Spread: 2.870638
Epoch 471/600, Total: 1604.555521, Node: 948.624726, Link: 655.901852, Spread: 2.891247
Epoch 472/600, Total: 1588.806768, Node: 942.852447, Link: 645.925215, Spread: 2.909840
Epoch 473/600, Total: 1593.134754, Node: 946.378459, Link: 646.727579, Spread: 2.873049
Epoch 474/600, Total: 1593.154578, Node: 941.933359, Link: 651.192547, Spread: 2.868320
Epoch 475/600, Total: 1595.171325, Node: 945.532368, Link: 649.610109, Spread: 2.886581
Epoch 476/600, Total: 1581.922024, Node: 941.576651, Link: 640.316787, Spread: 2.859085
Epoch 477/600, Total: 1589.020894, Node: 945.136637, Link: 643.855970, Spread: 2.831850
Epoch 478/600, Total: 1581.981108, Node: 941.696285, Link: 640.256208, Spread: 2.861713
Epoch 479/600, Total: 1583.182028, Node: 941.898108, Link: 641.255435, Spread: 2.851064
Epoch 480/600, Total: 1584.056475, Node: 939.107742, Link: 644.920452, Spread: 2.827079
Epoch 481/600, Total: 1580.947031, Node: 940.334605, Link: 640.583348, Spread: 2.905446
Epoch 482/600, Total: 1571.787313, Node: 933.574925, Link: 638.183690, Spread: 2.869668
Epoch 483/600, Total: 1581.701372, Node: 937.533906, Link: 644.138809, Spread: 2.868235
Epoch 484/600, Total: 1587.653845, Node: 941.253342, Link: 646.371349, Spread: 2.915912
Epoch 485/600, Total: 1605.722980, Node: 955.706580, Link: 649.987832, Spread: 2.857509
Epoch 486/600, Total: 1589.381397, Node: 945.239997, Link: 644.113199, Spread: 2.821503
Epoch 487/600, Total: 1573.315364, Node: 938.997459, Link: 634.289778, Spread: 2.814076
Epoch 488/600, Total: 1577.267245, Node: 941.009309, Link: 636.229222, Spread: 2.872198
Epoch 489/600, Total: 1582.729030, Node: 941.988423, Link: 640.712013, Spread: 2.858320
Epoch 490/600, Total: 1588.791719, Node: 942.516380, Link: 646.246316, Spread: 2.900467
Epoch 491/600, Total: 1580.593718, Node: 939.382773, Link: 641.181902, Spread: 2.905347
Epoch 492/600, Total: 1582.005456, Node: 937.182149, Link: 644.794512, Spread: 2.883230
Epoch 493/600, Total: 1582.616652, Node: 934.148155, Link: 648.439691, Spread: 2.882434
Epoch 494/600, Total: 1588.812244, Node: 935.620708, Link: 653.162862, Spread: 2.869138
Epoch 495/600, Total: 1601.955125, Node: 948.220846, Link: 653.705694, Spread: 2.859049
Epoch 496/600, Total: 1577.319153, Node: 943.016047, Link: 634.274925, Spread: 2.817311
Epoch 497/600, Total: 1580.315062, Node: 939.270176, Link: 641.016192, Spread: 2.871139
Epoch 498/600, Total: 1601.182559, Node: 950.151030, Link: 651.002661, Spread: 2.887255
Epoch 499/600, Total: 1586.696769, Node: 947.584530, Link: 639.083874, Spread: 2.836498
Epoch 500/600, Total: 1576.878124, Node: 941.199726, Link: 635.650463, Spread: 2.793062
Epoch 501/600, Total: 1571.972736, Node: 938.467638, Link: 633.476416, Spread: 2.867276
Epoch 502/600, Total: 1573.787313, Node: 937.572877, Link: 636.186035, Spread: 2.839240
Epoch 503/600, Total: 1577.991063, Node: 941.769678, Link: 636.192883, Spread: 2.850187
Epoch 504/600, Total: 1573.650753, Node: 938.402519, Link: 635.219729, Spread: 2.850485
Epoch 505/600, Total: 1573.547336, Node: 937.996807, Link: 635.521820, Spread: 2.870409
Epoch 506/600, Total: 1570.461868, Node: 934.255930, Link: 636.177372, Spread: 2.860418
Epoch 507/600, Total: 1570.468006, Node: 935.835114, Link: 634.604021, Spread: 2.885783
Epoch 508/600, Total: 1577.101418, Node: 941.923483, Link: 635.148882, Spread: 2.904510
Epoch 509/600, Total: 1575.734947, Node: 936.642872, Link: 639.063217, Spread: 2.886533
Epoch 510/600, Total: 1576.059417, Node: 936.579694, Link: 639.451079, Spread: 2.863777
Epoch 511/600, Total: 1577.465277, Node: 940.465635, Link: 636.971118, Spread: 2.854279
Epoch 512/600, Total: 1580.803955, Node: 941.607615, Link: 639.167751, Spread: 2.856450
Epoch 513/600, Total: 1567.256816, Node: 932.701998, Link: 634.526205, Spread: 2.860262
Epoch 514/600, Total: 1574.621942, Node: 935.575406, Link: 639.017784, Spread: 2.874236
Epoch 515/600, Total: 1566.008665, Node: 934.793064, Link: 631.186984, Spread: 2.860431
Epoch 516/600, Total: 1584.267370, Node: 935.987746, Link: 648.250454, Spread: 2.917328
Epoch 517/600, Total: 1587.633622, Node: 941.831068, Link: 645.773263, Spread: 2.932094
Epoch 518/600, Total: 1579.986882, Node: 942.894277, Link: 637.063801, Spread: 2.883110
Epoch 519/600, Total: 1579.401484, Node: 936.599372, Link: 642.773004, Spread: 2.909628
Epoch 520/600, Total: 1576.109756, Node: 936.421363, Link: 639.659347, Spread: 2.904323
Epoch 521/600, Total: 1580.052352, Node: 938.594517, Link: 641.428618, Spread: 2.920511
Epoch 522/600, Total: 1572.784118, Node: 938.035157, Link: 634.719938, Spread: 2.902325
Epoch 523/600, Total: 1575.147779, Node: 936.981369, Link: 638.137816, Spread: 2.856516
Epoch 524/600, Total: 1583.322071, Node: 940.983245, Link: 642.309754, Spread: 2.907549
Epoch 525/600, Total: 1619.786835, Node: 965.432905, Link: 654.325187, Spread: 2.875486
Epoch 526/600, Total: 1626.819586, Node: 972.191585, Link: 654.598877, Spread: 2.911964
Epoch 527/600, Total: 1574.849441, Node: 942.181617, Link: 632.639439, Spread: 2.838291
Epoch 528/600, Total: 1572.804934, Node: 937.641078, Link: 635.135318, Spread: 2.853939
Epoch 529/600, Total: 1569.217873, Node: 935.282986, Link: 633.906499, Spread: 2.840711
Epoch 530/600, Total: 1597.904964, Node: 950.640181, Link: 647.235934, Spread: 2.886215
Epoch 531/600, Total: 1600.926453, Node: 956.149970, Link: 644.748007, Spread: 2.848252
Epoch 532/600, Total: 1580.713730, Node: 939.354795, Link: 641.330006, Spread: 2.890708
Epoch 533/600, Total: 1587.067131, Node: 945.735545, Link: 641.302785, Spread: 2.880489
Epoch 534/600, Total: 1596.661334, Node: 950.684435, Link: 645.947866, Spread: 2.906730
Epoch 535/600, Total: 1580.384263, Node: 936.647900, Link: 643.706792, Spread: 2.957743
Epoch 536/600, Total: 1578.879193, Node: 939.235052, Link: 639.614815, Spread: 2.931184
Epoch 537/600, Total: 1574.211593, Node: 939.197516, Link: 634.984940, Spread: 2.914568
Epoch 538/600, Total: 1574.803794, Node: 939.807083, Link: 634.967581, Spread: 2.913964
Epoch 539/600, Total: 1594.639831, Node: 955.630522, Link: 638.979475, Spread: 2.984684
Epoch 540/600, Total: 1558.056658, Node: 929.914008, Link: 628.113342, Spread: 2.929974
Epoch 541/600, Total: 1579.100473, Node: 937.101165, Link: 641.969873, Spread: 2.941603
Epoch 542/600, Total: 1581.405810, Node: 945.665426, Link: 635.711108, Spread: 2.927341
Epoch 543/600, Total: 1595.912683, Node: 964.345302, Link: 631.537991, Spread: 2.937175
Epoch 544/600, Total: 1569.933504, Node: 938.288966, Link: 631.615662, Spread: 2.884679
Epoch 545/600, Total: 1579.151998, Node: 944.058479, Link: 635.064149, Spread: 2.935006
Epoch 546/600, Total: 1588.428602, Node: 951.184833, Link: 637.214634, Spread: 2.913245
Epoch 547/600, Total: 1575.615197, Node: 940.440973, Link: 635.144883, Spread: 2.934174
Epoch 548/600, Total: 1571.156775, Node: 934.637865, Link: 636.489174, Spread: 2.974222
Epoch 549/600, Total: 1585.265859, Node: 944.617866, Link: 640.617750, Spread: 3.022713
Epoch 550/600, Total: 1593.616007, Node: 947.135223, Link: 646.449237, Spread: 3.155246
Epoch 551/600, Total: 1569.466804, Node: 928.867717, Link: 640.568075, Spread: 3.097085
Epoch 552/600, Total: 1579.452804, Node: 935.935310, Link: 643.486470, Spread: 3.100929
Epoch 553/600, Total: 1564.380901, Node: 935.106625, Link: 629.243281, Spread: 3.100165
Epoch 554/600, Total: 1557.228142, Node: 930.977065, Link: 626.220702, Spread: 3.037345
Epoch 555/600, Total: 1575.713279, Node: 942.720412, Link: 632.962146, Spread: 3.071487
Epoch 556/600, Total: 1551.110550, Node: 932.608455, Link: 618.471658, Spread: 3.043064
Epoch 557/600, Total: 1550.718843, Node: 930.657280, Link: 620.030649, Spread: 3.092279
Epoch 558/600, Total: 1553.485388, Node: 930.714365, Link: 622.740201, Spread: 3.083083
Epoch 559/600, Total: 1555.032346, Node: 930.551359, Link: 624.449771, Spread: 3.122938
Epoch 560/600, Total: 1548.118052, Node: 927.399322, Link: 620.687405, Spread: 3.136224
Epoch 561/600, Total: 1539.861080, Node: 924.581730, Link: 615.248126, Spread: 3.122779
Epoch 562/600, Total: 1541.827869, Node: 925.103216, Link: 616.693178, Spread: 3.146540
Epoch 563/600, Total: 1574.747412, Node: 935.842534, Link: 638.872815, Spread: 3.208240
Epoch 564/600, Total: 1556.171791, Node: 930.734990, Link: 625.405460, Spread: 3.131902
Epoch 565/600, Total: 1552.788451, Node: 930.712548, Link: 622.044539, Spread: 3.133239
Epoch 566/600, Total: 1545.509465, Node: 927.597234, Link: 617.880775, Spread: 3.145750
Epoch 567/600, Total: 1554.880977, Node: 932.101993, Link: 622.747447, Spread: 3.153188
Epoch 568/600, Total: 1568.189968, Node: 936.177567, Link: 631.980396, Spread: 3.199787
Epoch 569/600, Total: 1544.195365, Node: 923.136014, Link: 621.027557, Spread: 3.179612
Epoch 570/600, Total: 1546.416233, Node: 927.119798, Link: 619.264261, Spread: 3.218192
Epoch 571/600, Total: 1553.346337, Node: 930.593498, Link: 622.720902, Spread: 3.195292
Epoch 572/600, Total: 1566.513885, Node: 938.366744, Link: 628.114151, Spread: 3.301060
Epoch 573/600, Total: 1548.565914, Node: 926.647038, Link: 621.885890, Spread: 3.299127
Epoch 574/600, Total: 1563.731771, Node: 932.106441, Link: 631.591483, Spread: 3.385589
Epoch 575/600, Total: 1570.311864, Node: 939.280045, Link: 630.998728, Spread: 3.307944
Epoch 576/600, Total: 1549.384738, Node: 925.766189, Link: 623.585717, Spread: 3.285453
Epoch 577/600, Total: 1535.751566, Node: 921.262440, Link: 614.456056, Spread: 3.306442
Epoch 578/600, Total: 1555.163247, Node: 930.461001, Link: 624.668322, Spread: 3.393813
Epoch 579/600, Total: 1533.847947, Node: 921.594859, Link: 612.219831, Spread: 3.328020
Epoch 580/600, Total: 1555.711005, Node: 928.200004, Link: 627.476518, Spread: 3.448279
Epoch 581/600, Total: 1560.867770, Node: 932.770253, Link: 628.063928, Spread: 3.356699
Epoch 582/600, Total: 1550.630032, Node: 931.142399, Link: 619.453889, Spread: 3.375186
Epoch 583/600, Total: 1553.702374, Node: 930.241351, Link: 623.427406, Spread: 3.361204
Epoch 584/600, Total: 1563.766476, Node: 932.174022, Link: 631.558512, Spread: 3.394473
Epoch 585/600, Total: 1550.474883, Node: 930.827177, Link: 619.613526, Spread: 3.417506
Epoch 586/600, Total: 1580.857137, Node: 939.432029, Link: 641.390183, Spread: 3.492860
Epoch 587/600, Total: 1556.242735, Node: 929.494212, Link: 626.713906, Spread: 3.459387
Epoch 588/600, Total: 1544.180810, Node: 925.604623, Link: 618.542009, Spread: 3.414630
Epoch 589/600, Total: 1546.679296, Node: 927.502870, Link: 619.141868, Spread: 3.456844
Epoch 590/600, Total: 1546.288404, Node: 926.196997, Link: 620.056475, Spread: 3.493954
Epoch 591/600, Total: 1542.731673, Node: 925.656495, Link: 617.039439, Spread: 3.573824
Epoch 592/600, Total: 1549.532887, Node: 928.150806, Link: 621.346090, Spread: 3.600316
Epoch 593/600, Total: 1556.681878, Node: 934.805385, Link: 621.840774, Spread: 3.571189
Epoch 594/600, Total: 1561.157729, Node: 933.889074, Link: 627.232762, Spread: 3.587716
Epoch 595/600, Total: 1565.039894, Node: 935.475164, Link: 629.529023, Spread: 3.571403
Epoch 596/600, Total: 1553.334298, Node: 936.342998, Link: 616.955351, Spread: 3.595168
Epoch 597/600, Total: 1570.712418, Node: 935.668563, Link: 635.007010, Spread: 3.683009
Epoch 598/600, Total: 1569.707687, Node: 939.137453, Link: 630.534005, Spread: 3.624398
Epoch 599/600, Total: 1569.404665, Node: 934.613574, Link: 634.754132, Spread: 3.692848
Epoch 600/600, Total: 1542.493444, Node: 926.298271, Link: 616.157760, Spread: 3.741179
Saved sweep result to: /homes/dameyer/ml-for-wdn-project-4/results/aggregated/gnn_training_sweep/net1_buffer=20_rollout=20_seed=42.json
Table value: 926.298271
