================================
GNN training sweep
Job ID: 242684
Task ID: 19
Buffer size: 15
Rollout length: 5
================================
Running GNN sweep: dataset=Net1, buffer=15, rollout=5
Epoch 1/600, Total: 2429.863653, Node: 1344.923945, Link: 1083.380981, Spread: 155.873153
Epoch 2/600, Total: 1871.270791, Node: 1128.461034, Link: 741.369043, Spread: 144.070108
Epoch 3/600, Total: 1830.911950, Node: 1089.818432, Link: 739.924027, Spread: 116.950161
Epoch 4/600, Total: 1808.277062, Node: 1074.683593, Link: 732.644482, Spread: 94.899077
Epoch 5/600, Total: 1801.270369, Node: 1067.726064, Link: 732.804692, Spread: 73.961121
Epoch 6/600, Total: 1792.058491, Node: 1063.902211, Link: 727.587987, Spread: 56.828262
Epoch 7/600, Total: 1784.704791, Node: 1056.721731, Link: 727.553837, Spread: 42.921443
Epoch 8/600, Total: 1791.441685, Node: 1061.365279, Link: 729.726080, Spread: 35.031122
Epoch 9/600, Total: 1768.452441, Node: 1044.708659, Link: 723.459114, Spread: 28.466472
Epoch 10/600, Total: 1743.450716, Node: 1020.184003, Link: 723.042606, Spread: 22.411427
Epoch 11/600, Total: 1730.515074, Node: 1007.441912, Link: 722.901009, Spread: 17.214891
Epoch 12/600, Total: 1708.958105, Node: 993.981896, Link: 714.847422, Spread: 12.878602
Epoch 13/600, Total: 1700.793056, Node: 993.267987, Link: 707.423176, Spread: 10.188540
Epoch 14/600, Total: 1726.108535, Node: 999.110080, Link: 726.909372, Spread: 8.909391
Epoch 15/600, Total: 1716.469184, Node: 993.537497, Link: 722.857036, Spread: 7.465034
Epoch 16/600, Total: 1798.828593, Node: 1075.021892, Link: 723.745775, Spread: 6.092805
Epoch 17/600, Total: 1735.125970, Node: 994.766910, Link: 740.304217, Spread: 5.484134
Epoch 18/600, Total: 1727.726871, Node: 989.644753, Link: 738.035793, Spread: 4.631287
Epoch 19/600, Total: 1724.357458, Node: 989.836469, Link: 734.481748, Spread: 3.923917
Epoch 20/600, Total: 1722.391553, Node: 988.491886, Link: 733.865531, Spread: 3.413045
Epoch 21/600, Total: 1720.587497, Node: 987.599537, Link: 732.957617, Spread: 3.034371
Epoch 22/600, Total: 1717.040150, Node: 986.843610, Link: 730.169044, Spread: 2.749425
Epoch 23/600, Total: 1718.148480, Node: 986.298262, Link: 731.824912, Spread: 2.531058
Epoch 24/600, Total: 1717.669455, Node: 985.729243, Link: 731.916542, Spread: 2.366193
Epoch 25/600, Total: 1716.927672, Node: 985.305004, Link: 731.600231, Spread: 2.243044
Epoch 26/600, Total: 1716.470150, Node: 984.937324, Link: 731.511305, Spread: 2.151219
Epoch 27/600, Total: 1716.247570, Node: 984.664739, Link: 731.562012, Spread: 2.082826
Epoch 28/600, Total: 1716.007386, Node: 984.547270, Link: 731.439793, Spread: 2.032342
Epoch 29/600, Total: 1715.726171, Node: 984.530603, Link: 731.175619, Spread: 1.995641
Epoch 30/600, Total: 1715.491576, Node: 984.559025, Link: 730.912861, Spread: 1.969420
Epoch 31/600, Total: 1715.353172, Node: 984.604661, Link: 730.729001, Spread: 1.951088
Epoch 32/600, Total: 1713.615573, Node: 984.359223, Link: 729.237031, Spread: 1.932584
Epoch 33/600, Total: 1779.449530, Node: 1054.534831, Link: 724.895478, Spread: 1.921731
Epoch 34/600, Total: 1826.127655, Node: 1094.476081, Link: 731.633431, Spread: 1.814278
Epoch 35/600, Total: 1825.115824, Node: 1093.054464, Link: 732.043506, Spread: 1.784473
Epoch 36/600, Total: 1824.069305, Node: 1092.953349, Link: 731.098241, Spread: 1.771286
Epoch 37/600, Total: 1823.118060, Node: 1092.830553, Link: 730.269893, Spread: 1.761831
Epoch 38/600, Total: 1822.443958, Node: 1092.605044, Link: 729.821362, Spread: 1.755601
Epoch 39/600, Total: 1821.970471, Node: 1092.402804, Link: 729.550149, Spread: 1.752409
Epoch 40/600, Total: 1821.627427, Node: 1092.270942, Link: 729.338967, Spread: 1.751235
Epoch 41/600, Total: 1821.250523, Node: 1092.152594, Link: 729.080412, Spread: 1.751367
Epoch 42/600, Total: 1820.746768, Node: 1091.977933, Link: 728.751303, Spread: 1.752756
Epoch 43/600, Total: 1820.175972, Node: 1091.728481, Link: 728.429943, Spread: 1.755301
Epoch 44/600, Total: 1819.623287, Node: 1091.422770, Link: 728.182933, Spread: 1.758629
Epoch 45/600, Total: 1819.140526, Node: 1091.094835, Link: 728.028065, Spread: 1.762363
Epoch 46/600, Total: 1818.744809, Node: 1090.774572, Link: 727.952575, Spread: 1.766289
Epoch 47/600, Total: 1818.430073, Node: 1090.478598, Link: 727.933773, Spread: 1.770337
Epoch 48/600, Total: 1818.179321, Node: 1090.211437, Link: 727.950142, Spread: 1.774545
Epoch 49/600, Total: 1817.974145, Node: 1089.970333, Link: 727.986011, Spread: 1.778975
Epoch 50/600, Total: 1817.800522, Node: 1089.749911, Link: 728.032764, Spread: 1.783682
Epoch 51/600, Total: 1817.649171, Node: 1089.545876, Link: 728.085415, Spread: 1.788676
Epoch 52/600, Total: 1817.514426, Node: 1089.356308, Link: 728.140181, Spread: 1.793932
Epoch 53/600, Total: 1817.392328, Node: 1089.181564, Link: 728.192764, Spread: 1.799384
Epoch 54/600, Total: 1817.278620, Node: 1089.023503, Link: 728.237069, Spread: 1.804904
Epoch 55/600, Total: 1817.167602, Node: 1088.884084, Link: 728.265414, Spread: 1.810323
Epoch 56/600, Total: 1817.049874, Node: 1088.764173, Link: 728.267552, Spread: 1.815393
Epoch 57/600, Total: 1816.908843, Node: 1088.662186, Link: 728.228455, Spread: 1.819750
Epoch 58/600, Total: 1816.720012, Node: 1088.572834, Link: 728.128953, Spread: 1.822862
Epoch 59/600, Total: 1816.462634, Node: 1088.485470, Link: 727.958921, Spread: 1.823991
Epoch 60/600, Total: 1816.148504, Node: 1088.386945, Link: 727.743340, Spread: 1.822266
Epoch 61/600, Total: 1815.771433, Node: 1088.268623, Link: 727.484657, Spread: 1.816751
Epoch 62/600, Total: 1815.440064, Node: 1088.119797, Link: 727.302188, Spread: 1.807375
Epoch 63/600, Total: 1815.319567, Node: 1087.941571, Link: 727.360046, Spread: 1.795086
Epoch 64/600, Total: 1815.369408, Node: 1087.750938, Link: 727.600667, Spread: 1.780392
Epoch 65/600, Total: 1815.503305, Node: 1087.546031, Link: 727.939639, Spread: 1.763626
Epoch 66/600, Total: 1815.631402, Node: 1087.392124, Link: 728.221822, Spread: 1.744817
Epoch 67/600, Total: 1815.630706, Node: 1087.335461, Link: 728.277992, Spread: 1.724886
Epoch 68/600, Total: 1815.510612, Node: 1087.273921, Link: 728.219641, Spread: 1.704915
Epoch 69/600, Total: 1815.348886, Node: 1087.184067, Link: 728.147970, Spread: 1.684786
Epoch 70/600, Total: 1815.141442, Node: 1087.064262, Link: 728.060532, Spread: 1.664452
Epoch 71/600, Total: 1814.866271, Node: 1086.911601, Link: 727.938221, Spread: 1.644028
Epoch 72/600, Total: 1814.509039, Node: 1086.724309, Link: 727.768499, Spread: 1.623643
Epoch 73/600, Total: 1814.069601, Node: 1086.504509, Link: 727.549062, Spread: 1.603411
Epoch 74/600, Total: 1813.563388, Node: 1086.259733, Link: 727.287834, Spread: 1.583416
Epoch 75/600, Total: 1813.017070, Node: 1086.002173, Link: 726.999254, Spread: 1.563695
Epoch 76/600, Total: 1812.459748, Node: 1085.745618, Link: 726.698684, Spread: 1.544272
Epoch 77/600, Total: 1811.917107, Node: 1085.502875, Link: 726.398982, Spread: 1.525132
Epoch 78/600, Total: 1811.409297, Node: 1085.284609, Link: 726.109628, Spread: 1.506258
Epoch 79/600, Total: 1810.949064, Node: 1085.097843, Link: 725.836342, Spread: 1.487639
Epoch 80/600, Total: 1810.543153, Node: 1084.945409, Link: 725.583058, Spread: 1.469271
Epoch 81/600, Total: 1810.200236, Node: 1084.830632, Link: 725.355096, Spread: 1.450394
Epoch 82/600, Total: 1809.699624, Node: 1084.656459, Link: 725.028854, Spread: 1.431345
Epoch 83/600, Total: 1809.625079, Node: 1084.642204, Link: 724.968715, Spread: 1.415100
Epoch 84/600, Total: 1809.411149, Node: 1084.583363, Link: 724.813798, Spread: 1.398164
Epoch 85/600, Total: 1809.254156, Node: 1084.540355, Link: 724.699987, Spread: 1.381494
Epoch 86/600, Total: 1809.151472, Node: 1084.514816, Link: 724.622996, Spread: 1.365169
Epoch 87/600, Total: 1809.107058, Node: 1084.510487, Link: 724.583089, Spread: 1.349225
Epoch 88/600, Total: 1809.124813, Node: 1084.532177, Link: 724.579297, Spread: 1.333681
Epoch 89/600, Total: 1809.206746, Node: 1084.585086, Link: 724.608465, Spread: 1.318570
Epoch 90/600, Total: 1809.351848, Node: 1084.674162, Link: 724.664649, Spread: 1.303936
Epoch 91/600, Total: 1809.555320, Node: 1084.803163, Link: 724.739265, Spread: 1.289821
Epoch 92/600, Total: 1809.779325, Node: 1084.946424, Link: 724.820138, Spread: 1.276257
Epoch 93/600, Total: 1809.799210, Node: 1084.904831, Link: 724.881747, Spread: 1.263255
Epoch 94/600, Total: 1809.786263, Node: 1084.824116, Link: 724.949644, Spread: 1.251158
Epoch 95/600, Total: 1809.768573, Node: 1084.724559, Link: 725.031615, Spread: 1.239934
Epoch 96/600, Total: 1809.756026, Node: 1084.614511, Link: 725.129224, Spread: 1.229454
Epoch 97/600, Total: 1809.764395, Node: 1084.505375, Link: 725.246822, Spread: 1.219580
Epoch 98/600, Total: 1809.813645, Node: 1084.411991, Link: 725.389554, Spread: 1.210184
Epoch 99/600, Total: 1809.921560, Node: 1084.349740, Link: 725.559800, Spread: 1.201173
Epoch 100/600, Total: 1810.095480, Node: 1084.330464, Link: 725.753105, Spread: 1.192471
Epoch 101/600, Total: 1810.325731, Node: 1084.357969, Link: 725.955919, Spread: 1.184023
Epoch 102/600, Total: 1810.586689, Node: 1084.426612, Link: 726.148326, Spread: 1.175729
Epoch 103/600, Total: 1810.945479, Node: 1084.683692, Link: 726.250120, Spread: 1.166496
Epoch 104/600, Total: 1816.495569, Node: 1089.069562, Link: 727.414427, Spread: 1.159463
Epoch 105/600, Total: 1810.259494, Node: 1084.860705, Link: 725.387304, Spread: 1.148248
Epoch 106/600, Total: 1811.379382, Node: 1084.867623, Link: 726.500312, Spread: 1.144669
Epoch 107/600, Total: 1811.497041, Node: 1084.969502, Link: 726.516205, Spread: 1.133691
Epoch 108/600, Total: 1811.600375, Node: 1085.047510, Link: 726.541640, Spread: 1.122368
Epoch 109/600, Total: 1811.719307, Node: 1085.109497, Link: 726.598705, Spread: 1.110447
Epoch 110/600, Total: 1811.876594, Node: 1085.154387, Link: 726.711219, Spread: 1.097954
Epoch 111/600, Total: 1811.953952, Node: 1085.169400, Link: 726.773709, Spread: 1.085057
Epoch 112/600, Total: 1811.979717, Node: 1085.164507, Link: 726.804496, Spread: 1.071978
Epoch 113/600, Total: 1811.973324, Node: 1085.146689, Link: 726.816046, Spread: 1.058858
Epoch 114/600, Total: 1811.945884, Node: 1085.120061, Link: 726.815360, Spread: 1.045789
Epoch 115/600, Total: 1811.904408, Node: 1085.084508, Link: 726.809567, Spread: 1.032801
Epoch 116/600, Total: 1811.876793, Node: 1085.043646, Link: 726.822943, Spread: 1.019867
Epoch 117/600, Total: 1811.877559, Node: 1085.003916, Link: 726.863566, Spread: 1.006985
Epoch 118/600, Total: 1811.884005, Node: 1084.964111, Link: 726.909949, Spread: 0.994195
Epoch 119/600, Total: 1811.896476, Node: 1084.926589, Link: 726.960076, Spread: 0.981469
Epoch 120/600, Total: 1811.914945, Node: 1084.896564, Link: 727.008694, Spread: 0.968902
Epoch 121/600, Total: 1811.918214, Node: 1084.867528, Link: 727.041111, Spread: 0.956757
Epoch 122/600, Total: 1811.901650, Node: 1084.834823, Link: 727.057379, Spread: 0.944757
Epoch 123/600, Total: 1811.867533, Node: 1084.798698, Link: 727.059493, Spread: 0.932940
Epoch 124/600, Total: 1811.818704, Node: 1084.759859, Link: 727.049627, Spread: 0.921337
Epoch 125/600, Total: 1811.757751, Node: 1084.718948, Link: 727.029710, Spread: 0.909978
Epoch 126/600, Total: 1811.686855, Node: 1084.676414, Link: 727.001459, Spread: 0.898884
Epoch 127/600, Total: 1811.608018, Node: 1084.632692, Link: 726.966445, Spread: 0.888068
Epoch 128/600, Total: 1811.523172, Node: 1084.588151, Link: 726.926244, Spread: 0.877547
Epoch 129/600, Total: 1811.433730, Node: 1084.543142, Link: 726.881922, Spread: 0.867327
Epoch 130/600, Total: 1811.341351, Node: 1084.497978, Link: 726.834794, Spread: 0.857412
Epoch 131/600, Total: 1811.247001, Node: 1084.452844, Link: 726.785688, Spread: 0.847796
Epoch 132/600, Total: 1811.151833, Node: 1084.408030, Link: 726.735417, Spread: 0.838481
Epoch 133/600, Total: 1811.056594, Node: 1084.363600, Link: 726.684708, Spread: 0.829460
Epoch 134/600, Total: 1810.917828, Node: 1084.310381, Link: 726.599234, Spread: 0.820640
Epoch 135/600, Total: 1810.770103, Node: 1084.255318, Link: 726.506666, Spread: 0.812063
Epoch 136/600, Total: 1810.629750, Node: 1084.201958, Link: 726.419744, Spread: 0.803729
Epoch 137/600, Total: 1810.496286, Node: 1084.150402, Link: 726.337928, Spread: 0.795611
Epoch 138/600, Total: 1810.369726, Node: 1084.100613, Link: 726.261235, Spread: 0.787679
Epoch 139/600, Total: 1810.249873, Node: 1084.052602, Link: 726.189471, Spread: 0.779910
Epoch 140/600, Total: 1810.136493, Node: 1084.006341, Link: 726.122418, Spread: 0.772279
Epoch 141/600, Total: 1810.029501, Node: 1083.961808, Link: 726.060040, Spread: 0.764764
Epoch 142/600, Total: 1809.928387, Node: 1083.918909, Link: 726.001904, Spread: 0.757342
Epoch 143/600, Total: 1809.833352, Node: 1083.877690, Link: 725.948171, Spread: 0.749999
Epoch 144/600, Total: 1809.744012, Node: 1083.838084, Link: 725.898514, Spread: 0.742714
Epoch 145/600, Total: 1809.660006, Node: 1083.800027, Link: 725.852625, Spread: 0.735472
Epoch 146/600, Total: 1809.581451, Node: 1083.763546, Link: 725.810637, Spread: 0.728261
Epoch 147/600, Total: 1809.507830, Node: 1083.728508, Link: 725.772112, Spread: 0.721068
Epoch 148/600, Total: 1809.439252, Node: 1083.695013, Link: 725.737095, Spread: 0.713884
Epoch 149/600, Total: 1809.375115, Node: 1083.662817, Link: 725.705234, Spread: 0.706703
Epoch 150/600, Total: 1809.314166, Node: 1083.628397, Link: 725.678781, Spread: 0.699517
Epoch 151/600, Total: 1809.361074, Node: 1083.617727, Link: 725.736418, Spread: 0.692325
Epoch 152/600, Total: 1809.408729, Node: 1083.608033, Link: 725.793851, Spread: 0.685101
Epoch 153/600, Total: 1809.459062, Node: 1083.599622, Link: 725.852654, Spread: 0.677859
Epoch 154/600, Total: 1809.511120, Node: 1083.592287, Link: 725.912133, Spread: 0.670596
Epoch 155/600, Total: 1809.564250, Node: 1083.585879, Link: 725.971736, Spread: 0.663317
Epoch 156/600, Total: 1809.617651, Node: 1083.580149, Link: 726.030937, Spread: 0.656037
Epoch 157/600, Total: 1809.670920, Node: 1083.575063, Link: 726.089370, Spread: 0.648755
Epoch 158/600, Total: 1809.723399, Node: 1083.570372, Link: 726.146603, Spread: 0.641481
Epoch 159/600, Total: 1809.774838, Node: 1083.566082, Link: 726.202419, Spread: 0.634222
Epoch 160/600, Total: 1809.824710, Node: 1083.561993, Link: 726.256456, Spread: 0.626992
Epoch 161/600, Total: 1809.873023, Node: 1083.558161, Link: 726.308664, Spread: 0.619796
Epoch 162/600, Total: 1809.919402, Node: 1083.554428, Link: 726.358855, Spread: 0.612643
Epoch 163/600, Total: 1809.964023, Node: 1083.550873, Link: 726.407089, Spread: 0.605540
Epoch 164/600, Total: 1810.006476, Node: 1083.547366, Link: 726.453131, Spread: 0.598498
Epoch 165/600, Total: 1810.047189, Node: 1083.544019, Link: 726.497254, Spread: 0.591526
Epoch 166/600, Total: 1810.086038, Node: 1083.540843, Link: 726.539355, Spread: 0.584632
Epoch 167/600, Total: 1810.123134, Node: 1083.537775, Link: 726.579579, Spread: 0.577822
Epoch 168/600, Total: 1810.158579, Node: 1083.534933, Link: 726.617938, Spread: 0.571110
Epoch 169/600, Total: 1810.192437, Node: 1083.532254, Link: 726.654542, Spread: 0.564498
Epoch 170/600, Total: 1810.225107, Node: 1083.529887, Link: 726.689628, Spread: 0.557996
Epoch 171/600, Total: 1810.256478, Node: 1083.527804, Link: 726.723155, Spread: 0.551604
Epoch 172/600, Total: 1810.286825, Node: 1083.526092, Link: 726.755287, Spread: 0.545331
Epoch 173/600, Total: 1810.316277, Node: 1083.524769, Link: 726.786116, Spread: 0.539184
Epoch 174/600, Total: 1810.344848, Node: 1083.523854, Link: 726.815663, Spread: 0.533163
Epoch 175/600, Total: 1810.372748, Node: 1083.523452, Link: 726.844037, Spread: 0.527273
Epoch 176/600, Total: 1810.399918, Node: 1083.523591, Link: 726.871107, Spread: 0.521515
Epoch 177/600, Total: 1810.426543, Node: 1083.524447, Link: 726.896934, Spread: 0.515891
Epoch 178/600, Total: 1810.452371, Node: 1083.525995, Link: 726.921266, Spread: 0.510400
Epoch 179/600, Total: 1810.474224, Node: 1083.528650, Link: 726.940526, Spread: 0.505032
Epoch 180/600, Total: 1810.474146, Node: 1083.528486, Link: 726.940684, Spread: 0.499604
Epoch 181/600, Total: 1810.460146, Node: 1083.524829, Link: 726.930385, Spread: 0.493990
Epoch 182/600, Total: 1810.444247, Node: 1083.519292, Link: 726.920073, Spread: 0.488242
Epoch 183/600, Total: 1810.426195, Node: 1083.512255, Link: 726.909115, Spread: 0.482403
Epoch 184/600, Total: 1810.407080, Node: 1083.504230, Link: 726.898077, Spread: 0.476506
Epoch 185/600, Total: 1810.375643, Node: 1083.493984, Link: 726.876942, Spread: 0.470573
Epoch 186/600, Total: 1810.324287, Node: 1083.480651, Link: 726.838982, Spread: 0.464628
Epoch 187/600, Total: 1810.269663, Node: 1083.466415, Link: 726.798666, Spread: 0.458723
Epoch 188/600, Total: 1810.213315, Node: 1083.451684, Link: 726.757095, Spread: 0.452868
Epoch 189/600, Total: 1810.155792, Node: 1083.436633, Link: 726.714681, Spread: 0.447069
Epoch 190/600, Total: 1810.097241, Node: 1083.421279, Link: 726.671568, Spread: 0.441337
Epoch 191/600, Total: 1810.037840, Node: 1083.405653, Link: 726.627829, Spread: 0.435681
Epoch 192/600, Total: 1809.977501, Node: 1083.389733, Link: 726.583462, Spread: 0.430106
Epoch 193/600, Total: 1809.916381, Node: 1083.373578, Link: 726.538572, Spread: 0.424617
Epoch 194/600, Total: 1809.854521, Node: 1083.357176, Link: 726.493145, Spread: 0.419219
Epoch 195/600, Total: 1809.791753, Node: 1083.340475, Link: 726.447144, Spread: 0.413916
Epoch 196/600, Total: 1809.728212, Node: 1083.323544, Link: 726.400572, Spread: 0.408710
Epoch 197/600, Total: 1808.467560, Node: 1082.353546, Link: 726.110033, Spread: 0.397211
Epoch 198/600, Total: 1811.538455, Node: 1083.415602, Link: 728.118946, Spread: 0.391314
Epoch 199/600, Total: 1811.241636, Node: 1083.520426, Link: 727.717359, Spread: 0.385328
Epoch 200/600, Total: 1810.943188, Node: 1083.537667, Link: 727.401730, Spread: 0.379621
Epoch 201/600, Total: 1810.680496, Node: 1083.513161, Link: 727.163589, Spread: 0.374556
Epoch 202/600, Total: 1810.450309, Node: 1083.473509, Link: 726.973106, Spread: 0.370010
Epoch 203/600, Total: 1810.247705, Node: 1083.430513, Link: 726.813547, Spread: 0.365869
Epoch 204/600, Total: 1810.068362, Node: 1083.388871, Link: 726.675872, Spread: 0.362041
Epoch 205/600, Total: 1809.908499, Node: 1083.350176, Link: 726.554749, Spread: 0.358460
Epoch 206/600, Total: 1809.764648, Node: 1083.314567, Link: 726.446530, Spread: 0.355073
Epoch 207/600, Total: 1809.633994, Node: 1083.281830, Link: 726.348647, Spread: 0.351840
Epoch 208/600, Total: 1809.513932, Node: 1083.251605, Link: 726.258836, Spread: 0.348735
Epoch 209/600, Total: 1809.402517, Node: 1083.223521, Link: 726.175535, Spread: 0.345738
Epoch 210/600, Total: 1809.298161, Node: 1083.197297, Link: 726.097434, Spread: 0.342833
Epoch 211/600, Total: 1809.199631, Node: 1083.172736, Link: 726.023486, Spread: 0.340009
Epoch 212/600, Total: 1809.105645, Node: 1083.149499, Link: 725.952778, Spread: 0.337263
Epoch 213/600, Total: 1809.015763, Node: 1083.127597, Link: 725.884810, Spread: 0.334586
Epoch 214/600, Total: 1808.929159, Node: 1083.106817, Link: 725.819026, Spread: 0.331975
Epoch 215/600, Total: 1808.845331, Node: 1083.087038, Link: 725.754997, Spread: 0.329426
Epoch 216/600, Total: 1808.764096, Node: 1083.068264, Link: 725.692540, Spread: 0.326941
Epoch 217/600, Total: 1808.684867, Node: 1083.050338, Link: 725.631277, Spread: 0.324516
Epoch 218/600, Total: 1808.607706, Node: 1083.033268, Link: 725.571212, Spread: 0.322154
Epoch 219/600, Total: 1808.532365, Node: 1083.017033, Link: 725.512143, Spread: 0.319850
Epoch 220/600, Total: 1808.458871, Node: 1083.001601, Link: 725.454108, Spread: 0.317605
Epoch 221/600, Total: 1808.387075, Node: 1082.986941, Link: 725.396990, Spread: 0.315416
Epoch 222/600, Total: 1808.316971, Node: 1082.973051, Link: 725.340794, Spread: 0.313285
Epoch 223/600, Total: 1808.248634, Node: 1082.959917, Link: 725.285602, Spread: 0.311211
Epoch 224/600, Total: 1808.182113, Node: 1082.947560, Link: 725.231459, Spread: 0.309194
Epoch 225/600, Total: 1808.117449, Node: 1082.935980, Link: 725.178401, Spread: 0.307232
Epoch 226/600, Total: 1808.054601, Node: 1082.925090, Link: 725.126456, Spread: 0.305328
Epoch 227/600, Total: 1807.994385, Node: 1082.915446, Link: 725.075906, Spread: 0.303480
Epoch 228/600, Total: 1807.939141, Node: 1082.908064, Link: 725.028053, Spread: 0.301698
Epoch 229/600, Total: 1807.886466, Node: 1082.898988, Link: 724.984471, Spread: 0.300012
Epoch 230/600, Total: 1807.824598, Node: 1082.885354, Link: 724.936242, Spread: 0.298405
Epoch 231/600, Total: 1807.755080, Node: 1082.868208, Link: 724.883894, Spread: 0.296872
Epoch 232/600, Total: 1807.679736, Node: 1082.848563, Link: 724.828229, Spread: 0.295412
Epoch 233/600, Total: 1807.600259, Node: 1082.827142, Link: 724.770170, Spread: 0.294025
Epoch 234/600, Total: 1807.517371, Node: 1082.804363, Link: 724.710078, Spread: 0.292706
Epoch 235/600, Total: 1807.432259, Node: 1082.780634, Link: 724.648705, Spread: 0.291452
Epoch 236/600, Total: 1807.345153, Node: 1082.756146, Link: 724.586112, Spread: 0.290260
Epoch 237/600, Total: 1807.256552, Node: 1082.731006, Link: 724.522653, Spread: 0.289124
Epoch 238/600, Total: 1807.166652, Node: 1082.705343, Link: 724.458431, Spread: 0.288042
Epoch 239/600, Total: 1807.075969, Node: 1082.679300, Link: 724.393792, Spread: 0.287012
Epoch 240/600, Total: 1806.984287, Node: 1082.652856, Link: 724.328577, Spread: 0.286029
Epoch 241/600, Total: 1806.892108, Node: 1082.626111, Link: 724.263159, Spread: 0.285093
Epoch 242/600, Total: 1807.105413, Node: 1082.691810, Link: 724.410731, Spread: 0.287392
Epoch 243/600, Total: 1806.170893, Node: 1082.358644, Link: 723.809377, Spread: 0.287049
Epoch 244/600, Total: 1806.176256, Node: 1082.376019, Link: 723.797371, Spread: 0.286265
Epoch 245/600, Total: 1806.085825, Node: 1082.356264, Link: 723.726703, Spread: 0.284627
Epoch 246/600, Total: 1805.993057, Node: 1082.331107, Link: 723.659120, Spread: 0.282909
Epoch 247/600, Total: 1805.901990, Node: 1082.304774, Link: 723.594395, Spread: 0.281263
Epoch 248/600, Total: 1805.812078, Node: 1082.278003, Link: 723.531282, Spread: 0.279724
Epoch 249/600, Total: 1805.722870, Node: 1082.251014, Link: 723.469071, Spread: 0.278302
Epoch 250/600, Total: 1805.634398, Node: 1082.224034, Link: 723.407594, Spread: 0.276987
Epoch 251/600, Total: 1805.546755, Node: 1082.197156, Link: 723.346840, Spread: 0.275767
Epoch 252/600, Total: 1805.460101, Node: 1082.170499, Link: 723.286855, Spread: 0.274635
Epoch 253/600, Total: 1805.374541, Node: 1082.144158, Link: 723.227645, Spread: 0.273581
Epoch 254/600, Total: 1805.290283, Node: 1082.118205, Link: 723.169356, Spread: 0.272598
Epoch 255/600, Total: 1805.207351, Node: 1082.092671, Link: 723.111990, Spread: 0.271678
Epoch 256/600, Total: 1805.125842, Node: 1082.067601, Link: 723.055539, Spread: 0.270809
Epoch 257/600, Total: 1805.046195, Node: 1082.043168, Link: 723.000332, Spread: 0.269991
Epoch 258/600, Total: 1804.968320, Node: 1082.019379, Link: 722.946253, Spread: 0.269216
Epoch 259/600, Total: 1804.892589, Node: 1081.996358, Link: 722.893538, Spread: 0.268479
Epoch 260/600, Total: 1804.819012, Node: 1081.974145, Link: 722.842190, Spread: 0.267778
Epoch 261/600, Total: 1804.747973, Node: 1081.952883, Link: 722.792418, Spread: 0.267107
Epoch 262/600, Total: 1804.679651, Node: 1081.932675, Link: 722.744323, Spread: 0.266459
Epoch 263/600, Total: 1804.614430, Node: 1081.913684, Link: 722.698098, Spread: 0.265834
Epoch 264/600, Total: 1804.552484, Node: 1081.895971, Link: 722.653863, Spread: 0.265228
Epoch 265/600, Total: 1804.504302, Node: 1081.883292, Link: 722.618368, Spread: 0.264654
Epoch 266/600, Total: 1804.543893, Node: 1081.901431, Link: 722.639828, Spread: 0.264215
Epoch 267/600, Total: 1804.587367, Node: 1081.921153, Link: 722.663581, Spread: 0.263811
Epoch 268/600, Total: 1804.632429, Node: 1081.941116, Link: 722.688681, Spread: 0.263443
Epoch 269/600, Total: 1804.677761, Node: 1081.960887, Link: 722.714245, Spread: 0.263109
Epoch 270/600, Total: 1804.670078, Node: 1081.964628, Link: 722.702841, Spread: 0.262765
Epoch 271/600, Total: 1804.655946, Node: 1081.964518, Link: 722.688812, Spread: 0.262510
Epoch 272/600, Total: 1804.640481, Node: 1081.963213, Link: 722.674646, Spread: 0.262276
Epoch 273/600, Total: 1804.619457, Node: 1081.958559, Link: 722.658290, Spread: 0.262069
Epoch 274/600, Total: 1804.592769, Node: 1081.950929, Link: 722.639225, Spread: 0.261898
Epoch 275/600, Total: 1804.562392, Node: 1081.941526, Link: 722.618255, Spread: 0.261759
Epoch 276/600, Total: 1804.529470, Node: 1081.930964, Link: 722.595903, Spread: 0.261658
Epoch 277/600, Total: 1804.494761, Node: 1081.919556, Link: 722.572603, Spread: 0.261597
Epoch 278/600, Total: 1804.458793, Node: 1081.907549, Link: 722.548636, Spread: 0.261578
Epoch 279/600, Total: 1804.421919, Node: 1081.895130, Link: 722.524172, Spread: 0.261600
Epoch 280/600, Total: 1804.384269, Node: 1081.882359, Link: 722.499295, Spread: 0.261659
Epoch 281/600, Total: 1804.346073, Node: 1081.869339, Link: 722.474122, Spread: 0.261760
Epoch 282/600, Total: 1804.307406, Node: 1081.856122, Link: 722.448670, Spread: 0.261900
Epoch 283/600, Total: 1804.268311, Node: 1081.842720, Link: 722.422974, Spread: 0.262077
Epoch 284/600, Total: 1804.228797, Node: 1081.829141, Link: 722.397033, Spread: 0.262290
Epoch 285/600, Total: 1804.188958, Node: 1081.815450, Link: 722.370898, Spread: 0.262535
Epoch 286/600, Total: 1804.148841, Node: 1081.801661, Link: 722.344557, Spread: 0.262812
Epoch 287/600, Total: 1804.108465, Node: 1081.787752, Link: 722.318091, Spread: 0.263119
Epoch 288/600, Total: 1804.067831, Node: 1081.773801, Link: 722.291409, Spread: 0.263456
Epoch 289/600, Total: 1804.027038, Node: 1081.759771, Link: 722.264638, Spread: 0.263822
Epoch 290/600, Total: 1803.985938, Node: 1081.745662, Link: 722.237640, Spread: 0.264213
Epoch 291/600, Total: 1803.944689, Node: 1081.731514, Link: 722.210535, Spread: 0.264628
Epoch 292/600, Total: 1803.903296, Node: 1081.717319, Link: 722.183312, Spread: 0.265066
Epoch 293/600, Total: 1803.861648, Node: 1081.703068, Link: 722.155925, Spread: 0.265527
Epoch 294/600, Total: 1803.819869, Node: 1081.688792, Link: 722.128418, Spread: 0.266009
Epoch 295/600, Total: 1803.777919, Node: 1081.674466, Link: 722.100783, Spread: 0.266510
Epoch 296/600, Total: 1803.735862, Node: 1081.660132, Link: 722.073060, Spread: 0.267033
Epoch 297/600, Total: 1803.693577, Node: 1081.645701, Link: 722.045191, Spread: 0.267576
Epoch 298/600, Total: 1803.651247, Node: 1081.631312, Link: 722.017256, Spread: 0.268136
Epoch 299/600, Total: 1803.608783, Node: 1081.616878, Link: 721.989224, Spread: 0.268713
Epoch 300/600, Total: 1803.566217, Node: 1081.602402, Link: 721.961117, Spread: 0.269308
Epoch 301/600, Total: 1803.523526, Node: 1081.587902, Link: 721.932928, Spread: 0.269920
Epoch 302/600, Total: 1803.480743, Node: 1081.573372, Link: 721.904669, Spread: 0.270552
Epoch 303/600, Total: 1803.437835, Node: 1081.558786, Link: 721.876332, Spread: 0.271198
Epoch 304/600, Total: 1803.394868, Node: 1081.544208, Link: 721.847948, Spread: 0.271862
Epoch 305/600, Total: 1803.351794, Node: 1081.529563, Link: 721.819513, Spread: 0.272541
Epoch 306/600, Total: 1803.308652, Node: 1081.514886, Link: 721.791034, Spread: 0.273237
Epoch 307/600, Total: 1803.265439, Node: 1081.500181, Link: 721.762528, Spread: 0.273947
Epoch 308/600, Total: 1803.222199, Node: 1081.485464, Link: 721.733992, Spread: 0.274672
Epoch 309/600, Total: 1803.178904, Node: 1081.470702, Link: 721.705443, Spread: 0.275413
Epoch 310/600, Total: 1803.135483, Node: 1081.455883, Link: 721.676848, Spread: 0.276169
Epoch 311/600, Total: 1803.092024, Node: 1081.441044, Link: 721.648221, Spread: 0.276938
Epoch 312/600, Total: 1803.048547, Node: 1081.426183, Link: 721.619588, Spread: 0.277722
Epoch 313/600, Total: 1803.004999, Node: 1081.411289, Link: 721.590937, Spread: 0.278519
Epoch 314/600, Total: 1802.961252, Node: 1081.396210, Link: 721.562239, Spread: 0.279331
Epoch 315/600, Total: 1802.912660, Node: 1081.377382, Link: 721.532465, Spread: 0.280187
Epoch 316/600, Total: 1802.862479, Node: 1081.357981, Link: 721.501683, Spread: 0.281072
Epoch 317/600, Total: 1802.811287, Node: 1081.338342, Link: 721.470131, Spread: 0.281982
Epoch 318/600, Total: 1802.759733, Node: 1081.318658, Link: 721.438251, Spread: 0.282915
Epoch 319/600, Total: 1802.708004, Node: 1081.298979, Link: 721.406187, Spread: 0.283874
Epoch 320/600, Total: 1802.656087, Node: 1081.279301, Link: 721.373936, Spread: 0.284857
Epoch 321/600, Total: 1802.604180, Node: 1081.259706, Link: 721.341617, Spread: 0.285864
Epoch 322/600, Total: 1802.552219, Node: 1081.240161, Link: 721.309183, Spread: 0.286893
Epoch 323/600, Total: 1802.500259, Node: 1081.220694, Link: 721.276690, Spread: 0.287946
Epoch 324/600, Total: 1802.448314, Node: 1081.201274, Link: 721.244152, Spread: 0.289023
Epoch 325/600, Total: 1802.396350, Node: 1081.181928, Link: 721.211518, Spread: 0.290120
Epoch 326/600, Total: 1802.344439, Node: 1081.162673, Link: 721.178867, Spread: 0.291242
Epoch 327/600, Total: 1802.292531, Node: 1081.143474, Link: 721.146144, Spread: 0.292391
Epoch 328/600, Total: 1802.240590, Node: 1081.124307, Link: 721.113346, Spread: 0.293563
Epoch 329/600, Total: 1802.188573, Node: 1081.105146, Link: 721.080464, Spread: 0.294759
Epoch 330/600, Total: 1802.136551, Node: 1081.086062, Link: 721.047520, Spread: 0.295979
Epoch 331/600, Total: 1802.084487, Node: 1081.066980, Link: 721.014531, Spread: 0.297224
Epoch 332/600, Total: 1802.032362, Node: 1081.047876, Link: 720.981487, Spread: 0.298493
Epoch 333/600, Total: 1801.980115, Node: 1081.028751, Link: 720.948350, Spread: 0.299784
Epoch 334/600, Total: 1801.923490, Node: 1080.759220, Link: 721.161254, Spread: 0.301189
Epoch 335/600, Total: 1801.876723, Node: 1080.992786, Link: 720.880922, Spread: 0.301382
Epoch 336/600, Total: 1801.778365, Node: 1080.942585, Link: 720.832732, Spread: 0.302571
Epoch 337/600, Total: 1801.690381, Node: 1080.902257, Link: 720.785082, Spread: 0.304005
Epoch 338/600, Total: 1801.603971, Node: 1080.860972, Link: 720.739939, Spread: 0.305562
Epoch 339/600, Total: 1801.516725, Node: 1080.819946, Link: 720.693719, Spread: 0.307131
Epoch 340/600, Total: 1801.429381, Node: 1080.779557, Link: 720.646728, Spread: 0.308661
Epoch 341/600, Total: 1801.342445, Node: 1080.740049, Link: 720.599291, Spread: 0.310149
Epoch 342/600, Total: 1801.256680, Node: 1080.701546, Link: 720.552022, Spread: 0.311616
Epoch 343/600, Total: 1801.186414, Node: 1080.677856, Link: 720.505439, Spread: 0.313087
Epoch 344/600, Total: 1801.086102, Node: 1080.625651, Link: 720.457304, Spread: 0.314235
Epoch 345/600, Total: 1801.003221, Node: 1080.589339, Link: 720.410732, Spread: 0.315727
Epoch 346/600, Total: 1800.924486, Node: 1080.554174, Link: 720.367133, Spread: 0.317221
Epoch 347/600, Total: 1800.845082, Node: 1080.518870, Link: 720.323025, Spread: 0.318768
Epoch 348/600, Total: 1800.765736, Node: 1080.483372, Link: 720.279161, Spread: 0.320338
Epoch 349/600, Total: 1800.686441, Node: 1080.447907, Link: 720.235336, Spread: 0.321927
Epoch 350/600, Total: 1800.607347, Node: 1080.412632, Link: 720.191488, Spread: 0.323524
Epoch 351/600, Total: 1800.528573, Node: 1080.377624, Link: 720.147702, Spread: 0.325130
Epoch 352/600, Total: 1800.450332, Node: 1080.342937, Link: 720.104118, Spread: 0.326749
Epoch 353/600, Total: 1800.372747, Node: 1080.308608, Link: 720.060856, Spread: 0.328381
Epoch 354/600, Total: 1800.295800, Node: 1080.274528, Link: 720.017965, Spread: 0.330029
Epoch 355/600, Total: 1800.219369, Node: 1080.240722, Link: 719.975341, Spread: 0.331692
Epoch 356/600, Total: 1800.143521, Node: 1080.207161, Link: 719.933022, Spread: 0.333370
Epoch 357/600, Total: 1800.079859, Node: 1080.185285, Link: 719.891219, Spread: 0.335063
Epoch 358/600, Total: 1799.987826, Node: 1080.141673, Link: 719.842799, Spread: 0.336408
Epoch 359/600, Total: 1799.916837, Node: 1080.109290, Link: 719.804160, Spread: 0.338124
Epoch 360/600, Total: 1799.846481, Node: 1080.079496, Link: 719.763585, Spread: 0.339854
Epoch 361/600, Total: 1799.775314, Node: 1080.049950, Link: 719.721956, Spread: 0.341630
Epoch 362/600, Total: 1799.704556, Node: 1080.020196, Link: 719.680930, Spread: 0.343421
Epoch 363/600, Total: 1799.633933, Node: 1079.990242, Link: 719.640233, Spread: 0.345222
Epoch 364/600, Total: 1799.563330, Node: 1079.960366, Link: 719.599492, Spread: 0.347022
Epoch 365/600, Total: 1799.493026, Node: 1079.930852, Link: 719.558682, Spread: 0.348818
Epoch 366/600, Total: 1799.423346, Node: 1079.901781, Link: 719.518063, Spread: 0.350623
Epoch 367/600, Total: 1799.354621, Node: 1079.873151, Link: 719.477947, Spread: 0.352440
Epoch 368/600, Total: 1799.286728, Node: 1079.844749, Link: 719.438436, Spread: 0.354272
Epoch 369/600, Total: 1799.219665, Node: 1079.816560, Link: 719.399543, Spread: 0.356116
Epoch 370/600, Total: 1799.153142, Node: 1079.788450, Link: 719.361108, Spread: 0.357964
Epoch 371/600, Total: 1799.087094, Node: 1079.760551, Link: 719.322945, Spread: 0.359815
Epoch 372/600, Total: 1799.021585, Node: 1079.732958, Link: 719.285008, Spread: 0.361670
Epoch 373/600, Total: 1798.956704, Node: 1079.705800, Link: 719.247277, Spread: 0.363529
Epoch 374/600, Total: 1798.892638, Node: 1079.679109, Link: 719.209885, Spread: 0.365396
Epoch 375/600, Total: 1798.829397, Node: 1079.652757, Link: 719.172967, Spread: 0.367274
Epoch 376/600, Total: 1798.767181, Node: 1079.626773, Link: 719.136730, Spread: 0.369160
Epoch 377/600, Total: 1798.705817, Node: 1079.600864, Link: 719.101251, Spread: 0.371051
Epoch 378/600, Total: 1798.644615, Node: 1079.574950, Link: 719.065945, Spread: 0.372941
Epoch 379/600, Total: 1798.584380, Node: 1079.549428, Link: 719.031194, Spread: 0.374823
Epoch 380/600, Total: 1798.524380, Node: 1079.524038, Link: 718.996582, Spread: 0.376697
Epoch 381/600, Total: 1798.464867, Node: 1079.499108, Link: 718.961990, Spread: 0.378568
Epoch 382/600, Total: 1798.406191, Node: 1079.474913, Link: 718.927477, Spread: 0.380449
Epoch 383/600, Total: 1798.348563, Node: 1079.451465, Link: 718.893277, Spread: 0.382349
Epoch 384/600, Total: 1798.292335, Node: 1079.428689, Link: 718.859805, Spread: 0.384274
Epoch 385/600, Total: 1798.237467, Node: 1079.406219, Link: 718.827385, Spread: 0.386212
Epoch 386/600, Total: 1798.183620, Node: 1079.383465, Link: 718.796266, Spread: 0.388144
Epoch 387/600, Total: 1798.130181, Node: 1079.359775, Link: 718.766523, Spread: 0.390037
Epoch 388/600, Total: 1798.076478, Node: 1079.334944, Link: 718.737608, Spread: 0.391867
Epoch 389/600, Total: 1798.021684, Node: 1079.310218, Link: 718.707529, Spread: 0.393636
Epoch 390/600, Total: 1797.965599, Node: 1079.287682, Link: 718.673958, Spread: 0.395381
Epoch 391/600, Total: 1797.910161, Node: 1079.268570, Link: 718.637621, Spread: 0.397173
Epoch 392/600, Total: 1797.859908, Node: 1079.252751, Link: 718.603170, Spread: 0.399111
Epoch 393/600, Total: 1797.817014, Node: 1079.240292, Link: 718.572703, Spread: 0.401251
Epoch 394/600, Total: 1797.788048, Node: 1079.240837, Link: 718.543168, Spread: 0.403520
Epoch 395/600, Total: 1797.779911, Node: 1079.258171, Link: 718.517680, Spread: 0.405241
Epoch 396/600, Total: 1797.687962, Node: 1079.170384, Link: 718.513519, Spread: 0.405839
Epoch 397/600, Total: 1797.623423, Node: 1079.102599, Link: 718.516752, Spread: 0.406887
Epoch 398/600, Total: 1797.569948, Node: 1079.095413, Link: 718.470440, Spread: 0.408218
Epoch 399/600, Total: 1797.507175, Node: 1079.086967, Link: 718.416113, Spread: 0.409116
Epoch 400/600, Total: 1797.454143, Node: 1079.065404, Link: 718.384628, Spread: 0.410133
Epoch 401/600, Total: 1797.418673, Node: 1079.046721, Link: 718.367832, Spread: 0.411572
Epoch 402/600, Total: 1797.382494, Node: 1079.030441, Link: 718.347915, Spread: 0.413286
Epoch 403/600, Total: 1797.345612, Node: 1079.016395, Link: 718.325083, Spread: 0.415078
Epoch 404/600, Total: 1797.309264, Node: 1079.003890, Link: 718.301223, Spread: 0.416883
Epoch 405/600, Total: 1797.274735, Node: 1078.992309, Link: 718.278242, Spread: 0.418727
Epoch 406/600, Total: 1797.241612, Node: 1078.980264, Link: 718.257136, Spread: 0.420658
Epoch 407/600, Total: 1797.209009, Node: 1078.967259, Link: 718.237528, Spread: 0.422664
Epoch 408/600, Total: 1797.175592, Node: 1078.952917, Link: 718.218441, Spread: 0.424685
Epoch 409/600, Total: 1797.139920, Node: 1078.936562, Link: 718.199083, Spread: 0.426638
Epoch 410/600, Total: 1797.101799, Node: 1078.918764, Link: 718.178754, Spread: 0.428487
Epoch 411/600, Total: 1797.063787, Node: 1078.902513, Link: 718.156962, Spread: 0.430252
Epoch 412/600, Total: 1797.031659, Node: 1078.891674, Link: 718.135680, Spread: 0.431986
Epoch 413/600, Total: 1796.995412, Node: 1078.876666, Link: 718.114411, Spread: 0.433782
Epoch 414/600, Total: 1796.964175, Node: 1078.863325, Link: 718.096493, Spread: 0.435688
Epoch 415/600, Total: 1796.932669, Node: 1078.849958, Link: 718.078331, Spread: 0.437648
Epoch 416/600, Total: 1796.900510, Node: 1078.836183, Link: 718.059932, Spread: 0.439614
Epoch 417/600, Total: 1796.837137, Node: 1078.737621, Link: 718.095057, Spread: 0.444491
Epoch 418/600, Total: 1796.850848, Node: 1078.841812, Link: 718.004552, Spread: 0.447550
Epoch 419/600, Total: 1796.767118, Node: 1078.737196, Link: 718.025426, Spread: 0.449341
Epoch 420/600, Total: 1796.729097, Node: 1078.719122, Link: 718.005475, Spread: 0.451070
Epoch 421/600, Total: 1796.697198, Node: 1078.716653, Link: 717.976028, Spread: 0.452383
Epoch 422/600, Total: 1796.659414, Node: 1078.697660, Link: 717.957219, Spread: 0.453745
Epoch 423/600, Total: 1796.629517, Node: 1078.688487, Link: 717.936478, Spread: 0.455226
Epoch 424/600, Total: 1796.596701, Node: 1078.672947, Link: 717.919179, Spread: 0.456794
Epoch 425/600, Total: 1796.567123, Node: 1078.661783, Link: 717.900752, Spread: 0.458445
Epoch 426/600, Total: 1796.537004, Node: 1078.648530, Link: 717.883865, Spread: 0.460173
Epoch 427/600, Total: 1796.508326, Node: 1078.636828, Link: 717.866873, Spread: 0.461982
Epoch 428/600, Total: 1796.480088, Node: 1078.624936, Link: 717.850511, Spread: 0.463864
Epoch 429/600, Total: 1796.452115, Node: 1078.613872, Link: 717.833583, Spread: 0.465819
Epoch 430/600, Total: 1796.424471, Node: 1078.603253, Link: 717.816541, Spread: 0.467840
Epoch 431/600, Total: 1796.397565, Node: 1078.593100, Link: 717.799768, Spread: 0.469922
Epoch 432/600, Total: 1796.371317, Node: 1078.583317, Link: 717.783283, Spread: 0.472064
Epoch 433/600, Total: 1796.349616, Node: 1078.575294, Link: 717.769592, Spread: 0.474249
Epoch 434/600, Total: 1796.320342, Node: 1078.564564, Link: 717.751020, Spread: 0.476517
Epoch 435/600, Total: 1796.295656, Node: 1078.555524, Link: 717.735351, Spread: 0.478844
Epoch 436/600, Total: 1796.271358, Node: 1078.546701, Link: 717.719836, Spread: 0.481231
Epoch 437/600, Total: 1796.247417, Node: 1078.538052, Link: 717.704543, Spread: 0.483678
Epoch 438/600, Total: 1796.223908, Node: 1078.529597, Link: 717.689453, Spread: 0.486186
Epoch 439/600, Total: 1796.200744, Node: 1078.521283, Link: 717.674579, Spread: 0.488755
Epoch 440/600, Total: 1796.177954, Node: 1078.513158, Link: 717.659870, Spread: 0.491388
Epoch 441/600, Total: 1796.155443, Node: 1078.505153, Link: 717.645355, Spread: 0.494084
Epoch 442/600, Total: 1796.133347, Node: 1078.497333, Link: 717.631053, Spread: 0.496845
Epoch 443/600, Total: 1796.111529, Node: 1078.489627, Link: 717.616901, Spread: 0.499671
Epoch 444/600, Total: 1796.090037, Node: 1078.482074, Link: 717.602936, Spread: 0.502564
Epoch 445/600, Total: 1796.068814, Node: 1078.474652, Link: 717.589107, Spread: 0.505526
Epoch 446/600, Total: 1796.047918, Node: 1078.467356, Link: 717.575467, Spread: 0.508556
Epoch 447/600, Total: 1796.027310, Node: 1078.460196, Link: 717.562005, Spread: 0.511655
Epoch 448/600, Total: 1796.006968, Node: 1078.453130, Link: 717.548683, Spread: 0.514826
Epoch 449/600, Total: 1795.986863, Node: 1078.446193, Link: 717.535494, Spread: 0.518070
Epoch 450/600, Total: 1795.967097, Node: 1078.439369, Link: 717.522510, Spread: 0.521387
Epoch 451/600, Total: 1795.947543, Node: 1078.432663, Link: 717.509633, Spread: 0.524779
Epoch 452/600, Total: 1795.928275, Node: 1078.426063, Link: 717.496930, Spread: 0.528244
Epoch 453/600, Total: 1795.909233, Node: 1078.419549, Link: 717.484365, Spread: 0.531784
Epoch 454/600, Total: 1795.890430, Node: 1078.413138, Link: 717.471939, Spread: 0.535404
Epoch 455/600, Total: 1795.871903, Node: 1078.406857, Link: 717.459650, Spread: 0.539101
Epoch 456/600, Total: 1795.853601, Node: 1078.400647, Link: 717.447529, Spread: 0.542877
Epoch 457/600, Total: 1795.835516, Node: 1078.394534, Link: 717.435520, Spread: 0.546732
Epoch 458/600, Total: 1795.817659, Node: 1078.388506, Link: 717.423651, Spread: 0.550667
Epoch 459/600, Total: 1795.800082, Node: 1078.382591, Link: 717.411943, Spread: 0.554682
Epoch 460/600, Total: 1795.782620, Node: 1078.376720, Link: 717.400316, Spread: 0.558778
Epoch 461/600, Total: 1795.765457, Node: 1078.370970, Link: 717.388856, Spread: 0.562958
Epoch 462/600, Total: 1795.748513, Node: 1078.365308, Link: 717.377529, Spread: 0.567220
Epoch 463/600, Total: 1795.731723, Node: 1078.359685, Link: 717.366323, Spread: 0.571567
Epoch 464/600, Total: 1795.715182, Node: 1078.354167, Link: 717.355255, Spread: 0.575996
Epoch 465/600, Total: 1795.698840, Node: 1078.348744, Link: 717.344283, Spread: 0.580511
Epoch 466/600, Total: 1795.682654, Node: 1078.343370, Link: 717.333425, Spread: 0.585109
Epoch 467/600, Total: 1795.666716, Node: 1078.338088, Link: 717.322737, Spread: 0.589792
Epoch 468/600, Total: 1795.650917, Node: 1078.332846, Link: 717.312130, Spread: 0.594563
Epoch 469/600, Total: 1795.635122, Node: 1078.327493, Link: 717.301636, Spread: 0.599428
Epoch 470/600, Total: 1795.618983, Node: 1078.321804, Link: 717.291139, Spread: 0.604406
Epoch 471/600, Total: 1795.603355, Node: 1078.316504, Link: 717.280752, Spread: 0.609486
Epoch 472/600, Total: 1795.588022, Node: 1078.311393, Link: 717.270485, Spread: 0.614662
Epoch 473/600, Total: 1795.572899, Node: 1078.306380, Link: 717.260317, Spread: 0.619931
Epoch 474/600, Total: 1795.558065, Node: 1078.301544, Link: 717.250265, Spread: 0.625293
Epoch 475/600, Total: 1795.543393, Node: 1078.296798, Link: 717.240281, Spread: 0.630746
Epoch 476/600, Total: 1795.528915, Node: 1078.292150, Link: 717.230406, Spread: 0.636287
Epoch 477/600, Total: 1795.514628, Node: 1078.287587, Link: 717.220631, Spread: 0.641914
Epoch 478/600, Total: 1795.500466, Node: 1078.283069, Link: 717.210926, Spread: 0.647627
Epoch 479/600, Total: 1795.486435, Node: 1078.278594, Link: 717.201309, Spread: 0.653424
Epoch 480/600, Total: 1795.472585, Node: 1078.274200, Link: 717.191802, Spread: 0.659302
Epoch 481/600, Total: 1795.458844, Node: 1078.269814, Link: 717.182378, Spread: 0.665263
Epoch 482/600, Total: 1795.445268, Node: 1078.265481, Link: 717.173078, Spread: 0.671305
Epoch 483/600, Total: 1795.431789, Node: 1078.261196, Link: 717.163815, Spread: 0.677426
Epoch 484/600, Total: 1795.420164, Node: 1078.257480, Link: 717.155851, Spread: 0.683595
Epoch 485/600, Total: 1795.405221, Node: 1078.252717, Link: 717.145607, Spread: 0.689876
Epoch 486/600, Total: 1795.392147, Node: 1078.248508, Link: 717.136675, Spread: 0.696234
Epoch 487/600, Total: 1795.379178, Node: 1078.244357, Link: 717.127792, Spread: 0.702660
Epoch 488/600, Total: 1795.366339, Node: 1078.240255, Link: 717.118992, Spread: 0.709156
Epoch 489/600, Total: 1795.353643, Node: 1078.236180, Link: 717.110299, Spread: 0.715721
Epoch 490/600, Total: 1795.341104, Node: 1078.232179, Link: 717.101697, Spread: 0.722354
Epoch 491/600, Total: 1795.328574, Node: 1078.228157, Link: 717.093134, Spread: 0.729054
Epoch 492/600, Total: 1795.316198, Node: 1078.224184, Link: 717.084664, Spread: 0.735816
Epoch 493/600, Total: 1795.304009, Node: 1078.220275, Link: 717.076305, Spread: 0.742640
Epoch 494/600, Total: 1795.291837, Node: 1078.216369, Link: 717.067974, Spread: 0.749525
Epoch 495/600, Total: 1795.279808, Node: 1078.212501, Link: 717.059754, Spread: 0.756465
Epoch 496/600, Total: 1795.267937, Node: 1078.208702, Link: 717.051604, Spread: 0.763460
Epoch 497/600, Total: 1795.256142, Node: 1078.204896, Link: 717.043536, Spread: 0.770507
Epoch 498/600, Total: 1795.244453, Node: 1078.201155, Link: 717.035513, Spread: 0.777604
Epoch 499/600, Total: 1795.232882, Node: 1078.197442, Link: 717.027586, Spread: 0.784747
Epoch 500/600, Total: 1795.221413, Node: 1078.193745, Link: 717.019743, Spread: 0.791936
Epoch 501/600, Total: 1795.210051, Node: 1078.190084, Link: 717.011975, Spread: 0.799166
Epoch 502/600, Total: 1795.198799, Node: 1078.186454, Link: 717.004285, Spread: 0.806436
Epoch 503/600, Total: 1795.187618, Node: 1078.182861, Link: 716.996622, Spread: 0.813748
Epoch 504/600, Total: 1795.176567, Node: 1078.179268, Link: 716.989083, Spread: 0.821095
Epoch 505/600, Total: 1795.165536, Node: 1078.175683, Link: 716.981575, Spread: 0.828476
Epoch 506/600, Total: 1795.154704, Node: 1078.172147, Link: 716.974199, Spread: 0.835888
Epoch 507/600, Total: 1795.143895, Node: 1078.168614, Link: 716.966839, Spread: 0.843330
Epoch 508/600, Total: 1795.133196, Node: 1078.165113, Link: 716.959583, Spread: 0.850799
Epoch 509/600, Total: 1795.122593, Node: 1078.161619, Link: 716.952390, Spread: 0.858291
Epoch 510/600, Total: 1795.112056, Node: 1078.158127, Link: 716.945271, Spread: 0.865804
Epoch 511/600, Total: 1795.101576, Node: 1078.154636, Link: 716.938197, Spread: 0.873338
Epoch 512/600, Total: 1795.091217, Node: 1078.151184, Link: 716.931217, Spread: 0.880885
Epoch 513/600, Total: 1795.080986, Node: 1078.147751, Link: 716.924356, Spread: 0.888449
Epoch 514/600, Total: 1795.070792, Node: 1078.144320, Link: 716.917519, Spread: 0.896024
Epoch 515/600, Total: 1795.060706, Node: 1078.140879, Link: 716.910796, Spread: 0.903606
Epoch 516/600, Total: 1795.050703, Node: 1078.137472, Link: 716.904114, Spread: 0.911196
Epoch 517/600, Total: 1795.040779, Node: 1078.134056, Link: 716.897523, Spread: 0.918792
Epoch 518/600, Total: 1795.030929, Node: 1078.130660, Link: 716.891001, Spread: 0.926393
Epoch 519/600, Total: 1795.021169, Node: 1078.127277, Link: 716.884553, Spread: 0.933993
Epoch 520/600, Total: 1795.011493, Node: 1078.123890, Link: 716.878189, Spread: 0.941595
Epoch 521/600, Total: 1795.001903, Node: 1078.120511, Link: 716.871900, Spread: 0.949197
Epoch 522/600, Total: 1794.992419, Node: 1078.117167, Link: 716.865677, Spread: 0.956799
Epoch 523/600, Total: 1794.982980, Node: 1078.113798, Link: 716.859524, Spread: 0.964396
Epoch 524/600, Total: 1794.973648, Node: 1078.110465, Link: 716.853455, Spread: 0.971990
Epoch 525/600, Total: 1794.964329, Node: 1078.107110, Link: 716.847430, Spread: 0.979581
Epoch 526/600, Total: 1794.955150, Node: 1078.103778, Link: 716.841505, Spread: 0.987165
Epoch 527/600, Total: 1794.946059, Node: 1078.100459, Link: 716.835653, Spread: 0.994740
Epoch 528/600, Total: 1794.937064, Node: 1078.097164, Link: 716.829877, Spread: 1.002309
Epoch 529/600, Total: 1794.928058, Node: 1078.093818, Link: 716.824147, Spread: 1.009869
Epoch 530/600, Total: 1794.919150, Node: 1078.090500, Link: 716.818476, Spread: 1.017419
Epoch 531/600, Total: 1794.910365, Node: 1078.087185, Link: 716.812924, Spread: 1.024956
Epoch 532/600, Total: 1794.901606, Node: 1078.083865, Link: 716.807418, Spread: 1.032484
Epoch 533/600, Total: 1794.892966, Node: 1078.080560, Link: 716.802010, Spread: 1.039997
Epoch 534/600, Total: 1794.884355, Node: 1078.077214, Link: 716.796671, Spread: 1.047498
Epoch 535/600, Total: 1794.875958, Node: 1078.073968, Link: 716.791434, Spread: 1.054987
Epoch 536/600, Total: 1794.867262, Node: 1078.070799, Link: 716.785839, Spread: 1.062542
Epoch 537/600, Total: 1794.858921, Node: 1078.066802, Link: 716.781426, Spread: 1.070000
Epoch 538/600, Total: 1794.851390, Node: 1078.064413, Link: 716.776185, Spread: 1.077411
Epoch 539/600, Total: 1794.842036, Node: 1078.060224, Link: 716.770963, Spread: 1.084814
Epoch 540/600, Total: 1794.834224, Node: 1078.056835, Link: 716.766464, Spread: 1.092272
Epoch 541/600, Total: 1794.826175, Node: 1078.053729, Link: 716.761464, Spread: 1.099658
Epoch 542/600, Total: 1794.817985, Node: 1078.049912, Link: 716.756999, Spread: 1.107089
Epoch 543/600, Total: 1794.810148, Node: 1078.046721, Link: 716.752278, Spread: 1.114460
Epoch 544/600, Total: 1794.802067, Node: 1078.042881, Link: 716.747965, Spread: 1.121875
Epoch 545/600, Total: 1794.794317, Node: 1078.039581, Link: 716.743454, Spread: 1.129234
Epoch 546/600, Total: 1794.786399, Node: 1078.035694, Link: 716.739337, Spread: 1.136641
Epoch 547/600, Total: 1794.778819, Node: 1078.032323, Link: 716.735053, Spread: 1.143997
Epoch 548/600, Total: 1794.770918, Node: 1078.028294, Link: 716.731108, Spread: 1.151407
Epoch 549/600, Total: 1794.763406, Node: 1078.024786, Link: 716.727034, Spread: 1.158772
Epoch 550/600, Total: 1794.755728, Node: 1078.020760, Link: 716.723305, Spread: 1.166194
Epoch 551/600, Total: 1794.748293, Node: 1078.017122, Link: 716.719432, Spread: 1.173580
Epoch 552/600, Total: 1794.740730, Node: 1078.013042, Link: 716.715871, Spread: 1.181031
Epoch 553/600, Total: 1794.733396, Node: 1078.009321, Link: 716.712196, Spread: 1.188453
Epoch 554/600, Total: 1794.725934, Node: 1078.005197, Link: 716.708782, Spread: 1.195940
Epoch 555/600, Total: 1794.718635, Node: 1078.001372, Link: 716.705232, Spread: 1.203406
Epoch 556/600, Total: 1794.711392, Node: 1077.997335, Link: 716.701947, Spread: 1.210941
Epoch 557/600, Total: 1794.704178, Node: 1077.993514, Link: 716.698476, Spread: 1.218468
Epoch 558/600, Total: 1794.696970, Node: 1077.989502, Link: 716.695213, Spread: 1.226063
Epoch 559/600, Total: 1794.689869, Node: 1077.985741, Link: 716.691797, Spread: 1.233658
Epoch 560/600, Total: 1794.682857, Node: 1077.981943, Link: 716.688499, Spread: 1.241319
Epoch 561/600, Total: 1794.675910, Node: 1077.978367, Link: 716.685057, Spread: 1.248988
Epoch 562/600, Total: 1794.668961, Node: 1077.974766, Link: 716.681635, Spread: 1.256727
Epoch 563/600, Total: 1794.662082, Node: 1077.971408, Link: 716.678039, Spread: 1.264490
Epoch 564/600, Total: 1794.655124, Node: 1077.968031, Link: 716.674380, Spread: 1.272330
Epoch 565/600, Total: 1794.648074, Node: 1077.964813, Link: 716.670466, Spread: 1.280207
Epoch 566/600, Total: 1794.640868, Node: 1077.961570, Link: 716.666406, Spread: 1.288164
Epoch 567/600, Total: 1794.633563, Node: 1077.958501, Link: 716.662107, Spread: 1.296160
Epoch 568/600, Total: 1794.626014, Node: 1077.955370, Link: 716.657612, Spread: 1.304228
Epoch 569/600, Total: 1794.618384, Node: 1077.952378, Link: 716.652878, Spread: 1.312327
Epoch 570/600, Total: 1794.610530, Node: 1077.949331, Link: 716.647990, Spread: 1.320476
Epoch 571/600, Total: 1794.602695, Node: 1077.946456, Link: 716.642955, Spread: 1.328637
Epoch 572/600, Total: 1794.594789, Node: 1077.943597, Link: 716.637830, Spread: 1.336823
Epoch 573/600, Total: 1794.586927, Node: 1077.940871, Link: 716.632612, Spread: 1.344993
Epoch 574/600, Total: 1794.579084, Node: 1077.938167, Link: 716.627390, Spread: 1.353155
Epoch 575/600, Total: 1794.571413, Node: 1077.935633, Link: 716.622164, Spread: 1.361276
Epoch 576/600, Total: 1794.563801, Node: 1077.933157, Link: 716.616958, Spread: 1.369360
Epoch 577/600, Total: 1794.556410, Node: 1077.930842, Link: 716.611794, Spread: 1.377372
Epoch 578/600, Total: 1794.549176, Node: 1077.928618, Link: 716.606707, Spread: 1.385318
Epoch 579/600, Total: 1794.542233, Node: 1077.926562, Link: 716.601729, Spread: 1.393169
Epoch 580/600, Total: 1794.535452, Node: 1077.924609, Link: 716.596828, Spread: 1.400926
Epoch 581/600, Total: 1794.528863, Node: 1077.922745, Link: 716.592029, Spread: 1.408570
Epoch 582/600, Total: 1794.522592, Node: 1077.921025, Link: 716.587408, Spread: 1.416095
Epoch 583/600, Total: 1794.516503, Node: 1077.919387, Link: 716.582878, Spread: 1.423484
Epoch 584/600, Total: 1794.510656, Node: 1077.917842, Link: 716.578521, Spread: 1.430730
Epoch 585/600, Total: 1794.505045, Node: 1077.916380, Link: 716.574277, Spread: 1.437815
Epoch 586/600, Total: 1794.499650, Node: 1077.914973, Link: 716.570235, Spread: 1.444729
Epoch 587/600, Total: 1794.494626, Node: 1077.913657, Link: 716.566461, Spread: 1.451453
Epoch 588/600, Total: 1794.489891, Node: 1077.912352, Link: 716.562956, Spread: 1.457967
Epoch 589/600, Total: 1794.485469, Node: 1077.911007, Link: 716.559813, Spread: 1.464246
Epoch 590/600, Total: 1794.481403, Node: 1077.909516, Link: 716.557179, Spread: 1.470254
Epoch 591/600, Total: 1794.477785, Node: 1077.907801, Link: 716.555228, Spread: 1.475949
Epoch 592/600, Total: 1794.474597, Node: 1077.905693, Link: 716.554094, Spread: 1.481285
Epoch 593/600, Total: 1794.471915, Node: 1077.903089, Link: 716.553966, Spread: 1.486206
Epoch 594/600, Total: 1794.469799, Node: 1077.900060, Link: 716.554825, Spread: 1.490654
Epoch 595/600, Total: 1794.468268, Node: 1077.896884, Link: 716.556432, Spread: 1.494578
Epoch 596/600, Total: 1794.467098, Node: 1077.893969, Link: 716.558159, Spread: 1.497946
Epoch 597/600, Total: 1794.465869, Node: 1077.891711, Link: 716.559156, Spread: 1.500764
Epoch 598/600, Total: 1794.463845, Node: 1077.890217, Link: 716.558605, Spread: 1.503097
Epoch 599/600, Total: 1794.459991, Node: 1077.888853, Link: 716.556088, Spread: 1.505086
Epoch 600/600, Total: 1794.453869, Node: 1077.887085, Link: 716.551717, Spread: 1.506996
Saved sweep result to: /homes/dameyer/ml-for-wdn-project-4/results/aggregated/gnn_training_sweep/net1_buffer=15_rollout=5_seed=42.json
Table value: 1077.887085
