================================
GNN training sweep
Job ID: 242675
Task ID: 11
Buffer size: 5
Rollout length: 25
================================
Running GNN sweep: dataset=Net1, buffer=5, rollout=25
Epoch 1/600, Total: 4064.844177, Node: 1820.668300, Link: 2242.337190, Spread: 183.882115
Epoch 2/600, Total: 2183.982365, Node: 1304.125488, Link: 877.733083, Spread: 212.383646
Epoch 3/600, Total: 1997.600779, Node: 1250.473962, Link: 744.883656, Spread: 224.312727
Epoch 4/600, Total: 1959.688187, Node: 1211.483909, Link: 746.137477, Spread: 206.678602
Epoch 5/600, Total: 1930.663385, Node: 1186.528444, Link: 742.206514, Spread: 192.843036
Epoch 6/600, Total: 1910.086224, Node: 1166.193085, Link: 742.094940, Spread: 179.816857
Epoch 7/600, Total: 1894.571100, Node: 1155.310184, Link: 737.586766, Spread: 167.418256
Epoch 8/600, Total: 1879.140440, Node: 1139.335607, Link: 738.230086, Spread: 157.472330
Epoch 9/600, Total: 1854.101482, Node: 1114.375270, Link: 738.273789, Spread: 145.239809
Epoch 10/600, Total: 1842.978815, Node: 1103.192244, Link: 738.454768, Spread: 133.186265
Epoch 11/600, Total: 1823.300470, Node: 1091.763874, Link: 730.290197, Spread: 124.638307
Epoch 12/600, Total: 1810.035015, Node: 1080.070355, Link: 728.796774, Spread: 116.785612
Epoch 13/600, Total: 1800.620655, Node: 1071.421036, Link: 728.092811, Spread: 110.680480
Epoch 14/600, Total: 1791.064829, Node: 1063.188215, Link: 726.830982, Spread: 104.562347
Epoch 15/600, Total: 1790.751463, Node: 1060.210229, Link: 729.549172, Spread: 99.204995
Epoch 16/600, Total: 1782.755268, Node: 1053.752595, Link: 728.066135, Spread: 93.653536
Epoch 17/600, Total: 1771.463585, Node: 1046.511113, Link: 724.062858, Spread: 88.963034
Epoch 18/600, Total: 1769.672960, Node: 1042.987638, Link: 725.839185, Spread: 84.615137
Epoch 19/600, Total: 1761.883972, Node: 1034.789567, Link: 726.288754, Spread: 80.562067
Epoch 20/600, Total: 1752.481693, Node: 1029.185835, Link: 722.525350, Spread: 77.050111
Epoch 21/600, Total: 1756.945061, Node: 1028.112300, Link: 728.099622, Spread: 73.311362
Epoch 22/600, Total: 1746.720135, Node: 1020.086691, Link: 725.938247, Spread: 69.519230
Epoch 23/600, Total: 1744.521961, Node: 1019.236189, Link: 724.621166, Spread: 66.460392
Epoch 24/600, Total: 1740.429567, Node: 1017.024615, Link: 722.771385, Spread: 63.358583
Epoch 25/600, Total: 1733.991426, Node: 1007.705811, Link: 725.679632, Spread: 60.596321
Epoch 26/600, Total: 1726.469339, Node: 1000.121849, Link: 725.770513, Spread: 57.698071
Epoch 27/600, Total: 1732.207863, Node: 1008.654671, Link: 723.002384, Spread: 55.079804
Epoch 28/600, Total: 1722.740990, Node: 1006.981375, Link: 715.226400, Spread: 53.325256
Epoch 29/600, Total: 1735.833090, Node: 1010.381781, Link: 724.941693, Spread: 50.963159
Epoch 30/600, Total: 1724.295578, Node: 1007.737371, Link: 716.067389, Spread: 49.081773
Epoch 31/600, Total: 1732.737909, Node: 1003.185488, Link: 729.088789, Spread: 46.360976
Epoch 32/600, Total: 1725.900530, Node: 1005.966055, Link: 719.491869, Spread: 44.262746
Epoch 33/600, Total: 1711.751366, Node: 995.568948, Link: 715.757871, Spread: 42.455859
Epoch 34/600, Total: 1720.340384, Node: 995.057903, Link: 724.880729, Spread: 40.175448
Epoch 35/600, Total: 1728.686203, Node: 1002.144958, Link: 726.158362, Spread: 38.290886
Epoch 36/600, Total: 1712.112823, Node: 994.809347, Link: 716.938504, Spread: 36.500677
Epoch 37/600, Total: 1723.582336, Node: 992.155626, Link: 731.084250, Spread: 34.244333
Epoch 38/600, Total: 1718.183355, Node: 989.187408, Link: 728.669933, Spread: 32.598913
Epoch 39/600, Total: 1701.047878, Node: 981.160178, Link: 719.581028, Spread: 30.666287
Epoch 40/600, Total: 1706.976513, Node: 984.478894, Link: 722.206288, Spread: 29.134535
Epoch 41/600, Total: 1705.678452, Node: 986.353965, Link: 719.047670, Spread: 27.684280
Epoch 42/600, Total: 1714.586433, Node: 989.450241, Link: 724.873336, Spread: 26.285271
Epoch 43/600, Total: 1720.165747, Node: 989.261356, Link: 730.656765, Spread: 24.763818
Epoch 44/600, Total: 1705.310169, Node: 980.799361, Link: 724.276689, Spread: 23.412767
Epoch 45/600, Total: 1692.726395, Node: 972.846314, Link: 719.656909, Spread: 22.314317
Epoch 46/600, Total: 1700.200293, Node: 974.777099, Link: 725.211135, Spread: 21.205922
Epoch 47/600, Total: 1685.692060, Node: 968.743280, Link: 716.748405, Spread: 20.035240
Epoch 48/600, Total: 1695.194143, Node: 974.481712, Link: 720.521231, Spread: 19.119707
Epoch 49/600, Total: 1705.969379, Node: 978.540465, Link: 727.248277, Spread: 18.063838
Epoch 50/600, Total: 1694.698080, Node: 969.670015, Link: 724.859418, Spread: 16.865429
Epoch 51/600, Total: 1688.208765, Node: 969.066814, Link: 718.981707, Spread: 16.024669
Epoch 52/600, Total: 1686.025232, Node: 967.172802, Link: 718.701149, Spread: 15.125786
Epoch 53/600, Total: 1696.252914, Node: 973.546934, Link: 722.562617, Spread: 14.341204
Epoch 54/600, Total: 1687.722231, Node: 968.647548, Link: 718.939318, Spread: 13.536311
Epoch 55/600, Total: 1705.697422, Node: 979.975814, Link: 725.594294, Spread: 12.734215
Epoch 56/600, Total: 1709.058298, Node: 979.758449, Link: 729.180694, Spread: 11.916174
Epoch 57/600, Total: 1696.099339, Node: 973.445173, Link: 722.540718, Spread: 11.343250
Epoch 58/600, Total: 1703.972855, Node: 976.631782, Link: 727.235285, Spread: 10.576728
Epoch 59/600, Total: 1697.945089, Node: 973.989741, Link: 723.855612, Spread: 9.975545
Epoch 60/600, Total: 1696.516222, Node: 970.968481, Link: 725.454091, Spread: 9.364441
Epoch 61/600, Total: 1703.798643, Node: 977.822787, Link: 725.887225, Spread: 8.861232
Epoch 62/600, Total: 1701.519886, Node: 980.920548, Link: 720.516583, Spread: 8.273568
Epoch 63/600, Total: 1700.547598, Node: 974.559069, Link: 725.909008, Spread: 7.952584
Epoch 64/600, Total: 1681.000767, Node: 963.259889, Link: 717.665522, Spread: 7.536907
Epoch 65/600, Total: 1677.792009, Node: 963.179236, Link: 714.541964, Spread: 7.077437
Epoch 66/600, Total: 1690.011459, Node: 970.365953, Link: 719.578769, Spread: 6.676348
Epoch 67/600, Total: 1695.272320, Node: 977.207844, Link: 718.002068, Spread: 6.243156
Epoch 68/600, Total: 1689.507406, Node: 976.498073, Link: 712.949612, Spread: 5.972060
Epoch 69/600, Total: 1692.109209, Node: 974.081102, Link: 717.971377, Spread: 5.673608
Epoch 70/600, Total: 1686.489462, Node: 965.089342, Link: 721.345847, Spread: 5.428052
Epoch 71/600, Total: 1688.178009, Node: 968.494902, Link: 719.631563, Spread: 5.154556
Epoch 72/600, Total: 1689.206717, Node: 977.233830, Link: 711.924774, Spread: 4.810896
Epoch 73/600, Total: 1682.263578, Node: 966.760199, Link: 715.457745, Spread: 4.563301
Epoch 74/600, Total: 1677.923155, Node: 965.947233, Link: 711.931840, Spread: 4.404898
Epoch 75/600, Total: 1681.248953, Node: 963.021496, Link: 718.185625, Spread: 4.185419
Epoch 76/600, Total: 1671.769295, Node: 964.052302, Link: 707.677764, Spread: 3.919535
Epoch 77/600, Total: 1677.830656, Node: 962.421956, Link: 715.370459, Spread: 3.824750
Epoch 78/600, Total: 1668.784681, Node: 960.720298, Link: 708.028431, Spread: 3.594028
Epoch 79/600, Total: 1672.045645, Node: 964.283635, Link: 707.727473, Spread: 3.449718
Epoch 80/600, Total: 1673.286793, Node: 961.447623, Link: 711.806447, Spread: 3.273496
Epoch 81/600, Total: 1685.162956, Node: 974.871202, Link: 710.260395, Spread: 3.137292
Epoch 82/600, Total: 1684.648159, Node: 970.361855, Link: 714.256109, Spread: 3.020388
Epoch 83/600, Total: 1697.279900, Node: 981.914197, Link: 715.336497, Spread: 2.920012
Epoch 84/600, Total: 1673.759598, Node: 962.619205, Link: 711.112871, Spread: 2.751063
Epoch 85/600, Total: 1692.000887, Node: 971.835614, Link: 720.137808, Spread: 2.745866
Epoch 86/600, Total: 1682.083557, Node: 971.556826, Link: 710.501302, Spread: 2.545061
Epoch 87/600, Total: 1670.700373, Node: 963.666310, Link: 707.010320, Spread: 2.375138
Epoch 88/600, Total: 1677.797012, Node: 972.760182, Link: 705.013705, Spread: 2.313126
Epoch 89/600, Total: 1671.962305, Node: 967.104838, Link: 704.835308, Spread: 2.217088
Epoch 90/600, Total: 1660.398914, Node: 961.227115, Link: 699.149729, Spread: 2.204473
Epoch 91/600, Total: 1672.207909, Node: 969.109782, Link: 703.076917, Spread: 2.121648
Epoch 92/600, Total: 1667.533175, Node: 964.544089, Link: 702.968178, Spread: 2.087805
Epoch 93/600, Total: 1654.932358, Node: 954.575141, Link: 700.336558, Spread: 2.065846
Epoch 94/600, Total: 1657.004515, Node: 958.918125, Link: 698.066561, Spread: 1.981649
Epoch 95/600, Total: 1659.639439, Node: 961.977639, Link: 697.642827, Spread: 1.894783
Epoch 96/600, Total: 1653.718674, Node: 958.059847, Link: 695.640307, Spread: 1.856097
Epoch 97/600, Total: 1653.630501, Node: 957.914936, Link: 695.697368, Spread: 1.817607
Epoch 98/600, Total: 1652.012968, Node: 954.404928, Link: 697.590159, Spread: 1.784012
Epoch 99/600, Total: 1652.338861, Node: 957.010548, Link: 695.310605, Spread: 1.768663
Epoch 100/600, Total: 1658.134439, Node: 959.854005, Link: 698.263026, Spread: 1.740280
Epoch 101/600, Total: 1686.132309, Node: 962.357519, Link: 723.756626, Spread: 1.816423
Epoch 102/600, Total: 1686.001675, Node: 972.470527, Link: 713.514096, Spread: 1.704586
Epoch 103/600, Total: 1677.030977, Node: 969.357528, Link: 707.657395, Spread: 1.606345
Epoch 104/600, Total: 1667.842596, Node: 969.136272, Link: 698.690799, Spread: 1.553870
Epoch 105/600, Total: 1661.039703, Node: 970.491241, Link: 690.533728, Spread: 1.473334
Epoch 106/600, Total: 1670.246328, Node: 975.865992, Link: 694.366842, Spread: 1.350329
Epoch 107/600, Total: 1655.598513, Node: 961.231575, Link: 694.353865, Spread: 1.304632
Epoch 108/600, Total: 1640.478352, Node: 951.211035, Link: 689.254268, Spread: 1.303488
Epoch 109/600, Total: 1650.485443, Node: 958.357390, Link: 692.114954, Spread: 1.307215
Epoch 110/600, Total: 1649.105360, Node: 952.027322, Link: 697.064928, Spread: 1.307945
Epoch 111/600, Total: 1643.639349, Node: 952.662230, Link: 690.964250, Spread: 1.284917
Epoch 112/600, Total: 1638.267796, Node: 950.866830, Link: 687.388220, Spread: 1.276501
Epoch 113/600, Total: 1641.245216, Node: 950.931211, Link: 690.301230, Spread: 1.277010
Epoch 114/600, Total: 1643.863785, Node: 951.747257, Link: 692.103915, Spread: 1.260078
Epoch 115/600, Total: 1637.912935, Node: 950.246084, Link: 687.654248, Spread: 1.259760
Epoch 116/600, Total: 1646.221031, Node: 954.416020, Link: 691.792342, Spread: 1.269179
Epoch 117/600, Total: 1639.337751, Node: 951.742773, Link: 687.582433, Spread: 1.253981
Epoch 118/600, Total: 1638.296223, Node: 951.979582, Link: 686.304018, Spread: 1.262950
Epoch 119/600, Total: 1643.640390, Node: 960.094439, Link: 683.533466, Spread: 1.250396
Epoch 120/600, Total: 1639.271820, Node: 951.852796, Link: 687.406717, Spread: 1.230185
Epoch 121/600, Total: 1640.784782, Node: 959.708435, Link: 681.064167, Spread: 1.215877
Epoch 122/600, Total: 1637.522387, Node: 949.563319, Link: 687.946866, Spread: 1.220076
Epoch 123/600, Total: 1632.013983, Node: 944.272180, Link: 687.729752, Spread: 1.205044
Epoch 124/600, Total: 1634.093330, Node: 951.985496, Link: 682.095789, Spread: 1.206167
Epoch 125/600, Total: 1627.540045, Node: 947.492522, Link: 680.035280, Spread: 1.224195
Epoch 126/600, Total: 1631.732189, Node: 948.484574, Link: 683.235495, Spread: 1.212556
Epoch 127/600, Total: 1633.636427, Node: 948.273235, Link: 685.350995, Spread: 1.216567
Epoch 128/600, Total: 1633.411110, Node: 948.601017, Link: 684.798055, Spread: 1.206130
Epoch 129/600, Total: 1619.177456, Node: 940.552470, Link: 678.612935, Spread: 1.203121
Epoch 130/600, Total: 1628.864180, Node: 948.827362, Link: 680.024760, Spread: 1.209345
Epoch 131/600, Total: 1626.798473, Node: 946.701977, Link: 680.084547, Spread: 1.196711
Epoch 132/600, Total: 1626.431204, Node: 948.266057, Link: 678.153139, Spread: 1.199808
Epoch 133/600, Total: 1629.091898, Node: 949.329898, Link: 679.749925, Spread: 1.205563
Epoch 134/600, Total: 1629.239941, Node: 946.318125, Link: 682.909756, Spread: 1.205425
Epoch 135/600, Total: 1622.203041, Node: 944.817175, Link: 677.373771, Spread: 1.205541
Epoch 136/600, Total: 1626.363293, Node: 943.711870, Link: 682.639395, Spread: 1.206064
Epoch 137/600, Total: 1626.151245, Node: 942.312931, Link: 683.826218, Spread: 1.209389
Epoch 138/600, Total: 1625.085735, Node: 948.304635, Link: 676.768925, Spread: 1.214967
Epoch 139/600, Total: 1629.536549, Node: 948.121234, Link: 681.403156, Spread: 1.217072
Epoch 140/600, Total: 1609.419653, Node: 938.511284, Link: 670.896205, Spread: 1.221238
Epoch 141/600, Total: 1629.573147, Node: 947.565968, Link: 681.994923, Spread: 1.225498
Epoch 142/600, Total: 1622.776236, Node: 947.613261, Link: 675.150589, Spread: 1.239389
Epoch 143/600, Total: 1616.421808, Node: 943.924682, Link: 672.484733, Spread: 1.238129
Epoch 144/600, Total: 1632.610895, Node: 957.409208, Link: 675.189218, Spread: 1.247429
Epoch 145/600, Total: 1644.968643, Node: 969.504234, Link: 675.451904, Spread: 1.247559
Epoch 146/600, Total: 1638.389748, Node: 961.797713, Link: 676.579526, Spread: 1.250067
Epoch 147/600, Total: 1616.964924, Node: 942.718580, Link: 674.233874, Spread: 1.243528
Epoch 148/600, Total: 1623.072248, Node: 950.302267, Link: 672.757446, Spread: 1.253308
Epoch 149/600, Total: 1636.106077, Node: 957.147997, Link: 678.945453, Spread: 1.261483
Epoch 150/600, Total: 1630.794220, Node: 950.361164, Link: 680.420513, Spread: 1.254261
Epoch 151/600, Total: 1636.374222, Node: 957.885468, Link: 678.475724, Spread: 1.303812
Epoch 152/600, Total: 1654.045916, Node: 975.439233, Link: 678.593552, Spread: 1.314645
Epoch 153/600, Total: 1618.473831, Node: 943.581170, Link: 674.879610, Spread: 1.309331
Epoch 154/600, Total: 1633.024021, Node: 945.418799, Link: 687.592040, Spread: 1.314783
Epoch 155/600, Total: 1616.428272, Node: 951.290986, Link: 665.123991, Spread: 1.327796
Epoch 156/600, Total: 1639.721239, Node: 957.306247, Link: 682.401694, Spread: 1.329507
Epoch 157/600, Total: 1611.253046, Node: 941.379553, Link: 669.860452, Spread: 1.303932
Epoch 158/600, Total: 1619.960886, Node: 948.300899, Link: 671.646894, Spread: 1.307353
Epoch 159/600, Total: 1621.126326, Node: 943.977858, Link: 677.135336, Spread: 1.313526
Epoch 160/600, Total: 1612.981873, Node: 944.866181, Link: 668.102522, Spread: 1.317510
Epoch 161/600, Total: 1629.876654, Node: 967.582476, Link: 662.281154, Spread: 1.303549
Epoch 162/600, Total: 1614.955881, Node: 943.664202, Link: 671.278657, Spread: 1.300315
Epoch 163/600, Total: 1621.827158, Node: 945.354152, Link: 676.459955, Spread: 1.306193
Epoch 164/600, Total: 1599.570614, Node: 937.178684, Link: 662.378628, Spread: 1.330034
Epoch 165/600, Total: 1610.217596, Node: 941.505008, Link: 668.699125, Spread: 1.345278
Epoch 166/600, Total: 1640.874655, Node: 957.495118, Link: 683.365558, Spread: 1.397634
Epoch 167/600, Total: 1622.974792, Node: 954.194453, Link: 668.766234, Spread: 1.406551
Epoch 168/600, Total: 1623.716934, Node: 955.822508, Link: 667.880166, Spread: 1.427636
Epoch 169/600, Total: 1623.777279, Node: 954.868153, Link: 668.894665, Spread: 1.446600
Epoch 170/600, Total: 1638.278433, Node: 957.651237, Link: 680.612746, Spread: 1.444541
Epoch 171/600, Total: 1623.575638, Node: 952.270957, Link: 671.290032, Spread: 1.466165
Epoch 172/600, Total: 1616.325956, Node: 950.958685, Link: 665.352296, Spread: 1.496987
Epoch 173/600, Total: 1617.938589, Node: 946.087229, Link: 671.836547, Spread: 1.482797
Epoch 174/600, Total: 1615.365648, Node: 946.076481, Link: 669.274256, Spread: 1.489677
Epoch 175/600, Total: 1612.887953, Node: 942.023884, Link: 670.849240, Spread: 1.481386
Epoch 176/600, Total: 1606.697611, Node: 937.458687, Link: 669.224004, Spread: 1.493904
Epoch 177/600, Total: 1610.714046, Node: 942.960101, Link: 667.738828, Spread: 1.509300
Epoch 178/600, Total: 1607.287968, Node: 942.925514, Link: 664.347209, Spread: 1.525962
Epoch 179/600, Total: 1597.958809, Node: 933.353928, Link: 664.589502, Spread: 1.534744
Epoch 180/600, Total: 1609.547518, Node: 936.488655, Link: 673.043967, Spread: 1.489446
Epoch 181/600, Total: 1626.849037, Node: 953.162152, Link: 673.671430, Spread: 1.548459
Epoch 182/600, Total: 1608.636496, Node: 942.079517, Link: 666.541425, Spread: 1.554776
Epoch 183/600, Total: 1624.397318, Node: 953.218790, Link: 671.163055, Spread: 1.549873
Epoch 184/600, Total: 1623.616213, Node: 956.297923, Link: 667.302718, Spread: 1.553986
Epoch 185/600, Total: 1615.602880, Node: 949.243385, Link: 666.344091, Spread: 1.540421
Epoch 186/600, Total: 1608.514109, Node: 945.281350, Link: 663.217424, Spread: 1.534767
Epoch 187/600, Total: 1611.015297, Node: 948.085145, Link: 662.915128, Spread: 1.500855
Epoch 188/600, Total: 1609.823896, Node: 948.825195, Link: 660.983230, Spread: 1.548788
Epoch 189/600, Total: 1616.339983, Node: 942.426417, Link: 673.898065, Spread: 1.552091
Epoch 190/600, Total: 1610.745768, Node: 938.821238, Link: 671.909015, Spread: 1.551839
Epoch 191/600, Total: 1609.799690, Node: 940.455954, Link: 669.328332, Spread: 1.543035
Epoch 192/600, Total: 1603.505556, Node: 935.137947, Link: 668.352403, Spread: 1.519197
Epoch 193/600, Total: 1603.227528, Node: 940.271514, Link: 662.940210, Spread: 1.583909
Epoch 194/600, Total: 1604.847965, Node: 937.706027, Link: 667.126449, Spread: 1.548432
Epoch 195/600, Total: 1608.552210, Node: 938.892327, Link: 669.644285, Spread: 1.561640
Epoch 196/600, Total: 1628.902006, Node: 950.890341, Link: 677.996961, Spread: 1.470056
Epoch 197/600, Total: 1624.440729, Node: 946.770805, Link: 677.654868, Spread: 1.506773
Epoch 198/600, Total: 1618.646986, Node: 947.100354, Link: 671.531639, Spread: 1.498716
Epoch 199/600, Total: 1604.995758, Node: 938.211358, Link: 666.769414, Spread: 1.496982
Epoch 200/600, Total: 1616.039423, Node: 945.847641, Link: 670.176658, Spread: 1.511354
Epoch 201/600, Total: 1617.051485, Node: 941.985949, Link: 675.050751, Spread: 1.478001
Epoch 202/600, Total: 1606.597284, Node: 939.587518, Link: 666.994343, Spread: 1.539999
Epoch 203/600, Total: 1606.947948, Node: 937.820329, Link: 669.112508, Spread: 1.512213
Epoch 204/600, Total: 1603.885662, Node: 935.709415, Link: 668.160949, Spread: 1.526028
Epoch 205/600, Total: 1612.404171, Node: 942.297086, Link: 670.091631, Spread: 1.544798
Epoch 206/600, Total: 1653.373919, Node: 983.647199, Link: 669.711489, Spread: 1.522557
Epoch 207/600, Total: 1635.241362, Node: 969.018513, Link: 666.207233, Spread: 1.557390
Epoch 208/600, Total: 1623.763504, Node: 956.446931, Link: 667.301250, Spread: 1.531822
Epoch 209/600, Total: 1630.941656, Node: 950.623410, Link: 680.302759, Spread: 1.546747
Epoch 210/600, Total: 1622.481428, Node: 952.930086, Link: 669.535647, Spread: 1.569208
Epoch 211/600, Total: 1614.906479, Node: 947.182762, Link: 667.707869, Spread: 1.586120
Epoch 212/600, Total: 1609.493357, Node: 945.766597, Link: 663.711146, Spread: 1.559670
Epoch 213/600, Total: 1613.227394, Node: 948.342196, Link: 664.869409, Spread: 1.580868
Epoch 214/600, Total: 1616.586679, Node: 944.811931, Link: 671.758975, Spread: 1.577084
Epoch 215/600, Total: 1616.539497, Node: 947.641091, Link: 668.882757, Spread: 1.565810
Epoch 216/600, Total: 1620.778801, Node: 948.653667, Link: 672.109436, Spread: 1.572554
Epoch 217/600, Total: 1621.653933, Node: 956.619482, Link: 665.018665, Spread: 1.581065
Epoch 218/600, Total: 1609.460892, Node: 942.159535, Link: 667.285456, Spread: 1.588976
Epoch 219/600, Total: 1623.741999, Node: 950.899513, Link: 672.826307, Spread: 1.619994
Epoch 220/600, Total: 1628.112982, Node: 956.081497, Link: 672.015678, Spread: 1.579416
Epoch 221/600, Total: 1609.760010, Node: 941.401507, Link: 668.342686, Spread: 1.582322
Epoch 222/600, Total: 1598.656616, Node: 938.164324, Link: 660.476532, Spread: 1.576187
Epoch 223/600, Total: 1613.381670, Node: 945.168403, Link: 668.197589, Spread: 1.568856
Epoch 224/600, Total: 1675.830124, Node: 997.714156, Link: 678.100567, Spread: 1.539939
Epoch 225/600, Total: 1650.964645, Node: 974.071961, Link: 676.877186, Spread: 1.552217
Epoch 226/600, Total: 1616.056440, Node: 948.853174, Link: 667.187117, Spread: 1.615877
Epoch 227/600, Total: 1614.930672, Node: 951.673833, Link: 663.240577, Spread: 1.624234
Epoch 228/600, Total: 1625.106871, Node: 956.945771, Link: 668.144691, Spread: 1.640494
Epoch 229/600, Total: 1624.251837, Node: 951.353361, Link: 672.882335, Spread: 1.611372
Epoch 230/600, Total: 1643.409771, Node: 980.953598, Link: 662.439620, Spread: 1.657026
Epoch 231/600, Total: 1625.404259, Node: 956.536289, Link: 668.850607, Spread: 1.733533
Epoch 232/600, Total: 1612.761908, Node: 946.006929, Link: 666.738143, Spread: 1.681739
Epoch 233/600, Total: 1641.809546, Node: 976.134682, Link: 665.658000, Spread: 1.683826
Epoch 234/600, Total: 1636.966997, Node: 968.676491, Link: 668.273789, Spread: 1.670351
Epoch 235/600, Total: 1612.741520, Node: 954.192224, Link: 658.533173, Spread: 1.613007
Epoch 236/600, Total: 1633.301064, Node: 960.073859, Link: 673.210846, Spread: 1.638205
Epoch 237/600, Total: 1619.578619, Node: 959.813215, Link: 659.747973, Spread: 1.743497
Epoch 238/600, Total: 1621.747526, Node: 954.639990, Link: 667.090774, Spread: 1.678606
Epoch 239/600, Total: 1627.949793, Node: 965.439752, Link: 662.492918, Spread: 1.709135
Epoch 240/600, Total: 1629.184717, Node: 956.269046, Link: 672.898590, Spread: 1.709653
Epoch 241/600, Total: 1608.808498, Node: 951.336041, Link: 657.455586, Spread: 1.684289
Epoch 242/600, Total: 1615.028587, Node: 949.603813, Link: 665.407778, Spread: 1.702798
Epoch 243/600, Total: 1622.652075, Node: 949.166595, Link: 673.468806, Spread: 1.667401
Epoch 244/600, Total: 1635.060255, Node: 972.521673, Link: 662.521274, Spread: 1.735206
Epoch 245/600, Total: 1629.716702, Node: 957.370942, Link: 672.328502, Spread: 1.722748
Epoch 246/600, Total: 1626.245251, Node: 968.864312, Link: 657.363485, Spread: 1.745305
Epoch 247/600, Total: 1598.566288, Node: 954.867840, Link: 643.681548, Spread: 1.688422
Epoch 248/600, Total: 1580.610367, Node: 942.996650, Link: 637.597617, Spread: 1.611550
Epoch 249/600, Total: 1568.650200, Node: 930.788451, Link: 637.845516, Spread: 1.627188
Epoch 250/600, Total: 1569.772791, Node: 932.089681, Link: 637.667347, Spread: 1.577808
Epoch 251/600, Total: 1562.252544, Node: 930.120952, Link: 632.116043, Spread: 1.552141
Epoch 252/600, Total: 1565.180405, Node: 933.133460, Link: 632.031659, Spread: 1.530333
Epoch 253/600, Total: 1566.032335, Node: 929.109981, Link: 636.906822, Spread: 1.551657
Epoch 254/600, Total: 1563.860596, Node: 927.826353, Link: 636.018974, Spread: 1.527715
Epoch 255/600, Total: 1559.201574, Node: 930.883630, Link: 628.302511, Spread: 1.541132
Epoch 256/600, Total: 1574.963017, Node: 939.308123, Link: 635.639495, Spread: 1.537436
Epoch 257/600, Total: 1566.984329, Node: 936.848038, Link: 630.121324, Spread: 1.494944
Epoch 258/600, Total: 1559.953541, Node: 933.477617, Link: 626.461344, Spread: 1.457044
Epoch 259/600, Total: 1576.200230, Node: 938.914488, Link: 637.271667, Spread: 1.410391
Epoch 260/600, Total: 1560.905689, Node: 935.705521, Link: 625.185876, Spread: 1.430347
Epoch 261/600, Total: 1546.309500, Node: 924.916695, Link: 621.378312, Spread: 1.446850
Epoch 262/600, Total: 1546.289145, Node: 924.891486, Link: 621.383042, Spread: 1.462243
Epoch 263/600, Total: 1552.380037, Node: 928.476473, Link: 623.888875, Spread: 1.468825
Epoch 264/600, Total: 1560.759766, Node: 931.904565, Link: 628.840728, Spread: 1.446860
Epoch 265/600, Total: 1559.299616, Node: 931.544477, Link: 627.740990, Spread: 1.416942
Epoch 266/600, Total: 1556.631124, Node: 930.048599, Link: 626.568497, Spread: 1.404146
Epoch 267/600, Total: 1560.751320, Node: 932.043822, Link: 628.693776, Spread: 1.369555
Epoch 268/600, Total: 1549.043135, Node: 931.001979, Link: 618.027546, Spread: 1.361968
Epoch 269/600, Total: 1552.155592, Node: 929.328647, Link: 622.813383, Spread: 1.360986
Epoch 270/600, Total: 1547.016012, Node: 927.382154, Link: 619.620115, Spread: 1.375202
Epoch 271/600, Total: 1552.456289, Node: 931.913750, Link: 620.528832, Spread: 1.371550
Epoch 272/600, Total: 1558.631506, Node: 931.853936, Link: 626.763962, Spread: 1.361128
Epoch 273/600, Total: 1547.441694, Node: 930.949574, Link: 616.478308, Spread: 1.383102
Epoch 274/600, Total: 1563.759485, Node: 938.672898, Link: 625.073178, Spread: 1.341542
Epoch 275/600, Total: 1576.303442, Node: 947.364735, Link: 628.925211, Spread: 1.348747
Epoch 276/600, Total: 1556.909121, Node: 926.923985, Link: 629.972377, Spread: 1.276743
Epoch 277/600, Total: 1539.845825, Node: 923.685840, Link: 616.147848, Spread: 1.211653
Epoch 278/600, Total: 1558.278063, Node: 938.627787, Link: 619.638104, Spread: 1.214809
Epoch 279/600, Total: 1556.700409, Node: 935.758821, Link: 620.929639, Spread: 1.197005
Epoch 280/600, Total: 1548.352467, Node: 930.190275, Link: 618.150161, Spread: 1.202628
Epoch 281/600, Total: 1546.314781, Node: 930.990192, Link: 615.312428, Spread: 1.217773
Epoch 282/600, Total: 1551.681744, Node: 930.221543, Link: 621.448038, Spread: 1.215251
Epoch 283/600, Total: 1546.491367, Node: 930.324563, Link: 616.154741, Spread: 1.205984
Epoch 284/600, Total: 1566.843815, Node: 932.555861, Link: 634.276154, Spread: 1.181313
Epoch 285/600, Total: 1547.189068, Node: 927.801592, Link: 619.375537, Spread: 1.191904
Epoch 286/600, Total: 1543.766405, Node: 931.930198, Link: 611.824220, Spread: 1.197237
Epoch 287/600, Total: 1552.850044, Node: 937.720713, Link: 615.117339, Spread: 1.198942
Epoch 288/600, Total: 1560.559069, Node: 939.921139, Link: 620.625784, Spread: 1.212506
Epoch 289/600, Total: 1541.810268, Node: 927.839240, Link: 613.959029, Spread: 1.198169
Epoch 290/600, Total: 1544.664268, Node: 929.370668, Link: 615.281656, Spread: 1.193684
Epoch 291/600, Total: 1559.551710, Node: 935.811951, Link: 623.727713, Spread: 1.204741
Epoch 292/600, Total: 1548.170719, Node: 933.337109, Link: 614.821376, Spread: 1.221900
Epoch 293/600, Total: 1548.289654, Node: 935.321531, Link: 612.955870, Spread: 1.224914
Epoch 294/600, Total: 1544.022736, Node: 930.208630, Link: 613.801691, Spread: 1.239327
Epoch 295/600, Total: 1548.370865, Node: 930.866454, Link: 617.492042, Spread: 1.236100
Epoch 296/600, Total: 1560.316010, Node: 936.139776, Link: 624.163633, Spread: 1.259643
Epoch 297/600, Total: 1559.193272, Node: 937.058155, Link: 622.122702, Spread: 1.241252
Epoch 298/600, Total: 1545.834293, Node: 932.192293, Link: 613.629552, Spread: 1.246604
Epoch 299/600, Total: 1550.955166, Node: 934.966252, Link: 615.976195, Spread: 1.271746
Epoch 300/600, Total: 1555.627563, Node: 937.855081, Link: 617.759789, Spread: 1.269521
Epoch 301/600, Total: 1540.334499, Node: 926.314337, Link: 614.007269, Spread: 1.286901
Epoch 302/600, Total: 1529.627022, Node: 921.560633, Link: 608.053550, Spread: 1.284236
Epoch 303/600, Total: 1533.792013, Node: 925.970397, Link: 607.808785, Spread: 1.281749
Epoch 304/600, Total: 1554.093008, Node: 931.394103, Link: 622.685877, Spread: 1.303953
Epoch 305/600, Total: 1535.522936, Node: 924.100989, Link: 611.408840, Spread: 1.314973
Epoch 306/600, Total: 1537.151855, Node: 929.173911, Link: 607.964488, Spread: 1.346905
Epoch 307/600, Total: 1536.812714, Node: 930.822616, Link: 605.976424, Spread: 1.366301
Epoch 308/600, Total: 1534.633806, Node: 924.762312, Link: 609.857718, Spread: 1.383325
Epoch 309/600, Total: 1534.197737, Node: 926.347965, Link: 607.835805, Spread: 1.393578
Epoch 310/600, Total: 1546.163214, Node: 936.303980, Link: 609.845076, Spread: 1.413742
Epoch 311/600, Total: 1529.123032, Node: 927.821702, Link: 601.287022, Spread: 1.431603
Epoch 312/600, Total: 1525.403131, Node: 922.564192, Link: 602.824402, Spread: 1.451951
Epoch 313/600, Total: 1549.578096, Node: 938.353399, Link: 611.209982, Spread: 1.468608
Epoch 314/600, Total: 1531.129009, Node: 928.239250, Link: 602.875146, Spread: 1.458750
Epoch 315/600, Total: 1539.893696, Node: 931.396361, Link: 608.482577, Spread: 1.473298
Epoch 316/600, Total: 1541.635656, Node: 932.144563, Link: 609.476230, Spread: 1.484563
Epoch 317/600, Total: 1536.997293, Node: 927.060834, Link: 609.921518, Spread: 1.493655
Epoch 318/600, Total: 1552.583874, Node: 936.168228, Link: 616.400548, Spread: 1.508153
Epoch 319/600, Total: 1561.768461, Node: 946.423396, Link: 615.329898, Spread: 1.520233
Epoch 320/600, Total: 1533.002909, Node: 929.302111, Link: 603.685630, Spread: 1.514379
Epoch 321/600, Total: 1545.111942, Node: 937.248455, Link: 607.848369, Spread: 1.513771
Epoch 322/600, Total: 1552.382130, Node: 942.155239, Link: 610.211712, Spread: 1.519988
Epoch 323/600, Total: 1559.138227, Node: 943.283307, Link: 615.839626, Spread: 1.535408
Epoch 324/600, Total: 1557.021345, Node: 949.432868, Link: 607.573035, Spread: 1.544629
Epoch 325/600, Total: 1538.519840, Node: 932.816044, Link: 605.688503, Spread: 1.529848
Epoch 326/600, Total: 1530.555452, Node: 930.499559, Link: 600.040468, Spread: 1.543568
Epoch 327/600, Total: 1553.326834, Node: 946.457039, Link: 606.854064, Spread: 1.573349
Epoch 328/600, Total: 1526.317173, Node: 928.317534, Link: 597.983914, Spread: 1.572515
Epoch 329/600, Total: 1533.653027, Node: 925.511963, Link: 608.125166, Spread: 1.590071
Epoch 330/600, Total: 1561.555412, Node: 947.034105, Link: 614.505233, Spread: 1.608422
Epoch 331/600, Total: 1543.556831, Node: 933.736108, Link: 609.804752, Spread: 1.600457
Epoch 332/600, Total: 1531.812689, Node: 923.533205, Link: 608.263746, Spread: 1.575354
Epoch 333/600, Total: 1541.270998, Node: 932.416561, Link: 608.838619, Spread: 1.582307
Epoch 334/600, Total: 1541.288589, Node: 929.656691, Link: 611.616153, Spread: 1.575604
Epoch 335/600, Total: 1524.551796, Node: 924.642832, Link: 599.893059, Spread: 1.590571
Epoch 336/600, Total: 1524.953333, Node: 921.124027, Link: 603.813750, Spread: 1.553322
Epoch 337/600, Total: 1530.430679, Node: 930.311941, Link: 600.102818, Spread: 1.590859
Epoch 338/600, Total: 1539.010508, Node: 930.966629, Link: 608.027596, Spread: 1.625952
Epoch 339/600, Total: 1545.103180, Node: 942.875181, Link: 602.211367, Spread: 1.664178
Epoch 340/600, Total: 1543.388817, Node: 944.298345, Link: 599.074077, Spread: 1.642925
Epoch 341/600, Total: 1543.699188, Node: 935.601617, Link: 608.081134, Spread: 1.646692
Epoch 342/600, Total: 1557.640261, Node: 941.610543, Link: 616.012742, Spread: 1.696361
Epoch 343/600, Total: 1526.319021, Node: 920.856798, Link: 605.445951, Spread: 1.627596
Epoch 344/600, Total: 1539.309368, Node: 930.440122, Link: 608.853129, Spread: 1.611213
Epoch 345/600, Total: 1536.774632, Node: 931.699708, Link: 605.058161, Spread: 1.675499
Epoch 346/600, Total: 1558.193192, Node: 940.716605, Link: 617.459829, Spread: 1.672742
Epoch 347/600, Total: 1544.068186, Node: 939.405196, Link: 604.646044, Spread: 1.693700
Epoch 348/600, Total: 1528.863029, Node: 931.310130, Link: 597.535851, Spread: 1.706435
Epoch 349/600, Total: 1539.322712, Node: 934.899291, Link: 604.406423, Spread: 1.697986
Epoch 350/600, Total: 1536.784206, Node: 935.362568, Link: 601.404400, Spread: 1.724857
Epoch 351/600, Total: 1542.874954, Node: 942.141995, Link: 600.715747, Spread: 1.719532
Epoch 352/600, Total: 1534.195454, Node: 930.263619, Link: 603.914416, Spread: 1.740554
Epoch 353/600, Total: 1520.114265, Node: 919.907466, Link: 600.188984, Spread: 1.779934
Epoch 354/600, Total: 1547.769016, Node: 928.083546, Link: 619.667612, Spread: 1.788498
Epoch 355/600, Total: 1511.147411, Node: 919.084702, Link: 592.044694, Spread: 1.799346
Epoch 356/600, Total: 1522.200577, Node: 923.866528, Link: 598.315671, Spread: 1.840649
Epoch 357/600, Total: 1516.087458, Node: 921.042606, Link: 595.026883, Spread: 1.793523
Epoch 358/600, Total: 1521.894741, Node: 925.273553, Link: 596.603128, Spread: 1.806636
Epoch 359/600, Total: 1582.852602, Node: 956.983610, Link: 625.850672, Spread: 1.833527
Epoch 360/600, Total: 1546.443996, Node: 938.252946, Link: 608.172960, Spread: 1.809556
Epoch 361/600, Total: 1524.254017, Node: 921.847852, Link: 602.388153, Spread: 1.802086
Epoch 362/600, Total: 1534.024359, Node: 929.921766, Link: 604.084803, Spread: 1.779935
Epoch 363/600, Total: 1561.981186, Node: 945.531076, Link: 616.431967, Spread: 1.816744
Epoch 364/600, Total: 1527.431078, Node: 929.533293, Link: 597.879694, Spread: 1.810883
Epoch 365/600, Total: 1516.606800, Node: 922.314138, Link: 594.274453, Spread: 1.819428
Epoch 366/600, Total: 1522.215290, Node: 919.480980, Link: 602.716164, Spread: 1.815160
Epoch 367/600, Total: 1521.466463, Node: 925.609658, Link: 595.838269, Spread: 1.851401
Epoch 368/600, Total: 1538.308374, Node: 942.261478, Link: 596.028408, Spread: 1.845110
Epoch 369/600, Total: 1550.710611, Node: 948.743920, Link: 601.947929, Spread: 1.873785
Epoch 370/600, Total: 1520.537949, Node: 925.507759, Link: 595.011591, Spread: 1.860618
Epoch 371/600, Total: 1560.218769, Node: 952.641804, Link: 607.558098, Spread: 1.886934
Epoch 372/600, Total: 1557.515104, Node: 937.837941, Link: 619.658700, Spread: 1.844821
Epoch 373/600, Total: 1523.038567, Node: 922.585876, Link: 600.433843, Spread: 1.885110
Epoch 374/600, Total: 1513.054592, Node: 918.974532, Link: 594.061405, Spread: 1.868312
Epoch 375/600, Total: 1497.384705, Node: 909.389329, Link: 587.977145, Spread: 1.822889
Epoch 376/600, Total: 1509.243303, Node: 912.805333, Link: 596.419789, Spread: 1.818122
Epoch 377/600, Total: 1536.419327, Node: 938.808368, Link: 597.592427, Spread: 1.852913
Epoch 378/600, Total: 1526.398788, Node: 923.287961, Link: 603.092188, Spread: 1.864281
Epoch 379/600, Total: 1526.822056, Node: 918.737919, Link: 608.065723, Spread: 1.840935
Epoch 380/600, Total: 1521.389507, Node: 920.429233, Link: 600.941992, Spread: 1.823706
Epoch 381/600, Total: 1517.258274, Node: 922.000577, Link: 595.239225, Spread: 1.848578
Epoch 382/600, Total: 1530.862585, Node: 927.715623, Link: 603.128816, Spread: 1.818182
Epoch 383/600, Total: 1547.185158, Node: 940.524441, Link: 606.641997, Spread: 1.870919
Epoch 384/600, Total: 1525.024361, Node: 926.224425, Link: 598.780956, Spread: 1.896869
Epoch 385/600, Total: 1516.731461, Node: 915.544448, Link: 601.167695, Spread: 1.931414
Epoch 386/600, Total: 1508.265720, Node: 913.596464, Link: 594.649019, Spread: 2.021446
Epoch 387/600, Total: 1526.141573, Node: 921.809920, Link: 604.311028, Spread: 2.065600
Epoch 388/600, Total: 1513.410315, Node: 916.504172, Link: 596.884885, Spread: 2.125097
Epoch 389/600, Total: 1515.281038, Node: 915.952082, Link: 599.308204, Spread: 2.072543
Epoch 390/600, Total: 1540.590378, Node: 924.129425, Link: 616.439390, Spread: 2.158070
Epoch 391/600, Total: 1513.926216, Node: 919.168510, Link: 594.735627, Spread: 2.207211
Epoch 392/600, Total: 1561.068853, Node: 946.240845, Link: 614.805816, Spread: 2.218504
Epoch 393/600, Total: 1513.648930, Node: 917.022611, Link: 596.604514, Spread: 2.181422
Epoch 394/600, Total: 1514.451277, Node: 914.347890, Link: 600.081597, Spread: 2.183053
Epoch 395/600, Total: 1516.402613, Node: 921.792114, Link: 594.588477, Spread: 2.201772
Epoch 396/600, Total: 1515.782391, Node: 917.765951, Link: 597.994444, Spread: 2.197491
Epoch 397/600, Total: 1517.295357, Node: 917.727927, Link: 599.545028, Spread: 2.241295
Epoch 398/600, Total: 1516.239714, Node: 913.213867, Link: 603.002545, Spread: 2.328903
Epoch 399/600, Total: 1507.660118, Node: 915.657696, Link: 591.978389, Spread: 2.404483
Epoch 400/600, Total: 1514.669724, Node: 920.594471, Link: 594.051118, Spread: 2.412158
Epoch 401/600, Total: 1538.203915, Node: 931.012417, Link: 607.167226, Spread: 2.427419
Epoch 402/600, Total: 1499.156382, Node: 909.851691, Link: 589.280926, Spread: 2.378274
Epoch 403/600, Total: 1498.741333, Node: 913.820045, Link: 584.898001, Spread: 2.329253
Epoch 404/600, Total: 1517.846582, Node: 920.588149, Link: 597.234595, Spread: 2.384546
Epoch 405/600, Total: 1493.364132, Node: 903.110923, Link: 590.228913, Spread: 2.428986
Epoch 406/600, Total: 1516.506647, Node: 918.272204, Link: 598.210890, Spread: 2.353372
Epoch 407/600, Total: 1502.334146, Node: 912.090185, Link: 590.220857, Spread: 2.308552
Epoch 408/600, Total: 1515.759008, Node: 920.403906, Link: 595.331607, Spread: 2.348218
Epoch 409/600, Total: 1508.736696, Node: 918.901850, Link: 589.811612, Spread: 2.325303
Epoch 410/600, Total: 1520.814669, Node: 918.911927, Link: 601.880000, Spread: 2.277992
Epoch 411/600, Total: 1496.759989, Node: 910.832231, Link: 585.904839, Spread: 2.288231
Epoch 412/600, Total: 1536.945278, Node: 927.586168, Link: 609.336160, Spread: 2.295355
Epoch 413/600, Total: 1552.653965, Node: 950.688403, Link: 601.942188, Spread: 2.339421
Epoch 414/600, Total: 1508.459705, Node: 917.261199, Link: 591.176096, Spread: 2.243699
Epoch 415/600, Total: 1530.627077, Node: 924.823560, Link: 605.780091, Spread: 2.341998
Epoch 416/600, Total: 1507.769329, Node: 917.840762, Link: 589.905130, Spread: 2.342956
Epoch 417/600, Total: 1524.103662, Node: 931.440490, Link: 592.639533, Spread: 2.362510
Epoch 418/600, Total: 1511.028011, Node: 915.724605, Link: 595.279740, Spread: 2.365755
Epoch 419/600, Total: 1520.843901, Node: 922.014901, Link: 598.805276, Spread: 2.369861
Epoch 420/600, Total: 1521.385138, Node: 927.655199, Link: 593.705996, Spread: 2.398572
Epoch 421/600, Total: 1528.233416, Node: 930.313410, Link: 597.896346, Spread: 2.369521
Epoch 422/600, Total: 1547.405252, Node: 941.815099, Link: 605.566702, Spread: 2.342835
Epoch 423/600, Total: 1541.686783, Node: 943.339421, Link: 598.323822, Spread: 2.353804
Epoch 424/600, Total: 1505.464787, Node: 918.743366, Link: 586.698111, Spread: 2.327275
Epoch 425/600, Total: 1528.110657, Node: 931.210141, Link: 596.876379, Spread: 2.413336
Epoch 426/600, Total: 1504.680233, Node: 915.484859, Link: 589.170589, Spread: 2.478512
Epoch 427/600, Total: 1514.826681, Node: 923.806102, Link: 590.995606, Spread: 2.500857
Epoch 428/600, Total: 1504.728226, Node: 912.461076, Link: 592.242572, Spread: 2.459613
Epoch 429/600, Total: 1510.473427, Node: 923.519981, Link: 586.928597, Spread: 2.486477
Epoch 430/600, Total: 1528.751774, Node: 925.457589, Link: 603.269181, Spread: 2.503584
Epoch 431/600, Total: 1488.229527, Node: 905.856491, Link: 582.348808, Spread: 2.420639
Epoch 432/600, Total: 1494.941399, Node: 905.210619, Link: 589.707248, Spread: 2.353938
Epoch 433/600, Total: 1501.838175, Node: 914.055772, Link: 587.759489, Spread: 2.293878
Epoch 434/600, Total: 1502.689812, Node: 913.486632, Link: 589.179745, Spread: 2.343367
Epoch 435/600, Total: 1522.478659, Node: 920.089857, Link: 602.365073, Spread: 2.374907
Epoch 436/600, Total: 1517.437656, Node: 916.296719, Link: 601.116815, Spread: 2.411639
Epoch 437/600, Total: 1503.570143, Node: 914.342626, Link: 589.203265, Spread: 2.424244
Epoch 438/600, Total: 1498.211269, Node: 911.713421, Link: 586.474359, Spread: 2.349997
Epoch 439/600, Total: 1517.206900, Node: 922.411042, Link: 594.772301, Spread: 2.355244
Epoch 440/600, Total: 1507.616837, Node: 913.532321, Link: 594.061045, Spread: 2.348909
Epoch 441/600, Total: 1551.429874, Node: 938.518217, Link: 612.888096, Spread: 2.358260
Epoch 442/600, Total: 1488.977304, Node: 909.509622, Link: 579.444842, Spread: 2.284656
Epoch 443/600, Total: 1524.256937, Node: 918.190221, Link: 606.043637, Spread: 2.311534
Epoch 444/600, Total: 1523.691729, Node: 921.815105, Link: 601.854113, Spread: 2.251946
Epoch 445/600, Total: 1495.978270, Node: 909.435160, Link: 586.520872, Spread: 2.225984
Epoch 446/600, Total: 1494.353201, Node: 912.180882, Link: 582.150813, Spread: 2.151406
Epoch 447/600, Total: 1520.512808, Node: 927.349714, Link: 593.140708, Spread: 2.235638
Epoch 448/600, Total: 1512.936125, Node: 916.403291, Link: 596.509947, Spread: 2.289170
Epoch 449/600, Total: 1490.968639, Node: 906.701167, Link: 584.244484, Spread: 2.300268
Epoch 450/600, Total: 1519.565737, Node: 919.966534, Link: 599.575879, Spread: 2.334592
Epoch 451/600, Total: 1520.340944, Node: 930.192394, Link: 590.124893, Spread: 2.366610
Epoch 452/600, Total: 1530.895037, Node: 935.931632, Link: 594.939658, Spread: 2.373499
Epoch 453/600, Total: 1489.821129, Node: 909.594932, Link: 580.201410, Spread: 2.482667
Epoch 454/600, Total: 1498.775618, Node: 915.294876, Link: 583.456436, Spread: 2.432480
Epoch 455/600, Total: 1507.440964, Node: 913.948070, Link: 593.468095, Spread: 2.479457
Epoch 456/600, Total: 1501.097698, Node: 910.794646, Link: 590.277056, Spread: 2.601415
Epoch 457/600, Total: 1501.104683, Node: 909.716407, Link: 591.362277, Spread: 2.598896
Epoch 458/600, Total: 1493.785435, Node: 907.993269, Link: 585.766521, Spread: 2.562462
Epoch 459/600, Total: 1512.050762, Node: 918.437763, Link: 593.586786, Spread: 2.620004
Epoch 460/600, Total: 1517.568600, Node: 925.891567, Link: 591.649584, Spread: 2.743495
Epoch 461/600, Total: 1519.663275, Node: 922.528202, Link: 597.107699, Spread: 2.738805
Epoch 462/600, Total: 1505.574072, Node: 917.136715, Link: 588.410476, Spread: 2.688733
Epoch 463/600, Total: 1510.070726, Node: 908.734584, Link: 601.308708, Spread: 2.744027
Epoch 464/600, Total: 1502.812294, Node: 909.703022, Link: 593.081290, Spread: 2.799330
Epoch 465/600, Total: 1520.724070, Node: 931.824696, Link: 588.871473, Spread: 2.791244
Epoch 466/600, Total: 1488.912729, Node: 907.531107, Link: 581.353358, Spread: 2.826834
Epoch 467/600, Total: 1532.630522, Node: 933.196069, Link: 599.405715, Spread: 2.874437
Epoch 468/600, Total: 1499.758326, Node: 915.119403, Link: 584.611044, Spread: 2.791361
Epoch 469/600, Total: 1513.773603, Node: 917.351459, Link: 596.395244, Spread: 2.690607
Epoch 470/600, Total: 1513.037895, Node: 927.920675, Link: 585.090661, Spread: 2.654443
Epoch 471/600, Total: 1554.772316, Node: 955.674064, Link: 599.071876, Spread: 2.641833
Epoch 472/600, Total: 1493.721186, Node: 906.658006, Link: 587.036463, Spread: 2.670377
Epoch 473/600, Total: 1498.508997, Node: 907.825899, Link: 590.657181, Spread: 2.590890
Epoch 474/600, Total: 1507.464022, Node: 914.273419, Link: 593.163352, Spread: 2.722692
Epoch 475/600, Total: 1541.128906, Node: 934.515619, Link: 606.584550, Spread: 2.873966
Epoch 476/600, Total: 1550.681622, Node: 948.326739, Link: 602.326079, Spread: 2.882006
Epoch 477/600, Total: 1489.070116, Node: 909.451385, Link: 579.589722, Spread: 2.898710
Epoch 478/600, Total: 1485.579407, Node: 903.682352, Link: 581.867809, Spread: 2.924923
Epoch 479/600, Total: 1498.167034, Node: 913.377029, Link: 584.760351, Spread: 2.965434
Epoch 480/600, Total: 1500.303951, Node: 910.443861, Link: 589.830095, Spread: 2.999903
Epoch 481/600, Total: 1502.301464, Node: 917.106449, Link: 585.164686, Spread: 3.031086
Epoch 482/600, Total: 1519.763630, Node: 928.145643, Link: 591.586452, Spread: 3.154737
Epoch 483/600, Total: 1513.277515, Node: 919.691238, Link: 593.554480, Spread: 3.180907
Epoch 484/600, Total: 1507.718061, Node: 917.220551, Link: 590.465052, Spread: 3.249613
Epoch 485/600, Total: 1513.551268, Node: 926.179449, Link: 587.339066, Spread: 3.276603
Epoch 486/600, Total: 1491.296749, Node: 913.248574, Link: 578.016256, Spread: 3.194176
Epoch 487/600, Total: 1518.085781, Node: 924.863114, Link: 593.189026, Spread: 3.362795
Epoch 488/600, Total: 1483.390154, Node: 905.422354, Link: 577.934998, Spread: 3.281439
Epoch 489/600, Total: 1498.784029, Node: 910.756678, Link: 587.993740, Spread: 3.361258
Epoch 490/600, Total: 1484.849485, Node: 904.606435, Link: 580.209582, Spread: 3.348169
Epoch 491/600, Total: 1508.298586, Node: 916.455197, Link: 591.810072, Spread: 3.332658
Epoch 492/600, Total: 1502.692299, Node: 914.270966, Link: 588.387786, Spread: 3.354960
Epoch 493/600, Total: 1521.628422, Node: 926.397792, Link: 595.195857, Spread: 3.474306
Epoch 494/600, Total: 1500.509756, Node: 917.492812, Link: 582.981368, Spread: 3.554558
Epoch 495/600, Total: 1506.673134, Node: 917.808913, Link: 588.829022, Spread: 3.519220
Epoch 496/600, Total: 1532.925549, Node: 934.256231, Link: 598.635216, Spread: 3.409538
Epoch 497/600, Total: 1495.812555, Node: 913.112208, Link: 582.665823, Spread: 3.451671
Epoch 498/600, Total: 1505.952805, Node: 916.087445, Link: 589.830669, Spread: 3.466393
Epoch 499/600, Total: 1541.706614, Node: 942.850600, Link: 598.821070, Spread: 3.493377
Epoch 500/600, Total: 1527.870361, Node: 939.047474, Link: 588.788824, Spread: 3.405792
Epoch 501/600, Total: 1559.557623, Node: 951.750519, Link: 607.772807, Spread: 3.426124
Epoch 502/600, Total: 1503.866394, Node: 917.015555, Link: 586.817144, Spread: 3.371251
Epoch 503/600, Total: 1519.877640, Node: 930.965703, Link: 588.877957, Spread: 3.398837
Epoch 504/600, Total: 1512.598192, Node: 920.852305, Link: 591.711340, Spread: 3.454369
Epoch 505/600, Total: 1493.764769, Node: 911.465371, Link: 582.264915, Spread: 3.446333
Epoch 506/600, Total: 1488.613110, Node: 907.274167, Link: 581.304012, Spread: 3.492982
Epoch 507/600, Total: 1500.402369, Node: 915.053494, Link: 585.313188, Spread: 3.570921
Epoch 508/600, Total: 1502.767300, Node: 915.264452, Link: 587.466795, Spread: 3.603679
Epoch 509/600, Total: 1499.739256, Node: 908.678348, Link: 591.024021, Spread: 3.686279
Epoch 510/600, Total: 1488.981577, Node: 905.980553, Link: 582.964122, Spread: 3.688259
Epoch 511/600, Total: 1499.553959, Node: 915.611786, Link: 583.904018, Spread: 3.814506
Epoch 512/600, Total: 1523.202175, Node: 930.061894, Link: 593.102666, Spread: 3.763236
Epoch 513/600, Total: 1491.701817, Node: 908.274670, Link: 583.389617, Spread: 3.749696
Epoch 514/600, Total: 1494.921257, Node: 913.773464, Link: 581.110300, Spread: 3.749844
Epoch 515/600, Total: 1506.196161, Node: 918.205676, Link: 587.952561, Spread: 3.790909
Epoch 516/600, Total: 1498.687719, Node: 907.809823, Link: 590.841113, Spread: 3.680453
Epoch 517/600, Total: 1510.193472, Node: 911.349616, Link: 598.806348, Spread: 3.750156
Epoch 518/600, Total: 1495.107101, Node: 910.603435, Link: 584.465688, Spread: 3.797121
Epoch 519/600, Total: 1575.877417, Node: 971.887607, Link: 603.950494, Spread: 3.933378
Epoch 520/600, Total: 1580.876219, Node: 940.846610, Link: 639.990716, Spread: 3.890723
Epoch 521/600, Total: 1519.548885, Node: 918.147107, Link: 601.364601, Spread: 3.719911
Epoch 522/600, Total: 1511.465467, Node: 918.224596, Link: 593.203539, Spread: 3.732604
Epoch 523/600, Total: 1499.907885, Node: 920.915939, Link: 578.954222, Spread: 3.773670
Epoch 524/600, Total: 1501.796202, Node: 917.165088, Link: 584.593308, Spread: 3.782647
Epoch 525/600, Total: 1494.324057, Node: 907.319992, Link: 586.965214, Spread: 3.886522
Epoch 526/600, Total: 1501.517410, Node: 918.869656, Link: 582.609307, Spread: 3.845248
Epoch 527/600, Total: 1516.932005, Node: 930.482323, Link: 586.411001, Spread: 3.868198
Epoch 528/600, Total: 1526.086323, Node: 937.357199, Link: 588.691153, Spread: 3.796584
Epoch 529/600, Total: 1518.245363, Node: 933.819764, Link: 584.386986, Spread: 3.861455
Epoch 530/600, Total: 1507.688122, Node: 917.011538, Link: 590.639023, Spread: 3.757649
Epoch 531/600, Total: 1497.320919, Node: 912.550776, Link: 584.732219, Spread: 3.794218
Epoch 532/600, Total: 1503.094847, Node: 914.329517, Link: 588.726872, Spread: 3.845821
Epoch 533/600, Total: 1493.954624, Node: 908.079270, Link: 585.838265, Spread: 3.706421
Epoch 534/600, Total: 1494.918606, Node: 915.009535, Link: 579.871756, Spread: 3.730714
Epoch 535/600, Total: 1516.447334, Node: 928.708191, Link: 587.701184, Spread: 3.798599
Epoch 536/600, Total: 1490.536600, Node: 910.192959, Link: 580.305947, Spread: 3.773724
Epoch 537/600, Total: 1505.269388, Node: 913.435330, Link: 591.795310, Spread: 3.873634
Epoch 538/600, Total: 1525.332394, Node: 920.265664, Link: 605.027272, Spread: 3.942637
Epoch 539/600, Total: 1495.445333, Node: 910.354787, Link: 585.050034, Spread: 4.051383
Epoch 540/600, Total: 1496.537775, Node: 906.415292, Link: 590.081681, Spread: 4.080060
Epoch 541/600, Total: 1490.369652, Node: 904.676793, Link: 585.652142, Spread: 4.071259
Epoch 542/600, Total: 1486.910776, Node: 903.741643, Link: 583.128628, Spread: 4.050262
Epoch 543/600, Total: 1492.320597, Node: 908.997716, Link: 583.282515, Spread: 4.037906
Epoch 544/600, Total: 1517.565203, Node: 931.380421, Link: 586.142745, Spread: 4.203369
Epoch 545/600, Total: 1500.710344, Node: 914.974371, Link: 585.694720, Spread: 4.124677
Epoch 546/600, Total: 1510.215223, Node: 919.441316, Link: 590.732428, Spread: 4.147504
Epoch 547/600, Total: 1478.066746, Node: 900.817723, Link: 577.207445, Spread: 4.156554
Epoch 548/600, Total: 1528.753559, Node: 921.591864, Link: 607.119311, Spread: 4.237386
Epoch 549/600, Total: 1502.484482, Node: 914.452892, Link: 587.988722, Spread: 4.289098
Epoch 550/600, Total: 1494.844324, Node: 909.709281, Link: 585.091881, Spread: 4.313700
Epoch 551/600, Total: 1496.966524, Node: 912.926032, Link: 583.997965, Spread: 4.253651
Epoch 552/600, Total: 1506.719845, Node: 926.247341, Link: 580.428810, Spread: 4.371501
Epoch 553/600, Total: 1506.480982, Node: 919.223940, Link: 587.214326, Spread: 4.270209
Epoch 554/600, Total: 1497.545773, Node: 910.146908, Link: 587.355332, Spread: 4.354094
Epoch 555/600, Total: 1529.416613, Node: 934.668564, Link: 594.703101, Spread: 4.497842
Epoch 556/600, Total: 1488.711420, Node: 904.551238, Link: 584.116004, Spread: 4.417593
Epoch 557/600, Total: 1491.944202, Node: 911.367682, Link: 580.532277, Spread: 4.423402
Epoch 558/600, Total: 1514.334993, Node: 925.834520, Link: 588.454443, Spread: 4.604209
Epoch 559/600, Total: 1523.096323, Node: 929.374416, Link: 593.675308, Spread: 4.659639
Epoch 560/600, Total: 1498.695604, Node: 915.790249, Link: 582.859645, Spread: 4.568944
Epoch 561/600, Total: 1485.082735, Node: 905.157309, Link: 579.879943, Spread: 4.546501
Epoch 562/600, Total: 1495.386419, Node: 910.958866, Link: 584.380811, Spread: 4.677949
Epoch 563/600, Total: 1492.051826, Node: 906.578492, Link: 585.426397, Spread: 4.696539
Epoch 564/600, Total: 1510.593067, Node: 925.759354, Link: 584.785615, Spread: 4.811579
Epoch 565/600, Total: 1510.496555, Node: 919.797986, Link: 590.650545, Spread: 4.799941
Epoch 566/600, Total: 1492.053345, Node: 906.589700, Link: 585.414495, Spread: 4.915138
Epoch 567/600, Total: 1505.288643, Node: 919.740165, Link: 585.498905, Spread: 4.957587
Epoch 568/600, Total: 1485.230772, Node: 906.100131, Link: 579.081555, Spread: 4.907242
Epoch 569/600, Total: 1497.807482, Node: 916.104507, Link: 581.652991, Spread: 5.001230
Epoch 570/600, Total: 1493.727600, Node: 913.520190, Link: 580.156951, Spread: 5.047074
Epoch 571/600, Total: 1498.117170, Node: 916.117010, Link: 581.948020, Spread: 5.214709
Epoch 572/600, Total: 1492.221964, Node: 916.789811, Link: 575.380910, Spread: 5.119214
Epoch 573/600, Total: 1502.636635, Node: 919.066091, Link: 583.519091, Spread: 5.149025
Epoch 574/600, Total: 1507.657310, Node: 925.638099, Link: 581.968082, Spread: 5.112188
Epoch 575/600, Total: 1488.353449, Node: 908.441306, Link: 579.860941, Spread: 5.117766
Epoch 576/600, Total: 1502.858339, Node: 918.582597, Link: 584.222775, Spread: 5.293590
Epoch 577/600, Total: 1480.492588, Node: 900.391058, Link: 580.047982, Spread: 5.355195
Epoch 578/600, Total: 1497.054239, Node: 913.969769, Link: 583.030701, Spread: 5.375981
Epoch 579/600, Total: 1522.451761, Node: 931.707635, Link: 590.689330, Spread: 5.480889
Epoch 580/600, Total: 1496.603151, Node: 913.471172, Link: 583.076976, Spread: 5.499023
Epoch 581/600, Total: 1510.250252, Node: 923.256598, Link: 586.937896, Spread: 5.574230
Epoch 582/600, Total: 1483.409061, Node: 908.029134, Link: 575.324658, Spread: 5.528366
Epoch 583/600, Total: 1498.311613, Node: 909.858882, Link: 588.396779, Spread: 5.596249
Epoch 584/600, Total: 1482.679449, Node: 906.773587, Link: 575.849699, Spread: 5.615910
Epoch 585/600, Total: 1503.178879, Node: 917.676918, Link: 585.445425, Spread: 5.651212
Epoch 586/600, Total: 1480.396244, Node: 905.108532, Link: 575.231037, Spread: 5.668004
Epoch 587/600, Total: 1487.798737, Node: 906.839871, Link: 580.902413, Spread: 5.647425
Epoch 588/600, Total: 1486.032763, Node: 913.616541, Link: 572.358020, Spread: 5.820426
Epoch 589/600, Total: 1484.699926, Node: 909.018744, Link: 575.623718, Spread: 5.746984
Epoch 590/600, Total: 1503.514811, Node: 916.573904, Link: 586.883117, Spread: 5.778203
Epoch 591/600, Total: 1486.738726, Node: 911.999272, Link: 574.681716, Spread: 5.774729
Epoch 592/600, Total: 1506.712292, Node: 924.420136, Link: 582.232576, Spread: 5.959027
Epoch 593/600, Total: 1493.829317, Node: 920.136967, Link: 573.632672, Spread: 5.965982
Epoch 594/600, Total: 1507.032904, Node: 925.798340, Link: 581.174437, Spread: 6.012719
Epoch 595/600, Total: 1486.655767, Node: 911.618633, Link: 574.976743, Spread: 6.036471
Epoch 596/600, Total: 1477.521893, Node: 904.936060, Link: 572.525174, Spread: 6.065138
Epoch 597/600, Total: 1491.189131, Node: 913.481656, Link: 577.646044, Spread: 6.144054
Epoch 598/600, Total: 1502.530680, Node: 911.662766, Link: 590.807565, Spread: 6.034945
Epoch 599/600, Total: 1510.867634, Node: 917.329962, Link: 593.476029, Spread: 6.165350
Epoch 600/600, Total: 1513.163710, Node: 927.281436, Link: 585.820095, Spread: 6.218848
Saved sweep result to: /homes/dameyer/ml-for-wdn-project-4/results/aggregated/gnn_training_sweep/net1_buffer=5_rollout=25_seed=42.json
Table value: 927.281436
