Filter:    enkf
Job:       240894
Array ID:  29
Seed:      71
Host:      assistant-4.GPU.CIT-EC.NET
Dataset:   hanoi

Running Hanoi GNN EnKF: 24 sensor counts × 1 sensor placements
2 sensors/type: 1.2859 ± 0.3465
3 sensors/type: 1.1297 ± 0.2608
4 sensors/type: 1.1591 ± 0.2896
5 sensors/type: 1.0549 ± 0.2729
6 sensors/type: 0.9827 ± 0.2496
7 sensors/type: 1.0264 ± 0.2678
8 sensors/type: 1.0055 ± 0.2790
9 sensors/type: 0.9824 ± 0.2721
10 sensors/type: 0.9431 ± 0.2582
11 sensors/type: 0.9438 ± 0.2395
12 sensors/type: 0.9323 ± 0.2667
13 sensors/type: 0.9054 ± 0.2524
14 sensors/type: 0.9562 ± 0.2699
15 sensors/type: 0.9062 ± 0.2521
16 sensors/type: 0.8921 ± 0.2601
17 sensors/type: 0.8973 ± 0.2579
18 sensors/type: 0.9057 ± 0.2602
19 sensors/type: 0.8615 ± 0.2313
20 sensors/type: 0.8790 ± 0.2549
21 sensors/type: 0.8384 ± 0.2486
22 sensors/type: 0.8640 ± 0.2473
23 sensors/type: 0.8245 ± 0.2426
24 sensors/type: 0.8394 ± 0.2342
25 sensors/type: 0.8541 ± 0.2513
Saved gnn EnKF result to: /homes/dameyer/ml-for-wdn-project-4/results/aggregated/hanoi_gnn_enkf_n_iters=1_ensemble_size=50_seed=71.npz
