Filter:    ekf
Job:       240635
Array ID:  4
Seed:      46
Host:      assistant-3.GPU.CIT-EC.NET
Dataset:   hanoi

Running Hanoi GNN EKF: 24 sensor counts × 1 sensor placements
2 sensors/type: 1.1711 ± 0.3012
3 sensors/type: 1.0431 ± 0.2573
4 sensors/type: 1.0576 ± 0.3048
5 sensors/type: 1.0797 ± 0.3010
6 sensors/type: 1.0294 ± 0.2762
7 sensors/type: 0.9852 ± 0.2814
8 sensors/type: 0.9535 ± 0.2647
9 sensors/type: 0.9717 ± 0.2651
10 sensors/type: 0.9566 ± 0.2668
11 sensors/type: 0.9831 ± 0.2742
12 sensors/type: 0.9455 ± 0.2754
13 sensors/type: 0.9244 ± 0.2688
14 sensors/type: 0.9472 ± 0.2785
15 sensors/type: 0.9109 ± 0.2538
16 sensors/type: 0.8926 ± 0.2585
17 sensors/type: 0.9117 ± 0.2623
18 sensors/type: 0.8653 ± 0.2446
19 sensors/type: 0.8648 ± 0.2514
20 sensors/type: 0.8984 ± 0.2505
21 sensors/type: 0.8787 ± 0.2623
22 sensors/type: 0.8489 ± 0.2484
23 sensors/type: 0.8973 ± 0.2664
24 sensors/type: 0.8465 ± 0.2599
25 sensors/type: 0.8300 ± 0.2626
Saved gnn EKF result to: /homes/dameyer/ml-for-wdn-project-4/results/aggregated/hanoi_gnn_ekf_n_iters=1_seed=46.npz
