Filter:    enkf
Job:       240900
Array ID:  5
Seed:      47
Host:      assistant-4.GPU.CIT-EC.NET
Dataset:   hanoi

Running Hanoi GNN EnKF: 24 sensor counts × 1 sensor placements
2 sensors/type: 1.1499 ± 0.2789
3 sensors/type: 1.3693 ± 0.3821
4 sensors/type: 1.1236 ± 0.2876
5 sensors/type: 1.0612 ± 0.2649
6 sensors/type: 1.0823 ± 0.2979
7 sensors/type: 1.0101 ± 0.2570
8 sensors/type: 0.9508 ± 0.2352
9 sensors/type: 0.9496 ± 0.2630
10 sensors/type: 0.9244 ± 0.2558
11 sensors/type: 0.9523 ± 0.2653
12 sensors/type: 0.9245 ± 0.2720
13 sensors/type: 0.9056 ± 0.2552
14 sensors/type: 0.9343 ± 0.2577
15 sensors/type: 0.9354 ± 0.2527
16 sensors/type: 0.9658 ± 0.2747
17 sensors/type: 0.8935 ± 0.2296
18 sensors/type: 0.8807 ± 0.2310
19 sensors/type: 0.8968 ± 0.2594
20 sensors/type: 0.8599 ± 0.2604
21 sensors/type: 0.8827 ± 0.2413
22 sensors/type: 0.8866 ± 0.2513
23 sensors/type: 0.8574 ± 0.2600
24 sensors/type: 0.8541 ± 0.2535
25 sensors/type: 0.8674 ± 0.2526
Saved gnn EnKF result to: /homes/dameyer/ml-for-wdn-project-4/results/aggregated/hanoi_gnn_enkf_n_iters=1_ensemble_size=50_seed=47.npz
