Filter:    enkf
Job:       241254
Array ID:  24
Seed:      66
Host:      assistant-4.GPU.CIT-EC.NET
Dataset:   hanoi

Running Hanoi GNN EnKF: 24 sensor counts × 1 sensor placements
2 sensors/type: 1.1063 ± 0.2551
3 sensors/type: 1.0609 ± 0.2795
4 sensors/type: 1.0746 ± 0.2606
5 sensors/type: 1.0314 ± 0.2695
6 sensors/type: 1.0532 ± 0.2881
7 sensors/type: 1.0780 ± 0.2778
8 sensors/type: 1.0184 ± 0.2590
9 sensors/type: 0.9353 ± 0.2707
10 sensors/type: 0.9615 ± 0.2800
11 sensors/type: 0.9438 ± 0.2598
12 sensors/type: 0.9371 ± 0.2493
13 sensors/type: 0.9313 ± 0.2481
14 sensors/type: 1.0016 ± 0.2762
15 sensors/type: 0.8893 ± 0.2390
16 sensors/type: 0.9010 ± 0.2190
17 sensors/type: 0.9119 ± 0.2552
18 sensors/type: 0.8998 ± 0.2514
19 sensors/type: 0.8828 ± 0.2436
20 sensors/type: 0.8754 ± 0.2604
21 sensors/type: 0.8589 ± 0.2432
22 sensors/type: 0.8508 ± 0.2426
23 sensors/type: 0.8736 ± 0.2392
24 sensors/type: 0.8474 ± 0.2490
25 sensors/type: 0.8542 ± 0.2463
Saved gnn EnKF result to: /homes/dameyer/ml-for-wdn-project-4/results/aggregated/hanoi_gnn_enkf_n_iters=1_ensemble_size=50_seed=66.npz
