================================
GNN training sweep
Job ID: 242695
Task ID: 24
Buffer size: 20
Rollout length: 1
================================
Running GNN sweep: dataset=Net1, buffer=20, rollout=1
Epoch 1/600, Total: 2102.620843, Node: 1292.250772, Link: 809.643896, Spread: 72.617835
Epoch 2/600, Total: 1976.400061, Node: 1224.942849, Link: 751.169420, Spread: 28.779393
Epoch 3/600, Total: 1948.481616, Node: 1205.600164, Link: 742.754889, Spread: 12.655851
Epoch 4/600, Total: 1924.592364, Node: 1188.024761, Link: 736.501200, Spread: 6.640298
Epoch 5/600, Total: 1903.538120, Node: 1172.183446, Link: 731.314196, Spread: 4.047406
Epoch 6/600, Total: 1893.103967, Node: 1164.468019, Link: 728.606108, Spread: 2.984402
Epoch 7/600, Total: 1874.407027, Node: 1150.196878, Link: 724.185298, Spread: 2.485924
Epoch 8/600, Total: 1855.974662, Node: 1136.403882, Link: 719.548819, Spread: 2.196472
Epoch 9/600, Total: 1870.958331, Node: 1136.347267, Link: 734.590987, Spread: 2.007852
Epoch 10/600, Total: 1867.177112, Node: 1130.869348, Link: 736.288886, Spread: 1.887598
Epoch 11/600, Total: 1860.311373, Node: 1125.487145, Link: 734.806225, Spread: 1.800160
Epoch 12/600, Total: 1867.455840, Node: 1133.745921, Link: 733.693507, Spread: 1.640909
Epoch 13/600, Total: 1858.472914, Node: 1125.489874, Link: 732.967223, Spread: 1.581641
Epoch 14/600, Total: 1851.798200, Node: 1119.788324, Link: 731.994178, Spread: 1.569656
Epoch 15/600, Total: 1847.187363, Node: 1116.044119, Link: 731.127613, Spread: 1.562889
Epoch 16/600, Total: 1843.637205, Node: 1113.299614, Link: 730.321950, Spread: 1.564300
Epoch 17/600, Total: 1840.753273, Node: 1111.133488, Link: 729.603999, Spread: 1.578020
Epoch 18/600, Total: 1838.447879, Node: 1109.503991, Link: 728.927833, Spread: 1.605354
Epoch 19/600, Total: 1835.881876, Node: 1107.679419, Link: 728.185985, Spread: 1.647597
Epoch 20/600, Total: 1833.624924, Node: 1106.163537, Link: 727.444367, Spread: 1.702124
Epoch 21/600, Total: 1831.690742, Node: 1104.832251, Link: 726.844902, Spread: 1.358619
Epoch 22/600, Total: 1829.136824, Node: 1103.337049, Link: 725.785797, Spread: 1.397463
Epoch 23/600, Total: 1827.037176, Node: 1101.958237, Link: 725.064341, Spread: 1.459743
Epoch 24/600, Total: 1842.196126, Node: 1117.747434, Link: 724.433814, Spread: 1.487477
Epoch 25/600, Total: 1831.033264, Node: 1106.999739, Link: 724.018428, Spread: 1.509953
Epoch 26/600, Total: 1825.381668, Node: 1101.929000, Link: 723.437287, Spread: 1.538213
Epoch 27/600, Total: 1821.982064, Node: 1099.127694, Link: 722.838764, Spread: 1.560517
Epoch 28/600, Total: 1819.620232, Node: 1097.320328, Link: 722.284198, Spread: 1.570576
Epoch 29/600, Total: 1817.939638, Node: 1096.127385, Link: 721.796556, Spread: 1.569763
Epoch 30/600, Total: 1816.344788, Node: 1094.986209, Link: 721.342994, Spread: 1.558660
Epoch 31/600, Total: 1814.997671, Node: 1094.047946, Link: 720.934319, Spread: 1.540498
Epoch 32/600, Total: 1813.901509, Node: 1093.298720, Link: 720.587607, Spread: 1.518376
Epoch 33/600, Total: 1812.906125, Node: 1092.618066, Link: 720.273105, Spread: 1.495365
Epoch 34/600, Total: 1811.896699, Node: 1091.901791, Link: 719.980161, Spread: 1.474662
Epoch 35/600, Total: 1811.214153, Node: 1091.467684, Link: 719.731884, Spread: 1.458507
Epoch 36/600, Total: 1810.389807, Node: 1090.905725, Link: 719.469607, Spread: 1.447345
Epoch 37/600, Total: 1809.665970, Node: 1090.423793, Link: 719.227756, Spread: 1.441468
Epoch 38/600, Total: 1808.876371, Node: 1090.194640, Link: 718.667302, Spread: 1.442960
Epoch 39/600, Total: 1808.579229, Node: 1089.770725, Link: 718.794084, Spread: 1.441970
Epoch 40/600, Total: 1807.966290, Node: 1089.339245, Link: 718.612623, Spread: 1.442350
Epoch 41/600, Total: 1807.516606, Node: 1089.103398, Link: 718.398804, Spread: 1.440405
Epoch 42/600, Total: 1809.342549, Node: 1088.406882, Link: 720.921265, Spread: 1.440656
Epoch 43/600, Total: 1806.939509, Node: 1088.477550, Link: 718.447441, Spread: 1.451573
Epoch 44/600, Total: 1806.048494, Node: 1087.985715, Link: 718.048427, Spread: 1.435968
Epoch 45/600, Total: 1805.741768, Node: 1087.852486, Link: 717.875247, Spread: 1.403863
Epoch 46/600, Total: 1805.357694, Node: 1087.608930, Link: 717.735170, Spread: 1.359013
Epoch 47/600, Total: 1805.159755, Node: 1087.509901, Link: 717.636805, Spread: 1.305336
Epoch 48/600, Total: 1804.854673, Node: 1087.297948, Link: 717.544276, Spread: 1.244639
Epoch 49/600, Total: 1804.861464, Node: 1087.335804, Link: 717.513866, Spread: 1.179109
Epoch 50/600, Total: 1804.559220, Node: 1087.106295, Link: 717.441832, Spread: 1.110096
Epoch 51/600, Total: 1804.563765, Node: 1087.147691, Link: 717.405665, Spread: 1.039965
Epoch 52/600, Total: 1804.296336, Node: 1086.933631, Link: 717.353010, Spread: 0.969529
Epoch 53/600, Total: 1804.345146, Node: 1087.013843, Link: 717.322296, Spread: 0.900741
Epoch 54/600, Total: 1804.103233, Node: 1086.826274, Link: 717.268623, Spread: 0.833909
Epoch 55/600, Total: 1804.186811, Node: 1086.947765, Link: 717.231348, Spread: 0.770330
Epoch 56/600, Total: 1803.882952, Node: 1086.725854, Link: 717.149997, Spread: 0.710200
Epoch 57/600, Total: 1803.806083, Node: 1086.679040, Link: 717.120501, Spread: 0.654349
Epoch 58/600, Total: 1804.765940, Node: 1087.034597, Link: 717.724572, Spread: 0.676814
Epoch 59/600, Total: 1803.626027, Node: 1086.827619, Link: 716.791402, Spread: 0.700766
Epoch 60/600, Total: 1803.544104, Node: 1086.683821, Link: 716.854012, Spread: 0.626887
Epoch 61/600, Total: 1803.425558, Node: 1086.534279, Link: 716.885579, Spread: 0.570467
Epoch 62/600, Total: 1803.468483, Node: 1086.547283, Link: 716.915960, Spread: 0.524083
Epoch 63/600, Total: 1803.342799, Node: 1086.434447, Link: 716.903497, Spread: 0.484988
Epoch 64/600, Total: 1803.229213, Node: 1086.301936, Link: 716.922756, Spread: 0.452324
Epoch 65/600, Total: 1803.116505, Node: 1086.215771, Link: 716.896495, Spread: 0.424625
Epoch 66/600, Total: 1803.067656, Node: 1086.179304, Link: 716.884339, Spread: 0.401667
Epoch 67/600, Total: 1803.003234, Node: 1086.147328, Link: 716.852073, Spread: 0.382993
Epoch 68/600, Total: 1806.644969, Node: 1089.880286, Link: 716.761007, Spread: 0.367836
Epoch 69/600, Total: 1802.907537, Node: 1086.043402, Link: 716.860630, Spread: 0.350711
Epoch 70/600, Total: 1808.169208, Node: 1090.632626, Link: 717.533586, Spread: 0.299267
Epoch 71/600, Total: 1804.636823, Node: 1087.600676, Link: 717.033405, Spread: 0.273728
Epoch 72/600, Total: 1802.532076, Node: 1085.574276, Link: 716.954924, Spread: 0.287594
Epoch 73/600, Total: 1802.104384, Node: 1085.026863, Link: 717.074677, Spread: 0.284409
Epoch 74/600, Total: 1801.774037, Node: 1084.813315, Link: 716.957917, Spread: 0.280386
Epoch 75/600, Total: 1801.475500, Node: 1084.673491, Link: 716.799164, Spread: 0.284922
Epoch 76/600, Total: 1801.225210, Node: 1084.559309, Link: 716.662938, Spread: 0.296438
Epoch 77/600, Total: 1800.996200, Node: 1084.472778, Link: 716.520269, Spread: 0.314622
Epoch 78/600, Total: 1802.810443, Node: 1085.474508, Link: 717.332526, Spread: 0.340751
Epoch 79/600, Total: 1801.017622, Node: 1084.621242, Link: 716.391928, Spread: 0.444941
Epoch 80/600, Total: 1800.813252, Node: 1084.540867, Link: 716.267627, Spread: 0.475889
Epoch 81/600, Total: 1800.708555, Node: 1084.521582, Link: 716.181880, Spread: 0.509085
Epoch 82/600, Total: 1800.534053, Node: 1084.432029, Link: 716.096551, Spread: 0.547337
Epoch 83/600, Total: 1800.431916, Node: 1084.416183, Link: 716.009845, Spread: 0.588594
Epoch 84/600, Total: 1800.274669, Node: 1084.337239, Link: 715.931109, Spread: 0.631686
Epoch 85/600, Total: 1800.318340, Node: 1084.141389, Link: 716.170147, Spread: 0.679592
Epoch 86/600, Total: 1799.997020, Node: 1084.234162, Link: 715.755644, Spread: 0.721663
Epoch 87/600, Total: 1799.819157, Node: 1084.120452, Link: 715.691116, Spread: 0.758430
Epoch 88/600, Total: 1799.683849, Node: 1084.044430, Link: 715.631464, Spread: 0.795326
Epoch 89/600, Total: 1799.619069, Node: 1084.029542, Link: 715.581237, Spread: 0.829076
Epoch 90/600, Total: 1799.559406, Node: 1084.014050, Link: 715.536766, Spread: 0.858732
Epoch 91/600, Total: 1799.512632, Node: 1084.005303, Link: 715.498484, Spread: 0.883944
Epoch 92/600, Total: 1799.466540, Node: 1083.989692, Link: 715.467804, Spread: 0.904566
Epoch 93/600, Total: 1800.584392, Node: 1085.100371, Link: 715.474871, Spread: 0.914921
Epoch 94/600, Total: 1800.199345, Node: 1084.723453, Link: 715.466753, Spread: 0.914085
Epoch 95/600, Total: 1799.958120, Node: 1084.509165, Link: 715.439791, Spread: 0.917112
Epoch 96/600, Total: 1799.785579, Node: 1084.363396, Link: 715.412990, Spread: 0.919376
Epoch 97/600, Total: 1799.667964, Node: 1084.267926, Link: 715.390843, Spread: 0.919759
Epoch 98/600, Total: 1799.585245, Node: 1084.202090, Link: 715.373975, Spread: 0.917819
Epoch 99/600, Total: 1799.536006, Node: 1083.995030, Link: 715.531858, Spread: 0.911814
Epoch 100/600, Total: 1802.463417, Node: 1086.025856, Link: 716.429199, Spread: 0.836231
Epoch 101/600, Total: 1802.361286, Node: 1086.297064, Link: 716.055591, Spread: 0.863413
Epoch 102/600, Total: 1802.295015, Node: 1086.247231, Link: 716.038934, Spread: 0.885250
Epoch 103/600, Total: 1802.256298, Node: 1086.200024, Link: 716.047255, Spread: 0.901901
Epoch 104/600, Total: 1802.209024, Node: 1086.134428, Link: 716.065465, Spread: 0.913545
Epoch 105/600, Total: 1802.148948, Node: 1086.052902, Link: 716.086840, Spread: 0.920502
Epoch 106/600, Total: 1802.068111, Node: 1085.949630, Link: 716.109250, Spread: 0.922884
Epoch 107/600, Total: 1801.984022, Node: 1085.842904, Link: 716.131913, Spread: 0.920757
Epoch 108/600, Total: 1801.925849, Node: 1085.763227, Link: 716.153485, Spread: 0.914381
Epoch 109/600, Total: 1801.872221, Node: 1085.690080, Link: 716.173099, Spread: 0.903996
Epoch 110/600, Total: 1801.817526, Node: 1085.617176, Link: 716.191451, Spread: 0.889761
Epoch 111/600, Total: 1801.763550, Node: 1085.546524, Link: 716.208305, Spread: 0.871954
Epoch 112/600, Total: 1801.711132, Node: 1085.479319, Link: 716.223302, Spread: 0.850955
Epoch 113/600, Total: 1801.661909, Node: 1085.417133, Link: 716.236510, Spread: 0.827206
Epoch 114/600, Total: 1801.617329, Node: 1085.361296, Link: 716.248026, Spread: 0.801202
Epoch 115/600, Total: 1801.575788, Node: 1085.310316, Link: 716.257738, Spread: 0.773414
Epoch 116/600, Total: 1801.531987, Node: 1085.259068, Link: 716.265473, Spread: 0.744321
Epoch 117/600, Total: 1801.476534, Node: 1085.197783, Link: 716.271608, Spread: 0.714371
Epoch 118/600, Total: 1801.403924, Node: 1085.122670, Link: 716.274412, Spread: 0.683954
Epoch 119/600, Total: 1801.352484, Node: 1085.071147, Link: 716.274801, Spread: 0.653483
Epoch 120/600, Total: 1801.320469, Node: 1085.040186, Link: 716.274052, Spread: 0.623317
Epoch 121/600, Total: 1801.296266, Node: 1085.016885, Link: 716.273446, Spread: 0.593716
Epoch 122/600, Total: 1801.284283, Node: 1085.004357, Link: 716.274275, Spread: 0.564913
Epoch 123/600, Total: 1801.285173, Node: 1085.003046, Link: 716.276755, Spread: 0.537104
Epoch 124/600, Total: 1801.292639, Node: 1085.007150, Link: 716.280391, Spread: 0.510414
Epoch 125/600, Total: 1801.301900, Node: 1085.012271, Link: 716.284779, Spread: 0.484950
Epoch 126/600, Total: 1801.314465, Node: 1085.020244, Link: 716.289616, Spread: 0.460775
Epoch 127/600, Total: 1801.327376, Node: 1085.028991, Link: 716.294001, Spread: 0.437878
Epoch 128/600, Total: 1801.326776, Node: 1085.027646, Link: 716.294967, Spread: 0.416257
Epoch 129/600, Total: 1801.299855, Node: 1085.006296, Link: 716.289600, Spread: 0.396010
Epoch 130/600, Total: 1801.287703, Node: 1084.997739, Link: 716.286196, Spread: 0.377000
Epoch 131/600, Total: 1801.286413, Node: 1084.996971, Link: 716.285856, Spread: 0.359183
Epoch 132/600, Total: 1801.287057, Node: 1084.997195, Link: 716.286428, Spread: 0.342541
Epoch 133/600, Total: 1801.289083, Node: 1084.998168, Link: 716.287646, Spread: 0.327026
Epoch 134/600, Total: 1801.290447, Node: 1084.997890, Link: 716.289431, Spread: 0.312580
Epoch 135/600, Total: 1801.290239, Node: 1084.995336, Link: 716.291915, Spread: 0.299149
Epoch 136/600, Total: 1801.289148, Node: 1084.990766, Link: 716.295515, Spread: 0.286684
Epoch 137/600, Total: 1801.294899, Node: 1084.990285, Link: 716.301871, Spread: 0.275129
Epoch 138/600, Total: 1801.329952, Node: 1085.014607, Link: 716.312704, Spread: 0.264453
Epoch 139/600, Total: 1801.390815, Node: 1085.065956, Link: 716.322318, Spread: 0.254635
Epoch 140/600, Total: 1801.408064, Node: 1085.083377, Link: 716.322231, Spread: 0.245631
Epoch 141/600, Total: 1801.415141, Node: 1085.088627, Link: 716.324136, Spread: 0.237333
Epoch 142/600, Total: 1801.433564, Node: 1085.105273, Link: 716.326000, Spread: 0.229746
Epoch 143/600, Total: 1801.438906, Node: 1085.108318, Link: 716.328357, Spread: 0.222809
Epoch 144/600, Total: 1801.447787, Node: 1085.114789, Link: 716.330831, Spread: 0.216467
Epoch 145/600, Total: 1801.457435, Node: 1085.121673, Link: 716.333659, Spread: 0.210660
Epoch 146/600, Total: 1801.470929, Node: 1085.132577, Link: 716.336296, Spread: 0.205338
Epoch 147/600, Total: 1801.466773, Node: 1085.125950, Link: 716.338809, Spread: 0.200488
Epoch 148/600, Total: 1801.451850, Node: 1085.110700, Link: 716.339190, Spread: 0.196103
Epoch 149/600, Total: 1801.441130, Node: 1085.102545, Link: 716.336667, Spread: 0.192076
Epoch 150/600, Total: 1801.419826, Node: 1085.084418, Link: 716.333525, Spread: 0.188328
Epoch 151/600, Total: 1801.397244, Node: 1085.064511, Link: 716.330886, Spread: 0.184788
Epoch 152/600, Total: 1801.381313, Node: 1085.051106, Link: 716.328391, Spread: 0.181376
Epoch 153/600, Total: 1801.366281, Node: 1085.039038, Link: 716.325465, Spread: 0.178076
Epoch 154/600, Total: 1801.340967, Node: 1085.017358, Link: 716.321863, Spread: 0.174840
Epoch 155/600, Total: 1801.319090, Node: 1084.999670, Link: 716.317702, Spread: 0.171649
Epoch 156/600, Total: 1801.285995, Node: 1084.973377, Link: 716.310928, Spread: 0.168451
Epoch 157/600, Total: 1801.223301, Node: 1084.913893, Link: 716.307757, Spread: 0.165299
Epoch 158/600, Total: 1801.114839, Node: 1084.812151, Link: 716.301064, Spread: 0.162163
Epoch 159/600, Total: 1801.077765, Node: 1084.776074, Link: 716.300103, Spread: 0.159163
Epoch 160/600, Total: 1801.058468, Node: 1084.754817, Link: 716.302085, Spread: 0.156442
Epoch 161/600, Total: 1801.000093, Node: 1084.709233, Link: 716.289326, Spread: 0.153623
Epoch 162/600, Total: 1801.030540, Node: 1084.744227, Link: 716.284805, Spread: 0.150937
Epoch 163/600, Total: 1801.014985, Node: 1084.724144, Link: 716.289359, Spread: 0.148459
Epoch 164/600, Total: 1800.998909, Node: 1084.710415, Link: 716.287032, Spread: 0.146045
Epoch 165/600, Total: 1800.976820, Node: 1084.687279, Link: 716.288108, Spread: 0.143771
Epoch 166/600, Total: 1800.810577, Node: 1084.513312, Link: 716.295849, Spread: 0.141789
Epoch 167/600, Total: 1800.878058, Node: 1084.596944, Link: 716.279706, Spread: 0.140069
Epoch 168/600, Total: 1801.273343, Node: 1084.984739, Link: 716.287214, Spread: 0.138368
Epoch 169/600, Total: 1801.054089, Node: 1084.755212, Link: 716.297520, Spread: 0.135803
Epoch 170/600, Total: 1800.946234, Node: 1084.664142, Link: 716.280749, Spread: 0.134764
Epoch 171/600, Total: 1801.291425, Node: 1084.998344, Link: 716.291755, Spread: 0.133195
Epoch 172/600, Total: 1800.959779, Node: 1084.659083, Link: 716.299380, Spread: 0.131319
Epoch 173/600, Total: 1801.041188, Node: 1084.755919, Link: 716.283966, Spread: 0.130240
Epoch 174/600, Total: 1801.455633, Node: 1085.153460, Link: 716.300893, Spread: 0.129182
Epoch 175/600, Total: 1801.105006, Node: 1084.799019, Link: 716.304719, Spread: 0.127770
Epoch 176/600, Total: 1801.060005, Node: 1084.773708, Link: 716.285032, Spread: 0.127324
Epoch 177/600, Total: 1801.397046, Node: 1085.102019, Link: 716.293767, Spread: 0.126468
Epoch 178/600, Total: 1801.095777, Node: 1084.795412, Link: 716.299114, Spread: 0.125423
Epoch 179/600, Total: 1800.975784, Node: 1084.715769, Link: 716.258764, Spread: 0.125192
Epoch 180/600, Total: 1801.296755, Node: 1085.020451, Link: 716.275055, Spread: 0.124569
Epoch 181/600, Total: 1801.013284, Node: 1084.733268, Link: 716.278774, Spread: 0.123723
Epoch 182/600, Total: 1801.006543, Node: 1084.747396, Link: 716.257902, Spread: 0.123807
Epoch 183/600, Total: 1801.507648, Node: 1085.217728, Link: 716.288679, Spread: 0.123424
Epoch 184/600, Total: 1801.022110, Node: 1084.737815, Link: 716.283059, Spread: 0.122856
Epoch 185/600, Total: 1800.888294, Node: 1084.639007, Link: 716.248047, Spread: 0.123186
Epoch 186/600, Total: 1801.249870, Node: 1084.989419, Link: 716.259219, Spread: 0.123058
Epoch 187/600, Total: 1800.977417, Node: 1084.727745, Link: 716.248439, Spread: 0.122647
Epoch 188/600, Total: 1801.106766, Node: 1084.834930, Link: 716.270602, Spread: 0.122869
Epoch 189/600, Total: 1801.241611, Node: 1084.982381, Link: 716.257997, Spread: 0.122860
Epoch 190/600, Total: 1801.054738, Node: 1084.807470, Link: 716.246039, Spread: 0.122814
Epoch 191/600, Total: 1801.075374, Node: 1084.825064, Link: 716.249081, Spread: 0.122860
Epoch 192/600, Total: 1801.094080, Node: 1084.852402, Link: 716.240453, Spread: 0.122908
Epoch 193/600, Total: 1800.924312, Node: 1084.691148, Link: 716.231939, Spread: 0.122862
Epoch 194/600, Total: 1800.936131, Node: 1084.700335, Link: 716.234573, Spread: 0.122973
Epoch 195/600, Total: 1801.089284, Node: 1084.848400, Link: 716.239654, Spread: 0.122938
Epoch 196/600, Total: 1800.926044, Node: 1084.696428, Link: 716.228391, Spread: 0.122845
Epoch 197/600, Total: 1801.047443, Node: 1084.805195, Link: 716.241018, Spread: 0.122905
Epoch 198/600, Total: 1800.934399, Node: 1084.703785, Link: 716.229384, Spread: 0.122824
Epoch 199/600, Total: 1801.037009, Node: 1084.793468, Link: 716.242310, Spread: 0.122766
Epoch 200/600, Total: 1800.929802, Node: 1084.696531, Link: 716.232041, Spread: 0.122646
Epoch 201/600, Total: 1801.026302, Node: 1084.779826, Link: 716.245247, Spread: 0.122551
Epoch 202/600, Total: 1800.944621, Node: 1084.706295, Link: 716.237101, Spread: 0.122389
Epoch 203/600, Total: 1801.015472, Node: 1084.765561, Link: 716.248684, Spread: 0.122236
Epoch 204/600, Total: 1800.949760, Node: 1084.706159, Link: 716.242378, Spread: 0.122031
Epoch 205/600, Total: 1801.004321, Node: 1084.749980, Link: 716.253117, Spread: 0.121822
Epoch 206/600, Total: 1800.947488, Node: 1084.698207, Link: 716.248063, Spread: 0.121563
Epoch 207/600, Total: 1800.992389, Node: 1084.733106, Link: 716.258066, Spread: 0.121303
Epoch 208/600, Total: 1800.933013, Node: 1084.677916, Link: 716.253877, Spread: 0.120991
Epoch 209/600, Total: 1800.981642, Node: 1084.716460, Link: 716.263966, Spread: 0.120687
Epoch 210/600, Total: 1800.907113, Node: 1084.646496, Link: 716.259411, Spread: 0.120325
Epoch 211/600, Total: 1800.978330, Node: 1084.705913, Link: 716.271210, Spread: 0.119984
Epoch 212/600, Total: 1800.872851, Node: 1084.607667, Link: 716.263978, Spread: 0.119573
Epoch 213/600, Total: 1800.979757, Node: 1084.699062, Link: 716.279495, Spread: 0.119200
Epoch 214/600, Total: 1800.844240, Node: 1084.574973, Link: 716.268074, Spread: 0.118748
Epoch 215/600, Total: 1800.966246, Node: 1084.677898, Link: 716.287163, Spread: 0.118333
Epoch 216/600, Total: 1800.834870, Node: 1084.559307, Link: 716.274388, Spread: 0.117866
Epoch 217/600, Total: 1800.938305, Node: 1084.643624, Link: 716.293511, Spread: 0.117397
Epoch 218/600, Total: 1800.832267, Node: 1084.549222, Link: 716.281881, Spread: 0.116938
Epoch 219/600, Total: 1800.896998, Node: 1084.597711, Link: 716.298125, Spread: 0.116429
Epoch 220/600, Total: 1800.827348, Node: 1084.537655, Link: 716.288540, Spread: 0.115988
Epoch 221/600, Total: 1800.854772, Node: 1084.555586, Link: 716.298040, Spread: 0.115450
Epoch 222/600, Total: 1800.834993, Node: 1084.546417, Link: 716.287434, Spread: 0.115006
Epoch 223/600, Total: 1800.807896, Node: 1084.513788, Link: 716.292967, Spread: 0.114405
Epoch 224/600, Total: 1800.771888, Node: 1084.478413, Link: 716.292335, Spread: 0.113946
Epoch 225/600, Total: 1800.768573, Node: 1084.463827, Link: 716.303605, Spread: 0.113432
Epoch 226/600, Total: 1800.705994, Node: 1084.401646, Link: 716.303206, Spread: 0.113105
Epoch 227/600, Total: 1800.738513, Node: 1084.423636, Link: 716.313744, Spread: 0.112812
Epoch 228/600, Total: 1800.720822, Node: 1084.406937, Link: 716.312757, Spread: 0.112763
Epoch 229/600, Total: 1800.724685, Node: 1084.397309, Link: 716.326249, Spread: 0.112773
Epoch 230/600, Total: 1800.684561, Node: 1084.358253, Link: 716.325188, Spread: 0.112990
Epoch 231/600, Total: 1800.692243, Node: 1084.352638, Link: 716.338477, Spread: 0.113262
Epoch 232/600, Total: 1800.638878, Node: 1084.303733, Link: 716.334006, Spread: 0.113611
Epoch 233/600, Total: 1800.651088, Node: 1084.308609, Link: 716.341342, Spread: 0.113885
Epoch 234/600, Total: 1800.611818, Node: 1084.281024, Link: 716.329656, Spread: 0.114002
Epoch 235/600, Total: 1800.616445, Node: 1084.282913, Link: 716.332398, Spread: 0.113754
Epoch 236/600, Total: 1800.572405, Node: 1084.253326, Link: 716.317957, Spread: 0.113042
Epoch 237/600, Total: 1800.585673, Node: 1084.265467, Link: 716.319088, Spread: 0.111935
Epoch 238/600, Total: 1800.547456, Node: 1084.238215, Link: 716.308137, Spread: 0.110662
Epoch 239/600, Total: 1800.566012, Node: 1084.253849, Link: 716.311077, Spread: 0.109210
Epoch 240/600, Total: 1800.532817, Node: 1084.228504, Link: 716.303241, Spread: 0.107769
Epoch 241/600, Total: 1800.555505, Node: 1084.247273, Link: 716.307169, Spread: 0.106242
Epoch 242/600, Total: 1800.526275, Node: 1084.224022, Link: 716.301199, Spread: 0.104789
Epoch 243/600, Total: 1800.552070, Node: 1084.245872, Link: 716.305154, Spread: 0.103283
Epoch 244/600, Total: 1800.521289, Node: 1084.219739, Link: 716.300517, Spread: 0.101862
Epoch 245/600, Total: 1800.545518, Node: 1084.240670, Link: 716.303829, Spread: 0.100403
Epoch 246/600, Total: 1800.515695, Node: 1084.214449, Link: 716.300250, Spread: 0.099028
Epoch 247/600, Total: 1800.537268, Node: 1084.233700, Link: 716.302591, Spread: 0.097630
Epoch 248/600, Total: 1800.510878, Node: 1084.209792, Link: 716.300118, Spread: 0.096305
Epoch 249/600, Total: 1800.527854, Node: 1084.225494, Link: 716.301403, Spread: 0.094974
Epoch 250/600, Total: 1800.506493, Node: 1084.205670, Link: 716.299885, Spread: 0.093700
Epoch 251/600, Total: 1800.517504, Node: 1084.216395, Link: 716.300187, Spread: 0.092435
Epoch 252/600, Total: 1800.501880, Node: 1084.201560, Link: 716.299407, Spread: 0.091212
Epoch 253/600, Total: 1800.506781, Node: 1084.206944, Link: 716.298936, Spread: 0.090009
Epoch 254/600, Total: 1800.496497, Node: 1084.196942, Link: 716.298665, Spread: 0.088837
Epoch 255/600, Total: 1800.495969, Node: 1084.197432, Link: 716.297661, Spread: 0.087692
Epoch 256/600, Total: 1800.490008, Node: 1084.191489, Link: 716.297654, Spread: 0.086570
Epoch 257/600, Total: 1800.485167, Node: 1084.188022, Link: 716.296293, Spread: 0.085477
Epoch 258/600, Total: 1800.482538, Node: 1084.185211, Link: 716.296486, Spread: 0.084403
Epoch 259/600, Total: 1800.474192, Node: 1084.178633, Link: 716.294730, Spread: 0.083361
Epoch 260/600, Total: 1800.474299, Node: 1084.178247, Link: 716.295233, Spread: 0.082333
Epoch 261/600, Total: 1800.462890, Node: 1084.169076, Link: 716.293002, Spread: 0.081339
Epoch 262/600, Total: 1800.465633, Node: 1084.170892, Link: 716.293936, Spread: 0.080353
Epoch 263/600, Total: 1800.451036, Node: 1084.159163, Link: 716.291078, Spread: 0.079403
Epoch 264/600, Total: 1800.456792, Node: 1084.163334, Link: 716.292677, Spread: 0.078456
Epoch 265/600, Total: 1800.438819, Node: 1084.149045, Link: 716.289005, Spread: 0.077550
Epoch 266/600, Total: 1800.447662, Node: 1084.155426, Link: 716.291477, Spread: 0.076640
Epoch 267/600, Total: 1800.426975, Node: 1084.139055, Link: 716.287162, Spread: 0.075772
Epoch 268/600, Total: 1800.438015, Node: 1084.146914, Link: 716.290357, Spread: 0.074899
Epoch 269/600, Total: 1800.415845, Node: 1084.129550, Link: 716.285558, Spread: 0.074065
Epoch 270/600, Total: 1800.427414, Node: 1084.137598, Link: 716.289090, Spread: 0.073225
Epoch 271/600, Total: 1800.405608, Node: 1084.120636, Link: 716.284253, Spread: 0.072422
Epoch 272/600, Total: 1800.415865, Node: 1084.127577, Link: 716.287572, Spread: 0.071614
Epoch 273/600, Total: 1800.396099, Node: 1084.112220, Link: 716.283169, Spread: 0.070838
Epoch 274/600, Total: 1800.403947, Node: 1084.117284, Link: 716.285958, Spread: 0.070061
Epoch 275/600, Total: 1800.387080, Node: 1084.104185, Link: 716.282192, Spread: 0.069311
Epoch 276/600, Total: 1800.392145, Node: 1084.107156, Link: 716.284303, Spread: 0.068564
Epoch 277/600, Total: 1800.378431, Node: 1084.096424, Link: 716.281321, Spread: 0.067838
Epoch 278/600, Total: 1800.380698, Node: 1084.097314, Link: 716.282706, Spread: 0.067116
Epoch 279/600, Total: 1800.370063, Node: 1084.088868, Link: 716.280523, Spread: 0.066413
Epoch 280/600, Total: 1800.369959, Node: 1084.088026, Link: 716.281268, Spread: 0.065717
Epoch 281/600, Total: 1800.361813, Node: 1084.081379, Link: 716.279773, Spread: 0.065034
Epoch 282/600, Total: 1800.360004, Node: 1084.079274, Link: 716.280084, Spread: 0.064360
Epoch 283/600, Total: 1800.353726, Node: 1084.073967, Link: 716.279118, Spread: 0.063697
Epoch 284/600, Total: 1800.350860, Node: 1084.071097, Link: 716.279135, Spread: 0.063042
Epoch 285/600, Total: 1800.345875, Node: 1084.066719, Link: 716.278533, Spread: 0.062398
Epoch 286/600, Total: 1800.342505, Node: 1084.063451, Link: 716.278429, Spread: 0.061761
Epoch 287/600, Total: 1800.338228, Node: 1084.059575, Link: 716.278037, Spread: 0.061132
Epoch 288/600, Total: 1800.334746, Node: 1084.056225, Link: 716.277909, Spread: 0.060512
Epoch 289/600, Total: 1800.330962, Node: 1084.052659, Link: 716.277700, Spread: 0.059899
Epoch 290/600, Total: 1800.327528, Node: 1084.049350, Link: 716.277591, Spread: 0.059292
Epoch 291/600, Total: 1800.324063, Node: 1084.045973, Link: 716.277506, Spread: 0.058693
Epoch 292/600, Total: 1800.320776, Node: 1084.042725, Link: 716.277473, Spread: 0.058099
Epoch 293/600, Total: 1800.317447, Node: 1084.039430, Link: 716.277442, Spread: 0.057513
Epoch 294/600, Total: 1800.314220, Node: 1084.036181, Link: 716.277472, Spread: 0.056932
Epoch 295/600, Total: 1800.310953, Node: 1084.032882, Link: 716.277512, Spread: 0.056357
Epoch 296/600, Total: 1800.307718, Node: 1084.029579, Link: 716.277583, Spread: 0.055788
Epoch 297/600, Total: 1800.304366, Node: 1084.026169, Link: 716.277651, Spread: 0.055225
Epoch 298/600, Total: 1800.300875, Node: 1084.022597, Link: 716.277741, Spread: 0.054667
Epoch 299/600, Total: 1800.297310, Node: 1084.018951, Link: 716.277823, Spread: 0.054115
Epoch 300/600, Total: 1800.293569, Node: 1084.015113, Link: 716.277922, Spread: 0.053569
Epoch 301/600, Total: 1800.289596, Node: 1084.011109, Link: 716.277963, Spread: 0.053028
Epoch 302/600, Total: 1800.285437, Node: 1084.006873, Link: 716.278040, Spread: 0.052493
Epoch 303/600, Total: 1800.281068, Node: 1084.002435, Link: 716.278116, Spread: 0.051964
Epoch 304/600, Total: 1800.276398, Node: 1083.997684, Link: 716.278202, Spread: 0.051439
Epoch 305/600, Total: 1800.271524, Node: 1083.992710, Link: 716.278308, Spread: 0.050920
Epoch 306/600, Total: 1800.266312, Node: 1083.987422, Link: 716.278388, Spread: 0.050407
Epoch 307/600, Total: 1800.260718, Node: 1083.981759, Link: 716.278464, Spread: 0.049898
Epoch 308/600, Total: 1800.254761, Node: 1083.975694, Link: 716.278571, Spread: 0.049395
Epoch 309/600, Total: 1800.248435, Node: 1083.969187, Link: 716.278758, Spread: 0.048897
Epoch 310/600, Total: 1800.241510, Node: 1083.962016, Link: 716.279005, Spread: 0.048404
Epoch 311/600, Total: 1800.233807, Node: 1083.954064, Link: 716.279256, Spread: 0.047918
Epoch 312/600, Total: 1800.225150, Node: 1083.945118, Link: 716.279551, Spread: 0.047438
Epoch 313/600, Total: 1800.215296, Node: 1083.934953, Link: 716.279863, Spread: 0.046964
Epoch 314/600, Total: 1800.203999, Node: 1083.923224, Link: 716.280301, Spread: 0.046498
Epoch 315/600, Total: 1800.191370, Node: 1083.910010, Link: 716.280893, Spread: 0.046040
Epoch 316/600, Total: 1800.178052, Node: 1083.895854, Link: 716.281740, Spread: 0.045590
Epoch 317/600, Total: 1800.165695, Node: 1083.882330, Link: 716.282907, Spread: 0.045148
Epoch 318/600, Total: 1800.156071, Node: 1083.871335, Link: 716.284279, Spread: 0.044711
Epoch 319/600, Total: 1800.149739, Node: 1083.863627, Link: 716.285662, Spread: 0.044279
Epoch 320/600, Total: 1800.145916, Node: 1083.858530, Link: 716.286942, Spread: 0.043850
Epoch 321/600, Total: 1800.143543, Node: 1083.855072, Link: 716.288033, Spread: 0.043423
Epoch 322/600, Total: 1800.141762, Node: 1083.852376, Link: 716.288949, Spread: 0.042999
Epoch 323/600, Total: 1800.140179, Node: 1083.850064, Link: 716.289683, Spread: 0.042579
Epoch 324/600, Total: 1800.138594, Node: 1083.847925, Link: 716.290247, Spread: 0.042162
Epoch 325/600, Total: 1800.136886, Node: 1083.845846, Link: 716.290625, Spread: 0.041750
Epoch 326/600, Total: 1800.135020, Node: 1083.843772, Link: 716.290838, Spread: 0.041342
Epoch 327/600, Total: 1800.133051, Node: 1083.841704, Link: 716.290936, Spread: 0.040938
Epoch 328/600, Total: 1800.130951, Node: 1083.839569, Link: 716.290975, Spread: 0.040539
Epoch 329/600, Total: 1800.128672, Node: 1083.837367, Link: 716.290905, Spread: 0.040144
Epoch 330/600, Total: 1800.126281, Node: 1083.835043, Link: 716.290842, Spread: 0.039752
Epoch 331/600, Total: 1800.123722, Node: 1083.832581, Link: 716.290752, Spread: 0.039364
Epoch 332/600, Total: 1800.121015, Node: 1083.829948, Link: 716.290683, Spread: 0.038979
Epoch 333/600, Total: 1800.118212, Node: 1083.827222, Link: 716.290613, Spread: 0.038598
Epoch 334/600, Total: 1800.115301, Node: 1083.824350, Link: 716.290574, Spread: 0.038220
Epoch 335/600, Total: 1800.112281, Node: 1083.821341, Link: 716.290567, Spread: 0.037845
Epoch 336/600, Total: 1800.109219, Node: 1083.818276, Link: 716.290576, Spread: 0.037473
Epoch 337/600, Total: 1800.106121, Node: 1083.815132, Link: 716.290624, Spread: 0.037104
Epoch 338/600, Total: 1800.103014, Node: 1083.811937, Link: 716.290715, Spread: 0.036738
Epoch 339/600, Total: 1800.099960, Node: 1083.808736, Link: 716.290865, Spread: 0.036375
Epoch 340/600, Total: 1800.096980, Node: 1083.805567, Link: 716.291060, Spread: 0.036014
Epoch 341/600, Total: 1800.093942, Node: 1083.802348, Link: 716.291245, Spread: 0.035657
Epoch 342/600, Total: 1800.091012, Node: 1083.799171, Link: 716.291493, Spread: 0.035302
Epoch 343/600, Total: 1800.088201, Node: 1083.796064, Link: 716.291795, Spread: 0.034951
Epoch 344/600, Total: 1800.085459, Node: 1083.793013, Link: 716.292104, Spread: 0.034602
Epoch 345/600, Total: 1800.082795, Node: 1083.789981, Link: 716.292471, Spread: 0.034256
Epoch 346/600, Total: 1800.080308, Node: 1083.787113, Link: 716.292855, Spread: 0.033914
Epoch 347/600, Total: 1800.077812, Node: 1083.784218, Link: 716.293258, Spread: 0.033574
Epoch 348/600, Total: 1800.075465, Node: 1083.781449, Link: 716.293679, Spread: 0.033237
Epoch 349/600, Total: 1800.073196, Node: 1083.778723, Link: 716.294136, Spread: 0.032904
Epoch 350/600, Total: 1800.071022, Node: 1083.776116, Link: 716.294572, Spread: 0.032573
Epoch 351/600, Total: 1800.068930, Node: 1083.773578, Link: 716.295020, Spread: 0.032245
Epoch 352/600, Total: 1800.066862, Node: 1083.771063, Link: 716.295470, Spread: 0.031920
Epoch 353/600, Total: 1800.064935, Node: 1083.768668, Link: 716.295942, Spread: 0.031598
Epoch 354/600, Total: 1800.062978, Node: 1083.766298, Link: 716.296359, Spread: 0.031279
Epoch 355/600, Total: 1800.061158, Node: 1083.764047, Link: 716.296791, Spread: 0.030963
Epoch 356/600, Total: 1800.059308, Node: 1083.761798, Link: 716.297190, Spread: 0.030650
Epoch 357/600, Total: 1800.057489, Node: 1083.759627, Link: 716.297545, Spread: 0.030339
Epoch 358/600, Total: 1800.055649, Node: 1083.757476, Link: 716.297860, Spread: 0.030032
Epoch 359/600, Total: 1800.053834, Node: 1083.755414, Link: 716.298112, Spread: 0.029727
Epoch 360/600, Total: 1800.052095, Node: 1083.753450, Link: 716.298342, Spread: 0.029425
Epoch 361/600, Total: 1800.050371, Node: 1083.751563, Link: 716.298506, Spread: 0.029127
Epoch 362/600, Total: 1800.048695, Node: 1083.749769, Link: 716.298623, Spread: 0.028831
Epoch 363/600, Total: 1800.047069, Node: 1083.748067, Link: 716.298705, Spread: 0.028538
Epoch 364/600, Total: 1800.045452, Node: 1083.746460, Link: 716.298698, Spread: 0.028248
Epoch 365/600, Total: 1800.043944, Node: 1083.744987, Link: 716.298669, Spread: 0.027960
Epoch 366/600, Total: 1800.042413, Node: 1083.743541, Link: 716.298582, Spread: 0.027676
Epoch 367/600, Total: 1800.041056, Node: 1083.742237, Link: 716.298534, Spread: 0.027394
Epoch 368/600, Total: 1800.039691, Node: 1083.741013, Link: 716.298399, Spread: 0.027116
Epoch 369/600, Total: 1800.038410, Node: 1083.739861, Link: 716.298273, Spread: 0.026840
Epoch 370/600, Total: 1800.037092, Node: 1083.738750, Link: 716.298068, Spread: 0.026567
Epoch 371/600, Total: 1800.035866, Node: 1083.737711, Link: 716.297883, Spread: 0.026297
Epoch 372/600, Total: 1800.034623, Node: 1083.736688, Link: 716.297668, Spread: 0.026030
Epoch 373/600, Total: 1800.033502, Node: 1083.735758, Link: 716.297486, Spread: 0.025766
Epoch 374/600, Total: 1800.032369, Node: 1083.734815, Link: 716.297298, Spread: 0.025504
Epoch 375/600, Total: 1800.031184, Node: 1083.733852, Link: 716.297080, Spread: 0.025246
Epoch 376/600, Total: 1800.030118, Node: 1083.733001, Link: 716.296871, Spread: 0.024990
Epoch 377/600, Total: 1800.028974, Node: 1083.732081, Link: 716.296648, Spread: 0.024738
Epoch 378/600, Total: 1800.027853, Node: 1083.731155, Link: 716.296458, Spread: 0.024488
Epoch 379/600, Total: 1800.026735, Node: 1083.730246, Link: 716.296256, Spread: 0.024241
Epoch 380/600, Total: 1800.025601, Node: 1083.729319, Link: 716.296049, Spread: 0.023996
Epoch 381/600, Total: 1800.024479, Node: 1083.728376, Link: 716.295874, Spread: 0.023755
Epoch 382/600, Total: 1800.023392, Node: 1083.727464, Link: 716.295703, Spread: 0.023516
Epoch 383/600, Total: 1800.022273, Node: 1083.726520, Link: 716.295529, Spread: 0.023280
Epoch 384/600, Total: 1800.021179, Node: 1083.725586, Link: 716.295369, Spread: 0.023047
Epoch 385/600, Total: 1800.020133, Node: 1083.724656, Link: 716.295258, Spread: 0.022817
Epoch 386/600, Total: 1800.019065, Node: 1083.723718, Link: 716.295139, Spread: 0.022589
Epoch 387/600, Total: 1800.018025, Node: 1083.722815, Link: 716.295002, Spread: 0.022365
Epoch 388/600, Total: 1800.017012, Node: 1083.721901, Link: 716.294902, Spread: 0.022143
Epoch 389/600, Total: 1800.015999, Node: 1083.721000, Link: 716.294794, Spread: 0.021924
Epoch 390/600, Total: 1800.015002, Node: 1083.720102, Link: 716.294703, Spread: 0.021707
Epoch 391/600, Total: 1800.014033, Node: 1083.719194, Link: 716.294640, Spread: 0.021494
Epoch 392/600, Total: 1800.013080, Node: 1083.718303, Link: 716.294576, Spread: 0.021283
Epoch 393/600, Total: 1800.012122, Node: 1083.717410, Link: 716.294516, Spread: 0.021075
Epoch 394/600, Total: 1800.011179, Node: 1083.716528, Link: 716.294457, Spread: 0.020870
Epoch 395/600, Total: 1800.010189, Node: 1083.715615, Link: 716.294386, Spread: 0.020667
Epoch 396/600, Total: 1800.009211, Node: 1083.714696, Link: 716.294326, Spread: 0.020467
Epoch 397/600, Total: 1800.008209, Node: 1083.713753, Link: 716.294270, Spread: 0.020270
Epoch 398/600, Total: 1800.007145, Node: 1083.712742, Link: 716.294219, Spread: 0.020076
Epoch 399/600, Total: 1800.006024, Node: 1083.711671, Link: 716.294168, Spread: 0.019884
Epoch 400/600, Total: 1800.004708, Node: 1083.710497, Link: 716.294032, Spread: 0.019694
Epoch 401/600, Total: 1800.003379, Node: 1083.709249, Link: 716.293950, Spread: 0.019507
Epoch 402/600, Total: 1800.001805, Node: 1083.707808, Link: 716.293820, Spread: 0.019323
Epoch 403/600, Total: 1800.000049, Node: 1083.706190, Link: 716.293680, Spread: 0.019140
Epoch 404/600, Total: 1799.997962, Node: 1083.704280, Link: 716.293510, Spread: 0.018960
Epoch 405/600, Total: 1799.995482, Node: 1083.702050, Link: 716.293257, Spread: 0.018782
Epoch 406/600, Total: 1799.992504, Node: 1083.699355, Link: 716.292975, Spread: 0.018606
Epoch 407/600, Total: 1799.988792, Node: 1083.696026, Link: 716.292594, Spread: 0.018432
Epoch 408/600, Total: 1799.983924, Node: 1083.691735, Link: 716.292018, Spread: 0.018259
Epoch 409/600, Total: 1799.977725, Node: 1083.686338, Link: 716.291219, Spread: 0.018088
Epoch 410/600, Total: 1799.970239, Node: 1083.679976, Link: 716.290096, Spread: 0.017918
Epoch 411/600, Total: 1799.962316, Node: 1083.673455, Link: 716.288694, Spread: 0.017748
Epoch 412/600, Total: 1799.954888, Node: 1083.667571, Link: 716.287147, Spread: 0.017578
Epoch 413/600, Total: 1799.948639, Node: 1083.662741, Link: 716.285730, Spread: 0.017409
Epoch 414/600, Total: 1799.943713, Node: 1083.658901, Link: 716.284647, Spread: 0.017243
Epoch 415/600, Total: 1799.939943, Node: 1083.655799, Link: 716.283980, Spread: 0.017078
Epoch 416/600, Total: 1799.937038, Node: 1083.653194, Link: 716.283681, Spread: 0.016917
Epoch 417/600, Total: 1799.934794, Node: 1083.650988, Link: 716.283647, Spread: 0.016760
Epoch 418/600, Total: 1799.932942, Node: 1083.649011, Link: 716.283771, Spread: 0.016606
Epoch 419/600, Total: 1799.931390, Node: 1083.647208, Link: 716.284024, Spread: 0.016455
Epoch 420/600, Total: 1799.929905, Node: 1083.645423, Link: 716.284322, Spread: 0.016307
Epoch 421/600, Total: 1799.928445, Node: 1083.643656, Link: 716.284629, Spread: 0.016162
Epoch 422/600, Total: 1799.927004, Node: 1083.641835, Link: 716.285011, Spread: 0.016019
Epoch 423/600, Total: 1799.925301, Node: 1083.639822, Link: 716.285323, Spread: 0.015878
Epoch 424/600, Total: 1799.923425, Node: 1083.637632, Link: 716.285641, Spread: 0.015740
Epoch 425/600, Total: 1799.921499, Node: 1083.635331, Link: 716.286015, Spread: 0.015603
Epoch 426/600, Total: 1799.919384, Node: 1083.632883, Link: 716.286349, Spread: 0.015467
Epoch 427/600, Total: 1799.917287, Node: 1083.630470, Link: 716.286666, Spread: 0.015333
Epoch 428/600, Total: 1799.915305, Node: 1083.628179, Link: 716.286976, Spread: 0.015200
Epoch 429/600, Total: 1799.913391, Node: 1083.626048, Link: 716.287191, Spread: 0.015069
Epoch 430/600, Total: 1799.911727, Node: 1083.624199, Link: 716.287379, Spread: 0.014938
Epoch 431/600, Total: 1799.910228, Node: 1083.622558, Link: 716.287518, Spread: 0.014809
Epoch 432/600, Total: 1799.908955, Node: 1083.621196, Link: 716.287612, Spread: 0.014680
Epoch 433/600, Total: 1799.907792, Node: 1083.619999, Link: 716.287648, Spread: 0.014553
Epoch 434/600, Total: 1799.906806, Node: 1083.618967, Link: 716.287693, Spread: 0.014427
Epoch 435/600, Total: 1799.905898, Node: 1083.618057, Link: 716.287698, Spread: 0.014302
Epoch 436/600, Total: 1799.904996, Node: 1083.617189, Link: 716.287659, Spread: 0.014178
Epoch 437/600, Total: 1799.904282, Node: 1083.616464, Link: 716.287677, Spread: 0.014055
Epoch 438/600, Total: 1799.903512, Node: 1083.615727, Link: 716.287647, Spread: 0.013933
Epoch 439/600, Total: 1799.902816, Node: 1083.615024, Link: 716.287652, Spread: 0.013813
Epoch 440/600, Total: 1799.902143, Node: 1083.614380, Link: 716.287623, Spread: 0.013693
Epoch 441/600, Total: 1799.901479, Node: 1083.613715, Link: 716.287628, Spread: 0.013575
Epoch 442/600, Total: 1799.900865, Node: 1083.613075, Link: 716.287656, Spread: 0.013458
Epoch 443/600, Total: 1799.900255, Node: 1083.612443, Link: 716.287678, Spread: 0.013342
Epoch 444/600, Total: 1799.899707, Node: 1083.611851, Link: 716.287726, Spread: 0.013227
Epoch 445/600, Total: 1799.899093, Node: 1083.611225, Link: 716.287739, Spread: 0.013114
Epoch 446/600, Total: 1799.898548, Node: 1083.610615, Link: 716.287806, Spread: 0.013002
Epoch 447/600, Total: 1799.897947, Node: 1083.610005, Link: 716.287814, Spread: 0.012892
Epoch 448/600, Total: 1799.897394, Node: 1083.609430, Link: 716.287840, Spread: 0.012782
Epoch 449/600, Total: 1799.896852, Node: 1083.608849, Link: 716.287876, Spread: 0.012674
Epoch 450/600, Total: 1799.896373, Node: 1083.608315, Link: 716.287931, Spread: 0.012568
Epoch 451/600, Total: 1799.895850, Node: 1083.607776, Link: 716.287951, Spread: 0.012463
Epoch 452/600, Total: 1799.895323, Node: 1083.607217, Link: 716.287982, Spread: 0.012359
Epoch 453/600, Total: 1799.894865, Node: 1083.606732, Link: 716.288011, Spread: 0.012256
Epoch 454/600, Total: 1799.894431, Node: 1083.606252, Link: 716.288058, Spread: 0.012155
Epoch 455/600, Total: 1799.893982, Node: 1083.605776, Link: 716.288088, Spread: 0.012054
Epoch 456/600, Total: 1799.893598, Node: 1083.605341, Link: 716.288137, Spread: 0.011955
Epoch 457/600, Total: 1799.893222, Node: 1083.604940, Link: 716.288165, Spread: 0.011858
Epoch 458/600, Total: 1799.892855, Node: 1083.604536, Link: 716.288206, Spread: 0.011761
Epoch 459/600, Total: 1799.892520, Node: 1083.604159, Link: 716.288242, Spread: 0.011666
Epoch 460/600, Total: 1799.892200, Node: 1083.603812, Link: 716.288277, Spread: 0.011572
Epoch 461/600, Total: 1799.891955, Node: 1083.603508, Link: 716.288335, Spread: 0.011479
Epoch 462/600, Total: 1799.891657, Node: 1083.603181, Link: 716.288366, Spread: 0.011387
Epoch 463/600, Total: 1799.891380, Node: 1083.602876, Link: 716.288395, Spread: 0.011296
Epoch 464/600, Total: 1799.891150, Node: 1083.602604, Link: 716.288436, Spread: 0.011207
Epoch 465/600, Total: 1799.890936, Node: 1083.602360, Link: 716.288466, Spread: 0.011119
Epoch 466/600, Total: 1799.890726, Node: 1083.602114, Link: 716.288505, Spread: 0.011031
Epoch 467/600, Total: 1799.890579, Node: 1083.601908, Link: 716.288566, Spread: 0.010945
Epoch 468/600, Total: 1799.890444, Node: 1083.601710, Link: 716.288629, Spread: 0.010861
Epoch 469/600, Total: 1799.890261, Node: 1083.601509, Link: 716.288646, Spread: 0.010777
Epoch 470/600, Total: 1799.890115, Node: 1083.601329, Link: 716.288683, Spread: 0.010694
Epoch 471/600, Total: 1799.889994, Node: 1083.601169, Link: 716.288725, Spread: 0.010613
Epoch 472/600, Total: 1799.889894, Node: 1083.601009, Link: 716.288782, Spread: 0.010532
Epoch 473/600, Total: 1799.889818, Node: 1083.600887, Link: 716.288829, Spread: 0.010453
Epoch 474/600, Total: 1799.889720, Node: 1083.600734, Link: 716.288884, Spread: 0.010374
Epoch 475/600, Total: 1799.889647, Node: 1083.600631, Link: 716.288914, Spread: 0.010297
Epoch 476/600, Total: 1799.889618, Node: 1083.600534, Link: 716.288983, Spread: 0.010221
Epoch 477/600, Total: 1799.889567, Node: 1083.600451, Link: 716.289015, Spread: 0.010145
Epoch 478/600, Total: 1799.889510, Node: 1083.600358, Link: 716.289051, Spread: 0.010071
Epoch 479/600, Total: 1799.889531, Node: 1083.600310, Link: 716.289127, Spread: 0.009998
Epoch 480/600, Total: 1799.889511, Node: 1083.600246, Link: 716.289168, Spread: 0.009926
Epoch 481/600, Total: 1799.889565, Node: 1083.600199, Link: 716.289268, Spread: 0.009854
Epoch 482/600, Total: 1799.889522, Node: 1083.600162, Link: 716.289267, Spread: 0.009784
Epoch 483/600, Total: 1799.889544, Node: 1083.600162, Link: 716.289286, Spread: 0.009715
Epoch 484/600, Total: 1799.889584, Node: 1083.600173, Link: 716.289315, Spread: 0.009646
Epoch 485/600, Total: 1799.889715, Node: 1083.600230, Link: 716.289392, Spread: 0.009579
Epoch 486/600, Total: 1799.889738, Node: 1083.600279, Link: 716.289369, Spread: 0.009513
Epoch 487/600, Total: 1799.889900, Node: 1083.600385, Link: 716.289421, Spread: 0.009448
Epoch 488/600, Total: 1799.890000, Node: 1083.600478, Link: 716.289433, Spread: 0.009383
Epoch 489/600, Total: 1799.890188, Node: 1083.600617, Link: 716.289481, Spread: 0.009320
Epoch 490/600, Total: 1799.890374, Node: 1083.600798, Link: 716.289486, Spread: 0.009258
Epoch 491/600, Total: 1799.890577, Node: 1083.601008, Link: 716.289481, Spread: 0.009197
Epoch 492/600, Total: 1799.890838, Node: 1083.601288, Link: 716.289463, Spread: 0.009136
Epoch 493/600, Total: 1799.891130, Node: 1083.601630, Link: 716.289418, Spread: 0.009077
Epoch 494/600, Total: 1799.891536, Node: 1083.602054, Link: 716.289396, Spread: 0.009019
Epoch 495/600, Total: 1799.892030, Node: 1083.602580, Link: 716.289364, Spread: 0.008962
Epoch 496/600, Total: 1799.892728, Node: 1083.603276, Link: 716.289366, Spread: 0.008905
Epoch 497/600, Total: 1799.893591, Node: 1083.604195, Link: 716.289310, Spread: 0.008850
Epoch 498/600, Total: 1799.894668, Node: 1083.605323, Link: 716.289259, Spread: 0.008796
Epoch 499/600, Total: 1799.896158, Node: 1083.606860, Link: 716.289217, Spread: 0.008743
Epoch 500/600, Total: 1799.898053, Node: 1083.608803, Link: 716.289165, Spread: 0.008691
Epoch 501/600, Total: 1799.900412, Node: 1083.611214, Link: 716.289115, Spread: 0.008641
Epoch 502/600, Total: 1799.903191, Node: 1083.614047, Link: 716.289059, Spread: 0.008591
Epoch 503/600, Total: 1799.906197, Node: 1083.617108, Link: 716.289005, Spread: 0.008542
Epoch 504/600, Total: 1799.909182, Node: 1083.620201, Link: 716.288899, Spread: 0.008495
Epoch 505/600, Total: 1799.911915, Node: 1083.623062, Link: 716.288773, Spread: 0.008448
Epoch 506/600, Total: 1799.914248, Node: 1083.625552, Link: 716.288615, Spread: 0.008403
Epoch 507/600, Total: 1799.916177, Node: 1083.627633, Link: 716.288466, Spread: 0.008358
Epoch 508/600, Total: 1799.917664, Node: 1083.629297, Link: 716.288288, Spread: 0.008315
Epoch 509/600, Total: 1799.918775, Node: 1083.630637, Link: 716.288060, Spread: 0.008272
Epoch 510/600, Total: 1799.919599, Node: 1083.631669, Link: 716.287851, Spread: 0.008230
Epoch 511/600, Total: 1799.920267, Node: 1083.632502, Link: 716.287684, Spread: 0.008190
Epoch 512/600, Total: 1799.920738, Node: 1083.633177, Link: 716.287483, Spread: 0.008150
Epoch 513/600, Total: 1799.921039, Node: 1083.633715, Link: 716.287246, Spread: 0.008111
Epoch 514/600, Total: 1799.921320, Node: 1083.634162, Link: 716.287084, Spread: 0.008074
Epoch 515/600, Total: 1799.921532, Node: 1083.634590, Link: 716.286865, Spread: 0.008037
Epoch 516/600, Total: 1799.921761, Node: 1083.634987, Link: 716.286702, Spread: 0.008002
Epoch 517/600, Total: 1799.921928, Node: 1083.635327, Link: 716.286527, Spread: 0.007967
Epoch 518/600, Total: 1799.922194, Node: 1083.635745, Link: 716.286376, Spread: 0.007932
Epoch 519/600, Total: 1799.922340, Node: 1083.636087, Link: 716.286180, Spread: 0.007899
Epoch 520/600, Total: 1799.922554, Node: 1083.636449, Link: 716.286033, Spread: 0.007866
Epoch 521/600, Total: 1799.922715, Node: 1083.636787, Link: 716.285857, Spread: 0.007834
Epoch 522/600, Total: 1799.922910, Node: 1083.637150, Link: 716.285690, Spread: 0.007802
Epoch 523/600, Total: 1799.923026, Node: 1083.637445, Link: 716.285513, Spread: 0.007771
Epoch 524/600, Total: 1799.923133, Node: 1083.637729, Link: 716.285335, Spread: 0.007740
Epoch 525/600, Total: 1799.923189, Node: 1083.637973, Link: 716.285145, Spread: 0.007709
Epoch 526/600, Total: 1799.923261, Node: 1083.638228, Link: 716.284961, Spread: 0.007679
Epoch 527/600, Total: 1799.923274, Node: 1083.638437, Link: 716.284769, Spread: 0.007649
Epoch 528/600, Total: 1799.923286, Node: 1083.638620, Link: 716.284598, Spread: 0.007620
Epoch 529/600, Total: 1799.923257, Node: 1083.638758, Link: 716.284434, Spread: 0.007591
Epoch 530/600, Total: 1799.923226, Node: 1083.638900, Link: 716.284258, Spread: 0.007562
Epoch 531/600, Total: 1799.923212, Node: 1083.639045, Link: 716.284103, Spread: 0.007533
Epoch 532/600, Total: 1799.923083, Node: 1083.639107, Link: 716.283912, Spread: 0.007504
Epoch 533/600, Total: 1799.922948, Node: 1083.639161, Link: 716.283725, Spread: 0.007475
Epoch 534/600, Total: 1799.922829, Node: 1083.639230, Link: 716.283535, Spread: 0.007447
Epoch 535/600, Total: 1799.922657, Node: 1083.639244, Link: 716.283350, Spread: 0.007418
Epoch 536/600, Total: 1799.922484, Node: 1083.639238, Link: 716.283183, Spread: 0.007389
Epoch 537/600, Total: 1799.922253, Node: 1083.639207, Link: 716.282984, Spread: 0.007360
Epoch 538/600, Total: 1799.922060, Node: 1083.639188, Link: 716.282810, Spread: 0.007331
Epoch 539/600, Total: 1799.921839, Node: 1083.639138, Link: 716.282641, Spread: 0.007301
Epoch 540/600, Total: 1799.921572, Node: 1083.639062, Link: 716.282450, Spread: 0.007272
Epoch 541/600, Total: 1799.921277, Node: 1083.638962, Link: 716.282255, Spread: 0.007242
Epoch 542/600, Total: 1799.920963, Node: 1083.638849, Link: 716.282057, Spread: 0.007211
Epoch 543/600, Total: 1799.920679, Node: 1083.638748, Link: 716.281874, Spread: 0.007180
Epoch 544/600, Total: 1799.920368, Node: 1083.638615, Link: 716.281698, Spread: 0.007149
Epoch 545/600, Total: 1799.919998, Node: 1083.638423, Link: 716.281519, Spread: 0.007117
Epoch 546/600, Total: 1799.919685, Node: 1083.638291, Link: 716.281337, Spread: 0.007085
Epoch 547/600, Total: 1799.919298, Node: 1083.638088, Link: 716.281148, Spread: 0.007052
Epoch 548/600, Total: 1799.918890, Node: 1083.637876, Link: 716.280960, Spread: 0.007019
Epoch 549/600, Total: 1799.918485, Node: 1083.637649, Link: 716.280780, Spread: 0.006984
Epoch 550/600, Total: 1799.918070, Node: 1083.637427, Link: 716.280586, Spread: 0.006950
Epoch 551/600, Total: 1799.917656, Node: 1083.637190, Link: 716.280413, Spread: 0.006914
Epoch 552/600, Total: 1799.917196, Node: 1083.636922, Link: 716.280222, Spread: 0.006878
Epoch 553/600, Total: 1799.916734, Node: 1083.636641, Link: 716.280042, Spread: 0.006841
Epoch 554/600, Total: 1799.916235, Node: 1083.636349, Link: 716.279839, Spread: 0.006804
Epoch 555/600, Total: 1799.915756, Node: 1083.636055, Link: 716.279657, Spread: 0.006766
Epoch 556/600, Total: 1799.915293, Node: 1083.635756, Link: 716.279493, Spread: 0.006727
Epoch 557/600, Total: 1799.914750, Node: 1083.635421, Link: 716.279289, Spread: 0.006687
Epoch 558/600, Total: 1799.914287, Node: 1083.635117, Link: 716.279129, Spread: 0.006646
Epoch 559/600, Total: 1799.913751, Node: 1083.634766, Link: 716.278942, Spread: 0.006605
Epoch 560/600, Total: 1799.913188, Node: 1083.634389, Link: 716.278755, Spread: 0.006563
Epoch 561/600, Total: 1799.912596, Node: 1083.633999, Link: 716.278553, Spread: 0.006520
Epoch 562/600, Total: 1799.912037, Node: 1083.633632, Link: 716.278364, Spread: 0.006476
Epoch 563/600, Total: 1799.911461, Node: 1083.633243, Link: 716.278175, Spread: 0.006432
Epoch 564/600, Total: 1799.910917, Node: 1083.632867, Link: 716.278010, Spread: 0.006386
Epoch 565/600, Total: 1799.910288, Node: 1083.632432, Link: 716.277815, Spread: 0.006340
Epoch 566/600, Total: 1799.909679, Node: 1083.632012, Link: 716.277627, Spread: 0.006293
Epoch 567/600, Total: 1799.909048, Node: 1083.631577, Link: 716.277433, Spread: 0.006246
Epoch 568/600, Total: 1799.908401, Node: 1083.631105, Link: 716.277255, Spread: 0.006197
Epoch 569/600, Total: 1799.907785, Node: 1083.630676, Link: 716.277073, Spread: 0.006148
Epoch 570/600, Total: 1799.907113, Node: 1083.630208, Link: 716.276868, Spread: 0.006098
Epoch 571/600, Total: 1799.906424, Node: 1083.629708, Link: 716.276676, Spread: 0.006047
Epoch 572/600, Total: 1799.905765, Node: 1083.629233, Link: 716.276489, Spread: 0.005996
Epoch 573/600, Total: 1799.905028, Node: 1083.628729, Link: 716.276262, Spread: 0.005944
Epoch 574/600, Total: 1799.904290, Node: 1083.628203, Link: 716.276047, Spread: 0.005892
Epoch 575/600, Total: 1799.903615, Node: 1083.627724, Link: 716.275853, Spread: 0.005839
Epoch 576/600, Total: 1799.902946, Node: 1083.627243, Link: 716.275667, Spread: 0.005786
Epoch 577/600, Total: 1799.902202, Node: 1083.626705, Link: 716.275460, Spread: 0.005733
Epoch 578/600, Total: 1799.901493, Node: 1083.626213, Link: 716.275242, Spread: 0.005680
Epoch 579/600, Total: 1799.900756, Node: 1083.625670, Link: 716.275049, Spread: 0.005627
Epoch 580/600, Total: 1799.900049, Node: 1083.625146, Link: 716.274866, Spread: 0.005573
Epoch 581/600, Total: 1799.899349, Node: 1083.624654, Link: 716.274657, Spread: 0.005520
Epoch 582/600, Total: 1799.898583, Node: 1083.624105, Link: 716.274445, Spread: 0.005467
Epoch 583/600, Total: 1799.897869, Node: 1083.623584, Link: 716.274251, Spread: 0.005415
Epoch 584/600, Total: 1799.897141, Node: 1083.623067, Link: 716.274040, Spread: 0.005363
Epoch 585/600, Total: 1799.896436, Node: 1083.622545, Link: 716.273857, Spread: 0.005311
Epoch 586/600, Total: 1799.895702, Node: 1083.622004, Link: 716.273664, Spread: 0.005260
Epoch 587/600, Total: 1799.894996, Node: 1083.621497, Link: 716.273466, Spread: 0.005210
Epoch 588/600, Total: 1799.894265, Node: 1083.620975, Link: 716.273261, Spread: 0.005160
Epoch 589/600, Total: 1799.893555, Node: 1083.620479, Link: 716.273045, Spread: 0.005111
Epoch 590/600, Total: 1799.892799, Node: 1083.619921, Link: 716.272849, Spread: 0.005063
Epoch 591/600, Total: 1799.892136, Node: 1083.619409, Link: 716.272697, Spread: 0.005016
Epoch 592/600, Total: 1799.891420, Node: 1083.618883, Link: 716.272508, Spread: 0.004969
Epoch 593/600, Total: 1799.890774, Node: 1083.618397, Link: 716.272346, Spread: 0.004923
Epoch 594/600, Total: 1799.890097, Node: 1083.617885, Link: 716.272184, Spread: 0.004878
Epoch 595/600, Total: 1799.889409, Node: 1083.617377, Link: 716.272004, Spread: 0.004834
Epoch 596/600, Total: 1799.888696, Node: 1083.616841, Link: 716.271824, Spread: 0.004791
Epoch 597/600, Total: 1799.888003, Node: 1083.616320, Link: 716.271650, Spread: 0.004749
Epoch 598/600, Total: 1799.887202, Node: 1083.615710, Link: 716.271463, Spread: 0.004707
Epoch 599/600, Total: 1799.886663, Node: 1083.615323, Link: 716.271310, Spread: 0.004667
Epoch 600/600, Total: 1799.886090, Node: 1083.614917, Link: 716.271141, Spread: 0.004627
Saved sweep result to: /homes/dameyer/ml-for-wdn-project-4/results/aggregated/gnn_training_sweep/net1_buffer=20_rollout=1_seed=42.json
Table value: 1083.614917
