Filter:    enkf
Job:       240899
Array ID:  4
Seed:      46
Host:      assistant-4.GPU.CIT-EC.NET
Dataset:   hanoi

Running Hanoi GNN EnKF: 24 sensor counts × 1 sensor placements
2 sensors/type: 1.3960 ± 0.3187
3 sensors/type: 1.0466 ± 0.2440
4 sensors/type: 1.1032 ± 0.2981
5 sensors/type: 1.1994 ± 0.2989
6 sensors/type: 0.9772 ± 0.2700
7 sensors/type: 0.9837 ± 0.2581
8 sensors/type: 1.0007 ± 0.2471
9 sensors/type: 0.9397 ± 0.2398
10 sensors/type: 0.9063 ± 0.2515
11 sensors/type: 0.9636 ± 0.2587
12 sensors/type: 0.9241 ± 0.2571
13 sensors/type: 0.9102 ± 0.2555
14 sensors/type: 0.9529 ± 0.2701
15 sensors/type: 0.8822 ± 0.2350
16 sensors/type: 0.8905 ± 0.2398
17 sensors/type: 0.8817 ± 0.2416
18 sensors/type: 0.8645 ± 0.2365
19 sensors/type: 0.8621 ± 0.2253
20 sensors/type: 0.8511 ± 0.2212
21 sensors/type: 0.8819 ± 0.2483
22 sensors/type: 0.8521 ± 0.2174
23 sensors/type: 0.8576 ± 0.2502
24 sensors/type: 0.8400 ± 0.2373
25 sensors/type: 0.8326 ± 0.2509
Saved gnn EnKF result to: /homes/dameyer/ml-for-wdn-project-4/results/aggregated/hanoi_gnn_enkf_n_iters=1_ensemble_size=50_seed=46.npz
