Filter:    enkf
Job:       240895
Array ID:  0
Seed:      42
Host:      assistant-1.GPU.CIT-EC.NET
Dataset:   hanoi

Running Hanoi GNN EnKF: 24 sensor counts × 1 sensor placements
2 sensors/type: 1.4760 ± 0.4166
3 sensors/type: 1.1105 ± 0.2703
4 sensors/type: 1.1007 ± 0.2883
5 sensors/type: 0.9929 ± 0.2738
6 sensors/type: 1.0028 ± 0.2380
7 sensors/type: 0.9840 ± 0.2504
8 sensors/type: 0.9557 ± 0.2673
9 sensors/type: 0.9863 ± 0.2420
10 sensors/type: 0.9136 ± 0.2566
11 sensors/type: 0.9428 ± 0.2653
12 sensors/type: 0.9583 ± 0.2672
13 sensors/type: 0.9180 ± 0.2650
14 sensors/type: 0.9454 ± 0.2571
15 sensors/type: 0.8698 ± 0.2319
16 sensors/type: 0.9055 ± 0.2390
17 sensors/type: 0.9127 ± 0.2463
18 sensors/type: 0.9151 ± 0.2583
19 sensors/type: 0.8956 ± 0.2539
20 sensors/type: 0.9081 ± 0.2584
21 sensors/type: 0.8343 ± 0.2425
22 sensors/type: 0.8584 ± 0.2368
23 sensors/type: 0.8551 ± 0.2471
24 sensors/type: 0.8630 ± 0.2491
25 sensors/type: 0.8648 ± 0.2481
Saved gnn EnKF result to: /homes/dameyer/ml-for-wdn-project-4/results/aggregated/hanoi_gnn_enkf_n_iters=1_ensemble_size=50_seed=42.npz
