================================
GNN training sweep
Job ID: 242666
Task ID: 2
Buffer size: 1
Rollout length: 10
================================
Running GNN sweep: dataset=Net1, buffer=1, rollout=10
Epoch 1/600, Total: 3312.996594, Node: 1469.573100, Link: 1843.423528, Spread: 0.000000
Epoch 2/600, Total: 2001.266575, Node: 1268.279174, Link: 732.987403, Spread: 0.000000
Epoch 3/600, Total: 1947.937395, Node: 1224.909389, Link: 723.027996, Spread: 0.000000
Epoch 4/600, Total: 1899.444617, Node: 1185.113723, Link: 714.330888, Spread: 0.000000
Epoch 5/600, Total: 1862.227968, Node: 1154.144240, Link: 708.083720, Spread: 0.000000
Epoch 6/600, Total: 1831.960593, Node: 1133.343517, Link: 698.617073, Spread: 0.000000
Epoch 7/600, Total: 1802.531022, Node: 1109.535617, Link: 692.995407, Spread: 0.000000
Epoch 8/600, Total: 1783.342670, Node: 1094.537230, Link: 688.805435, Spread: 0.000000
Epoch 9/600, Total: 1767.571589, Node: 1083.897086, Link: 683.674489, Spread: 0.000000
Epoch 10/600, Total: 1759.160504, Node: 1073.795235, Link: 685.365282, Spread: 0.000000
Epoch 11/600, Total: 1744.625836, Node: 1067.167320, Link: 677.458527, Spread: 0.000000
Epoch 12/600, Total: 1736.761101, Node: 1060.639474, Link: 676.121620, Spread: 0.000000
Epoch 13/600, Total: 1734.919363, Node: 1061.024970, Link: 673.894395, Spread: 0.000000
Epoch 14/600, Total: 1724.713185, Node: 1053.664308, Link: 671.048863, Spread: 0.000000
Epoch 15/600, Total: 1717.880459, Node: 1049.139392, Link: 668.741062, Spread: 0.000000
Epoch 16/600, Total: 1698.617216, Node: 1035.934060, Link: 662.683159, Spread: 0.000000
Epoch 17/600, Total: 1696.094738, Node: 1037.174999, Link: 658.919727, Spread: 0.000000
Epoch 18/600, Total: 1688.667522, Node: 1023.483202, Link: 665.184314, Spread: 0.000000
Epoch 19/600, Total: 1680.290679, Node: 1024.800343, Link: 655.490330, Spread: 0.000000
Epoch 20/600, Total: 1676.880857, Node: 1022.456487, Link: 654.424370, Spread: 0.000000
Epoch 21/600, Total: 1676.661676, Node: 1020.766552, Link: 655.895124, Spread: 0.000000
Epoch 22/600, Total: 1673.789539, Node: 1019.898918, Link: 653.890618, Spread: 0.000000
Epoch 23/600, Total: 1670.917442, Node: 1019.768960, Link: 651.148500, Spread: 0.000000
Epoch 24/600, Total: 1657.094438, Node: 1010.434451, Link: 646.659982, Spread: 0.000000
Epoch 25/600, Total: 1656.471704, Node: 1012.480695, Link: 643.991013, Spread: 0.000000
Epoch 26/600, Total: 1647.677174, Node: 1007.674499, Link: 640.002669, Spread: 0.000000
Epoch 27/600, Total: 1657.365760, Node: 1011.684482, Link: 645.681276, Spread: 0.000000
Epoch 28/600, Total: 1653.063660, Node: 1010.755467, Link: 642.308210, Spread: 0.000000
Epoch 29/600, Total: 1638.069800, Node: 998.899800, Link: 639.169989, Spread: 0.000000
Epoch 30/600, Total: 1647.461564, Node: 1005.898520, Link: 641.563041, Spread: 0.000000
Epoch 31/600, Total: 1643.851230, Node: 1006.425124, Link: 637.426093, Spread: 0.000000
Epoch 32/600, Total: 1634.132591, Node: 998.384554, Link: 635.748047, Spread: 0.000000
Epoch 33/600, Total: 1657.732417, Node: 1010.393952, Link: 647.338484, Spread: 0.000000
Epoch 34/600, Total: 1648.595518, Node: 1006.330933, Link: 642.264591, Spread: 0.000000
Epoch 35/600, Total: 1637.383915, Node: 1000.399808, Link: 636.984122, Spread: 0.000000
Epoch 36/600, Total: 1632.855952, Node: 1000.154603, Link: 632.701353, Spread: 0.000000
Epoch 37/600, Total: 1646.708086, Node: 1010.694399, Link: 636.013694, Spread: 0.000000
Epoch 38/600, Total: 1632.619480, Node: 995.707586, Link: 636.911898, Spread: 0.000000
Epoch 39/600, Total: 1650.077533, Node: 1006.412624, Link: 643.664917, Spread: 0.000000
Epoch 40/600, Total: 1635.828528, Node: 998.755443, Link: 637.073092, Spread: 0.000000
Epoch 41/600, Total: 1647.242321, Node: 1003.288479, Link: 643.953848, Spread: 0.000000
Epoch 42/600, Total: 1632.662727, Node: 995.840440, Link: 636.822286, Spread: 0.000000
Epoch 43/600, Total: 1644.171081, Node: 1007.288395, Link: 636.882687, Spread: 0.000000
Epoch 44/600, Total: 1644.621704, Node: 1000.806954, Link: 643.814742, Spread: 0.000000
Epoch 45/600, Total: 1622.883756, Node: 988.280810, Link: 634.602946, Spread: 0.000000
Epoch 46/600, Total: 1622.759841, Node: 992.870533, Link: 629.889315, Spread: 0.000000
Epoch 47/600, Total: 1614.578734, Node: 984.712339, Link: 629.866399, Spread: 0.000000
Epoch 48/600, Total: 1627.867114, Node: 992.727344, Link: 635.139757, Spread: 0.000000
Epoch 49/600, Total: 1634.470907, Node: 997.942603, Link: 636.528295, Spread: 0.000000
Epoch 50/600, Total: 1622.140922, Node: 993.413728, Link: 628.727180, Spread: 0.000000
Epoch 51/600, Total: 1624.881199, Node: 991.217863, Link: 633.663327, Spread: 0.000000
Epoch 52/600, Total: 1632.703063, Node: 994.114800, Link: 638.588262, Spread: 0.000000
Epoch 53/600, Total: 1628.617720, Node: 992.363995, Link: 636.253742, Spread: 0.000000
Epoch 54/600, Total: 1635.649150, Node: 991.095444, Link: 644.553703, Spread: 0.000000
Epoch 55/600, Total: 1627.437696, Node: 990.230964, Link: 637.206738, Spread: 0.000000
Epoch 56/600, Total: 1627.424322, Node: 990.616751, Link: 636.807569, Spread: 0.000000
Epoch 57/600, Total: 1629.906437, Node: 989.949501, Link: 639.956938, Spread: 0.000000
Epoch 58/600, Total: 1621.454830, Node: 992.449890, Link: 629.004946, Spread: 0.000000
Epoch 59/600, Total: 1617.614107, Node: 987.465563, Link: 630.148537, Spread: 0.000000
Epoch 60/600, Total: 1635.406545, Node: 996.059136, Link: 639.347423, Spread: 0.000000
Epoch 61/600, Total: 1629.914878, Node: 996.082105, Link: 633.832776, Spread: 0.000000
Epoch 62/600, Total: 1634.557236, Node: 997.799874, Link: 636.757343, Spread: 0.000000
Epoch 63/600, Total: 1616.934049, Node: 984.973284, Link: 631.960769, Spread: 0.000000
Epoch 64/600, Total: 1618.462375, Node: 986.754108, Link: 631.708252, Spread: 0.000000
Epoch 65/600, Total: 1614.495907, Node: 988.136198, Link: 626.359716, Spread: 0.000000
Epoch 66/600, Total: 1641.835989, Node: 998.328542, Link: 643.507465, Spread: 0.000000
Epoch 67/600, Total: 1627.166547, Node: 991.643859, Link: 635.522671, Spread: 0.000000
Epoch 68/600, Total: 1619.275324, Node: 985.877159, Link: 633.398154, Spread: 0.000000
Epoch 69/600, Total: 1618.956335, Node: 985.617076, Link: 633.339257, Spread: 0.000000
Epoch 70/600, Total: 1613.137928, Node: 983.733722, Link: 629.404197, Spread: 0.000000
Epoch 71/600, Total: 1617.198288, Node: 990.417905, Link: 626.780373, Spread: 0.000000
Epoch 72/600, Total: 1624.337397, Node: 993.855627, Link: 630.481757, Spread: 0.000000
Epoch 73/600, Total: 1613.409098, Node: 983.743679, Link: 629.665414, Spread: 0.000000
Epoch 74/600, Total: 1618.418420, Node: 989.985788, Link: 628.432640, Spread: 0.000000
Epoch 75/600, Total: 1619.211348, Node: 992.821754, Link: 626.389580, Spread: 0.000000
Epoch 76/600, Total: 1617.670307, Node: 986.125687, Link: 631.544638, Spread: 0.000000
Epoch 77/600, Total: 1612.338199, Node: 984.267287, Link: 628.070918, Spread: 0.000000
Epoch 78/600, Total: 1632.102622, Node: 1003.276738, Link: 628.825881, Spread: 0.000000
Epoch 79/600, Total: 1624.669606, Node: 990.589502, Link: 634.080101, Spread: 0.000000
Epoch 80/600, Total: 1622.570693, Node: 993.288798, Link: 629.281903, Spread: 0.000000
Epoch 81/600, Total: 1618.773420, Node: 991.574209, Link: 627.199206, Spread: 0.000000
Epoch 82/600, Total: 1607.216179, Node: 976.580088, Link: 630.636099, Spread: 0.000000
Epoch 83/600, Total: 1611.180058, Node: 980.546131, Link: 630.633948, Spread: 0.000000
Epoch 84/600, Total: 1622.147521, Node: 991.067563, Link: 631.079957, Spread: 0.000000
Epoch 85/600, Total: 1614.108625, Node: 981.478939, Link: 632.629701, Spread: 0.000000
Epoch 86/600, Total: 1616.819893, Node: 986.156077, Link: 630.663826, Spread: 0.000000
Epoch 87/600, Total: 1620.997879, Node: 988.056187, Link: 632.941701, Spread: 0.000000
Epoch 88/600, Total: 1608.923435, Node: 978.911948, Link: 630.011472, Spread: 0.000000
Epoch 89/600, Total: 1621.382253, Node: 991.691967, Link: 629.690286, Spread: 0.000000
Epoch 90/600, Total: 1617.378078, Node: 984.690325, Link: 632.687758, Spread: 0.000000
Epoch 91/600, Total: 1611.426213, Node: 984.760533, Link: 626.665674, Spread: 0.000000
Epoch 92/600, Total: 1608.552860, Node: 982.425973, Link: 626.126891, Spread: 0.000000
Epoch 93/600, Total: 1619.364804, Node: 985.671366, Link: 633.693415, Spread: 0.000000
Epoch 94/600, Total: 1618.267077, Node: 983.918366, Link: 634.348718, Spread: 0.000000
Epoch 95/600, Total: 1610.722882, Node: 978.852210, Link: 631.870683, Spread: 0.000000
Epoch 96/600, Total: 1611.364404, Node: 982.109553, Link: 629.254828, Spread: 0.000000
Epoch 97/600, Total: 1618.759535, Node: 988.581731, Link: 630.177822, Spread: 0.000000
Epoch 98/600, Total: 1627.780816, Node: 990.037373, Link: 637.743438, Spread: 0.000000
Epoch 99/600, Total: 1608.896620, Node: 979.583865, Link: 629.312751, Spread: 0.000000
Epoch 100/600, Total: 1610.989148, Node: 982.134303, Link: 628.854848, Spread: 0.000000
Epoch 101/600, Total: 1611.719208, Node: 980.827428, Link: 630.891788, Spread: 0.000000
Epoch 102/600, Total: 1613.440829, Node: 985.169914, Link: 628.270916, Spread: 0.000000
Epoch 103/600, Total: 1621.034787, Node: 984.336720, Link: 636.698057, Spread: 0.000000
Epoch 104/600, Total: 1606.506289, Node: 977.802542, Link: 628.703738, Spread: 0.000000
Epoch 105/600, Total: 1619.687848, Node: 987.097136, Link: 632.590715, Spread: 0.000000
Epoch 106/600, Total: 1619.952778, Node: 989.900023, Link: 630.052748, Spread: 0.000000
Epoch 107/600, Total: 1617.778852, Node: 987.731272, Link: 630.047575, Spread: 0.000000
Epoch 108/600, Total: 1635.785573, Node: 982.717575, Link: 653.067997, Spread: 0.000000
Epoch 109/600, Total: 1605.781613, Node: 979.483618, Link: 626.298002, Spread: 0.000000
Epoch 110/600, Total: 1611.900239, Node: 979.596433, Link: 632.303798, Spread: 0.000000
Epoch 111/600, Total: 1617.987287, Node: 986.117429, Link: 631.869875, Spread: 0.000000
Epoch 112/600, Total: 1605.362339, Node: 975.468640, Link: 629.893681, Spread: 0.000000
Epoch 113/600, Total: 1604.828542, Node: 977.255518, Link: 627.573042, Spread: 0.000000
Epoch 114/600, Total: 1603.385241, Node: 975.886656, Link: 627.498596, Spread: 0.000000
Epoch 115/600, Total: 1613.436505, Node: 985.078791, Link: 628.357721, Spread: 0.000000
Epoch 116/600, Total: 1612.647913, Node: 975.651101, Link: 636.996825, Spread: 0.000000
Epoch 117/600, Total: 1599.076991, Node: 971.210712, Link: 627.866272, Spread: 0.000000
Epoch 118/600, Total: 1608.663432, Node: 979.059099, Link: 629.604325, Spread: 0.000000
Epoch 119/600, Total: 1609.229979, Node: 982.528351, Link: 626.701648, Spread: 0.000000
Epoch 120/600, Total: 1613.730524, Node: 980.995268, Link: 632.735260, Spread: 0.000000
Epoch 121/600, Total: 1610.050517, Node: 976.239905, Link: 633.810618, Spread: 0.000000
Epoch 122/600, Total: 1624.288538, Node: 982.021352, Link: 642.267195, Spread: 0.000000
Epoch 123/600, Total: 1613.524593, Node: 982.772976, Link: 630.751618, Spread: 0.000000
Epoch 124/600, Total: 1614.550817, Node: 981.466003, Link: 633.084817, Spread: 0.000000
Epoch 125/600, Total: 1616.996531, Node: 983.042613, Link: 633.953921, Spread: 0.000000
Epoch 126/600, Total: 1617.448302, Node: 983.605748, Link: 633.842564, Spread: 0.000000
Epoch 127/600, Total: 1607.460638, Node: 979.756736, Link: 627.703899, Spread: 0.000000
Epoch 128/600, Total: 1623.006619, Node: 985.883649, Link: 637.122974, Spread: 0.000000
Epoch 129/600, Total: 1624.600284, Node: 988.302585, Link: 636.297693, Spread: 0.000000
Epoch 130/600, Total: 1616.573121, Node: 985.122937, Link: 631.450196, Spread: 0.000000
Epoch 131/600, Total: 1623.808471, Node: 988.636013, Link: 635.172451, Spread: 0.000000
Epoch 132/600, Total: 1610.486601, Node: 978.661733, Link: 631.824853, Spread: 0.000000
Epoch 133/600, Total: 1607.261677, Node: 977.113939, Link: 630.147747, Spread: 0.000000
Epoch 134/600, Total: 1607.986917, Node: 976.396034, Link: 631.590896, Spread: 0.000000
Epoch 135/600, Total: 1615.498559, Node: 979.643688, Link: 635.854881, Spread: 0.000000
Epoch 136/600, Total: 1619.581937, Node: 985.070860, Link: 634.511070, Spread: 0.000000
Epoch 137/600, Total: 1611.705267, Node: 980.952999, Link: 630.752273, Spread: 0.000000
Epoch 138/600, Total: 1609.369570, Node: 980.067867, Link: 629.301705, Spread: 0.000000
Epoch 139/600, Total: 1622.233360, Node: 982.503764, Link: 639.729602, Spread: 0.000000
Epoch 140/600, Total: 1613.758634, Node: 974.029185, Link: 639.729450, Spread: 0.000000
Epoch 141/600, Total: 1615.395840, Node: 984.015217, Link: 631.380628, Spread: 0.000000
Epoch 142/600, Total: 1597.601842, Node: 969.144594, Link: 628.457243, Spread: 0.000000
Epoch 143/600, Total: 1602.719228, Node: 975.767145, Link: 626.952084, Spread: 0.000000
Epoch 144/600, Total: 1603.441646, Node: 975.200073, Link: 628.241570, Spread: 0.000000
Epoch 145/600, Total: 1599.492060, Node: 970.373590, Link: 629.118482, Spread: 0.000000
Epoch 146/600, Total: 1607.228439, Node: 977.637266, Link: 629.591179, Spread: 0.000000
Epoch 147/600, Total: 1597.274076, Node: 968.990518, Link: 628.283566, Spread: 0.000000
Epoch 148/600, Total: 1611.849988, Node: 980.351192, Link: 631.498793, Spread: 0.000000
Epoch 149/600, Total: 1593.412063, Node: 967.630117, Link: 625.781947, Spread: 0.000000
Epoch 150/600, Total: 1609.483209, Node: 979.541829, Link: 629.941384, Spread: 0.000000
Epoch 151/600, Total: 1614.354180, Node: 980.025437, Link: 634.328732, Spread: 0.000000
Epoch 152/600, Total: 1623.190866, Node: 985.943935, Link: 637.246931, Spread: 0.000000
Epoch 153/600, Total: 1624.332091, Node: 985.433521, Link: 638.898568, Spread: 0.000000
Epoch 154/600, Total: 1626.611551, Node: 987.982478, Link: 638.629063, Spread: 0.000000
Epoch 155/600, Total: 1628.691709, Node: 990.723778, Link: 637.967948, Spread: 0.000000
Epoch 156/600, Total: 1611.318201, Node: 975.282521, Link: 636.035679, Spread: 0.000000
Epoch 157/600, Total: 1608.832792, Node: 976.740553, Link: 632.092236, Spread: 0.000000
Epoch 158/600, Total: 1612.970017, Node: 975.100761, Link: 637.869270, Spread: 0.000000
Epoch 159/600, Total: 1601.126007, Node: 973.472122, Link: 627.653899, Spread: 0.000000
Epoch 160/600, Total: 1606.250249, Node: 975.764181, Link: 630.486073, Spread: 0.000000
Epoch 161/600, Total: 1601.022969, Node: 970.148809, Link: 630.874163, Spread: 0.000000
Epoch 162/600, Total: 1606.358986, Node: 977.869025, Link: 628.489971, Spread: 0.000000
Epoch 163/600, Total: 1610.453043, Node: 979.377491, Link: 631.075542, Spread: 0.000000
Epoch 164/600, Total: 1617.969247, Node: 982.414569, Link: 635.554681, Spread: 0.000000
Epoch 165/600, Total: 1617.525169, Node: 983.461937, Link: 634.063256, Spread: 0.000000
Epoch 166/600, Total: 1613.817465, Node: 981.362044, Link: 632.455419, Spread: 0.000000
Epoch 167/600, Total: 1615.491138, Node: 980.778251, Link: 634.712889, Spread: 0.000000
Epoch 168/600, Total: 1600.653979, Node: 971.993578, Link: 628.660398, Spread: 0.000000
Epoch 169/600, Total: 1599.880615, Node: 968.473194, Link: 631.407420, Spread: 0.000000
Epoch 170/600, Total: 1596.135446, Node: 965.413708, Link: 630.721741, Spread: 0.000000
Epoch 171/600, Total: 1603.523278, Node: 975.978878, Link: 627.544427, Spread: 0.000000
Epoch 172/600, Total: 1605.084913, Node: 976.051502, Link: 629.033420, Spread: 0.000000
Epoch 173/600, Total: 1601.224534, Node: 972.763663, Link: 628.460879, Spread: 0.000000
Epoch 174/600, Total: 1597.884278, Node: 970.423472, Link: 627.460797, Spread: 0.000000
Epoch 175/600, Total: 1594.095253, Node: 971.223898, Link: 622.871354, Spread: 0.000000
Epoch 176/600, Total: 1601.614168, Node: 972.080588, Link: 629.533576, Spread: 0.000000
Epoch 177/600, Total: 1595.601214, Node: 968.393172, Link: 627.208047, Spread: 0.000000
Epoch 178/600, Total: 1606.287368, Node: 976.084482, Link: 630.202905, Spread: 0.000000
Epoch 179/600, Total: 1607.201862, Node: 975.114599, Link: 632.087262, Spread: 0.000000
Epoch 180/600, Total: 1619.184444, Node: 983.179973, Link: 636.004467, Spread: 0.000000
Epoch 181/600, Total: 1609.350562, Node: 972.136246, Link: 637.214312, Spread: 0.000000
Epoch 182/600, Total: 1596.384346, Node: 970.727190, Link: 625.657165, Spread: 0.000000
Epoch 183/600, Total: 1607.287846, Node: 975.963227, Link: 631.324605, Spread: 0.000000
Epoch 184/600, Total: 1610.322696, Node: 979.503987, Link: 630.818721, Spread: 0.000000
Epoch 185/600, Total: 1601.226239, Node: 970.797599, Link: 630.428619, Spread: 0.000000
Epoch 186/600, Total: 1607.632331, Node: 976.132356, Link: 631.499975, Spread: 0.000000
Epoch 187/600, Total: 1601.431123, Node: 969.623355, Link: 631.807781, Spread: 0.000000
Epoch 188/600, Total: 1604.337087, Node: 971.431719, Link: 632.905373, Spread: 0.000000
Epoch 189/600, Total: 1599.568098, Node: 971.008681, Link: 628.559413, Spread: 0.000000
Epoch 190/600, Total: 1623.752073, Node: 986.577048, Link: 637.175026, Spread: 0.000000
Epoch 191/600, Total: 1617.162575, Node: 978.816150, Link: 638.346418, Spread: 0.000000
Epoch 192/600, Total: 1606.717530, Node: 975.711949, Link: 631.005581, Spread: 0.000000
Epoch 193/600, Total: 1606.748655, Node: 974.685260, Link: 632.063389, Spread: 0.000000
Epoch 194/600, Total: 1603.399489, Node: 970.272136, Link: 633.127348, Spread: 0.000000
Epoch 195/600, Total: 1603.179545, Node: 975.456570, Link: 627.722983, Spread: 0.000000
Epoch 196/600, Total: 1604.697256, Node: 977.301890, Link: 627.395356, Spread: 0.000000
Epoch 197/600, Total: 1606.213515, Node: 973.684340, Link: 632.529178, Spread: 0.000000
Epoch 198/600, Total: 1599.360844, Node: 968.332966, Link: 631.027889, Spread: 0.000000
Epoch 199/600, Total: 1596.633356, Node: 967.838531, Link: 628.794818, Spread: 0.000000
Epoch 200/600, Total: 1612.467358, Node: 979.368149, Link: 633.099189, Spread: 0.000000
Epoch 201/600, Total: 1605.423440, Node: 972.415213, Link: 633.008227, Spread: 0.000000
Epoch 202/600, Total: 1595.012908, Node: 966.694157, Link: 628.318745, Spread: 0.000000
Epoch 203/600, Total: 1596.525632, Node: 966.282190, Link: 630.243450, Spread: 0.000000
Epoch 204/600, Total: 1610.936248, Node: 970.064557, Link: 640.871694, Spread: 0.000000
Epoch 205/600, Total: 1601.057503, Node: 970.226124, Link: 630.831375, Spread: 0.000000
Epoch 206/600, Total: 1597.702989, Node: 972.328483, Link: 625.374517, Spread: 0.000000
Epoch 207/600, Total: 1612.865095, Node: 973.675859, Link: 639.189238, Spread: 0.000000
Epoch 208/600, Total: 1606.751062, Node: 975.542129, Link: 631.208947, Spread: 0.000000
Epoch 209/600, Total: 1598.957137, Node: 973.310188, Link: 625.646957, Spread: 0.000000
Epoch 210/600, Total: 1602.204662, Node: 976.029216, Link: 626.175441, Spread: 0.000000
Epoch 211/600, Total: 1615.533790, Node: 979.069360, Link: 636.464428, Spread: 0.000000
Epoch 212/600, Total: 1612.800985, Node: 980.358830, Link: 632.442150, Spread: 0.000000
Epoch 213/600, Total: 1600.199636, Node: 970.431056, Link: 629.768577, Spread: 0.000000
Epoch 214/600, Total: 1607.152309, Node: 972.549442, Link: 634.602874, Spread: 0.000000
Epoch 215/600, Total: 1605.760171, Node: 972.003762, Link: 633.756406, Spread: 0.000000
Epoch 216/600, Total: 1613.988997, Node: 974.742638, Link: 639.246350, Spread: 0.000000
Epoch 217/600, Total: 1598.515330, Node: 964.343967, Link: 634.171367, Spread: 0.000000
Epoch 218/600, Total: 1601.472008, Node: 973.263248, Link: 628.208749, Spread: 0.000000
Epoch 219/600, Total: 1609.311961, Node: 977.029870, Link: 632.282092, Spread: 0.000000
Epoch 220/600, Total: 1604.889747, Node: 970.637188, Link: 634.252586, Spread: 0.000000
Epoch 221/600, Total: 1591.001020, Node: 964.924568, Link: 626.076447, Spread: 0.000000
Epoch 222/600, Total: 1605.987712, Node: 977.625240, Link: 628.362464, Spread: 0.000000
Epoch 223/600, Total: 1598.351744, Node: 969.544469, Link: 628.807259, Spread: 0.000000
Epoch 224/600, Total: 1598.959383, Node: 966.772341, Link: 632.187025, Spread: 0.000000
Epoch 225/600, Total: 1605.521321, Node: 969.280593, Link: 636.240727, Spread: 0.000000
Epoch 226/600, Total: 1615.766959, Node: 979.603093, Link: 636.163845, Spread: 0.000000
Epoch 227/600, Total: 1611.815890, Node: 977.969248, Link: 633.846646, Spread: 0.000000
Epoch 228/600, Total: 1599.914675, Node: 970.027710, Link: 629.886962, Spread: 0.000000
Epoch 229/600, Total: 1604.222943, Node: 972.964417, Link: 631.258542, Spread: 0.000000
Epoch 230/600, Total: 1599.938429, Node: 966.507695, Link: 633.430735, Spread: 0.000000
Epoch 231/600, Total: 1606.253012, Node: 975.967791, Link: 630.285220, Spread: 0.000000
Epoch 232/600, Total: 1602.615045, Node: 968.036594, Link: 634.578450, Spread: 0.000000
Epoch 233/600, Total: 1612.193581, Node: 973.538817, Link: 638.654772, Spread: 0.000000
Epoch 234/600, Total: 1611.155112, Node: 973.040400, Link: 638.114700, Spread: 0.000000
Epoch 235/600, Total: 1591.070891, Node: 962.863080, Link: 628.207803, Spread: 0.000000
Epoch 236/600, Total: 1614.801246, Node: 979.211781, Link: 635.589470, Spread: 0.000000
Epoch 237/600, Total: 1614.133718, Node: 975.579711, Link: 638.554011, Spread: 0.000000
Epoch 238/600, Total: 1611.981868, Node: 976.747953, Link: 635.233916, Spread: 0.000000
Epoch 239/600, Total: 1613.037871, Node: 976.337610, Link: 636.700273, Spread: 0.000000
Epoch 240/600, Total: 1602.041674, Node: 974.218682, Link: 627.822999, Spread: 0.000000
Epoch 241/600, Total: 1613.525295, Node: 978.418758, Link: 635.106528, Spread: 0.000000
Epoch 242/600, Total: 1602.241810, Node: 969.436918, Link: 632.804907, Spread: 0.000000
Epoch 243/600, Total: 1607.509372, Node: 970.940125, Link: 636.569244, Spread: 0.000000
Epoch 244/600, Total: 1622.187902, Node: 982.349045, Link: 639.838857, Spread: 0.000000
Epoch 245/600, Total: 1617.501384, Node: 981.388890, Link: 636.112504, Spread: 0.000000
Epoch 246/600, Total: 1604.486689, Node: 969.668534, Link: 634.818148, Spread: 0.000000
Epoch 247/600, Total: 1602.792110, Node: 968.345827, Link: 634.446296, Spread: 0.000000
Epoch 248/600, Total: 1609.504316, Node: 977.489399, Link: 632.014915, Spread: 0.000000
Epoch 249/600, Total: 1602.868361, Node: 970.492996, Link: 632.375372, Spread: 0.000000
Epoch 250/600, Total: 1612.900278, Node: 975.623695, Link: 637.276602, Spread: 0.000000
Epoch 251/600, Total: 1601.419693, Node: 965.745990, Link: 635.673700, Spread: 0.000000
Epoch 252/600, Total: 1598.187896, Node: 968.491496, Link: 629.696413, Spread: 0.000000
Epoch 253/600, Total: 1601.302555, Node: 966.207496, Link: 635.095061, Spread: 0.000000
Epoch 254/600, Total: 1624.608294, Node: 988.071847, Link: 636.536450, Spread: 0.000000
Epoch 255/600, Total: 1613.855417, Node: 974.753835, Link: 639.101579, Spread: 0.000000
Epoch 256/600, Total: 1620.098247, Node: 984.134228, Link: 635.964025, Spread: 0.000000
Epoch 257/600, Total: 1602.543427, Node: 969.201332, Link: 633.342087, Spread: 0.000000
Epoch 258/600, Total: 1602.812410, Node: 974.641054, Link: 628.171352, Spread: 0.000000
Epoch 259/600, Total: 1598.779782, Node: 971.258822, Link: 627.520971, Spread: 0.000000
Epoch 260/600, Total: 1608.388891, Node: 971.198703, Link: 637.190172, Spread: 0.000000
Epoch 261/600, Total: 1599.212280, Node: 967.147089, Link: 632.065187, Spread: 0.000000
Epoch 262/600, Total: 1604.784501, Node: 970.385294, Link: 634.399206, Spread: 0.000000
Epoch 263/600, Total: 1598.039479, Node: 962.860169, Link: 635.179302, Spread: 0.000000
Epoch 264/600, Total: 1598.085277, Node: 966.978080, Link: 631.107207, Spread: 0.000000
Epoch 265/600, Total: 1602.726652, Node: 968.634476, Link: 634.092173, Spread: 0.000000
Epoch 266/600, Total: 1594.332356, Node: 964.922261, Link: 629.410102, Spread: 0.000000
Epoch 267/600, Total: 1601.581499, Node: 965.791668, Link: 635.789828, Spread: 0.000000
Epoch 268/600, Total: 1600.530337, Node: 968.649515, Link: 631.880815, Spread: 0.000000
Epoch 269/600, Total: 1598.249278, Node: 966.339599, Link: 631.909682, Spread: 0.000000
Epoch 270/600, Total: 1605.072197, Node: 972.964117, Link: 632.108076, Spread: 0.000000
Epoch 271/600, Total: 1639.643781, Node: 968.056115, Link: 671.587685, Spread: 0.000000
Epoch 272/600, Total: 1626.124110, Node: 968.121990, Link: 658.002110, Spread: 0.000000
Epoch 273/600, Total: 1601.553992, Node: 963.553006, Link: 638.000992, Spread: 0.000000
Epoch 274/600, Total: 1607.871255, Node: 971.103483, Link: 636.767762, Spread: 0.000000
Epoch 275/600, Total: 1603.702702, Node: 968.592826, Link: 635.109900, Spread: 0.000000
Epoch 276/600, Total: 1604.426794, Node: 964.917187, Link: 639.509616, Spread: 0.000000
Epoch 277/600, Total: 1601.919658, Node: 964.311565, Link: 637.608091, Spread: 0.000000
Epoch 278/600, Total: 1604.789992, Node: 969.133446, Link: 635.656560, Spread: 0.000000
Epoch 279/600, Total: 1606.309552, Node: 972.423122, Link: 633.886427, Spread: 0.000000
Epoch 280/600, Total: 1616.619210, Node: 972.410353, Link: 644.208841, Spread: 0.000000
Epoch 281/600, Total: 1597.291668, Node: 966.580719, Link: 630.710936, Spread: 0.000000
Epoch 282/600, Total: 1605.040912, Node: 971.201831, Link: 633.839069, Spread: 0.000000
Epoch 283/600, Total: 1607.013111, Node: 968.778730, Link: 638.234380, Spread: 0.000000
Epoch 284/600, Total: 1609.935281, Node: 977.731006, Link: 632.204284, Spread: 0.000000
Epoch 285/600, Total: 1605.149269, Node: 968.376337, Link: 636.772929, Spread: 0.000000
Epoch 286/600, Total: 1602.111843, Node: 965.952956, Link: 636.158870, Spread: 0.000000
Epoch 287/600, Total: 1596.241827, Node: 966.816205, Link: 629.425618, Spread: 0.000000
Epoch 288/600, Total: 1598.201581, Node: 969.952089, Link: 628.249502, Spread: 0.000000
Epoch 289/600, Total: 1603.620424, Node: 967.803456, Link: 635.816973, Spread: 0.000000
Epoch 290/600, Total: 1607.539747, Node: 967.644904, Link: 639.894837, Spread: 0.000000
Epoch 291/600, Total: 1613.302575, Node: 970.930953, Link: 642.371619, Spread: 0.000000
Epoch 292/600, Total: 1599.480080, Node: 967.169073, Link: 632.311015, Spread: 0.000000
Epoch 293/600, Total: 1615.703238, Node: 972.965527, Link: 642.737721, Spread: 0.000000
Epoch 294/600, Total: 1598.875515, Node: 963.851214, Link: 635.024313, Spread: 0.000000
Epoch 295/600, Total: 1608.565484, Node: 976.473160, Link: 632.092321, Spread: 0.000000
Epoch 296/600, Total: 1609.610796, Node: 972.022194, Link: 637.588597, Spread: 0.000000
Epoch 297/600, Total: 1606.413872, Node: 967.057258, Link: 639.356620, Spread: 0.000000
Epoch 298/600, Total: 1597.763324, Node: 965.147245, Link: 632.616094, Spread: 0.000000
Epoch 299/600, Total: 1604.872404, Node: 966.635812, Link: 638.236601, Spread: 0.000000
Epoch 300/600, Total: 1602.401861, Node: 968.706920, Link: 633.694934, Spread: 0.000000
Epoch 301/600, Total: 1607.154459, Node: 972.225897, Link: 634.928560, Spread: 0.000000
Epoch 302/600, Total: 1604.105453, Node: 970.750501, Link: 633.354949, Spread: 0.000000
Epoch 303/600, Total: 1603.919377, Node: 971.770498, Link: 632.148881, Spread: 0.000000
Epoch 304/600, Total: 1604.022960, Node: 969.196122, Link: 634.826824, Spread: 0.000000
Epoch 305/600, Total: 1608.281369, Node: 969.615805, Link: 638.665558, Spread: 0.000000
Epoch 306/600, Total: 1612.593210, Node: 971.094860, Link: 641.498360, Spread: 0.000000
Epoch 307/600, Total: 1597.967104, Node: 966.144519, Link: 631.822592, Spread: 0.000000
Epoch 308/600, Total: 1601.812809, Node: 968.367201, Link: 633.445596, Spread: 0.000000
Epoch 309/600, Total: 1605.679708, Node: 973.426125, Link: 632.253581, Spread: 0.000000
Epoch 310/600, Total: 1607.525091, Node: 971.793443, Link: 635.731646, Spread: 0.000000
Epoch 311/600, Total: 1601.527567, Node: 968.723322, Link: 632.804246, Spread: 0.000000
Epoch 312/600, Total: 1604.633917, Node: 968.464974, Link: 636.168953, Spread: 0.000000
Epoch 313/600, Total: 1598.167366, Node: 963.892901, Link: 634.274459, Spread: 0.000000
Epoch 314/600, Total: 1599.910998, Node: 967.262258, Link: 632.648721, Spread: 0.000000
Epoch 315/600, Total: 1592.301096, Node: 963.559824, Link: 628.741269, Spread: 0.000000
Epoch 316/600, Total: 1598.267864, Node: 968.131872, Link: 630.135993, Spread: 0.000000
Epoch 317/600, Total: 1601.056472, Node: 968.562143, Link: 632.494329, Spread: 0.000000
Epoch 318/600, Total: 1608.793598, Node: 969.293989, Link: 639.499609, Spread: 0.000000
Epoch 319/600, Total: 1596.129059, Node: 965.997859, Link: 630.131199, Spread: 0.000000
Epoch 320/600, Total: 1607.326313, Node: 977.772174, Link: 629.554136, Spread: 0.000000
Epoch 321/600, Total: 1604.365778, Node: 970.110750, Link: 634.255038, Spread: 0.000000
Epoch 322/600, Total: 1596.554012, Node: 966.977065, Link: 629.576955, Spread: 0.000000
Epoch 323/600, Total: 1598.904642, Node: 964.242485, Link: 634.662166, Spread: 0.000000
Epoch 324/600, Total: 1591.040508, Node: 963.717712, Link: 627.322811, Spread: 0.000000
Epoch 325/600, Total: 1588.917559, Node: 963.049896, Link: 625.867663, Spread: 0.000000
Epoch 326/600, Total: 1605.235920, Node: 972.122083, Link: 633.113858, Spread: 0.000000
Epoch 327/600, Total: 1602.253458, Node: 969.093232, Link: 633.160229, Spread: 0.000000
Epoch 328/600, Total: 1609.464738, Node: 978.733674, Link: 630.731064, Spread: 0.000000
Epoch 329/600, Total: 1595.230412, Node: 965.334624, Link: 629.895793, Spread: 0.000000
Epoch 330/600, Total: 1606.775324, Node: 970.514844, Link: 636.260486, Spread: 0.000000
Epoch 331/600, Total: 1605.917375, Node: 968.978861, Link: 636.938513, Spread: 0.000000
Epoch 332/600, Total: 1592.615731, Node: 964.204630, Link: 628.411115, Spread: 0.000000
Epoch 333/600, Total: 1602.365254, Node: 970.798095, Link: 631.567155, Spread: 0.000000
Epoch 334/600, Total: 1602.522330, Node: 971.690428, Link: 630.831891, Spread: 0.000000
Epoch 335/600, Total: 1605.845839, Node: 971.264602, Link: 634.581230, Spread: 0.000000
Epoch 336/600, Total: 1597.167128, Node: 963.346386, Link: 633.820747, Spread: 0.000000
Epoch 337/600, Total: 1610.475642, Node: 980.875774, Link: 629.599861, Spread: 0.000000
Epoch 338/600, Total: 1604.424915, Node: 967.921045, Link: 636.503889, Spread: 0.000000
Epoch 339/600, Total: 1611.741734, Node: 973.404455, Link: 638.337285, Spread: 0.000000
Epoch 340/600, Total: 1615.499509, Node: 975.163078, Link: 640.336437, Spread: 0.000000
Epoch 341/600, Total: 1596.035371, Node: 962.277475, Link: 633.757898, Spread: 0.000000
Epoch 342/600, Total: 1599.387784, Node: 973.009604, Link: 626.378171, Spread: 0.000000
Epoch 343/600, Total: 1606.083733, Node: 968.432172, Link: 637.651557, Spread: 0.000000
Epoch 344/600, Total: 1601.390874, Node: 969.646485, Link: 631.744383, Spread: 0.000000
Epoch 345/600, Total: 1613.197407, Node: 975.685470, Link: 637.511924, Spread: 0.000000
Epoch 346/600, Total: 1597.454781, Node: 967.919596, Link: 629.535172, Spread: 0.000000
Epoch 347/600, Total: 1609.719223, Node: 970.995449, Link: 638.723768, Spread: 0.000000
Epoch 348/600, Total: 1598.636910, Node: 965.014972, Link: 633.621939, Spread: 0.000000
Epoch 349/600, Total: 1606.255254, Node: 967.621304, Link: 638.633935, Spread: 0.000000
Epoch 350/600, Total: 1614.114333, Node: 974.237605, Link: 639.876731, Spread: 0.000000
Epoch 351/600, Total: 1619.520745, Node: 977.244080, Link: 642.276666, Spread: 0.000000
Epoch 352/600, Total: 1614.471877, Node: 979.941805, Link: 634.530078, Spread: 0.000000
Epoch 353/600, Total: 1610.472709, Node: 972.932098, Link: 637.540631, Spread: 0.000000
Epoch 354/600, Total: 1600.010481, Node: 964.334755, Link: 635.675719, Spread: 0.000000
Epoch 355/600, Total: 1595.811382, Node: 965.139441, Link: 630.671926, Spread: 0.000000
Epoch 356/600, Total: 1594.770664, Node: 963.968723, Link: 630.801935, Spread: 0.000000
Epoch 357/600, Total: 1603.100910, Node: 967.470987, Link: 635.629907, Spread: 0.000000
Epoch 358/600, Total: 1601.655883, Node: 968.974928, Link: 632.680977, Spread: 0.000000
Epoch 359/600, Total: 1602.627105, Node: 971.069701, Link: 631.557395, Spread: 0.000000
Epoch 360/600, Total: 1597.132726, Node: 964.070974, Link: 633.061763, Spread: 0.000000
Epoch 361/600, Total: 1607.398286, Node: 969.630371, Link: 637.767924, Spread: 0.000000
Epoch 362/600, Total: 1606.395500, Node: 973.178586, Link: 633.216913, Spread: 0.000000
Epoch 363/600, Total: 1592.741474, Node: 966.128090, Link: 626.613381, Spread: 0.000000
Epoch 364/600, Total: 1605.174382, Node: 968.706902, Link: 636.467462, Spread: 0.000000
Epoch 365/600, Total: 1597.122783, Node: 964.049657, Link: 633.073121, Spread: 0.000000
Epoch 366/600, Total: 1600.192946, Node: 966.332461, Link: 633.860488, Spread: 0.000000
Epoch 367/600, Total: 1601.341927, Node: 967.463943, Link: 633.877981, Spread: 0.000000
Epoch 368/600, Total: 1596.754941, Node: 965.514270, Link: 631.240675, Spread: 0.000000
Epoch 369/600, Total: 1597.591282, Node: 965.026405, Link: 632.564890, Spread: 0.000000
Epoch 370/600, Total: 1586.771127, Node: 961.805481, Link: 624.965636, Spread: 0.000000
Epoch 371/600, Total: 1586.433484, Node: 962.223250, Link: 624.210228, Spread: 0.000000
Epoch 372/600, Total: 1627.441989, Node: 957.797146, Link: 669.644839, Spread: 0.000000
Epoch 373/600, Total: 1627.730823, Node: 958.707628, Link: 669.023176, Spread: 0.000000
Epoch 374/600, Total: 1615.867391, Node: 973.509351, Link: 642.358043, Spread: 0.000000
Epoch 375/600, Total: 1609.837347, Node: 967.450207, Link: 642.387140, Spread: 0.000000
Epoch 376/600, Total: 1605.089745, Node: 966.710989, Link: 638.378766, Spread: 0.000000
Epoch 377/600, Total: 1610.971232, Node: 974.295409, Link: 636.675833, Spread: 0.000000
Epoch 378/600, Total: 1603.216325, Node: 965.628619, Link: 637.587700, Spread: 0.000000
Epoch 379/600, Total: 1607.479349, Node: 969.609905, Link: 637.869455, Spread: 0.000000
Epoch 380/600, Total: 1595.621194, Node: 963.383825, Link: 632.237375, Spread: 0.000000
Epoch 381/600, Total: 1599.226511, Node: 965.733420, Link: 633.493094, Spread: 0.000000
Epoch 382/600, Total: 1594.904354, Node: 966.394022, Link: 628.510339, Spread: 0.000000
Epoch 383/600, Total: 1586.649663, Node: 956.819452, Link: 629.830218, Spread: 0.000000
Epoch 384/600, Total: 1595.331950, Node: 968.151443, Link: 627.180508, Spread: 0.000000
Epoch 385/600, Total: 1605.833344, Node: 963.555023, Link: 642.278340, Spread: 0.000000
Epoch 386/600, Total: 1594.486432, Node: 962.344845, Link: 632.141586, Spread: 0.000000
Epoch 387/600, Total: 1594.572697, Node: 961.347495, Link: 633.225193, Spread: 0.000000
Epoch 388/600, Total: 1596.764970, Node: 963.005154, Link: 633.759801, Spread: 0.000000
Epoch 389/600, Total: 1597.147478, Node: 964.969642, Link: 632.177841, Spread: 0.000000
Epoch 390/600, Total: 1600.839516, Node: 965.519589, Link: 635.319902, Spread: 0.000000
Epoch 391/600, Total: 1592.643164, Node: 963.484576, Link: 629.158580, Spread: 0.000000
Epoch 392/600, Total: 1595.021856, Node: 967.494856, Link: 627.527003, Spread: 0.000000
Epoch 393/600, Total: 1603.902975, Node: 966.799659, Link: 637.103317, Spread: 0.000000
Epoch 394/600, Total: 1601.331453, Node: 967.281311, Link: 634.050147, Spread: 0.000000
Epoch 395/600, Total: 1590.084024, Node: 959.870323, Link: 630.213693, Spread: 0.000000
Epoch 396/600, Total: 1592.256198, Node: 963.249471, Link: 629.006715, Spread: 0.000000
Epoch 397/600, Total: 1594.558605, Node: 961.852948, Link: 632.705643, Spread: 0.000000
Epoch 398/600, Total: 1600.232908, Node: 961.367654, Link: 638.865252, Spread: 0.000000
Epoch 399/600, Total: 1600.046751, Node: 964.647748, Link: 635.399007, Spread: 0.000000
Epoch 400/600, Total: 1609.186248, Node: 978.062769, Link: 631.123462, Spread: 0.000000
Epoch 401/600, Total: 1596.569205, Node: 964.801098, Link: 631.768095, Spread: 0.000000
Epoch 402/600, Total: 1609.916426, Node: 966.606434, Link: 643.309988, Spread: 0.000000
Epoch 403/600, Total: 1585.278022, Node: 952.791485, Link: 632.486546, Spread: 0.000000
Epoch 404/600, Total: 1597.658876, Node: 963.913384, Link: 633.745502, Spread: 0.000000
Epoch 405/600, Total: 1603.320767, Node: 967.459328, Link: 635.861424, Spread: 0.000000
Epoch 406/600, Total: 1595.808115, Node: 963.947244, Link: 631.860871, Spread: 0.000000
Epoch 407/600, Total: 1599.370440, Node: 964.070279, Link: 635.300165, Spread: 0.000000
Epoch 408/600, Total: 1584.205554, Node: 959.375896, Link: 624.829662, Spread: 0.000000
Epoch 409/600, Total: 1592.149483, Node: 965.183826, Link: 626.965667, Spread: 0.000000
Epoch 410/600, Total: 1610.299351, Node: 970.411232, Link: 639.888129, Spread: 0.000000
Epoch 411/600, Total: 1593.838571, Node: 959.376575, Link: 634.461993, Spread: 0.000000
Epoch 412/600, Total: 1601.708766, Node: 961.983866, Link: 639.724884, Spread: 0.000000
Epoch 413/600, Total: 1597.108661, Node: 960.192033, Link: 636.916622, Spread: 0.000000
Epoch 414/600, Total: 1594.464304, Node: 960.861954, Link: 633.602359, Spread: 0.000000
Epoch 415/600, Total: 1592.869730, Node: 958.525225, Link: 634.344516, Spread: 0.000000
Epoch 416/600, Total: 1584.754195, Node: 952.134048, Link: 632.620143, Spread: 0.000000
Epoch 417/600, Total: 1584.527961, Node: 956.064744, Link: 628.463206, Spread: 0.000000
Epoch 418/600, Total: 1596.564434, Node: 956.926122, Link: 639.638313, Spread: 0.000000
Epoch 419/600, Total: 1596.105224, Node: 964.833953, Link: 631.271279, Spread: 0.000000
Epoch 420/600, Total: 1593.717644, Node: 961.775858, Link: 631.941796, Spread: 0.000000
Epoch 421/600, Total: 1597.365734, Node: 962.553714, Link: 634.812010, Spread: 0.000000
Epoch 422/600, Total: 1601.810504, Node: 959.768239, Link: 642.042284, Spread: 0.000000
Epoch 423/600, Total: 1592.455449, Node: 958.056022, Link: 634.399435, Spread: 0.000000
Epoch 424/600, Total: 1581.020981, Node: 953.592739, Link: 627.428246, Spread: 0.000000
Epoch 425/600, Total: 1585.664204, Node: 957.147072, Link: 628.517155, Spread: 0.000000
Epoch 426/600, Total: 1597.794775, Node: 960.983540, Link: 636.811237, Spread: 0.000000
Epoch 427/600, Total: 1590.853897, Node: 956.977966, Link: 633.875941, Spread: 0.000000
Epoch 428/600, Total: 1582.037943, Node: 954.442027, Link: 627.595907, Spread: 0.000000
Epoch 429/600, Total: 1595.972582, Node: 964.233073, Link: 631.739503, Spread: 0.000000
Epoch 430/600, Total: 1585.368324, Node: 954.040038, Link: 631.328278, Spread: 0.000000
Epoch 431/600, Total: 1587.216346, Node: 958.356968, Link: 628.859394, Spread: 0.000000
Epoch 432/600, Total: 1589.977587, Node: 955.718801, Link: 634.258774, Spread: 0.000000
Epoch 433/600, Total: 1586.430028, Node: 961.426091, Link: 625.003927, Spread: 0.000000
Epoch 434/600, Total: 1582.782252, Node: 951.243203, Link: 631.539064, Spread: 0.000000
Epoch 435/600, Total: 1585.141788, Node: 951.414382, Link: 633.727387, Spread: 0.000000
Epoch 436/600, Total: 1615.357000, Node: 963.240181, Link: 652.116802, Spread: 0.000000
Epoch 437/600, Total: 1627.207128, Node: 967.604737, Link: 659.602395, Spread: 0.000000
Epoch 438/600, Total: 1618.013233, Node: 966.310995, Link: 651.702234, Spread: 0.000000
Epoch 439/600, Total: 1623.203491, Node: 973.959554, Link: 649.243927, Spread: 0.000000
Epoch 440/600, Total: 1596.083927, Node: 956.763463, Link: 639.320468, Spread: 0.000000
Epoch 441/600, Total: 1593.504249, Node: 956.838149, Link: 636.666100, Spread: 0.000000
Epoch 442/600, Total: 1590.027459, Node: 956.288510, Link: 633.738940, Spread: 0.000000
Epoch 443/600, Total: 1588.650602, Node: 954.871971, Link: 633.778640, Spread: 0.000000
Epoch 444/600, Total: 1595.294538, Node: 954.876979, Link: 640.417566, Spread: 0.000000
Epoch 445/600, Total: 1586.935131, Node: 955.867079, Link: 631.068047, Spread: 0.000000
Epoch 446/600, Total: 1586.049019, Node: 951.996829, Link: 634.052179, Spread: 0.000000
Epoch 447/600, Total: 1588.577735, Node: 959.441057, Link: 629.136669, Spread: 0.000000
Epoch 448/600, Total: 1588.311966, Node: 961.879747, Link: 626.432213, Spread: 0.000000
Epoch 449/600, Total: 1599.747906, Node: 965.561286, Link: 634.186623, Spread: 0.000000
Epoch 450/600, Total: 1596.731046, Node: 959.828209, Link: 636.902842, Spread: 0.000000
Epoch 451/600, Total: 1588.403258, Node: 958.179523, Link: 630.223734, Spread: 0.000000
Epoch 452/600, Total: 1589.966893, Node: 955.504473, Link: 634.462429, Spread: 0.000000
Epoch 453/600, Total: 1594.947384, Node: 955.914427, Link: 639.032961, Spread: 0.000000
Epoch 454/600, Total: 1587.516242, Node: 950.195522, Link: 637.320727, Spread: 0.000000
Epoch 455/600, Total: 1583.892627, Node: 950.055397, Link: 633.837245, Spread: 0.000000
Epoch 456/600, Total: 1581.839895, Node: 955.586645, Link: 626.253236, Spread: 0.000000
Epoch 457/600, Total: 1590.097704, Node: 962.044167, Link: 628.053525, Spread: 0.000000
Epoch 458/600, Total: 1587.772127, Node: 954.952813, Link: 632.819325, Spread: 0.000000
Epoch 459/600, Total: 1584.124718, Node: 949.994484, Link: 634.130234, Spread: 0.000000
Epoch 460/600, Total: 1574.322624, Node: 946.300227, Link: 628.022384, Spread: 0.000000
Epoch 461/600, Total: 1588.473467, Node: 954.775911, Link: 633.697562, Spread: 0.000000
Epoch 462/600, Total: 1572.723715, Node: 947.133512, Link: 625.590190, Spread: 0.000000
Epoch 463/600, Total: 1580.839423, Node: 953.044310, Link: 627.795113, Spread: 0.000000
Epoch 464/600, Total: 1592.490438, Node: 954.063600, Link: 638.426834, Spread: 0.000000
Epoch 465/600, Total: 1581.793804, Node: 947.943575, Link: 633.850225, Spread: 0.000000
Epoch 466/600, Total: 1582.807983, Node: 948.338307, Link: 634.469677, Spread: 0.000000
Epoch 467/600, Total: 1580.995190, Node: 950.455411, Link: 630.539783, Spread: 0.000000
Epoch 468/600, Total: 1588.089137, Node: 956.022698, Link: 632.066443, Spread: 0.000000
Epoch 469/600, Total: 1597.323303, Node: 960.263634, Link: 637.059694, Spread: 0.000000
Epoch 470/600, Total: 1595.735467, Node: 964.199594, Link: 631.535870, Spread: 0.000000
Epoch 471/600, Total: 1592.470068, Node: 956.635307, Link: 635.834767, Spread: 0.000000
Epoch 472/600, Total: 1585.958261, Node: 950.047830, Link: 635.910429, Spread: 0.000000
Epoch 473/600, Total: 1581.955727, Node: 947.650514, Link: 634.305214, Spread: 0.000000
Epoch 474/600, Total: 1564.974864, Node: 941.003903, Link: 623.970962, Spread: 0.000000
Epoch 475/600, Total: 1582.603639, Node: 951.369394, Link: 631.234251, Spread: 0.000000
Epoch 476/600, Total: 1588.111316, Node: 955.975769, Link: 632.135557, Spread: 0.000000
Epoch 477/600, Total: 1583.165157, Node: 950.029227, Link: 633.135920, Spread: 0.000000
Epoch 478/600, Total: 1581.666113, Node: 947.928769, Link: 633.737354, Spread: 0.000000
Epoch 479/600, Total: 1581.946734, Node: 947.742254, Link: 634.204491, Spread: 0.000000
Epoch 480/600, Total: 1581.750643, Node: 950.317900, Link: 631.432745, Spread: 0.000000
Epoch 481/600, Total: 1567.050169, Node: 940.869156, Link: 626.181004, Spread: 0.000000
Epoch 482/600, Total: 1592.788758, Node: 964.210205, Link: 628.578569, Spread: 0.000000
Epoch 483/600, Total: 1600.839458, Node: 970.128420, Link: 630.711040, Spread: 0.000000
Epoch 484/600, Total: 1608.337421, Node: 967.671826, Link: 640.665594, Spread: 0.000000
Epoch 485/600, Total: 1578.176698, Node: 947.520266, Link: 630.656428, Spread: 0.000000
Epoch 486/600, Total: 1583.078495, Node: 954.614980, Link: 628.463529, Spread: 0.000000
Epoch 487/600, Total: 1595.520400, Node: 963.017544, Link: 632.502846, Spread: 0.000000
Epoch 488/600, Total: 1577.267637, Node: 944.243448, Link: 633.024187, Spread: 0.000000
Epoch 489/600, Total: 1582.257712, Node: 948.183212, Link: 634.074497, Spread: 0.000000
Epoch 490/600, Total: 1576.345570, Node: 944.606735, Link: 631.738829, Spread: 0.000000
Epoch 491/600, Total: 1579.060393, Node: 950.672221, Link: 628.388182, Spread: 0.000000
Epoch 492/600, Total: 1581.904378, Node: 950.820728, Link: 631.083649, Spread: 0.000000
Epoch 493/600, Total: 1588.238698, Node: 953.101105, Link: 635.137594, Spread: 0.000000
Epoch 494/600, Total: 1577.953649, Node: 944.428981, Link: 633.524666, Spread: 0.000000
Epoch 495/600, Total: 1588.742686, Node: 955.339698, Link: 633.402984, Spread: 0.000000
Epoch 496/600, Total: 1586.441588, Node: 945.965695, Link: 640.475881, Spread: 0.000000
Epoch 497/600, Total: 1587.146536, Node: 951.909926, Link: 635.236613, Spread: 0.000000
Epoch 498/600, Total: 1584.418048, Node: 948.761664, Link: 635.656393, Spread: 0.000000
Epoch 499/600, Total: 1578.850695, Node: 943.435685, Link: 635.415011, Spread: 0.000000
Epoch 500/600, Total: 1598.565277, Node: 960.749206, Link: 637.816076, Spread: 0.000000
Epoch 501/600, Total: 1588.300534, Node: 963.516539, Link: 624.783984, Spread: 0.000000
Epoch 502/600, Total: 1593.946880, Node: 958.452231, Link: 635.494643, Spread: 0.000000
Epoch 503/600, Total: 1579.000469, Node: 949.899213, Link: 629.101257, Spread: 0.000000
Epoch 504/600, Total: 1585.385674, Node: 947.537134, Link: 637.848557, Spread: 0.000000
Epoch 505/600, Total: 1584.242454, Node: 952.356423, Link: 631.886021, Spread: 0.000000
Epoch 506/600, Total: 1583.462719, Node: 952.328247, Link: 631.134471, Spread: 0.000000
Epoch 507/600, Total: 1585.140509, Node: 950.560915, Link: 634.579593, Spread: 0.000000
Epoch 508/600, Total: 1586.485598, Node: 953.763537, Link: 632.722075, Spread: 0.000000
Epoch 509/600, Total: 1588.064771, Node: 950.247030, Link: 637.817738, Spread: 0.000000
Epoch 510/600, Total: 1638.215929, Node: 962.134829, Link: 676.081105, Spread: 0.000000
Epoch 511/600, Total: 1640.448642, Node: 973.497869, Link: 666.950778, Spread: 0.000000
Epoch 512/600, Total: 1636.597071, Node: 971.075705, Link: 665.521348, Spread: 0.000000
Epoch 513/600, Total: 1634.699434, Node: 969.864502, Link: 664.834935, Spread: 0.000000
Epoch 514/600, Total: 1635.554912, Node: 965.628449, Link: 669.926469, Spread: 0.000000
Epoch 515/600, Total: 1642.800156, Node: 973.744298, Link: 669.055871, Spread: 0.000000
Epoch 516/600, Total: 1644.319655, Node: 973.443993, Link: 670.875667, Spread: 0.000000
Epoch 517/600, Total: 1631.357464, Node: 966.883305, Link: 664.474165, Spread: 0.000000
Epoch 518/600, Total: 1614.509874, Node: 958.334552, Link: 656.175321, Spread: 0.000000
Epoch 519/600, Total: 1602.945517, Node: 953.324076, Link: 649.621445, Spread: 0.000000
Epoch 520/600, Total: 1604.960117, Node: 951.724572, Link: 653.235532, Spread: 0.000000
Epoch 521/600, Total: 1613.631630, Node: 952.605031, Link: 661.026602, Spread: 0.000000
Epoch 522/600, Total: 1599.513648, Node: 955.267939, Link: 644.245700, Spread: 0.000000
Epoch 523/600, Total: 1602.258303, Node: 950.649597, Link: 651.608694, Spread: 0.000000
Epoch 524/600, Total: 1606.058069, Node: 952.280183, Link: 653.777899, Spread: 0.000000
Epoch 525/600, Total: 1605.904185, Node: 952.259175, Link: 653.644998, Spread: 0.000000
Epoch 526/600, Total: 1603.625256, Node: 955.973324, Link: 647.651926, Spread: 0.000000
Epoch 527/600, Total: 1606.190194, Node: 950.947893, Link: 655.242311, Spread: 0.000000
Epoch 528/600, Total: 1603.750464, Node: 961.975593, Link: 641.774860, Spread: 0.000000
Epoch 529/600, Total: 1580.668932, Node: 950.751901, Link: 629.917021, Spread: 0.000000
Epoch 530/600, Total: 1576.982175, Node: 947.001664, Link: 629.980525, Spread: 0.000000
Epoch 531/600, Total: 1574.220275, Node: 941.984566, Link: 632.235701, Spread: 0.000000
Epoch 532/600, Total: 1580.481308, Node: 956.399439, Link: 624.081863, Spread: 0.000000
Epoch 533/600, Total: 1570.338347, Node: 946.283294, Link: 624.055047, Spread: 0.000000
Epoch 534/600, Total: 1581.440148, Node: 957.177636, Link: 624.262517, Spread: 0.000000
Epoch 535/600, Total: 1575.626565, Node: 941.760407, Link: 633.866162, Spread: 0.000000
Epoch 536/600, Total: 1577.111891, Node: 947.164533, Link: 629.947359, Spread: 0.000000
Epoch 537/600, Total: 1585.385268, Node: 959.018972, Link: 626.366305, Spread: 0.000000
Epoch 538/600, Total: 1576.183314, Node: 943.548046, Link: 632.635264, Spread: 0.000000
Epoch 539/600, Total: 1584.500548, Node: 952.681785, Link: 631.818761, Spread: 0.000000
Epoch 540/600, Total: 1597.084826, Node: 960.245453, Link: 636.839374, Spread: 0.000000
Epoch 541/600, Total: 1578.175975, Node: 952.892907, Link: 625.283049, Spread: 0.000000
Epoch 542/600, Total: 1591.475146, Node: 950.920689, Link: 640.554449, Spread: 0.000000
Epoch 543/600, Total: 1572.244661, Node: 945.430060, Link: 626.814586, Spread: 0.000000
Epoch 544/600, Total: 1577.417633, Node: 944.753505, Link: 632.664122, Spread: 0.000000
Epoch 545/600, Total: 1570.403320, Node: 946.600377, Link: 623.802927, Spread: 0.000000
Epoch 546/600, Total: 1573.147129, Node: 946.848091, Link: 626.299047, Spread: 0.000000
Epoch 547/600, Total: 1580.682935, Node: 951.562905, Link: 629.120027, Spread: 0.000000
Epoch 548/600, Total: 1587.874208, Node: 954.498259, Link: 633.375929, Spread: 0.000000
Epoch 549/600, Total: 1568.769832, Node: 939.497233, Link: 629.272587, Spread: 0.000000
Epoch 550/600, Total: 1577.859818, Node: 944.962704, Link: 632.897117, Spread: 0.000000
Epoch 551/600, Total: 1577.508953, Node: 953.103271, Link: 624.405682, Spread: 0.000000
Epoch 552/600, Total: 1587.406422, Node: 948.432716, Link: 638.973706, Spread: 0.000000
Epoch 553/600, Total: 1581.848496, Node: 951.604519, Link: 630.243977, Spread: 0.000000
Epoch 554/600, Total: 1570.739883, Node: 945.668102, Link: 625.071789, Spread: 0.000000
Epoch 555/600, Total: 1571.095098, Node: 943.284398, Link: 627.810684, Spread: 0.000000
Epoch 556/600, Total: 1581.305827, Node: 947.608611, Link: 633.697214, Spread: 0.000000
Epoch 557/600, Total: 1568.818110, Node: 941.657001, Link: 627.161093, Spread: 0.000000
Epoch 558/600, Total: 1569.092678, Node: 940.614809, Link: 628.477869, Spread: 0.000000
Epoch 559/600, Total: 1596.953847, Node: 962.822980, Link: 634.130882, Spread: 0.000000
Epoch 560/600, Total: 1606.614388, Node: 973.974969, Link: 632.639425, Spread: 0.000000
Epoch 561/600, Total: 1584.595627, Node: 951.244142, Link: 633.351491, Spread: 0.000000
Epoch 562/600, Total: 1573.580442, Node: 947.035454, Link: 626.545000, Spread: 0.000000
Epoch 563/600, Total: 1586.103508, Node: 955.167270, Link: 630.936234, Spread: 0.000000
Epoch 564/600, Total: 1580.022616, Node: 954.336716, Link: 625.685890, Spread: 0.000000
Epoch 565/600, Total: 1571.108295, Node: 944.852597, Link: 626.255692, Spread: 0.000000
Epoch 566/600, Total: 1567.254636, Node: 943.084200, Link: 624.170433, Spread: 0.000000
Epoch 567/600, Total: 1574.323543, Node: 950.430978, Link: 623.892554, Spread: 0.000000
Epoch 568/600, Total: 1600.780707, Node: 968.996437, Link: 631.784270, Spread: 0.000000
Epoch 569/600, Total: 1580.580830, Node: 949.841982, Link: 630.738850, Spread: 0.000000
Epoch 570/600, Total: 1573.092010, Node: 941.584051, Link: 631.507939, Spread: 0.000000
Epoch 571/600, Total: 1577.519499, Node: 951.317741, Link: 626.201764, Spread: 0.000000
Epoch 572/600, Total: 1566.338273, Node: 942.647193, Link: 623.691075, Spread: 0.000000
Epoch 573/600, Total: 1574.406258, Node: 949.510266, Link: 624.895997, Spread: 0.000000
Epoch 574/600, Total: 1588.977843, Node: 958.275399, Link: 630.702433, Spread: 0.000000
Epoch 575/600, Total: 1581.773558, Node: 954.814865, Link: 626.958683, Spread: 0.000000
Epoch 576/600, Total: 1579.807084, Node: 951.021935, Link: 628.785143, Spread: 0.000000
Epoch 577/600, Total: 1581.872993, Node: 948.749824, Link: 633.123156, Spread: 0.000000
Epoch 578/600, Total: 1576.916999, Node: 951.181788, Link: 625.735193, Spread: 0.000000
Epoch 579/600, Total: 1593.395659, Node: 965.197659, Link: 628.197998, Spread: 0.000000
Epoch 580/600, Total: 1577.460620, Node: 953.520315, Link: 623.940320, Spread: 0.000000
Epoch 581/600, Total: 1600.737137, Node: 963.742331, Link: 636.994802, Spread: 0.000000
Epoch 582/600, Total: 1601.266732, Node: 961.522830, Link: 639.743896, Spread: 0.000000
Epoch 583/600, Total: 1588.549262, Node: 953.866247, Link: 634.683026, Spread: 0.000000
Epoch 584/600, Total: 1578.010366, Node: 954.006506, Link: 624.003859, Spread: 0.000000
Epoch 585/600, Total: 1575.488154, Node: 950.562292, Link: 624.925852, Spread: 0.000000
Epoch 586/600, Total: 1585.951343, Node: 949.945578, Link: 636.005766, Spread: 0.000000
Epoch 587/600, Total: 1564.658876, Node: 938.295468, Link: 626.363408, Spread: 0.000000
Epoch 588/600, Total: 1565.234598, Node: 941.144525, Link: 624.090074, Spread: 0.000000
Epoch 589/600, Total: 1574.948234, Node: 950.345723, Link: 624.602508, Spread: 0.000000
Epoch 590/600, Total: 1583.503469, Node: 952.474424, Link: 631.029045, Spread: 0.000000
Epoch 591/600, Total: 1590.177071, Node: 959.491639, Link: 630.685439, Spread: 0.000000
Epoch 592/600, Total: 1594.646905, Node: 966.244275, Link: 628.402629, Spread: 0.000000
Epoch 593/600, Total: 1602.254331, Node: 979.572092, Link: 622.682223, Spread: 0.000000
Epoch 594/600, Total: 1571.430026, Node: 947.715200, Link: 623.714820, Spread: 0.000000
Epoch 595/600, Total: 1564.891698, Node: 943.932826, Link: 620.958869, Spread: 0.000000
Epoch 596/600, Total: 1584.237719, Node: 949.493220, Link: 634.744503, Spread: 0.000000
Epoch 597/600, Total: 1571.703649, Node: 941.991558, Link: 629.712092, Spread: 0.000000
Epoch 598/600, Total: 1580.215513, Node: 948.181293, Link: 632.034223, Spread: 0.000000
Epoch 599/600, Total: 1568.745863, Node: 943.187426, Link: 625.558421, Spread: 0.000000
Epoch 600/600, Total: 1568.032971, Node: 940.229932, Link: 627.803044, Spread: 0.000000
Saved sweep result to: /homes/dameyer/ml-for-wdn-project-4/results/aggregated/gnn_training_sweep/net1_buffer=1_rollout=10_seed=42.json
Table value: 940.229932
