Filter:    enkf
Job:       241259
Array ID:  26
Seed:      68
Host:      assistant-4.GPU.CIT-EC.NET
Dataset:   hanoi

Running Hanoi GNN EnKF: 24 sensor counts × 1 sensor placements
2 sensors/type: 1.1138 ± 0.2575
3 sensors/type: 1.0520 ± 0.2573
4 sensors/type: 1.1274 ± 0.2482
5 sensors/type: 1.2315 ± 0.3295
6 sensors/type: 1.0173 ± 0.2568
7 sensors/type: 0.9676 ± 0.2724
8 sensors/type: 1.0697 ± 0.2884
9 sensors/type: 0.9877 ± 0.2643
10 sensors/type: 0.9695 ± 0.2583
11 sensors/type: 0.9796 ± 0.2707
12 sensors/type: 0.9220 ± 0.2550
13 sensors/type: 0.8874 ± 0.2547
14 sensors/type: 0.9360 ± 0.2577
15 sensors/type: 0.9066 ± 0.2462
16 sensors/type: 0.9329 ± 0.2643
17 sensors/type: 0.8782 ± 0.2571
18 sensors/type: 0.8774 ± 0.2587
19 sensors/type: 0.8972 ± 0.2490
20 sensors/type: 0.8852 ± 0.2453
21 sensors/type: 0.8700 ± 0.2281
22 sensors/type: 0.8560 ± 0.2231
23 sensors/type: 0.8535 ± 0.2415
24 sensors/type: 0.8749 ± 0.2525
25 sensors/type: 0.8327 ± 0.2403
Saved gnn EnKF result to: /homes/dameyer/ml-for-wdn-project-4/results/aggregated/hanoi_gnn_enkf_n_iters=1_ensemble_size=50_seed=68.npz
