================================
GNN training sweep
Job ID: 242677
Task ID: 13
Buffer size: 10
Rollout length: 5
================================
Running GNN sweep: dataset=Net1, buffer=10, rollout=5
Epoch 1/600, Total: 2939.147231, Node: 1822.050133, Link: 1115.369736, Spread: 172.738147
Epoch 2/600, Total: 1953.037886, Node: 1205.345650, Link: 746.129289, Spread: 156.294925
Epoch 3/600, Total: 1893.734736, Node: 1159.329948, Link: 733.046588, Spread: 135.820009
Epoch 4/600, Total: 1857.430553, Node: 1126.078137, Link: 730.204655, Spread: 114.776555
Epoch 5/600, Total: 1826.669946, Node: 1096.541694, Link: 729.118519, Spread: 100.973419
Epoch 6/600, Total: 1815.251950, Node: 1092.588893, Link: 721.785592, Spread: 87.747135
Epoch 7/600, Total: 1792.313917, Node: 1072.807173, Link: 718.770335, Spread: 73.640475
Epoch 8/600, Total: 1772.087858, Node: 1057.398616, Link: 714.091739, Spread: 59.750861
Epoch 9/600, Total: 1754.101006, Node: 1034.544702, Link: 719.062043, Spread: 49.426295
Epoch 10/600, Total: 1783.982695, Node: 1052.228443, Link: 731.352343, Spread: 40.189947
Epoch 11/600, Total: 1760.961367, Node: 1034.787213, Link: 725.874089, Spread: 30.007238
Epoch 12/600, Total: 1745.629673, Node: 1022.784527, Link: 722.622771, Spread: 22.237207
Epoch 13/600, Total: 1728.813471, Node: 1010.874218, Link: 717.774728, Spread: 16.452390
Epoch 14/600, Total: 1717.890890, Node: 1002.734806, Link: 715.032900, Spread: 12.318335
Epoch 15/600, Total: 1711.231205, Node: 998.360225, Link: 712.774825, Spread: 9.615327
Epoch 16/600, Total: 1710.767772, Node: 997.286673, Link: 713.402499, Spread: 7.860974
Epoch 17/600, Total: 1716.605359, Node: 996.716652, Link: 719.821713, Spread: 6.699389
Epoch 18/600, Total: 1715.874652, Node: 996.391103, Link: 719.424193, Spread: 5.935587
Epoch 19/600, Total: 1713.499196, Node: 995.462624, Link: 717.982320, Spread: 5.424994
Epoch 20/600, Total: 1712.036766, Node: 994.853769, Link: 717.132532, Spread: 5.046811
Epoch 21/600, Total: 1710.555685, Node: 994.246620, Link: 716.261627, Spread: 4.742717
Epoch 22/600, Total: 1708.923230, Node: 993.610965, Link: 715.267393, Spread: 4.487211
Epoch 23/600, Total: 1707.099794, Node: 992.933821, Link: 714.123306, Spread: 4.267295
Epoch 24/600, Total: 1705.224072, Node: 992.243736, Link: 712.939581, Spread: 4.075424
Epoch 25/600, Total: 1703.479727, Node: 991.593013, Link: 711.847645, Spread: 3.906923
Epoch 26/600, Total: 1702.420503, Node: 992.115347, Link: 710.267530, Spread: 3.762182
Epoch 27/600, Total: 1713.578179, Node: 1003.238555, Link: 710.302653, Spread: 3.696878
Epoch 28/600, Total: 1701.040298, Node: 990.611619, Link: 710.393476, Spread: 3.519888
Epoch 29/600, Total: 1699.548501, Node: 989.946800, Link: 709.567607, Spread: 3.410142
Epoch 30/600, Total: 1698.531763, Node: 989.544987, Link: 708.953634, Spread: 3.314552
Epoch 31/600, Total: 1697.783769, Node: 989.274127, Link: 708.477313, Spread: 3.232320
Epoch 32/600, Total: 1697.182054, Node: 989.079900, Link: 708.070541, Spread: 3.161478
Epoch 33/600, Total: 1696.699244, Node: 988.941583, Link: 707.726669, Spread: 3.099690
Epoch 34/600, Total: 1696.299318, Node: 988.824511, Link: 707.444361, Spread: 3.044971
Epoch 35/600, Total: 1695.910758, Node: 988.684544, Link: 707.196264, Spread: 2.996060
Epoch 36/600, Total: 1695.487149, Node: 988.504995, Link: 706.952628, Spread: 2.952448
Epoch 37/600, Total: 1695.021560, Node: 988.284871, Link: 706.707559, Spread: 2.913781
Epoch 38/600, Total: 1694.534906, Node: 988.034369, Link: 706.471744, Spread: 2.879407
Epoch 39/600, Total: 1694.048757, Node: 987.765506, Link: 706.254760, Spread: 2.848412
Epoch 40/600, Total: 1693.575876, Node: 987.487252, Link: 706.060407, Spread: 2.819861
Epoch 41/600, Total: 1693.121163, Node: 987.204167, Link: 705.889059, Spread: 2.792979
Epoch 42/600, Total: 1692.684994, Node: 986.917800, Link: 705.739527, Spread: 2.767194
Epoch 43/600, Total: 1692.266494, Node: 986.628049, Link: 705.611020, Spread: 2.742104
Epoch 44/600, Total: 1695.730539, Node: 988.258736, Link: 707.444727, Spread: 2.708698
Epoch 45/600, Total: 1711.358104, Node: 1004.244224, Link: 707.086556, Spread: 2.731935
Epoch 46/600, Total: 1690.900502, Node: 987.723982, Link: 703.149414, Spread: 2.711080
Epoch 47/600, Total: 1694.197319, Node: 987.063923, Link: 707.106549, Spread: 2.685366
Epoch 48/600, Total: 1692.832788, Node: 986.022226, Link: 706.784069, Spread: 2.649842
Epoch 49/600, Total: 1699.217821, Node: 997.982144, Link: 701.210469, Spread: 2.521535
Epoch 50/600, Total: 1686.743872, Node: 983.257698, Link: 703.460352, Spread: 2.581497
Epoch 51/600, Total: 1690.821543, Node: 985.004661, Link: 705.791165, Spread: 2.571979
Epoch 52/600, Total: 1690.408689, Node: 984.640404, Link: 705.742756, Spread: 2.552482
Epoch 53/600, Total: 1689.906825, Node: 984.218985, Link: 705.662528, Spread: 2.531146
Epoch 54/600, Total: 1689.389076, Node: 983.783685, Link: 705.580301, Spread: 2.508783
Epoch 55/600, Total: 1688.892585, Node: 983.359103, Link: 705.508628, Spread: 2.485665
Epoch 56/600, Total: 1688.425343, Node: 982.951562, Link: 705.449162, Spread: 2.461905
Epoch 57/600, Total: 1687.984188, Node: 982.560550, Link: 705.399256, Spread: 2.437589
Epoch 58/600, Total: 1687.562284, Node: 982.183604, Link: 705.354552, Spread: 2.412779
Epoch 59/600, Total: 1687.151715, Node: 981.817782, Link: 705.310054, Spread: 2.387539
Epoch 60/600, Total: 1686.736994, Node: 981.460485, Link: 705.252896, Spread: 2.362078
Epoch 61/600, Total: 1686.346354, Node: 981.114798, Link: 705.208196, Spread: 2.336276
Epoch 62/600, Total: 1685.928046, Node: 980.766739, Link: 705.138205, Spread: 2.310061
Epoch 63/600, Total: 1685.499778, Node: 980.420989, Link: 705.055963, Spread: 2.283666
Epoch 64/600, Total: 1697.312237, Node: 992.092307, Link: 705.197023, Spread: 2.290872
Epoch 65/600, Total: 1694.411369, Node: 990.340573, Link: 704.046729, Spread: 2.407181
Epoch 66/600, Total: 1683.040607, Node: 977.784984, Link: 705.232542, Spread: 2.307168
Epoch 67/600, Total: 1685.739507, Node: 978.466920, Link: 707.250497, Spread: 2.209484
Epoch 68/600, Total: 1682.756098, Node: 981.165942, Link: 701.567673, Spread: 2.248679
Epoch 69/600, Total: 1684.795953, Node: 980.990757, Link: 703.783546, Spread: 2.164748
Epoch 70/600, Total: 1686.864730, Node: 976.773612, Link: 710.068872, Spread: 2.225382
Epoch 71/600, Total: 1692.076554, Node: 983.986469, Link: 708.069165, Spread: 2.092492
Epoch 72/600, Total: 1672.784516, Node: 973.814336, Link: 698.948772, Spread: 2.141058
Epoch 73/600, Total: 1675.154277, Node: 973.609625, Link: 701.523646, Spread: 2.100380
Epoch 74/600, Total: 1655.786309, Node: 963.363819, Link: 692.401471, Spread: 2.101466
Epoch 75/600, Total: 1674.055890, Node: 970.753608, Link: 703.281577, Spread: 2.071135
Epoch 76/600, Total: 1683.187644, Node: 977.291856, Link: 705.875532, Spread: 2.025527
Epoch 77/600, Total: 1673.883811, Node: 970.118966, Link: 703.744999, Spread: 1.984437
Epoch 78/600, Total: 1694.688943, Node: 984.590092, Link: 710.078911, Spread: 1.994347
Epoch 79/600, Total: 1676.396217, Node: 968.637049, Link: 707.739352, Spread: 1.981246
Epoch 80/600, Total: 1682.960785, Node: 982.877574, Link: 700.064520, Spread: 1.869504
Epoch 81/600, Total: 1688.027877, Node: 982.287295, Link: 705.722147, Spread: 1.843766
Epoch 82/600, Total: 1675.548248, Node: 979.974656, Link: 695.555565, Spread: 1.802347
Epoch 83/600, Total: 1688.369123, Node: 982.546748, Link: 705.804684, Spread: 1.769187
Epoch 84/600, Total: 1680.477329, Node: 975.716994, Link: 704.742835, Spread: 1.751963
Epoch 85/600, Total: 1693.438248, Node: 982.968614, Link: 710.451205, Spread: 1.842974
Epoch 86/600, Total: 1682.545860, Node: 970.867340, Link: 711.660801, Spread: 1.772539
Epoch 87/600, Total: 1674.315655, Node: 970.775119, Link: 703.523269, Spread: 1.726285
Epoch 88/600, Total: 1692.029608, Node: 979.514509, Link: 712.498092, Spread: 1.701746
Epoch 89/600, Total: 1689.492903, Node: 981.356815, Link: 708.119143, Spread: 1.693055
Epoch 90/600, Total: 1689.758370, Node: 980.128773, Link: 709.612844, Spread: 1.675151
Epoch 91/600, Total: 1698.432283, Node: 982.274150, Link: 716.141490, Spread: 1.664421
Epoch 92/600, Total: 1694.416660, Node: 978.444202, Link: 715.955720, Spread: 1.673655
Epoch 93/600, Total: 1677.021806, Node: 968.488583, Link: 708.516304, Spread: 1.691658
Epoch 94/600, Total: 1678.761976, Node: 971.591589, Link: 707.153651, Spread: 1.673409
Epoch 95/600, Total: 1676.125613, Node: 975.485857, Link: 700.622873, Spread: 1.689173
Epoch 96/600, Total: 1662.509904, Node: 964.201817, Link: 698.291324, Spread: 1.676435
Epoch 97/600, Total: 1665.498123, Node: 968.644046, Link: 696.837746, Spread: 1.632811
Epoch 98/600, Total: 1675.737898, Node: 981.589018, Link: 694.132820, Spread: 1.605540
Epoch 99/600, Total: 1682.349151, Node: 982.618823, Link: 699.714601, Spread: 1.573200
Epoch 100/600, Total: 1684.094493, Node: 979.075717, Link: 705.003442, Spread: 1.534470
Epoch 101/600, Total: 1677.858393, Node: 970.978874, Link: 706.864252, Spread: 1.526905
Epoch 102/600, Total: 1697.404439, Node: 984.618279, Link: 712.771236, Spread: 1.491942
Epoch 103/600, Total: 1668.850939, Node: 966.541970, Link: 702.293941, Spread: 1.502137
Epoch 104/600, Total: 1670.058799, Node: 971.636981, Link: 698.406748, Spread: 1.506779
Epoch 105/600, Total: 1669.932123, Node: 970.100825, Link: 699.816129, Spread: 1.516869
Epoch 106/600, Total: 1666.105089, Node: 972.475493, Link: 693.614993, Spread: 1.459847
Epoch 107/600, Total: 1678.019295, Node: 971.810024, Link: 706.194683, Spread: 1.458219
Epoch 108/600, Total: 1678.136656, Node: 974.549667, Link: 703.572358, Spread: 1.463125
Epoch 109/600, Total: 1672.832620, Node: 968.468416, Link: 704.349474, Spread: 1.473296
Epoch 110/600, Total: 1664.809613, Node: 968.625154, Link: 696.169999, Spread: 1.445807
Epoch 111/600, Total: 1678.941444, Node: 972.233728, Link: 706.693311, Spread: 1.440954
Epoch 112/600, Total: 1674.295312, Node: 967.783360, Link: 706.497653, Spread: 1.430610
Epoch 113/600, Total: 1661.521946, Node: 966.053507, Link: 695.454273, Spread: 1.417643
Epoch 114/600, Total: 1666.941621, Node: 967.993152, Link: 698.934407, Spread: 1.406934
Epoch 115/600, Total: 1663.015578, Node: 965.991178, Link: 697.010288, Spread: 1.411462
Epoch 116/600, Total: 1683.987126, Node: 977.487562, Link: 706.485140, Spread: 1.442523
Epoch 117/600, Total: 1679.491704, Node: 970.517706, Link: 708.959146, Spread: 1.484490
Epoch 118/600, Total: 1668.900642, Node: 967.069330, Link: 701.816730, Spread: 1.458835
Epoch 119/600, Total: 1692.287527, Node: 977.953073, Link: 714.320065, Spread: 1.438852
Epoch 120/600, Total: 1679.911406, Node: 973.257625, Link: 706.639524, Spread: 1.426882
Epoch 121/600, Total: 1671.154508, Node: 966.025288, Link: 705.115317, Spread: 1.390104
Epoch 122/600, Total: 1676.307808, Node: 970.521709, Link: 705.772338, Spread: 1.376206
Epoch 123/600, Total: 1671.729239, Node: 967.310140, Link: 704.405388, Spread: 1.370920
Epoch 124/600, Total: 1664.791403, Node: 965.290828, Link: 699.487041, Spread: 1.354296
Epoch 125/600, Total: 1678.404287, Node: 972.036952, Link: 706.354101, Spread: 1.322176
Epoch 126/600, Total: 1668.991962, Node: 968.261879, Link: 700.716813, Spread: 1.326582
Epoch 127/600, Total: 1670.172935, Node: 966.076679, Link: 704.083050, Spread: 1.320240
Epoch 128/600, Total: 1664.545583, Node: 963.912344, Link: 700.620374, Spread: 1.286090
Epoch 129/600, Total: 1673.177342, Node: 966.320875, Link: 706.843768, Spread: 1.269692
Epoch 130/600, Total: 1673.661751, Node: 968.608021, Link: 705.041158, Spread: 1.256944
Epoch 131/600, Total: 1671.368819, Node: 967.698145, Link: 703.658121, Spread: 1.254658
Epoch 132/600, Total: 1659.647719, Node: 961.750958, Link: 697.884228, Spread: 1.254016
Epoch 133/600, Total: 1671.130580, Node: 972.540795, Link: 698.577600, Spread: 1.218917
Epoch 134/600, Total: 1672.583848, Node: 972.912698, Link: 699.659944, Spread: 1.120773
Epoch 135/600, Total: 1669.982868, Node: 970.808299, Link: 699.163680, Spread: 1.089495
Epoch 136/600, Total: 1668.715081, Node: 970.130536, Link: 698.573819, Spread: 1.072086
Epoch 137/600, Total: 1667.810514, Node: 969.575022, Link: 698.224924, Spread: 1.057441
Epoch 138/600, Total: 1667.137543, Node: 969.154764, Link: 697.972337, Spread: 1.044474
Epoch 139/600, Total: 1666.588943, Node: 968.831154, Link: 697.747465, Spread: 1.032724
Epoch 140/600, Total: 1666.264852, Node: 968.652763, Link: 697.601869, Spread: 1.021928
Epoch 141/600, Total: 1666.101452, Node: 968.596987, Link: 697.494346, Spread: 1.011905
Epoch 142/600, Total: 1680.144233, Node: 982.232991, Link: 697.901250, Spread: 0.998994
Epoch 143/600, Total: 1682.247838, Node: 982.781566, Link: 699.456267, Spread: 0.999637
Epoch 144/600, Total: 1693.050814, Node: 992.535475, Link: 700.505139, Spread: 1.019741
Epoch 145/600, Total: 1680.724048, Node: 981.184721, Link: 699.529278, Spread: 1.005371
Epoch 146/600, Total: 1680.143606, Node: 980.662611, Link: 699.470990, Spread: 1.001808
Epoch 147/600, Total: 1679.636317, Node: 980.200483, Link: 699.425870, Spread: 0.996446
Epoch 148/600, Total: 1679.167563, Node: 979.786683, Link: 699.370980, Spread: 0.989991
Epoch 149/600, Total: 1678.737315, Node: 979.416355, Link: 699.311129, Spread: 0.982837
Epoch 150/600, Total: 1678.340376, Node: 979.083602, Link: 699.247014, Spread: 0.975234
Epoch 151/600, Total: 1677.970654, Node: 978.782824, Link: 699.178163, Spread: 0.967351
Epoch 152/600, Total: 1677.622802, Node: 978.509215, Link: 699.103993, Spread: 0.959300
Epoch 153/600, Total: 1677.292095, Node: 978.258678, Link: 699.023905, Spread: 0.951160
Epoch 154/600, Total: 1676.974987, Node: 978.027918, Link: 698.937636, Spread: 0.942991
Epoch 155/600, Total: 1676.668698, Node: 977.814226, Link: 698.845109, Spread: 0.934840
Epoch 156/600, Total: 1676.371118, Node: 977.615451, Link: 698.746408, Spread: 0.926740
Epoch 157/600, Total: 1676.080633, Node: 977.429780, Link: 698.641669, Spread: 0.918725
Epoch 158/600, Total: 1675.796313, Node: 977.255847, Link: 698.531368, Spread: 0.910813
Epoch 159/600, Total: 1675.517180, Node: 977.092303, Link: 698.415862, Spread: 0.903028
Epoch 160/600, Total: 1675.242793, Node: 976.938185, Link: 698.295653, Spread: 0.895383
Epoch 161/600, Total: 1674.971160, Node: 976.801829, Link: 698.160448, Spread: 0.887910
Epoch 162/600, Total: 1674.703487, Node: 976.672228, Link: 698.022454, Spread: 0.880613
Epoch 163/600, Total: 1674.440893, Node: 976.548452, Link: 697.883704, Spread: 0.873498
Epoch 164/600, Total: 1674.183363, Node: 976.429727, Link: 697.744971, Spread: 0.866565
Epoch 165/600, Total: 1673.930605, Node: 976.315463, Link: 697.606554, Spread: 0.859816
Epoch 166/600, Total: 1673.682462, Node: 976.205319, Link: 697.468603, Spread: 0.853244
Epoch 167/600, Total: 1673.438531, Node: 976.098881, Link: 697.331189, Spread: 0.846847
Epoch 168/600, Total: 1673.198748, Node: 975.995949, Link: 697.194395, Spread: 0.840615
Epoch 169/600, Total: 1672.962855, Node: 975.896180, Link: 697.058312, Spread: 0.834546
Epoch 170/600, Total: 1672.730856, Node: 975.799558, Link: 696.923018, Spread: 0.828629
Epoch 171/600, Total: 1672.502561, Node: 975.705757, Link: 696.788584, Spread: 0.822858
Epoch 172/600, Total: 1672.278037, Node: 975.614775, Link: 696.655089, Spread: 0.817227
Epoch 173/600, Total: 1672.057076, Node: 975.526340, Link: 696.522619, Spread: 0.811725
Epoch 174/600, Total: 1671.839843, Node: 975.440512, Link: 696.391264, Spread: 0.806345
Epoch 175/600, Total: 1671.626204, Node: 975.357096, Link: 696.261083, Spread: 0.801083
Epoch 176/600, Total: 1671.416230, Node: 975.276128, Link: 696.132138, Spread: 0.795929
Epoch 177/600, Total: 1671.209799, Node: 975.197403, Link: 696.004492, Spread: 0.790876
Epoch 178/600, Total: 1671.006951, Node: 975.120906, Link: 695.878186, Spread: 0.785919
Epoch 179/600, Total: 1670.798599, Node: 975.043675, Link: 695.747117, Spread: 0.781066
Epoch 180/600, Total: 1670.590111, Node: 974.967431, Link: 695.614913, Spread: 0.776324
Epoch 181/600, Total: 1670.385451, Node: 974.893299, Link: 695.484442, Spread: 0.771694
Epoch 182/600, Total: 1670.184251, Node: 974.820848, Link: 695.355739, Spread: 0.767172
Epoch 183/600, Total: 1669.986253, Node: 974.749822, Link: 695.228817, Spread: 0.762751
Epoch 184/600, Total: 1669.791132, Node: 974.679964, Link: 695.103581, Spread: 0.758423
Epoch 185/600, Total: 1669.598633, Node: 974.611109, Link: 694.979977, Spread: 0.754187
Epoch 186/600, Total: 1669.408545, Node: 974.543132, Link: 694.857902, Spread: 0.750033
Epoch 187/600, Total: 1669.220759, Node: 974.475931, Link: 694.737361, Spread: 0.745958
Epoch 188/600, Total: 1669.035222, Node: 974.409479, Link: 694.618329, Spread: 0.741960
Epoch 189/600, Total: 1668.851732, Node: 974.343640, Link: 694.500717, Spread: 0.738036
Epoch 190/600, Total: 1668.670209, Node: 974.278346, Link: 694.384530, Spread: 0.734184
Epoch 191/600, Total: 1668.490565, Node: 974.213526, Link: 694.269732, Spread: 0.730404
Epoch 192/600, Total: 1668.312780, Node: 974.149163, Link: 694.156348, Spread: 0.726687
Epoch 193/600, Total: 1668.136813, Node: 974.085211, Link: 694.044368, Spread: 0.723034
Epoch 194/600, Total: 1667.962573, Node: 974.021587, Link: 693.933782, Spread: 0.719445
Epoch 195/600, Total: 1667.789997, Node: 973.958288, Link: 693.824555, Spread: 0.715918
Epoch 196/600, Total: 1667.619199, Node: 973.895322, Link: 693.716742, Spread: 0.712449
Epoch 197/600, Total: 1679.211859, Node: 977.415958, Link: 701.788876, Spread: 0.702324
Epoch 198/600, Total: 1688.722252, Node: 979.316977, Link: 709.398321, Spread: 0.694382
Epoch 199/600, Total: 1684.288669, Node: 978.621250, Link: 705.660365, Spread: 0.705312
Epoch 200/600, Total: 1680.699430, Node: 978.376721, Link: 702.315447, Spread: 0.725860
Epoch 201/600, Total: 1678.106869, Node: 978.245595, Link: 699.853815, Spread: 0.745983
Epoch 202/600, Total: 1676.323020, Node: 978.071840, Link: 698.243557, Spread: 0.761353
Epoch 203/600, Total: 1675.078987, Node: 977.881527, Link: 697.189751, Spread: 0.771685
Epoch 204/600, Total: 1674.182871, Node: 977.692152, Link: 696.482940, Spread: 0.777739
Epoch 205/600, Total: 1673.512062, Node: 977.509752, Link: 695.994501, Spread: 0.780407
Epoch 206/600, Total: 1672.989283, Node: 977.336308, Link: 695.645180, Spread: 0.780489
Epoch 207/600, Total: 1672.565335, Node: 977.172463, Link: 695.385084, Spread: 0.778637
Epoch 208/600, Total: 1672.208691, Node: 977.018387, Link: 695.182540, Spread: 0.775365
Epoch 209/600, Total: 1671.898921, Node: 976.873883, Link: 695.017332, Spread: 0.771069
Epoch 210/600, Total: 1671.622658, Node: 976.738573, Link: 694.876423, Spread: 0.766052
Epoch 211/600, Total: 1671.370932, Node: 976.611897, Link: 694.751434, Spread: 0.760543
Epoch 212/600, Total: 1671.137898, Node: 976.493317, Link: 694.637036, Spread: 0.754714
Epoch 213/600, Total: 1670.919352, Node: 976.382128, Link: 694.529748, Spread: 0.748703
Epoch 214/600, Total: 1670.712573, Node: 976.277714, Link: 694.427438, Spread: 0.742600
Epoch 215/600, Total: 1676.040556, Node: 980.592084, Link: 695.441083, Spread: 0.738230
Epoch 216/600, Total: 1670.248514, Node: 976.042466, Link: 694.198779, Spread: 0.725918
Epoch 217/600, Total: 1670.125104, Node: 975.973937, Link: 694.143970, Spread: 0.719557
Epoch 218/600, Total: 1669.995613, Node: 975.911605, Link: 694.076867, Spread: 0.713853
Epoch 219/600, Total: 1669.842175, Node: 975.842223, Link: 693.992864, Spread: 0.708386
Epoch 220/600, Total: 1669.679963, Node: 975.770745, Link: 693.902182, Spread: 0.703065
Epoch 221/600, Total: 1669.516171, Node: 975.699514, Link: 693.809693, Spread: 0.697867
Epoch 222/600, Total: 1680.781281, Node: 980.378342, Link: 700.396088, Spread: 0.685120
Epoch 223/600, Total: 1688.855322, Node: 983.051806, Link: 705.796729, Spread: 0.677914
Epoch 224/600, Total: 1688.700016, Node: 982.960372, Link: 705.732902, Spread: 0.675921
Epoch 225/600, Total: 1688.569536, Node: 982.884976, Link: 705.677798, Spread: 0.674993
Epoch 226/600, Total: 1688.448101, Node: 982.820142, Link: 705.621209, Spread: 0.674854
Epoch 227/600, Total: 1688.331805, Node: 982.761701, Link: 705.563344, Spread: 0.675252
Epoch 228/600, Total: 1688.218709, Node: 982.707668, Link: 705.504265, Spread: 0.676003
Epoch 229/600, Total: 1688.107702, Node: 982.656840, Link: 705.444086, Spread: 0.676985
Epoch 230/600, Total: 1687.998067, Node: 982.608475, Link: 705.382799, Spread: 0.678117
Epoch 231/600, Total: 1687.889302, Node: 982.562033, Link: 705.320468, Spread: 0.679344
Epoch 232/600, Total: 1687.781154, Node: 982.517143, Link: 705.257197, Spread: 0.680628
Epoch 233/600, Total: 1687.673335, Node: 982.473454, Link: 705.193061, Spread: 0.681942
Epoch 234/600, Total: 1687.565828, Node: 982.430787, Link: 705.128203, Spread: 0.683264
Epoch 235/600, Total: 1687.458417, Node: 982.388932, Link: 705.062643, Spread: 0.684576
Epoch 236/600, Total: 1687.351217, Node: 982.347738, Link: 704.996618, Spread: 0.685865
Epoch 237/600, Total: 1687.244138, Node: 982.307076, Link: 704.930191, Spread: 0.687121
Epoch 238/600, Total: 1687.137346, Node: 982.266934, Link: 704.863526, Spread: 0.688334
Epoch 239/600, Total: 1687.030682, Node: 982.227151, Link: 704.796638, Spread: 0.689498
Epoch 240/600, Total: 1686.924319, Node: 982.187731, Link: 704.729679, Spread: 0.690602
Epoch 241/600, Total: 1707.524017, Node: 999.383137, Link: 708.133759, Spread: 0.713199
Epoch 242/600, Total: 1686.998749, Node: 982.691964, Link: 704.299843, Spread: 0.693620
Epoch 243/600, Total: 1686.699516, Node: 982.049283, Link: 704.643313, Spread: 0.691894
Epoch 244/600, Total: 1686.617514, Node: 982.003267, Link: 704.607335, Spread: 0.691795
Epoch 245/600, Total: 1686.535954, Node: 981.983950, Link: 704.545080, Spread: 0.692873
Epoch 246/600, Total: 1686.430562, Node: 981.954992, Link: 704.468637, Spread: 0.694094
Epoch 247/600, Total: 1686.315666, Node: 981.921630, Link: 704.387092, Spread: 0.695183
Epoch 248/600, Total: 1686.198261, Node: 981.886256, Link: 704.305050, Spread: 0.696079
Epoch 249/600, Total: 1686.081698, Node: 981.850033, Link: 704.224698, Spread: 0.696788
Epoch 250/600, Total: 1685.967561, Node: 981.813602, Link: 704.146999, Spread: 0.697324
Epoch 251/600, Total: 1685.856318, Node: 981.777225, Link: 704.072120, Spread: 0.697709
Epoch 252/600, Total: 1685.748236, Node: 981.741160, Link: 704.000100, Spread: 0.697960
Epoch 253/600, Total: 1685.643101, Node: 981.705458, Link: 703.930659, Spread: 0.698085
Epoch 254/600, Total: 1685.540795, Node: 981.670205, Link: 703.863612, Spread: 0.698093
Epoch 255/600, Total: 1685.441155, Node: 981.635448, Link: 703.798734, Spread: 0.697992
Epoch 256/600, Total: 1685.343984, Node: 981.601189, Link: 703.735828, Spread: 0.697790
Epoch 257/600, Total: 1685.249126, Node: 981.567468, Link: 703.674689, Spread: 0.697487
Epoch 258/600, Total: 1685.156453, Node: 981.534305, Link: 703.615168, Spread: 0.697090
Epoch 259/600, Total: 1685.065834, Node: 981.501680, Link: 703.557181, Spread: 0.696604
Epoch 260/600, Total: 1684.977181, Node: 981.469611, Link: 703.500609, Spread: 0.696029
Epoch 261/600, Total: 1684.890453, Node: 981.438106, Link: 703.445389, Spread: 0.695364
Epoch 262/600, Total: 1684.805544, Node: 981.407158, Link: 703.391438, Spread: 0.694619
Epoch 263/600, Total: 1684.722474, Node: 981.376794, Link: 703.338739, Spread: 0.693788
Epoch 264/600, Total: 1684.641217, Node: 981.347025, Link: 703.287267, Spread: 0.692874
Epoch 265/600, Total: 1684.561737, Node: 981.317854, Link: 703.236973, Spread: 0.691882
Epoch 266/600, Total: 1684.484002, Node: 981.289281, Link: 703.187819, Spread: 0.690814
Epoch 267/600, Total: 1684.408108, Node: 981.261346, Link: 703.139854, Spread: 0.689667
Epoch 268/600, Total: 1684.333932, Node: 981.234000, Link: 703.093047, Spread: 0.688445
Epoch 269/600, Total: 1684.261595, Node: 981.207320, Link: 703.047400, Spread: 0.687153
Epoch 270/600, Total: 1684.191077, Node: 981.181267, Link: 703.002944, Spread: 0.685790
Epoch 271/600, Total: 1684.122374, Node: 981.155907, Link: 702.959629, Spread: 0.684358
Epoch 272/600, Total: 1684.055573, Node: 981.131214, Link: 702.917531, Spread: 0.682859
Epoch 273/600, Total: 1683.990678, Node: 981.107228, Link: 702.876631, Spread: 0.681294
Epoch 274/600, Total: 1683.927747, Node: 981.083978, Link: 702.836977, Spread: 0.679669
Epoch 275/600, Total: 1683.866770, Node: 981.061438, Link: 702.798552, Spread: 0.677983
Epoch 276/600, Total: 1683.807809, Node: 981.039671, Link: 702.761377, Spread: 0.676239
Epoch 277/600, Total: 1683.750871, Node: 981.018655, Link: 702.725477, Spread: 0.674438
Epoch 278/600, Total: 1683.696038, Node: 980.998436, Link: 702.690874, Spread: 0.672586
Epoch 279/600, Total: 1683.643360, Node: 980.979051, Link: 702.657595, Spread: 0.670681
Epoch 280/600, Total: 1683.592810, Node: 980.960487, Link: 702.625644, Spread: 0.668725
Epoch 281/600, Total: 1683.544551, Node: 980.942804, Link: 702.595080, Spread: 0.666725
Epoch 282/600, Total: 1683.498428, Node: 980.925946, Link: 702.565833, Spread: 0.664680
Epoch 283/600, Total: 1683.454653, Node: 980.910044, Link: 702.537975, Spread: 0.662593
Epoch 284/600, Total: 1683.413187, Node: 980.895021, Link: 702.511562, Spread: 0.660466
Epoch 285/600, Total: 1683.374070, Node: 980.880939, Link: 702.486541, Spread: 0.658304
Epoch 286/600, Total: 1683.337313, Node: 980.867784, Link: 702.462962, Spread: 0.656107
Epoch 287/600, Total: 1683.302997, Node: 980.855629, Link: 702.440830, Spread: 0.653877
Epoch 288/600, Total: 1683.271114, Node: 980.844456, Link: 702.420150, Spread: 0.651617
Epoch 289/600, Total: 1683.241729, Node: 980.834264, Link: 702.400972, Spread: 0.649332
Epoch 290/600, Total: 1683.214829, Node: 980.825109, Link: 702.383256, Spread: 0.647023
Epoch 291/600, Total: 1683.190538, Node: 980.816989, Link: 702.367098, Spread: 0.644693
Epoch 292/600, Total: 1683.169644, Node: 980.810958, Link: 702.352263, Spread: 0.642342
Epoch 293/600, Total: 1683.158635, Node: 980.803572, Link: 702.348653, Spread: 0.639981
Epoch 294/600, Total: 1683.154717, Node: 980.794770, Link: 702.353561, Spread: 0.637606
Epoch 295/600, Total: 1683.152371, Node: 980.786975, Link: 702.359043, Spread: 0.635202
Epoch 296/600, Total: 1683.151886, Node: 980.780246, Link: 702.365313, Spread: 0.632778
Epoch 297/600, Total: 1683.153650, Node: 980.774754, Link: 702.372591, Spread: 0.630336
Epoch 298/600, Total: 1683.157602, Node: 980.770423, Link: 702.380910, Spread: 0.627884
Epoch 299/600, Total: 1683.163804, Node: 980.767261, Link: 702.390275, Spread: 0.625427
Epoch 300/600, Total: 1683.172147, Node: 980.765267, Link: 702.400661, Spread: 0.622970
Epoch 301/600, Total: 1683.182515, Node: 980.764360, Link: 702.411959, Spread: 0.620518
Epoch 302/600, Total: 1683.194853, Node: 980.764571, Link: 702.424106, Spread: 0.618078
Epoch 303/600, Total: 1683.208991, Node: 980.765795, Link: 702.437030, Spread: 0.615657
Epoch 304/600, Total: 1683.224723, Node: 980.768028, Link: 702.450564, Spread: 0.613255
Epoch 305/600, Total: 1683.241904, Node: 980.771144, Link: 702.464645, Spread: 0.610880
Epoch 306/600, Total: 1683.260362, Node: 980.775146, Link: 702.479119, Spread: 0.608534
Epoch 307/600, Total: 1683.279929, Node: 980.779944, Link: 702.493925, Spread: 0.606221
Epoch 308/600, Total: 1683.300407, Node: 980.785494, Link: 702.508869, Spread: 0.603943
Epoch 309/600, Total: 1683.321607, Node: 980.791697, Link: 702.523889, Spread: 0.601704
Epoch 310/600, Total: 1683.343382, Node: 980.798492, Link: 702.538885, Spread: 0.599504
Epoch 311/600, Total: 1683.365393, Node: 980.805800, Link: 702.553617, Spread: 0.597351
Epoch 312/600, Total: 1683.387608, Node: 980.813538, Link: 702.568115, Spread: 0.595244
Epoch 313/600, Total: 1683.409691, Node: 980.821617, Link: 702.582152, Spread: 0.593186
Epoch 314/600, Total: 1683.431612, Node: 980.830018, Link: 702.595679, Spread: 0.591179
Epoch 315/600, Total: 1683.453167, Node: 980.838639, Link: 702.608623, Spread: 0.589223
Epoch 316/600, Total: 1683.474108, Node: 980.847364, Link: 702.620876, Spread: 0.587320
Epoch 317/600, Total: 1683.494314, Node: 980.856154, Link: 702.632303, Spread: 0.585472
Epoch 318/600, Total: 1683.513723, Node: 980.864978, Link: 702.642908, Spread: 0.583681
Epoch 319/600, Total: 1683.532163, Node: 980.873731, Link: 702.652611, Spread: 0.581949
Epoch 320/600, Total: 1683.549484, Node: 980.882354, Link: 702.661327, Spread: 0.580272
Epoch 321/600, Total: 1683.565783, Node: 980.890836, Link: 702.669167, Spread: 0.578651
Epoch 322/600, Total: 1683.580885, Node: 980.899125, Link: 702.675998, Spread: 0.577088
Epoch 323/600, Total: 1683.594696, Node: 980.907168, Link: 702.681771, Spread: 0.575578
Epoch 324/600, Total: 1683.607260, Node: 980.914907, Link: 702.686618, Spread: 0.574123
Epoch 325/600, Total: 1683.618579, Node: 980.922362, Link: 702.690485, Spread: 0.572722
Epoch 326/600, Total: 1683.628503, Node: 980.929457, Link: 702.693334, Spread: 0.571374
Epoch 327/600, Total: 1683.637174, Node: 980.936210, Link: 702.695251, Spread: 0.570079
Epoch 328/600, Total: 1683.644500, Node: 980.942603, Link: 702.696206, Spread: 0.568836
Epoch 329/600, Total: 1683.650622, Node: 980.948605, Link: 702.696336, Spread: 0.567642
Epoch 330/600, Total: 1683.655494, Node: 980.954246, Link: 702.695585, Spread: 0.566497
Epoch 331/600, Total: 1683.659054, Node: 980.959450, Link: 702.693961, Spread: 0.565397
Epoch 332/600, Total: 1683.661372, Node: 980.964218, Link: 702.691519, Spread: 0.564343
Epoch 333/600, Total: 1683.662564, Node: 980.968604, Link: 702.688331, Spread: 0.563332
Epoch 334/600, Total: 1683.662489, Node: 980.972532, Link: 702.684333, Spread: 0.562364
Epoch 335/600, Total: 1683.661337, Node: 980.976081, Link: 702.679653, Spread: 0.561435
Epoch 336/600, Total: 1683.657776, Node: 980.977611, Link: 702.674559, Spread: 0.560544
Epoch 337/600, Total: 1683.642385, Node: 980.975898, Link: 702.660890, Spread: 0.559709
Epoch 338/600, Total: 1683.623481, Node: 980.973101, Link: 702.644798, Spread: 0.558902
Epoch 339/600, Total: 1683.604286, Node: 980.969945, Link: 702.628770, Spread: 0.558116
Epoch 340/600, Total: 1683.585027, Node: 980.966465, Link: 702.612988, Spread: 0.557352
Epoch 341/600, Total: 1683.565464, Node: 980.962658, Link: 702.597247, Spread: 0.556612
Epoch 342/600, Total: 1683.545623, Node: 980.958549, Link: 702.581513, Spread: 0.555895
Epoch 343/600, Total: 1683.525261, Node: 980.954095, Link: 702.565631, Spread: 0.555203
Epoch 344/600, Total: 1683.504344, Node: 980.949260, Link: 702.549536, Spread: 0.554536
Epoch 345/600, Total: 1683.482780, Node: 980.944062, Link: 702.533180, Spread: 0.553892
Epoch 346/600, Total: 1697.329515, Node: 996.146484, Link: 701.177459, Spread: 0.558120
Epoch 347/600, Total: 1689.314340, Node: 987.887302, Link: 701.421514, Spread: 0.552497
Epoch 348/600, Total: 1683.499549, Node: 980.857800, Link: 702.636264, Spread: 0.549531
Epoch 349/600, Total: 1683.510285, Node: 980.877573, Link: 702.627218, Spread: 0.549301
Epoch 350/600, Total: 1683.452031, Node: 980.878301, Link: 702.568238, Spread: 0.549491
Epoch 351/600, Total: 1683.405253, Node: 980.879004, Link: 702.520767, Spread: 0.549541
Epoch 352/600, Total: 1683.366357, Node: 980.878535, Link: 702.482344, Spread: 0.549429
Epoch 353/600, Total: 1683.330785, Node: 980.876219, Link: 702.449085, Spread: 0.549198
Epoch 354/600, Total: 1683.296530, Node: 980.872154, Link: 702.418899, Spread: 0.548890
Epoch 355/600, Total: 1683.262515, Node: 980.866533, Link: 702.390492, Spread: 0.548535
Epoch 356/600, Total: 1708.275352, Node: 1005.267893, Link: 703.001824, Spread: 0.563270
Epoch 357/600, Total: 1681.862268, Node: 980.549791, Link: 701.306997, Spread: 0.548536
Epoch 358/600, Total: 1683.230873, Node: 980.797653, Link: 702.427780, Spread: 0.545282
Epoch 359/600, Total: 1683.258330, Node: 980.813888, Link: 702.438991, Spread: 0.545247
Epoch 360/600, Total: 1683.218318, Node: 980.813265, Link: 702.399597, Spread: 0.545519
Epoch 361/600, Total: 1683.172050, Node: 980.809579, Link: 702.357019, Spread: 0.545696
Epoch 362/600, Total: 1683.125944, Node: 980.804132, Link: 702.316367, Spread: 0.545737
Epoch 363/600, Total: 1683.080143, Node: 980.797108, Link: 702.277579, Spread: 0.545662
Epoch 364/600, Total: 1683.034389, Node: 980.788568, Link: 702.240373, Spread: 0.545501
Epoch 365/600, Total: 1682.988678, Node: 980.778794, Link: 702.204431, Spread: 0.545277
Epoch 366/600, Total: 1682.943080, Node: 980.767981, Link: 702.169659, Spread: 0.545008
Epoch 367/600, Total: 1682.897902, Node: 980.756434, Link: 702.136016, Spread: 0.544710
Epoch 368/600, Total: 1682.853015, Node: 980.744269, Link: 702.103314, Spread: 0.544390
Epoch 369/600, Total: 1682.808802, Node: 980.731820, Link: 702.071542, Spread: 0.544053
Epoch 370/600, Total: 1682.764722, Node: 980.718968, Link: 702.040304, Spread: 0.543707
Epoch 371/600, Total: 1682.720850, Node: 980.705811, Link: 702.009606, Spread: 0.543352
Epoch 372/600, Total: 1682.677302, Node: 980.692487, Link: 701.979378, Spread: 0.542991
Epoch 373/600, Total: 1682.634099, Node: 980.679034, Link: 701.949637, Spread: 0.542624
Epoch 374/600, Total: 1682.591076, Node: 980.665426, Link: 701.920226, Spread: 0.542254
Epoch 375/600, Total: 1682.548164, Node: 980.651716, Link: 701.891029, Spread: 0.541883
Epoch 376/600, Total: 1682.505389, Node: 980.637933, Link: 701.862039, Spread: 0.541508
Epoch 377/600, Total: 1682.462823, Node: 980.624118, Link: 701.833280, Spread: 0.541130
Epoch 378/600, Total: 1682.420184, Node: 980.610207, Link: 701.804569, Spread: 0.540750
Epoch 379/600, Total: 1682.376665, Node: 980.597090, Link: 701.774166, Spread: 0.540365
Epoch 380/600, Total: 1682.335147, Node: 980.582166, Link: 701.747592, Spread: 0.539979
Epoch 381/600, Total: 1682.292123, Node: 980.568013, Link: 701.718708, Spread: 0.539589
Epoch 382/600, Total: 1682.249496, Node: 980.553936, Link: 701.690164, Spread: 0.539200
Epoch 383/600, Total: 1682.206731, Node: 980.539785, Link: 701.661563, Spread: 0.538806
Epoch 384/600, Total: 1682.163867, Node: 980.525585, Link: 701.632898, Spread: 0.538410
Epoch 385/600, Total: 1682.120831, Node: 980.511304, Link: 701.604147, Spread: 0.538011
Epoch 386/600, Total: 1682.077715, Node: 980.497008, Link: 701.575327, Spread: 0.537608
Epoch 387/600, Total: 1682.034483, Node: 980.482637, Link: 701.546487, Spread: 0.537201
Epoch 388/600, Total: 1681.991026, Node: 980.468185, Link: 701.517477, Spread: 0.536790
Epoch 389/600, Total: 1681.947491, Node: 980.453736, Link: 701.488392, Spread: 0.536376
Epoch 390/600, Total: 1681.903914, Node: 980.439262, Link: 701.459296, Spread: 0.535957
Epoch 391/600, Total: 1681.860154, Node: 980.424747, Link: 701.430057, Spread: 0.535536
Epoch 392/600, Total: 1681.816172, Node: 980.410158, Link: 701.400667, Spread: 0.535109
Epoch 393/600, Total: 1681.772176, Node: 980.395551, Link: 701.371278, Spread: 0.534678
Epoch 394/600, Total: 1681.728028, Node: 980.380935, Link: 701.341753, Spread: 0.534243
Epoch 395/600, Total: 1681.683772, Node: 980.366260, Link: 701.312174, Spread: 0.533803
Epoch 396/600, Total: 1681.639388, Node: 980.351595, Link: 701.282452, Spread: 0.533358
Epoch 397/600, Total: 1681.594932, Node: 980.336889, Link: 701.252714, Spread: 0.532909
Epoch 398/600, Total: 1681.550468, Node: 980.322237, Link: 701.222901, Spread: 0.532456
Epoch 399/600, Total: 1681.505865, Node: 980.307521, Link: 701.193021, Spread: 0.531996
Epoch 400/600, Total: 1681.461116, Node: 980.292788, Link: 701.163019, Spread: 0.531532
Epoch 401/600, Total: 1681.416355, Node: 980.278033, Link: 701.133015, Spread: 0.531063
Epoch 402/600, Total: 1681.371585, Node: 980.263300, Link: 701.102982, Spread: 0.530589
Epoch 403/600, Total: 1681.326832, Node: 980.248619, Link: 701.072918, Spread: 0.530111
Epoch 404/600, Total: 1681.282041, Node: 980.233894, Link: 701.042857, Spread: 0.529627
Epoch 405/600, Total: 1681.237283, Node: 980.219207, Link: 701.012781, Spread: 0.529137
Epoch 406/600, Total: 1681.192573, Node: 980.204566, Link: 700.982721, Spread: 0.528641
Epoch 407/600, Total: 1681.147913, Node: 980.189926, Link: 700.952698, Spread: 0.528140
Epoch 408/600, Total: 1681.103274, Node: 980.175321, Link: 700.922674, Spread: 0.527634
Epoch 409/600, Total: 1681.058765, Node: 980.160787, Link: 700.892717, Spread: 0.527123
Epoch 410/600, Total: 1681.014456, Node: 980.146248, Link: 700.862942, Spread: 0.526606
Epoch 411/600, Total: 1680.970953, Node: 980.131771, Link: 700.833917, Spread: 0.526083
Epoch 412/600, Total: 1680.927663, Node: 980.117141, Link: 700.805262, Spread: 0.525555
Epoch 413/600, Total: 1680.884669, Node: 980.102484, Link: 700.776920, Spread: 0.525021
Epoch 414/600, Total: 1680.841939, Node: 980.087872, Link: 700.748816, Spread: 0.524481
Epoch 415/600, Total: 1680.799470, Node: 980.073311, Link: 700.720909, Spread: 0.523934
Epoch 416/600, Total: 1680.757170, Node: 980.058800, Link: 700.693126, Spread: 0.523381
Epoch 417/600, Total: 1680.715070, Node: 980.044342, Link: 700.665492, Spread: 0.522825
Epoch 418/600, Total: 1680.673211, Node: 980.029963, Link: 700.638026, Spread: 0.522264
Epoch 419/600, Total: 1680.631512, Node: 980.015637, Link: 700.610667, Spread: 0.521698
Epoch 420/600, Total: 1680.590083, Node: 980.001435, Link: 700.583446, Spread: 0.521129
Epoch 421/600, Total: 1680.548761, Node: 979.987252, Link: 700.556305, Spread: 0.520555
Epoch 422/600, Total: 1680.507758, Node: 979.973177, Link: 700.529371, Spread: 0.519978
Epoch 423/600, Total: 1680.466845, Node: 979.959170, Link: 700.502487, Spread: 0.519396
Epoch 424/600, Total: 1680.426128, Node: 979.945205, Link: 700.475727, Spread: 0.518810
Epoch 425/600, Total: 1680.385635, Node: 979.931339, Link: 700.449115, Spread: 0.518220
Epoch 426/600, Total: 1680.345294, Node: 979.917547, Link: 700.422566, Spread: 0.517626
Epoch 427/600, Total: 1680.305192, Node: 979.903843, Link: 700.396178, Spread: 0.517028
Epoch 428/600, Total: 1680.265314, Node: 979.890212, Link: 700.369942, Spread: 0.516426
Epoch 429/600, Total: 1680.225590, Node: 979.876655, Link: 700.343771, Spread: 0.515819
Epoch 430/600, Total: 1680.186040, Node: 979.863156, Link: 700.317731, Spread: 0.515209
Epoch 431/600, Total: 1680.146738, Node: 979.849769, Link: 700.291817, Spread: 0.514595
Epoch 432/600, Total: 1680.107659, Node: 979.836483, Link: 700.266034, Spread: 0.513977
Epoch 433/600, Total: 1680.068687, Node: 979.823219, Link: 700.240327, Spread: 0.513356
Epoch 434/600, Total: 1680.029973, Node: 979.810091, Link: 700.214749, Spread: 0.512730
Epoch 435/600, Total: 1679.991421, Node: 979.797022, Link: 700.189277, Spread: 0.512100
Epoch 436/600, Total: 1679.953118, Node: 979.784031, Link: 700.163977, Spread: 0.511466
Epoch 437/600, Total: 1679.914989, Node: 979.771130, Link: 700.138757, Spread: 0.510827
Epoch 438/600, Total: 1679.877130, Node: 979.758334, Link: 700.113690, Spread: 0.510184
Epoch 439/600, Total: 1679.839365, Node: 979.745581, Link: 700.088696, Spread: 0.509539
Epoch 440/600, Total: 1679.801874, Node: 979.732952, Link: 700.063826, Spread: 0.508889
Epoch 441/600, Total: 1679.764565, Node: 979.720399, Link: 700.039085, Spread: 0.508232
Epoch 442/600, Total: 1679.727509, Node: 979.707992, Link: 700.014449, Spread: 0.507575
Epoch 443/600, Total: 1679.690653, Node: 979.695627, Link: 699.989950, Spread: 0.506913
Epoch 444/600, Total: 1679.653930, Node: 979.683347, Link: 699.965526, Spread: 0.506245
Epoch 445/600, Total: 1679.617432, Node: 979.671163, Link: 699.941225, Spread: 0.505573
Epoch 446/600, Total: 1679.581155, Node: 979.659077, Link: 699.917037, Spread: 0.504897
Epoch 447/600, Total: 1679.545110, Node: 979.647108, Link: 699.892963, Spread: 0.504217
Epoch 448/600, Total: 1679.509180, Node: 979.635192, Link: 699.868959, Spread: 0.503533
Epoch 449/600, Total: 1679.473493, Node: 979.623381, Link: 699.845084, Spread: 0.502843
Epoch 450/600, Total: 1679.438039, Node: 979.611689, Link: 699.821325, Spread: 0.502150
Epoch 451/600, Total: 1679.402767, Node: 979.600121, Link: 699.797633, Spread: 0.501451
Epoch 452/600, Total: 1679.367722, Node: 979.588604, Link: 699.774109, Spread: 0.500749
Epoch 453/600, Total: 1679.332848, Node: 979.577232, Link: 699.750617, Spread: 0.500042
Epoch 454/600, Total: 1679.298168, Node: 979.565924, Link: 699.727251, Spread: 0.499329
Epoch 455/600, Total: 1679.263804, Node: 979.554763, Link: 699.704040, Spread: 0.498612
Epoch 456/600, Total: 1679.229543, Node: 979.543677, Link: 699.680877, Spread: 0.497889
Epoch 457/600, Total: 1679.195651, Node: 979.532726, Link: 699.657940, Spread: 0.497162
Epoch 458/600, Total: 1679.161962, Node: 979.521942, Link: 699.635046, Spread: 0.496428
Epoch 459/600, Total: 1679.128455, Node: 979.511202, Link: 699.612292, Spread: 0.495690
Epoch 460/600, Total: 1679.095354, Node: 979.500654, Link: 699.589735, Spread: 0.494948
Epoch 461/600, Total: 1679.062433, Node: 979.490183, Link: 699.567293, Spread: 0.494201
Epoch 462/600, Total: 1679.029813, Node: 979.479862, Link: 699.545009, Spread: 0.493449
Epoch 463/600, Total: 1678.997561, Node: 979.469707, Link: 699.522939, Spread: 0.492692
Epoch 464/600, Total: 1678.965631, Node: 979.459669, Link: 699.501041, Spread: 0.491931
Epoch 465/600, Total: 1678.934004, Node: 979.449768, Link: 699.479334, Spread: 0.491164
Epoch 466/600, Total: 1678.902758, Node: 979.440037, Link: 699.457820, Spread: 0.490391
Epoch 467/600, Total: 1678.871846, Node: 979.430419, Link: 699.436530, Spread: 0.489614
Epoch 468/600, Total: 1678.841309, Node: 979.420952, Link: 699.415471, Spread: 0.488833
Epoch 469/600, Total: 1678.811155, Node: 979.411643, Link: 699.394624, Spread: 0.488048
Epoch 470/600, Total: 1678.781339, Node: 979.402450, Link: 699.374031, Spread: 0.487258
Epoch 471/600, Total: 1678.751910, Node: 979.393413, Link: 699.353631, Spread: 0.486463
Epoch 472/600, Total: 1678.722870, Node: 979.384533, Link: 699.333488, Spread: 0.485663
Epoch 473/600, Total: 1678.694210, Node: 979.375772, Link: 699.313600, Spread: 0.484860
Epoch 474/600, Total: 1678.665905, Node: 979.367165, Link: 699.293906, Spread: 0.484053
Epoch 475/600, Total: 1678.638016, Node: 979.358704, Link: 699.274485, Spread: 0.483242
Epoch 476/600, Total: 1678.610417, Node: 979.350348, Link: 699.255249, Spread: 0.482427
Epoch 477/600, Total: 1678.583259, Node: 979.342168, Link: 699.236289, Spread: 0.481609
Epoch 478/600, Total: 1678.556376, Node: 979.334052, Link: 699.217523, Spread: 0.480787
Epoch 479/600, Total: 1678.529917, Node: 979.326092, Link: 699.199031, Spread: 0.479961
Epoch 480/600, Total: 1678.506695, Node: 979.319651, Link: 699.182256, Spread: 0.479133
Epoch 481/600, Total: 1678.491336, Node: 979.316870, Link: 699.169688, Spread: 0.478303
Epoch 482/600, Total: 1678.476326, Node: 979.314285, Link: 699.157275, Spread: 0.477471
Epoch 483/600, Total: 1678.463384, Node: 979.311557, Link: 699.147069, Spread: 0.476641
Epoch 484/600, Total: 1678.451316, Node: 979.308516, Link: 699.138052, Spread: 0.475806
Epoch 485/600, Total: 1678.439629, Node: 979.305318, Link: 699.129557, Spread: 0.474963
Epoch 486/600, Total: 1678.428279, Node: 979.302054, Link: 699.121486, Spread: 0.474115
Epoch 487/600, Total: 1678.417220, Node: 979.298800, Link: 699.113691, Spread: 0.473262
Epoch 488/600, Total: 1678.406517, Node: 979.295609, Link: 699.106171, Spread: 0.472405
Epoch 489/600, Total: 1678.395942, Node: 979.292398, Link: 699.098829, Spread: 0.471545
Epoch 490/600, Total: 1678.385668, Node: 979.289213, Link: 699.091740, Spread: 0.470682
Epoch 491/600, Total: 1678.375549, Node: 979.286066, Link: 699.084782, Spread: 0.469815
Epoch 492/600, Total: 1678.365570, Node: 979.282929, Link: 699.077948, Spread: 0.468947
Epoch 493/600, Total: 1678.355799, Node: 979.279803, Link: 699.071308, Spread: 0.468078
Epoch 494/600, Total: 1678.346142, Node: 979.276681, Link: 699.064779, Spread: 0.467206
Epoch 495/600, Total: 1678.336642, Node: 979.273584, Link: 699.058380, Spread: 0.466333
Epoch 496/600, Total: 1678.327232, Node: 979.270463, Link: 699.052109, Spread: 0.465458
Epoch 497/600, Total: 1678.317945, Node: 979.267343, Link: 699.045958, Spread: 0.464580
Epoch 498/600, Total: 1678.308747, Node: 979.264214, Link: 699.039902, Spread: 0.463700
Epoch 499/600, Total: 1678.299701, Node: 979.261102, Link: 699.033981, Spread: 0.462820
Epoch 500/600, Total: 1678.290746, Node: 979.257980, Link: 699.028150, Spread: 0.461937
Epoch 501/600, Total: 1678.281886, Node: 979.254862, Link: 699.022421, Spread: 0.461053
Epoch 502/600, Total: 1678.273067, Node: 979.251711, Link: 699.016761, Spread: 0.460166
Epoch 503/600, Total: 1678.264413, Node: 979.248568, Link: 699.011252, Spread: 0.459278
Epoch 504/600, Total: 1678.255793, Node: 979.245404, Link: 699.005805, Spread: 0.458388
Epoch 505/600, Total: 1678.247236, Node: 979.242220, Link: 699.000447, Spread: 0.457497
Epoch 506/600, Total: 1678.238725, Node: 979.238983, Link: 698.995178, Spread: 0.456604
Epoch 507/600, Total: 1678.230232, Node: 979.235711, Link: 698.989966, Spread: 0.455709
Epoch 508/600, Total: 1678.221834, Node: 979.232423, Link: 698.984861, Spread: 0.454811
Epoch 509/600, Total: 1678.213501, Node: 979.229115, Link: 698.979845, Spread: 0.453912
Epoch 510/600, Total: 1678.208665, Node: 979.229249, Link: 698.974879, Spread: 0.453012
Epoch 511/600, Total: 1678.226949, Node: 979.233566, Link: 698.988851, Spread: 0.451890
Epoch 512/600, Total: 1678.190991, Node: 979.220663, Link: 698.965813, Spread: 0.451137
Epoch 513/600, Total: 1678.181746, Node: 979.216372, Link: 698.960875, Spread: 0.450238
Epoch 514/600, Total: 1678.172454, Node: 979.212203, Link: 698.955761, Spread: 0.449325
Epoch 515/600, Total: 1678.163606, Node: 979.208241, Link: 698.950874, Spread: 0.448406
Epoch 516/600, Total: 1678.154912, Node: 979.204392, Link: 698.946043, Spread: 0.447481
Epoch 517/600, Total: 1678.146500, Node: 979.200741, Link: 698.941289, Spread: 0.446552
Epoch 518/600, Total: 1678.138207, Node: 979.197201, Link: 698.936559, Spread: 0.445621
Epoch 519/600, Total: 1678.130166, Node: 979.193862, Link: 698.931857, Spread: 0.444686
Epoch 520/600, Total: 1678.122242, Node: 979.190567, Link: 698.927237, Spread: 0.443748
Epoch 521/600, Total: 1678.114437, Node: 979.187373, Link: 698.922637, Spread: 0.442808
Epoch 522/600, Total: 1678.106775, Node: 979.184209, Link: 698.918155, Spread: 0.441865
Epoch 523/600, Total: 1678.099176, Node: 979.181069, Link: 698.913705, Spread: 0.440921
Epoch 524/600, Total: 1678.091628, Node: 979.177923, Link: 698.909311, Spread: 0.439976
Epoch 525/600, Total: 1678.084229, Node: 979.174798, Link: 698.905028, Spread: 0.439028
Epoch 526/600, Total: 1678.076751, Node: 979.171647, Link: 698.900717, Spread: 0.438080
Epoch 527/600, Total: 1678.069344, Node: 979.168453, Link: 698.896516, Spread: 0.437130
Epoch 528/600, Total: 1678.062013, Node: 979.165276, Link: 698.892376, Spread: 0.436179
Epoch 529/600, Total: 1678.054667, Node: 979.162075, Link: 698.888251, Spread: 0.435226
Epoch 530/600, Total: 1678.047366, Node: 979.158869, Link: 698.884157, Spread: 0.434273
Epoch 531/600, Total: 1678.040095, Node: 979.155625, Link: 698.880142, Spread: 0.433319
Epoch 532/600, Total: 1678.032851, Node: 979.152360, Link: 698.876156, Spread: 0.432364
Epoch 533/600, Total: 1678.025537, Node: 979.149084, Link: 698.872145, Spread: 0.431406
Epoch 534/600, Total: 1678.018358, Node: 979.145831, Link: 698.868218, Spread: 0.430448
Epoch 535/600, Total: 1678.011081, Node: 979.142501, Link: 698.864292, Spread: 0.429490
Epoch 536/600, Total: 1678.003888, Node: 979.139184, Link: 698.860412, Spread: 0.428530
Epoch 537/600, Total: 1677.996633, Node: 979.135822, Link: 698.856543, Spread: 0.427569
Epoch 538/600, Total: 1677.989457, Node: 979.132491, Link: 698.852701, Spread: 0.426607
Epoch 539/600, Total: 1677.982226, Node: 979.129106, Link: 698.848861, Spread: 0.425645
Epoch 540/600, Total: 1677.975029, Node: 979.125763, Link: 698.845017, Spread: 0.424681
Epoch 541/600, Total: 1677.967769, Node: 979.122319, Link: 698.841197, Spread: 0.423717
Epoch 542/600, Total: 1677.960541, Node: 979.118913, Link: 698.837397, Spread: 0.422752
Epoch 543/600, Total: 1677.953316, Node: 979.115480, Link: 698.833611, Spread: 0.421786
Epoch 544/600, Total: 1677.946048, Node: 979.112057, Link: 698.829797, Spread: 0.420819
Epoch 545/600, Total: 1677.938787, Node: 979.108598, Link: 698.825986, Spread: 0.419853
Epoch 546/600, Total: 1677.931506, Node: 979.105119, Link: 698.822205, Spread: 0.418885
Epoch 547/600, Total: 1677.924212, Node: 979.101604, Link: 698.818421, Spread: 0.417916
Epoch 548/600, Total: 1677.916954, Node: 979.098154, Link: 698.814627, Spread: 0.416946
Epoch 549/600, Total: 1677.909581, Node: 979.094628, Link: 698.810799, Spread: 0.415976
Epoch 550/600, Total: 1677.902220, Node: 979.091075, Link: 698.806994, Spread: 0.415005
Epoch 551/600, Total: 1677.894947, Node: 979.087608, Link: 698.803187, Spread: 0.414033
Epoch 552/600, Total: 1677.887545, Node: 979.084066, Link: 698.799346, Spread: 0.413059
Epoch 553/600, Total: 1677.880131, Node: 979.080509, Link: 698.795506, Spread: 0.412084
Epoch 554/600, Total: 1677.872720, Node: 979.076935, Link: 698.791663, Spread: 0.411109
Epoch 555/600, Total: 1677.865236, Node: 979.073371, Link: 698.787764, Spread: 0.410133
Epoch 556/600, Total: 1677.857737, Node: 979.069774, Link: 698.783867, Spread: 0.409157
Epoch 557/600, Total: 1677.850265, Node: 979.066212, Link: 698.779966, Spread: 0.408177
Epoch 558/600, Total: 1677.842692, Node: 979.062604, Link: 698.776020, Spread: 0.407197
Epoch 559/600, Total: 1677.835178, Node: 979.059021, Link: 698.772100, Spread: 0.406217
Epoch 560/600, Total: 1677.827569, Node: 979.055384, Link: 698.768131, Spread: 0.405237
Epoch 561/600, Total: 1677.819943, Node: 979.051772, Link: 698.764125, Spread: 0.404257
Epoch 562/600, Total: 1677.812246, Node: 979.048116, Link: 698.760097, Spread: 0.403276
Epoch 563/600, Total: 1677.804575, Node: 979.044477, Link: 698.756063, Spread: 0.402295
Epoch 564/600, Total: 1677.796889, Node: 979.040864, Link: 698.752002, Spread: 0.401313
Epoch 565/600, Total: 1677.789077, Node: 979.037161, Link: 698.747896, Spread: 0.400327
Epoch 566/600, Total: 1677.781209, Node: 979.033475, Link: 698.743728, Spread: 0.399342
Epoch 567/600, Total: 1677.773401, Node: 979.029841, Link: 698.739574, Spread: 0.398357
Epoch 568/600, Total: 1677.765457, Node: 979.026123, Link: 698.735362, Spread: 0.397371
Epoch 569/600, Total: 1677.757595, Node: 979.022454, Link: 698.731188, Spread: 0.396384
Epoch 570/600, Total: 1677.749594, Node: 979.018750, Link: 698.726897, Spread: 0.395398
Epoch 571/600, Total: 1677.741541, Node: 979.015012, Link: 698.722592, Spread: 0.394412
Epoch 572/600, Total: 1677.733531, Node: 979.011313, Link: 698.718280, Spread: 0.393425
Epoch 573/600, Total: 1677.725450, Node: 979.007597, Link: 698.713930, Spread: 0.392437
Epoch 574/600, Total: 1677.717298, Node: 979.003861, Link: 698.709531, Spread: 0.391448
Epoch 575/600, Total: 1677.709160, Node: 979.000145, Link: 698.705118, Spread: 0.390460
Epoch 576/600, Total: 1677.700923, Node: 978.996380, Link: 698.700648, Spread: 0.389470
Epoch 577/600, Total: 1677.692677, Node: 978.992616, Link: 698.696161, Spread: 0.388479
Epoch 578/600, Total: 1677.684322, Node: 978.988837, Link: 698.691612, Spread: 0.387489
Epoch 579/600, Total: 1677.675984, Node: 978.985065, Link: 698.687060, Spread: 0.386498
Epoch 580/600, Total: 1677.667531, Node: 978.981251, Link: 698.682423, Spread: 0.385507
Epoch 581/600, Total: 1677.659124, Node: 978.977495, Link: 698.677781, Spread: 0.384517
Epoch 582/600, Total: 1677.650676, Node: 978.973700, Link: 698.673138, Spread: 0.383526
Epoch 583/600, Total: 1677.642099, Node: 978.969846, Link: 698.668423, Spread: 0.382535
Epoch 584/600, Total: 1677.633527, Node: 978.966043, Link: 698.663665, Spread: 0.381544
Epoch 585/600, Total: 1677.624871, Node: 978.962198, Link: 698.658867, Spread: 0.380555
Epoch 586/600, Total: 1677.616206, Node: 978.958352, Link: 698.654059, Spread: 0.379565
Epoch 587/600, Total: 1677.607514, Node: 978.954531, Link: 698.649195, Spread: 0.378575
Epoch 588/600, Total: 1677.598780, Node: 978.950666, Link: 698.644326, Spread: 0.377586
Epoch 589/600, Total: 1677.590051, Node: 978.946835, Link: 698.639445, Spread: 0.376597
Epoch 590/600, Total: 1677.581209, Node: 978.942946, Link: 698.634507, Spread: 0.375607
Epoch 591/600, Total: 1677.572348, Node: 978.939068, Link: 698.629527, Spread: 0.374618
Epoch 592/600, Total: 1677.563367, Node: 978.935135, Link: 698.624499, Spread: 0.373629
Epoch 593/600, Total: 1677.554446, Node: 978.931259, Link: 698.619476, Spread: 0.372640
Epoch 594/600, Total: 1677.545421, Node: 978.927324, Link: 698.614403, Spread: 0.371651
Epoch 595/600, Total: 1677.536369, Node: 978.923378, Link: 698.609296, Spread: 0.370663
Epoch 596/600, Total: 1677.527277, Node: 978.919424, Link: 698.604160, Spread: 0.369677
Epoch 597/600, Total: 1677.518219, Node: 978.915492, Link: 698.599029, Spread: 0.368691
Epoch 598/600, Total: 1677.509014, Node: 978.911518, Link: 698.593819, Spread: 0.367704
Epoch 599/600, Total: 1677.499796, Node: 978.907503, Link: 698.588619, Spread: 0.366718
Epoch 600/600, Total: 1677.490576, Node: 978.903543, Link: 698.583376, Spread: 0.365732
Saved sweep result to: /homes/dameyer/ml-for-wdn-project-4/results/aggregated/gnn_training_sweep/net1_buffer=10_rollout=5_seed=42.json
Table value: 978.903543
