Filter:    enkf
Job:       240901
Array ID:  6
Seed:      48
Host:      assistant-3.GPU.CIT-EC.NET
Dataset:   hanoi

Running Hanoi GNN EnKF: 24 sensor counts × 1 sensor placements
2 sensors/type: 1.4916 ± 0.4008
3 sensors/type: 1.0762 ± 0.2730
4 sensors/type: 1.0583 ± 0.2399
5 sensors/type: 1.0858 ± 0.2898
6 sensors/type: 1.1177 ± 0.3193
7 sensors/type: 0.9745 ± 0.2595
8 sensors/type: 0.9909 ± 0.2834
9 sensors/type: 0.9656 ± 0.2858
10 sensors/type: 1.0045 ± 0.2687
11 sensors/type: 0.9996 ± 0.2517
12 sensors/type: 0.9903 ± 0.2534
13 sensors/type: 0.9831 ± 0.2840
14 sensors/type: 0.9271 ± 0.2757
15 sensors/type: 0.8988 ± 0.2715
16 sensors/type: 0.9057 ± 0.2524
17 sensors/type: 0.8797 ± 0.2356
18 sensors/type: 0.8713 ± 0.2507
19 sensors/type: 0.8945 ± 0.2392
20 sensors/type: 0.8798 ± 0.2475
21 sensors/type: 0.8804 ± 0.2372
22 sensors/type: 0.8564 ± 0.2547
23 sensors/type: 0.8353 ± 0.2328
24 sensors/type: 0.8347 ± 0.2414
25 sensors/type: 0.8361 ± 0.2466
Saved gnn EnKF result to: /homes/dameyer/ml-for-wdn-project-4/results/aggregated/hanoi_gnn_enkf_n_iters=1_ensemble_size=50_seed=48.npz
