================================
GNN training sweep
Job ID: 242680
Task ID: 16
Buffer size: 10
Rollout length: 20
================================
Running GNN sweep: dataset=Net1, buffer=10, rollout=20
Epoch 1/600, Total: 5920.379005, Node: 3538.769616, Link: 2380.052842, Spread: 155.648507
Epoch 2/600, Total: 2133.395729, Node: 1323.265313, Link: 808.298325, Spread: 183.206657
Epoch 3/600, Total: 2018.540726, Node: 1259.285285, Link: 757.452221, Spread: 180.322361
Epoch 4/600, Total: 1969.006979, Node: 1231.792933, Link: 735.525956, Spread: 168.808353
Epoch 5/600, Total: 1931.131393, Node: 1197.040310, Link: 732.485467, Spread: 160.558090
Epoch 6/600, Total: 1913.214064, Node: 1175.761729, Link: 735.924321, Spread: 152.799622
Epoch 7/600, Total: 1885.420393, Node: 1151.749331, Link: 732.217803, Spread: 145.323137
Epoch 8/600, Total: 1869.764143, Node: 1129.143281, Link: 739.269291, Spread: 135.156741
Epoch 9/600, Total: 1841.510172, Node: 1107.146426, Link: 733.092817, Spread: 127.092245
Epoch 10/600, Total: 1816.459705, Node: 1084.640138, Link: 730.620353, Spread: 119.921370
Epoch 11/600, Total: 1800.727169, Node: 1073.157692, Link: 726.444297, Spread: 112.518001
Epoch 12/600, Total: 1787.561695, Node: 1061.301259, Link: 725.211255, Spread: 104.918302
Epoch 13/600, Total: 1783.507532, Node: 1053.591337, Link: 728.934401, Spread: 98.180823
Epoch 14/600, Total: 1752.034939, Node: 1031.844128, Link: 719.265915, Spread: 92.490880
Epoch 15/600, Total: 1735.907806, Node: 1021.205167, Link: 713.821432, Spread: 88.119999
Epoch 16/600, Total: 1728.853600, Node: 1016.544062, Link: 711.467406, Spread: 84.210446
Epoch 17/600, Total: 1746.661448, Node: 1021.757357, Link: 724.115947, Spread: 78.814473
Epoch 18/600, Total: 1733.779926, Node: 1013.646156, Link: 719.389595, Spread: 74.418204
Epoch 19/600, Total: 1713.916521, Node: 1005.922122, Link: 707.280760, Spread: 71.366343
Epoch 20/600, Total: 1725.874603, Node: 1009.955062, Link: 715.242104, Spread: 67.742138
Epoch 21/600, Total: 1716.748112, Node: 1008.714213, Link: 707.383094, Spread: 65.080600
Epoch 22/600, Total: 1711.531404, Node: 1003.102060, Link: 707.808879, Spread: 62.047009
Epoch 23/600, Total: 1698.141796, Node: 995.431919, Link: 702.118669, Spread: 59.119606
Epoch 24/600, Total: 1695.988134, Node: 997.229416, Link: 698.196267, Spread: 56.244916
Epoch 25/600, Total: 1693.509632, Node: 994.279292, Link: 698.705693, Spread: 52.464324
Epoch 26/600, Total: 1688.470924, Node: 994.004149, Link: 693.969127, Spread: 49.764157
Epoch 27/600, Total: 1683.867859, Node: 991.960513, Link: 691.441220, Spread: 46.613063
Epoch 28/600, Total: 1680.966747, Node: 990.854309, Link: 689.671427, Spread: 44.101657
Epoch 29/600, Total: 1679.590990, Node: 987.314908, Link: 691.862942, Spread: 41.313159
Epoch 30/600, Total: 1674.626045, Node: 989.192751, Link: 685.039540, Spread: 39.376864
Epoch 31/600, Total: 1697.352638, Node: 997.191587, Link: 699.787390, Spread: 37.366468
Epoch 32/600, Total: 1666.483622, Node: 984.958962, Link: 681.167237, Spread: 35.743102
Epoch 33/600, Total: 1661.294527, Node: 979.487465, Link: 681.472258, Spread: 33.479412
Epoch 34/600, Total: 1659.065067, Node: 975.284666, Link: 683.467787, Spread: 31.257070
Epoch 35/600, Total: 1650.288149, Node: 973.927237, Link: 676.067690, Spread: 29.325812
Epoch 36/600, Total: 1649.158663, Node: 975.734847, Link: 673.145377, Spread: 27.843790
Epoch 37/600, Total: 1656.934715, Node: 978.646542, Link: 678.029665, Spread: 25.850758
Epoch 38/600, Total: 1648.677822, Node: 974.573553, Link: 673.858592, Spread: 24.569477
Epoch 39/600, Total: 1631.192259, Node: 960.301648, Link: 670.660156, Spread: 23.046744
Epoch 40/600, Total: 1633.178007, Node: 963.290512, Link: 669.671719, Spread: 21.577366
Epoch 41/600, Total: 1629.784317, Node: 962.425277, Link: 667.157128, Spread: 20.192270
Epoch 42/600, Total: 1626.060703, Node: 959.789159, Link: 666.081603, Spread: 18.994023
Epoch 43/600, Total: 1626.613235, Node: 961.306679, Link: 665.127774, Spread: 17.876250
Epoch 44/600, Total: 1612.540760, Node: 952.339953, Link: 660.031478, Spread: 16.932424
Epoch 45/600, Total: 1632.945944, Node: 959.637341, Link: 673.150239, Spread: 15.836853
Epoch 46/600, Total: 1612.810949, Node: 953.982840, Link: 658.678104, Spread: 15.000776
Epoch 47/600, Total: 1610.329053, Node: 952.881535, Link: 657.307699, Spread: 13.980915
Epoch 48/600, Total: 1614.121537, Node: 955.391024, Link: 658.597411, Spread: 13.308659
Epoch 49/600, Total: 1619.647651, Node: 956.945981, Link: 662.574361, Spread: 12.730422
Epoch 50/600, Total: 1600.017763, Node: 945.058364, Link: 654.838207, Spread: 12.121259
Epoch 51/600, Total: 1606.642179, Node: 951.812892, Link: 654.714766, Spread: 11.452463
Epoch 52/600, Total: 1590.047043, Node: 940.041428, Link: 649.897114, Spread: 10.849917
Epoch 53/600, Total: 1606.934262, Node: 949.052280, Link: 657.779558, Spread: 10.245019
Epoch 54/600, Total: 1599.289484, Node: 947.929242, Link: 651.262829, Spread: 9.740986
Epoch 55/600, Total: 1600.466228, Node: 944.701674, Link: 655.671211, Spread: 9.332927
Epoch 56/600, Total: 1593.183241, Node: 942.084930, Link: 651.010524, Spread: 8.778632
Epoch 57/600, Total: 1618.642317, Node: 944.215344, Link: 674.342241, Spread: 8.472353
Epoch 58/600, Total: 1649.985396, Node: 955.263329, Link: 694.642021, Spread: 8.004475
Epoch 59/600, Total: 1668.590495, Node: 972.022511, Link: 696.493054, Spread: 7.492135
Epoch 60/600, Total: 1635.221318, Node: 947.574276, Link: 687.576016, Spread: 7.103098
Epoch 61/600, Total: 1633.045339, Node: 947.852990, Link: 685.125021, Spread: 6.734062
Epoch 62/600, Total: 1633.508021, Node: 951.658652, Link: 681.785657, Spread: 6.370734
Epoch 63/600, Total: 1650.167450, Node: 957.759898, Link: 692.347351, Spread: 6.019726
Epoch 64/600, Total: 1630.229087, Node: 949.373800, Link: 680.798529, Spread: 5.676045
Epoch 65/600, Total: 1630.451626, Node: 950.509635, Link: 679.887555, Spread: 5.442300
Epoch 66/600, Total: 1626.654684, Node: 943.691061, Link: 682.910958, Spread: 5.267386
Epoch 67/600, Total: 1637.551906, Node: 952.653577, Link: 684.848371, Spread: 4.997612
Epoch 68/600, Total: 1653.100407, Node: 959.925484, Link: 693.126281, Spread: 4.864776
Epoch 69/600, Total: 1628.880151, Node: 950.608576, Link: 678.224332, Spread: 4.726079
Epoch 70/600, Total: 1641.463722, Node: 954.546746, Link: 686.870555, Spread: 4.643688
Epoch 71/600, Total: 1618.808516, Node: 945.529764, Link: 673.233326, Spread: 4.543385
Epoch 72/600, Total: 1623.142416, Node: 943.162430, Link: 679.935795, Spread: 4.421705
Epoch 73/600, Total: 1627.648758, Node: 949.914302, Link: 677.691794, Spread: 4.266560
Epoch 74/600, Total: 1622.352175, Node: 944.289371, Link: 678.021436, Spread: 4.135696
Epoch 75/600, Total: 1611.768461, Node: 940.262923, Link: 671.465837, Spread: 3.968708
Epoch 76/600, Total: 1627.749134, Node: 949.131857, Link: 678.578355, Spread: 3.894346
Epoch 77/600, Total: 1617.178063, Node: 940.278381, Link: 676.861448, Spread: 3.823945
Epoch 78/600, Total: 1623.871325, Node: 943.192830, Link: 680.640893, Spread: 3.759883
Epoch 79/600, Total: 1619.717599, Node: 940.454707, Link: 679.226393, Spread: 3.649851
Epoch 80/600, Total: 1609.781142, Node: 938.133591, Link: 671.612011, Spread: 3.552620
Epoch 81/600, Total: 1615.646288, Node: 942.030307, Link: 673.580680, Spread: 3.530252
Epoch 82/600, Total: 1636.786231, Node: 950.907058, Link: 685.843726, Spread: 3.545006
Epoch 83/600, Total: 1616.974608, Node: 940.182051, Link: 676.757949, Spread: 3.459894
Epoch 84/600, Total: 1627.048764, Node: 950.513258, Link: 676.500860, Spread: 3.463765
Epoch 85/600, Total: 1626.358613, Node: 946.746590, Link: 679.577999, Spread: 3.405326
Epoch 86/600, Total: 1615.675492, Node: 941.157899, Link: 674.483942, Spread: 3.366679
Epoch 87/600, Total: 1623.052913, Node: 949.653844, Link: 673.365623, Spread: 3.343491
Epoch 88/600, Total: 1610.406975, Node: 942.316564, Link: 668.057415, Spread: 3.299174
Epoch 89/600, Total: 1628.560623, Node: 948.340921, Link: 680.185887, Spread: 3.380645
Epoch 90/600, Total: 1610.063839, Node: 938.776839, Link: 671.253668, Spread: 3.338089
Epoch 91/600, Total: 1642.072506, Node: 952.971278, Link: 689.067225, Spread: 3.401354
Epoch 92/600, Total: 1656.815554, Node: 971.804508, Link: 684.977064, Spread: 3.395646
Epoch 93/600, Total: 1608.237697, Node: 943.728738, Link: 664.475541, Spread: 3.337672
Epoch 94/600, Total: 1644.819029, Node: 965.081136, Link: 679.703649, Spread: 3.424706
Epoch 95/600, Total: 1612.795523, Node: 943.519922, Link: 669.241975, Spread: 3.362955
Epoch 96/600, Total: 1614.655856, Node: 945.614054, Link: 669.008531, Spread: 3.326410
Epoch 97/600, Total: 1646.248055, Node: 974.005521, Link: 672.208758, Spread: 3.378341
Epoch 98/600, Total: 1647.590741, Node: 961.813586, Link: 685.743712, Spread: 3.345231
Epoch 99/600, Total: 1621.194585, Node: 945.134429, Link: 676.026312, Spread: 3.382545
Epoch 100/600, Total: 1619.047213, Node: 949.621197, Link: 669.392520, Spread: 3.348768
Epoch 101/600, Total: 1608.196737, Node: 942.216637, Link: 665.946682, Spread: 3.338736
Epoch 102/600, Total: 1627.908448, Node: 946.816224, Link: 681.058854, Spread: 3.336255
Epoch 103/600, Total: 1605.849846, Node: 939.162038, Link: 666.654485, Spread: 3.332600
Epoch 104/600, Total: 1605.986217, Node: 941.283962, Link: 664.668994, Spread: 3.326278
Epoch 105/600, Total: 1618.563300, Node: 947.542210, Link: 670.987273, Spread: 3.382608
Epoch 106/600, Total: 1621.924595, Node: 952.984293, Link: 668.906385, Spread: 3.391686
Epoch 107/600, Total: 1608.834345, Node: 946.483346, Link: 662.317707, Spread: 3.328393
Epoch 108/600, Total: 1608.114096, Node: 944.497388, Link: 663.582650, Spread: 3.403031
Epoch 109/600, Total: 1609.660415, Node: 946.075249, Link: 663.551074, Spread: 3.405482
Epoch 110/600, Total: 1617.192950, Node: 947.628539, Link: 669.530181, Spread: 3.423546
Epoch 111/600, Total: 1604.167538, Node: 943.190444, Link: 660.943686, Spread: 3.340535
Epoch 112/600, Total: 1627.230523, Node: 951.309414, Link: 675.886749, Spread: 3.434305
Epoch 113/600, Total: 1608.203497, Node: 945.160780, Link: 663.009157, Spread: 3.353816
Epoch 114/600, Total: 1633.883823, Node: 954.214758, Link: 679.635189, Spread: 3.386236
Epoch 115/600, Total: 1635.734200, Node: 958.065378, Link: 677.634296, Spread: 3.452019
Epoch 116/600, Total: 1623.134366, Node: 949.392717, Link: 673.706736, Spread: 3.492066
Epoch 117/600, Total: 1640.716387, Node: 959.472898, Link: 681.208699, Spread: 3.475461
Epoch 118/600, Total: 1657.095793, Node: 961.837903, Link: 695.221943, Spread: 3.598865
Epoch 119/600, Total: 1625.152481, Node: 953.547921, Link: 671.565944, Spread: 3.861288
Epoch 120/600, Total: 1611.689947, Node: 944.959638, Link: 666.690962, Spread: 3.933160
Epoch 121/600, Total: 1616.773796, Node: 951.113317, Link: 665.621884, Spread: 3.861960
Epoch 122/600, Total: 1616.825705, Node: 947.541001, Link: 669.244491, Spread: 4.018560
Epoch 123/600, Total: 1634.718054, Node: 954.879569, Link: 679.797586, Spread: 4.087664
Epoch 124/600, Total: 1621.513697, Node: 945.542652, Link: 675.930563, Spread: 4.047166
Epoch 125/600, Total: 1609.825740, Node: 944.411626, Link: 665.373637, Spread: 4.047265
Epoch 126/600, Total: 1624.352788, Node: 952.215476, Link: 672.095970, Spread: 4.132658
Epoch 127/600, Total: 1622.598311, Node: 949.424387, Link: 673.133074, Spread: 4.088568
Epoch 128/600, Total: 1620.459663, Node: 947.193758, Link: 673.224688, Spread: 4.122882
Epoch 129/600, Total: 1619.967620, Node: 944.174875, Link: 675.751213, Spread: 4.151111
Epoch 130/600, Total: 1622.490319, Node: 948.753130, Link: 673.696259, Spread: 4.096319
Epoch 131/600, Total: 1611.018698, Node: 942.500853, Link: 668.476920, Spread: 4.090197
Epoch 132/600, Total: 1634.161008, Node: 954.048117, Link: 680.071958, Spread: 4.092410
Epoch 133/600, Total: 1622.963352, Node: 952.117837, Link: 670.804481, Spread: 4.100759
Epoch 134/600, Total: 1615.941222, Node: 943.023888, Link: 672.876860, Spread: 4.044562
Epoch 135/600, Total: 1625.127729, Node: 949.789140, Link: 675.297459, Spread: 4.113309
Epoch 136/600, Total: 1616.893561, Node: 948.600382, Link: 668.252413, Spread: 4.075627
Epoch 137/600, Total: 1643.633596, Node: 957.664257, Link: 685.929466, Spread: 3.987339
Epoch 138/600, Total: 1612.457390, Node: 940.957438, Link: 671.460860, Spread: 3.911031
Epoch 139/600, Total: 1625.719309, Node: 949.291973, Link: 676.387486, Spread: 3.985192
Epoch 140/600, Total: 1615.913355, Node: 946.010652, Link: 669.863720, Spread: 3.898860
Epoch 141/600, Total: 1616.184155, Node: 948.507087, Link: 667.637121, Spread: 3.993109
Epoch 142/600, Total: 1619.617584, Node: 947.556060, Link: 672.021743, Spread: 3.974676
Epoch 143/600, Total: 1619.353032, Node: 948.239014, Link: 671.073971, Spread: 4.004807
Epoch 144/600, Total: 1620.026296, Node: 948.540992, Link: 671.445546, Spread: 3.974684
Epoch 145/600, Total: 1616.593243, Node: 949.785452, Link: 666.769220, Spread: 3.856380
Epoch 146/600, Total: 1613.896471, Node: 943.250809, Link: 670.607130, Spread: 3.856580
Epoch 147/600, Total: 1620.812737, Node: 950.417963, Link: 670.356615, Spread: 3.818488
Epoch 148/600, Total: 1631.170561, Node: 953.851164, Link: 677.281522, Spread: 3.788691
Epoch 149/600, Total: 1622.496809, Node: 950.776036, Link: 671.681669, Spread: 3.912224
Epoch 150/600, Total: 1615.608685, Node: 943.218452, Link: 672.351469, Spread: 3.876169
Epoch 151/600, Total: 1639.232319, Node: 961.625120, Link: 677.568409, Spread: 3.878961
Epoch 152/600, Total: 1623.508238, Node: 949.955876, Link: 673.513175, Spread: 3.921712
Epoch 153/600, Total: 1609.679897, Node: 943.153793, Link: 666.486736, Spread: 3.938722
Epoch 154/600, Total: 1607.327203, Node: 938.771740, Link: 668.516791, Spread: 3.868450
Epoch 155/600, Total: 1604.141246, Node: 937.069298, Link: 667.033636, Spread: 3.832373
Epoch 156/600, Total: 1613.029370, Node: 941.197045, Link: 671.794626, Spread: 3.768119
Epoch 157/600, Total: 1609.003328, Node: 939.961893, Link: 669.004730, Spread: 3.668612
Epoch 158/600, Total: 1610.285380, Node: 938.716965, Link: 671.532224, Spread: 3.622009
Epoch 159/600, Total: 1614.470392, Node: 948.727315, Link: 665.708141, Spread: 3.495726
Epoch 160/600, Total: 1615.843870, Node: 947.800789, Link: 668.007924, Spread: 3.516778
Epoch 161/600, Total: 1622.736585, Node: 952.701869, Link: 669.999799, Spread: 3.490574
Epoch 162/600, Total: 1619.253284, Node: 949.477965, Link: 669.740285, Spread: 3.502521
Epoch 163/600, Total: 1621.944453, Node: 950.484244, Link: 671.423415, Spread: 3.678502
Epoch 164/600, Total: 1627.719748, Node: 956.631782, Link: 671.052220, Spread: 3.576904
Epoch 165/600, Total: 1617.926271, Node: 950.072565, Link: 667.818082, Spread: 3.565949
Epoch 166/600, Total: 1615.418917, Node: 947.076588, Link: 668.305394, Spread: 3.694883
Epoch 167/600, Total: 1611.850302, Node: 943.693770, Link: 668.119610, Spread: 3.690596
Epoch 168/600, Total: 1616.704782, Node: 946.615142, Link: 670.051871, Spread: 3.778679
Epoch 169/600, Total: 1609.588339, Node: 945.715781, Link: 663.835152, Spread: 3.742063
Epoch 170/600, Total: 1610.445528, Node: 942.713388, Link: 667.695449, Spread: 3.671812
Epoch 171/600, Total: 1608.837735, Node: 944.537511, Link: 664.263750, Spread: 3.648498
Epoch 172/600, Total: 1616.699113, Node: 948.151123, Link: 668.511275, Spread: 3.672504
Epoch 173/600, Total: 1610.368219, Node: 942.641358, Link: 667.690061, Spread: 3.682043
Epoch 174/600, Total: 1599.365776, Node: 939.251316, Link: 660.078128, Spread: 3.631625
Epoch 175/600, Total: 1610.362812, Node: 941.425193, Link: 668.901554, Spread: 3.607144
Epoch 176/600, Total: 1606.155595, Node: 943.200140, Link: 662.919869, Spread: 3.558975
Epoch 177/600, Total: 1616.725276, Node: 946.677962, Link: 670.011949, Spread: 3.537476
Epoch 178/600, Total: 1611.506101, Node: 943.653280, Link: 667.817228, Spread: 3.558842
Epoch 179/600, Total: 1613.612389, Node: 950.394742, Link: 663.182153, Spread: 3.549487
Epoch 180/600, Total: 1622.849480, Node: 948.455010, Link: 674.358938, Spread: 3.553465
Epoch 181/600, Total: 1619.497195, Node: 946.266550, Link: 673.195204, Spread: 3.541007
Epoch 182/600, Total: 1610.344009, Node: 944.659681, Link: 665.649168, Spread: 3.514833
Epoch 183/600, Total: 1610.232649, Node: 947.009602, Link: 663.188649, Spread: 3.439492
Epoch 184/600, Total: 1622.496094, Node: 947.428750, Link: 675.032847, Spread: 3.451837
Epoch 185/600, Total: 1616.679053, Node: 947.244731, Link: 669.399508, Spread: 3.479953
Epoch 186/600, Total: 1616.143556, Node: 945.569235, Link: 670.539322, Spread: 3.498536
Epoch 187/600, Total: 1612.055635, Node: 945.926849, Link: 666.094667, Spread: 3.414795
Epoch 188/600, Total: 1620.278222, Node: 951.077087, Link: 669.167007, Spread: 3.413938
Epoch 189/600, Total: 1616.670789, Node: 946.132708, Link: 670.503813, Spread: 3.428332
Epoch 190/600, Total: 1604.153186, Node: 943.717507, Link: 660.400807, Spread: 3.488311
Epoch 191/600, Total: 1602.836717, Node: 938.061223, Link: 664.741393, Spread: 3.410304
Epoch 192/600, Total: 1616.942804, Node: 948.271685, Link: 668.637303, Spread: 3.382753
Epoch 193/600, Total: 1615.762714, Node: 953.771305, Link: 661.956315, Spread: 3.508292
Epoch 194/600, Total: 1611.128923, Node: 943.089402, Link: 668.004926, Spread: 3.461746
Epoch 195/600, Total: 1601.767014, Node: 938.474480, Link: 663.257847, Spread: 3.468812
Epoch 196/600, Total: 1619.654500, Node: 950.965511, Link: 668.654504, Spread: 3.451225
Epoch 197/600, Total: 1603.013143, Node: 941.674045, Link: 661.304682, Spread: 3.442259
Epoch 198/600, Total: 1619.911475, Node: 954.763832, Link: 665.113674, Spread: 3.395475
Epoch 199/600, Total: 1615.715280, Node: 945.873222, Link: 669.808368, Spread: 3.368973
Epoch 200/600, Total: 1607.802652, Node: 942.480367, Link: 665.288650, Spread: 3.363812
Epoch 201/600, Total: 1619.373778, Node: 948.031387, Link: 671.309173, Spread: 3.323335
Epoch 202/600, Total: 1609.685657, Node: 945.129441, Link: 664.522732, Spread: 3.348246
Epoch 203/600, Total: 1604.944516, Node: 939.817787, Link: 665.093296, Spread: 3.344518
Epoch 204/600, Total: 1614.807757, Node: 938.635343, Link: 676.139597, Spread: 3.280077
Epoch 205/600, Total: 1613.921576, Node: 942.535137, Link: 671.353620, Spread: 3.281999
Epoch 206/600, Total: 1605.621679, Node: 945.895146, Link: 659.694304, Spread: 3.225949
Epoch 207/600, Total: 1604.069588, Node: 940.334967, Link: 663.702168, Spread: 3.243461
Epoch 208/600, Total: 1609.240103, Node: 942.716587, Link: 666.490953, Spread: 3.254333
Epoch 209/600, Total: 1599.208563, Node: 938.538307, Link: 660.638019, Spread: 3.222623
Epoch 210/600, Total: 1603.827354, Node: 941.402189, Link: 662.393595, Spread: 3.155765
Epoch 211/600, Total: 1611.691229, Node: 949.701177, Link: 661.958465, Spread: 3.157720
Epoch 212/600, Total: 1600.314952, Node: 939.286375, Link: 660.997424, Spread: 3.116312
Epoch 213/600, Total: 1612.466413, Node: 943.758720, Link: 668.675983, Spread: 3.168759
Epoch 214/600, Total: 1606.523459, Node: 936.628041, Link: 669.863649, Spread: 3.176648
Epoch 215/600, Total: 1605.146542, Node: 942.177301, Link: 662.937630, Spread: 3.160411
Epoch 216/600, Total: 1601.450527, Node: 940.144479, Link: 661.273728, Spread: 3.230356
Epoch 217/600, Total: 1615.890434, Node: 943.842751, Link: 672.015904, Spread: 3.177017
Epoch 218/600, Total: 1618.758311, Node: 948.728441, Link: 669.999145, Spread: 3.074136
Epoch 219/600, Total: 1632.205674, Node: 951.613392, Link: 680.562223, Spread: 3.007075
Epoch 220/600, Total: 1623.699781, Node: 949.871144, Link: 673.799276, Spread: 2.934618
Epoch 221/600, Total: 1624.898510, Node: 948.818354, Link: 676.050484, Spread: 2.968772
Epoch 222/600, Total: 1620.878014, Node: 942.802685, Link: 678.045120, Spread: 3.018966
Epoch 223/600, Total: 1621.826506, Node: 942.368071, Link: 679.428349, Spread: 3.008144
Epoch 224/600, Total: 1621.036076, Node: 939.039689, Link: 681.966257, Spread: 3.013278
Epoch 225/600, Total: 1626.365156, Node: 942.583114, Link: 683.752416, Spread: 2.962253
Epoch 226/600, Total: 1619.683219, Node: 941.933041, Link: 677.720637, Spread: 2.954327
Epoch 227/600, Total: 1621.999637, Node: 942.489953, Link: 679.479818, Spread: 2.985424
Epoch 228/600, Total: 1620.309636, Node: 942.838106, Link: 677.441562, Spread: 2.998737
Epoch 229/600, Total: 1634.587031, Node: 941.998307, Link: 692.558348, Spread: 3.040231
Epoch 230/600, Total: 1619.205251, Node: 941.767495, Link: 677.407510, Spread: 3.027485
Epoch 231/600, Total: 1625.850718, Node: 943.368182, Link: 682.452214, Spread: 3.030569
Epoch 232/600, Total: 1620.450977, Node: 943.128333, Link: 677.291844, Spread: 3.079762
Epoch 233/600, Total: 1624.640278, Node: 946.227906, Link: 678.381531, Spread: 3.085219
Epoch 234/600, Total: 1618.454876, Node: 941.983514, Link: 676.440643, Spread: 3.071947
Epoch 235/600, Total: 1620.795456, Node: 945.812135, Link: 674.952612, Spread: 3.070657
Epoch 236/600, Total: 1614.801461, Node: 939.333884, Link: 675.436516, Spread: 3.107881
Epoch 237/600, Total: 1634.153945, Node: 939.458099, Link: 694.664904, Spread: 3.094354
Epoch 238/600, Total: 1609.051726, Node: 939.462310, Link: 669.558892, Spread: 3.053781
Epoch 239/600, Total: 1623.531225, Node: 944.873804, Link: 678.625672, Spread: 3.177093
Epoch 240/600, Total: 1616.323498, Node: 938.327400, Link: 677.964598, Spread: 3.150042
Epoch 241/600, Total: 1616.832696, Node: 941.089976, Link: 675.711330, Spread: 3.136908
Epoch 242/600, Total: 1621.595483, Node: 941.540477, Link: 680.023202, Spread: 3.181074
Epoch 243/600, Total: 1613.720367, Node: 939.484074, Link: 674.204877, Spread: 3.142617
Epoch 244/600, Total: 1621.633576, Node: 945.965281, Link: 675.636335, Spread: 3.198002
Epoch 245/600, Total: 1625.032013, Node: 948.843078, Link: 676.156967, Spread: 3.199921
Epoch 246/600, Total: 1614.864964, Node: 940.058291, Link: 674.774416, Spread: 3.226010
Epoch 247/600, Total: 1636.517877, Node: 950.294383, Link: 686.191894, Spread: 3.159436
Epoch 248/600, Total: 1624.016388, Node: 941.675371, Link: 682.309068, Spread: 3.194584
Epoch 249/600, Total: 1621.524847, Node: 945.482247, Link: 676.010627, Spread: 3.198336
Epoch 250/600, Total: 1645.718341, Node: 946.790092, Link: 698.895357, Spread: 3.291232
Epoch 251/600, Total: 1631.456714, Node: 948.972107, Link: 682.452513, Spread: 3.208651
Epoch 252/600, Total: 1629.241113, Node: 949.942672, Link: 679.266381, Spread: 3.203944
Epoch 253/600, Total: 1627.911845, Node: 940.112583, Link: 687.766436, Spread: 3.281039
Epoch 254/600, Total: 1631.858550, Node: 946.914681, Link: 684.911282, Spread: 3.260122
Epoch 255/600, Total: 1637.764957, Node: 956.053150, Link: 681.679582, Spread: 3.223625
Epoch 256/600, Total: 1618.981789, Node: 942.469177, Link: 676.480357, Spread: 3.229234
Epoch 257/600, Total: 1628.063535, Node: 950.268024, Link: 677.762820, Spread: 3.267779
Epoch 258/600, Total: 1627.091524, Node: 948.759779, Link: 678.299124, Spread: 3.262960
Epoch 259/600, Total: 1616.352904, Node: 944.364399, Link: 671.956319, Spread: 3.220582
Epoch 260/600, Total: 1630.458265, Node: 947.534750, Link: 682.891394, Spread: 3.213371
Epoch 261/600, Total: 1612.428844, Node: 939.704909, Link: 672.692327, Spread: 3.161954
Epoch 262/600, Total: 1621.397671, Node: 937.645716, Link: 683.719079, Spread: 3.289102
Epoch 263/600, Total: 1611.387335, Node: 936.585350, Link: 674.769852, Spread: 3.214371
Epoch 264/600, Total: 1609.763839, Node: 938.129880, Link: 671.601830, Spread: 3.211256
Epoch 265/600, Total: 1611.514611, Node: 940.527708, Link: 670.954518, Spread: 3.238688
Epoch 266/600, Total: 1622.757269, Node: 948.772569, Link: 673.951612, Spread: 3.308294
Epoch 267/600, Total: 1611.816023, Node: 934.592245, Link: 677.190636, Spread: 3.313208
Epoch 268/600, Total: 1618.252726, Node: 943.753253, Link: 674.466338, Spread: 3.312154
Epoch 269/600, Total: 1614.015266, Node: 940.527958, Link: 673.453722, Spread: 3.356952
Epoch 270/600, Total: 1610.738906, Node: 936.436845, Link: 674.268224, Spread: 3.384147
Epoch 271/600, Total: 1632.960743, Node: 954.127029, Link: 678.800333, Spread: 3.337325
Epoch 272/600, Total: 1627.990923, Node: 944.266882, Link: 683.690326, Spread: 3.372280
Epoch 273/600, Total: 1626.450365, Node: 949.730445, Link: 676.685914, Spread: 3.402051
Epoch 274/600, Total: 1634.017488, Node: 947.877637, Link: 686.105456, Spread: 3.438013
Epoch 275/600, Total: 1616.857870, Node: 940.925723, Link: 675.898380, Spread: 3.376468
Epoch 276/600, Total: 1626.069004, Node: 945.402197, Link: 680.632508, Spread: 3.431018
Epoch 277/600, Total: 1634.723619, Node: 945.118074, Link: 689.570879, Spread: 3.465281
Epoch 278/600, Total: 1609.773907, Node: 935.886627, Link: 673.852891, Spread: 3.438741
Epoch 279/600, Total: 1602.268062, Node: 932.604426, Link: 669.628660, Spread: 3.498502
Epoch 280/600, Total: 1626.564917, Node: 946.803053, Link: 679.725875, Spread: 3.597032
Epoch 281/600, Total: 1620.916398, Node: 940.746360, Link: 680.133824, Spread: 3.620877
Epoch 282/600, Total: 1637.229570, Node: 946.355654, Link: 690.836547, Spread: 3.735795
Epoch 283/600, Total: 1624.811583, Node: 944.642823, Link: 680.131287, Spread: 3.747310
Epoch 284/600, Total: 1607.436423, Node: 932.008108, Link: 675.391245, Spread: 3.709109
Epoch 285/600, Total: 1613.856540, Node: 939.507089, Link: 674.311931, Spread: 3.750713
Epoch 286/600, Total: 1615.055262, Node: 940.661141, Link: 674.356663, Spread: 3.746500
Epoch 287/600, Total: 1614.843248, Node: 938.374309, Link: 676.431124, Spread: 3.781039
Epoch 288/600, Total: 1612.772634, Node: 937.813527, Link: 674.921767, Spread: 3.735117
Epoch 289/600, Total: 1624.461548, Node: 946.768032, Link: 677.655941, Spread: 3.759913
Epoch 290/600, Total: 1617.670768, Node: 939.523866, Link: 678.108888, Spread: 3.802484
Epoch 291/600, Total: 1607.165270, Node: 933.443833, Link: 673.682857, Spread: 3.860050
Epoch 292/600, Total: 1608.851206, Node: 934.628008, Link: 674.184924, Spread: 3.828861
Epoch 293/600, Total: 1611.189747, Node: 933.504341, Link: 677.646915, Spread: 3.852179
Epoch 294/600, Total: 1609.244043, Node: 935.391034, Link: 673.814774, Spread: 3.825505
Epoch 295/600, Total: 1613.715144, Node: 933.331067, Link: 680.345023, Spread: 3.906822
Epoch 296/600, Total: 1607.671153, Node: 933.339407, Link: 674.292197, Spread: 3.952647
Epoch 297/600, Total: 1624.877057, Node: 941.852122, Link: 682.985082, Spread: 3.983471
Epoch 298/600, Total: 1609.714887, Node: 935.157837, Link: 674.516990, Spread: 4.003847
Epoch 299/600, Total: 1615.314240, Node: 937.183925, Link: 678.090625, Spread: 3.969866
Epoch 300/600, Total: 1605.038615, Node: 930.868378, Link: 674.131194, Spread: 3.904868
Epoch 301/600, Total: 1608.076707, Node: 936.240468, Link: 671.796613, Spread: 3.963790
Epoch 302/600, Total: 1624.350105, Node: 945.653492, Link: 678.657132, Spread: 3.946821
Epoch 303/600, Total: 1629.032616, Node: 949.110008, Link: 679.883162, Spread: 3.946093
Epoch 304/600, Total: 1603.719297, Node: 933.699376, Link: 669.980724, Spread: 3.920053
Epoch 305/600, Total: 1621.684480, Node: 944.612038, Link: 677.033122, Spread: 3.932185
Epoch 306/600, Total: 1607.299942, Node: 933.757168, Link: 673.503538, Spread: 3.924763
Epoch 307/600, Total: 1608.303141, Node: 932.129983, Link: 676.133854, Spread: 3.928656
Epoch 308/600, Total: 1627.088183, Node: 936.381821, Link: 690.666322, Spread: 4.005229
Epoch 309/600, Total: 1609.695310, Node: 938.402641, Link: 671.252745, Spread: 3.991492
Epoch 310/600, Total: 1618.911439, Node: 939.948246, Link: 678.923004, Spread: 4.018306
Epoch 311/600, Total: 1614.314701, Node: 938.719452, Link: 675.554861, Spread: 4.040134
Epoch 312/600, Total: 1601.934240, Node: 930.226882, Link: 671.666938, Spread: 4.040658
Epoch 313/600, Total: 1608.610975, Node: 934.601030, Link: 673.969012, Spread: 4.093714
Epoch 314/600, Total: 1649.442297, Node: 966.681964, Link: 682.716344, Spread: 4.398051
Epoch 315/600, Total: 1624.387261, Node: 947.932332, Link: 676.413792, Spread: 4.113006
Epoch 316/600, Total: 1621.611654, Node: 948.384060, Link: 673.185919, Spread: 4.166110
Epoch 317/600, Total: 1646.221979, Node: 948.396295, Link: 697.783330, Spread: 4.233415
Epoch 318/600, Total: 1637.987579, Node: 962.577839, Link: 675.365706, Spread: 4.403142
Epoch 319/600, Total: 1602.776895, Node: 931.536652, Link: 671.198436, Spread: 4.180068
Epoch 320/600, Total: 1626.075008, Node: 952.269456, Link: 673.761632, Spread: 4.391227
Epoch 321/600, Total: 1632.844791, Node: 951.372563, Link: 681.429935, Spread: 4.229670
Epoch 322/600, Total: 1610.367717, Node: 940.302286, Link: 670.022979, Spread: 4.243798
Epoch 323/600, Total: 1615.944036, Node: 935.495141, Link: 680.405868, Spread: 4.303078
Epoch 324/600, Total: 1632.777187, Node: 948.975877, Link: 683.758244, Spread: 4.303984
Epoch 325/600, Total: 1619.234961, Node: 947.197293, Link: 671.995356, Spread: 4.231592
Epoch 326/600, Total: 1628.920399, Node: 951.854013, Link: 677.023648, Spread: 4.274285
Epoch 327/600, Total: 1624.006118, Node: 948.349135, Link: 675.614162, Spread: 4.281671
Epoch 328/600, Total: 1629.563844, Node: 949.601793, Link: 679.918360, Spread: 4.368090
Epoch 329/600, Total: 1628.529204, Node: 953.738564, Link: 674.748319, Spread: 4.231297
Epoch 330/600, Total: 1606.465093, Node: 931.807282, Link: 674.615625, Spread: 4.218006
Epoch 331/600, Total: 1678.116476, Node: 959.035570, Link: 719.035082, Spread: 4.582400
Epoch 332/600, Total: 1613.759706, Node: 953.466212, Link: 660.248013, Spread: 4.549400
Epoch 333/600, Total: 1650.809445, Node: 975.606337, Link: 675.159672, Spread: 4.343082
Epoch 334/600, Total: 1618.304904, Node: 950.199079, Link: 668.063250, Spread: 4.256998
Epoch 335/600, Total: 1622.738352, Node: 954.112218, Link: 668.584293, Spread: 4.185089
Epoch 336/600, Total: 1657.007443, Node: 982.916284, Link: 674.048872, Spread: 4.228809
Epoch 337/600, Total: 1637.566811, Node: 960.895249, Link: 676.627528, Spread: 4.403871
Epoch 338/600, Total: 1627.211249, Node: 951.806103, Link: 675.363607, Spread: 4.155386
Epoch 339/600, Total: 1631.088556, Node: 963.410634, Link: 667.634505, Spread: 4.343388
Epoch 340/600, Total: 1627.805797, Node: 945.955714, Link: 681.809612, Spread: 4.048575
Epoch 341/600, Total: 1590.096485, Node: 931.353382, Link: 658.701380, Spread: 4.173731
Epoch 342/600, Total: 1613.634390, Node: 947.573691, Link: 666.018790, Spread: 4.189822
Epoch 343/600, Total: 1599.762218, Node: 943.158704, Link: 656.559515, Spread: 4.400431
Epoch 344/600, Total: 1629.200932, Node: 956.196661, Link: 672.965012, Spread: 3.929000
Epoch 345/600, Total: 1605.506113, Node: 945.376390, Link: 660.088542, Spread: 4.117464
Epoch 346/600, Total: 1634.758907, Node: 964.948954, Link: 669.768047, Spread: 4.189974
Epoch 347/600, Total: 1624.135748, Node: 942.304681, Link: 681.789380, Spread: 4.168070
Epoch 348/600, Total: 1600.409106, Node: 940.369896, Link: 659.998712, Spread: 4.051224
Epoch 349/600, Total: 1600.440256, Node: 937.758599, Link: 662.639210, Spread: 4.247049
Epoch 350/600, Total: 1590.892318, Node: 938.435949, Link: 652.413982, Spread: 4.235041
Epoch 351/600, Total: 1603.790257, Node: 941.879406, Link: 661.867751, Spread: 4.309120
Epoch 352/600, Total: 1576.662638, Node: 929.615554, Link: 647.004467, Spread: 4.258306
Epoch 353/600, Total: 1590.349645, Node: 936.849489, Link: 653.457197, Spread: 4.297834
Epoch 354/600, Total: 1611.341241, Node: 949.848032, Link: 661.450772, Spread: 4.242203
Epoch 355/600, Total: 1574.568909, Node: 930.249531, Link: 644.277652, Spread: 4.170171
Epoch 356/600, Total: 1574.276526, Node: 928.135945, Link: 646.097830, Spread: 4.278270
Epoch 357/600, Total: 1594.974787, Node: 938.871720, Link: 656.059290, Spread: 4.379263
Epoch 358/600, Total: 1566.515034, Node: 922.152318, Link: 644.320801, Spread: 4.192394
Epoch 359/600, Total: 1599.305858, Node: 933.728007, Link: 665.535655, Spread: 4.218245
Epoch 360/600, Total: 1587.955175, Node: 938.787746, Link: 649.124389, Spread: 4.302244
Epoch 361/600, Total: 1589.620203, Node: 940.355819, Link: 649.222384, Spread: 4.198663
Epoch 362/600, Total: 1586.083944, Node: 936.487471, Link: 649.554589, Spread: 4.186766
Epoch 363/600, Total: 1577.038096, Node: 928.785143, Link: 648.211228, Spread: 4.172653
Epoch 364/600, Total: 1554.063190, Node: 919.420655, Link: 634.599673, Spread: 4.283977
Epoch 365/600, Total: 1575.680037, Node: 927.583482, Link: 648.054540, Spread: 4.201559
Epoch 366/600, Total: 1574.812122, Node: 929.620695, Link: 645.149940, Spread: 4.147526
Epoch 367/600, Total: 1575.146043, Node: 928.366830, Link: 646.736940, Spread: 4.226338
Epoch 368/600, Total: 1595.014383, Node: 937.771576, Link: 657.200089, Spread: 4.272825
Epoch 369/600, Total: 1557.574525, Node: 919.577266, Link: 637.955232, Spread: 4.206406
Epoch 370/600, Total: 1559.015398, Node: 917.060409, Link: 641.913312, Spread: 4.167325
Epoch 371/600, Total: 1600.196186, Node: 940.186147, Link: 659.968160, Spread: 4.189119
Epoch 372/600, Total: 1570.863030, Node: 926.589385, Link: 644.232810, Spread: 4.083587
Epoch 373/600, Total: 1636.349524, Node: 940.144158, Link: 696.163808, Spread: 4.154361
Epoch 374/600, Total: 1578.044940, Node: 932.114856, Link: 645.886430, Spread: 4.365685
Epoch 375/600, Total: 1617.526690, Node: 937.193667, Link: 680.291711, Spread: 4.130104
Epoch 376/600, Total: 1571.739188, Node: 927.307901, Link: 644.388521, Spread: 4.276944
Epoch 377/600, Total: 1568.934587, Node: 924.426271, Link: 644.465556, Spread: 4.277510
Epoch 378/600, Total: 1567.313433, Node: 922.269181, Link: 645.002364, Spread: 4.191159
Epoch 379/600, Total: 1603.065042, Node: 941.265732, Link: 661.754738, Spread: 4.458551
Epoch 380/600, Total: 1575.879102, Node: 931.892637, Link: 643.944390, Spread: 4.207698
Epoch 381/600, Total: 1588.260350, Node: 937.953612, Link: 650.263972, Spread: 4.278075
Epoch 382/600, Total: 1578.540644, Node: 930.826454, Link: 647.670822, Spread: 4.337253
Epoch 383/600, Total: 1582.113049, Node: 933.153924, Link: 648.916300, Spread: 4.279211
Epoch 384/600, Total: 1565.416040, Node: 929.215531, Link: 636.157543, Spread: 4.296068
Epoch 385/600, Total: 1602.538086, Node: 947.658910, Link: 654.833888, Spread: 4.531528
Epoch 386/600, Total: 1560.399648, Node: 924.191192, Link: 636.167166, Spread: 4.130978
Epoch 387/600, Total: 1566.981966, Node: 927.178432, Link: 639.761504, Spread: 4.205599
Epoch 388/600, Total: 1583.729733, Node: 939.784131, Link: 643.903382, Spread: 4.218809
Epoch 389/600, Total: 1576.186538, Node: 928.618538, Link: 647.525507, Spread: 4.249088
Epoch 390/600, Total: 1640.539877, Node: 956.997494, Link: 683.496614, Spread: 4.575932
Epoch 391/600, Total: 1581.913723, Node: 931.433666, Link: 650.437036, Spread: 4.299948
Epoch 392/600, Total: 1584.426235, Node: 930.650973, Link: 653.732594, Spread: 4.268785
Epoch 393/600, Total: 1555.601492, Node: 919.485964, Link: 636.073607, Spread: 4.192373
Epoch 394/600, Total: 1557.196867, Node: 919.483709, Link: 637.671351, Spread: 4.179904
Epoch 395/600, Total: 1558.692778, Node: 920.567200, Link: 638.084105, Spread: 4.148042
Epoch 396/600, Total: 1566.430167, Node: 925.102344, Link: 641.286416, Spread: 4.139706
Epoch 397/600, Total: 1552.260148, Node: 920.767381, Link: 631.451312, Spread: 4.144228
Epoch 398/600, Total: 1605.511181, Node: 948.720433, Link: 656.746320, Spread: 4.440696
Epoch 399/600, Total: 1565.840845, Node: 923.938011, Link: 641.860856, Spread: 4.198705
Epoch 400/600, Total: 1574.180815, Node: 932.126618, Link: 642.012291, Spread: 4.191704
Epoch 401/600, Total: 1559.892577, Node: 919.434169, Link: 640.415168, Spread: 4.323715
Epoch 402/600, Total: 1596.642082, Node: 933.935459, Link: 662.663860, Spread: 4.275508
Epoch 403/600, Total: 1540.126277, Node: 918.668808, Link: 621.414701, Spread: 4.276990
Epoch 404/600, Total: 1560.764069, Node: 923.780558, Link: 636.940610, Spread: 4.290276
Epoch 405/600, Total: 1539.841714, Node: 911.956022, Link: 627.842464, Spread: 4.324501
Epoch 406/600, Total: 1581.476951, Node: 936.893380, Link: 644.540884, Spread: 4.272485
Epoch 407/600, Total: 1573.252868, Node: 932.974332, Link: 640.236480, Spread: 4.204705
Epoch 408/600, Total: 1560.797877, Node: 926.092310, Link: 634.663200, Spread: 4.237102
Epoch 409/600, Total: 1557.170895, Node: 919.265453, Link: 637.862538, Spread: 4.290143
Epoch 410/600, Total: 1590.096962, Node: 937.563360, Link: 652.491029, Spread: 4.257437
Epoch 411/600, Total: 1598.932795, Node: 942.474327, Link: 656.417364, Spread: 4.107506
Epoch 412/600, Total: 1554.598413, Node: 923.375150, Link: 631.180789, Spread: 4.247957
Epoch 413/600, Total: 1539.644794, Node: 910.793213, Link: 628.809743, Spread: 4.186220
Epoch 414/600, Total: 1553.007543, Node: 919.366744, Link: 633.597389, Spread: 4.342206
Epoch 415/600, Total: 1624.231594, Node: 967.642228, Link: 656.544643, Spread: 4.468930
Epoch 416/600, Total: 1618.766878, Node: 949.316588, Link: 669.408925, Spread: 4.137167
Epoch 417/600, Total: 1614.620501, Node: 954.645867, Link: 659.929232, Spread: 4.540664
Epoch 418/600, Total: 1589.591661, Node: 942.152255, Link: 647.397549, Spread: 4.188053
Epoch 419/600, Total: 1596.821623, Node: 947.797054, Link: 648.982731, Spread: 4.183721
Epoch 420/600, Total: 1636.109129, Node: 953.764377, Link: 682.303015, Spread: 4.174641
Epoch 421/600, Total: 1551.640524, Node: 914.905038, Link: 636.690974, Spread: 4.451361
Epoch 422/600, Total: 1604.735783, Node: 953.438972, Link: 651.253945, Spread: 4.288290
Epoch 423/600, Total: 1558.745851, Node: 919.101069, Link: 639.600011, Spread: 4.475984
Epoch 424/600, Total: 1547.540133, Node: 915.284955, Link: 632.209881, Spread: 4.530127
Epoch 425/600, Total: 1585.199041, Node: 933.840472, Link: 651.313376, Spread: 4.517704
Epoch 426/600, Total: 1577.668390, Node: 929.312774, Link: 648.308227, Spread: 4.737438
Epoch 427/600, Total: 1579.374151, Node: 919.678097, Link: 659.651759, Spread: 4.429900
Epoch 428/600, Total: 1574.566466, Node: 928.163839, Link: 646.358383, Spread: 4.423755
Epoch 429/600, Total: 1627.504732, Node: 955.024657, Link: 672.434638, Spread: 4.543013
Epoch 430/600, Total: 1618.362090, Node: 948.320746, Link: 669.995664, Spread: 4.566769
Epoch 431/600, Total: 1554.563767, Node: 920.477553, Link: 634.042892, Spread: 4.333403
Epoch 432/600, Total: 1589.094538, Node: 934.805073, Link: 654.244755, Spread: 4.471421
Epoch 433/600, Total: 1556.454263, Node: 923.680759, Link: 632.729607, Spread: 4.389780
Epoch 434/600, Total: 1548.662450, Node: 917.981014, Link: 630.638118, Spread: 4.332621
Epoch 435/600, Total: 1592.283340, Node: 939.924705, Link: 652.316200, Spread: 4.242421
Epoch 436/600, Total: 1558.146847, Node: 920.233850, Link: 637.868159, Spread: 4.486841
Epoch 437/600, Total: 1574.035740, Node: 930.725304, Link: 643.266484, Spread: 4.395376
Epoch 438/600, Total: 1615.445496, Node: 950.911359, Link: 664.488213, Spread: 4.590898
Epoch 439/600, Total: 1565.331047, Node: 923.868058, Link: 641.418453, Spread: 4.454765
Epoch 440/600, Total: 1542.848468, Node: 912.211503, Link: 630.594425, Spread: 4.254275
Epoch 441/600, Total: 1541.156553, Node: 915.359889, Link: 625.753885, Spread: 4.280836
Epoch 442/600, Total: 1574.673592, Node: 935.815607, Link: 638.816455, Spread: 4.152803
Epoch 443/600, Total: 1623.920630, Node: 966.896143, Link: 656.979480, Spread: 4.499465
Epoch 444/600, Total: 1648.379278, Node: 966.393977, Link: 681.941293, Spread: 4.398131
Epoch 445/600, Total: 1568.434605, Node: 934.421995, Link: 633.968732, Spread: 4.387172
Epoch 446/600, Total: 1604.003729, Node: 945.107668, Link: 658.849674, Spread: 4.639065
Epoch 447/600, Total: 1601.578264, Node: 939.816652, Link: 661.716138, Spread: 4.546906
Epoch 448/600, Total: 1550.054601, Node: 925.334927, Link: 624.674955, Spread: 4.471731
Epoch 449/600, Total: 1567.190999, Node: 924.838162, Link: 642.309053, Spread: 4.380458
Epoch 450/600, Total: 1599.377230, Node: 944.191368, Link: 655.139400, Spread: 4.643052
Epoch 451/600, Total: 1628.309750, Node: 956.168123, Link: 672.097553, Spread: 4.407935
Epoch 452/600, Total: 1559.717566, Node: 923.786113, Link: 635.888697, Spread: 4.276048
Epoch 453/600, Total: 1554.109800, Node: 921.293939, Link: 632.771534, Spread: 4.428501
Epoch 454/600, Total: 1582.229366, Node: 939.135998, Link: 643.048455, Spread: 4.492245
Epoch 455/600, Total: 1604.532313, Node: 941.091706, Link: 663.397074, Spread: 4.354338
Epoch 456/600, Total: 1539.670401, Node: 917.208145, Link: 622.418171, Spread: 4.406057
Epoch 457/600, Total: 1588.920175, Node: 939.564725, Link: 649.309745, Spread: 4.572886
Epoch 458/600, Total: 1579.023355, Node: 934.206360, Link: 644.770092, Spread: 4.688952
Epoch 459/600, Total: 1574.460297, Node: 932.379232, Link: 642.035950, Spread: 4.512857
Epoch 460/600, Total: 1586.129227, Node: 933.203276, Link: 652.879799, Spread: 4.614306
Epoch 461/600, Total: 1580.370095, Node: 939.963564, Link: 640.358984, Spread: 4.753627
Epoch 462/600, Total: 1589.986743, Node: 944.728307, Link: 645.208604, Spread: 4.982736
Epoch 463/600, Total: 1601.129498, Node: 951.941580, Link: 649.139944, Spread: 4.794103
Epoch 464/600, Total: 1576.945415, Node: 932.086235, Link: 644.811006, Spread: 4.818878
Epoch 465/600, Total: 1579.370288, Node: 939.036363, Link: 640.287117, Spread: 4.681692
Epoch 466/600, Total: 1552.564944, Node: 923.128042, Link: 629.391030, Spread: 4.589462
Epoch 467/600, Total: 1554.098492, Node: 924.912317, Link: 629.141093, Spread: 4.507307
Epoch 468/600, Total: 1606.436522, Node: 943.428144, Link: 662.963394, Spread: 4.499168
Epoch 469/600, Total: 1569.623970, Node: 930.673006, Link: 638.903141, Spread: 4.781013
Epoch 470/600, Total: 1560.346196, Node: 926.126216, Link: 634.174317, Spread: 4.566339
Epoch 471/600, Total: 1543.864943, Node: 921.019162, Link: 622.799396, Spread: 4.637886
Epoch 472/600, Total: 1603.563646, Node: 946.636555, Link: 656.881238, Spread: 4.585134
Epoch 473/600, Total: 1571.034961, Node: 928.609450, Link: 642.379964, Spread: 4.557424
Epoch 474/600, Total: 1640.138876, Node: 963.472627, Link: 676.621404, Spread: 4.482244
Epoch 475/600, Total: 1608.178311, Node: 948.425451, Link: 659.705618, Spread: 4.723739
Epoch 476/600, Total: 1630.492154, Node: 967.275121, Link: 663.171007, Spread: 4.602801
Epoch 477/600, Total: 1542.973237, Node: 918.588752, Link: 624.340413, Spread: 4.407673
Epoch 478/600, Total: 1572.547940, Node: 928.304633, Link: 644.198464, Spread: 4.482869
Epoch 479/600, Total: 1577.359630, Node: 936.765056, Link: 640.548455, Spread: 4.609676
Epoch 480/600, Total: 1566.813600, Node: 928.929508, Link: 637.838825, Spread: 4.528286
Epoch 481/600, Total: 1552.029892, Node: 926.420545, Link: 625.564634, Spread: 4.470796
Epoch 482/600, Total: 1569.204073, Node: 929.424302, Link: 639.735143, Spread: 4.464894
Epoch 483/600, Total: 1569.334562, Node: 932.714929, Link: 636.574134, Spread: 4.550922
Epoch 484/600, Total: 1557.191839, Node: 923.405666, Link: 633.741649, Spread: 4.451537
Epoch 485/600, Total: 1554.389631, Node: 921.546541, Link: 632.799593, Spread: 4.346740
Epoch 486/600, Total: 1611.292696, Node: 947.856107, Link: 663.394467, Spread: 4.215215
Epoch 487/600, Total: 1554.249952, Node: 921.119736, Link: 633.086900, Spread: 4.331200
Epoch 488/600, Total: 1545.369829, Node: 922.581143, Link: 622.745464, Spread: 4.322142
Epoch 489/600, Total: 1563.448264, Node: 932.525567, Link: 630.879637, Spread: 4.304506
Epoch 490/600, Total: 1598.813850, Node: 949.264927, Link: 649.505932, Spread: 4.297389
Epoch 491/600, Total: 1590.875723, Node: 932.072245, Link: 658.759272, Spread: 4.423598
Epoch 492/600, Total: 1550.955685, Node: 928.335330, Link: 622.576350, Spread: 4.401141
Epoch 493/600, Total: 1552.408931, Node: 928.745778, Link: 623.620458, Spread: 4.269444
Epoch 494/600, Total: 1589.129198, Node: 935.844622, Link: 653.242223, Spread: 4.233754
Epoch 495/600, Total: 1576.662676, Node: 938.053578, Link: 638.565973, Spread: 4.312505
Epoch 496/600, Total: 1556.946919, Node: 932.705463, Link: 624.197788, Spread: 4.366976
Epoch 497/600, Total: 1615.651660, Node: 957.438822, Link: 658.169786, Spread: 4.304989
Epoch 498/600, Total: 1570.349081, Node: 924.764944, Link: 645.540416, Spread: 4.374351
Epoch 499/600, Total: 1552.492325, Node: 921.934074, Link: 630.516136, Spread: 4.212789
Epoch 500/600, Total: 1590.268101, Node: 946.594846, Link: 643.629480, Spread: 4.380444
Epoch 501/600, Total: 1600.657356, Node: 947.564305, Link: 653.048928, Spread: 4.412851
Epoch 502/600, Total: 1543.278937, Node: 916.817061, Link: 626.420267, Spread: 4.159878
Epoch 503/600, Total: 1550.495629, Node: 928.088717, Link: 622.364709, Spread: 4.221351
Epoch 504/600, Total: 1599.193859, Node: 950.014550, Link: 649.138486, Spread: 4.084209
Epoch 505/600, Total: 1540.688328, Node: 920.755475, Link: 619.890403, Spread: 4.246700
Epoch 506/600, Total: 1540.573524, Node: 918.607704, Link: 621.922274, Spread: 4.351162
Epoch 507/600, Total: 1582.711420, Node: 940.020226, Link: 642.648662, Spread: 4.253553
Epoch 508/600, Total: 1547.290891, Node: 920.060897, Link: 627.188680, Spread: 4.133334
Epoch 509/600, Total: 1552.006185, Node: 928.492143, Link: 623.471004, Spread: 4.302887
Epoch 510/600, Total: 1570.150822, Node: 930.343724, Link: 639.766516, Spread: 4.056575
Epoch 511/600, Total: 1556.017622, Node: 928.149117, Link: 627.827721, Spread: 4.077220
Epoch 512/600, Total: 1546.953615, Node: 924.389219, Link: 622.523203, Spread: 4.118725
Epoch 513/600, Total: 1559.281696, Node: 928.731453, Link: 630.509329, Spread: 4.091775
Epoch 514/600, Total: 1584.148018, Node: 936.108492, Link: 647.999513, Spread: 4.001342
Epoch 515/600, Total: 1580.498846, Node: 943.369677, Link: 637.086976, Spread: 4.217529
Epoch 516/600, Total: 1555.256051, Node: 927.938409, Link: 627.277230, Spread: 4.038720
Epoch 517/600, Total: 1550.396038, Node: 925.341151, Link: 625.014993, Spread: 3.991896
Epoch 518/600, Total: 1521.536492, Node: 912.393189, Link: 609.103507, Spread: 3.979936
Epoch 519/600, Total: 1598.507090, Node: 953.816666, Link: 644.649291, Spread: 4.113923
Epoch 520/600, Total: 1541.716846, Node: 919.843763, Link: 621.833805, Spread: 3.929195
Epoch 521/600, Total: 1545.095831, Node: 921.777315, Link: 623.277700, Spread: 4.080608
Epoch 522/600, Total: 1589.521033, Node: 948.988230, Link: 640.493291, Spread: 3.949478
Epoch 523/600, Total: 1554.075676, Node: 927.680209, Link: 626.356178, Spread: 3.930420
Epoch 524/600, Total: 1537.899709, Node: 919.149343, Link: 618.710972, Spread: 3.938301
Epoch 525/600, Total: 1590.409286, Node: 947.307954, Link: 643.060318, Spread: 4.102602
Epoch 526/600, Total: 1576.966696, Node: 940.518636, Link: 636.408122, Spread: 3.993419
Epoch 527/600, Total: 1539.920393, Node: 914.453217, Link: 625.426897, Spread: 4.027103
Epoch 528/600, Total: 1555.432266, Node: 929.287632, Link: 626.103453, Spread: 4.117209
Epoch 529/600, Total: 1592.635529, Node: 945.102634, Link: 647.492420, Spread: 4.048320
Epoch 530/600, Total: 1522.657045, Node: 910.498307, Link: 612.120340, Spread: 3.839083
Epoch 531/600, Total: 1571.175871, Node: 934.838151, Link: 636.297370, Spread: 4.032439
Epoch 532/600, Total: 1588.304470, Node: 937.362140, Link: 650.902216, Spread: 4.011037
Epoch 533/600, Total: 1552.409601, Node: 926.304143, Link: 626.065825, Spread: 3.961646
Epoch 534/600, Total: 1541.219281, Node: 920.935674, Link: 620.244951, Spread: 3.867187
Epoch 535/600, Total: 1579.717562, Node: 938.078723, Link: 641.598715, Spread: 4.009828
Epoch 536/600, Total: 1545.789726, Node: 924.370663, Link: 621.378998, Spread: 4.004540
Epoch 537/600, Total: 1568.871768, Node: 935.781046, Link: 633.051226, Spread: 3.949393
Epoch 538/600, Total: 1584.317989, Node: 941.653081, Link: 642.624458, Spread: 4.043395
Epoch 539/600, Total: 1555.506945, Node: 926.224273, Link: 629.240590, Spread: 4.206957
Epoch 540/600, Total: 1586.300334, Node: 940.730537, Link: 645.528397, Spread: 4.140671
Epoch 541/600, Total: 1602.077695, Node: 931.815608, Link: 670.218525, Spread: 4.356314
Epoch 542/600, Total: 1593.912622, Node: 932.846525, Link: 661.019081, Spread: 4.701261
Epoch 543/600, Total: 1601.898956, Node: 949.139411, Link: 652.710043, Spread: 4.951627
Epoch 544/600, Total: 1604.332450, Node: 944.052930, Link: 660.230945, Spread: 4.859728
Epoch 545/600, Total: 1613.326395, Node: 954.620464, Link: 658.658267, Spread: 4.767363
Epoch 546/600, Total: 1598.619465, Node: 952.901065, Link: 645.669378, Spread: 4.902696
Epoch 547/600, Total: 1606.620443, Node: 952.083052, Link: 654.488767, Spread: 4.862653
Epoch 548/600, Total: 1593.607029, Node: 946.587129, Link: 646.968851, Spread: 5.104953
Epoch 549/600, Total: 1568.595213, Node: 930.189502, Link: 638.357588, Spread: 4.814203
Epoch 550/600, Total: 1584.555778, Node: 940.254778, Link: 644.249767, Spread: 5.122115
Epoch 551/600, Total: 1601.826181, Node: 947.799759, Link: 653.974351, Spread: 5.205233
Epoch 552/600, Total: 1576.992181, Node: 937.385738, Link: 639.556092, Spread: 5.035407
Epoch 553/600, Total: 1595.703929, Node: 946.892511, Link: 648.761555, Spread: 4.987075
Epoch 554/600, Total: 1591.236348, Node: 943.889682, Link: 647.294521, Spread: 5.210160
Epoch 555/600, Total: 1575.609964, Node: 941.609516, Link: 633.948102, Spread: 5.237482
Epoch 556/600, Total: 1592.227319, Node: 941.267062, Link: 650.907714, Spread: 5.254556
Epoch 557/600, Total: 1588.208252, Node: 941.917643, Link: 646.237622, Spread: 5.301241
Epoch 558/600, Total: 1582.038665, Node: 941.562666, Link: 640.422611, Spread: 5.337924
Epoch 559/600, Total: 1572.992396, Node: 941.778934, Link: 631.158543, Spread: 5.490127
Epoch 560/600, Total: 1604.125851, Node: 952.258130, Link: 651.814914, Spread: 5.279823
Epoch 561/600, Total: 1619.413548, Node: 958.876606, Link: 660.483973, Spread: 5.298750
Epoch 562/600, Total: 1608.275812, Node: 953.000117, Link: 655.223496, Spread: 5.219975
Epoch 563/600, Total: 1605.695778, Node: 954.477571, Link: 651.165225, Spread: 5.300372
Epoch 564/600, Total: 1581.642896, Node: 944.186626, Link: 637.400796, Spread: 5.547843
Epoch 565/600, Total: 1576.565972, Node: 937.025665, Link: 639.485069, Spread: 5.524531
Epoch 566/600, Total: 1597.834604, Node: 956.374475, Link: 641.406603, Spread: 5.353421
Epoch 567/600, Total: 1568.339976, Node: 934.423120, Link: 633.861952, Spread: 5.490693
Epoch 568/600, Total: 1587.597075, Node: 941.507530, Link: 646.034859, Spread: 5.469127
Epoch 569/600, Total: 1585.359035, Node: 937.458570, Link: 647.844894, Spread: 5.557304
Epoch 570/600, Total: 1580.495980, Node: 930.637318, Link: 649.803548, Spread: 5.510174
Epoch 571/600, Total: 1561.606569, Node: 930.767895, Link: 630.780121, Spread: 5.854169
Epoch 572/600, Total: 1579.902601, Node: 941.560435, Link: 638.286413, Spread: 5.575005
Epoch 573/600, Total: 1608.399159, Node: 955.625791, Link: 652.716150, Spread: 5.721245
Epoch 574/600, Total: 1599.121332, Node: 947.921815, Link: 651.144963, Spread: 5.455638
Epoch 575/600, Total: 1590.679070, Node: 943.645260, Link: 646.976704, Spread: 5.710497
Epoch 576/600, Total: 1644.540400, Node: 976.696890, Link: 667.790039, Spread: 5.344938
Epoch 577/600, Total: 1602.526300, Node: 953.255902, Link: 649.215609, Spread: 5.478611
Epoch 578/600, Total: 1589.821132, Node: 953.923277, Link: 635.840478, Spread: 5.737083
Epoch 579/600, Total: 1597.655141, Node: 949.834962, Link: 647.766574, Spread: 5.361279
Epoch 580/600, Total: 1606.062404, Node: 962.980417, Link: 643.026191, Spread: 5.577776
Epoch 581/600, Total: 1569.457833, Node: 932.430402, Link: 636.971798, Spread: 5.561504
Epoch 582/600, Total: 1634.480080, Node: 967.602928, Link: 666.824366, Spread: 5.278671
Epoch 583/600, Total: 1589.767962, Node: 952.994477, Link: 636.715318, Spread: 5.814610
Epoch 584/600, Total: 1571.288470, Node: 934.304526, Link: 636.927136, Spread: 5.679563
Epoch 585/600, Total: 1577.523947, Node: 942.954688, Link: 634.512747, Spread: 5.653242
Epoch 586/600, Total: 1573.538935, Node: 943.277978, Link: 630.203763, Spread: 5.717577
Epoch 587/600, Total: 1579.908597, Node: 944.878138, Link: 634.972318, Spread: 5.817178
Epoch 588/600, Total: 1574.533504, Node: 938.262019, Link: 636.212881, Spread: 5.864222
Epoch 589/600, Total: 1581.132900, Node: 938.340810, Link: 642.735016, Spread: 5.706925
Epoch 590/600, Total: 1585.133078, Node: 949.743616, Link: 635.331727, Spread: 5.773922
Epoch 591/600, Total: 1560.603444, Node: 928.197610, Link: 632.349011, Spread: 5.684936
Epoch 592/600, Total: 1587.604263, Node: 949.867278, Link: 637.679279, Spread: 5.771201
Epoch 593/600, Total: 1564.066333, Node: 926.295830, Link: 637.715037, Spread: 5.546336
Epoch 594/600, Total: 1568.595220, Node: 929.599979, Link: 638.938135, Spread: 5.710513
Epoch 595/600, Total: 1598.283722, Node: 946.456207, Link: 651.770693, Spread: 5.681451
Epoch 596/600, Total: 1583.985981, Node: 952.637447, Link: 631.288348, Spread: 6.019486
Epoch 597/600, Total: 1570.705038, Node: 941.356045, Link: 629.289251, Spread: 5.971879
Epoch 598/600, Total: 1581.332716, Node: 939.835957, Link: 641.439010, Spread: 5.775874
Epoch 599/600, Total: 1562.601264, Node: 933.617448, Link: 628.924230, Spread: 5.958406
Epoch 600/600, Total: 1575.645450, Node: 937.694146, Link: 637.892326, Spread: 5.898149
Saved sweep result to: /homes/dameyer/ml-for-wdn-project-4/results/aggregated/gnn_training_sweep/net1_buffer=10_rollout=20_seed=42.json
Table value: 937.694146
