================================
GNN training sweep
Job ID: 242698
Task ID: 27
Buffer size: 20
Rollout length: 15
================================
Running GNN sweep: dataset=Net1, buffer=20, rollout=15
Epoch 1/600, Total: 3414.190434, Node: 1563.714553, Link: 1849.620252, Spread: 85.565917
Epoch 2/600, Total: 2004.379124, Node: 1258.365572, Link: 744.962924, Spread: 105.063085
Epoch 3/600, Total: 1964.595387, Node: 1222.596429, Link: 740.955368, Spread: 104.358503
Epoch 4/600, Total: 1946.103596, Node: 1203.966191, Link: 741.131986, Spread: 100.542876
Epoch 5/600, Total: 1907.730331, Node: 1173.442184, Link: 733.317317, Spread: 97.080698
Epoch 6/600, Total: 1882.120402, Node: 1147.835769, Link: 733.342746, Spread: 94.189995
Epoch 7/600, Total: 1850.090808, Node: 1124.550894, Link: 724.630026, Spread: 90.988315
Epoch 8/600, Total: 1852.641709, Node: 1122.044157, Link: 729.733861, Spread: 86.368950
Epoch 9/600, Total: 1817.549788, Node: 1095.958253, Link: 720.754442, Spread: 83.710661
Epoch 10/600, Total: 1795.479853, Node: 1075.802333, Link: 718.882475, Spread: 79.503767
Epoch 11/600, Total: 1790.949046, Node: 1074.437935, Link: 715.751201, Spread: 75.990921
Epoch 12/600, Total: 1765.018277, Node: 1052.167271, Link: 712.123436, Spread: 72.755839
Epoch 13/600, Total: 1760.137195, Node: 1053.482255, Link: 705.959450, Spread: 69.549921
Epoch 14/600, Total: 1763.216780, Node: 1060.678295, Link: 701.865892, Spread: 67.259647
Epoch 15/600, Total: 1738.378839, Node: 1033.319643, Link: 704.420650, Spread: 63.852963
Epoch 16/600, Total: 1741.344304, Node: 1036.779856, Link: 703.965275, Spread: 59.918605
Epoch 17/600, Total: 1727.451310, Node: 1026.971018, Link: 699.914558, Spread: 56.574883
Epoch 18/600, Total: 1723.876530, Node: 1033.579132, Link: 689.761286, Spread: 53.609899
Epoch 19/600, Total: 1732.573515, Node: 1043.283675, Link: 688.779620, Spread: 51.021036
Epoch 20/600, Total: 1719.896618, Node: 1034.872873, Link: 684.528322, Spread: 49.542748
Epoch 21/600, Total: 1716.580613, Node: 1031.346215, Link: 684.766381, Spread: 46.801541
Epoch 22/600, Total: 1708.192094, Node: 1029.014236, Link: 678.729927, Spread: 44.792734
Epoch 23/600, Total: 1719.347442, Node: 1042.333991, Link: 676.584286, Spread: 42.917430
Epoch 24/600, Total: 1690.994289, Node: 1015.543882, Link: 675.041912, Spread: 40.849025
Epoch 25/600, Total: 1697.615305, Node: 1025.369073, Link: 671.855101, Spread: 39.114601
Epoch 26/600, Total: 1691.611320, Node: 1021.717947, Link: 669.516351, Spread: 37.703825
Epoch 27/600, Total: 1703.351372, Node: 1033.025455, Link: 669.967562, Spread: 35.834826
Epoch 28/600, Total: 1690.921557, Node: 1021.601455, Link: 668.973872, Spread: 34.625270
Epoch 29/600, Total: 1745.023199, Node: 1058.463955, Link: 686.228750, Spread: 33.049743
Epoch 30/600, Total: 1679.829001, Node: 1015.796235, Link: 663.723565, Spread: 30.917843
Epoch 31/600, Total: 1651.273385, Node: 996.922078, Link: 654.053571, Spread: 29.773367
Epoch 32/600, Total: 1698.587004, Node: 1024.766921, Link: 673.541237, Spread: 27.884044
Epoch 33/600, Total: 1685.941058, Node: 1025.468393, Link: 660.195426, Spread: 27.724682
Epoch 34/600, Total: 1669.385993, Node: 1010.326279, Link: 658.798484, Spread: 26.123530
Epoch 35/600, Total: 1656.742497, Node: 1000.448157, Link: 656.038962, Spread: 25.536885
Epoch 36/600, Total: 1699.489504, Node: 1027.462750, Link: 671.788182, Spread: 23.856290
Epoch 37/600, Total: 1685.915369, Node: 1022.273345, Link: 663.408291, Spread: 23.374016
Epoch 38/600, Total: 1643.576211, Node: 998.484121, Link: 644.867661, Spread: 22.439886
Epoch 39/600, Total: 1653.538879, Node: 1001.505386, Link: 651.817779, Spread: 21.572292
Epoch 40/600, Total: 1703.411014, Node: 1037.016827, Link: 666.182782, Spread: 21.140549
Epoch 41/600, Total: 1651.106250, Node: 1004.313753, Link: 646.588677, Spread: 20.381439
Epoch 42/600, Total: 1695.974580, Node: 1024.318530, Link: 671.463833, Spread: 19.221127
Epoch 43/600, Total: 1646.816686, Node: 999.354818, Link: 647.277835, Spread: 18.402458
Epoch 44/600, Total: 1674.517409, Node: 1021.895364, Link: 652.441935, Spread: 18.012348
Epoch 45/600, Total: 1612.240918, Node: 976.915483, Link: 635.155987, Spread: 16.947214
Epoch 46/600, Total: 1632.652005, Node: 983.924288, Link: 648.569045, Spread: 15.868059
Epoch 47/600, Total: 1635.950485, Node: 991.366157, Link: 644.430202, Spread: 15.412673
Epoch 48/600, Total: 1662.157866, Node: 1015.204520, Link: 646.803612, Spread: 14.975064
Epoch 49/600, Total: 1656.093710, Node: 1004.872936, Link: 651.079784, Spread: 14.100530
Epoch 50/600, Total: 1623.368502, Node: 981.382958, Link: 641.847584, Spread: 13.796616
Epoch 51/600, Total: 1667.646885, Node: 1014.611665, Link: 652.901726, Spread: 13.349922
Epoch 52/600, Total: 1660.210215, Node: 1011.895478, Link: 648.183959, Spread: 13.080452
Epoch 53/600, Total: 1630.701057, Node: 988.018544, Link: 642.557009, Spread: 12.550075
Epoch 54/600, Total: 1630.495816, Node: 989.391063, Link: 640.982209, Spread: 12.253490
Epoch 55/600, Total: 1624.925171, Node: 981.962478, Link: 642.848919, Spread: 11.378227
Epoch 56/600, Total: 1635.569011, Node: 997.436727, Link: 638.020401, Spread: 11.185976
Epoch 57/600, Total: 1629.584179, Node: 982.920809, Link: 646.557777, Spread: 10.560116
Epoch 58/600, Total: 1612.026031, Node: 976.343467, Link: 635.579347, Spread: 10.319862
Epoch 59/600, Total: 1623.154444, Node: 984.071200, Link: 638.985608, Spread: 9.765923
Epoch 60/600, Total: 1623.767757, Node: 981.486225, Link: 642.186219, Spread: 9.530339
Epoch 61/600, Total: 1655.538677, Node: 1006.166594, Link: 649.276905, Spread: 9.517911
Epoch 62/600, Total: 1581.545232, Node: 964.121247, Link: 617.333693, Spread: 9.028955
Epoch 63/600, Total: 1592.304050, Node: 976.372163, Link: 615.844145, Spread: 8.774557
Epoch 64/600, Total: 1599.775793, Node: 977.759637, Link: 621.930552, Spread: 8.560135
Epoch 65/600, Total: 1610.500968, Node: 974.892015, Link: 635.524606, Spread: 8.433426
Epoch 66/600, Total: 1586.371432, Node: 965.901071, Link: 620.387574, Spread: 8.281280
Epoch 67/600, Total: 1626.230727, Node: 986.880386, Link: 639.270951, Spread: 7.939366
Epoch 68/600, Total: 1618.034872, Node: 991.769814, Link: 626.188853, Spread: 7.619304
Epoch 69/600, Total: 1627.418640, Node: 996.885818, Link: 630.457044, Spread: 7.577568
Epoch 70/600, Total: 1649.170117, Node: 1004.488621, Link: 644.608440, Spread: 7.306672
Epoch 71/600, Total: 1862.328094, Node: 1118.008470, Link: 744.265448, Spread: 5.417467
Epoch 72/600, Total: 1789.022303, Node: 1072.379164, Link: 716.596099, Spread: 4.705228
Epoch 73/600, Total: 1771.027774, Node: 1053.099636, Link: 717.882969, Spread: 4.518147
Epoch 74/600, Total: 1759.517926, Node: 1033.403614, Link: 726.072646, Spread: 4.167603
Epoch 75/600, Total: 1781.270959, Node: 1052.645037, Link: 728.584868, Spread: 4.104830
Epoch 76/600, Total: 1765.520591, Node: 1037.164916, Link: 728.313647, Spread: 4.201181
Epoch 77/600, Total: 1750.842240, Node: 1026.016602, Link: 724.787437, Spread: 3.821739
Epoch 78/600, Total: 1758.662934, Node: 1026.863152, Link: 731.763223, Spread: 3.658796
Epoch 79/600, Total: 1752.885040, Node: 1025.461672, Link: 727.388687, Spread: 3.469153
Epoch 80/600, Total: 1749.981353, Node: 1022.486087, Link: 727.461765, Spread: 3.350461
Epoch 81/600, Total: 1744.501414, Node: 1022.501683, Link: 721.967665, Spread: 3.206659
Epoch 82/600, Total: 1750.238529, Node: 1022.005871, Link: 728.201523, Spread: 3.112953
Epoch 83/600, Total: 1745.700341, Node: 1018.435710, Link: 727.234505, Spread: 3.014894
Epoch 84/600, Total: 1738.368093, Node: 1017.399436, Link: 720.939582, Spread: 2.906274
Epoch 85/600, Total: 1735.724515, Node: 1017.591817, Link: 718.104745, Spread: 2.795570
Epoch 86/600, Total: 1743.537831, Node: 1019.465232, Link: 724.044990, Spread: 2.759052
Epoch 87/600, Total: 1741.420715, Node: 1018.588420, Link: 722.805488, Spread: 2.680723
Epoch 88/600, Total: 1738.977324, Node: 1017.848899, Link: 721.102295, Spread: 2.612955
Epoch 89/600, Total: 1737.626911, Node: 1018.092489, Link: 719.508881, Spread: 2.552074
Epoch 90/600, Total: 1731.706465, Node: 1017.544460, Link: 714.137451, Spread: 2.455278
Epoch 91/600, Total: 1736.830930, Node: 1018.207252, Link: 718.599380, Spread: 2.431519
Epoch 92/600, Total: 1735.341033, Node: 1018.242838, Link: 717.074415, Spread: 2.378814
Epoch 93/600, Total: 1733.488416, Node: 1017.723374, Link: 715.741585, Spread: 2.345386
Epoch 94/600, Total: 1731.731908, Node: 1017.382141, Link: 714.326721, Spread: 2.305674
Epoch 95/600, Total: 1732.069750, Node: 1017.370090, Link: 714.676879, Spread: 2.276232
Epoch 96/600, Total: 1731.319052, Node: 1017.275422, Link: 714.021425, Spread: 2.220361
Epoch 97/600, Total: 1748.508406, Node: 1017.709775, Link: 730.777263, Spread: 2.137489
Epoch 98/600, Total: 1752.697502, Node: 1018.492995, Link: 734.183639, Spread: 2.088243
Epoch 99/600, Total: 1743.734337, Node: 1015.168658, Link: 728.545229, Spread: 2.042785
Epoch 100/600, Total: 1745.622996, Node: 1017.003720, Link: 728.598963, Spread: 2.029840
Epoch 101/600, Total: 1746.565720, Node: 1017.362718, Link: 729.182932, Spread: 2.006372
Epoch 102/600, Total: 1747.147988, Node: 1017.303269, Link: 729.824809, Spread: 1.991229
Epoch 103/600, Total: 1748.040133, Node: 1017.591826, Link: 730.428633, Spread: 1.968451
Epoch 104/600, Total: 1750.136203, Node: 1017.412024, Link: 732.704827, Spread: 1.933809
Epoch 105/600, Total: 1742.035933, Node: 1014.255445, Link: 727.761480, Spread: 1.902820
Epoch 106/600, Total: 1744.623159, Node: 1016.087083, Link: 728.517109, Spread: 1.895428
Epoch 107/600, Total: 1747.996405, Node: 1017.126085, Link: 730.851494, Spread: 1.881764
Epoch 108/600, Total: 1743.294160, Node: 1014.499387, Link: 728.776234, Spread: 1.853400
Epoch 109/600, Total: 1797.493115, Node: 1075.862684, Link: 721.612684, Spread: 1.775193
Epoch 110/600, Total: 1741.123327, Node: 1023.677831, Link: 717.427559, Spread: 1.792854
Epoch 111/600, Total: 1756.404429, Node: 1027.203228, Link: 729.182488, Spread: 1.870361
Epoch 112/600, Total: 1766.643065, Node: 1040.654682, Link: 725.969208, Spread: 1.918639
Epoch 113/600, Total: 1758.508545, Node: 1031.501313, Link: 726.988048, Spread: 1.918426
Epoch 114/600, Total: 1762.398229, Node: 1039.203843, Link: 723.175121, Spread: 1.929385
Epoch 115/600, Total: 1748.723926, Node: 1022.772834, Link: 725.932485, Spread: 1.859732
Epoch 116/600, Total: 1756.407916, Node: 1032.781294, Link: 723.607463, Spread: 1.916398
Epoch 117/600, Total: 1771.152691, Node: 1043.023532, Link: 728.110148, Spread: 1.899859
Epoch 118/600, Total: 1764.660469, Node: 1033.319140, Link: 731.322056, Spread: 1.927314
Epoch 119/600, Total: 1760.318693, Node: 1031.771429, Link: 728.528073, Spread: 1.917242
Epoch 120/600, Total: 1769.668316, Node: 1035.600135, Link: 734.049094, Spread: 1.906809
Epoch 121/600, Total: 1767.441544, Node: 1041.847796, Link: 725.574976, Spread: 1.875159
Epoch 122/600, Total: 1758.109163, Node: 1031.032735, Link: 727.057419, Spread: 1.900541
Epoch 123/600, Total: 1767.516665, Node: 1039.988888, Link: 727.509014, Spread: 1.877960
Epoch 124/600, Total: 1767.965073, Node: 1035.622924, Link: 732.323275, Spread: 1.882252
Epoch 125/600, Total: 1768.518421, Node: 1036.298029, Link: 732.201666, Spread: 1.872462
Epoch 126/600, Total: 1767.517211, Node: 1033.335788, Link: 734.162678, Spread: 1.875576
Epoch 127/600, Total: 1760.177016, Node: 1032.107381, Link: 728.050879, Spread: 1.875279
Epoch 128/600, Total: 1769.940277, Node: 1037.498881, Link: 732.422713, Spread: 1.867600
Epoch 129/600, Total: 1759.340158, Node: 1031.278852, Link: 728.042797, Spread: 1.852255
Epoch 130/600, Total: 1762.700634, Node: 1032.450802, Link: 730.231445, Spread: 1.839949
Epoch 131/600, Total: 1755.181264, Node: 1029.287309, Link: 725.875652, Spread: 1.830880
Epoch 132/600, Total: 1765.010694, Node: 1035.284344, Link: 729.708031, Spread: 1.833515
Epoch 133/600, Total: 1759.650459, Node: 1031.233053, Link: 728.399227, Spread: 1.815954
Epoch 134/600, Total: 1759.947747, Node: 1031.021231, Link: 728.908444, Spread: 1.805411
Epoch 135/600, Total: 1760.997488, Node: 1031.473636, Link: 729.505893, Spread: 1.796187
Epoch 136/600, Total: 1759.730382, Node: 1030.929363, Link: 728.783136, Spread: 1.787129
Epoch 137/600, Total: 1762.138867, Node: 1031.951319, Link: 730.169759, Spread: 1.779975
Epoch 138/600, Total: 1760.378325, Node: 1031.246104, Link: 729.114523, Spread: 1.771272
Epoch 139/600, Total: 1761.455598, Node: 1031.645135, Link: 729.792815, Spread: 1.764471
Epoch 140/600, Total: 1761.393953, Node: 1031.626191, Link: 729.750181, Spread: 1.757349
Epoch 141/600, Total: 1761.902277, Node: 1031.814095, Link: 730.070673, Spread: 1.750857
Epoch 142/600, Total: 1762.426620, Node: 1032.009626, Link: 730.399571, Spread: 1.744666
Epoch 143/600, Total: 1763.088302, Node: 1032.248589, Link: 730.822313, Spread: 1.738901
Epoch 144/600, Total: 1763.861713, Node: 1032.521138, Link: 731.323249, Spread: 1.733641
Epoch 145/600, Total: 1764.617667, Node: 1032.779744, Link: 731.820600, Spread: 1.728923
Epoch 146/600, Total: 1765.079128, Node: 1032.924357, Link: 732.137499, Spread: 1.724599
Epoch 147/600, Total: 1765.165713, Node: 1032.932036, Link: 732.216453, Spread: 1.720425
Epoch 148/600, Total: 1765.165330, Node: 1032.912929, Link: 732.235229, Spread: 1.716331
Epoch 149/600, Total: 1765.111159, Node: 1032.875715, Link: 732.218321, Spread: 1.712282
Epoch 150/600, Total: 1765.028478, Node: 1032.831066, Link: 732.180345, Spread: 1.708269
Epoch 151/600, Total: 1764.917112, Node: 1032.778156, Link: 732.121922, Spread: 1.704280
Epoch 152/600, Total: 1764.800117, Node: 1032.725510, Link: 732.057586, Spread: 1.700316
Epoch 153/600, Total: 1764.657740, Node: 1032.665193, Link: 731.975591, Spread: 1.696368
Epoch 154/600, Total: 1764.532813, Node: 1032.613184, Link: 731.902703, Spread: 1.692447
Epoch 155/600, Total: 1764.358439, Node: 1032.543897, Link: 731.797644, Spread: 1.688532
Epoch 156/600, Total: 1764.264215, Node: 1032.506255, Link: 731.741108, Spread: 1.684655
Epoch 157/600, Total: 1752.378948, Node: 1027.016326, Link: 725.346013, Spread: 1.659429
Epoch 158/600, Total: 1763.999854, Node: 1035.900509, Link: 728.082655, Spread: 1.667696
Epoch 159/600, Total: 1757.914925, Node: 1031.055914, Link: 726.842306, Spread: 1.669614
Epoch 160/600, Total: 1764.565587, Node: 1032.293166, Link: 732.255776, Spread: 1.665344
Epoch 161/600, Total: 1759.630491, Node: 1031.015411, Link: 728.598446, Spread: 1.663301
Epoch 162/600, Total: 1766.369324, Node: 1033.426997, Link: 732.925716, Spread: 1.661662
Epoch 163/600, Total: 1760.051785, Node: 1031.828770, Link: 728.206433, Spread: 1.659751
Epoch 164/600, Total: 1765.110251, Node: 1034.344728, Link: 730.749005, Spread: 1.654717
Epoch 165/600, Total: 1761.302286, Node: 1033.936523, Link: 727.349207, Spread: 1.657274
Epoch 166/600, Total: 1757.285058, Node: 1030.089618, Link: 727.178932, Spread: 1.650197
Epoch 167/600, Total: 1793.938012, Node: 1068.839467, Link: 725.082359, Spread: 1.616481
Epoch 168/600, Total: 1751.787535, Node: 1027.460993, Link: 724.310386, Spread: 1.615070
Epoch 169/600, Total: 1762.299958, Node: 1031.286906, Link: 730.996833, Spread: 1.622822
Epoch 170/600, Total: 1763.398947, Node: 1032.049235, Link: 731.333462, Spread: 1.626132
Epoch 171/600, Total: 1762.438190, Node: 1031.729219, Link: 730.692727, Spread: 1.625147
Epoch 172/600, Total: 1763.956917, Node: 1032.314918, Link: 731.625764, Spread: 1.623642
Epoch 173/600, Total: 1761.210151, Node: 1031.276792, Link: 729.917186, Spread: 1.620825
Epoch 174/600, Total: 1764.613297, Node: 1032.651456, Link: 731.945750, Spread: 1.608741
Epoch 175/600, Total: 1759.019069, Node: 1034.710852, Link: 724.292324, Spread: 1.590989
Epoch 176/600, Total: 1765.082548, Node: 1038.063137, Link: 727.003209, Spread: 1.619095
Epoch 177/600, Total: 1755.747350, Node: 1029.534730, Link: 726.196527, Spread: 1.610599
Epoch 178/600, Total: 1764.765278, Node: 1032.712684, Link: 732.036469, Spread: 1.613737
Epoch 179/600, Total: 1759.669746, Node: 1030.779032, Link: 728.874613, Spread: 1.610560
Epoch 180/600, Total: 1766.415414, Node: 1039.097125, Link: 727.302242, Spread: 1.604847
Epoch 181/600, Total: 1754.335545, Node: 1036.250735, Link: 718.069085, Spread: 1.568416
Epoch 182/600, Total: 1760.330257, Node: 1036.615538, Link: 723.698514, Spread: 1.621615
Epoch 183/600, Total: 1758.572607, Node: 1034.078792, Link: 724.477696, Spread: 1.612163
Epoch 184/600, Total: 1762.824620, Node: 1032.089909, Link: 730.718471, Spread: 1.625289
Epoch 185/600, Total: 1763.155958, Node: 1032.253059, Link: 730.886596, Spread: 1.629352
Epoch 186/600, Total: 1765.650606, Node: 1033.179211, Link: 732.455018, Spread: 1.635119
Epoch 187/600, Total: 1759.568336, Node: 1030.951595, Link: 728.600356, Spread: 1.637221
Epoch 188/600, Total: 1765.552019, Node: 1033.292664, Link: 732.242932, Spread: 1.641977
Epoch 189/600, Total: 1753.844281, Node: 1024.789186, Link: 729.038843, Spread: 1.624072
Epoch 190/600, Total: 1721.521326, Node: 1002.130651, Link: 719.374984, Spread: 1.568807
Epoch 191/600, Total: 1738.812243, Node: 1012.216532, Link: 726.580230, Spread: 1.545091
Epoch 192/600, Total: 1757.050042, Node: 1032.984155, Link: 724.049528, Spread: 1.638053
Epoch 193/600, Total: 1761.147237, Node: 1031.229777, Link: 729.901028, Spread: 1.643473
Epoch 194/600, Total: 1770.960078, Node: 1036.315667, Link: 734.627841, Spread: 1.655529
Epoch 195/600, Total: 1764.245044, Node: 1033.562679, Link: 730.665772, Spread: 1.659139
Epoch 196/600, Total: 1758.309629, Node: 1031.574539, Link: 726.718436, Spread: 1.663961
Epoch 197/600, Total: 1762.974019, Node: 1032.457295, Link: 730.500124, Spread: 1.659350
Epoch 198/600, Total: 1759.592974, Node: 1031.087629, Link: 728.488755, Spread: 1.657714
Epoch 199/600, Total: 1760.828844, Node: 1032.430632, Link: 728.381567, Spread: 1.661760
Epoch 200/600, Total: 1765.190797, Node: 1033.998992, Link: 731.175129, Spread: 1.666189
Epoch 201/600, Total: 1757.264369, Node: 1030.648155, Link: 726.599578, Spread: 1.666138
Epoch 202/600, Total: 1760.640893, Node: 1032.910866, Link: 727.713365, Spread: 1.664798
Epoch 203/600, Total: 1761.680915, Node: 1031.900270, Link: 729.763992, Spread: 1.665050
Epoch 204/600, Total: 1759.580517, Node: 1031.422935, Link: 728.140925, Spread: 1.663214
Epoch 205/600, Total: 1764.328522, Node: 1033.108531, Link: 731.203358, Spread: 1.662419
Epoch 206/600, Total: 1759.166134, Node: 1031.814314, Link: 727.335179, Spread: 1.665040
Epoch 207/600, Total: 1773.420380, Node: 1042.178305, Link: 731.225586, Spread: 1.645647
Epoch 208/600, Total: 1769.943869, Node: 1035.565393, Link: 734.361595, Spread: 1.687927
Epoch 209/600, Total: 1758.605658, Node: 1030.751957, Link: 727.837061, Spread: 1.662238
Epoch 210/600, Total: 1761.635329, Node: 1031.938489, Link: 729.680193, Spread: 1.665703
Epoch 211/600, Total: 1758.637517, Node: 1031.582532, Link: 727.038266, Spread: 1.671187
Epoch 212/600, Total: 1761.310282, Node: 1032.662653, Link: 728.630938, Spread: 1.667499
Epoch 213/600, Total: 1758.302219, Node: 1031.372917, Link: 726.912562, Spread: 1.673458
Epoch 214/600, Total: 1759.163245, Node: 1030.893217, Link: 728.253331, Spread: 1.668495
Epoch 215/600, Total: 1757.774121, Node: 1030.323006, Link: 727.434418, Spread: 1.668063
Epoch 216/600, Total: 1758.357166, Node: 1030.807142, Link: 727.533313, Spread: 1.668453
Epoch 217/600, Total: 1759.644442, Node: 1031.159319, Link: 728.468445, Spread: 1.667683
Epoch 218/600, Total: 1757.485704, Node: 1030.455850, Link: 727.013180, Spread: 1.668920
Epoch 219/600, Total: 1758.756398, Node: 1030.775961, Link: 727.963738, Spread: 1.666676
Epoch 220/600, Total: 1757.207584, Node: 1030.131237, Link: 727.059667, Spread: 1.667713
Epoch 221/600, Total: 1758.422598, Node: 1030.800203, Link: 727.605722, Spread: 1.667101
Epoch 222/600, Total: 1762.009760, Node: 1034.977268, Link: 727.015883, Spread: 1.662811
Epoch 223/600, Total: 1744.586702, Node: 1015.589629, Link: 728.980974, Spread: 1.610044
Epoch 224/600, Total: 1728.813976, Node: 1004.237392, Link: 724.560918, Spread: 1.567466
Epoch 225/600, Total: 1729.842064, Node: 1002.547239, Link: 727.279339, Spread: 1.549165
Epoch 226/600, Total: 1730.094586, Node: 1002.264934, Link: 727.814235, Spread: 1.541196
Epoch 227/600, Total: 1727.439334, Node: 1001.992606, Link: 725.431303, Spread: 1.541767
Epoch 228/600, Total: 1730.002569, Node: 1002.304338, Link: 727.682907, Spread: 1.535653
Epoch 229/600, Total: 1728.996118, Node: 1002.443501, Link: 726.537189, Spread: 1.541558
Epoch 230/600, Total: 1729.986722, Node: 1002.452998, Link: 727.518342, Spread: 1.538141
Epoch 231/600, Total: 1728.501965, Node: 1002.462803, Link: 726.023688, Spread: 1.544532
Epoch 232/600, Total: 1729.473403, Node: 1002.526916, Link: 726.931059, Spread: 1.544482
Epoch 233/600, Total: 1729.288573, Node: 1002.638215, Link: 726.634871, Spread: 1.548378
Epoch 234/600, Total: 1729.334768, Node: 1002.664854, Link: 726.654430, Spread: 1.550403
Epoch 235/600, Total: 1729.142008, Node: 1002.694227, Link: 726.432254, Spread: 1.553626
Epoch 236/600, Total: 1729.049517, Node: 1002.697140, Link: 726.336814, Spread: 1.556318
Epoch 237/600, Total: 1728.869128, Node: 1002.693623, Link: 726.159885, Spread: 1.559313
Epoch 238/600, Total: 1728.668890, Node: 1002.676056, Link: 725.977208, Spread: 1.562368
Epoch 239/600, Total: 1728.430285, Node: 1002.647362, Link: 725.767273, Spread: 1.565554
Epoch 240/600, Total: 1728.143229, Node: 1002.604660, Link: 725.522877, Spread: 1.568913
Epoch 241/600, Total: 1727.790725, Node: 1002.541728, Link: 725.233272, Spread: 1.572534
Epoch 242/600, Total: 1727.350957, Node: 1002.447348, Link: 724.887838, Spread: 1.576574
Epoch 243/600, Total: 1726.812428, Node: 1002.308695, Link: 724.487926, Spread: 1.581246
Epoch 244/600, Total: 1726.210036, Node: 1002.120447, Link: 724.073728, Spread: 1.586692
Epoch 245/600, Total: 1725.722547, Node: 1001.913350, Link: 723.793257, Spread: 1.592663
Epoch 246/600, Total: 1727.134405, Node: 1002.699535, Link: 724.418914, Spread: 1.596530
Epoch 247/600, Total: 1728.103034, Node: 1003.381296, Link: 724.705760, Spread: 1.597887
Epoch 248/600, Total: 1726.573468, Node: 1002.392398, Link: 724.165042, Spread: 1.600779
Epoch 249/600, Total: 1736.142645, Node: 1007.725148, Link: 728.401428, Spread: 1.606497
Epoch 250/600, Total: 1726.640328, Node: 1003.042625, Link: 723.581731, Spread: 1.598276
Epoch 251/600, Total: 1729.886390, Node: 1004.461154, Link: 725.409274, Spread: 1.595736
Epoch 252/600, Total: 1725.981847, Node: 1002.146604, Link: 723.819236, Spread: 1.599019
Epoch 253/600, Total: 1737.070360, Node: 1008.525693, Link: 728.528590, Spread: 1.607991
Epoch 254/600, Total: 1727.262938, Node: 1003.557793, Link: 723.689156, Spread: 1.598551
Epoch 255/600, Total: 1727.286042, Node: 1002.737600, Link: 724.532453, Spread: 1.598535
Epoch 256/600, Total: 1736.953821, Node: 1008.414444, Link: 728.523299, Spread: 1.607284
Epoch 257/600, Total: 1728.658903, Node: 1004.482594, Link: 724.160334, Spread: 1.597608
Epoch 258/600, Total: 1726.113713, Node: 1002.179993, Link: 723.917733, Spread: 1.597245
Epoch 259/600, Total: 1736.600945, Node: 1009.078734, Link: 727.506141, Spread: 1.608416
Epoch 260/600, Total: 1728.380893, Node: 1004.317888, Link: 724.047029, Spread: 1.598004
Epoch 261/600, Total: 1726.157431, Node: 1002.178815, Link: 723.962655, Spread: 1.597492
Epoch 262/600, Total: 1736.400308, Node: 1009.100043, Link: 727.284163, Spread: 1.608998
Epoch 263/600, Total: 1729.063267, Node: 1004.713227, Link: 724.334035, Spread: 1.598701
Epoch 264/600, Total: 1726.129019, Node: 1002.197748, Link: 723.915314, Spread: 1.597178
Epoch 265/600, Total: 1736.249663, Node: 1009.100280, Link: 727.133277, Spread: 1.608759
Epoch 266/600, Total: 1729.800589, Node: 1005.104080, Link: 724.680518, Spread: 1.599180
Epoch 267/600, Total: 1726.493449, Node: 1002.448270, Link: 724.029221, Spread: 1.596288
Epoch 268/600, Total: 1736.509688, Node: 1009.087297, Link: 727.406337, Spread: 1.607152
Epoch 269/600, Total: 1730.593236, Node: 1005.537484, Link: 725.039749, Spread: 1.599254
Epoch 270/600, Total: 1727.772396, Node: 1003.418689, Link: 724.337772, Spread: 1.593840
Epoch 271/600, Total: 1731.733169, Node: 1005.373457, Link: 726.343746, Spread: 1.597266
Epoch 272/600, Total: 1757.656571, Node: 1037.042718, Link: 720.596953, Spread: 1.688573
Epoch 273/600, Total: 1750.037384, Node: 1030.702593, Link: 719.317758, Spread: 1.702008
Epoch 274/600, Total: 1756.117037, Node: 1030.346805, Link: 725.753121, Spread: 1.712480
Epoch 275/600, Total: 1765.188142, Node: 1036.965146, Link: 728.205717, Spread: 1.729425
Epoch 276/600, Total: 1757.374248, Node: 1033.069462, Link: 724.287526, Spread: 1.724814
Epoch 277/600, Total: 1755.038517, Node: 1030.717726, Link: 724.303507, Spread: 1.730328
Epoch 278/600, Total: 1758.931494, Node: 1033.384547, Link: 725.529603, Spread: 1.733458
Epoch 279/600, Total: 1754.832127, Node: 1030.811519, Link: 724.003230, Spread: 1.736423
Epoch 280/600, Total: 1755.008321, Node: 1031.014325, Link: 723.976603, Spread: 1.741631
Epoch 281/600, Total: 1754.681033, Node: 1030.731213, Link: 723.932376, Spread: 1.747339
Epoch 282/600, Total: 1754.617908, Node: 1030.713147, Link: 723.887195, Spread: 1.752339
Epoch 283/600, Total: 1755.388195, Node: 1030.309970, Link: 725.060639, Spread: 1.756951
Epoch 284/600, Total: 1763.190688, Node: 1036.309638, Link: 726.863443, Spread: 1.760026
Epoch 285/600, Total: 1755.366046, Node: 1031.740260, Link: 723.608374, Spread: 1.741888
Epoch 286/600, Total: 1754.809611, Node: 1030.584676, Link: 724.207564, Spread: 1.736792
Epoch 287/600, Total: 1754.801940, Node: 1030.471272, Link: 724.313297, Spread: 1.738681
Epoch 288/600, Total: 1754.864310, Node: 1030.426884, Link: 724.419996, Spread: 1.741030
Epoch 289/600, Total: 1754.869352, Node: 1030.378803, Link: 724.473123, Spread: 1.742943
Epoch 290/600, Total: 1754.853498, Node: 1030.330805, Link: 724.505253, Spread: 1.744412
Epoch 291/600, Total: 1754.827905, Node: 1030.284740, Link: 724.525715, Spread: 1.745493
Epoch 292/600, Total: 1754.798647, Node: 1030.241937, Link: 724.539265, Spread: 1.746229
Epoch 293/600, Total: 1754.768275, Node: 1030.202070, Link: 724.548717, Spread: 1.746642
Epoch 294/600, Total: 1754.739854, Node: 1030.166445, Link: 724.555931, Spread: 1.746757
Epoch 295/600, Total: 1754.714690, Node: 1030.135106, Link: 724.562113, Spread: 1.746592
Epoch 296/600, Total: 1754.692591, Node: 1030.106983, Link: 724.568152, Spread: 1.746176
Epoch 297/600, Total: 1754.675187, Node: 1030.083297, Link: 724.574431, Spread: 1.745546
Epoch 298/600, Total: 1754.662113, Node: 1030.063597, Link: 724.581075, Spread: 1.744724
Epoch 299/600, Total: 1754.653481, Node: 1030.047979, Link: 724.588072, Spread: 1.743734
Epoch 300/600, Total: 1754.648336, Node: 1030.035567, Link: 724.595361, Spread: 1.742595
Epoch 301/600, Total: 1754.647635, Node: 1030.027209, Link: 724.603009, Spread: 1.741326
Epoch 302/600, Total: 1754.650936, Node: 1030.022686, Link: 724.610849, Spread: 1.739936
Epoch 303/600, Total: 1754.657501, Node: 1030.021163, Link: 724.618964, Spread: 1.738432
Epoch 304/600, Total: 1754.668077, Node: 1030.023446, Link: 724.627264, Spread: 1.736826
Epoch 305/600, Total: 1754.682483, Node: 1030.029275, Link: 724.635881, Spread: 1.735117
Epoch 306/600, Total: 1754.699969, Node: 1030.037911, Link: 724.644713, Spread: 1.733310
Epoch 307/600, Total: 1754.721113, Node: 1030.049973, Link: 724.653829, Spread: 1.731411
Epoch 308/600, Total: 1754.745967, Node: 1030.065322, Link: 724.663351, Spread: 1.729417
Epoch 309/600, Total: 1754.774354, Node: 1030.083775, Link: 724.673313, Spread: 1.727329
Epoch 310/600, Total: 1754.806206, Node: 1030.105186, Link: 724.683768, Spread: 1.725150
Epoch 311/600, Total: 1754.842379, Node: 1030.130147, Link: 724.695023, Spread: 1.722881
Epoch 312/600, Total: 1754.882498, Node: 1030.158119, Link: 724.707186, Spread: 1.720521
Epoch 313/600, Total: 1754.927742, Node: 1030.189901, Link: 724.720635, Spread: 1.718071
Epoch 314/600, Total: 1754.978784, Node: 1030.225887, Link: 724.735745, Spread: 1.715530
Epoch 315/600, Total: 1755.036383, Node: 1030.266214, Link: 724.753027, Spread: 1.712895
Epoch 316/600, Total: 1755.102700, Node: 1030.312355, Link: 724.773238, Spread: 1.710167
Epoch 317/600, Total: 1755.179642, Node: 1030.365105, Link: 724.797449, Spread: 1.707341
Epoch 318/600, Total: 1755.276194, Node: 1030.432144, Link: 724.827003, Spread: 1.704442
Epoch 319/600, Total: 1755.379844, Node: 1030.501523, Link: 724.861301, Spread: 1.701548
Epoch 320/600, Total: 1755.524337, Node: 1030.593694, Link: 724.913673, Spread: 1.698378
Epoch 321/600, Total: 1755.711200, Node: 1030.711285, Link: 724.982968, Spread: 1.695098
Epoch 322/600, Total: 1756.644976, Node: 1031.550869, Link: 725.077181, Spread: 1.691735
Epoch 323/600, Total: 1756.542343, Node: 1032.129743, Link: 724.395728, Spread: 1.685819
Epoch 324/600, Total: 1757.222147, Node: 1032.342590, Link: 724.862753, Spread: 1.681987
Epoch 325/600, Total: 1758.100890, Node: 1032.830139, Link: 725.253950, Spread: 1.679464
Epoch 326/600, Total: 1759.784252, Node: 1033.800976, Link: 725.966511, Spread: 1.676883
Epoch 327/600, Total: 1761.511589, Node: 1035.055605, Link: 726.439252, Spread: 1.673827
Epoch 328/600, Total: 1760.490387, Node: 1034.826437, Link: 725.647303, Spread: 1.666508
Epoch 329/600, Total: 1760.815520, Node: 1034.903407, Link: 725.895518, Spread: 1.658907
Epoch 330/600, Total: 1760.725987, Node: 1034.798206, Link: 725.911227, Spread: 1.654099
Epoch 331/600, Total: 1761.052265, Node: 1034.923558, Link: 726.112200, Spread: 1.651094
Epoch 332/600, Total: 1761.042182, Node: 1034.942118, Link: 726.083577, Spread: 1.648727
Epoch 333/600, Total: 1761.214866, Node: 1035.060680, Link: 726.137726, Spread: 1.646507
Epoch 334/600, Total: 1761.209127, Node: 1035.103313, Link: 726.089351, Spread: 1.644277
Epoch 335/600, Total: 1761.308863, Node: 1035.197184, Link: 726.095252, Spread: 1.642020
Epoch 336/600, Total: 1761.311796, Node: 1035.244535, Link: 726.050891, Spread: 1.639719
Epoch 337/600, Total: 1761.380382, Node: 1035.323369, Link: 726.040661, Spread: 1.637400
Epoch 338/600, Total: 1761.390226, Node: 1035.372321, Link: 726.001540, Spread: 1.635046
Epoch 339/600, Total: 1761.443061, Node: 1035.442152, Link: 725.984590, Spread: 1.632681
Epoch 340/600, Total: 1761.456694, Node: 1035.491046, Link: 725.949353, Spread: 1.630292
Epoch 341/600, Total: 1761.500066, Node: 1035.554372, Link: 725.929392, Spread: 1.627896
Epoch 342/600, Total: 1761.516352, Node: 1035.602643, Link: 725.897461, Spread: 1.625484
Epoch 343/600, Total: 1761.553656, Node: 1035.660956, Link: 725.876459, Spread: 1.623070
Epoch 344/600, Total: 1761.571835, Node: 1035.708199, Link: 725.847429, Spread: 1.620651
Epoch 345/600, Total: 1761.605181, Node: 1035.762607, Link: 725.826414, Spread: 1.618238
Epoch 346/600, Total: 1761.625022, Node: 1035.808846, Link: 725.800027, Spread: 1.615827
Epoch 347/600, Total: 1761.655480, Node: 1035.859919, Link: 725.779411, Spread: 1.613428
Epoch 348/600, Total: 1761.676558, Node: 1035.905048, Link: 725.755397, Spread: 1.611037
Epoch 349/600, Total: 1761.705221, Node: 1035.953603, Link: 725.735525, Spread: 1.608663
Epoch 350/600, Total: 1761.727553, Node: 1035.997847, Link: 725.713661, Spread: 1.606305
Epoch 351/600, Total: 1761.754790, Node: 1036.044195, Link: 725.694569, Spread: 1.603966
Epoch 352/600, Total: 1761.778181, Node: 1036.087620, Link: 725.674527, Spread: 1.601645
Epoch 353/600, Total: 1761.804183, Node: 1036.131921, Link: 725.656238, Spread: 1.599346
Epoch 354/600, Total: 1761.828451, Node: 1036.174646, Link: 725.637804, Spread: 1.597068
Epoch 355/600, Total: 1761.853780, Node: 1036.217466, Link: 725.620353, Spread: 1.594813
Epoch 356/600, Total: 1761.878404, Node: 1036.259292, Link: 725.603203, Spread: 1.592580
Epoch 357/600, Total: 1761.903528, Node: 1036.300923, Link: 725.586703, Spread: 1.590373
Epoch 358/600, Total: 1761.928334, Node: 1036.341903, Link: 725.570551, Spread: 1.588191
Epoch 359/600, Total: 1761.953360, Node: 1036.382539, Link: 725.554932, Spread: 1.586035
Epoch 360/600, Total: 1761.978311, Node: 1036.422781, Link: 725.539706, Spread: 1.583904
Epoch 361/600, Total: 1762.003306, Node: 1036.462609, Link: 725.524853, Spread: 1.581799
Epoch 362/600, Total: 1762.028127, Node: 1036.501901, Link: 725.510412, Spread: 1.579719
Epoch 363/600, Total: 1762.053199, Node: 1036.541071, Link: 725.496360, Spread: 1.577665
Epoch 364/600, Total: 1762.077858, Node: 1036.579595, Link: 725.482509, Spread: 1.575639
Epoch 365/600, Total: 1762.102951, Node: 1036.618052, Link: 725.469155, Spread: 1.573640
Epoch 366/600, Total: 1762.127614, Node: 1036.655966, Link: 725.455961, Spread: 1.571671
Epoch 367/600, Total: 1762.152740, Node: 1036.693853, Link: 725.443215, Spread: 1.569729
Epoch 368/600, Total: 1762.177659, Node: 1036.731357, Link: 725.430641, Spread: 1.567814
Epoch 369/600, Total: 1762.202787, Node: 1036.768698, Link: 725.418438, Spread: 1.565929
Epoch 370/600, Total: 1762.227633, Node: 1036.805613, Link: 725.406393, Spread: 1.564073
Epoch 371/600, Total: 1762.252775, Node: 1036.842488, Link: 725.394664, Spread: 1.562246
Epoch 372/600, Total: 1762.277882, Node: 1036.879103, Link: 725.383174, Spread: 1.560448
Epoch 373/600, Total: 1762.302969, Node: 1036.915521, Link: 725.371879, Spread: 1.558680
Epoch 374/600, Total: 1762.328441, Node: 1036.951959, Link: 725.360877, Spread: 1.556942
Epoch 375/600, Total: 1762.353502, Node: 1036.988007, Link: 725.349964, Spread: 1.555234
Epoch 376/600, Total: 1762.379366, Node: 1037.024402, Link: 725.339407, Spread: 1.553554
Epoch 377/600, Total: 1762.404643, Node: 1037.060259, Link: 725.328868, Spread: 1.551904
Epoch 378/600, Total: 1762.430418, Node: 1037.096347, Link: 725.318581, Spread: 1.550286
Epoch 379/600, Total: 1762.456285, Node: 1037.132337, Link: 725.308457, Spread: 1.548695
Epoch 380/600, Total: 1762.482151, Node: 1037.168244, Link: 725.298450, Spread: 1.547134
Epoch 381/600, Total: 1762.508504, Node: 1037.204450, Link: 725.288636, Spread: 1.545603
Epoch 382/600, Total: 1762.534849, Node: 1037.240531, Link: 725.278883, Spread: 1.544099
Epoch 383/600, Total: 1762.561431, Node: 1037.276755, Link: 725.269245, Spread: 1.542624
Epoch 384/600, Total: 1762.604708, Node: 1037.324173, Link: 725.265118, Spread: 1.540963
Epoch 385/600, Total: 1762.569198, Node: 1037.311766, Link: 725.242030, Spread: 1.539661
Epoch 386/600, Total: 1762.660263, Node: 1037.397934, Link: 725.246955, Spread: 1.538311
Epoch 387/600, Total: 1762.671911, Node: 1037.424034, Link: 725.232499, Spread: 1.537049
Epoch 388/600, Total: 1762.708284, Node: 1037.468393, Link: 725.224529, Spread: 1.535776
Epoch 389/600, Total: 1800.867845, Node: 1078.890320, Link: 721.962135, Spread: 1.539517
Epoch 390/600, Total: 1776.220318, Node: 1052.263919, Link: 723.941536, Spread: 1.488350
Epoch 391/600, Total: 1786.370930, Node: 1058.582743, Link: 727.773510, Spread: 1.467025
Epoch 392/600, Total: 1732.926153, Node: 1013.339082, Link: 719.571749, Spread: 1.530449
Epoch 393/600, Total: 1727.531742, Node: 1001.682933, Link: 725.832549, Spread: 1.627167
Epoch 394/600, Total: 1725.311405, Node: 998.187799, Link: 727.106489, Spread: 1.711279
Epoch 395/600, Total: 1722.374168, Node: 994.767757, Link: 727.588610, Spread: 1.783211
Epoch 396/600, Total: 1720.031966, Node: 992.176581, Link: 727.836984, Spread: 1.840662
Epoch 397/600, Total: 1718.053048, Node: 990.174886, Link: 727.859297, Spread: 1.886541
Epoch 398/600, Total: 1716.482103, Node: 988.626433, Link: 727.836466, Spread: 1.922796
Epoch 399/600, Total: 1715.178244, Node: 987.413206, Link: 727.745542, Spread: 1.951537
Epoch 400/600, Total: 1714.062668, Node: 986.442048, Link: 727.600849, Spread: 1.974649
Epoch 401/600, Total: 1713.013940, Node: 985.586032, Link: 727.407972, Spread: 1.993901
Epoch 402/600, Total: 1711.860271, Node: 984.696629, Link: 727.143533, Spread: 2.011904
Epoch 403/600, Total: 1710.708797, Node: 983.782459, Link: 726.906064, Spread: 2.030961
Epoch 404/600, Total: 1710.691832, Node: 983.766776, Link: 726.904671, Spread: 2.039898
Epoch 405/600, Total: 1709.774212, Node: 982.979041, Link: 726.774620, Spread: 2.055015
Epoch 406/600, Total: 1711.624187, Node: 984.605466, Link: 726.998253, Spread: 2.049755
Epoch 407/600, Total: 1708.284833, Node: 981.747783, Link: 726.516415, Spread: 2.062714
Epoch 408/600, Total: 1710.567892, Node: 985.263372, Link: 725.284005, Spread: 2.050494
Epoch 409/600, Total: 1708.237429, Node: 982.388176, Link: 725.828701, Spread: 2.056653
Epoch 410/600, Total: 1711.410344, Node: 985.057148, Link: 726.332834, Spread: 2.037597
Epoch 411/600, Total: 1707.297760, Node: 981.554548, Link: 725.722800, Spread: 2.040194
Epoch 412/600, Total: 1709.588551, Node: 985.207075, Link: 724.361201, Spread: 2.025205
Epoch 413/600, Total: 1707.914807, Node: 982.665508, Link: 725.229019, Spread: 2.026500
Epoch 414/600, Total: 1710.425224, Node: 984.707780, Link: 725.697387, Spread: 2.007032
Epoch 415/600, Total: 1706.432234, Node: 981.292426, Link: 725.119781, Spread: 2.002546
Epoch 416/600, Total: 1707.775977, Node: 984.789452, Link: 722.966601, Spread: 1.990862
Epoch 417/600, Total: 1708.005633, Node: 983.039418, Link: 724.946290, Spread: 1.992205
Epoch 418/600, Total: 1708.614413, Node: 983.669608, Link: 724.924990, Spread: 1.979261
Epoch 419/600, Total: 1706.947261, Node: 981.777172, Link: 725.150257, Spread: 1.980840
Epoch 420/600, Total: 1709.091524, Node: 985.457355, Link: 723.614432, Spread: 1.973185
Epoch 421/600, Total: 1707.305391, Node: 982.882812, Link: 724.402829, Spread: 1.975410
Epoch 422/600, Total: 1709.605453, Node: 984.689249, Link: 724.896598, Spread: 1.959021
Epoch 423/600, Total: 1705.314927, Node: 981.244844, Link: 724.050568, Spread: 1.952521
Epoch 424/600, Total: 1707.505599, Node: 984.899486, Link: 722.586619, Spread: 1.948456
Epoch 425/600, Total: 1707.874596, Node: 983.517260, Link: 724.337859, Spread: 1.948556
Epoch 426/600, Total: 1706.333435, Node: 981.888536, Link: 724.425461, Spread: 1.946291
Epoch 427/600, Total: 1710.017985, Node: 985.921384, Link: 724.077173, Spread: 1.944043
Epoch 428/600, Total: 1706.806648, Node: 982.983633, Link: 723.803537, Spread: 1.947706
Epoch 429/600, Total: 1708.973965, Node: 984.497508, Link: 724.457126, Spread: 1.936315
Epoch 430/600, Total: 1704.980798, Node: 981.310619, Link: 723.650857, Spread: 1.932209
Epoch 431/600, Total: 1707.835127, Node: 985.123783, Link: 722.692019, Spread: 1.933768
Epoch 432/600, Total: 1708.029951, Node: 983.976212, Link: 724.034445, Spread: 1.930604
Epoch 433/600, Total: 1705.188212, Node: 981.403043, Link: 723.765917, Spread: 1.925457
Epoch 434/600, Total: 1708.422656, Node: 985.361877, Link: 723.041522, Spread: 1.927226
Epoch 435/600, Total: 1707.785703, Node: 983.931263, Link: 723.835187, Spread: 1.925084
Epoch 436/600, Total: 1705.198241, Node: 981.454347, Link: 723.724688, Spread: 1.921100
Epoch 437/600, Total: 1708.667083, Node: 985.492209, Link: 723.155651, Spread: 1.923438
Epoch 438/600, Total: 1707.843422, Node: 984.058575, Link: 723.765621, Spread: 1.920889
Epoch 439/600, Total: 1705.114637, Node: 981.462757, Link: 723.632710, Spread: 1.918290
Epoch 440/600, Total: 1708.806860, Node: 985.567502, Link: 723.220143, Spread: 1.920970
Epoch 441/600, Total: 1707.958289, Node: 984.201092, Link: 723.738008, Spread: 1.917724
Epoch 442/600, Total: 1705.157440, Node: 981.538644, Link: 723.599623, Spread: 1.917826
Epoch 443/600, Total: 1709.140924, Node: 985.725936, Link: 723.395786, Spread: 1.919821
Epoch 444/600, Total: 1707.943368, Node: 984.267305, Link: 723.656898, Spread: 1.916486
Epoch 445/600, Total: 1705.275067, Node: 981.665069, Link: 723.590822, Spread: 1.919473
Epoch 446/600, Total: 1709.582235, Node: 985.924226, Link: 723.638817, Spread: 1.920384
Epoch 447/600, Total: 1707.838578, Node: 984.282177, Link: 723.537211, Spread: 1.917267
Epoch 448/600, Total: 1705.395778, Node: 981.809862, Link: 723.566696, Spread: 1.922425
Epoch 449/600, Total: 1709.990779, Node: 986.083982, Link: 723.887593, Spread: 1.922235
Epoch 450/600, Total: 1707.756139, Node: 984.306530, Link: 723.430421, Spread: 1.919264
Epoch 451/600, Total: 1705.551747, Node: 982.013144, Link: 723.519326, Spread: 1.926269
Epoch 452/600, Total: 1710.381328, Node: 986.168221, Link: 724.193879, Spread: 1.924344
Epoch 453/600, Total: 1707.730255, Node: 984.360038, Link: 723.351008, Spread: 1.921658
Epoch 454/600, Total: 1705.777199, Node: 982.319494, Link: 723.438413, Spread: 1.929646
Epoch 455/600, Total: 1710.429787, Node: 985.951818, Link: 724.458707, Spread: 1.925277
Epoch 456/600, Total: 1707.746737, Node: 984.394953, Link: 723.332568, Spread: 1.923700
Epoch 457/600, Total: 1705.962902, Node: 982.587572, Link: 723.356024, Spread: 1.931188
Epoch 458/600, Total: 1709.875531, Node: 985.490610, Link: 724.365656, Spread: 1.925321
Epoch 459/600, Total: 1707.397765, Node: 984.121041, Link: 723.257452, Spread: 1.926293
Epoch 460/600, Total: 1710.527528, Node: 992.094942, Link: 718.413360, Spread: 1.922554
Epoch 461/600, Total: 1700.013364, Node: 980.365374, Link: 719.628532, Spread: 1.945421
Epoch 462/600, Total: 1710.088734, Node: 986.178439, Link: 723.890968, Spread: 1.933944
Epoch 463/600, Total: 1709.537589, Node: 985.313964, Link: 724.204341, Spread: 1.929395
Epoch 464/600, Total: 1708.125588, Node: 984.407646, Link: 723.698671, Spread: 1.927114
Epoch 465/600, Total: 1708.270793, Node: 984.206468, Link: 724.045101, Spread: 1.922656
Epoch 466/600, Total: 1706.185266, Node: 982.857063, Link: 723.308860, Spread: 1.933573
Epoch 467/600, Total: 1713.814655, Node: 987.833959, Link: 725.961659, Spread: 1.904158
Epoch 468/600, Total: 1709.634464, Node: 986.330508, Link: 723.284743, Spread: 1.922964
Epoch 469/600, Total: 1709.333110, Node: 985.229689, Link: 724.084229, Spread: 1.918013
Epoch 470/600, Total: 1708.139448, Node: 984.468327, Link: 723.651979, Spread: 1.915291
Epoch 471/600, Total: 1706.662965, Node: 983.332402, Link: 723.311359, Spread: 1.920985
Epoch 472/600, Total: 1706.713339, Node: 983.310459, Link: 723.383675, Spread: 1.922721
Epoch 473/600, Total: 1706.955313, Node: 983.433178, Link: 723.502862, Spread: 1.927857
Epoch 474/600, Total: 1708.887309, Node: 984.372721, Link: 724.495329, Spread: 1.925917
Epoch 475/600, Total: 1705.319049, Node: 982.221597, Link: 723.078050, Spread: 1.938734
Epoch 476/600, Total: 1708.975142, Node: 984.727141, Link: 724.228626, Spread: 1.935064
Epoch 477/600, Total: 1707.194315, Node: 983.797049, Link: 723.377918, Spread: 1.936391
Epoch 478/600, Total: 1705.918556, Node: 982.740912, Link: 723.158260, Spread: 1.940393
Epoch 479/600, Total: 1706.012247, Node: 982.754620, Link: 723.238201, Spread: 1.942858
Epoch 480/600, Total: 1705.775928, Node: 982.570993, Link: 723.185452, Spread: 1.948563
Epoch 481/600, Total: 1706.362245, Node: 983.058798, Link: 723.283927, Spread: 1.951019
Epoch 482/600, Total: 1705.181803, Node: 982.068269, Link: 723.093958, Spread: 1.959302
Epoch 483/600, Total: 1708.534055, Node: 984.507597, Link: 724.006900, Spread: 1.955095
Epoch 484/600, Total: 1707.208428, Node: 983.873838, Link: 723.315040, Spread: 1.953891
Epoch 485/600, Total: 1706.715369, Node: 983.437215, Link: 723.258624, Spread: 1.951428
Epoch 486/600, Total: 1705.958076, Node: 982.858733, Link: 723.079826, Spread: 1.953585
Epoch 487/600, Total: 1705.912942, Node: 982.794188, Link: 723.099196, Spread: 1.955078
Epoch 488/600, Total: 1705.885630, Node: 982.780338, Link: 723.085714, Spread: 1.957735
Epoch 489/600, Total: 1705.880986, Node: 982.786451, Link: 723.074919, Spread: 1.960480
Epoch 490/600, Total: 1705.869621, Node: 982.790336, Link: 723.059630, Spread: 1.963134
Epoch 491/600, Total: 1705.872447, Node: 982.805305, Link: 723.047495, Spread: 1.965538
Epoch 492/600, Total: 1705.860661, Node: 982.808627, Link: 723.032366, Spread: 1.967779
Epoch 493/600, Total: 1705.876390, Node: 982.832265, Link: 723.024426, Spread: 1.969676
Epoch 494/600, Total: 1705.862306, Node: 982.832714, Link: 723.009867, Spread: 1.971448
Epoch 495/600, Total: 1705.892372, Node: 982.865476, Link: 723.007164, Spread: 1.972798
Epoch 496/600, Total: 1705.878816, Node: 982.865193, Link: 722.993847, Spread: 1.974068
Epoch 497/600, Total: 1705.918245, Node: 982.902858, Link: 722.995648, Spread: 1.974871
Epoch 498/600, Total: 1705.916862, Node: 982.910444, Link: 722.986644, Spread: 1.975567
Epoch 499/600, Total: 1705.959074, Node: 982.947957, Link: 722.991356, Spread: 1.975808
Epoch 500/600, Total: 1705.982588, Node: 982.972041, Link: 722.990761, Spread: 1.975823
Epoch 501/600, Total: 1706.031018, Node: 983.012200, Link: 722.999080, Spread: 1.975416
Epoch 502/600, Total: 1706.087963, Node: 983.057799, Link: 723.010415, Spread: 1.974624
Epoch 503/600, Total: 1706.168909, Node: 983.118645, Link: 723.030527, Spread: 1.973335
Epoch 504/600, Total: 1706.285355, Node: 983.202346, Link: 723.063297, Spread: 1.971439
Epoch 505/600, Total: 1706.466563, Node: 983.326823, Link: 723.120044, Spread: 1.968746
Epoch 506/600, Total: 1706.768939, Node: 983.526767, Link: 723.222510, Spread: 1.964970
Epoch 507/600, Total: 1707.302424, Node: 983.868853, Link: 723.413955, Spread: 1.959864
Epoch 508/600, Total: 1708.147474, Node: 984.419417, Link: 723.708525, Spread: 1.954043
Epoch 509/600, Total: 1708.890920, Node: 985.026012, Link: 723.845398, Spread: 1.949366
Epoch 510/600, Total: 1708.893199, Node: 985.281423, Link: 723.592321, Spread: 1.944962
Epoch 511/600, Total: 1708.711962, Node: 985.286558, Link: 723.406021, Spread: 1.939192
Epoch 512/600, Total: 1708.572948, Node: 985.232739, Link: 723.320862, Spread: 1.932824
Epoch 513/600, Total: 1708.474843, Node: 985.169007, Link: 723.286561, Spread: 1.926119
Epoch 514/600, Total: 1708.406311, Node: 985.107768, Link: 723.279345, Spread: 1.919082
Epoch 515/600, Total: 1708.365845, Node: 985.058297, Link: 723.288435, Spread: 1.911790
Epoch 516/600, Total: 1708.351716, Node: 985.026218, Link: 723.306442, Spread: 1.904395
Epoch 517/600, Total: 1708.357434, Node: 985.012407, Link: 723.326050, Spread: 1.897071
Epoch 518/600, Total: 1708.382082, Node: 985.015869, Link: 723.347329, Spread: 1.890001
Epoch 519/600, Total: 1708.408382, Node: 985.029876, Link: 723.359675, Spread: 1.883306
Epoch 520/600, Total: 1708.431124, Node: 985.051022, Link: 723.361340, Spread: 1.877025
Epoch 521/600, Total: 1708.442888, Node: 985.074564, Link: 723.349628, Spread: 1.871191
Epoch 522/600, Total: 1708.437321, Node: 985.094004, Link: 723.324658, Spread: 1.865834
Epoch 523/600, Total: 1699.915758, Node: 980.957070, Link: 718.939928, Spread: 1.877420
Epoch 524/600, Total: 1709.510137, Node: 985.254636, Link: 724.237014, Spread: 1.849718
Epoch 525/600, Total: 1708.969056, Node: 985.245611, Link: 723.704850, Spread: 1.861104
Epoch 526/600, Total: 1708.793442, Node: 985.242929, Link: 723.531901, Spread: 1.861537
Epoch 527/600, Total: 1708.627215, Node: 985.249770, Link: 723.358862, Spread: 1.860464
Epoch 528/600, Total: 1708.500300, Node: 985.204441, Link: 723.277278, Spread: 1.858996
Epoch 529/600, Total: 1708.437514, Node: 985.171069, Link: 723.247859, Spread: 1.857311
Epoch 530/600, Total: 1708.401335, Node: 985.153783, Link: 723.229044, Spread: 1.855493
Epoch 531/600, Total: 1708.373529, Node: 985.145573, Link: 723.209427, Spread: 1.853540
Epoch 532/600, Total: 1708.347087, Node: 985.140655, Link: 723.187929, Spread: 1.851466
Epoch 533/600, Total: 1708.320834, Node: 985.136141, Link: 723.166223, Spread: 1.849282
Epoch 534/600, Total: 1708.294909, Node: 985.131103, Link: 723.145347, Spread: 1.846998
Epoch 535/600, Total: 1708.269413, Node: 985.125411, Link: 723.125542, Spread: 1.844613
Epoch 536/600, Total: 1708.244216, Node: 985.119197, Link: 723.106578, Spread: 1.842124
Epoch 537/600, Total: 1708.218876, Node: 985.112416, Link: 723.088057, Spread: 1.839523
Epoch 538/600, Total: 1708.193385, Node: 985.105286, Link: 723.069715, Spread: 1.836800
Epoch 539/600, Total: 1708.167806, Node: 985.098091, Link: 723.051352, Spread: 1.833949
Epoch 540/600, Total: 1708.142422, Node: 985.091257, Link: 723.032846, Spread: 1.830958
Epoch 541/600, Total: 1708.118233, Node: 985.085645, Link: 723.014320, Spread: 1.827816
Epoch 542/600, Total: 1708.096647, Node: 985.082329, Link: 722.996079, Spread: 1.824506
Epoch 543/600, Total: 1708.079720, Node: 985.082724, Link: 722.978766, Spread: 1.821008
Epoch 544/600, Total: 1708.070195, Node: 985.088807, Link: 722.963213, Spread: 1.817312
Epoch 545/600, Total: 1708.072160, Node: 985.103168, Link: 722.950873, Spread: 1.813433
Epoch 546/600, Total: 1708.089086, Node: 985.127347, Link: 722.943636, Spread: 1.809429
Epoch 547/600, Total: 1708.115940, Node: 985.154068, Link: 722.943810, Spread: 1.805286
Epoch 548/600, Total: 1708.123196, Node: 985.153727, Link: 722.951459, Spread: 1.800659
Epoch 549/600, Total: 1708.066573, Node: 985.085992, Link: 722.962645, Spread: 1.795053
Epoch 550/600, Total: 1707.953273, Node: 984.962302, Link: 722.973084, Spread: 1.788432
Epoch 551/600, Total: 1707.882285, Node: 984.879581, Link: 722.984895, Spread: 1.781672
Epoch 552/600, Total: 1707.981586, Node: 984.949074, Link: 723.014743, Spread: 1.776994
Epoch 553/600, Total: 1708.235223, Node: 985.119008, Link: 723.098507, Spread: 1.773949
Epoch 554/600, Total: 1708.376890, Node: 985.240980, Link: 723.118223, Spread: 1.768417
Epoch 555/600, Total: 1708.272964, Node: 985.277674, Link: 722.977631, Spread: 1.764142
Epoch 556/600, Total: 1708.181320, Node: 985.247893, Link: 722.915831, Spread: 1.761425
Epoch 557/600, Total: 1708.162026, Node: 985.231419, Link: 722.913002, Spread: 1.759383
Epoch 558/600, Total: 1708.167713, Node: 985.232391, Link: 722.917747, Spread: 1.757947
Epoch 559/600, Total: 1708.175007, Node: 985.241279, Link: 722.916156, Spread: 1.757020
Epoch 560/600, Total: 1708.175666, Node: 985.248281, Link: 722.909834, Spread: 1.756621
Epoch 561/600, Total: 1708.173767, Node: 985.253074, Link: 722.903137, Spread: 1.756606
Epoch 562/600, Total: 1708.171464, Node: 985.256574, Link: 722.897303, Spread: 1.756849
Epoch 563/600, Total: 1708.169561, Node: 985.259590, Link: 722.892411, Spread: 1.757227
Epoch 564/600, Total: 1708.167944, Node: 985.262382, Link: 722.887996, Spread: 1.757646
Epoch 565/600, Total: 1708.166345, Node: 985.264946, Link: 722.883822, Spread: 1.758030
Epoch 566/600, Total: 1708.164740, Node: 985.267312, Link: 722.879853, Spread: 1.758325
Epoch 567/600, Total: 1708.163089, Node: 985.269417, Link: 722.876083, Spread: 1.758488
Epoch 568/600, Total: 1708.161411, Node: 985.271360, Link: 722.872494, Spread: 1.758489
Epoch 569/600, Total: 1708.159878, Node: 985.273153, Link: 722.869145, Spread: 1.758310
Epoch 570/600, Total: 1708.158228, Node: 985.274756, Link: 722.865894, Spread: 1.757934
Epoch 571/600, Total: 1708.156594, Node: 985.276215, Link: 722.862827, Spread: 1.757351
Epoch 572/600, Total: 1708.154925, Node: 985.277492, Link: 722.859857, Spread: 1.756551
Epoch 573/600, Total: 1708.153090, Node: 985.278452, Link: 722.857093, Spread: 1.755528
Epoch 574/600, Total: 1708.151107, Node: 985.279124, Link: 722.854457, Spread: 1.754271
Epoch 575/600, Total: 1708.149550, Node: 985.279515, Link: 722.852489, Spread: 1.752770
Epoch 576/600, Total: 1708.147338, Node: 985.279295, Link: 722.850550, Spread: 1.751016
Epoch 577/600, Total: 1708.145941, Node: 985.278836, Link: 722.849614, Spread: 1.748991
Epoch 578/600, Total: 1708.144549, Node: 985.278160, Link: 722.848911, Spread: 1.746682
Epoch 579/600, Total: 1708.146252, Node: 985.278819, Link: 722.849993, Spread: 1.744082
Epoch 580/600, Total: 1708.154130, Node: 985.284597, Link: 722.852134, Spread: 1.741214
Epoch 581/600, Total: 1708.184206, Node: 985.308677, Link: 722.858134, Spread: 1.738170
Epoch 582/600, Total: 1708.273945, Node: 985.383187, Link: 722.873407, Spread: 1.735146
Epoch 583/600, Total: 1708.502960, Node: 985.567226, Link: 722.918422, Spread: 1.732604
Epoch 584/600, Total: 1708.885689, Node: 985.857381, Link: 723.010998, Spread: 1.730565
Epoch 585/600, Total: 1709.063840, Node: 985.950354, Link: 723.096263, Spread: 1.725646
Epoch 586/600, Total: 1707.640471, Node: 985.468926, Link: 722.154441, Spread: 1.710750
Epoch 587/600, Total: 1710.357842, Node: 986.855569, Link: 723.485288, Spread: 1.701978
Epoch 588/600, Total: 1709.469923, Node: 986.309753, Link: 723.143052, Spread: 1.711912
Epoch 589/600, Total: 1709.432162, Node: 986.258182, Link: 723.156880, Spread: 1.710993
Epoch 590/600, Total: 1709.351085, Node: 986.248625, Link: 723.085358, Spread: 1.708464
Epoch 591/600, Total: 1709.273107, Node: 986.212585, Link: 723.043459, Spread: 1.707201
Epoch 592/600, Total: 1709.236124, Node: 986.177409, Link: 723.041649, Spread: 1.706839
Epoch 593/600, Total: 1709.215499, Node: 986.152213, Link: 723.046211, Spread: 1.707040
Epoch 594/600, Total: 1709.204422, Node: 986.138482, Link: 723.048834, Spread: 1.707568
Epoch 595/600, Total: 1708.601543, Node: 985.794362, Link: 722.790021, Spread: 1.715271
Epoch 596/600, Total: 1707.832239, Node: 985.154037, Link: 722.661141, Spread: 1.705759
Epoch 597/600, Total: 1708.070486, Node: 985.360243, Link: 722.693230, Spread: 1.701948
Epoch 598/600, Total: 1708.177336, Node: 985.452776, Link: 722.707563, Spread: 1.701066
Epoch 599/600, Total: 1708.245807, Node: 985.511325, Link: 722.717497, Spread: 1.700779
Epoch 600/600, Total: 1708.293820, Node: 985.554630, Link: 722.722173, Spread: 1.700555
Saved sweep result to: /homes/dameyer/ml-for-wdn-project-4/results/aggregated/gnn_training_sweep/net1_buffer=20_rollout=15_seed=42.json
Table value: 985.554630
