================================
GNN training sweep
Job ID: 242668
Task ID: 4
Buffer size: 1
Rollout length: 20
================================
Running GNN sweep: dataset=Net1, buffer=1, rollout=20
Epoch 1/600, Total: 4630.691166, Node: 1640.097389, Link: 2990.593791, Spread: 0.000000
Epoch 2/600, Total: 2084.268486, Node: 1299.736505, Link: 784.531962, Spread: 0.000000
Epoch 3/600, Total: 2009.869257, Node: 1266.512261, Link: 743.357006, Spread: 0.000000
Epoch 4/600, Total: 1967.950748, Node: 1234.822348, Link: 733.128408, Spread: 0.000000
Epoch 5/600, Total: 1934.673054, Node: 1201.525708, Link: 733.147367, Spread: 0.000000
Epoch 6/600, Total: 1895.126303, Node: 1166.885557, Link: 728.240728, Spread: 0.000000
Epoch 7/600, Total: 1866.910994, Node: 1143.364017, Link: 723.546976, Spread: 0.000000
Epoch 8/600, Total: 1844.105434, Node: 1121.861506, Link: 722.243898, Spread: 0.000000
Epoch 9/600, Total: 1818.878901, Node: 1102.240838, Link: 716.638034, Spread: 0.000000
Epoch 10/600, Total: 1801.235775, Node: 1086.541011, Link: 714.694785, Spread: 0.000000
Epoch 11/600, Total: 1788.962784, Node: 1075.809313, Link: 713.153458, Spread: 0.000000
Epoch 12/600, Total: 1780.759706, Node: 1065.551139, Link: 715.208569, Spread: 0.000000
Epoch 13/600, Total: 1777.281248, Node: 1060.426847, Link: 716.854385, Spread: 0.000000
Epoch 14/600, Total: 1768.822559, Node: 1055.165190, Link: 713.657387, Spread: 0.000000
Epoch 15/600, Total: 1754.034626, Node: 1040.036857, Link: 713.997756, Spread: 0.000000
Epoch 16/600, Total: 1746.447372, Node: 1032.813470, Link: 713.633898, Spread: 0.000000
Epoch 17/600, Total: 1737.025810, Node: 1029.441730, Link: 707.584069, Spread: 0.000000
Epoch 18/600, Total: 1739.995506, Node: 1021.934788, Link: 718.060686, Spread: 0.000000
Epoch 19/600, Total: 1725.803562, Node: 1016.941126, Link: 708.862433, Spread: 0.000000
Epoch 20/600, Total: 1721.215328, Node: 1011.955317, Link: 709.260012, Spread: 0.000000
Epoch 21/600, Total: 1719.255985, Node: 1005.859802, Link: 713.396172, Spread: 0.000000
Epoch 22/600, Total: 1704.865553, Node: 1000.510546, Link: 704.355017, Spread: 0.000000
Epoch 23/600, Total: 1708.415020, Node: 1001.218363, Link: 707.196679, Spread: 0.000000
Epoch 24/600, Total: 1700.765215, Node: 998.020214, Link: 702.744982, Spread: 0.000000
Epoch 25/600, Total: 1695.822565, Node: 990.279725, Link: 705.542839, Spread: 0.000000
Epoch 26/600, Total: 1699.018721, Node: 990.972109, Link: 708.046631, Spread: 0.000000
Epoch 27/600, Total: 1696.885267, Node: 991.376275, Link: 705.509009, Spread: 0.000000
Epoch 28/600, Total: 1689.247344, Node: 985.030757, Link: 704.216592, Spread: 0.000000
Epoch 29/600, Total: 1691.471001, Node: 985.510288, Link: 705.960739, Spread: 0.000000
Epoch 30/600, Total: 1682.546698, Node: 979.795417, Link: 702.751265, Spread: 0.000000
Epoch 31/600, Total: 1675.575037, Node: 977.860457, Link: 697.714566, Spread: 0.000000
Epoch 32/600, Total: 1677.362570, Node: 973.703442, Link: 703.659129, Spread: 0.000000
Epoch 33/600, Total: 1678.765280, Node: 976.097563, Link: 702.667727, Spread: 0.000000
Epoch 34/600, Total: 1668.995052, Node: 971.968809, Link: 697.026207, Spread: 0.000000
Epoch 35/600, Total: 1660.834185, Node: 970.237641, Link: 690.596557, Spread: 0.000000
Epoch 36/600, Total: 1664.708378, Node: 969.452778, Link: 695.255581, Spread: 0.000000
Epoch 37/600, Total: 1659.777693, Node: 970.447593, Link: 689.330128, Spread: 0.000000
Epoch 38/600, Total: 1678.084749, Node: 971.550104, Link: 706.534671, Spread: 0.000000
Epoch 39/600, Total: 1660.517732, Node: 967.859808, Link: 692.657913, Spread: 0.000000
Epoch 40/600, Total: 1669.226171, Node: 967.654629, Link: 701.571543, Spread: 0.000000
Epoch 41/600, Total: 1666.896621, Node: 966.761351, Link: 700.135271, Spread: 0.000000
Epoch 42/600, Total: 1663.318853, Node: 965.585845, Link: 697.732988, Spread: 0.000000
Epoch 43/600, Total: 1649.059106, Node: 964.089477, Link: 684.969624, Spread: 0.000000
Epoch 44/600, Total: 1651.162111, Node: 961.285501, Link: 689.876589, Spread: 0.000000
Epoch 45/600, Total: 1660.008140, Node: 962.405086, Link: 697.603043, Spread: 0.000000
Epoch 46/600, Total: 1660.913961, Node: 959.934822, Link: 700.979139, Spread: 0.000000
Epoch 47/600, Total: 1638.247604, Node: 956.990536, Link: 681.257083, Spread: 0.000000
Epoch 48/600, Total: 1643.041598, Node: 958.793710, Link: 684.247888, Spread: 0.000000
Epoch 49/600, Total: 1659.623593, Node: 962.882488, Link: 696.741110, Spread: 0.000000
Epoch 50/600, Total: 1655.528813, Node: 956.367181, Link: 699.161625, Spread: 0.000000
Epoch 51/600, Total: 1637.734379, Node: 956.755170, Link: 680.979187, Spread: 0.000000
Epoch 52/600, Total: 1650.602011, Node: 959.339418, Link: 691.262600, Spread: 0.000000
Epoch 53/600, Total: 1655.485414, Node: 955.066736, Link: 700.418670, Spread: 0.000000
Epoch 54/600, Total: 1671.274820, Node: 978.612249, Link: 692.662581, Spread: 0.000000
Epoch 55/600, Total: 1640.883264, Node: 951.520244, Link: 689.363033, Spread: 0.000000
Epoch 56/600, Total: 1629.327189, Node: 952.076272, Link: 677.250926, Spread: 0.000000
Epoch 57/600, Total: 1635.092830, Node: 956.778129, Link: 678.314713, Spread: 0.000000
Epoch 58/600, Total: 1647.264119, Node: 952.398065, Link: 694.866031, Spread: 0.000000
Epoch 59/600, Total: 1637.814524, Node: 949.898793, Link: 687.915723, Spread: 0.000000
Epoch 60/600, Total: 1628.699836, Node: 951.220390, Link: 677.479431, Spread: 0.000000
Epoch 61/600, Total: 1632.673265, Node: 956.207033, Link: 676.466239, Spread: 0.000000
Epoch 62/600, Total: 1648.446562, Node: 953.871347, Link: 694.575250, Spread: 0.000000
Epoch 63/600, Total: 1645.076990, Node: 952.018160, Link: 693.058869, Spread: 0.000000
Epoch 64/600, Total: 1639.731112, Node: 951.911870, Link: 687.819252, Spread: 0.000000
Epoch 65/600, Total: 1649.699184, Node: 951.434715, Link: 698.264454, Spread: 0.000000
Epoch 66/600, Total: 1647.037915, Node: 949.799450, Link: 697.238471, Spread: 0.000000
Epoch 67/600, Total: 1641.087945, Node: 951.937521, Link: 689.150408, Spread: 0.000000
Epoch 68/600, Total: 1643.338667, Node: 950.008849, Link: 693.329815, Spread: 0.000000
Epoch 69/600, Total: 1637.012138, Node: 948.972880, Link: 688.039271, Spread: 0.000000
Epoch 70/600, Total: 1646.130500, Node: 951.409204, Link: 694.721294, Spread: 0.000000
Epoch 71/600, Total: 1637.010908, Node: 950.270591, Link: 686.740352, Spread: 0.000000
Epoch 72/600, Total: 1650.370958, Node: 960.811276, Link: 689.559656, Spread: 0.000000
Epoch 73/600, Total: 1649.318767, Node: 956.201246, Link: 693.117493, Spread: 0.000000
Epoch 74/600, Total: 1643.618590, Node: 949.438295, Link: 694.180272, Spread: 0.000000
Epoch 75/600, Total: 1627.963291, Node: 944.078046, Link: 683.885247, Spread: 0.000000
Epoch 76/600, Total: 1635.194296, Node: 944.828113, Link: 690.366193, Spread: 0.000000
Epoch 77/600, Total: 1656.882706, Node: 949.282357, Link: 707.600335, Spread: 0.000000
Epoch 78/600, Total: 1640.895947, Node: 946.508278, Link: 694.387642, Spread: 0.000000
Epoch 79/600, Total: 1649.806898, Node: 949.280942, Link: 700.525993, Spread: 0.000000
Epoch 80/600, Total: 1629.277859, Node: 944.443838, Link: 684.833990, Spread: 0.000000
Epoch 81/600, Total: 1645.411172, Node: 948.252458, Link: 697.158729, Spread: 0.000000
Epoch 82/600, Total: 1642.373728, Node: 946.225013, Link: 696.148707, Spread: 0.000000
Epoch 83/600, Total: 1631.019950, Node: 942.273038, Link: 688.746914, Spread: 0.000000
Epoch 84/600, Total: 1633.054017, Node: 944.127617, Link: 688.926398, Spread: 0.000000
Epoch 85/600, Total: 1641.141744, Node: 944.514998, Link: 696.626750, Spread: 0.000000
Epoch 86/600, Total: 1631.352320, Node: 942.673297, Link: 688.679006, Spread: 0.000000
Epoch 87/600, Total: 1633.035538, Node: 940.457444, Link: 692.578074, Spread: 0.000000
Epoch 88/600, Total: 1642.468719, Node: 947.421975, Link: 695.046765, Spread: 0.000000
Epoch 89/600, Total: 1645.596087, Node: 947.751193, Link: 697.844927, Spread: 0.000000
Epoch 90/600, Total: 1637.604868, Node: 945.019022, Link: 692.585873, Spread: 0.000000
Epoch 91/600, Total: 1634.941614, Node: 944.926462, Link: 690.015141, Spread: 0.000000
Epoch 92/600, Total: 1636.461771, Node: 947.005320, Link: 689.456423, Spread: 0.000000
Epoch 93/600, Total: 1634.600371, Node: 946.145674, Link: 688.454690, Spread: 0.000000
Epoch 94/600, Total: 1629.501926, Node: 945.254573, Link: 684.247379, Spread: 0.000000
Epoch 95/600, Total: 1636.314925, Node: 945.533108, Link: 690.781785, Spread: 0.000000
Epoch 96/600, Total: 1629.744886, Node: 944.920910, Link: 684.823977, Spread: 0.000000
Epoch 97/600, Total: 1632.961575, Node: 944.976376, Link: 687.985229, Spread: 0.000000
Epoch 98/600, Total: 1631.298789, Node: 944.592841, Link: 686.705938, Spread: 0.000000
Epoch 99/600, Total: 1632.230654, Node: 944.549468, Link: 687.681183, Spread: 0.000000
Epoch 100/600, Total: 1632.649046, Node: 944.496580, Link: 688.152435, Spread: 0.000000
Epoch 101/600, Total: 1633.024605, Node: 944.521216, Link: 688.503368, Spread: 0.000000
Epoch 102/600, Total: 1650.198133, Node: 941.742489, Link: 708.455653, Spread: 0.000000
Epoch 103/600, Total: 1623.031944, Node: 941.004130, Link: 682.027813, Spread: 0.000000
Epoch 104/600, Total: 1621.942891, Node: 940.841953, Link: 681.100944, Spread: 0.000000
Epoch 105/600, Total: 1624.765390, Node: 940.799551, Link: 683.965854, Spread: 0.000000
Epoch 106/600, Total: 1614.158340, Node: 941.332061, Link: 672.826263, Spread: 0.000000
Epoch 107/600, Total: 1632.459944, Node: 944.354056, Link: 688.105857, Spread: 0.000000
Epoch 108/600, Total: 1625.021641, Node: 942.763756, Link: 682.257895, Spread: 0.000000
Epoch 109/600, Total: 1636.453364, Node: 943.247735, Link: 693.205634, Spread: 0.000000
Epoch 110/600, Total: 1628.694125, Node: 943.725495, Link: 684.968618, Spread: 0.000000
Epoch 111/600, Total: 1637.381075, Node: 942.801042, Link: 694.580033, Spread: 0.000000
Epoch 112/600, Total: 1634.088650, Node: 943.282045, Link: 690.806597, Spread: 0.000000
Epoch 113/600, Total: 1633.308589, Node: 946.758506, Link: 686.550090, Spread: 0.000000
Epoch 114/600, Total: 1632.109321, Node: 945.066905, Link: 687.042420, Spread: 0.000000
Epoch 115/600, Total: 1631.967371, Node: 947.058081, Link: 684.909284, Spread: 0.000000
Epoch 116/600, Total: 1638.661936, Node: 948.370739, Link: 690.291196, Spread: 0.000000
Epoch 117/600, Total: 1627.772154, Node: 942.740309, Link: 685.031836, Spread: 0.000000
Epoch 118/600, Total: 1620.835784, Node: 941.425403, Link: 679.410412, Spread: 0.000000
Epoch 119/600, Total: 1630.323300, Node: 944.850489, Link: 685.472802, Spread: 0.000000
Epoch 120/600, Total: 1625.729687, Node: 946.742596, Link: 678.987094, Spread: 0.000000
Epoch 121/600, Total: 1634.688390, Node: 946.210694, Link: 688.477726, Spread: 0.000000
Epoch 122/600, Total: 1634.026419, Node: 946.758052, Link: 687.268395, Spread: 0.000000
Epoch 123/600, Total: 1623.770096, Node: 943.814679, Link: 679.955434, Spread: 0.000000
Epoch 124/600, Total: 1633.360958, Node: 945.964456, Link: 687.396508, Spread: 0.000000
Epoch 125/600, Total: 1634.177343, Node: 943.726430, Link: 690.450895, Spread: 0.000000
Epoch 126/600, Total: 1621.842717, Node: 941.749916, Link: 680.092787, Spread: 0.000000
Epoch 127/600, Total: 1634.564051, Node: 945.221018, Link: 689.343030, Spread: 0.000000
Epoch 128/600, Total: 1638.085371, Node: 944.965511, Link: 693.119873, Spread: 0.000000
Epoch 129/600, Total: 1632.832916, Node: 947.477538, Link: 685.355355, Spread: 0.000000
Epoch 130/600, Total: 1609.175735, Node: 942.566413, Link: 666.609332, Spread: 0.000000
Epoch 131/600, Total: 1633.798002, Node: 955.093837, Link: 678.704182, Spread: 0.000000
Epoch 132/600, Total: 1616.246780, Node: 942.107478, Link: 674.139312, Spread: 0.000000
Epoch 133/600, Total: 1639.767435, Node: 946.657002, Link: 693.110465, Spread: 0.000000
Epoch 134/600, Total: 1622.894278, Node: 942.079257, Link: 680.815005, Spread: 0.000000
Epoch 135/600, Total: 1625.754497, Node: 941.174019, Link: 684.580450, Spread: 0.000000
Epoch 136/600, Total: 1622.052689, Node: 941.420424, Link: 680.632252, Spread: 0.000000
Epoch 137/600, Total: 1635.057775, Node: 946.175656, Link: 688.882117, Spread: 0.000000
Epoch 138/600, Total: 1616.498041, Node: 942.950511, Link: 673.547517, Spread: 0.000000
Epoch 139/600, Total: 1624.256215, Node: 947.349533, Link: 676.906647, Spread: 0.000000
Epoch 140/600, Total: 1628.836572, Node: 949.491812, Link: 679.344760, Spread: 0.000000
Epoch 141/600, Total: 1613.388081, Node: 945.110983, Link: 668.277089, Spread: 0.000000
Epoch 142/600, Total: 1614.978125, Node: 939.533101, Link: 675.445045, Spread: 0.000000
Epoch 143/600, Total: 1608.771390, Node: 942.897412, Link: 665.873967, Spread: 0.000000
Epoch 144/600, Total: 1611.798153, Node: 941.134876, Link: 670.663270, Spread: 0.000000
Epoch 145/600, Total: 1609.127502, Node: 940.928391, Link: 668.199115, Spread: 0.000000
Epoch 146/600, Total: 1621.725628, Node: 941.678951, Link: 680.046684, Spread: 0.000000
Epoch 147/600, Total: 1621.102375, Node: 939.425616, Link: 681.676760, Spread: 0.000000
Epoch 148/600, Total: 1625.399782, Node: 941.541457, Link: 683.858325, Spread: 0.000000
Epoch 149/600, Total: 1605.432325, Node: 938.526577, Link: 666.905720, Spread: 0.000000
Epoch 150/600, Total: 1628.801157, Node: 946.389463, Link: 682.411687, Spread: 0.000000
Epoch 151/600, Total: 1631.727158, Node: 945.671377, Link: 686.055781, Spread: 0.000000
Epoch 152/600, Total: 1624.446913, Node: 943.872675, Link: 680.574227, Spread: 0.000000
Epoch 153/600, Total: 1635.861774, Node: 946.606833, Link: 689.254937, Spread: 0.000000
Epoch 154/600, Total: 1618.643000, Node: 942.590565, Link: 676.052432, Spread: 0.000000
Epoch 155/600, Total: 1611.498503, Node: 935.521534, Link: 675.976965, Spread: 0.000000
Epoch 156/600, Total: 1605.519185, Node: 938.331067, Link: 667.188115, Spread: 0.000000
Epoch 157/600, Total: 1634.743490, Node: 941.908360, Link: 692.835158, Spread: 0.000000
Epoch 158/600, Total: 1641.548063, Node: 949.961913, Link: 691.586188, Spread: 0.000000
Epoch 159/600, Total: 1612.850311, Node: 947.544216, Link: 665.306098, Spread: 0.000000
Epoch 160/600, Total: 1619.070856, Node: 944.608489, Link: 674.462374, Spread: 0.000000
Epoch 161/600, Total: 1600.977634, Node: 936.623145, Link: 664.354474, Spread: 0.000000
Epoch 162/600, Total: 1606.276864, Node: 937.107421, Link: 669.169430, Spread: 0.000000
Epoch 163/600, Total: 1607.636224, Node: 937.575611, Link: 670.060593, Spread: 0.000000
Epoch 164/600, Total: 1613.677326, Node: 940.135431, Link: 673.541907, Spread: 0.000000
Epoch 165/600, Total: 1632.401947, Node: 947.622644, Link: 684.779306, Spread: 0.000000
Epoch 166/600, Total: 1618.524508, Node: 934.433063, Link: 684.091449, Spread: 0.000000
Epoch 167/600, Total: 1613.384727, Node: 936.479159, Link: 676.905562, Spread: 0.000000
Epoch 168/600, Total: 1609.157654, Node: 934.300136, Link: 674.857507, Spread: 0.000000
Epoch 169/600, Total: 1608.959248, Node: 940.479194, Link: 668.480095, Spread: 0.000000
Epoch 170/600, Total: 1624.587585, Node: 943.977425, Link: 680.610143, Spread: 0.000000
Epoch 171/600, Total: 1608.498413, Node: 940.447758, Link: 668.050646, Spread: 0.000000
Epoch 172/600, Total: 1615.353035, Node: 942.071805, Link: 673.281214, Spread: 0.000000
Epoch 173/600, Total: 1626.109548, Node: 942.047726, Link: 684.061809, Spread: 0.000000
Epoch 174/600, Total: 1609.841187, Node: 941.678308, Link: 668.162853, Spread: 0.000000
Epoch 175/600, Total: 1610.280110, Node: 935.655692, Link: 674.624419, Spread: 0.000000
Epoch 176/600, Total: 1625.519822, Node: 945.601474, Link: 679.918365, Spread: 0.000000
Epoch 177/600, Total: 1626.786746, Node: 943.113552, Link: 683.673188, Spread: 0.000000
Epoch 178/600, Total: 1617.395233, Node: 943.447038, Link: 673.948220, Spread: 0.000000
Epoch 179/600, Total: 1611.619022, Node: 939.824687, Link: 671.794320, Spread: 0.000000
Epoch 180/600, Total: 1617.148765, Node: 943.494740, Link: 673.654036, Spread: 0.000000
Epoch 181/600, Total: 1627.208872, Node: 939.434182, Link: 687.774686, Spread: 0.000000
Epoch 182/600, Total: 1625.106744, Node: 943.580668, Link: 681.526070, Spread: 0.000000
Epoch 183/600, Total: 1616.603716, Node: 943.060951, Link: 673.542756, Spread: 0.000000
Epoch 184/600, Total: 1615.926556, Node: 942.796904, Link: 673.129636, Spread: 0.000000
Epoch 185/600, Total: 1608.454606, Node: 938.264260, Link: 670.190332, Spread: 0.000000
Epoch 186/600, Total: 1612.738527, Node: 939.434919, Link: 673.303599, Spread: 0.000000
Epoch 187/600, Total: 1618.704055, Node: 941.691104, Link: 677.012961, Spread: 0.000000
Epoch 188/600, Total: 1613.223845, Node: 937.871508, Link: 675.352310, Spread: 0.000000
Epoch 189/600, Total: 1625.201614, Node: 944.909484, Link: 680.292117, Spread: 0.000000
Epoch 190/600, Total: 1619.446796, Node: 945.904001, Link: 673.542791, Spread: 0.000000
Epoch 191/600, Total: 1612.558807, Node: 941.025796, Link: 671.533013, Spread: 0.000000
Epoch 192/600, Total: 1614.298950, Node: 942.197512, Link: 672.101443, Spread: 0.000000
Epoch 193/600, Total: 1624.577399, Node: 947.863527, Link: 676.713877, Spread: 0.000000
Epoch 194/600, Total: 1613.685087, Node: 940.800748, Link: 672.884329, Spread: 0.000000
Epoch 195/600, Total: 1611.726900, Node: 941.477563, Link: 670.249322, Spread: 0.000000
Epoch 196/600, Total: 1614.882652, Node: 946.942787, Link: 667.939832, Spread: 0.000000
Epoch 197/600, Total: 1628.826385, Node: 947.713451, Link: 681.112951, Spread: 0.000000
Epoch 198/600, Total: 1614.607813, Node: 940.917222, Link: 673.690595, Spread: 0.000000
Epoch 199/600, Total: 1597.308172, Node: 936.127054, Link: 661.181135, Spread: 0.000000
Epoch 200/600, Total: 1607.902166, Node: 937.323824, Link: 670.578360, Spread: 0.000000
Epoch 201/600, Total: 1611.278782, Node: 940.485235, Link: 670.793554, Spread: 0.000000
Epoch 202/600, Total: 1631.920950, Node: 943.638330, Link: 688.282624, Spread: 0.000000
Epoch 203/600, Total: 1601.352543, Node: 935.785042, Link: 665.567520, Spread: 0.000000
Epoch 204/600, Total: 1611.694046, Node: 940.091781, Link: 671.602269, Spread: 0.000000
Epoch 205/600, Total: 1619.851814, Node: 940.262986, Link: 679.588840, Spread: 0.000000
Epoch 206/600, Total: 1631.359709, Node: 947.038183, Link: 684.321516, Spread: 0.000000
Epoch 207/600, Total: 1624.992129, Node: 947.032530, Link: 677.959603, Spread: 0.000000
Epoch 208/600, Total: 1628.914906, Node: 948.548148, Link: 680.366751, Spread: 0.000000
Epoch 209/600, Total: 1613.428888, Node: 945.140131, Link: 668.288780, Spread: 0.000000
Epoch 210/600, Total: 1619.949001, Node: 941.182552, Link: 678.766448, Spread: 0.000000
Epoch 211/600, Total: 1598.259821, Node: 943.768355, Link: 654.491485, Spread: 0.000000
Epoch 212/600, Total: 1609.493502, Node: 948.601636, Link: 660.891864, Spread: 0.000000
Epoch 213/600, Total: 1622.465181, Node: 951.509945, Link: 670.955248, Spread: 0.000000
Epoch 214/600, Total: 1611.144337, Node: 948.592281, Link: 662.552047, Spread: 0.000000
Epoch 215/600, Total: 1629.736971, Node: 953.022411, Link: 676.714565, Spread: 0.000000
Epoch 216/600, Total: 1619.597485, Node: 952.228638, Link: 667.368833, Spread: 0.000000
Epoch 217/600, Total: 1633.546312, Node: 952.394176, Link: 681.152130, Spread: 0.000000
Epoch 218/600, Total: 1629.112692, Node: 953.675605, Link: 675.437083, Spread: 0.000000
Epoch 219/600, Total: 1609.069740, Node: 948.213831, Link: 660.855924, Spread: 0.000000
Epoch 220/600, Total: 1605.742309, Node: 941.701919, Link: 664.040381, Spread: 0.000000
Epoch 221/600, Total: 1598.820966, Node: 937.962483, Link: 660.858457, Spread: 0.000000
Epoch 222/600, Total: 1602.127441, Node: 942.994349, Link: 659.133080, Spread: 0.000000
Epoch 223/600, Total: 1607.479744, Node: 947.592713, Link: 659.887004, Spread: 0.000000
Epoch 224/600, Total: 1600.810103, Node: 943.773693, Link: 657.036426, Spread: 0.000000
Epoch 225/600, Total: 1610.936630, Node: 945.303924, Link: 665.632718, Spread: 0.000000
Epoch 226/600, Total: 1601.944640, Node: 941.722823, Link: 660.221870, Spread: 0.000000
Epoch 227/600, Total: 1615.621891, Node: 946.445026, Link: 669.176852, Spread: 0.000000
Epoch 228/600, Total: 1599.795141, Node: 947.117868, Link: 652.677246, Spread: 0.000000
Epoch 229/600, Total: 1604.194584, Node: 945.621598, Link: 658.573010, Spread: 0.000000
Epoch 230/600, Total: 1600.000843, Node: 943.500694, Link: 656.500145, Spread: 0.000000
Epoch 231/600, Total: 1599.508997, Node: 941.983212, Link: 657.525778, Spread: 0.000000
Epoch 232/600, Total: 1604.051954, Node: 945.647410, Link: 658.404570, Spread: 0.000000
Epoch 233/600, Total: 1596.009062, Node: 939.670151, Link: 656.338880, Spread: 0.000000
Epoch 234/600, Total: 1586.728689, Node: 935.736352, Link: 650.992334, Spread: 0.000000
Epoch 235/600, Total: 1594.673662, Node: 940.621125, Link: 654.052551, Spread: 0.000000
Epoch 236/600, Total: 1600.933210, Node: 939.827285, Link: 661.105919, Spread: 0.000000
Epoch 237/600, Total: 1596.836990, Node: 942.016052, Link: 654.820972, Spread: 0.000000
Epoch 238/600, Total: 1605.169954, Node: 945.322910, Link: 659.847023, Spread: 0.000000
Epoch 239/600, Total: 1615.503746, Node: 940.747840, Link: 674.755910, Spread: 0.000000
Epoch 240/600, Total: 1589.104660, Node: 936.192091, Link: 652.912589, Spread: 0.000000
Epoch 241/600, Total: 1610.340443, Node: 944.772301, Link: 665.568158, Spread: 0.000000
Epoch 242/600, Total: 1611.606468, Node: 941.447179, Link: 670.159286, Spread: 0.000000
Epoch 243/600, Total: 1596.312022, Node: 939.698319, Link: 656.613696, Spread: 0.000000
Epoch 244/600, Total: 1594.234903, Node: 937.529410, Link: 656.705508, Spread: 0.000000
Epoch 245/600, Total: 1605.503300, Node: 944.209996, Link: 661.293276, Spread: 0.000000
Epoch 246/600, Total: 1602.344485, Node: 942.641492, Link: 659.702995, Spread: 0.000000
Epoch 247/600, Total: 1593.147958, Node: 937.328717, Link: 655.819211, Spread: 0.000000
Epoch 248/600, Total: 1595.829141, Node: 937.661019, Link: 658.168136, Spread: 0.000000
Epoch 249/600, Total: 1602.734976, Node: 945.332544, Link: 657.402445, Spread: 0.000000
Epoch 250/600, Total: 1606.182762, Node: 945.724950, Link: 660.457834, Spread: 0.000000
Epoch 251/600, Total: 1596.412294, Node: 938.400199, Link: 658.012114, Spread: 0.000000
Epoch 252/600, Total: 1590.408276, Node: 938.303905, Link: 652.104345, Spread: 0.000000
Epoch 253/600, Total: 1597.992001, Node: 940.181036, Link: 657.810955, Spread: 0.000000
Epoch 254/600, Total: 1586.979819, Node: 932.909337, Link: 654.070489, Spread: 0.000000
Epoch 255/600, Total: 1590.351522, Node: 936.402427, Link: 653.949089, Spread: 0.000000
Epoch 256/600, Total: 1597.278280, Node: 940.077058, Link: 657.201187, Spread: 0.000000
Epoch 257/600, Total: 1598.834647, Node: 938.989922, Link: 659.844729, Spread: 0.000000
Epoch 258/600, Total: 1597.718629, Node: 937.651824, Link: 660.066804, Spread: 0.000000
Epoch 259/600, Total: 1592.599534, Node: 939.563050, Link: 653.036525, Spread: 0.000000
Epoch 260/600, Total: 1590.903990, Node: 939.223992, Link: 651.680016, Spread: 0.000000
Epoch 261/600, Total: 1594.654498, Node: 939.799310, Link: 654.855206, Spread: 0.000000
Epoch 262/600, Total: 1603.358465, Node: 946.362551, Link: 656.995908, Spread: 0.000000
Epoch 263/600, Total: 1600.973600, Node: 944.461884, Link: 656.511691, Spread: 0.000000
Epoch 264/600, Total: 1592.307464, Node: 936.551278, Link: 655.756189, Spread: 0.000000
Epoch 265/600, Total: 1590.658548, Node: 938.914773, Link: 651.743742, Spread: 0.000000
Epoch 266/600, Total: 1594.400885, Node: 942.572590, Link: 651.828271, Spread: 0.000000
Epoch 267/600, Total: 1592.478271, Node: 936.110507, Link: 656.367770, Spread: 0.000000
Epoch 268/600, Total: 1590.258387, Node: 936.180457, Link: 654.077968, Spread: 0.000000
Epoch 269/600, Total: 1586.771632, Node: 935.724928, Link: 651.046679, Spread: 0.000000
Epoch 270/600, Total: 1589.949570, Node: 936.050252, Link: 653.899308, Spread: 0.000000
Epoch 271/600, Total: 1591.885422, Node: 937.839957, Link: 654.045435, Spread: 0.000000
Epoch 272/600, Total: 1596.918177, Node: 940.890021, Link: 656.028137, Spread: 0.000000
Epoch 273/600, Total: 1594.964823, Node: 940.078299, Link: 654.886530, Spread: 0.000000
Epoch 274/600, Total: 1595.200258, Node: 939.410690, Link: 655.789550, Spread: 0.000000
Epoch 275/600, Total: 1598.123295, Node: 940.016580, Link: 658.106729, Spread: 0.000000
Epoch 276/600, Total: 1587.797232, Node: 934.329013, Link: 653.468233, Spread: 0.000000
Epoch 277/600, Total: 1585.693402, Node: 935.014222, Link: 650.679197, Spread: 0.000000
Epoch 278/600, Total: 1602.657879, Node: 939.989265, Link: 662.668618, Spread: 0.000000
Epoch 279/600, Total: 1602.012717, Node: 943.366660, Link: 658.646063, Spread: 0.000000
Epoch 280/600, Total: 1584.886923, Node: 934.222419, Link: 650.664514, Spread: 0.000000
Epoch 281/600, Total: 1586.775401, Node: 938.121220, Link: 648.654192, Spread: 0.000000
Epoch 282/600, Total: 1585.647676, Node: 934.353090, Link: 651.294593, Spread: 0.000000
Epoch 283/600, Total: 1595.693052, Node: 939.457629, Link: 656.235432, Spread: 0.000000
Epoch 284/600, Total: 1588.682799, Node: 936.029037, Link: 652.653778, Spread: 0.000000
Epoch 285/600, Total: 1598.108127, Node: 944.526848, Link: 653.581296, Spread: 0.000000
Epoch 286/600, Total: 1586.874159, Node: 935.143648, Link: 651.730498, Spread: 0.000000
Epoch 287/600, Total: 1604.412266, Node: 945.580750, Link: 658.831510, Spread: 0.000000
Epoch 288/600, Total: 1586.142974, Node: 935.796468, Link: 650.346513, Spread: 0.000000
Epoch 289/600, Total: 1589.597318, Node: 937.052408, Link: 652.544893, Spread: 0.000000
Epoch 290/600, Total: 1589.652409, Node: 937.748706, Link: 651.903692, Spread: 0.000000
Epoch 291/600, Total: 1599.402780, Node: 943.423726, Link: 655.979043, Spread: 0.000000
Epoch 292/600, Total: 1590.259067, Node: 937.838102, Link: 652.420965, Spread: 0.000000
Epoch 293/600, Total: 1586.115784, Node: 932.415792, Link: 653.699994, Spread: 0.000000
Epoch 294/600, Total: 1584.977255, Node: 935.442502, Link: 649.534764, Spread: 0.000000
Epoch 295/600, Total: 1589.419388, Node: 936.190277, Link: 653.229114, Spread: 0.000000
Epoch 296/600, Total: 1579.255717, Node: 933.654671, Link: 645.601054, Spread: 0.000000
Epoch 297/600, Total: 1598.109599, Node: 936.788655, Link: 661.320953, Spread: 0.000000
Epoch 298/600, Total: 1592.238323, Node: 943.025768, Link: 649.212574, Spread: 0.000000
Epoch 299/600, Total: 1592.849170, Node: 938.392848, Link: 654.456363, Spread: 0.000000
Epoch 300/600, Total: 1584.050522, Node: 933.206321, Link: 650.844184, Spread: 0.000000
Epoch 301/600, Total: 1585.703259, Node: 933.225887, Link: 652.477382, Spread: 0.000000
Epoch 302/600, Total: 1596.504282, Node: 939.802332, Link: 656.701945, Spread: 0.000000
Epoch 303/600, Total: 1578.906882, Node: 933.457823, Link: 645.449055, Spread: 0.000000
Epoch 304/600, Total: 1585.277541, Node: 938.658261, Link: 646.619266, Spread: 0.000000
Epoch 305/600, Total: 1587.187512, Node: 934.664132, Link: 652.523376, Spread: 0.000000
Epoch 306/600, Total: 1590.767032, Node: 936.839943, Link: 653.927088, Spread: 0.000000
Epoch 307/600, Total: 1598.423038, Node: 946.813587, Link: 651.609472, Spread: 0.000000
Epoch 308/600, Total: 1594.187615, Node: 940.198230, Link: 653.989356, Spread: 0.000000
Epoch 309/600, Total: 1579.724908, Node: 932.764787, Link: 646.960116, Spread: 0.000000
Epoch 310/600, Total: 1585.952999, Node: 932.055811, Link: 653.897194, Spread: 0.000000
Epoch 311/600, Total: 1578.535419, Node: 932.148793, Link: 646.386649, Spread: 0.000000
Epoch 312/600, Total: 1587.994543, Node: 937.874595, Link: 650.119952, Spread: 0.000000
Epoch 313/600, Total: 1600.977653, Node: 943.692283, Link: 657.285371, Spread: 0.000000
Epoch 314/600, Total: 1599.403098, Node: 940.615481, Link: 658.787635, Spread: 0.000000
Epoch 315/600, Total: 1578.881205, Node: 932.739480, Link: 646.141746, Spread: 0.000000
Epoch 316/600, Total: 1588.644783, Node: 934.436309, Link: 654.208497, Spread: 0.000000
Epoch 317/600, Total: 1587.667770, Node: 941.352644, Link: 646.315128, Spread: 0.000000
Epoch 318/600, Total: 1581.017258, Node: 933.931663, Link: 647.085603, Spread: 0.000000
Epoch 319/600, Total: 1603.716824, Node: 945.781470, Link: 657.935365, Spread: 0.000000
Epoch 320/600, Total: 1589.245911, Node: 938.581990, Link: 650.663939, Spread: 0.000000
Epoch 321/600, Total: 1581.667934, Node: 931.342255, Link: 650.325695, Spread: 0.000000
Epoch 322/600, Total: 1584.757027, Node: 935.885476, Link: 648.871526, Spread: 0.000000
Epoch 323/600, Total: 1587.823153, Node: 939.487277, Link: 648.335894, Spread: 0.000000
Epoch 324/600, Total: 1609.136627, Node: 945.482644, Link: 663.653970, Spread: 0.000000
Epoch 325/600, Total: 1592.362020, Node: 938.605650, Link: 653.756374, Spread: 0.000000
Epoch 326/600, Total: 1600.052617, Node: 941.375388, Link: 658.677235, Spread: 0.000000
Epoch 327/600, Total: 1605.822178, Node: 943.531555, Link: 662.290608, Spread: 0.000000
Epoch 328/600, Total: 1582.522688, Node: 936.325257, Link: 646.197440, Spread: 0.000000
Epoch 329/600, Total: 1592.230124, Node: 940.982380, Link: 651.247754, Spread: 0.000000
Epoch 330/600, Total: 1578.748341, Node: 936.183996, Link: 642.564357, Spread: 0.000000
Epoch 331/600, Total: 1587.617838, Node: 936.262740, Link: 651.355099, Spread: 0.000000
Epoch 332/600, Total: 1589.006124, Node: 939.319026, Link: 649.687086, Spread: 0.000000
Epoch 333/600, Total: 1578.903644, Node: 932.216159, Link: 646.687477, Spread: 0.000000
Epoch 334/600, Total: 1588.458305, Node: 939.698174, Link: 648.760135, Spread: 0.000000
Epoch 335/600, Total: 1584.320834, Node: 931.230948, Link: 653.089888, Spread: 0.000000
Epoch 336/600, Total: 1587.791875, Node: 933.482180, Link: 654.309703, Spread: 0.000000
Epoch 337/600, Total: 1586.670497, Node: 938.167244, Link: 648.503230, Spread: 0.000000
Epoch 338/600, Total: 1601.624641, Node: 944.115068, Link: 657.509593, Spread: 0.000000
Epoch 339/600, Total: 1595.729969, Node: 939.066305, Link: 656.663695, Spread: 0.000000
Epoch 340/600, Total: 1590.532270, Node: 937.432248, Link: 653.100027, Spread: 0.000000
Epoch 341/600, Total: 1590.107630, Node: 932.143738, Link: 657.963876, Spread: 0.000000
Epoch 342/600, Total: 1577.809111, Node: 930.900415, Link: 646.908685, Spread: 0.000000
Epoch 343/600, Total: 1594.933726, Node: 944.970265, Link: 649.963456, Spread: 0.000000
Epoch 344/600, Total: 1589.940892, Node: 937.163702, Link: 652.777219, Spread: 0.000000
Epoch 345/600, Total: 1611.416061, Node: 945.175708, Link: 666.240349, Spread: 0.000000
Epoch 346/600, Total: 1595.063347, Node: 944.235435, Link: 650.827925, Spread: 0.000000
Epoch 347/600, Total: 1575.724734, Node: 931.794242, Link: 643.930481, Spread: 0.000000
Epoch 348/600, Total: 1593.055569, Node: 941.528480, Link: 651.527114, Spread: 0.000000
Epoch 349/600, Total: 1601.072060, Node: 942.244374, Link: 658.827691, Spread: 0.000000
Epoch 350/600, Total: 1576.222561, Node: 930.798799, Link: 645.423783, Spread: 0.000000
Epoch 351/600, Total: 1571.218321, Node: 927.259585, Link: 643.958718, Spread: 0.000000
Epoch 352/600, Total: 1577.031904, Node: 931.966238, Link: 645.065656, Spread: 0.000000
Epoch 353/600, Total: 1592.139620, Node: 939.352601, Link: 652.787039, Spread: 0.000000
Epoch 354/600, Total: 1596.333403, Node: 945.269392, Link: 651.063990, Spread: 0.000000
Epoch 355/600, Total: 1592.480011, Node: 937.241000, Link: 655.239008, Spread: 0.000000
Epoch 356/600, Total: 1573.507034, Node: 929.737092, Link: 643.769949, Spread: 0.000000
Epoch 357/600, Total: 1588.589285, Node: 936.321765, Link: 652.267521, Spread: 0.000000
Epoch 358/600, Total: 1575.480257, Node: 930.094707, Link: 645.385521, Spread: 0.000000
Epoch 359/600, Total: 1588.692089, Node: 935.798608, Link: 652.893479, Spread: 0.000000
Epoch 360/600, Total: 1596.741872, Node: 940.233649, Link: 656.508240, Spread: 0.000000
Epoch 361/600, Total: 1590.138637, Node: 939.601198, Link: 650.537447, Spread: 0.000000
Epoch 362/600, Total: 1576.652085, Node: 931.539092, Link: 645.112947, Spread: 0.000000
Epoch 363/600, Total: 1583.304619, Node: 931.724981, Link: 651.579651, Spread: 0.000000
Epoch 364/600, Total: 1584.011505, Node: 937.412071, Link: 646.599433, Spread: 0.000000
Epoch 365/600, Total: 1588.130619, Node: 937.937024, Link: 650.193578, Spread: 0.000000
Epoch 366/600, Total: 1593.151756, Node: 937.087659, Link: 656.064072, Spread: 0.000000
Epoch 367/600, Total: 1592.819531, Node: 937.666574, Link: 655.152972, Spread: 0.000000
Epoch 368/600, Total: 1581.110427, Node: 936.609278, Link: 644.501145, Spread: 0.000000
Epoch 369/600, Total: 1587.623257, Node: 937.797923, Link: 649.825324, Spread: 0.000000
Epoch 370/600, Total: 1591.953160, Node: 938.456337, Link: 653.496789, Spread: 0.000000
Epoch 371/600, Total: 1593.200559, Node: 944.410718, Link: 648.789859, Spread: 0.000000
Epoch 372/600, Total: 1603.648972, Node: 950.236701, Link: 653.412244, Spread: 0.000000
Epoch 373/600, Total: 1593.158207, Node: 936.202445, Link: 656.955767, Spread: 0.000000
Epoch 374/600, Total: 1586.997492, Node: 940.608410, Link: 646.389057, Spread: 0.000000
Epoch 375/600, Total: 1577.915086, Node: 930.095400, Link: 647.819698, Spread: 0.000000
Epoch 376/600, Total: 1583.442912, Node: 933.542422, Link: 649.900468, Spread: 0.000000
Epoch 377/600, Total: 1585.841037, Node: 938.629550, Link: 647.211484, Spread: 0.000000
Epoch 378/600, Total: 1570.025851, Node: 930.616848, Link: 639.408985, Spread: 0.000000
Epoch 379/600, Total: 1575.937996, Node: 929.990966, Link: 645.946996, Spread: 0.000000
Epoch 380/600, Total: 1578.674394, Node: 934.937516, Link: 643.736910, Spread: 0.000000
Epoch 381/600, Total: 1595.679848, Node: 939.878966, Link: 655.800868, Spread: 0.000000
Epoch 382/600, Total: 1586.016861, Node: 938.082507, Link: 647.934333, Spread: 0.000000
Epoch 383/600, Total: 1608.060146, Node: 946.398303, Link: 661.661835, Spread: 0.000000
Epoch 384/600, Total: 1595.272087, Node: 932.160853, Link: 663.111237, Spread: 0.000000
Epoch 385/600, Total: 1586.434443, Node: 934.181657, Link: 652.252799, Spread: 0.000000
Epoch 386/600, Total: 1575.168643, Node: 930.134284, Link: 645.034381, Spread: 0.000000
Epoch 387/600, Total: 1600.980083, Node: 936.187808, Link: 664.792287, Spread: 0.000000
Epoch 388/600, Total: 1605.557140, Node: 943.886427, Link: 661.670698, Spread: 0.000000
Epoch 389/600, Total: 1595.756749, Node: 936.503009, Link: 659.253713, Spread: 0.000000
Epoch 390/600, Total: 1596.804593, Node: 942.765935, Link: 654.038628, Spread: 0.000000
Epoch 391/600, Total: 1575.576812, Node: 931.607492, Link: 643.969301, Spread: 0.000000
Epoch 392/600, Total: 1581.212857, Node: 934.349870, Link: 646.862986, Spread: 0.000000
Epoch 393/600, Total: 1594.653212, Node: 943.375057, Link: 651.278166, Spread: 0.000000
Epoch 394/600, Total: 1580.354726, Node: 932.223654, Link: 648.131039, Spread: 0.000000
Epoch 395/600, Total: 1589.298094, Node: 939.712936, Link: 649.585132, Spread: 0.000000
Epoch 396/600, Total: 1591.925697, Node: 941.505419, Link: 650.420275, Spread: 0.000000
Epoch 397/600, Total: 1589.066111, Node: 935.335388, Link: 653.730722, Spread: 0.000000
Epoch 398/600, Total: 1588.299229, Node: 933.463917, Link: 654.835300, Spread: 0.000000
Epoch 399/600, Total: 1591.157029, Node: 937.040878, Link: 654.116132, Spread: 0.000000
Epoch 400/600, Total: 1570.477048, Node: 928.533758, Link: 641.943266, Spread: 0.000000
Epoch 401/600, Total: 1572.998257, Node: 930.637040, Link: 642.361237, Spread: 0.000000
Epoch 402/600, Total: 1590.411551, Node: 937.112272, Link: 653.299277, Spread: 0.000000
Epoch 403/600, Total: 1597.975182, Node: 943.259505, Link: 654.715667, Spread: 0.000000
Epoch 404/600, Total: 1579.373412, Node: 932.623298, Link: 646.750120, Spread: 0.000000
Epoch 405/600, Total: 1587.205692, Node: 933.915554, Link: 653.290151, Spread: 0.000000
Epoch 406/600, Total: 1601.699060, Node: 941.872344, Link: 659.826726, Spread: 0.000000
Epoch 407/600, Total: 1617.794490, Node: 956.268957, Link: 661.525511, Spread: 0.000000
Epoch 408/600, Total: 1590.477654, Node: 941.592969, Link: 648.884692, Spread: 0.000000
Epoch 409/600, Total: 1577.332832, Node: 930.888134, Link: 646.444712, Spread: 0.000000
Epoch 410/600, Total: 1585.633510, Node: 939.932073, Link: 645.701458, Spread: 0.000000
Epoch 411/600, Total: 1595.864849, Node: 943.334967, Link: 652.529880, Spread: 0.000000
Epoch 412/600, Total: 1591.969477, Node: 936.371758, Link: 655.597715, Spread: 0.000000
Epoch 413/600, Total: 1614.986571, Node: 946.650918, Link: 668.335666, Spread: 0.000000
Epoch 414/600, Total: 1588.004501, Node: 936.350868, Link: 651.653643, Spread: 0.000000
Epoch 415/600, Total: 1609.780415, Node: 941.885880, Link: 667.894511, Spread: 0.000000
Epoch 416/600, Total: 1595.205009, Node: 936.862707, Link: 658.342294, Spread: 0.000000
Epoch 417/600, Total: 1587.898791, Node: 937.275672, Link: 650.623126, Spread: 0.000000
Epoch 418/600, Total: 1595.200441, Node: 942.261272, Link: 652.939218, Spread: 0.000000
Epoch 419/600, Total: 1593.460449, Node: 938.499740, Link: 654.960710, Spread: 0.000000
Epoch 420/600, Total: 1591.008851, Node: 938.234516, Link: 652.774346, Spread: 0.000000
Epoch 421/600, Total: 1590.083115, Node: 939.635488, Link: 650.447629, Spread: 0.000000
Epoch 422/600, Total: 1603.638310, Node: 946.223590, Link: 657.414727, Spread: 0.000000
Epoch 423/600, Total: 1591.827840, Node: 937.233600, Link: 654.594211, Spread: 0.000000
Epoch 424/600, Total: 1607.185616, Node: 946.551201, Link: 660.634418, Spread: 0.000000
Epoch 425/600, Total: 1585.481302, Node: 937.119516, Link: 648.361780, Spread: 0.000000
Epoch 426/600, Total: 1592.951355, Node: 939.565020, Link: 653.386327, Spread: 0.000000
Epoch 427/600, Total: 1575.546813, Node: 932.231699, Link: 643.315118, Spread: 0.000000
Epoch 428/600, Total: 1579.338575, Node: 934.404914, Link: 644.933667, Spread: 0.000000
Epoch 429/600, Total: 1585.716320, Node: 936.891836, Link: 648.824494, Spread: 0.000000
Epoch 430/600, Total: 1598.182504, Node: 942.445445, Link: 655.737075, Spread: 0.000000
Epoch 431/600, Total: 1572.629508, Node: 928.944013, Link: 643.685456, Spread: 0.000000
Epoch 432/600, Total: 1587.244432, Node: 939.861004, Link: 647.383456, Spread: 0.000000
Epoch 433/600, Total: 1585.354609, Node: 939.709443, Link: 645.645170, Spread: 0.000000
Epoch 434/600, Total: 1588.894683, Node: 936.807479, Link: 652.087218, Spread: 0.000000
Epoch 435/600, Total: 1587.273525, Node: 937.678405, Link: 649.595133, Spread: 0.000000
Epoch 436/600, Total: 1581.083880, Node: 934.682377, Link: 646.401518, Spread: 0.000000
Epoch 437/600, Total: 1573.385970, Node: 931.560425, Link: 641.825541, Spread: 0.000000
Epoch 438/600, Total: 1581.946454, Node: 934.641506, Link: 647.304914, Spread: 0.000000
Epoch 439/600, Total: 1583.694437, Node: 932.207062, Link: 651.487346, Spread: 0.000000
Epoch 440/600, Total: 1590.307860, Node: 939.654519, Link: 650.653370, Spread: 0.000000
Epoch 441/600, Total: 1591.690571, Node: 938.531577, Link: 653.158991, Spread: 0.000000
Epoch 442/600, Total: 1593.159750, Node: 938.855311, Link: 654.304493, Spread: 0.000000
Epoch 443/600, Total: 1591.947762, Node: 937.928515, Link: 654.019225, Spread: 0.000000
Epoch 444/600, Total: 1587.596425, Node: 940.701841, Link: 646.894600, Spread: 0.000000
Epoch 445/600, Total: 1606.093233, Node: 951.918754, Link: 654.174505, Spread: 0.000000
Epoch 446/600, Total: 1596.873240, Node: 938.077135, Link: 658.796106, Spread: 0.000000
Epoch 447/600, Total: 1594.242211, Node: 941.089503, Link: 653.152705, Spread: 0.000000
Epoch 448/600, Total: 1588.265206, Node: 937.169378, Link: 651.095826, Spread: 0.000000
Epoch 449/600, Total: 1640.306396, Node: 960.213256, Link: 680.093137, Spread: 0.000000
Epoch 450/600, Total: 1594.539849, Node: 942.831421, Link: 651.708417, Spread: 0.000000
Epoch 451/600, Total: 1581.969094, Node: 935.286524, Link: 646.682556, Spread: 0.000000
Epoch 452/600, Total: 1588.702049, Node: 938.211109, Link: 650.490950, Spread: 0.000000
Epoch 453/600, Total: 1590.177912, Node: 938.570277, Link: 651.607646, Spread: 0.000000
Epoch 454/600, Total: 1593.968211, Node: 939.180338, Link: 654.787884, Spread: 0.000000
Epoch 455/600, Total: 1588.722831, Node: 937.446550, Link: 651.276271, Spread: 0.000000
Epoch 456/600, Total: 1582.336235, Node: 936.078877, Link: 646.257340, Spread: 0.000000
Epoch 457/600, Total: 1582.515522, Node: 937.004934, Link: 645.510607, Spread: 0.000000
Epoch 458/600, Total: 1601.198277, Node: 944.393053, Link: 656.805258, Spread: 0.000000
Epoch 459/600, Total: 1589.017279, Node: 942.168434, Link: 646.848872, Spread: 0.000000
Epoch 460/600, Total: 1580.054697, Node: 932.535850, Link: 647.518866, Spread: 0.000000
Epoch 461/600, Total: 1585.309340, Node: 937.013515, Link: 648.295855, Spread: 0.000000
Epoch 462/600, Total: 1603.891829, Node: 949.735362, Link: 654.156449, Spread: 0.000000
Epoch 463/600, Total: 1599.029562, Node: 941.359944, Link: 657.669618, Spread: 0.000000
Epoch 464/600, Total: 1584.170432, Node: 933.541811, Link: 650.628628, Spread: 0.000000
Epoch 465/600, Total: 1590.257677, Node: 939.141832, Link: 651.115858, Spread: 0.000000
Epoch 466/600, Total: 1595.657729, Node: 940.400204, Link: 655.257538, Spread: 0.000000
Epoch 467/600, Total: 1606.840012, Node: 947.432807, Link: 659.407205, Spread: 0.000000
Epoch 468/600, Total: 1595.496888, Node: 941.445656, Link: 654.051221, Spread: 0.000000
Epoch 469/600, Total: 1604.674158, Node: 941.577189, Link: 663.096956, Spread: 0.000000
Epoch 470/600, Total: 1590.738232, Node: 936.467088, Link: 654.271127, Spread: 0.000000
Epoch 471/600, Total: 1581.939259, Node: 933.655380, Link: 648.283890, Spread: 0.000000
Epoch 472/600, Total: 1600.768102, Node: 946.557349, Link: 654.210735, Spread: 0.000000
Epoch 473/600, Total: 1585.361856, Node: 938.458695, Link: 646.903156, Spread: 0.000000
Epoch 474/600, Total: 1586.547262, Node: 937.591700, Link: 648.955568, Spread: 0.000000
Epoch 475/600, Total: 1577.463692, Node: 933.587517, Link: 643.876172, Spread: 0.000000
Epoch 476/600, Total: 1581.442327, Node: 937.135594, Link: 644.306726, Spread: 0.000000
Epoch 477/600, Total: 1579.240919, Node: 934.823540, Link: 644.417359, Spread: 0.000000
Epoch 478/600, Total: 1604.853951, Node: 945.876694, Link: 658.977247, Spread: 0.000000
Epoch 479/600, Total: 1592.716249, Node: 939.133663, Link: 653.582535, Spread: 0.000000
Epoch 480/600, Total: 1587.847675, Node: 935.041067, Link: 652.806612, Spread: 0.000000
Epoch 481/600, Total: 1594.906026, Node: 940.781879, Link: 654.124157, Spread: 0.000000
Epoch 482/600, Total: 1581.939854, Node: 935.497220, Link: 646.442632, Spread: 0.000000
Epoch 483/600, Total: 1581.720940, Node: 937.451711, Link: 644.269227, Spread: 0.000000
Epoch 484/600, Total: 1582.124798, Node: 934.965682, Link: 647.159111, Spread: 0.000000
Epoch 485/600, Total: 1606.574231, Node: 948.086221, Link: 658.488015, Spread: 0.000000
Epoch 486/600, Total: 1583.423939, Node: 934.227376, Link: 649.196569, Spread: 0.000000
Epoch 487/600, Total: 1576.160204, Node: 933.834132, Link: 642.326078, Spread: 0.000000
Epoch 488/600, Total: 1580.616710, Node: 932.566247, Link: 648.050484, Spread: 0.000000
Epoch 489/600, Total: 1593.295552, Node: 938.638730, Link: 654.656838, Spread: 0.000000
Epoch 490/600, Total: 1607.472258, Node: 949.295019, Link: 658.177255, Spread: 0.000000
Epoch 491/600, Total: 1584.904945, Node: 936.002277, Link: 648.902669, Spread: 0.000000
Epoch 492/600, Total: 1582.337210, Node: 932.928813, Link: 649.408430, Spread: 0.000000
Epoch 493/600, Total: 1575.435452, Node: 931.548096, Link: 643.887360, Spread: 0.000000
Epoch 494/600, Total: 1589.583280, Node: 937.800338, Link: 651.782929, Spread: 0.000000
Epoch 495/600, Total: 1595.530348, Node: 944.192415, Link: 651.337907, Spread: 0.000000
Epoch 496/600, Total: 1606.588576, Node: 951.006030, Link: 655.582552, Spread: 0.000000
Epoch 497/600, Total: 1582.173462, Node: 931.831318, Link: 650.342159, Spread: 0.000000
Epoch 498/600, Total: 1586.374958, Node: 931.286324, Link: 655.088612, Spread: 0.000000
Epoch 499/600, Total: 1576.871036, Node: 932.999103, Link: 643.871919, Spread: 0.000000
Epoch 500/600, Total: 1575.935191, Node: 930.390088, Link: 645.545125, Spread: 0.000000
Epoch 501/600, Total: 1582.626354, Node: 936.590804, Link: 646.035560, Spread: 0.000000
Epoch 502/600, Total: 1590.143554, Node: 937.373602, Link: 652.769946, Spread: 0.000000
Epoch 503/600, Total: 1576.155596, Node: 929.003891, Link: 647.151682, Spread: 0.000000
Epoch 504/600, Total: 1583.496609, Node: 934.347961, Link: 649.148641, Spread: 0.000000
Epoch 505/600, Total: 1581.267157, Node: 934.326879, Link: 646.940307, Spread: 0.000000
Epoch 506/600, Total: 1611.073627, Node: 950.389483, Link: 660.684145, Spread: 0.000000
Epoch 507/600, Total: 1583.849487, Node: 934.649972, Link: 649.199529, Spread: 0.000000
Epoch 508/600, Total: 1587.345600, Node: 940.121296, Link: 647.224298, Spread: 0.000000
Epoch 509/600, Total: 1593.508238, Node: 943.141044, Link: 650.367187, Spread: 0.000000
Epoch 510/600, Total: 1609.826401, Node: 949.082713, Link: 660.743699, Spread: 0.000000
Epoch 511/600, Total: 1576.825971, Node: 931.853007, Link: 644.972961, Spread: 0.000000
Epoch 512/600, Total: 1579.026478, Node: 931.640266, Link: 647.386222, Spread: 0.000000
Epoch 513/600, Total: 1583.704514, Node: 933.096299, Link: 650.608232, Spread: 0.000000
Epoch 514/600, Total: 1577.474058, Node: 931.630557, Link: 645.843476, Spread: 0.000000
Epoch 515/600, Total: 1573.053959, Node: 928.177080, Link: 644.876889, Spread: 0.000000
Epoch 516/600, Total: 1574.054241, Node: 930.907907, Link: 643.146351, Spread: 0.000000
Epoch 517/600, Total: 1579.246453, Node: 932.388165, Link: 646.858284, Spread: 0.000000
Epoch 518/600, Total: 1575.975447, Node: 931.806107, Link: 644.169328, Spread: 0.000000
Epoch 519/600, Total: 1593.589656, Node: 940.403557, Link: 653.186108, Spread: 0.000000
Epoch 520/600, Total: 1589.581339, Node: 937.245895, Link: 652.335439, Spread: 0.000000
Epoch 521/600, Total: 1576.182614, Node: 930.269713, Link: 645.912921, Spread: 0.000000
Epoch 522/600, Total: 1566.619131, Node: 925.606506, Link: 641.012647, Spread: 0.000000
Epoch 523/600, Total: 1577.222718, Node: 930.926912, Link: 646.295806, Spread: 0.000000
Epoch 524/600, Total: 1619.558311, Node: 949.042215, Link: 670.516122, Spread: 0.000000
Epoch 525/600, Total: 1589.948359, Node: 936.270177, Link: 653.678179, Spread: 0.000000
Epoch 526/600, Total: 1584.505576, Node: 935.323230, Link: 649.182369, Spread: 0.000000
Epoch 527/600, Total: 1583.487363, Node: 935.386017, Link: 648.101349, Spread: 0.000000
Epoch 528/600, Total: 1574.384712, Node: 930.660508, Link: 643.724199, Spread: 0.000000
Epoch 529/600, Total: 1588.644732, Node: 939.522775, Link: 649.121976, Spread: 0.000000
Epoch 530/600, Total: 1578.545898, Node: 931.898641, Link: 646.647256, Spread: 0.000000
Epoch 531/600, Total: 1575.931630, Node: 930.742685, Link: 645.188956, Spread: 0.000000
Epoch 532/600, Total: 1598.740268, Node: 941.222568, Link: 657.517699, Spread: 0.000000
Epoch 533/600, Total: 1583.077841, Node: 938.978290, Link: 644.099540, Spread: 0.000000
Epoch 534/600, Total: 1572.281886, Node: 931.422082, Link: 640.859777, Spread: 0.000000
Epoch 535/600, Total: 1583.094711, Node: 934.382409, Link: 648.712276, Spread: 0.000000
Epoch 536/600, Total: 1580.617186, Node: 930.905202, Link: 649.711986, Spread: 0.000000
Epoch 537/600, Total: 1590.061300, Node: 936.126787, Link: 653.934516, Spread: 0.000000
Epoch 538/600, Total: 1580.186209, Node: 935.731784, Link: 644.454429, Spread: 0.000000
Epoch 539/600, Total: 1588.840336, Node: 934.649245, Link: 654.191080, Spread: 0.000000
Epoch 540/600, Total: 1584.059304, Node: 932.837779, Link: 651.221530, Spread: 0.000000
Epoch 541/600, Total: 1591.900189, Node: 938.368837, Link: 653.531330, Spread: 0.000000
Epoch 542/600, Total: 1581.482275, Node: 925.496726, Link: 655.985537, Spread: 0.000000
Epoch 543/600, Total: 1573.540830, Node: 930.247528, Link: 643.293317, Spread: 0.000000
Epoch 544/600, Total: 1585.228199, Node: 935.047799, Link: 650.180418, Spread: 0.000000
Epoch 545/600, Total: 1593.000252, Node: 937.202967, Link: 655.797235, Spread: 0.000000
Epoch 546/600, Total: 1610.644489, Node: 955.626356, Link: 655.018171, Spread: 0.000000
Epoch 547/600, Total: 1592.623384, Node: 940.433092, Link: 652.190292, Spread: 0.000000
Epoch 548/600, Total: 1594.767472, Node: 940.540162, Link: 654.227313, Spread: 0.000000
Epoch 549/600, Total: 1593.930188, Node: 937.910114, Link: 656.020078, Spread: 0.000000
Epoch 550/600, Total: 1601.417181, Node: 949.249937, Link: 652.167234, Spread: 0.000000
Epoch 551/600, Total: 1585.781949, Node: 942.084696, Link: 643.697277, Spread: 0.000000
Epoch 552/600, Total: 1581.159628, Node: 934.767701, Link: 646.391946, Spread: 0.000000
Epoch 553/600, Total: 1584.103895, Node: 933.613994, Link: 650.489903, Spread: 0.000000
Epoch 554/600, Total: 1574.238401, Node: 932.756436, Link: 641.481981, Spread: 0.000000
Epoch 555/600, Total: 1586.370357, Node: 941.432046, Link: 644.938322, Spread: 0.000000
Epoch 556/600, Total: 1595.829582, Node: 940.285923, Link: 655.543648, Spread: 0.000000
Epoch 557/600, Total: 1578.196771, Node: 930.456793, Link: 647.739987, Spread: 0.000000
Epoch 558/600, Total: 1585.245461, Node: 936.570113, Link: 648.675355, Spread: 0.000000
Epoch 559/600, Total: 1594.664278, Node: 943.359230, Link: 651.305044, Spread: 0.000000
Epoch 560/600, Total: 1591.960327, Node: 939.544266, Link: 652.416073, Spread: 0.000000
Epoch 561/600, Total: 1579.101805, Node: 928.876543, Link: 650.225288, Spread: 0.000000
Epoch 562/600, Total: 1576.372533, Node: 927.616444, Link: 648.756089, Spread: 0.000000
Epoch 563/600, Total: 1576.790302, Node: 929.816247, Link: 646.974064, Spread: 0.000000
Epoch 564/600, Total: 1590.803198, Node: 936.415663, Link: 654.387522, Spread: 0.000000
Epoch 565/600, Total: 1589.731150, Node: 941.897955, Link: 647.833178, Spread: 0.000000
Epoch 566/600, Total: 1577.644518, Node: 929.542175, Link: 648.102321, Spread: 0.000000
Epoch 567/600, Total: 1576.087820, Node: 931.505688, Link: 644.582147, Spread: 0.000000
Epoch 568/600, Total: 1581.630325, Node: 929.791858, Link: 651.838440, Spread: 0.000000
Epoch 569/600, Total: 1580.513322, Node: 929.423930, Link: 651.089423, Spread: 0.000000
Epoch 570/600, Total: 1582.560422, Node: 936.114546, Link: 646.445868, Spread: 0.000000
Epoch 571/600, Total: 1600.737368, Node: 948.271350, Link: 652.466009, Spread: 0.000000
Epoch 572/600, Total: 1580.101324, Node: 932.859465, Link: 647.241883, Spread: 0.000000
Epoch 573/600, Total: 1606.068219, Node: 951.607363, Link: 654.460843, Spread: 0.000000
Epoch 574/600, Total: 1596.384230, Node: 941.663749, Link: 654.720487, Spread: 0.000000
Epoch 575/600, Total: 1600.405044, Node: 948.560739, Link: 651.844301, Spread: 0.000000
Epoch 576/600, Total: 1600.878150, Node: 947.686974, Link: 653.191174, Spread: 0.000000
Epoch 577/600, Total: 1586.819895, Node: 938.971769, Link: 647.848125, Spread: 0.000000
Epoch 578/600, Total: 1603.884912, Node: 945.206837, Link: 658.678098, Spread: 0.000000
Epoch 579/600, Total: 1605.650010, Node: 950.465908, Link: 655.184118, Spread: 0.000000
Epoch 580/600, Total: 1607.217200, Node: 949.297423, Link: 657.919796, Spread: 0.000000
Epoch 581/600, Total: 1593.379280, Node: 943.457216, Link: 649.922063, Spread: 0.000000
Epoch 582/600, Total: 1578.689602, Node: 930.187124, Link: 648.502465, Spread: 0.000000
Epoch 583/600, Total: 1585.580844, Node: 936.182416, Link: 649.398412, Spread: 0.000000
Epoch 584/600, Total: 1571.827813, Node: 927.732224, Link: 644.095576, Spread: 0.000000
Epoch 585/600, Total: 1591.612552, Node: 943.566817, Link: 648.045723, Spread: 0.000000
Epoch 586/600, Total: 1572.401469, Node: 927.827045, Link: 644.574421, Spread: 0.000000
Epoch 587/600, Total: 1590.832840, Node: 938.818722, Link: 652.014105, Spread: 0.000000
Epoch 588/600, Total: 1585.538478, Node: 936.854539, Link: 648.683938, Spread: 0.000000
Epoch 589/600, Total: 1589.540079, Node: 938.222524, Link: 651.317548, Spread: 0.000000
Epoch 590/600, Total: 1596.557922, Node: 941.730997, Link: 654.826927, Spread: 0.000000
Epoch 591/600, Total: 1590.778223, Node: 939.575678, Link: 651.202560, Spread: 0.000000
Epoch 592/600, Total: 1584.138668, Node: 936.885073, Link: 647.253596, Spread: 0.000000
Epoch 593/600, Total: 1590.541048, Node: 941.258485, Link: 649.282551, Spread: 0.000000
Epoch 594/600, Total: 1588.592953, Node: 939.095177, Link: 649.497767, Spread: 0.000000
Epoch 595/600, Total: 1587.544057, Node: 935.798488, Link: 651.745551, Spread: 0.000000
Epoch 596/600, Total: 1589.335880, Node: 939.702451, Link: 649.633444, Spread: 0.000000
Epoch 597/600, Total: 1588.045005, Node: 940.320703, Link: 647.724338, Spread: 0.000000
Epoch 598/600, Total: 1606.174689, Node: 950.243032, Link: 655.931654, Spread: 0.000000
Epoch 599/600, Total: 1579.761824, Node: 931.857812, Link: 647.904005, Spread: 0.000000
Epoch 600/600, Total: 1593.682793, Node: 940.448307, Link: 653.234491, Spread: 0.000000
Saved sweep result to: /homes/dameyer/ml-for-wdn-project-4/results/aggregated/gnn_training_sweep/net1_buffer=1_rollout=20_seed=42.json
Table value: 940.448307
