================================
GNN training sweep
Job ID: 242700
Task ID: 29
Buffer size: 20
Rollout length: 25
================================
Running GNN sweep: dataset=Net1, buffer=20, rollout=25
Epoch 1/600, Total: 4138.744396, Node: 1768.368577, Link: 2369.567730, Spread: 80.807040
Epoch 2/600, Total: 2252.275501, Node: 1298.627890, Link: 952.659937, Spread: 98.769761
Epoch 3/600, Total: 2012.184460, Node: 1270.787669, Link: 740.298987, Spread: 109.781349
Epoch 4/600, Total: 1989.376707, Node: 1245.219486, Link: 743.116453, Spread: 104.072981
Epoch 5/600, Total: 1967.400681, Node: 1228.601960, Link: 737.824441, Spread: 97.426707
Epoch 6/600, Total: 1951.108288, Node: 1212.325654, Link: 737.881341, Spread: 90.127579
Epoch 7/600, Total: 1922.123081, Node: 1191.832241, Link: 729.449877, Spread: 84.097607
Epoch 8/600, Total: 1902.587315, Node: 1177.141852, Link: 724.638476, Spread: 80.697650
Epoch 9/600, Total: 1890.512365, Node: 1167.368820, Link: 722.355728, Spread: 78.780287
Epoch 10/600, Total: 1874.805540, Node: 1154.724061, Link: 719.324125, Spread: 75.736657
Epoch 11/600, Total: 1870.693342, Node: 1151.901762, Link: 718.057999, Spread: 73.356129
Epoch 12/600, Total: 1863.107149, Node: 1145.297958, Link: 717.083922, Spread: 72.523720
Epoch 13/600, Total: 1852.647335, Node: 1129.628686, Link: 722.342042, Spread: 67.658370
Epoch 14/600, Total: 1844.334297, Node: 1129.379041, Link: 714.300774, Spread: 65.446043
Epoch 15/600, Total: 1814.601809, Node: 1101.577049, Link: 712.392170, Spread: 63.256485
Epoch 16/600, Total: 1802.820198, Node: 1093.627931, Link: 708.588838, Spread: 60.343236
Epoch 17/600, Total: 1810.635588, Node: 1102.749974, Link: 707.296360, Spread: 58.929625
Epoch 18/600, Total: 1800.210482, Node: 1091.518003, Link: 708.125989, Spread: 56.648062
Epoch 19/600, Total: 1809.973980, Node: 1096.370543, Link: 713.049757, Spread: 55.366505
Epoch 20/600, Total: 1830.454855, Node: 1101.529118, Link: 728.406667, Spread: 51.909797
Epoch 21/600, Total: 1797.161888, Node: 1089.952263, Link: 706.703381, Spread: 50.625249
Epoch 22/600, Total: 1780.780235, Node: 1076.578156, Link: 703.724487, Spread: 47.761276
Epoch 23/600, Total: 1784.776417, Node: 1073.904561, Link: 710.404548, Spread: 46.728680
Epoch 24/600, Total: 1791.582676, Node: 1077.756303, Link: 713.398294, Spread: 42.808050
Epoch 25/600, Total: 1737.190895, Node: 1040.694229, Link: 696.092976, Spread: 40.370965
Epoch 26/600, Total: 1734.933430, Node: 1040.281129, Link: 694.259198, Spread: 39.312295
Epoch 27/600, Total: 1745.274662, Node: 1048.983856, Link: 695.908465, Spread: 38.234273
Epoch 28/600, Total: 1724.977943, Node: 1033.893911, Link: 690.707040, Spread: 37.700580
Epoch 29/600, Total: 1732.446457, Node: 1039.845063, Link: 692.237723, Spread: 36.369589
Epoch 30/600, Total: 1715.673931, Node: 1026.590859, Link: 688.727468, Spread: 35.562029
Epoch 31/600, Total: 1718.053087, Node: 1034.097756, Link: 683.601876, Spread: 35.347999
Epoch 32/600, Total: 1701.983992, Node: 1018.289871, Link: 683.354217, Spread: 33.991469
Epoch 33/600, Total: 1706.423641, Node: 1021.588584, Link: 684.504330, Spread: 33.073727
Epoch 34/600, Total: 1732.690725, Node: 1045.533655, Link: 686.834835, Spread: 32.225181
Epoch 35/600, Total: 1720.034069, Node: 1029.060709, Link: 690.662120, Spread: 31.124957
Epoch 36/600, Total: 1694.377722, Node: 1018.956975, Link: 675.116132, Spread: 30.459820
Epoch 37/600, Total: 1673.962761, Node: 1000.177625, Link: 673.484300, Spread: 30.083968
Epoch 38/600, Total: 1719.540607, Node: 1035.949219, Link: 683.299989, Spread: 29.137766
Epoch 39/600, Total: 1684.600603, Node: 1009.838751, Link: 674.477299, Spread: 28.454682
Epoch 40/600, Total: 1684.859226, Node: 1016.171312, Link: 668.407305, Spread: 28.058082
Epoch 41/600, Total: 1674.453484, Node: 1005.087505, Link: 669.092262, Spread: 27.369333
Epoch 42/600, Total: 1673.113976, Node: 1003.365760, Link: 669.486219, Spread: 26.201145
Epoch 43/600, Total: 1668.790863, Node: 1003.709203, Link: 664.822691, Spread: 25.895959
Epoch 44/600, Total: 1706.215580, Node: 1031.948914, Link: 674.019455, Spread: 24.723231
Epoch 45/600, Total: 1657.970703, Node: 997.879828, Link: 659.849258, Spread: 24.159742
Epoch 46/600, Total: 1675.558887, Node: 1011.760599, Link: 663.561981, Spread: 23.628130
Epoch 47/600, Total: 1660.807831, Node: 998.647328, Link: 661.926970, Spread: 23.355310
Epoch 48/600, Total: 1675.432892, Node: 1005.862822, Link: 669.347481, Spread: 22.259922
Epoch 49/600, Total: 1657.790493, Node: 995.091071, Link: 662.474890, Spread: 22.453554
Epoch 50/600, Total: 1668.237123, Node: 1008.745200, Link: 659.273668, Spread: 21.831360
Epoch 51/600, Total: 1673.574532, Node: 1010.234258, Link: 663.129703, Spread: 21.058922
Epoch 52/600, Total: 1646.156292, Node: 990.119193, Link: 655.829327, Spread: 20.775323
Epoch 53/600, Total: 1669.022360, Node: 1005.678283, Link: 663.141839, Spread: 20.220885
Epoch 54/600, Total: 1654.496744, Node: 996.555207, Link: 657.745132, Spread: 19.639428
Epoch 55/600, Total: 1657.171671, Node: 1007.072050, Link: 649.901682, Spread: 19.797000
Epoch 56/600, Total: 1636.420647, Node: 990.907838, Link: 645.319801, Spread: 19.298999
Epoch 57/600, Total: 1664.355558, Node: 1010.862226, Link: 653.304790, Spread: 18.847382
Epoch 58/600, Total: 1661.393116, Node: 1009.889341, Link: 651.320957, Spread: 18.281916
Epoch 59/600, Total: 1649.718731, Node: 1001.980415, Link: 647.557543, Spread: 18.075926
Epoch 60/600, Total: 1635.585529, Node: 988.283469, Link: 647.129495, Spread: 17.254098
Epoch 61/600, Total: 1621.280628, Node: 974.237433, Link: 646.869000, Spread: 17.421536
Epoch 62/600, Total: 1628.962069, Node: 982.753365, Link: 646.038131, Spread: 17.056188
Epoch 63/600, Total: 1636.041506, Node: 989.676940, Link: 646.198242, Spread: 16.632819
Epoch 64/600, Total: 1656.039618, Node: 998.232925, Link: 657.639118, Spread: 16.755551
Epoch 65/600, Total: 1642.227568, Node: 992.102618, Link: 649.961076, Spread: 16.387397
Epoch 66/600, Total: 1647.391638, Node: 997.968910, Link: 649.264177, Spread: 15.854105
Epoch 67/600, Total: 1647.580303, Node: 997.752801, Link: 649.671196, Spread: 15.631460
Epoch 68/600, Total: 1622.288656, Node: 984.949046, Link: 637.185717, Spread: 15.389148
Epoch 69/600, Total: 1636.930902, Node: 994.423118, Link: 642.356257, Spread: 15.149637
Epoch 70/600, Total: 1639.847628, Node: 992.732137, Link: 646.965173, Spread: 15.029881
Epoch 71/600, Total: 1631.994202, Node: 990.668185, Link: 641.176704, Spread: 14.930333
Epoch 72/600, Total: 1626.341040, Node: 989.388082, Link: 636.806878, Spread: 14.609887
Epoch 73/600, Total: 1611.905310, Node: 975.212264, Link: 636.550997, Spread: 14.206359
Epoch 74/600, Total: 1638.260731, Node: 994.013139, Link: 644.106366, Spread: 14.122782
Epoch 75/600, Total: 1617.782722, Node: 977.569767, Link: 640.075721, Spread: 13.725388
Epoch 76/600, Total: 1608.912369, Node: 975.697694, Link: 633.077709, Spread: 13.696166
Epoch 77/600, Total: 1639.289322, Node: 1004.574513, Link: 634.581758, Spread: 13.305341
Epoch 78/600, Total: 1630.050676, Node: 996.702905, Link: 633.219519, Spread: 12.828342
Epoch 79/600, Total: 1606.955189, Node: 979.185787, Link: 627.646002, Spread: 12.335456
Epoch 80/600, Total: 1628.641178, Node: 986.927228, Link: 641.589291, Spread: 12.465129
Epoch 81/600, Total: 1629.251364, Node: 989.518478, Link: 639.612878, Spread: 12.003350
Epoch 82/600, Total: 1610.966209, Node: 978.699747, Link: 632.147567, Spread: 11.885979
Epoch 83/600, Total: 1606.265432, Node: 977.393802, Link: 628.753211, Spread: 11.839526
Epoch 84/600, Total: 1619.949604, Node: 984.976803, Link: 634.855561, Spread: 11.725424
Epoch 85/600, Total: 1608.260784, Node: 975.892837, Link: 632.253761, Spread: 11.419680
Epoch 86/600, Total: 1611.996508, Node: 982.250382, Link: 629.630775, Spread: 11.531846
Epoch 87/600, Total: 1654.672779, Node: 1033.287549, Link: 621.275204, Spread: 11.003104
Epoch 88/600, Total: 1687.688908, Node: 1055.811027, Link: 631.764651, Spread: 11.325322
Epoch 89/600, Total: 1651.005667, Node: 1025.085554, Link: 625.811467, Spread: 10.860843
Epoch 90/600, Total: 1649.157082, Node: 1028.412978, Link: 620.634367, Spread: 10.975609
Epoch 91/600, Total: 1647.957617, Node: 1018.009842, Link: 629.841862, Spread: 10.591382
Epoch 92/600, Total: 1617.025444, Node: 997.134273, Link: 619.788182, Spread: 10.298238
Epoch 93/600, Total: 1616.655735, Node: 995.407687, Link: 621.145248, Spread: 10.285135
Epoch 94/600, Total: 1652.761435, Node: 1022.987690, Link: 629.673112, Spread: 10.059848
Epoch 95/600, Total: 1665.651724, Node: 1041.746274, Link: 623.804167, Spread: 10.131435
Epoch 96/600, Total: 1624.058374, Node: 1001.048689, Link: 622.908756, Spread: 10.092449
Epoch 97/600, Total: 1619.550947, Node: 1005.170342, Link: 614.283385, Spread: 9.723981
Epoch 98/600, Total: 1626.835316, Node: 1004.753401, Link: 621.987040, Spread: 9.487452
Epoch 99/600, Total: 1659.596207, Node: 1032.588112, Link: 626.916143, Spread: 9.196968
Epoch 100/600, Total: 1695.589718, Node: 1064.740060, Link: 630.759703, Spread: 8.996807
Epoch 101/600, Total: 1610.594322, Node: 993.690687, Link: 616.815733, Spread: 8.789041
Epoch 102/600, Total: 1608.179270, Node: 995.657461, Link: 612.436018, Spread: 8.579861
Epoch 103/600, Total: 1603.155916, Node: 993.609999, Link: 609.460252, Spread: 8.567657
Epoch 104/600, Total: 1601.867773, Node: 990.554358, Link: 611.230015, Spread: 8.338809
Epoch 105/600, Total: 1616.943344, Node: 1004.816247, Link: 612.044195, Spread: 8.291283
Epoch 106/600, Total: 1606.748373, Node: 998.093463, Link: 608.573918, Spread: 8.102349
Epoch 107/600, Total: 1615.478806, Node: 999.413847, Link: 615.984701, Spread: 8.027163
Epoch 108/600, Total: 1593.058815, Node: 984.983878, Link: 607.995252, Spread: 7.966808
Epoch 109/600, Total: 1602.528637, Node: 990.594137, Link: 611.856202, Spread: 7.825909
Epoch 110/600, Total: 1600.455883, Node: 996.857364, Link: 603.520571, Spread: 7.794448
Epoch 111/600, Total: 1598.311821, Node: 992.407652, Link: 605.825991, Spread: 7.817870
Epoch 112/600, Total: 1603.091257, Node: 996.503053, Link: 606.511218, Spread: 7.698309
Epoch 113/600, Total: 1592.924648, Node: 990.724286, Link: 602.126071, Spread: 7.430112
Epoch 114/600, Total: 1606.565575, Node: 998.897707, Link: 607.593218, Spread: 7.465524
Epoch 115/600, Total: 1604.585712, Node: 1002.583410, Link: 601.928391, Spread: 7.388439
Epoch 116/600, Total: 1598.689100, Node: 994.461866, Link: 604.151971, Spread: 7.527873
Epoch 117/600, Total: 1610.441782, Node: 1005.100150, Link: 605.271918, Spread: 6.969505
Epoch 118/600, Total: 1611.313757, Node: 1007.533531, Link: 603.706957, Spread: 7.324293
Epoch 119/600, Total: 1597.371828, Node: 998.367399, Link: 598.931074, Spread: 7.340547
Epoch 120/600, Total: 1643.220663, Node: 1034.529508, Link: 608.619594, Spread: 7.156205
Epoch 121/600, Total: 1600.624002, Node: 1000.299889, Link: 600.253978, Spread: 7.014076
Epoch 122/600, Total: 1577.143461, Node: 985.526176, Link: 591.547549, Spread: 6.971055
Epoch 123/600, Total: 1593.886293, Node: 995.799555, Link: 598.015245, Spread: 7.151206
Epoch 124/600, Total: 1586.644224, Node: 995.259319, Link: 591.311725, Spread: 7.321209
Epoch 125/600, Total: 1590.480211, Node: 997.857224, Link: 592.549135, Spread: 7.385519
Epoch 126/600, Total: 1581.218952, Node: 988.477772, Link: 592.666208, Spread: 7.496723
Epoch 127/600, Total: 1574.755600, Node: 988.009497, Link: 586.669739, Spread: 7.638629
Epoch 128/600, Total: 1591.276617, Node: 999.348394, Link: 591.850281, Spread: 7.794227
Epoch 129/600, Total: 1583.690699, Node: 996.477686, Link: 587.134769, Spread: 7.824453
Epoch 130/600, Total: 1596.746668, Node: 1008.194753, Link: 588.471193, Spread: 8.072494
Epoch 131/600, Total: 1576.642174, Node: 992.386563, Link: 584.174396, Spread: 8.121071
Epoch 132/600, Total: 1626.677845, Node: 1030.380400, Link: 596.210194, Spread: 8.725570
Epoch 133/600, Total: 1587.433876, Node: 1000.410464, Link: 586.931985, Spread: 9.142751
Epoch 134/600, Total: 1602.200497, Node: 1011.211372, Link: 590.894053, Spread: 9.508584
Epoch 135/600, Total: 1628.307873, Node: 1027.453196, Link: 600.757933, Spread: 9.672148
Epoch 136/600, Total: 1588.608437, Node: 1006.548123, Link: 581.965014, Spread: 9.532513
Epoch 137/600, Total: 1582.994444, Node: 1003.006944, Link: 579.892163, Spread: 9.529032
Epoch 138/600, Total: 1561.400835, Node: 995.979503, Link: 565.324366, Spread: 9.696854
Epoch 139/600, Total: 1552.292318, Node: 985.337518, Link: 566.854894, Spread: 9.988855
Epoch 140/600, Total: 1573.671423, Node: 998.465637, Link: 575.103106, Spread: 10.268971
Epoch 141/600, Total: 1575.578016, Node: 1000.125167, Link: 575.351232, Spread: 10.162993
Epoch 142/600, Total: 1561.246399, Node: 996.319277, Link: 564.821559, Spread: 10.553452
Epoch 143/600, Total: 1557.956406, Node: 995.552474, Link: 562.294625, Spread: 10.934500
Epoch 144/600, Total: 1631.756884, Node: 1041.500211, Link: 590.143067, Spread: 11.361256
Epoch 145/600, Total: 1542.138149, Node: 990.459255, Link: 551.565818, Spread: 11.306308
Epoch 146/600, Total: 1606.622725, Node: 1022.912481, Link: 583.596492, Spread: 11.376037
Epoch 147/600, Total: 1570.749680, Node: 1012.052690, Link: 558.577513, Spread: 11.944101
Epoch 148/600, Total: 1558.363909, Node: 998.811669, Link: 559.433466, Spread: 11.876207
Epoch 149/600, Total: 1619.720139, Node: 1043.024116, Link: 576.568724, Spread: 12.729203
Epoch 150/600, Total: 1562.647657, Node: 1006.963432, Link: 555.559737, Spread: 12.445465
Epoch 151/600, Total: 1601.044767, Node: 1022.614052, Link: 578.308110, Spread: 12.262588
Epoch 152/600, Total: 1649.957346, Node: 1049.987894, Link: 599.838062, Spread: 13.140667
Epoch 153/600, Total: 1585.726301, Node: 1017.306447, Link: 568.277762, Spread: 14.206582
Epoch 154/600, Total: 1575.153479, Node: 1016.875453, Link: 558.136502, Spread: 14.155521
Epoch 155/600, Total: 1489.525860, Node: 973.118198, Link: 516.272259, Spread: 13.542233
Epoch 156/600, Total: 1569.747715, Node: 1021.119119, Link: 548.487317, Spread: 14.129554
Epoch 157/600, Total: 1670.285995, Node: 1082.413166, Link: 587.733723, Spread: 13.909157
Epoch 158/600, Total: 1655.643965, Node: 1075.886765, Link: 579.622475, Spread: 13.473495
Epoch 159/600, Total: 1569.285427, Node: 1014.534307, Link: 554.617357, Spread: 13.374269
Epoch 160/600, Total: 1540.607792, Node: 996.929810, Link: 543.538778, Spread: 13.917325
Epoch 161/600, Total: 1567.833303, Node: 1020.732469, Link: 546.958646, Spread: 14.217853
Epoch 162/600, Total: 1634.712097, Node: 1051.663573, Link: 582.909786, Spread: 13.873015
Epoch 163/600, Total: 1552.223282, Node: 1013.799765, Link: 538.275900, Spread: 14.760765
Epoch 164/600, Total: 1464.029198, Node: 965.071311, Link: 498.800892, Spread: 15.699370
Epoch 165/600, Total: 1460.264482, Node: 971.167336, Link: 488.929734, Spread: 16.739473
Epoch 166/600, Total: 1523.713999, Node: 1005.544504, Link: 517.993043, Spread: 17.648798
Epoch 167/600, Total: 1554.041203, Node: 1022.499647, Link: 531.358088, Spread: 18.349319
Epoch 168/600, Total: 1472.336206, Node: 978.063626, Link: 494.097471, Spread: 17.510189
Epoch 169/600, Total: 1473.222960, Node: 978.245147, Link: 494.804655, Spread: 17.316347
Epoch 170/600, Total: 1697.516563, Node: 1104.389293, Link: 592.941356, Spread: 18.591913
Epoch 171/600, Total: 1471.788414, Node: 976.749794, Link: 494.857582, Spread: 18.105256
Epoch 172/600, Total: 1463.156345, Node: 974.502670, Link: 488.475412, Spread: 17.825983
Epoch 173/600, Total: 1549.667458, Node: 1031.536967, Link: 517.950317, Spread: 18.017478
Epoch 174/600, Total: 1516.849186, Node: 1015.943399, Link: 500.731804, Spread: 17.398110
Epoch 175/600, Total: 1563.829714, Node: 1037.736465, Link: 525.917703, Spread: 17.554178
Epoch 176/600, Total: 1484.058565, Node: 990.282657, Link: 493.604074, Spread: 17.182385
Epoch 177/600, Total: 1463.419992, Node: 979.611248, Link: 483.632189, Spread: 17.657384
Epoch 178/600, Total: 1466.679285, Node: 978.813584, Link: 487.685435, Spread: 18.028625
Epoch 179/600, Total: 1462.198128, Node: 979.283587, Link: 482.737488, Spread: 17.703460
Epoch 180/600, Total: 1462.770306, Node: 979.279467, Link: 483.312712, Spread: 17.813638
Epoch 181/600, Total: 1461.364008, Node: 979.743609, Link: 481.442501, Spread: 17.791764
Epoch 182/600, Total: 1460.746719, Node: 979.853210, Link: 480.713503, Spread: 17.999427
Epoch 183/600, Total: 1465.507650, Node: 982.392900, Link: 482.926232, Spread: 18.855052
Epoch 184/600, Total: 1474.037634, Node: 987.178456, Link: 486.661575, Spread: 19.756583
Epoch 185/600, Total: 1470.028746, Node: 983.374330, Link: 486.449845, Spread: 20.460281
Epoch 186/600, Total: 1459.801540, Node: 978.019886, Link: 481.579158, Spread: 20.248534
Epoch 187/600, Total: 1552.547461, Node: 1033.056884, Link: 519.281703, Spread: 20.882895
Epoch 188/600, Total: 1498.330627, Node: 999.547805, Link: 498.572021, Spread: 21.082540
Epoch 189/600, Total: 1468.331570, Node: 990.274095, Link: 477.845428, Spread: 21.202886
Epoch 190/600, Total: 1613.895142, Node: 1056.783328, Link: 556.908978, Spread: 20.284952
Epoch 191/600, Total: 1626.900068, Node: 1060.416756, Link: 566.273128, Spread: 21.019030
Epoch 192/600, Total: 1515.636406, Node: 1002.936097, Link: 512.494183, Spread: 20.611689
Epoch 193/600, Total: 1651.707201, Node: 1082.282467, Link: 569.213450, Spread: 21.130012
Epoch 194/600, Total: 1651.887745, Node: 1074.200539, Link: 577.475708, Spread: 21.149674
Epoch 195/600, Total: 1466.427624, Node: 984.139356, Link: 482.090631, Spread: 19.764669
Epoch 196/600, Total: 1477.498602, Node: 1007.541424, Link: 469.758370, Spread: 19.879453
Epoch 197/600, Total: 1434.169115, Node: 979.917580, Link: 454.051556, Spread: 19.999874
Epoch 198/600, Total: 1566.433231, Node: 1033.218414, Link: 532.990296, Spread: 22.451872
Epoch 199/600, Total: 1419.169638, Node: 962.330072, Link: 456.644866, Spread: 19.471872
Epoch 200/600, Total: 1438.315189, Node: 973.418877, Link: 464.694243, Spread: 20.208260
Epoch 201/600, Total: 1440.648186, Node: 973.791378, Link: 466.645263, Spread: 21.154649
Epoch 202/600, Total: 1501.680462, Node: 1002.261442, Link: 499.218760, Spread: 20.023401
Epoch 203/600, Total: 1495.721312, Node: 1001.354138, Link: 494.173988, Spread: 19.316678
Epoch 204/600, Total: 1508.738331, Node: 1002.339935, Link: 506.199825, Spread: 19.859194
Epoch 205/600, Total: 1522.372221, Node: 1014.572678, Link: 507.623914, Spread: 17.561862
Epoch 206/600, Total: 1406.295937, Node: 957.917268, Link: 448.227719, Spread: 15.093853
Epoch 207/600, Total: 1490.779964, Node: 995.304713, Link: 495.321003, Spread: 15.425361
Epoch 208/600, Total: 1421.934927, Node: 967.868652, Link: 453.938654, Spread: 12.760934
Epoch 209/600, Total: 1627.900425, Node: 1063.639320, Link: 564.114374, Spread: 14.672711
Epoch 210/600, Total: 1431.454676, Node: 971.311579, Link: 460.012862, Spread: 13.024588
Epoch 211/600, Total: 1431.819950, Node: 972.980850, Link: 458.723304, Spread: 11.581346
Epoch 212/600, Total: 1492.654404, Node: 1001.461352, Link: 491.087787, Spread: 10.524719
Epoch 213/600, Total: 1465.539671, Node: 985.511525, Link: 479.926524, Spread: 10.160567
Epoch 214/600, Total: 1435.353121, Node: 973.131656, Link: 462.124059, Spread: 9.743011
Epoch 215/600, Total: 1459.001209, Node: 986.131553, Link: 472.784266, Spread: 8.539765
Epoch 216/600, Total: 1464.894638, Node: 994.376969, Link: 470.428852, Spread: 8.881680
Epoch 217/600, Total: 1434.119036, Node: 981.501335, Link: 452.530700, Spread: 8.701118
Epoch 218/600, Total: 1461.775883, Node: 983.550846, Link: 478.128302, Spread: 9.672758
Epoch 219/600, Total: 1436.324316, Node: 978.175732, Link: 458.060053, Spread: 8.850329
Epoch 220/600, Total: 1408.243269, Node: 964.083556, Link: 444.083118, Spread: 7.657633
Epoch 221/600, Total: 1407.544800, Node: 964.573123, Link: 442.889099, Spread: 8.260384
Epoch 222/600, Total: 1404.764605, Node: 964.834713, Link: 439.837007, Spread: 9.289189
Epoch 223/600, Total: 1470.633162, Node: 997.587305, Link: 472.958149, Spread: 8.768654
Epoch 224/600, Total: 1464.711899, Node: 994.380026, Link: 470.263538, Spread: 6.835314
Epoch 225/600, Total: 1483.393394, Node: 995.167660, Link: 488.163318, Spread: 6.243398
Epoch 226/600, Total: 1631.683956, Node: 1063.605911, Link: 568.017239, Spread: 6.082388
Epoch 227/600, Total: 1712.446512, Node: 1089.997055, Link: 622.388998, Spread: 6.044910
Epoch 228/600, Total: 1438.368876, Node: 969.415211, Link: 468.897837, Spread: 5.584033
Epoch 229/600, Total: 1445.292238, Node: 975.412278, Link: 469.821134, Spread: 5.881178
Epoch 230/600, Total: 1406.573542, Node: 953.773801, Link: 452.740120, Spread: 5.961808
Epoch 231/600, Total: 1409.207680, Node: 971.520686, Link: 437.623389, Spread: 6.361235
Epoch 232/600, Total: 1414.545597, Node: 966.739593, Link: 447.740086, Spread: 6.589942
Epoch 233/600, Total: 1561.666063, Node: 1024.892007, Link: 536.712690, Spread: 6.137352
Epoch 234/600, Total: 1463.759270, Node: 987.036137, Link: 476.663372, Spread: 5.977068
Epoch 235/600, Total: 1403.908607, Node: 958.547139, Link: 445.300959, Spread: 6.049570
Epoch 236/600, Total: 1563.341080, Node: 1028.453066, Link: 534.826592, Spread: 6.145655
Epoch 237/600, Total: 1400.135574, Node: 951.765593, Link: 448.309047, Spread: 6.091710
Epoch 238/600, Total: 1407.783150, Node: 957.757793, Link: 449.963884, Spread: 6.150296
Epoch 239/600, Total: 1537.102558, Node: 1024.887465, Link: 512.148194, Spread: 6.691728
Epoch 240/600, Total: 1600.065474, Node: 1038.415223, Link: 561.582758, Spread: 6.745698
Epoch 241/600, Total: 1607.464569, Node: 1058.067167, Link: 549.330151, Spread: 6.725158
Epoch 242/600, Total: 1443.217766, Node: 991.461003, Link: 451.683063, Spread: 7.370083
Epoch 243/600, Total: 1419.435999, Node: 958.764746, Link: 460.593791, Spread: 7.748310
Epoch 244/600, Total: 1434.767677, Node: 973.035878, Link: 461.653772, Spread: 7.806978
Epoch 245/600, Total: 1505.026423, Node: 998.806212, Link: 506.141044, Spread: 7.917481
Epoch 246/600, Total: 1647.126711, Node: 1056.340448, Link: 590.706896, Spread: 7.935664
Epoch 247/600, Total: 1716.138252, Node: 1088.432431, Link: 627.630595, Spread: 7.526241
Epoch 248/600, Total: 1776.759678, Node: 1121.781055, Link: 654.890900, Spread: 8.772856
Epoch 249/600, Total: 1567.463985, Node: 1026.488120, Link: 540.890294, Spread: 8.557258
Epoch 250/600, Total: 1739.895309, Node: 1100.208276, Link: 639.587177, Spread: 9.988054
Epoch 251/600, Total: 1601.370579, Node: 1034.155685, Link: 567.110556, Spread: 10.436708
Epoch 252/600, Total: 1585.030138, Node: 1038.902100, Link: 546.036583, Spread: 9.143879
Epoch 253/600, Total: 1602.066050, Node: 1035.332235, Link: 566.636415, Spread: 9.740018
Epoch 254/600, Total: 1447.605431, Node: 969.550954, Link: 477.936299, Spread: 11.817001
Epoch 255/600, Total: 1421.258566, Node: 964.876742, Link: 456.259046, Spread: 12.278219
Epoch 256/600, Total: 1435.048218, Node: 976.675250, Link: 458.260254, Spread: 11.271423
Epoch 257/600, Total: 1490.139427, Node: 1005.066770, Link: 484.958462, Spread: 11.422741
Epoch 258/600, Total: 1511.371948, Node: 1006.168237, Link: 505.086531, Spread: 11.716100
Epoch 259/600, Total: 1456.934515, Node: 978.089830, Link: 478.729460, Spread: 11.521797
Epoch 260/600, Total: 1586.057758, Node: 1038.439584, Link: 547.506530, Spread: 11.163122
Epoch 261/600, Total: 1406.206617, Node: 955.932891, Link: 450.174230, Spread: 9.948928
Epoch 262/600, Total: 1399.569807, Node: 957.416575, Link: 442.058924, Spread: 9.433471
Epoch 263/600, Total: 1393.622549, Node: 955.021412, Link: 438.499590, Spread: 10.155956
Epoch 264/600, Total: 1431.387819, Node: 968.658672, Link: 462.624753, Spread: 10.437869
Epoch 265/600, Total: 1455.574181, Node: 973.402070, Link: 482.065110, Spread: 10.699142
Epoch 266/600, Total: 1466.910049, Node: 981.460121, Link: 485.354506, Spread: 9.539480
Epoch 267/600, Total: 1672.624311, Node: 1067.565576, Link: 604.965681, Spread: 9.304982
Epoch 268/600, Total: 1424.860853, Node: 960.132795, Link: 464.621811, Spread: 10.627445
Epoch 269/600, Total: 1789.224077, Node: 1117.469271, Link: 671.653828, Spread: 10.098208
Epoch 270/600, Total: 1540.814524, Node: 1017.205487, Link: 523.509291, Spread: 9.974209
Epoch 271/600, Total: 1425.300741, Node: 956.691751, Link: 468.493193, Spread: 11.577849
Epoch 272/600, Total: 1439.369375, Node: 969.310005, Link: 469.948988, Spread: 11.041448
Epoch 273/600, Total: 1407.216902, Node: 963.975014, Link: 443.116594, Spread: 12.528964
Epoch 274/600, Total: 1405.169466, Node: 961.614021, Link: 443.427976, Spread: 12.750371
Epoch 275/600, Total: 1423.934793, Node: 962.876570, Link: 460.933505, Spread: 12.473615
Epoch 276/600, Total: 1423.018183, Node: 964.163187, Link: 458.732390, Spread: 12.260996
Epoch 277/600, Total: 1436.988081, Node: 974.440147, Link: 462.429226, Spread: 11.869625
Epoch 278/600, Total: 1597.775257, Node: 1047.978577, Link: 549.681520, Spread: 11.517673
Epoch 279/600, Total: 1658.278933, Node: 1065.049842, Link: 593.116256, Spread: 11.283490
Epoch 280/600, Total: 1446.239780, Node: 970.304739, Link: 475.818042, Spread: 11.697910
Epoch 281/600, Total: 1454.603455, Node: 977.949214, Link: 476.533759, Spread: 12.046431
Epoch 282/600, Total: 1409.313038, Node: 952.092649, Link: 457.099130, Spread: 12.125379
Epoch 283/600, Total: 1623.555815, Node: 1047.020879, Link: 576.414246, Spread: 12.064387
Epoch 284/600, Total: 1597.076336, Node: 1037.613056, Link: 559.335115, Spread: 12.815130
Epoch 285/600, Total: 1592.926208, Node: 1034.764781, Link: 558.034813, Spread: 12.660344
Epoch 286/600, Total: 1726.182743, Node: 1089.356945, Link: 636.702287, Spread: 12.348711
Epoch 287/600, Total: 1438.082445, Node: 962.390709, Link: 475.560284, Spread: 13.143740
Epoch 288/600, Total: 1468.046551, Node: 980.276295, Link: 487.641485, Spread: 12.875698
Epoch 289/600, Total: 1443.321171, Node: 975.435981, Link: 467.754722, Spread: 13.049264
Epoch 290/600, Total: 1416.882385, Node: 958.487662, Link: 458.257505, Spread: 13.724623
Epoch 291/600, Total: 1528.600006, Node: 1002.279602, Link: 526.173448, Spread: 14.690352
Epoch 292/600, Total: 1700.153208, Node: 1081.227687, Link: 618.783179, Spread: 14.234765
Epoch 293/600, Total: 1407.359093, Node: 955.420559, Link: 451.794647, Spread: 14.391318
Epoch 294/600, Total: 1458.533804, Node: 973.844874, Link: 484.546218, Spread: 14.271861
Epoch 295/600, Total: 1612.207304, Node: 1047.390891, Link: 564.671803, Spread: 14.461667
Epoch 296/600, Total: 1417.431856, Node: 962.518246, Link: 454.773577, Spread: 14.003315
Epoch 297/600, Total: 1404.408581, Node: 956.203103, Link: 448.059544, Spread: 14.594149
Epoch 298/600, Total: 1422.791716, Node: 957.415058, Link: 465.236508, Spread: 14.016195
Epoch 299/600, Total: 1442.353691, Node: 973.003634, Link: 469.204270, Spread: 14.582549
Epoch 300/600, Total: 1476.421408, Node: 995.816884, Link: 480.440853, Spread: 16.367078
Epoch 301/600, Total: 1561.278616, Node: 1027.326059, Link: 533.797221, Spread: 15.536719
Epoch 302/600, Total: 1483.491611, Node: 991.127424, Link: 492.204766, Spread: 15.944491
Epoch 303/600, Total: 1436.121021, Node: 964.899618, Link: 471.056847, Spread: 16.457891
Epoch 304/600, Total: 1737.938009, Node: 1104.621288, Link: 633.169319, Spread: 14.742222
Epoch 305/600, Total: 1419.314970, Node: 960.096415, Link: 459.062837, Spread: 15.572441
Epoch 306/600, Total: 1545.515409, Node: 1024.511076, Link: 520.839979, Spread: 16.433617
Epoch 307/600, Total: 1610.137962, Node: 1038.880632, Link: 571.100038, Spread: 15.728762
Epoch 308/600, Total: 1444.570631, Node: 969.861866, Link: 474.547823, Spread: 16.094846
Epoch 309/600, Total: 1517.893759, Node: 1023.674779, Link: 494.045154, Spread: 17.381845
Epoch 310/600, Total: 1516.469013, Node: 1005.701906, Link: 510.591983, Spread: 17.512858
Epoch 311/600, Total: 1445.426245, Node: 971.667777, Link: 473.595492, Spread: 16.295599
Epoch 312/600, Total: 1524.771429, Node: 1005.819899, Link: 518.794908, Spread: 15.659177
Epoch 313/600, Total: 1441.162783, Node: 969.373007, Link: 471.616834, Spread: 17.295890
Epoch 314/600, Total: 1449.423660, Node: 983.959878, Link: 465.289161, Spread: 17.458819
Epoch 315/600, Total: 1778.258974, Node: 1120.350996, Link: 657.711345, Spread: 19.663596
Epoch 316/600, Total: 1531.406105, Node: 1004.661286, Link: 526.562837, Spread: 18.200438
Epoch 317/600, Total: 1710.528034, Node: 1080.004607, Link: 630.346759, Spread: 17.668233
Epoch 318/600, Total: 1704.537395, Node: 1078.612268, Link: 625.742652, Spread: 18.249073
Epoch 319/600, Total: 1528.826077, Node: 1009.893526, Link: 518.743007, Spread: 18.953457
Epoch 320/600, Total: 1702.097933, Node: 1084.134517, Link: 617.780938, Spread: 18.243690
Epoch 321/600, Total: 1694.910294, Node: 1080.167782, Link: 614.553619, Spread: 18.890261
Epoch 322/600, Total: 1692.402599, Node: 1075.249828, Link: 616.950551, Spread: 20.221544
Epoch 323/600, Total: 1531.013803, Node: 1008.942916, Link: 521.870393, Spread: 20.044495
Epoch 324/600, Total: 1531.485731, Node: 1009.410915, Link: 521.869539, Spread: 20.528028
Epoch 325/600, Total: 1633.400484, Node: 1047.597881, Link: 585.597059, Spread: 20.556907
Epoch 326/600, Total: 1579.561111, Node: 1020.554752, Link: 558.785526, Spread: 22.086044
Epoch 327/600, Total: 1455.619186, Node: 981.720042, Link: 473.685972, Spread: 21.315633
Epoch 328/600, Total: 1495.406229, Node: 999.951427, Link: 495.232745, Spread: 22.205324
Epoch 329/600, Total: 1485.238472, Node: 987.883688, Link: 497.108670, Spread: 24.609779
Epoch 330/600, Total: 1600.272377, Node: 1043.666329, Link: 556.378011, Spread: 22.804794
Epoch 331/600, Total: 1438.895103, Node: 973.172648, Link: 465.476094, Spread: 24.632314
Epoch 332/600, Total: 1678.086889, Node: 1083.299270, Link: 594.537538, Spread: 25.008940
Epoch 333/600, Total: 1536.650913, Node: 1011.268593, Link: 525.131748, Spread: 25.056846
Epoch 334/600, Total: 1412.352667, Node: 959.715716, Link: 452.371850, Spread: 26.512555
Epoch 335/600, Total: 1406.307625, Node: 953.984700, Link: 452.056503, Spread: 26.643175
Epoch 336/600, Total: 1743.623655, Node: 1109.661731, Link: 633.728107, Spread: 23.380552
Epoch 337/600, Total: 1430.290178, Node: 965.220637, Link: 464.812393, Spread: 25.714383
Epoch 338/600, Total: 1701.888819, Node: 1086.650175, Link: 615.007949, Spread: 23.068093
Epoch 339/600, Total: 1423.073709, Node: 961.164479, Link: 461.663286, Spread: 24.597444
Epoch 340/600, Total: 1509.359377, Node: 1000.294601, Link: 508.823507, Spread: 24.127561
Epoch 341/600, Total: 1408.910749, Node: 956.173920, Link: 452.501056, Spread: 23.576964
Epoch 342/600, Total: 1409.542156, Node: 957.564390, Link: 451.728129, Spread: 24.963429
Epoch 343/600, Total: 1569.946323, Node: 1022.934132, Link: 546.775771, Spread: 23.644947
Epoch 344/600, Total: 1527.923254, Node: 1009.928008, Link: 517.741856, Spread: 25.337253
Epoch 345/600, Total: 1418.001616, Node: 959.329209, Link: 458.395242, Spread: 27.712954
Epoch 346/600, Total: 1717.874187, Node: 1089.158571, Link: 628.437686, Spread: 27.792740
Epoch 347/600, Total: 1481.602362, Node: 986.776630, Link: 494.548416, Spread: 27.730731
Epoch 348/600, Total: 1405.682627, Node: 950.762038, Link: 454.641919, Spread: 27.864987
Epoch 349/600, Total: 1793.709301, Node: 1120.911271, Link: 672.512807, Spread: 28.522641
Epoch 350/600, Total: 1496.001284, Node: 995.214575, Link: 500.455119, Spread: 33.159103
Epoch 351/600, Total: 1450.957481, Node: 978.092127, Link: 472.495455, Spread: 36.986856
Epoch 352/600, Total: 1479.645676, Node: 989.538063, Link: 489.727012, Spread: 38.059938
Epoch 353/600, Total: 1697.445482, Node: 1085.811596, Link: 611.306692, Spread: 32.717911
Epoch 354/600, Total: 1651.063044, Node: 1082.644264, Link: 568.087368, Spread: 33.143552
Epoch 355/600, Total: 1430.854053, Node: 970.929181, Link: 459.600239, Spread: 32.463331
Epoch 356/600, Total: 1400.643330, Node: 955.386394, Link: 444.950003, Spread: 30.694042
Epoch 357/600, Total: 1546.396065, Node: 1014.898416, Link: 531.212265, Spread: 28.537469
Epoch 358/600, Total: 1528.212822, Node: 1007.911817, Link: 519.994055, Spread: 30.694740
Epoch 359/600, Total: 1535.993547, Node: 1012.738426, Link: 522.944614, Spread: 31.050716
Epoch 360/600, Total: 1439.897614, Node: 974.788345, Link: 464.802604, Spread: 30.669949
Epoch 361/600, Total: 1379.074444, Node: 948.023178, Link: 430.707141, Spread: 34.413128
Epoch 362/600, Total: 1428.586040, Node: 969.618666, Link: 458.624227, Spread: 34.312940
Epoch 363/600, Total: 1421.874474, Node: 964.390177, Link: 457.155477, Spread: 32.884287
Epoch 364/600, Total: 1405.917122, Node: 957.222873, Link: 448.298827, Spread: 39.542545
Epoch 365/600, Total: 1593.127169, Node: 1035.181966, Link: 557.552006, Spread: 39.320113
Epoch 366/600, Total: 1419.692158, Node: 964.919385, Link: 454.389346, Spread: 38.341529
Epoch 367/600, Total: 1816.405449, Node: 1129.857885, Link: 686.146143, Spread: 40.139869
Epoch 368/600, Total: 1489.212870, Node: 985.350661, Link: 503.463845, Spread: 39.840560
Epoch 369/600, Total: 1433.728333, Node: 966.807148, Link: 466.517710, Spread: 40.346592
Epoch 370/600, Total: 1508.524097, Node: 1001.242813, Link: 506.871048, Spread: 41.025093
Epoch 371/600, Total: 1447.755850, Node: 969.354085, Link: 477.994177, Spread: 40.762354
Epoch 372/600, Total: 1628.309639, Node: 1058.095158, Link: 569.828809, Spread: 38.567825
Epoch 373/600, Total: 1437.539661, Node: 971.852032, Link: 465.297975, Spread: 38.964153
Epoch 374/600, Total: 1395.039869, Node: 948.267469, Link: 446.364488, Spread: 40.791308
Epoch 375/600, Total: 1413.376289, Node: 958.573835, Link: 454.400395, Spread: 40.208214
Epoch 376/600, Total: 1596.713806, Node: 1035.933988, Link: 560.412014, Spread: 36.779806
Epoch 377/600, Total: 1525.366850, Node: 1005.692972, Link: 519.273764, Spread: 40.011085
Epoch 378/600, Total: 1357.321962, Node: 935.519734, Link: 421.382935, Spread: 41.929116
Epoch 379/600, Total: 1409.705017, Node: 955.863171, Link: 453.416602, Spread: 42.521171
Epoch 380/600, Total: 1489.243319, Node: 1019.170162, Link: 469.669526, Spread: 40.363025
Epoch 381/600, Total: 1410.546328, Node: 962.428993, Link: 447.716759, Spread: 40.054609
Epoch 382/600, Total: 1426.916489, Node: 977.132429, Link: 449.380967, Spread: 40.309055
Epoch 383/600, Total: 1425.556055, Node: 960.281629, Link: 464.887406, Spread: 38.702814
Epoch 384/600, Total: 1389.838717, Node: 952.641676, Link: 436.797612, Spread: 39.940856
Epoch 385/600, Total: 1438.359112, Node: 967.925977, Link: 470.029406, Spread: 40.374901
Epoch 386/600, Total: 1609.142056, Node: 1043.857034, Link: 564.912340, Spread: 37.269873
Epoch 387/600, Total: 1429.499166, Node: 961.437773, Link: 467.697962, Spread: 36.341127
Epoch 388/600, Total: 1568.969450, Node: 1015.481039, Link: 553.144833, Spread: 34.355464
Epoch 389/600, Total: 1439.773785, Node: 969.967888, Link: 469.412536, Spread: 39.335943
Epoch 390/600, Total: 1529.623127, Node: 1003.679158, Link: 525.567162, Spread: 37.682020
Epoch 391/600, Total: 1577.719675, Node: 1024.115079, Link: 553.213038, Spread: 39.155171
Epoch 392/600, Total: 1738.834600, Node: 1091.182167, Link: 647.275672, Spread: 37.677886
Epoch 393/600, Total: 1559.588045, Node: 1018.966400, Link: 540.242382, Spread: 37.926005
Epoch 394/600, Total: 1626.679037, Node: 1044.159840, Link: 582.092622, Spread: 42.654802
Epoch 395/600, Total: 1545.647545, Node: 1008.726340, Link: 536.529453, Spread: 39.174627
Epoch 396/600, Total: 1394.315855, Node: 951.268650, Link: 442.610214, Spread: 43.700593
Epoch 397/600, Total: 1405.216200, Node: 950.409329, Link: 454.341253, Spread: 46.562514
Epoch 398/600, Total: 1404.544420, Node: 953.580138, Link: 450.517919, Spread: 44.638169
Epoch 399/600, Total: 1506.976801, Node: 998.629638, Link: 507.878240, Spread: 46.890648
Epoch 400/600, Total: 1483.545969, Node: 988.200557, Link: 494.873136, Spread: 47.228689
Epoch 401/600, Total: 1421.352180, Node: 958.456558, Link: 462.401892, Spread: 49.372550
Epoch 402/600, Total: 1403.888571, Node: 955.178811, Link: 448.218118, Spread: 49.164794
Epoch 403/600, Total: 1450.204702, Node: 976.383612, Link: 473.362419, Spread: 45.864873
Epoch 404/600, Total: 1419.046576, Node: 952.243780, Link: 466.363573, Spread: 43.919303
Epoch 405/600, Total: 1496.864397, Node: 996.844438, Link: 499.546113, Spread: 47.386062
Epoch 406/600, Total: 1447.810299, Node: 973.726003, Link: 473.631829, Spread: 45.247358
Epoch 407/600, Total: 1414.884413, Node: 960.638617, Link: 453.764449, Spread: 48.137059
Epoch 408/600, Total: 1408.050617, Node: 953.932292, Link: 453.624876, Spread: 49.344707
Epoch 409/600, Total: 1561.690117, Node: 1027.286032, Link: 533.908951, Spread: 49.513861
Epoch 410/600, Total: 1460.807917, Node: 977.875749, Link: 482.431443, Spread: 50.071765
Epoch 411/600, Total: 1503.569864, Node: 996.904547, Link: 506.212830, Spread: 45.249627
Epoch 412/600, Total: 1390.118074, Node: 943.529110, Link: 446.101910, Spread: 48.706812
Epoch 413/600, Total: 1402.660599, Node: 954.432424, Link: 447.739294, Spread: 48.887971
Epoch 414/600, Total: 1436.023272, Node: 965.467105, Link: 470.014764, Spread: 54.141166
Epoch 415/600, Total: 1451.971191, Node: 993.922044, Link: 457.561262, Spread: 48.788516
Epoch 416/600, Total: 1496.019001, Node: 1008.549161, Link: 486.958777, Spread: 51.107412
Epoch 417/600, Total: 1418.928049, Node: 951.593733, Link: 466.836975, Spread: 49.733430
Epoch 418/600, Total: 1410.764137, Node: 956.772164, Link: 453.466180, Spread: 52.579962
Epoch 419/600, Total: 1521.535261, Node: 1005.823452, Link: 515.227234, Spread: 48.458151
Epoch 420/600, Total: 1764.682333, Node: 1111.122686, Link: 653.128322, Spread: 43.133378
Epoch 421/600, Total: 1530.433254, Node: 1014.486441, Link: 515.448309, Spread: 49.851621
Epoch 422/600, Total: 1461.802841, Node: 984.738544, Link: 476.574594, Spread: 48.967788
Epoch 423/600, Total: 1518.970568, Node: 998.360507, Link: 520.135914, Spread: 47.417256
Epoch 424/600, Total: 1396.315678, Node: 951.191664, Link: 444.651326, Spread: 47.269404
Epoch 425/600, Total: 1405.768257, Node: 950.401903, Link: 454.888827, Spread: 47.750380
Epoch 426/600, Total: 1753.271202, Node: 1098.850272, Link: 653.961200, Spread: 45.974989
Epoch 427/600, Total: 1398.063450, Node: 949.265161, Link: 448.281841, Spread: 51.644474
Epoch 428/600, Total: 1483.621218, Node: 993.126427, Link: 489.975798, Spread: 51.899950
Epoch 429/600, Total: 1528.705757, Node: 1005.211517, Link: 522.977182, Spread: 51.707457
Epoch 430/600, Total: 1663.027908, Node: 1065.423067, Link: 597.168062, Spread: 43.674772
Epoch 431/600, Total: 1588.936842, Node: 1029.210237, Link: 559.286747, Spread: 43.987512
Epoch 432/600, Total: 1408.972296, Node: 955.141528, Link: 453.340371, Spread: 49.043787
Epoch 433/600, Total: 1404.168467, Node: 953.459057, Link: 450.255222, Spread: 45.420998
Epoch 434/600, Total: 1387.482224, Node: 945.326234, Link: 441.675546, Spread: 48.045689
Epoch 435/600, Total: 1410.744503, Node: 959.629536, Link: 450.628479, Spread: 48.646784
Epoch 436/600, Total: 1408.043375, Node: 952.358210, Link: 455.195975, Spread: 48.922817
Epoch 437/600, Total: 1444.000179, Node: 975.242978, Link: 468.288981, Spread: 46.821482
Epoch 438/600, Total: 1431.670250, Node: 961.439754, Link: 469.724033, Spread: 50.644411
Epoch 439/600, Total: 1408.895620, Node: 956.829582, Link: 451.570123, Spread: 49.591363
Epoch 440/600, Total: 1775.326906, Node: 1101.491833, Link: 673.417055, Spread: 41.799765
Epoch 441/600, Total: 1513.665382, Node: 995.058612, Link: 518.147896, Spread: 45.890105
Epoch 442/600, Total: 1410.343231, Node: 953.028912, Link: 456.810483, Spread: 50.382822
Epoch 443/600, Total: 1502.066578, Node: 995.557281, Link: 505.988298, Spread: 52.099217
Epoch 444/600, Total: 1426.928385, Node: 963.614332, Link: 462.813657, Spread: 50.038250
Epoch 445/600, Total: 1418.528824, Node: 957.248367, Link: 460.772934, Spread: 50.753450
Epoch 446/600, Total: 1471.201960, Node: 994.003717, Link: 476.703159, Spread: 49.507119
Epoch 447/600, Total: 1446.228756, Node: 975.280588, Link: 470.422751, Spread: 52.540992
Epoch 448/600, Total: 1437.102962, Node: 971.992273, Link: 464.632038, Spread: 47.866482
Epoch 449/600, Total: 1472.086315, Node: 982.556124, Link: 489.054318, Spread: 47.588189
Epoch 450/600, Total: 1391.100697, Node: 946.792026, Link: 443.816162, Spread: 49.255307
Epoch 451/600, Total: 1464.238955, Node: 978.061667, Link: 485.667360, Spread: 50.992123
Epoch 452/600, Total: 1439.435448, Node: 962.013570, Link: 476.906761, Spread: 51.510858
Epoch 453/600, Total: 1614.549213, Node: 1048.375907, Link: 565.700900, Spread: 47.242127
Epoch 454/600, Total: 1381.723389, Node: 944.657251, Link: 436.569798, Spread: 49.635849
Epoch 455/600, Total: 1615.600607, Node: 1038.333426, Link: 576.800285, Spread: 46.684957
Epoch 456/600, Total: 1650.532669, Node: 1056.102884, Link: 593.935591, Spread: 49.420424
Epoch 457/600, Total: 1553.327471, Node: 1015.985714, Link: 536.834914, Spread: 50.681937
Epoch 458/600, Total: 1395.503706, Node: 946.178069, Link: 448.821114, Spread: 50.453294
Epoch 459/600, Total: 1791.324980, Node: 1116.373192, Link: 674.539665, Spread: 41.214241
Epoch 460/600, Total: 1436.655844, Node: 967.003066, Link: 469.166314, Spread: 48.647030
Epoch 461/600, Total: 1415.761969, Node: 957.267723, Link: 457.994758, Spread: 49.949876
Epoch 462/600, Total: 1783.157076, Node: 1097.717864, Link: 684.963717, Spread: 47.548232
Epoch 463/600, Total: 1437.225782, Node: 977.512324, Link: 459.217060, Spread: 49.637492
Epoch 464/600, Total: 1427.196491, Node: 961.058926, Link: 465.689305, Spread: 44.826510
Epoch 465/600, Total: 1452.660482, Node: 971.722745, Link: 480.476286, Spread: 46.144029
Epoch 466/600, Total: 1412.788481, Node: 959.150853, Link: 453.144573, Spread: 49.302327
Epoch 467/600, Total: 1435.947277, Node: 967.975702, Link: 467.518138, Spread: 45.342228
Epoch 468/600, Total: 1584.977938, Node: 1033.854718, Link: 550.649902, Spread: 47.328860
Epoch 469/600, Total: 1377.874399, Node: 942.143549, Link: 435.196432, Spread: 53.441623
Epoch 470/600, Total: 1474.289791, Node: 984.386977, Link: 489.336770, Spread: 56.603086
Epoch 471/600, Total: 1496.451878, Node: 1002.299473, Link: 493.608328, Spread: 54.409825
Epoch 472/600, Total: 1386.880098, Node: 952.216151, Link: 434.100923, Spread: 56.299931
Epoch 473/600, Total: 1389.123295, Node: 948.598290, Link: 439.973900, Spread: 55.112839
Epoch 474/600, Total: 1386.763865, Node: 949.092518, Link: 437.121060, Spread: 55.027649
Epoch 475/600, Total: 1412.113098, Node: 961.846353, Link: 449.704611, Spread: 56.214241
Epoch 476/600, Total: 1388.338247, Node: 944.147947, Link: 443.620122, Spread: 57.020039
Epoch 477/600, Total: 1552.661392, Node: 1028.057960, Link: 524.034248, Spread: 56.919628
Epoch 478/600, Total: 1451.136667, Node: 972.766407, Link: 477.776027, Spread: 59.421897
Epoch 479/600, Total: 1478.735809, Node: 982.286119, Link: 495.835780, Spread: 61.391321
Epoch 480/600, Total: 1370.147573, Node: 937.918525, Link: 431.628563, Spread: 60.048517
Epoch 481/600, Total: 1481.665398, Node: 989.233049, Link: 491.896047, Spread: 53.631380
Epoch 482/600, Total: 1382.164011, Node: 942.635698, Link: 438.962237, Spread: 56.605923
Epoch 483/600, Total: 1412.383665, Node: 961.230091, Link: 450.587555, Spread: 56.603933
Epoch 484/600, Total: 1484.001640, Node: 979.496441, Link: 503.939892, Spread: 56.532748
Epoch 485/600, Total: 1438.131067, Node: 963.049538, Link: 474.475631, Spread: 60.587166
Epoch 486/600, Total: 1443.842920, Node: 973.205345, Link: 470.068655, Spread: 56.893137
Epoch 487/600, Total: 1585.613974, Node: 1038.344857, Link: 546.721237, Spread: 54.790165
Epoch 488/600, Total: 1398.104038, Node: 945.638029, Link: 451.857015, Spread: 60.903248
Epoch 489/600, Total: 1398.275888, Node: 955.431808, Link: 442.212988, Spread: 63.111552
Epoch 490/600, Total: 1415.127659, Node: 959.116523, Link: 455.405277, Spread: 60.584457
Epoch 491/600, Total: 1420.498709, Node: 957.097597, Link: 462.804404, Spread: 59.671271
Epoch 492/600, Total: 1524.798948, Node: 1009.508320, Link: 514.721610, Spread: 56.905978
Epoch 493/600, Total: 1465.390699, Node: 977.429130, Link: 487.370657, Spread: 59.091049
Epoch 494/600, Total: 1559.324066, Node: 1021.270029, Link: 537.421639, Spread: 63.240755
Epoch 495/600, Total: 1433.727142, Node: 964.835251, Link: 468.260763, Spread: 63.113013
Epoch 496/600, Total: 1470.880892, Node: 982.882642, Link: 487.389474, Spread: 60.876531
Epoch 497/600, Total: 1484.263481, Node: 999.177041, Link: 484.476423, Spread: 61.003532
Epoch 498/600, Total: 1397.796291, Node: 954.275352, Link: 442.915435, Spread: 60.547881
Epoch 499/600, Total: 1390.251179, Node: 949.053553, Link: 440.560115, Spread: 63.751887
Epoch 500/600, Total: 1469.008121, Node: 986.098408, Link: 482.242994, Spread: 66.673702
Epoch 501/600, Total: 1428.000452, Node: 971.226626, Link: 456.142728, Spread: 63.108434
Epoch 502/600, Total: 1541.008404, Node: 1014.738726, Link: 525.712222, Spread: 55.743957
Epoch 503/600, Total: 1439.598528, Node: 967.772816, Link: 471.244218, Spread: 58.149458
Epoch 504/600, Total: 1563.617792, Node: 1017.866321, Link: 545.190033, Spread: 56.144718
Epoch 505/600, Total: 1415.714447, Node: 955.577589, Link: 459.513383, Spread: 62.345989
Epoch 506/600, Total: 1574.591013, Node: 1024.106403, Link: 549.890868, Spread: 59.375832
Epoch 507/600, Total: 1510.290768, Node: 989.933240, Link: 519.736278, Spread: 62.123458
Epoch 508/600, Total: 1744.403605, Node: 1108.623408, Link: 635.187562, Spread: 59.263194
Epoch 509/600, Total: 1404.289349, Node: 955.320206, Link: 448.293543, Spread: 67.560217
Epoch 510/600, Total: 1403.839302, Node: 957.425532, Link: 445.769483, Spread: 64.427581
Epoch 511/600, Total: 1416.802450, Node: 956.711390, Link: 459.482347, Spread: 60.872565
Epoch 512/600, Total: 1402.604506, Node: 951.201382, Link: 450.778431, Spread: 62.468826
Epoch 513/600, Total: 1687.728729, Node: 1083.884349, Link: 603.223138, Spread: 62.122997
Epoch 514/600, Total: 1384.497372, Node: 945.188931, Link: 438.652218, Spread: 65.620726
Epoch 515/600, Total: 1436.413343, Node: 973.419435, Link: 462.366394, Spread: 62.751433
Epoch 516/600, Total: 1408.310722, Node: 952.768858, Link: 454.886434, Spread: 65.542641
Epoch 517/600, Total: 1606.953075, Node: 1038.459669, Link: 567.871855, Spread: 62.155429
Epoch 518/600, Total: 1613.595642, Node: 1040.543926, Link: 572.362004, Spread: 68.971890
Epoch 519/600, Total: 1702.007887, Node: 1068.533949, Link: 632.844623, Spread: 62.931480
Epoch 520/600, Total: 1554.114386, Node: 1011.513459, Link: 541.959460, Spread: 64.147870
Epoch 521/600, Total: 1406.629379, Node: 948.238028, Link: 457.678036, Spread: 71.332105
Epoch 522/600, Total: 1463.096188, Node: 990.586359, Link: 471.799711, Spread: 71.013226
Epoch 523/600, Total: 1452.770267, Node: 977.340424, Link: 474.720411, Spread: 70.943563
Epoch 524/600, Total: 1659.989414, Node: 1067.035981, Link: 592.260687, Spread: 69.278773
Epoch 525/600, Total: 1420.174726, Node: 961.975814, Link: 457.485277, Spread: 71.365922
Epoch 526/600, Total: 1381.228048, Node: 943.659757, Link: 436.851066, Spread: 71.724184
Epoch 527/600, Total: 1396.225420, Node: 951.035060, Link: 444.436482, Spread: 75.387004
Epoch 528/600, Total: 1707.205828, Node: 1087.522872, Link: 618.957853, Spread: 72.512502
Epoch 529/600, Total: 1574.038189, Node: 1025.403539, Link: 547.916822, Spread: 71.779093
Epoch 530/600, Total: 1495.096136, Node: 990.515566, Link: 503.857678, Spread: 72.288702
Epoch 531/600, Total: 1436.565321, Node: 974.482355, Link: 461.328795, Spread: 75.416694
Epoch 532/600, Total: 1411.643036, Node: 962.689016, Link: 448.178703, Spread: 77.531538
Epoch 533/600, Total: 1404.129229, Node: 949.396390, Link: 453.994758, Spread: 73.811190
Epoch 534/600, Total: 1453.996859, Node: 980.240603, Link: 472.987818, Spread: 76.843281
Epoch 535/600, Total: 1416.002512, Node: 960.522487, Link: 454.736402, Spread: 74.363346
Epoch 536/600, Total: 1472.333563, Node: 987.094565, Link: 484.451719, Spread: 78.728243
Epoch 537/600, Total: 1418.186504, Node: 963.155520, Link: 454.253338, Spread: 77.765503
Epoch 538/600, Total: 1378.988756, Node: 943.648500, Link: 434.555029, Spread: 78.523068
Epoch 539/600, Total: 1420.675039, Node: 961.232297, Link: 458.610538, Spread: 83.220823
Epoch 540/600, Total: 1389.231100, Node: 952.293198, Link: 436.102349, Spread: 83.557531
Epoch 541/600, Total: 1433.320238, Node: 964.311245, Link: 468.134723, Spread: 87.429195
Epoch 542/600, Total: 1399.208096, Node: 948.939018, Link: 449.437268, Spread: 83.178969
Epoch 543/600, Total: 1390.149549, Node: 951.459191, Link: 437.803242, Spread: 88.712458
Epoch 544/600, Total: 1536.684296, Node: 1014.482818, Link: 521.380945, Spread: 82.051640
Epoch 545/600, Total: 1388.891241, Node: 946.220270, Link: 441.792858, Spread: 87.810893
Epoch 546/600, Total: 1600.240774, Node: 1039.221967, Link: 560.141514, Spread: 87.731856
Epoch 547/600, Total: 1570.097239, Node: 1021.940067, Link: 547.286403, Spread: 87.080659
Epoch 548/600, Total: 1419.746323, Node: 968.641978, Link: 450.158445, Spread: 94.589278
Epoch 549/600, Total: 1414.739428, Node: 966.288148, Link: 447.518244, Spread: 93.309705
Epoch 550/600, Total: 1504.890501, Node: 995.226174, Link: 508.680524, Spread: 98.379658
Epoch 551/600, Total: 1452.173735, Node: 973.198367, Link: 477.968561, Spread: 100.680429
Epoch 552/600, Total: 1418.008320, Node: 966.698668, Link: 450.259810, Spread: 104.981248
Epoch 553/600, Total: 1370.093533, Node: 939.854051, Link: 429.207104, Spread: 103.236400
Epoch 554/600, Total: 1435.403494, Node: 970.208185, Link: 464.221727, Spread: 97.358220
Epoch 555/600, Total: 1408.808493, Node: 958.061378, Link: 449.757625, Spread: 98.945678
Epoch 556/600, Total: 1575.535990, Node: 1030.720852, Link: 543.865448, Spread: 94.967776
Epoch 557/600, Total: 1409.841484, Node: 958.763096, Link: 450.053062, Spread: 102.530103
Epoch 558/600, Total: 1404.196533, Node: 959.791662, Link: 443.383186, Spread: 102.166259
Epoch 559/600, Total: 1521.014235, Node: 1008.953661, Link: 511.088489, Spread: 97.209578
Epoch 560/600, Total: 1443.910599, Node: 972.799953, Link: 470.002448, Spread: 110.819601
Epoch 561/600, Total: 1369.113958, Node: 944.690895, Link: 423.367486, Spread: 105.558456
Epoch 562/600, Total: 1540.822418, Node: 1010.617340, Link: 529.246550, Spread: 95.853352
Epoch 563/600, Total: 1478.803246, Node: 983.957129, Link: 493.859238, Spread: 98.689876
Epoch 564/600, Total: 1374.238031, Node: 939.851728, Link: 433.292282, Spread: 109.402708
Epoch 565/600, Total: 1423.862480, Node: 960.868239, Link: 461.938112, Spread: 105.612222
Epoch 566/600, Total: 1427.488588, Node: 964.964211, Link: 461.423190, Spread: 110.121651
Epoch 567/600, Total: 1410.133305, Node: 960.249757, Link: 448.812384, Spread: 107.116436
Epoch 568/600, Total: 1478.421371, Node: 981.702670, Link: 495.628753, Spread: 108.993424
Epoch 569/600, Total: 1514.507092, Node: 1003.231733, Link: 510.335339, Spread: 94.002257
Epoch 570/600, Total: 1415.466188, Node: 950.608861, Link: 463.961461, Spread: 89.588678
Epoch 571/600, Total: 1543.066961, Node: 1009.099489, Link: 533.090370, Spread: 87.708723
Epoch 572/600, Total: 1380.352196, Node: 938.664950, Link: 440.792485, Spread: 89.473527
Epoch 573/600, Total: 1385.390764, Node: 945.286552, Link: 439.211659, Spread: 89.254272
Epoch 574/600, Total: 1364.171247, Node: 942.318160, Link: 420.883612, Spread: 96.949226
Epoch 575/600, Total: 1452.134556, Node: 969.065612, Link: 482.207595, Spread: 86.133608
Epoch 576/600, Total: 1487.891161, Node: 986.231805, Link: 500.766325, Spread: 89.305919
Epoch 577/600, Total: 1355.744417, Node: 930.062491, Link: 424.680831, Spread: 100.111091
Epoch 578/600, Total: 1406.272364, Node: 962.575572, Link: 442.670784, Spread: 102.602638
Epoch 579/600, Total: 1421.236509, Node: 962.057264, Link: 458.211395, Spread: 96.785499
Epoch 580/600, Total: 1450.943836, Node: 968.017199, Link: 481.847437, Spread: 107.921600
Epoch 581/600, Total: 1568.875046, Node: 1029.320730, Link: 538.604031, Spread: 95.028604
Epoch 582/600, Total: 1386.859669, Node: 945.209732, Link: 440.628008, Spread: 102.191297
Epoch 583/600, Total: 1412.060156, Node: 961.354781, Link: 449.635727, Spread: 106.964863
Epoch 584/600, Total: 1400.115234, Node: 956.737661, Link: 442.266145, Spread: 111.144037
Epoch 585/600, Total: 1396.906096, Node: 955.797621, Link: 440.021955, Spread: 108.651791
Epoch 586/600, Total: 1423.900515, Node: 964.738437, Link: 458.042975, Spread: 111.911168
Epoch 587/600, Total: 1368.368639, Node: 939.619609, Link: 427.584464, Spread: 116.455484
Epoch 588/600, Total: 1409.892130, Node: 953.088215, Link: 455.708148, Spread: 109.574075
Epoch 589/600, Total: 1380.304447, Node: 949.595398, Link: 429.546327, Spread: 116.268854
Epoch 590/600, Total: 1444.936935, Node: 981.292765, Link: 462.607291, Spread: 103.686548
Epoch 591/600, Total: 1650.512640, Node: 1071.428030, Link: 578.086470, Spread: 99.814510
Epoch 592/600, Total: 1493.233582, Node: 992.337979, Link: 499.846170, Spread: 104.944131
Epoch 593/600, Total: 1391.134399, Node: 946.911293, Link: 443.096461, Spread: 112.660484
Epoch 594/600, Total: 1591.561068, Node: 1025.567383, Link: 564.898965, Spread: 109.472949
Epoch 595/600, Total: 1436.473221, Node: 962.637292, Link: 472.696508, Spread: 113.940618
Epoch 596/600, Total: 1412.751270, Node: 958.379175, Link: 453.228576, Spread: 114.352180
Epoch 597/600, Total: 1376.980461, Node: 945.953893, Link: 429.836136, Spread: 119.041188
Epoch 598/600, Total: 1386.593027, Node: 942.889669, Link: 442.517200, Spread: 118.616321
Epoch 599/600, Total: 1376.708679, Node: 942.920773, Link: 432.625136, Spread: 116.275997
Epoch 600/600, Total: 1479.146866, Node: 985.423237, Link: 492.573761, Spread: 114.988063
Saved sweep result to: /homes/dameyer/ml-for-wdn-project-4/results/aggregated/gnn_training_sweep/net1_buffer=20_rollout=25_seed=42.json
Table value: 985.423237
