Filter:    enkf
Job:       241240
Array ID:  21
Seed:      63
Host:      assistant-3.GPU.CIT-EC.NET
Dataset:   hanoi

Running Hanoi GNN EnKF: 24 sensor counts × 1 sensor placements
2 sensors/type: 1.1228 ± 0.2908
3 sensors/type: 1.0662 ± 0.2825
4 sensors/type: 1.1614 ± 0.2788
5 sensors/type: 1.0561 ± 0.2607
6 sensors/type: 1.0277 ± 0.2507
7 sensors/type: 1.0151 ± 0.2725
8 sensors/type: 1.0425 ± 0.2613
9 sensors/type: 0.9590 ± 0.2608
10 sensors/type: 0.9553 ± 0.2623
11 sensors/type: 0.9506 ± 0.2527
12 sensors/type: 0.9527 ± 0.2466
13 sensors/type: 0.9253 ± 0.2412
14 sensors/type: 1.0504 ± 0.3020
15 sensors/type: 0.8873 ± 0.2518
16 sensors/type: 0.9072 ± 0.2529
17 sensors/type: 0.8956 ± 0.2567
18 sensors/type: 0.9104 ± 0.2525
19 sensors/type: 0.9094 ± 0.2612
20 sensors/type: 0.8735 ± 0.2460
21 sensors/type: 0.8797 ± 0.2565
22 sensors/type: 0.8606 ± 0.2504
23 sensors/type: 0.8466 ± 0.2582
24 sensors/type: 0.8349 ± 0.2405
25 sensors/type: 0.8536 ± 0.2373
Saved gnn EnKF result to: /homes/dameyer/ml-for-wdn-project-4/results/aggregated/hanoi_gnn_enkf_n_iters=1_ensemble_size=50_seed=63.npz
