Filter:    enkf
Job:       240897
Array ID:  2
Seed:      44
Host:      assistant-4.GPU.CIT-EC.NET
Dataset:   hanoi

Running Hanoi GNN EnKF: 24 sensor counts × 1 sensor placements
2 sensors/type: 1.5101 ± 0.4279
3 sensors/type: 1.1518 ± 0.2916
4 sensors/type: 1.5562 ± 0.3953
5 sensors/type: 1.0583 ± 0.2840
6 sensors/type: 1.2830 ± 0.3517
7 sensors/type: 0.9980 ± 0.2658
8 sensors/type: 1.1739 ± 0.2790
9 sensors/type: 0.9974 ± 0.2587
10 sensors/type: 1.0065 ± 0.2732
11 sensors/type: 1.0920 ± 0.2840
12 sensors/type: 0.9459 ± 0.2536
13 sensors/type: 0.9303 ± 0.2423
14 sensors/type: 0.9219 ± 0.2557
15 sensors/type: 0.8592 ± 0.2387
16 sensors/type: 0.8684 ± 0.2352
17 sensors/type: 0.8680 ± 0.2458
18 sensors/type: 0.8612 ± 0.2322
19 sensors/type: 0.9019 ± 0.2501
20 sensors/type: 0.8500 ± 0.2344
21 sensors/type: 0.8578 ± 0.2473
22 sensors/type: 0.8472 ± 0.2444
23 sensors/type: 0.8634 ± 0.2432
24 sensors/type: 0.8768 ± 0.2412
25 sensors/type: 0.8685 ± 0.2529
Saved gnn EnKF result to: /homes/dameyer/ml-for-wdn-project-4/results/aggregated/hanoi_gnn_enkf_n_iters=1_ensemble_size=50_seed=44.npz
