Filter:    enkf
Job:       240904
Array ID:  9
Seed:      51
Host:      assistant-3.GPU.CIT-EC.NET
Dataset:   hanoi

Running Hanoi GNN EnKF: 24 sensor counts × 1 sensor placements
2 sensors/type: 1.3971 ± 0.3019
3 sensors/type: 1.0997 ± 0.2751
4 sensors/type: 1.1350 ± 0.2941
5 sensors/type: 1.0908 ± 0.3106
6 sensors/type: 1.0494 ± 0.2727
7 sensors/type: 1.0393 ± 0.2652
8 sensors/type: 1.0354 ± 0.2685
9 sensors/type: 0.9776 ± 0.2636
10 sensors/type: 0.9416 ± 0.2527
11 sensors/type: 0.9553 ± 0.2516
12 sensors/type: 0.9138 ± 0.2473
13 sensors/type: 0.9413 ± 0.2641
14 sensors/type: 0.9244 ± 0.2471
15 sensors/type: 0.9291 ± 0.2521
16 sensors/type: 0.9475 ± 0.2472
17 sensors/type: 0.8724 ± 0.2386
18 sensors/type: 0.8893 ± 0.2580
19 sensors/type: 0.8721 ± 0.2476
20 sensors/type: 0.8827 ± 0.2597
21 sensors/type: 0.8619 ± 0.2453
22 sensors/type: 0.8641 ± 0.2391
23 sensors/type: 0.8410 ± 0.2491
24 sensors/type: 0.8330 ± 0.2423
25 sensors/type: 0.8365 ± 0.2431
Saved gnn EnKF result to: /homes/dameyer/ml-for-wdn-project-4/results/aggregated/hanoi_gnn_enkf_n_iters=1_ensemble_size=50_seed=51.npz
