================================
GNN training sweep
Job ID: 242681
Task ID: 17
Buffer size: 10
Rollout length: 25
================================
Running GNN sweep: dataset=Net1, buffer=10, rollout=25
Epoch 1/600, Total: 6765.316547, Node: 4125.092456, Link: 2638.698637, Spread: 152.545371
Epoch 2/600, Total: 2281.620129, Node: 1311.215109, Link: 968.627364, Spread: 177.761027
Epoch 3/600, Total: 2011.270487, Node: 1267.351287, Link: 742.021858, Spread: 189.734839
Epoch 4/600, Total: 1984.180876, Node: 1241.757869, Link: 740.654405, Spread: 176.863506
Epoch 5/600, Total: 1950.756929, Node: 1217.151926, Link: 731.893037, Spread: 171.193270
Epoch 6/600, Total: 1919.297163, Node: 1183.657549, Link: 734.009931, Spread: 162.966881
Epoch 7/600, Total: 1885.756456, Node: 1154.707633, Link: 729.505609, Spread: 154.320011
Epoch 8/600, Total: 1864.622334, Node: 1136.483412, Link: 726.667381, Spread: 147.150190
Epoch 9/600, Total: 1857.653933, Node: 1131.344832, Link: 724.899938, Spread: 140.917981
Epoch 10/600, Total: 1839.489632, Node: 1107.547069, Link: 730.611859, Spread: 133.070405
Epoch 11/600, Total: 1813.529337, Node: 1086.349239, Link: 725.915543, Spread: 126.460496
Epoch 12/600, Total: 1787.988773, Node: 1064.495353, Link: 722.283912, Spread: 120.952368
Epoch 13/600, Total: 1770.933075, Node: 1053.905896, Link: 715.865156, Spread: 116.202895
Epoch 14/600, Total: 1765.530649, Node: 1041.368911, Link: 723.055545, Spread: 110.618055
Epoch 15/600, Total: 1749.014729, Node: 1035.482526, Link: 712.484352, Spread: 104.785865
Epoch 16/600, Total: 1739.280651, Node: 1029.143194, Link: 709.136506, Spread: 100.097455
Epoch 17/600, Total: 1724.616142, Node: 1017.677833, Link: 705.981592, Spread: 95.669496
Epoch 18/600, Total: 1724.543249, Node: 1015.515560, Link: 708.102029, Spread: 92.566551
Epoch 19/600, Total: 1717.679771, Node: 1014.789410, Link: 701.994589, Spread: 89.576438
Epoch 20/600, Total: 1720.848967, Node: 1014.832963, Link: 705.153929, Spread: 86.208159
Epoch 21/600, Total: 1716.011717, Node: 1009.548014, Link: 705.647468, Spread: 81.627572
Epoch 22/600, Total: 1711.833481, Node: 1010.061707, Link: 700.988476, Spread: 78.331475
Epoch 23/600, Total: 1702.578220, Node: 1007.975568, Link: 693.842040, Spread: 76.064994
Epoch 24/600, Total: 1692.854692, Node: 1000.058131, Link: 692.070389, Spread: 72.618544
Epoch 25/600, Total: 1703.254318, Node: 1004.446963, Link: 698.119857, Spread: 68.742999
Epoch 26/600, Total: 1706.474249, Node: 1012.082506, Link: 693.742844, Spread: 64.890533
Epoch 27/600, Total: 1692.787014, Node: 1002.546807, Link: 689.622492, Spread: 61.769862
Epoch 28/600, Total: 1689.620571, Node: 997.151544, Link: 691.882776, Spread: 58.625021
Epoch 29/600, Total: 1678.566271, Node: 998.530247, Link: 679.473919, Spread: 56.209690
Epoch 30/600, Total: 1683.227314, Node: 993.059350, Link: 689.632323, Spread: 53.561090
Epoch 31/600, Total: 1691.297194, Node: 988.650511, Link: 702.160199, Spread: 48.650353
Epoch 32/600, Total: 1656.548321, Node: 987.510318, Link: 668.579948, Spread: 45.803438
Epoch 33/600, Total: 1661.540659, Node: 989.993697, Link: 671.120344, Spread: 42.664781
Epoch 34/600, Total: 1665.064194, Node: 990.744834, Link: 673.916903, Spread: 40.245301
Epoch 35/600, Total: 1656.910593, Node: 987.270386, Link: 669.261786, Spread: 37.842301
Epoch 36/600, Total: 1654.394791, Node: 988.367981, Link: 665.663455, Spread: 36.334100
Epoch 37/600, Total: 1646.718206, Node: 984.273602, Link: 662.095358, Spread: 34.923990
Epoch 38/600, Total: 1644.411032, Node: 979.644993, Link: 664.433501, Spread: 33.254356
Epoch 39/600, Total: 1649.325945, Node: 987.379239, Link: 661.632831, Spread: 31.387873
Epoch 40/600, Total: 1635.949482, Node: 974.565445, Link: 661.088903, Spread: 29.514852
Epoch 41/600, Total: 1636.519075, Node: 975.591794, Link: 660.655056, Spread: 27.225271
Epoch 42/600, Total: 1643.920719, Node: 983.203539, Link: 660.453114, Spread: 26.408731
Epoch 43/600, Total: 1642.409346, Node: 983.789203, Link: 658.368617, Spread: 25.153825
Epoch 44/600, Total: 1633.823359, Node: 971.257053, Link: 662.328948, Spread: 23.734452
Epoch 45/600, Total: 1642.515154, Node: 977.226801, Link: 665.062418, Spread: 22.591608
Epoch 46/600, Total: 1633.038607, Node: 964.860359, Link: 667.962171, Spread: 21.603419
Epoch 47/600, Total: 1618.359329, Node: 962.981266, Link: 655.174913, Spread: 20.315522
Epoch 48/600, Total: 1655.120617, Node: 1000.254941, Link: 654.674558, Spread: 19.114013
Epoch 49/600, Total: 1625.414602, Node: 971.095023, Link: 654.136873, Spread: 18.269694
Epoch 50/600, Total: 1624.062170, Node: 970.954560, Link: 652.934029, Spread: 17.355954
Epoch 51/600, Total: 1648.103159, Node: 995.266014, Link: 652.671195, Spread: 16.599571
Epoch 52/600, Total: 1615.231821, Node: 959.605207, Link: 655.466148, Spread: 16.045410
Epoch 53/600, Total: 1604.612396, Node: 958.478149, Link: 645.980714, Spread: 15.354885
Epoch 54/600, Total: 1611.701298, Node: 961.669482, Link: 649.884635, Spread: 14.717778
Epoch 55/600, Total: 1601.802755, Node: 958.112940, Link: 643.546849, Spread: 14.298950
Epoch 56/600, Total: 1615.199358, Node: 965.069075, Link: 649.992343, Spread: 13.793899
Epoch 57/600, Total: 1606.978210, Node: 964.860643, Link: 641.985759, Spread: 13.180625
Epoch 58/600, Total: 1611.902563, Node: 962.888875, Link: 648.887180, Spread: 12.653784
Epoch 59/600, Total: 1626.472069, Node: 976.885779, Link: 649.462858, Spread: 12.340786
Epoch 60/600, Total: 1622.960928, Node: 973.536713, Link: 649.306773, Spread: 11.742397
Epoch 61/600, Total: 1607.218121, Node: 958.454082, Link: 648.651190, Spread: 11.285449
Epoch 62/600, Total: 1591.004343, Node: 952.841079, Link: 638.055675, Spread: 10.757966
Epoch 63/600, Total: 1604.687754, Node: 965.436102, Link: 639.146143, Spread: 10.552005
Epoch 64/600, Total: 1605.573328, Node: 964.975465, Link: 640.497066, Spread: 10.079123
Epoch 65/600, Total: 1610.124107, Node: 974.846304, Link: 635.180425, Spread: 9.736760
Epoch 66/600, Total: 1634.282955, Node: 984.646783, Link: 649.540253, Spread: 9.590822
Epoch 67/600, Total: 1652.604715, Node: 995.434238, Link: 657.076948, Spread: 9.354925
Epoch 68/600, Total: 1608.619814, Node: 960.728815, Link: 647.805821, Spread: 8.518026
Epoch 69/600, Total: 1592.652494, Node: 955.604932, Link: 636.966754, Spread: 8.080596
Epoch 70/600, Total: 1601.515862, Node: 956.449405, Link: 644.990007, Spread: 7.643498
Epoch 71/600, Total: 1621.982506, Node: 963.308987, Link: 658.599943, Spread: 7.359705
Epoch 72/600, Total: 1607.368610, Node: 957.291806, Link: 650.006069, Spread: 7.077387
Epoch 73/600, Total: 1591.451662, Node: 954.708199, Link: 636.675056, Spread: 6.840700
Epoch 74/600, Total: 1614.145727, Node: 956.485114, Link: 657.593829, Spread: 6.678062
Epoch 75/600, Total: 1593.219194, Node: 958.159950, Link: 634.995526, Spread: 6.369374
Epoch 76/600, Total: 1622.380854, Node: 978.385136, Link: 643.931874, Spread: 6.391380
Epoch 77/600, Total: 1621.064411, Node: 979.840889, Link: 641.163223, Spread: 6.030895
Epoch 78/600, Total: 1609.100079, Node: 957.743410, Link: 651.299769, Spread: 5.690396
Epoch 79/600, Total: 1587.167513, Node: 945.482207, Link: 641.630917, Spread: 5.437960
Epoch 80/600, Total: 1590.144451, Node: 950.654210, Link: 639.438394, Spread: 5.185318
Epoch 81/600, Total: 1623.215517, Node: 977.331092, Link: 645.833373, Spread: 5.103623
Epoch 82/600, Total: 1609.832079, Node: 961.710864, Link: 648.071224, Spread: 4.995119
Epoch 83/600, Total: 1611.499504, Node: 967.547592, Link: 643.903019, Spread: 4.887163
Epoch 84/600, Total: 1621.725838, Node: 977.652484, Link: 644.027679, Spread: 4.567827
Epoch 85/600, Total: 1605.359486, Node: 962.453748, Link: 642.860909, Spread: 4.485025
Epoch 86/600, Total: 1604.844685, Node: 965.498176, Link: 639.302434, Spread: 4.407653
Epoch 87/600, Total: 1602.865786, Node: 963.379585, Link: 639.442088, Spread: 4.410473
Epoch 88/600, Total: 1608.671064, Node: 970.542726, Link: 638.084547, Spread: 4.376926
Epoch 89/600, Total: 1619.262146, Node: 975.500596, Link: 643.718123, Spread: 4.342738
Epoch 90/600, Total: 1606.694231, Node: 962.918576, Link: 643.734713, Spread: 4.095416
Epoch 91/600, Total: 1592.965702, Node: 951.001468, Link: 641.924011, Spread: 4.021026
Epoch 92/600, Total: 1592.587097, Node: 951.432088, Link: 641.115077, Spread: 3.987674
Epoch 93/600, Total: 1593.029440, Node: 950.404526, Link: 642.585477, Spread: 3.944847
Epoch 94/600, Total: 1599.163265, Node: 952.779306, Link: 646.345045, Spread: 3.889940
Epoch 95/600, Total: 1597.775644, Node: 950.354460, Link: 647.382985, Spread: 3.821830
Epoch 96/600, Total: 1600.874964, Node: 961.752999, Link: 639.083850, Spread: 3.813429
Epoch 97/600, Total: 1603.964064, Node: 959.522646, Link: 644.403962, Spread: 3.745069
Epoch 98/600, Total: 1588.621170, Node: 946.566937, Link: 642.018103, Spread: 3.611446
Epoch 99/600, Total: 1593.518694, Node: 942.064371, Link: 651.419484, Spread: 3.483510
Epoch 100/600, Total: 1602.456964, Node: 955.639007, Link: 646.783999, Spread: 3.396977
Epoch 101/600, Total: 1596.053120, Node: 949.876519, Link: 646.143756, Spread: 3.284662
Epoch 102/600, Total: 1598.208958, Node: 950.292201, Link: 647.884571, Spread: 3.220467
Epoch 103/600, Total: 1614.433256, Node: 958.463673, Link: 655.937532, Spread: 3.204186
Epoch 104/600, Total: 1599.709602, Node: 960.810663, Link: 638.868114, Spread: 3.080878
Epoch 105/600, Total: 1590.983978, Node: 948.087113, Link: 642.865934, Spread: 3.095095
Epoch 106/600, Total: 1581.474585, Node: 939.647020, Link: 641.796987, Spread: 3.057562
Epoch 107/600, Total: 1583.333782, Node: 942.173081, Link: 641.131086, Spread: 2.960802
Epoch 108/600, Total: 1604.328264, Node: 943.525482, Link: 660.772991, Spread: 2.982577
Epoch 109/600, Total: 1604.855505, Node: 950.988278, Link: 653.838485, Spread: 2.872989
Epoch 110/600, Total: 1591.250702, Node: 943.315204, Link: 647.906177, Spread: 2.933478
Epoch 111/600, Total: 1585.103476, Node: 943.354587, Link: 641.720707, Spread: 2.815912
Epoch 112/600, Total: 1604.039158, Node: 942.381258, Link: 661.629741, Spread: 2.822523
Epoch 113/600, Total: 1618.918585, Node: 969.575721, Link: 649.315387, Spread: 2.749212
Epoch 114/600, Total: 1623.098579, Node: 984.542513, Link: 638.530432, Spread: 2.564995
Epoch 115/600, Total: 1600.059206, Node: 954.677812, Link: 645.354427, Spread: 2.696446
Epoch 116/600, Total: 1597.179342, Node: 960.750686, Link: 636.405641, Spread: 2.300537
Epoch 117/600, Total: 1599.061308, Node: 951.891333, Link: 647.147312, Spread: 2.262846
Epoch 118/600, Total: 1609.209999, Node: 968.298775, Link: 640.888632, Spread: 2.261925
Epoch 119/600, Total: 1596.202188, Node: 963.494357, Link: 632.685334, Spread: 2.253286
Epoch 120/600, Total: 1589.825079, Node: 956.895938, Link: 632.906601, Spread: 2.254070
Epoch 121/600, Total: 1607.030123, Node: 960.071442, Link: 646.935984, Spread: 2.268129
Epoch 122/600, Total: 1593.604456, Node: 959.661267, Link: 633.920901, Spread: 2.230985
Epoch 123/600, Total: 1611.583208, Node: 959.688201, Link: 651.871813, Spread: 2.316837
Epoch 124/600, Total: 1577.100616, Node: 948.921661, Link: 628.156549, Spread: 2.236573
Epoch 125/600, Total: 1591.045603, Node: 959.614888, Link: 631.408391, Spread: 2.229149
Epoch 126/600, Total: 1592.101498, Node: 961.722357, Link: 630.357342, Spread: 2.181627
Epoch 127/600, Total: 1588.309883, Node: 960.257400, Link: 628.030956, Spread: 2.154636
Epoch 128/600, Total: 1562.668390, Node: 939.472163, Link: 623.174454, Spread: 2.174424
Epoch 129/600, Total: 1568.247885, Node: 941.396328, Link: 626.829911, Spread: 2.166687
Epoch 130/600, Total: 1565.791248, Node: 945.722481, Link: 620.046881, Spread: 2.191579
Epoch 131/600, Total: 1583.844303, Node: 951.670711, Link: 632.152070, Spread: 2.154511
Epoch 132/600, Total: 1579.893021, Node: 949.191829, Link: 630.679867, Spread: 2.135107
Epoch 133/600, Total: 1569.014620, Node: 945.598933, Link: 623.394338, Spread: 2.134624
Epoch 134/600, Total: 1581.542252, Node: 953.644724, Link: 627.876108, Spread: 2.145383
Epoch 135/600, Total: 1574.449610, Node: 946.336210, Link: 628.091964, Spread: 2.144127
Epoch 136/600, Total: 1599.283072, Node: 967.928893, Link: 631.332879, Spread: 2.132167
Epoch 137/600, Total: 1568.556232, Node: 946.296647, Link: 622.238350, Spread: 2.123814
Epoch 138/600, Total: 1568.033010, Node: 943.324256, Link: 624.687365, Spread: 2.136374
Epoch 139/600, Total: 1587.775404, Node: 960.527387, Link: 627.226819, Spread: 2.121207
Epoch 140/600, Total: 1556.940020, Node: 936.103174, Link: 620.815515, Spread: 2.131018
Epoch 141/600, Total: 1579.679712, Node: 948.447578, Link: 631.210679, Spread: 2.146140
Epoch 142/600, Total: 1572.035309, Node: 953.200413, Link: 618.813636, Spread: 2.124670
Epoch 143/600, Total: 1567.374207, Node: 946.778540, Link: 620.574517, Spread: 2.115934
Epoch 144/600, Total: 1568.018900, Node: 947.000472, Link: 620.996918, Spread: 2.152254
Epoch 145/600, Total: 1557.661604, Node: 934.550494, Link: 623.090123, Spread: 2.099913
Epoch 146/600, Total: 1573.146601, Node: 946.423420, Link: 626.702173, Spread: 2.100276
Epoch 147/600, Total: 1558.083796, Node: 939.066035, Link: 618.996875, Spread: 2.087276
Epoch 148/600, Total: 1556.703259, Node: 938.525919, Link: 618.156587, Spread: 2.072460
Epoch 149/600, Total: 1554.539383, Node: 935.619367, Link: 618.899299, Spread: 2.071430
Epoch 150/600, Total: 1555.299482, Node: 939.908564, Link: 615.370061, Spread: 2.086168
Epoch 151/600, Total: 1559.165295, Node: 941.054912, Link: 618.089569, Spread: 2.079551
Epoch 152/600, Total: 1575.551594, Node: 951.883075, Link: 623.647611, Spread: 2.090094
Epoch 153/600, Total: 1564.798719, Node: 946.806970, Link: 617.971060, Spread: 2.067780
Epoch 154/600, Total: 1563.359314, Node: 940.518255, Link: 622.820302, Spread: 2.073761
Epoch 155/600, Total: 1553.843807, Node: 936.294838, Link: 617.528222, Spread: 2.076684
Epoch 156/600, Total: 1560.756685, Node: 935.191752, Link: 625.544163, Spread: 2.079561
Epoch 157/600, Total: 1563.973972, Node: 941.603592, Link: 622.349519, Spread: 2.084262
Epoch 158/600, Total: 1577.900583, Node: 952.078030, Link: 625.801835, Spread: 2.069477
Epoch 159/600, Total: 1555.681059, Node: 933.048645, Link: 622.611858, Spread: 2.052310
Epoch 160/600, Total: 1556.457378, Node: 936.429146, Link: 620.007607, Spread: 2.061539
Epoch 161/600, Total: 1557.801970, Node: 933.556571, Link: 624.224725, Spread: 2.060908
Epoch 162/600, Total: 1555.799442, Node: 937.344363, Link: 618.434627, Spread: 2.046266
Epoch 163/600, Total: 1557.076302, Node: 932.150264, Link: 624.905642, Spread: 2.040726
Epoch 164/600, Total: 1572.672703, Node: 950.612103, Link: 622.040074, Spread: 2.051350
Epoch 165/600, Total: 1577.884546, Node: 947.327449, Link: 630.536635, Spread: 2.046138
Epoch 166/600, Total: 1553.968784, Node: 945.413567, Link: 608.534791, Spread: 2.047127
Epoch 167/600, Total: 1555.289469, Node: 944.096969, Link: 611.171800, Spread: 2.067422
Epoch 168/600, Total: 1558.605368, Node: 939.862873, Link: 618.721988, Spread: 2.050385
Epoch 169/600, Total: 1539.546110, Node: 930.477998, Link: 609.047570, Spread: 2.051391
Epoch 170/600, Total: 1543.508390, Node: 931.473398, Link: 612.014443, Spread: 2.053976
Epoch 171/600, Total: 1553.122358, Node: 941.140344, Link: 611.961502, Spread: 2.051831
Epoch 172/600, Total: 1546.724918, Node: 937.046551, Link: 609.657909, Spread: 2.045682
Epoch 173/600, Total: 1565.134207, Node: 953.900800, Link: 611.212809, Spread: 2.060716
Epoch 174/600, Total: 1550.846060, Node: 936.173378, Link: 614.652124, Spread: 2.058328
Epoch 175/600, Total: 1542.392487, Node: 929.528659, Link: 612.843337, Spread: 2.047771
Epoch 176/600, Total: 1547.509335, Node: 931.178336, Link: 616.310523, Spread: 2.051809
Epoch 177/600, Total: 1542.340229, Node: 926.350646, Link: 615.969033, Spread: 2.051902
Epoch 178/600, Total: 1541.850342, Node: 930.287004, Link: 611.542681, Spread: 2.065016
Epoch 179/600, Total: 1551.157293, Node: 930.616381, Link: 620.520530, Spread: 2.039655
Epoch 180/600, Total: 1524.101151, Node: 924.376841, Link: 599.703879, Spread: 2.042920
Epoch 181/600, Total: 1537.911606, Node: 934.111302, Link: 603.779782, Spread: 2.052906
Epoch 182/600, Total: 1545.069078, Node: 937.679790, Link: 607.368706, Spread: 2.057535
Epoch 183/600, Total: 1551.757633, Node: 938.939546, Link: 612.797553, Spread: 2.053912
Epoch 184/600, Total: 1538.951195, Node: 934.169891, Link: 604.760842, Spread: 2.044782
Epoch 185/600, Total: 1541.139868, Node: 938.817571, Link: 602.301682, Spread: 2.060396
Epoch 186/600, Total: 1544.803892, Node: 934.999385, Link: 609.783908, Spread: 2.059788
Epoch 187/600, Total: 1541.141298, Node: 933.766536, Link: 607.354106, Spread: 2.066583
Epoch 188/600, Total: 1537.031485, Node: 932.110968, Link: 604.899849, Spread: 2.068626
Epoch 189/600, Total: 1531.371031, Node: 932.461027, Link: 598.889346, Spread: 2.069084
Epoch 190/600, Total: 1539.637693, Node: 938.940484, Link: 600.676362, Spread: 2.086187
Epoch 191/600, Total: 1555.660622, Node: 946.343384, Link: 609.296281, Spread: 2.093231
Epoch 192/600, Total: 1548.103237, Node: 947.495784, Link: 600.586545, Spread: 2.089772
Epoch 193/600, Total: 1539.575909, Node: 937.503168, Link: 602.051849, Spread: 2.089640
Epoch 194/600, Total: 1535.239281, Node: 938.858129, Link: 596.360268, Spread: 2.090213
Epoch 195/600, Total: 1538.522213, Node: 939.704824, Link: 598.796341, Spread: 2.102997
Epoch 196/600, Total: 1532.172506, Node: 936.571136, Link: 595.580223, Spread: 2.116690
Epoch 197/600, Total: 1537.553055, Node: 938.964484, Link: 598.567422, Spread: 2.114715
Epoch 198/600, Total: 1546.497604, Node: 947.697910, Link: 598.778491, Spread: 2.121411
Epoch 199/600, Total: 1532.829695, Node: 936.540978, Link: 596.267418, Spread: 2.131732
Epoch 200/600, Total: 1526.688257, Node: 933.473650, Link: 593.193273, Spread: 2.131816
Epoch 201/600, Total: 1527.838823, Node: 934.541587, Link: 593.275886, Spread: 2.137593
Epoch 202/600, Total: 1528.601009, Node: 934.725129, Link: 593.854438, Spread: 2.141043
Epoch 203/600, Total: 1527.014513, Node: 933.917138, Link: 593.075997, Spread: 2.133490
Epoch 204/600, Total: 1539.135399, Node: 947.125746, Link: 591.988251, Spread: 2.141043
Epoch 205/600, Total: 1535.982897, Node: 942.015329, Link: 593.946213, Spread: 2.134369
Epoch 206/600, Total: 1521.758570, Node: 930.789193, Link: 590.948031, Spread: 2.135653
Epoch 207/600, Total: 1532.850975, Node: 941.542519, Link: 591.286995, Spread: 2.149169
Epoch 208/600, Total: 1533.584190, Node: 945.299230, Link: 588.263410, Spread: 2.155545
Epoch 209/600, Total: 1547.652624, Node: 955.008551, Link: 592.622405, Spread: 2.167804
Epoch 210/600, Total: 1549.591963, Node: 955.159255, Link: 594.411049, Spread: 2.167773
Epoch 211/600, Total: 1533.193823, Node: 935.805442, Link: 597.366550, Spread: 2.182815
Epoch 212/600, Total: 1536.139055, Node: 938.746704, Link: 597.370404, Spread: 2.195380
Epoch 213/600, Total: 1531.175587, Node: 940.844646, Link: 590.308977, Spread: 2.196927
Epoch 214/600, Total: 1538.615845, Node: 944.856933, Link: 593.736785, Spread: 2.212630
Epoch 215/600, Total: 1540.737751, Node: 948.090073, Link: 592.625574, Spread: 2.214002
Epoch 216/600, Total: 1549.051493, Node: 956.749487, Link: 592.279702, Spread: 2.231176
Epoch 217/600, Total: 1562.317930, Node: 964.352756, Link: 597.942680, Spread: 2.248945
Epoch 218/600, Total: 1559.492170, Node: 958.580652, Link: 600.888844, Spread: 2.266030
Epoch 219/600, Total: 1544.440350, Node: 950.614847, Link: 593.803228, Spread: 2.227510
Epoch 220/600, Total: 1529.647648, Node: 941.314385, Link: 588.310790, Spread: 2.248065
Epoch 221/600, Total: 1535.392647, Node: 943.596015, Link: 591.773915, Spread: 2.267733
Epoch 222/600, Total: 1535.604504, Node: 940.182561, Link: 595.399276, Spread: 2.271027
Epoch 223/600, Total: 1529.919243, Node: 936.731512, Link: 593.165136, Spread: 2.260671
Epoch 224/600, Total: 1542.392496, Node: 947.060882, Link: 595.309087, Spread: 2.253868
Epoch 225/600, Total: 1533.041634, Node: 940.345024, Link: 592.673744, Spread: 2.287188
Epoch 226/600, Total: 1545.602715, Node: 950.974792, Link: 594.604766, Spread: 2.314721
Epoch 227/600, Total: 1538.959600, Node: 950.144766, Link: 588.791685, Spread: 2.314728
Epoch 228/600, Total: 1540.567450, Node: 950.436397, Link: 590.108171, Spread: 2.288893
Epoch 229/600, Total: 1518.764347, Node: 931.444836, Link: 587.296272, Spread: 2.325352
Epoch 230/600, Total: 1529.927135, Node: 939.216833, Link: 590.687116, Spread: 2.320653
Epoch 231/600, Total: 1523.883739, Node: 936.097050, Link: 587.763483, Spread: 2.320158
Epoch 232/600, Total: 1525.511612, Node: 939.669515, Link: 585.818812, Spread: 2.329043
Epoch 233/600, Total: 1517.030125, Node: 931.125229, Link: 585.881483, Spread: 2.341945
Epoch 234/600, Total: 1527.582150, Node: 935.972001, Link: 591.586879, Spread: 2.327035
Epoch 235/600, Total: 1525.290457, Node: 934.865769, Link: 590.401309, Spread: 2.338339
Epoch 236/600, Total: 1539.297955, Node: 940.358722, Link: 598.915835, Spread: 2.340978
Epoch 237/600, Total: 1527.378382, Node: 939.257635, Link: 588.097133, Spread: 2.362894
Epoch 238/600, Total: 1526.287048, Node: 941.664534, Link: 584.598819, Spread: 2.368475
Epoch 239/600, Total: 1517.625063, Node: 932.464095, Link: 585.137324, Spread: 2.367462
Epoch 240/600, Total: 1531.914642, Node: 938.438536, Link: 593.452367, Spread: 2.375304
Epoch 241/600, Total: 1535.788731, Node: 941.259139, Link: 594.505569, Spread: 2.401078
Epoch 242/600, Total: 1556.807470, Node: 945.633892, Link: 611.149769, Spread: 2.383616
Epoch 243/600, Total: 1521.325790, Node: 936.145002, Link: 585.156998, Spread: 2.378718
Epoch 244/600, Total: 1541.493965, Node: 944.181487, Link: 597.288225, Spread: 2.426361
Epoch 245/600, Total: 1531.214870, Node: 935.699087, Link: 595.492034, Spread: 2.375817
Epoch 246/600, Total: 1517.914417, Node: 933.603283, Link: 584.287470, Spread: 2.367175
Epoch 247/600, Total: 1507.598776, Node: 925.766533, Link: 581.808258, Spread: 2.396409
Epoch 248/600, Total: 1507.719790, Node: 923.800362, Link: 583.895493, Spread: 2.394726
Epoch 249/600, Total: 1516.307026, Node: 930.478865, Link: 585.804046, Spread: 2.411278
Epoch 250/600, Total: 1508.695656, Node: 927.192696, Link: 581.478796, Spread: 2.419450
Epoch 251/600, Total: 1505.462626, Node: 924.929503, Link: 580.508830, Spread: 2.427508
Epoch 252/600, Total: 1512.640602, Node: 932.373993, Link: 580.242168, Spread: 2.442625
Epoch 253/600, Total: 1534.790817, Node: 942.379205, Link: 592.386806, Spread: 2.480398
Epoch 254/600, Total: 1528.147898, Node: 941.282500, Link: 586.840419, Spread: 2.494700
Epoch 255/600, Total: 1544.811169, Node: 954.397822, Link: 590.388173, Spread: 2.517026
Epoch 256/600, Total: 1543.099758, Node: 952.770521, Link: 590.304493, Spread: 2.472907
Epoch 257/600, Total: 1542.149214, Node: 954.144917, Link: 587.979540, Spread: 2.473106
Epoch 258/600, Total: 1561.122068, Node: 975.284166, Link: 585.813195, Spread: 2.471753
Epoch 259/600, Total: 1548.347563, Node: 958.445187, Link: 589.877207, Spread: 2.517733
Epoch 260/600, Total: 1512.986301, Node: 934.174489, Link: 578.786568, Spread: 2.528148
Epoch 261/600, Total: 1529.541813, Node: 940.930907, Link: 588.585918, Spread: 2.501811
Epoch 262/600, Total: 1524.487700, Node: 937.650867, Link: 586.811414, Spread: 2.541408
Epoch 263/600, Total: 1514.352079, Node: 933.489198, Link: 580.837495, Spread: 2.539152
Epoch 264/600, Total: 1513.209469, Node: 928.825003, Link: 584.359391, Spread: 2.512323
Epoch 265/600, Total: 1542.501139, Node: 950.696493, Link: 591.779669, Spread: 2.498745
Epoch 266/600, Total: 1530.081701, Node: 948.625556, Link: 581.431146, Spread: 2.499625
Epoch 267/600, Total: 1507.163624, Node: 931.264629, Link: 575.873726, Spread: 2.525741
Epoch 268/600, Total: 1531.636429, Node: 943.351965, Link: 588.259389, Spread: 2.506430
Epoch 269/600, Total: 1511.099352, Node: 935.813376, Link: 575.260925, Spread: 2.504521
Epoch 270/600, Total: 1509.593184, Node: 930.499817, Link: 579.068187, Spread: 2.518380
Epoch 271/600, Total: 1519.010208, Node: 934.785531, Link: 584.199552, Spread: 2.516583
Epoch 272/600, Total: 1520.207201, Node: 941.213014, Link: 578.968972, Spread: 2.521691
Epoch 273/600, Total: 1524.267658, Node: 941.821982, Link: 582.420619, Spread: 2.505960
Epoch 274/600, Total: 1545.978209, Node: 960.104505, Link: 585.848725, Spread: 2.500342
Epoch 275/600, Total: 1518.807545, Node: 942.590684, Link: 576.191673, Spread: 2.519243
Epoch 276/600, Total: 1506.906416, Node: 925.633647, Link: 581.247447, Spread: 2.533283
Epoch 277/600, Total: 1515.571520, Node: 923.258990, Link: 592.287474, Spread: 2.504887
Epoch 278/600, Total: 1523.012905, Node: 935.878266, Link: 587.109646, Spread: 2.497625
Epoch 279/600, Total: 1503.072577, Node: 924.498518, Link: 578.548882, Spread: 2.516704
Epoch 280/600, Total: 1526.958387, Node: 941.691183, Link: 585.241829, Spread: 2.534188
Epoch 281/600, Total: 1518.623327, Node: 936.346414, Link: 582.251810, Spread: 2.508207
Epoch 282/600, Total: 1529.018908, Node: 934.636939, Link: 594.356765, Spread: 2.517074
Epoch 283/600, Total: 1527.478361, Node: 937.506909, Link: 589.946950, Spread: 2.449792
Epoch 284/600, Total: 1524.244698, Node: 938.786661, Link: 585.433709, Spread: 2.432206
Epoch 285/600, Total: 1532.468592, Node: 940.525683, Link: 591.918219, Spread: 2.471758
Epoch 286/600, Total: 1546.130302, Node: 950.188042, Link: 595.918005, Spread: 2.423435
Epoch 287/600, Total: 1518.453131, Node: 936.940948, Link: 581.488122, Spread: 2.404285
Epoch 288/600, Total: 1544.731613, Node: 952.246168, Link: 592.461415, Spread: 2.404303
Epoch 289/600, Total: 1523.106936, Node: 931.384319, Link: 591.697953, Spread: 2.468822
Epoch 290/600, Total: 1548.868748, Node: 951.677845, Link: 597.166062, Spread: 2.483424
Epoch 291/600, Total: 1539.672161, Node: 955.259015, Link: 584.388867, Spread: 2.428210
Epoch 292/600, Total: 1517.458033, Node: 930.226163, Link: 587.207415, Spread: 2.445325
Epoch 293/600, Total: 1512.331718, Node: 930.116657, Link: 582.191050, Spread: 2.399569
Epoch 294/600, Total: 1511.982014, Node: 930.633201, Link: 581.324776, Spread: 2.402723
Epoch 295/600, Total: 1503.524256, Node: 929.058400, Link: 574.442064, Spread: 2.379908
Epoch 296/600, Total: 1507.373169, Node: 925.346177, Link: 582.002990, Spread: 2.400196
Epoch 297/600, Total: 1504.058321, Node: 929.603736, Link: 574.430383, Spread: 2.420691
Epoch 298/600, Total: 1516.551041, Node: 938.265564, Link: 578.260920, Spread: 2.453885
Epoch 299/600, Total: 1506.272867, Node: 934.048512, Link: 572.200163, Spread: 2.420771
Epoch 300/600, Total: 1531.565395, Node: 949.793772, Link: 581.747641, Spread: 2.398476
Epoch 301/600, Total: 1503.256428, Node: 929.707587, Link: 573.524637, Spread: 2.423536
Epoch 302/600, Total: 1514.480492, Node: 931.056006, Link: 583.400314, Spread: 2.416754
Epoch 303/600, Total: 1521.043400, Node: 932.036635, Link: 588.982676, Spread: 2.407875
Epoch 304/600, Total: 1538.473198, Node: 953.522984, Link: 584.926312, Spread: 2.391981
Epoch 305/600, Total: 1517.211645, Node: 928.396621, Link: 588.790813, Spread: 2.421707
Epoch 306/600, Total: 1514.619410, Node: 936.902056, Link: 577.692971, Spread: 2.439636
Epoch 307/600, Total: 1505.532768, Node: 926.530894, Link: 578.977249, Spread: 2.462373
Epoch 308/600, Total: 1529.305147, Node: 937.917014, Link: 591.363611, Spread: 2.453636
Epoch 309/600, Total: 1516.708529, Node: 934.501122, Link: 582.183009, Spread: 2.437612
Epoch 310/600, Total: 1511.557453, Node: 934.712943, Link: 576.820275, Spread: 2.423481
Epoch 311/600, Total: 1533.114344, Node: 943.291176, Link: 589.798892, Spread: 2.425286
Epoch 312/600, Total: 1548.238571, Node: 953.947867, Link: 594.266935, Spread: 2.377188
Epoch 313/600, Total: 1524.610891, Node: 937.689000, Link: 586.897748, Spread: 2.410947
Epoch 314/600, Total: 1517.609245, Node: 935.642304, Link: 581.943012, Spread: 2.390442
Epoch 315/600, Total: 1511.727631, Node: 932.382068, Link: 579.321692, Spread: 2.391136
Epoch 316/600, Total: 1523.581059, Node: 944.918356, Link: 578.638981, Spread: 2.372055
Epoch 317/600, Total: 1523.104717, Node: 944.174137, Link: 578.906707, Spread: 2.387661
Epoch 318/600, Total: 1510.164448, Node: 933.953402, Link: 576.187362, Spread: 2.368411
Epoch 319/600, Total: 1496.039511, Node: 927.006931, Link: 569.008843, Spread: 2.372197
Epoch 320/600, Total: 1516.393513, Node: 937.474185, Link: 578.895543, Spread: 2.379226
Epoch 321/600, Total: 1501.119270, Node: 927.328240, Link: 573.767332, Spread: 2.370051
Epoch 322/600, Total: 1508.943699, Node: 926.296683, Link: 582.622983, Spread: 2.402996
Epoch 323/600, Total: 1503.300957, Node: 927.711185, Link: 575.565682, Spread: 2.411505
Epoch 324/600, Total: 1515.975466, Node: 930.912862, Link: 585.038544, Spread: 2.404372
Epoch 325/600, Total: 1499.670269, Node: 926.540549, Link: 573.105719, Spread: 2.399046
Epoch 326/600, Total: 1531.005167, Node: 941.892626, Link: 589.088006, Spread: 2.453909
Epoch 327/600, Total: 1507.944544, Node: 938.588203, Link: 569.331780, Spread: 2.458683
Epoch 328/600, Total: 1501.925518, Node: 925.692764, Link: 576.208116, Spread: 2.463396
Epoch 329/600, Total: 1501.688063, Node: 920.580539, Link: 581.082864, Spread: 2.465088
Epoch 330/600, Total: 1500.366676, Node: 927.793106, Link: 572.549156, Spread: 2.444707
Epoch 331/600, Total: 1511.044941, Node: 933.906937, Link: 577.113435, Spread: 2.453385
Epoch 332/600, Total: 1492.343727, Node: 926.862603, Link: 565.456469, Spread: 2.465266
Epoch 333/600, Total: 1526.362326, Node: 943.150080, Link: 583.187737, Spread: 2.450733
Epoch 334/600, Total: 1507.896694, Node: 934.159065, Link: 573.713306, Spread: 2.431857
Epoch 335/600, Total: 1498.596363, Node: 920.196144, Link: 578.375840, Spread: 2.437911
Epoch 336/600, Total: 1518.050774, Node: 941.581393, Link: 576.445026, Spread: 2.435787
Epoch 337/600, Total: 1512.070730, Node: 941.526990, Link: 570.519289, Spread: 2.447911
Epoch 338/600, Total: 1548.621513, Node: 948.244249, Link: 600.352671, Spread: 2.455052
Epoch 339/600, Total: 1532.170450, Node: 930.751260, Link: 601.395006, Spread: 2.417858
Epoch 340/600, Total: 1548.533312, Node: 936.168709, Link: 612.340412, Spread: 2.420077
Epoch 341/600, Total: 1544.110983, Node: 935.724147, Link: 608.362661, Spread: 2.415995
Epoch 342/600, Total: 1539.853998, Node: 931.096537, Link: 608.733310, Spread: 2.414386
Epoch 343/600, Total: 1554.118214, Node: 950.759902, Link: 603.334004, Spread: 2.425715
Epoch 344/600, Total: 1541.305193, Node: 937.371323, Link: 603.909690, Spread: 2.418240
Epoch 345/600, Total: 1539.376600, Node: 933.390308, Link: 605.962348, Spread: 2.394676
Epoch 346/600, Total: 1547.605047, Node: 941.199934, Link: 606.381110, Spread: 2.399711
Epoch 347/600, Total: 1549.555492, Node: 941.567343, Link: 607.964310, Spread: 2.384629
Epoch 348/600, Total: 1546.723152, Node: 944.777996, Link: 601.921601, Spread: 2.355695
Epoch 349/600, Total: 1534.005405, Node: 932.211525, Link: 601.770254, Spread: 2.362600
Epoch 350/600, Total: 1543.488516, Node: 932.521225, Link: 610.943768, Spread: 2.353276
Epoch 351/600, Total: 1531.527353, Node: 932.783874, Link: 598.720478, Spread: 2.305524
Epoch 352/600, Total: 1686.868696, Node: 1060.004491, Link: 626.851828, Spread: 1.235361
Epoch 353/600, Total: 1671.228012, Node: 1059.364801, Link: 611.851757, Spread: 1.147840
Epoch 354/600, Total: 1659.491802, Node: 1046.648044, Link: 612.832723, Spread: 1.107655
Epoch 355/600, Total: 1662.406134, Node: 1049.774898, Link: 612.619304, Spread: 1.191939
Epoch 356/600, Total: 1639.483824, Node: 1036.225910, Link: 603.245858, Spread: 1.208364
Epoch 357/600, Total: 1662.123037, Node: 1048.202713, Link: 613.908276, Spread: 1.205498
Epoch 358/600, Total: 1666.578690, Node: 1063.501942, Link: 603.064974, Spread: 1.180133
Epoch 359/600, Total: 1638.427439, Node: 1044.645106, Link: 593.770454, Spread: 1.190880
Epoch 360/600, Total: 1640.691723, Node: 1032.307913, Link: 608.371708, Spread: 1.208129
Epoch 361/600, Total: 1650.518036, Node: 1043.546802, Link: 606.959263, Spread: 1.199086
Epoch 362/600, Total: 1649.488724, Node: 1039.113350, Link: 610.363011, Spread: 1.236309
Epoch 363/600, Total: 1648.753227, Node: 1038.631123, Link: 610.109549, Spread: 1.258751
Epoch 364/600, Total: 1634.473988, Node: 1032.284913, Link: 602.176676, Spread: 1.240723
Epoch 365/600, Total: 1672.236858, Node: 1048.080099, Link: 624.143982, Spread: 1.274100
Epoch 366/600, Total: 1652.893194, Node: 1046.358949, Link: 606.521639, Spread: 1.257865
Epoch 367/600, Total: 1639.910187, Node: 1038.228691, Link: 601.669284, Spread: 1.220426
Epoch 368/600, Total: 1633.517046, Node: 1028.771658, Link: 604.732549, Spread: 1.282590
Epoch 369/600, Total: 1638.381081, Node: 1030.718651, Link: 607.649561, Spread: 1.287754
Epoch 370/600, Total: 1643.687624, Node: 1030.641687, Link: 613.032802, Spread: 1.312409
Epoch 371/600, Total: 1629.033182, Node: 1030.608229, Link: 598.411932, Spread: 1.303177
Epoch 372/600, Total: 1635.049349, Node: 1026.285526, Link: 608.750578, Spread: 1.326722
Epoch 373/600, Total: 1620.205164, Node: 1023.359312, Link: 596.833201, Spread: 1.260644
Epoch 374/600, Total: 1628.042730, Node: 1024.691920, Link: 603.338138, Spread: 1.267141
Epoch 375/600, Total: 1615.600466, Node: 1017.348115, Link: 598.239341, Spread: 1.303002
Epoch 376/600, Total: 1635.973923, Node: 1029.838099, Link: 606.122751, Spread: 1.307724
Epoch 377/600, Total: 1638.482567, Node: 1028.740844, Link: 609.727679, Spread: 1.400785
Epoch 378/600, Total: 1641.939533, Node: 1041.111402, Link: 600.814478, Spread: 1.363036
Epoch 379/600, Total: 1631.140558, Node: 1023.723426, Link: 607.403750, Spread: 1.337410
Epoch 380/600, Total: 1647.251547, Node: 1038.370543, Link: 608.866962, Spread: 1.400278
Epoch 381/600, Total: 1655.830820, Node: 1044.114851, Link: 611.701779, Spread: 1.417154
Epoch 382/600, Total: 1637.303112, Node: 1031.281389, Link: 606.007993, Spread: 1.372414
Epoch 383/600, Total: 1648.875576, Node: 1037.082310, Link: 611.778774, Spread: 1.451199
Epoch 384/600, Total: 1628.414331, Node: 1023.558734, Link: 604.840783, Spread: 1.480217
Epoch 385/600, Total: 1630.843021, Node: 1033.333834, Link: 597.494412, Spread: 1.473656
Epoch 386/600, Total: 1659.519657, Node: 1041.953638, Link: 617.551161, Spread: 1.485051
Epoch 387/600, Total: 1638.438362, Node: 1034.420450, Link: 604.002074, Spread: 1.584624
Epoch 388/600, Total: 1617.555920, Node: 1015.952953, Link: 601.587762, Spread: 1.522560
Epoch 389/600, Total: 1606.642450, Node: 1005.789161, Link: 600.837858, Spread: 1.546560
Epoch 390/600, Total: 1603.720667, Node: 1004.368647, Link: 599.336133, Spread: 1.586916
Epoch 391/600, Total: 1615.844732, Node: 1010.590476, Link: 605.238153, Spread: 1.607612
Epoch 392/600, Total: 1616.608400, Node: 1014.455454, Link: 602.136283, Spread: 1.665455
Epoch 393/600, Total: 1610.420036, Node: 1013.461676, Link: 596.941336, Spread: 1.702329
Epoch 394/600, Total: 1647.372574, Node: 1010.135986, Link: 637.219159, Spread: 1.742068
Epoch 395/600, Total: 1636.215464, Node: 1011.233353, Link: 624.964721, Spread: 1.741439
Epoch 396/600, Total: 1611.788403, Node: 1014.066895, Link: 597.703716, Spread: 1.779401
Epoch 397/600, Total: 1603.472300, Node: 1011.855549, Link: 591.598951, Spread: 1.779675
Epoch 398/600, Total: 1600.695986, Node: 999.403263, Link: 601.274388, Spread: 1.833558
Epoch 399/600, Total: 1611.214430, Node: 1011.677624, Link: 599.518159, Spread: 1.866854
Epoch 400/600, Total: 1602.998554, Node: 1008.896803, Link: 594.082818, Spread: 1.892825
Epoch 401/600, Total: 1605.570469, Node: 1009.848967, Link: 595.702219, Spread: 1.930526
Epoch 402/600, Total: 1577.335382, Node: 991.774105, Link: 585.541458, Spread: 1.984915
Epoch 403/600, Total: 1600.789654, Node: 1004.000629, Link: 596.769002, Spread: 2.004035
Epoch 404/600, Total: 1605.721834, Node: 998.002795, Link: 607.698812, Spread: 2.025597
Epoch 405/600, Total: 1589.815144, Node: 1000.671756, Link: 589.123701, Spread: 1.970049
Epoch 406/600, Total: 1601.541935, Node: 990.035190, Link: 611.486140, Spread: 2.061215
Epoch 407/600, Total: 1624.679296, Node: 1018.862953, Link: 605.795181, Spread: 2.115102
Epoch 408/600, Total: 1600.204021, Node: 998.652454, Link: 601.530259, Spread: 2.129777
Epoch 409/600, Total: 1582.031334, Node: 992.199640, Link: 589.810685, Spread: 2.099856
Epoch 410/600, Total: 1605.867035, Node: 997.719422, Link: 608.126123, Spread: 2.149732
Epoch 411/600, Total: 1617.465273, Node: 1017.794416, Link: 599.648825, Spread: 2.201466
Epoch 412/600, Total: 1629.026270, Node: 1010.218063, Link: 618.786205, Spread: 2.198587
Epoch 413/600, Total: 1637.952900, Node: 1029.058937, Link: 608.872131, Spread: 2.178986
Epoch 414/600, Total: 1595.040575, Node: 997.174985, Link: 597.844411, Spread: 2.114167
Epoch 415/600, Total: 1588.998331, Node: 989.613341, Link: 599.363072, Spread: 2.192042
Epoch 416/600, Total: 1584.269840, Node: 988.165877, Link: 596.081446, Spread: 2.249933
Epoch 417/600, Total: 1585.726564, Node: 988.047266, Link: 597.657463, Spread: 2.184778
Epoch 418/600, Total: 1599.859831, Node: 994.473084, Link: 605.365256, Spread: 2.150376
Epoch 419/600, Total: 1613.247875, Node: 1002.205319, Link: 611.019928, Spread: 2.263589
Epoch 420/600, Total: 1623.640232, Node: 1027.971266, Link: 595.646840, Spread: 2.216016
Epoch 421/600, Total: 1589.358068, Node: 1001.457297, Link: 587.878382, Spread: 2.241677
Epoch 422/600, Total: 1611.667641, Node: 1010.789567, Link: 600.855265, Spread: 2.281210
Epoch 423/600, Total: 1585.701813, Node: 997.046135, Link: 588.633248, Spread: 2.240157
Epoch 424/600, Total: 1593.070543, Node: 1001.537023, Link: 591.510475, Spread: 2.307030
Epoch 425/600, Total: 1589.414961, Node: 1000.631737, Link: 588.760320, Spread: 2.288207
Epoch 426/600, Total: 1590.179562, Node: 997.493802, Link: 592.662596, Spread: 2.315881
Epoch 427/600, Total: 1588.784151, Node: 993.777574, Link: 594.983357, Spread: 2.324077
Epoch 428/600, Total: 1588.934948, Node: 996.745861, Link: 592.165944, Spread: 2.315914
Epoch 429/600, Total: 1608.219883, Node: 1004.503028, Link: 603.693936, Spread: 2.291290
Epoch 430/600, Total: 1588.679852, Node: 989.321828, Link: 599.334058, Spread: 2.397698
Epoch 431/600, Total: 1591.909273, Node: 993.686155, Link: 598.199620, Spread: 2.354375
Epoch 432/600, Total: 1576.769741, Node: 994.653740, Link: 582.092531, Spread: 2.347560
Epoch 433/600, Total: 1579.263277, Node: 992.435270, Link: 586.804404, Spread: 2.359597
Epoch 434/600, Total: 1584.478899, Node: 996.331794, Link: 588.123096, Spread: 2.401739
Epoch 435/600, Total: 1594.575970, Node: 997.149703, Link: 597.402392, Spread: 2.386620
Epoch 436/600, Total: 1585.760561, Node: 988.436662, Link: 597.299547, Spread: 2.434652
Epoch 437/600, Total: 1576.086025, Node: 989.434976, Link: 586.626764, Spread: 2.429267
Epoch 438/600, Total: 1564.479715, Node: 980.702062, Link: 583.753282, Spread: 2.439256
Epoch 439/600, Total: 1576.772846, Node: 984.908196, Link: 591.839997, Spread: 2.463367
Epoch 440/600, Total: 1593.231556, Node: 998.034744, Link: 595.171661, Spread: 2.512022
Epoch 441/600, Total: 1577.810043, Node: 990.563613, Link: 587.221611, Spread: 2.480616
Epoch 442/600, Total: 1583.846189, Node: 995.584722, Link: 588.236805, Spread: 2.466563
Epoch 443/600, Total: 1578.446909, Node: 986.635645, Link: 591.786189, Spread: 2.508379
Epoch 444/600, Total: 1590.949875, Node: 998.553410, Link: 592.371255, Spread: 2.520810
Epoch 445/600, Total: 1593.160742, Node: 996.279333, Link: 596.855796, Spread: 2.559961
Epoch 446/600, Total: 1667.699203, Node: 1016.862337, Link: 650.810887, Spread: 2.596024
Epoch 447/600, Total: 1569.600609, Node: 982.557713, Link: 587.017376, Spread: 2.552535
Epoch 448/600, Total: 1591.961885, Node: 997.865059, Link: 594.070864, Spread: 2.593680
Epoch 449/600, Total: 1603.958708, Node: 993.782983, Link: 610.149030, Spread: 2.666058
Epoch 450/600, Total: 1582.097706, Node: 990.455140, Link: 591.616119, Spread: 2.647422
Epoch 451/600, Total: 1594.183399, Node: 1000.404248, Link: 593.752841, Spread: 2.632835
Epoch 452/600, Total: 1587.975775, Node: 988.680015, Link: 599.269351, Spread: 2.637347
Epoch 453/600, Total: 1581.710775, Node: 992.974460, Link: 588.709973, Spread: 2.632023
Epoch 454/600, Total: 1616.760794, Node: 998.422841, Link: 618.311272, Spread: 2.669600
Epoch 455/600, Total: 1587.912874, Node: 998.313495, Link: 589.573254, Spread: 2.609330
Epoch 456/600, Total: 1598.536732, Node: 1001.502670, Link: 597.007432, Spread: 2.665206
Epoch 457/600, Total: 1594.686518, Node: 995.330264, Link: 599.329507, Spread: 2.673928
Epoch 458/600, Total: 1603.729950, Node: 997.117057, Link: 606.585838, Spread: 2.706326
Epoch 459/600, Total: 1580.425781, Node: 983.909892, Link: 596.487619, Spread: 2.827387
Epoch 460/600, Total: 1597.223745, Node: 1000.009928, Link: 597.185465, Spread: 2.835405
Epoch 461/600, Total: 1583.264376, Node: 998.871234, Link: 584.365360, Spread: 2.772918
Epoch 462/600, Total: 1599.262093, Node: 995.279849, Link: 603.954574, Spread: 2.767870
Epoch 463/600, Total: 1577.510241, Node: 990.545438, Link: 586.936807, Spread: 2.798828
Epoch 464/600, Total: 1592.162817, Node: 995.120176, Link: 597.014560, Spread: 2.806874
Epoch 465/600, Total: 1606.022690, Node: 997.245135, Link: 608.749222, Spread: 2.836228
Epoch 466/600, Total: 1571.564430, Node: 982.288097, Link: 589.248352, Spread: 2.794863
Epoch 467/600, Total: 1549.631367, Node: 977.329471, Link: 572.274562, Spread: 2.731853
Epoch 468/600, Total: 1560.928171, Node: 977.418138, Link: 583.482579, Spread: 2.742131
Epoch 469/600, Total: 1619.173189, Node: 1007.974534, Link: 611.170790, Spread: 2.786873
Epoch 470/600, Total: 1558.702356, Node: 982.793232, Link: 575.881103, Spread: 2.803176
Epoch 471/600, Total: 1620.728966, Node: 1000.684972, Link: 620.016022, Spread: 2.799062
Epoch 472/600, Total: 1578.693449, Node: 996.013850, Link: 582.651521, Spread: 2.805188
Epoch 473/600, Total: 1622.721870, Node: 1012.464263, Link: 610.229290, Spread: 2.836240
Epoch 474/600, Total: 1611.707745, Node: 1002.754311, Link: 608.925467, Spread: 2.797303
Epoch 475/600, Total: 1570.738070, Node: 992.842292, Link: 577.868535, Spread: 2.726734
Epoch 476/600, Total: 1560.564415, Node: 984.079722, Link: 576.457212, Spread: 2.747197
Epoch 477/600, Total: 1591.511168, Node: 993.585810, Link: 597.896841, Spread: 2.850535
Epoch 478/600, Total: 1581.398146, Node: 990.914593, Link: 590.455581, Spread: 2.797709
Epoch 479/600, Total: 1570.151957, Node: 990.806846, Link: 579.317453, Spread: 2.768013
Epoch 480/600, Total: 1577.084883, Node: 987.839917, Link: 589.217407, Spread: 2.758240
Epoch 481/600, Total: 1612.659229, Node: 998.128549, Link: 614.502366, Spread: 2.831601
Epoch 482/600, Total: 1571.665033, Node: 988.216038, Link: 583.421269, Spread: 2.772602
Epoch 483/600, Total: 1588.332241, Node: 989.288458, Link: 599.015613, Spread: 2.816294
Epoch 484/600, Total: 1577.451553, Node: 988.751713, Link: 588.671811, Spread: 2.801767
Epoch 485/600, Total: 1561.023851, Node: 983.600552, Link: 577.395142, Spread: 2.814753
Epoch 486/600, Total: 1587.113058, Node: 989.544645, Link: 597.540044, Spread: 2.835621
Epoch 487/600, Total: 1557.521896, Node: 984.322998, Link: 573.170852, Spread: 2.802413
Epoch 488/600, Total: 1561.407207, Node: 984.975989, Link: 576.403043, Spread: 2.816743
Epoch 489/600, Total: 1575.212147, Node: 987.593748, Link: 587.589757, Spread: 2.865757
Epoch 490/600, Total: 1561.814148, Node: 982.668017, Link: 579.117281, Spread: 2.885910
Epoch 491/600, Total: 1585.073074, Node: 998.616533, Link: 586.427191, Spread: 2.939184
Epoch 492/600, Total: 1584.093859, Node: 992.845454, Link: 591.219267, Spread: 2.912215
Epoch 493/600, Total: 1566.689514, Node: 993.616693, Link: 573.043667, Spread: 2.914822
Epoch 494/600, Total: 1604.432644, Node: 997.461617, Link: 606.941213, Spread: 2.980085
Epoch 495/600, Total: 1551.841700, Node: 980.676028, Link: 571.136594, Spread: 2.907808
Epoch 496/600, Total: 1572.612402, Node: 991.803687, Link: 580.779736, Spread: 2.900603
Epoch 497/600, Total: 1562.159534, Node: 982.452789, Link: 579.677871, Spread: 2.889595
Epoch 498/600, Total: 1573.072069, Node: 988.917570, Link: 584.125575, Spread: 2.893214
Epoch 499/600, Total: 1585.268806, Node: 993.608605, Link: 591.631027, Spread: 2.918448
Epoch 500/600, Total: 1558.470913, Node: 979.217958, Link: 579.223547, Spread: 2.938532
Epoch 501/600, Total: 1590.157387, Node: 995.572405, Link: 594.555517, Spread: 2.947958
Epoch 502/600, Total: 1580.954575, Node: 995.868691, Link: 585.056755, Spread: 2.918436
Epoch 503/600, Total: 1572.134937, Node: 991.155199, Link: 580.950700, Spread: 2.901207
Epoch 504/600, Total: 1566.346384, Node: 991.039216, Link: 575.278431, Spread: 2.875362
Epoch 505/600, Total: 1566.769423, Node: 982.804572, Link: 583.936075, Spread: 2.876491
Epoch 506/600, Total: 1561.803253, Node: 977.015139, Link: 584.758965, Spread: 2.918916
Epoch 507/600, Total: 1586.033396, Node: 1001.253801, Link: 584.750455, Spread: 2.914109
Epoch 508/600, Total: 1583.828890, Node: 1000.314848, Link: 583.485226, Spread: 2.882722
Epoch 509/600, Total: 1617.279331, Node: 1003.911175, Link: 613.338190, Spread: 2.998238
Epoch 510/600, Total: 1588.203230, Node: 998.868821, Link: 589.305025, Spread: 2.938061
Epoch 511/600, Total: 1603.870075, Node: 998.927157, Link: 604.913145, Spread: 2.979587
Epoch 512/600, Total: 1569.462757, Node: 987.467213, Link: 581.965270, Spread: 3.027427
Epoch 513/600, Total: 1571.220022, Node: 990.386828, Link: 580.802707, Spread: 3.049503
Epoch 514/600, Total: 1573.910784, Node: 996.981115, Link: 576.899402, Spread: 3.027382
Epoch 515/600, Total: 1601.532698, Node: 1005.193882, Link: 596.307354, Spread: 3.145606
Epoch 516/600, Total: 1559.232086, Node: 990.099266, Link: 569.102098, Spread: 3.072231
Epoch 517/600, Total: 1555.648710, Node: 978.098608, Link: 577.519298, Spread: 3.081863
Epoch 518/600, Total: 1584.982866, Node: 993.279521, Link: 591.672018, Spread: 3.134750
Epoch 519/600, Total: 1571.050068, Node: 988.364715, Link: 582.654372, Spread: 3.099005
Epoch 520/600, Total: 1564.555296, Node: 984.637300, Link: 579.887462, Spread: 3.052647
Epoch 521/600, Total: 1555.478498, Node: 980.402001, Link: 575.045929, Spread: 3.055072
Epoch 522/600, Total: 1592.097805, Node: 995.625366, Link: 596.441987, Spread: 3.041630
Epoch 523/600, Total: 1568.654715, Node: 996.070028, Link: 572.554097, Spread: 3.058414
Epoch 524/600, Total: 1636.259396, Node: 1017.238611, Link: 618.990154, Spread: 3.065020
Epoch 525/600, Total: 1573.627460, Node: 989.179270, Link: 584.417264, Spread: 3.095458
Epoch 526/600, Total: 1585.052309, Node: 1000.480612, Link: 584.540942, Spread: 3.075758
Epoch 527/600, Total: 1577.985275, Node: 998.914729, Link: 579.039670, Spread: 3.086339
Epoch 528/600, Total: 1581.633341, Node: 991.702831, Link: 589.899580, Spread: 3.092756
Epoch 529/600, Total: 1563.498730, Node: 990.204775, Link: 573.263292, Spread: 3.067810
Epoch 530/600, Total: 1569.861748, Node: 992.819449, Link: 577.011128, Spread: 3.120015
Epoch 531/600, Total: 1567.413534, Node: 989.006126, Link: 578.375467, Spread: 3.196523
Epoch 532/600, Total: 1571.260437, Node: 998.372323, Link: 572.856567, Spread: 3.156208
Epoch 533/600, Total: 1562.070930, Node: 980.671008, Link: 581.368057, Spread: 3.188683
Epoch 534/600, Total: 1557.930113, Node: 987.059073, Link: 570.839286, Spread: 3.175111
Epoch 535/600, Total: 1633.618261, Node: 1004.593785, Link: 628.991376, Spread: 3.310835
Epoch 536/600, Total: 1560.838041, Node: 986.068314, Link: 574.737651, Spread: 3.203460
Epoch 537/600, Total: 1564.367588, Node: 980.703580, Link: 583.632688, Spread: 3.131630
Epoch 538/600, Total: 1560.991392, Node: 982.930469, Link: 578.029857, Spread: 3.108958
Epoch 539/600, Total: 1559.847740, Node: 987.108315, Link: 572.708675, Spread: 3.074599
Epoch 540/600, Total: 1588.615141, Node: 1010.152690, Link: 578.431498, Spread: 3.093120
Epoch 541/600, Total: 1593.195288, Node: 1002.986982, Link: 590.177117, Spread: 3.117476
Epoch 542/600, Total: 1573.372654, Node: 994.133045, Link: 579.209134, Spread: 3.049531
Epoch 543/600, Total: 1597.986822, Node: 1001.551263, Link: 596.405255, Spread: 3.030962
Epoch 544/600, Total: 1581.639006, Node: 992.658156, Link: 588.949986, Spread: 3.085504
Epoch 545/600, Total: 1567.845516, Node: 987.463238, Link: 580.351343, Spread: 3.095169
Epoch 546/600, Total: 1560.444923, Node: 981.575076, Link: 578.838588, Spread: 3.123972
Epoch 547/600, Total: 1579.237448, Node: 990.755017, Link: 588.451043, Spread: 3.140883
Epoch 548/600, Total: 1553.135351, Node: 979.781626, Link: 573.322401, Spread: 3.129417
Epoch 549/600, Total: 1587.921915, Node: 991.030174, Link: 596.860189, Spread: 3.155946
Epoch 550/600, Total: 1556.999863, Node: 982.667081, Link: 574.300896, Spread: 3.189473
Epoch 551/600, Total: 1566.268993, Node: 993.067790, Link: 573.169378, Spread: 3.179766
Epoch 552/600, Total: 1586.196350, Node: 994.363074, Link: 591.801312, Spread: 3.197432
Epoch 553/600, Total: 1560.731037, Node: 983.669796, Link: 577.029556, Spread: 3.165929
Epoch 554/600, Total: 1585.731834, Node: 992.518570, Link: 593.180925, Spread: 3.232700
Epoch 555/600, Total: 1568.071627, Node: 979.755592, Link: 588.283363, Spread: 3.267663
Epoch 556/600, Total: 1557.527927, Node: 982.596560, Link: 574.899818, Spread: 3.156293
Epoch 557/600, Total: 1566.402115, Node: 987.522251, Link: 578.848458, Spread: 3.140294
Epoch 558/600, Total: 1569.506472, Node: 986.285539, Link: 583.189504, Spread: 3.140997
Epoch 559/600, Total: 1589.816751, Node: 999.912755, Link: 589.872383, Spread: 3.159496
Epoch 560/600, Total: 1554.337194, Node: 980.057002, Link: 574.248237, Spread: 3.197463
Epoch 561/600, Total: 1587.737192, Node: 991.003347, Link: 596.701849, Spread: 3.195605
Epoch 562/600, Total: 1558.536270, Node: 984.041813, Link: 574.462749, Spread: 3.175282
Epoch 563/600, Total: 1560.811338, Node: 982.358093, Link: 578.421450, Spread: 3.177724
Epoch 564/600, Total: 1561.268585, Node: 981.138487, Link: 580.098548, Spread: 3.158385
Epoch 565/600, Total: 1581.001947, Node: 994.337530, Link: 586.633368, Spread: 3.108907
Epoch 566/600, Total: 1570.143469, Node: 991.450315, Link: 578.662063, Spread: 3.111019
Epoch 567/600, Total: 1589.410160, Node: 989.717644, Link: 599.660080, Spread: 3.241110
Epoch 568/600, Total: 1539.451286, Node: 975.691494, Link: 563.728308, Spread: 3.147658
Epoch 569/600, Total: 1568.732117, Node: 986.336144, Link: 582.365150, Spread: 3.080226
Epoch 570/600, Total: 1541.024145, Node: 976.714254, Link: 564.278971, Spread: 3.091614
Epoch 571/600, Total: 1544.623356, Node: 977.138737, Link: 567.453837, Spread: 3.078121
Epoch 572/600, Total: 1589.652117, Node: 988.612064, Link: 601.008691, Spread: 3.137755
Epoch 573/600, Total: 1538.633507, Node: 974.308257, Link: 564.293677, Spread: 3.155713
Epoch 574/600, Total: 1556.754257, Node: 981.535733, Link: 575.187311, Spread: 3.121341
Epoch 575/600, Total: 1535.618351, Node: 977.033607, Link: 558.553470, Spread: 3.129218
Epoch 576/600, Total: 1545.529659, Node: 982.906137, Link: 562.591843, Spread: 3.166988
Epoch 577/600, Total: 1547.610888, Node: 980.921262, Link: 566.658441, Spread: 3.117472
Epoch 578/600, Total: 1559.543003, Node: 984.133231, Link: 575.378320, Spread: 3.144746
Epoch 579/600, Total: 1532.403751, Node: 972.911947, Link: 559.460236, Spread: 3.156313
Epoch 580/600, Total: 1545.378647, Node: 979.887607, Link: 565.459869, Spread: 3.114861
Epoch 581/600, Total: 1550.050638, Node: 979.134475, Link: 570.884341, Spread: 3.182850
Epoch 582/600, Total: 1555.400795, Node: 986.013946, Link: 569.355367, Spread: 3.148702
Epoch 583/600, Total: 1577.922714, Node: 990.843650, Link: 587.047262, Spread: 3.177743
Epoch 584/600, Total: 1540.957544, Node: 980.475116, Link: 560.452127, Spread: 3.028030
Epoch 585/600, Total: 1542.991255, Node: 976.045630, Link: 566.914649, Spread: 3.095608
Epoch 586/600, Total: 1547.191437, Node: 984.591855, Link: 562.569036, Spread: 3.053416
Epoch 587/600, Total: 1559.625217, Node: 981.695074, Link: 577.899778, Spread: 3.034037
Epoch 588/600, Total: 1559.584097, Node: 987.221493, Link: 572.331614, Spread: 3.099689
Epoch 589/600, Total: 1547.710209, Node: 985.196057, Link: 562.483592, Spread: 3.057323
Epoch 590/600, Total: 1540.572550, Node: 975.739788, Link: 564.801675, Spread: 3.106506
Epoch 591/600, Total: 1571.622246, Node: 993.964802, Link: 577.626170, Spread: 3.129004
Epoch 592/600, Total: 1590.196142, Node: 1005.128067, Link: 585.036993, Spread: 3.106961
Epoch 593/600, Total: 1544.793646, Node: 981.260154, Link: 563.502661, Spread: 3.083633
Epoch 594/600, Total: 1537.896948, Node: 976.002841, Link: 561.863209, Spread: 3.090845
Epoch 595/600, Total: 1541.303909, Node: 977.178314, Link: 564.094815, Spread: 3.080308
Epoch 596/600, Total: 1545.972368, Node: 981.333771, Link: 564.607698, Spread: 3.087968
Epoch 597/600, Total: 1526.141653, Node: 970.205727, Link: 555.905134, Spread: 3.079406
Epoch 598/600, Total: 1530.463003, Node: 979.815499, Link: 550.616569, Spread: 3.096479
Epoch 599/600, Total: 1551.214329, Node: 987.073955, Link: 564.108942, Spread: 3.142088
Epoch 600/600, Total: 1540.282536, Node: 979.336367, Link: 560.914909, Spread: 3.121903
Saved sweep result to: /homes/dameyer/ml-for-wdn-project-4/results/aggregated/gnn_training_sweep/net1_buffer=10_rollout=25_seed=42.json
Table value: 979.336367
