================================
GNN training sweep
Job ID: 242704
Task ID: 33
Buffer size: 25
Rollout length: 15
================================
Running GNN sweep: dataset=Net1, buffer=25, rollout=15
Epoch 1/600, Total: 3447.590052, Node: 1424.198863, Link: 2022.602108, Spread: 78.910451
Epoch 2/600, Total: 2040.972260, Node: 1263.663257, Link: 776.304200, Spread: 100.479171
Epoch 3/600, Total: 1956.915748, Node: 1219.147517, Link: 736.765479, Spread: 100.275730
Epoch 4/600, Total: 1921.819520, Node: 1184.430962, Link: 736.427584, Spread: 96.096503
Epoch 5/600, Total: 1911.661838, Node: 1174.624416, Link: 736.110040, Spread: 92.739538
Epoch 6/600, Total: 1888.392173, Node: 1147.358574, Link: 740.152061, Spread: 88.154371
Epoch 7/600, Total: 1863.311763, Node: 1127.336721, Link: 735.131654, Spread: 84.338097
Epoch 8/600, Total: 1849.279529, Node: 1110.287740, Link: 738.189006, Spread: 80.276476
Epoch 9/600, Total: 1843.012431, Node: 1106.064038, Link: 736.179139, Spread: 76.925844
Epoch 10/600, Total: 1835.387587, Node: 1097.912429, Link: 736.744273, Spread: 73.089121
Epoch 11/600, Total: 1826.506767, Node: 1090.974575, Link: 734.843085, Spread: 68.908833
Epoch 12/600, Total: 1807.055092, Node: 1072.475836, Link: 733.923242, Spread: 65.602597
Epoch 13/600, Total: 1835.016932, Node: 1066.596958, Link: 767.804144, Spread: 61.580810
Epoch 14/600, Total: 1795.488458, Node: 1061.100854, Link: 733.797092, Spread: 59.051705
Epoch 15/600, Total: 1779.346562, Node: 1054.144261, Link: 724.633729, Spread: 56.858738
Epoch 16/600, Total: 1776.654782, Node: 1045.133548, Link: 730.972156, Spread: 54.907573
Epoch 17/600, Total: 1792.346180, Node: 1055.503418, Link: 736.317933, Spread: 52.483093
Epoch 18/600, Total: 1782.499284, Node: 1054.390355, Link: 727.605053, Spread: 50.384483
Epoch 19/600, Total: 1776.790195, Node: 1037.916856, Link: 738.395074, Spread: 47.825840
Epoch 20/600, Total: 1763.913490, Node: 1032.805515, Link: 730.651749, Spread: 45.623277
Epoch 21/600, Total: 1771.803108, Node: 1035.828784, Link: 735.541729, Spread: 43.258136
Epoch 22/600, Total: 1762.492096, Node: 1032.600410, Link: 729.477686, Spread: 41.399064
Epoch 23/600, Total: 1747.677556, Node: 1022.486841, Link: 724.795623, Spread: 39.509449
Epoch 24/600, Total: 1758.973709, Node: 1030.811967, Link: 727.787686, Spread: 37.405462
Epoch 25/600, Total: 1756.186167, Node: 1022.870264, Link: 732.964590, Spread: 35.130170
Epoch 26/600, Total: 1773.887139, Node: 1027.643805, Link: 745.911565, Spread: 33.176393
Epoch 27/600, Total: 1743.799691, Node: 1009.361374, Link: 734.128227, Spread: 31.010555
Epoch 28/600, Total: 1742.793131, Node: 1018.170068, Link: 724.331374, Spread: 29.168930
Epoch 29/600, Total: 1759.788594, Node: 1027.639594, Link: 731.879133, Spread: 26.983054
Epoch 30/600, Total: 1749.527910, Node: 1023.919824, Link: 725.353935, Spread: 25.414788
Epoch 31/600, Total: 1743.849976, Node: 1010.761224, Link: 732.848344, Spread: 24.041281
Epoch 32/600, Total: 1741.780148, Node: 1013.696760, Link: 727.853550, Spread: 22.982480
Epoch 33/600, Total: 1756.403812, Node: 1008.058033, Link: 748.129510, Spread: 21.627486
Epoch 34/600, Total: 1780.440921, Node: 1019.486458, Link: 760.754336, Spread: 20.013184
Epoch 35/600, Total: 1742.018366, Node: 1019.632501, Link: 722.196771, Spread: 18.908387
Epoch 36/600, Total: 1739.832680, Node: 1009.074968, Link: 730.577902, Spread: 17.978656
Epoch 37/600, Total: 1733.834626, Node: 1002.881054, Link: 730.783990, Spread: 16.957532
Epoch 38/600, Total: 1710.984262, Node: 994.178879, Link: 716.645142, Spread: 16.025230
Epoch 39/600, Total: 1728.912754, Node: 1000.552686, Link: 728.211101, Spread: 14.897511
Epoch 40/600, Total: 1720.857688, Node: 997.167900, Link: 723.547654, Spread: 14.214946
Epoch 41/600, Total: 1729.495702, Node: 996.890661, Link: 732.469907, Spread: 13.515280
Epoch 42/600, Total: 1716.059772, Node: 992.274694, Link: 723.658565, Spread: 12.650165
Epoch 43/600, Total: 1713.527896, Node: 1001.082530, Link: 712.329655, Spread: 11.572187
Epoch 44/600, Total: 1719.012745, Node: 1002.922554, Link: 715.979081, Spread: 11.110953
Epoch 45/600, Total: 1707.179037, Node: 983.422123, Link: 723.649464, Spread: 10.745455
Epoch 46/600, Total: 1684.686463, Node: 979.451172, Link: 705.136188, Spread: 9.908874
Epoch 47/600, Total: 1693.605218, Node: 971.105397, Link: 722.406912, Spread: 9.292597
Epoch 48/600, Total: 1665.484482, Node: 959.437220, Link: 705.960277, Spread: 8.698316
Epoch 49/600, Total: 1713.060092, Node: 978.595985, Link: 734.380657, Spread: 8.343161
Epoch 50/600, Total: 1686.308121, Node: 978.072405, Link: 708.157001, Spread: 7.872631
Epoch 51/600, Total: 1728.511726, Node: 991.433887, Link: 737.005274, Spread: 7.254965
Epoch 52/600, Total: 1673.502082, Node: 971.044958, Link: 702.386369, Spread: 7.076595
Epoch 53/600, Total: 1684.571109, Node: 975.841524, Link: 708.663704, Spread: 6.586161
Epoch 54/600, Total: 1695.349513, Node: 983.847987, Link: 711.436238, Spread: 6.528246
Epoch 55/600, Total: 1661.915101, Node: 963.901310, Link: 697.952003, Spread: 6.179090
Epoch 56/600, Total: 1672.151650, Node: 961.712365, Link: 710.381341, Spread: 5.793148
Epoch 57/600, Total: 1661.886434, Node: 961.782116, Link: 700.049695, Spread: 5.464263
Epoch 58/600, Total: 1662.000875, Node: 962.912179, Link: 699.036625, Spread: 5.204378
Epoch 59/600, Total: 1675.638519, Node: 973.554862, Link: 702.033204, Spread: 5.045540
Epoch 60/600, Total: 1661.113426, Node: 960.800434, Link: 700.265857, Spread: 4.714076
Epoch 61/600, Total: 1664.118631, Node: 961.763495, Link: 702.313432, Spread: 4.170422
Epoch 62/600, Total: 1687.967575, Node: 987.866820, Link: 700.059970, Spread: 4.080928
Epoch 63/600, Total: 1668.100919, Node: 973.567226, Link: 694.493971, Spread: 3.973656
Epoch 64/600, Total: 1683.747681, Node: 987.108747, Link: 696.599778, Spread: 3.916606
Epoch 65/600, Total: 1672.629424, Node: 976.915116, Link: 695.676191, Spread: 3.810786
Epoch 66/600, Total: 1664.079476, Node: 960.807798, Link: 703.235109, Spread: 3.654897
Epoch 67/600, Total: 1647.020095, Node: 948.056329, Link: 698.928998, Spread: 3.480103
Epoch 68/600, Total: 1668.496753, Node: 978.040121, Link: 690.423505, Spread: 3.313837
Epoch 69/600, Total: 1658.055730, Node: 962.963520, Link: 695.058739, Spread: 3.345117
Epoch 70/600, Total: 1635.910954, Node: 946.777343, Link: 689.101428, Spread: 3.216608
Epoch 71/600, Total: 1632.676641, Node: 940.080059, Link: 692.565839, Spread: 3.074537
Epoch 72/600, Total: 1685.891751, Node: 987.200116, Link: 698.658471, Spread: 3.314584
Epoch 73/600, Total: 1654.530151, Node: 963.130822, Link: 691.369416, Spread: 2.993054
Epoch 74/600, Total: 1636.446632, Node: 956.110674, Link: 680.304960, Spread: 3.101037
Epoch 75/600, Total: 1637.281204, Node: 947.712727, Link: 689.540346, Spread: 2.812464
Epoch 76/600, Total: 1640.237698, Node: 948.978380, Link: 691.231782, Spread: 2.754213
Epoch 77/600, Total: 1616.088441, Node: 933.881626, Link: 682.178697, Spread: 2.811554
Epoch 78/600, Total: 1644.113805, Node: 948.415537, Link: 695.669226, Spread: 2.904752
Epoch 79/600, Total: 1651.925846, Node: 954.153638, Link: 697.745173, Spread: 2.704891
Epoch 80/600, Total: 1613.004573, Node: 939.531116, Link: 673.447882, Spread: 2.558396
Epoch 81/600, Total: 1605.733657, Node: 934.501405, Link: 671.206981, Spread: 2.526362
Epoch 82/600, Total: 1605.731723, Node: 937.682905, Link: 668.023661, Spread: 2.516269
Epoch 83/600, Total: 1656.913168, Node: 956.533651, Link: 700.352141, Spread: 2.735641
Epoch 84/600, Total: 1598.932698, Node: 934.247910, Link: 664.660226, Spread: 2.458295
Epoch 85/600, Total: 1604.754386, Node: 934.850770, Link: 669.878593, Spread: 2.502424
Epoch 86/600, Total: 1593.807580, Node: 930.737001, Link: 663.045566, Spread: 2.501783
Epoch 87/600, Total: 1621.568726, Node: 952.458888, Link: 669.084712, Spread: 2.513324
Epoch 88/600, Total: 1638.299047, Node: 962.073188, Link: 676.200553, Spread: 2.528964
Epoch 89/600, Total: 1585.721748, Node: 925.965382, Link: 659.732450, Spread: 2.392221
Epoch 90/600, Total: 1624.103078, Node: 947.436914, Link: 676.640908, Spread: 2.524222
Epoch 91/600, Total: 1649.823726, Node: 955.212066, Link: 694.585800, Spread: 2.587117
Epoch 92/600, Total: 1603.033729, Node: 932.938737, Link: 670.068780, Spread: 2.620292
Epoch 93/600, Total: 1636.115322, Node: 954.687863, Link: 681.401819, Spread: 2.562328
Epoch 94/600, Total: 1641.302517, Node: 957.333048, Link: 683.942609, Spread: 2.686979
Epoch 95/600, Total: 1618.447325, Node: 933.881465, Link: 684.539551, Spread: 2.629918
Epoch 96/600, Total: 1625.579776, Node: 942.280931, Link: 683.274379, Spread: 2.448026
Epoch 97/600, Total: 1585.460018, Node: 930.167167, Link: 655.269979, Spread: 2.286058
Epoch 98/600, Total: 1593.295943, Node: 934.253609, Link: 659.019565, Spread: 2.277140
Epoch 99/600, Total: 1657.175249, Node: 966.351276, Link: 690.797964, Spread: 2.598722
Epoch 100/600, Total: 1666.703209, Node: 985.537420, Link: 681.138721, Spread: 2.705785
Epoch 101/600, Total: 1639.469182, Node: 950.861413, Link: 688.583123, Spread: 2.464585
Epoch 102/600, Total: 1620.951730, Node: 942.079736, Link: 678.847903, Spread: 2.408138
Epoch 103/600, Total: 1633.720421, Node: 955.702530, Link: 677.994865, Spread: 2.301137
Epoch 104/600, Total: 1625.467466, Node: 949.609749, Link: 675.833998, Spread: 2.372291
Epoch 105/600, Total: 1610.246742, Node: 938.488121, Link: 671.734359, Spread: 2.426753
Epoch 106/600, Total: 1633.492171, Node: 960.660282, Link: 672.808998, Spread: 2.290458
Epoch 107/600, Total: 1617.140927, Node: 942.451530, Link: 674.666690, Spread: 2.272207
Epoch 108/600, Total: 1626.192887, Node: 957.188181, Link: 668.979858, Spread: 2.483500
Epoch 109/600, Total: 1644.829903, Node: 945.229443, Link: 699.575700, Spread: 2.475350
Epoch 110/600, Total: 1586.124980, Node: 930.804864, Link: 655.298174, Spread: 2.196021
Epoch 111/600, Total: 1595.905042, Node: 938.018464, Link: 657.864393, Spread: 2.216695
Epoch 112/600, Total: 1663.026294, Node: 954.648473, Link: 708.352403, Spread: 2.542706
Epoch 113/600, Total: 1614.496500, Node: 932.085095, Link: 682.385520, Spread: 2.587089
Epoch 114/600, Total: 1614.286880, Node: 933.156838, Link: 681.104727, Spread: 2.532018
Epoch 115/600, Total: 1618.509597, Node: 940.429979, Link: 678.054758, Spread: 2.483884
Epoch 116/600, Total: 1594.915468, Node: 926.985098, Link: 667.906231, Spread: 2.413898
Epoch 117/600, Total: 1639.609132, Node: 944.867928, Link: 694.717297, Spread: 2.390449
Epoch 118/600, Total: 1593.704080, Node: 941.153303, Link: 652.528852, Spread: 2.192990
Epoch 119/600, Total: 1591.879972, Node: 939.136497, Link: 652.721862, Spread: 2.160562
Epoch 120/600, Total: 1592.867585, Node: 931.947235, Link: 660.898132, Spread: 2.222385
Epoch 121/600, Total: 1572.276509, Node: 924.036192, Link: 648.218563, Spread: 2.175932
Epoch 122/600, Total: 1579.339999, Node: 937.071066, Link: 642.247845, Spread: 2.110658
Epoch 123/600, Total: 1605.417099, Node: 954.359096, Link: 651.035630, Spread: 2.232955
Epoch 124/600, Total: 1636.592503, Node: 950.213932, Link: 686.354963, Spread: 2.358678
Epoch 125/600, Total: 1587.724373, Node: 932.782477, Link: 654.919600, Spread: 2.229825
Epoch 126/600, Total: 1578.862038, Node: 926.877340, Link: 651.964004, Spread: 2.068667
Epoch 127/600, Total: 1620.585232, Node: 947.959514, Link: 672.603974, Spread: 2.174569
Epoch 128/600, Total: 1561.673055, Node: 922.344200, Link: 639.308295, Spread: 2.056065
Epoch 129/600, Total: 1586.514385, Node: 934.191048, Link: 652.302916, Spread: 2.044699
Epoch 130/600, Total: 1610.177745, Node: 952.441097, Link: 657.714838, Spread: 2.181047
Epoch 131/600, Total: 1600.560984, Node: 939.976667, Link: 660.563238, Spread: 2.107915
Epoch 132/600, Total: 1582.417083, Node: 935.686031, Link: 646.710469, Spread: 2.060536
Epoch 133/600, Total: 1580.788311, Node: 938.975187, Link: 641.792998, Spread: 2.014238
Epoch 134/600, Total: 1610.883290, Node: 942.338235, Link: 668.524284, Spread: 2.078732
Epoch 135/600, Total: 1549.347056, Node: 919.365860, Link: 629.961382, Spread: 1.980275
Epoch 136/600, Total: 1573.175457, Node: 930.587888, Link: 642.568126, Spread: 1.944847
Epoch 137/600, Total: 1586.018045, Node: 934.877841, Link: 651.120065, Spread: 2.013443
Epoch 138/600, Total: 1639.105606, Node: 952.013736, Link: 687.069338, Spread: 2.253185
Epoch 139/600, Total: 1574.367572, Node: 931.743681, Link: 642.603707, Spread: 2.019990
Epoch 140/600, Total: 1599.167245, Node: 936.238263, Link: 662.907443, Spread: 2.152666
Epoch 141/600, Total: 1584.290789, Node: 928.145483, Link: 656.125290, Spread: 2.001999
Epoch 142/600, Total: 1586.900138, Node: 935.823313, Link: 651.057278, Spread: 1.952096
Epoch 143/600, Total: 1563.936620, Node: 923.503520, Link: 640.414011, Spread: 1.909525
Epoch 144/600, Total: 1633.450165, Node: 975.405630, Link: 658.022475, Spread: 2.205656
Epoch 145/600, Total: 1595.678026, Node: 936.209033, Link: 659.448789, Spread: 2.019757
Epoch 146/600, Total: 1587.756234, Node: 937.034923, Link: 650.701795, Spread: 1.951599
Epoch 147/600, Total: 1653.298947, Node: 952.348546, Link: 700.927750, Spread: 2.263549
Epoch 148/600, Total: 1573.895627, Node: 933.313282, Link: 640.562274, Spread: 2.004740
Epoch 149/600, Total: 1574.477842, Node: 936.675723, Link: 637.782058, Spread: 2.006637
Epoch 150/600, Total: 1577.153667, Node: 937.413811, Link: 639.718959, Spread: 2.089446
Epoch 151/600, Total: 1575.125628, Node: 931.044854, Link: 644.060218, Spread: 2.055948
Epoch 152/600, Total: 1584.252916, Node: 940.139887, Link: 644.092831, Spread: 2.020278
Epoch 153/600, Total: 1561.115108, Node: 921.606408, Link: 639.489113, Spread: 1.956703
Epoch 154/600, Total: 1573.725410, Node: 929.576226, Link: 644.129187, Spread: 1.999485
Epoch 155/600, Total: 1724.019308, Node: 1009.585034, Link: 714.410310, Spread: 2.398027
Epoch 156/600, Total: 1576.099504, Node: 931.963144, Link: 644.115139, Spread: 2.121092
Epoch 157/600, Total: 1660.416887, Node: 995.017214, Link: 665.378568, Spread: 2.111202
Epoch 158/600, Total: 1626.364283, Node: 947.272550, Link: 679.068619, Spread: 2.311484
Epoch 159/600, Total: 1629.078655, Node: 947.289862, Link: 681.765324, Spread: 2.344628
Epoch 160/600, Total: 1594.013635, Node: 940.191317, Link: 653.798145, Spread: 2.416606
Epoch 161/600, Total: 1603.713127, Node: 937.294760, Link: 666.396020, Spread: 2.235050
Epoch 162/600, Total: 1599.843907, Node: 943.016625, Link: 656.804289, Spread: 2.299745
Epoch 163/600, Total: 1595.641457, Node: 933.594279, Link: 662.023749, Spread: 2.343543
Epoch 164/600, Total: 1600.638256, Node: 939.350457, Link: 661.266034, Spread: 2.177084
Epoch 165/600, Total: 1617.013834, Node: 960.922365, Link: 656.070452, Spread: 2.102427
Epoch 166/600, Total: 1583.316347, Node: 944.764143, Link: 638.531560, Spread: 2.064278
Epoch 167/600, Total: 1569.944567, Node: 929.706042, Link: 640.218515, Spread: 1.999641
Epoch 168/600, Total: 1580.993588, Node: 943.875723, Link: 637.097393, Spread: 2.048604
Epoch 169/600, Total: 1604.025731, Node: 945.826321, Link: 658.178183, Spread: 2.124608
Epoch 170/600, Total: 1581.306475, Node: 932.020246, Link: 649.266095, Spread: 2.014946
Epoch 171/600, Total: 1661.444895, Node: 970.159746, Link: 691.262783, Spread: 2.236942
Epoch 172/600, Total: 1702.824975, Node: 976.179920, Link: 726.620206, Spread: 2.484111
Epoch 173/600, Total: 1625.041886, Node: 941.095269, Link: 683.920662, Spread: 2.595591
Epoch 174/600, Total: 1690.636435, Node: 981.786564, Link: 708.824149, Spread: 2.571708
Epoch 175/600, Total: 1604.222200, Node: 941.302208, Link: 662.894539, Spread: 2.544773
Epoch 176/600, Total: 1585.630541, Node: 936.968715, Link: 648.637804, Spread: 2.402337
Epoch 177/600, Total: 1621.210103, Node: 953.245092, Link: 667.940656, Spread: 2.434300
Epoch 178/600, Total: 1555.952729, Node: 934.739893, Link: 621.187947, Spread: 2.488647
Epoch 179/600, Total: 1618.211673, Node: 961.609695, Link: 656.578122, Spread: 2.382500
Epoch 180/600, Total: 1557.608401, Node: 937.122514, Link: 620.462551, Spread: 2.333369
Epoch 181/600, Total: 1596.083615, Node: 957.815880, Link: 638.244136, Spread: 2.359578
Epoch 182/600, Total: 1536.678718, Node: 922.182764, Link: 614.472673, Spread: 2.327974
Epoch 183/600, Total: 1543.300874, Node: 925.942363, Link: 617.335606, Spread: 2.292016
Epoch 184/600, Total: 1557.962259, Node: 939.933860, Link: 618.005044, Spread: 2.336144
Epoch 185/600, Total: 1563.835425, Node: 942.635280, Link: 621.176539, Spread: 2.359675
Epoch 186/600, Total: 1575.109621, Node: 954.523178, Link: 620.563385, Spread: 2.302697
Epoch 187/600, Total: 1541.519245, Node: 932.420464, Link: 609.076153, Spread: 2.262026
Epoch 188/600, Total: 1572.754028, Node: 941.497860, Link: 631.233047, Spread: 2.312961
Epoch 189/600, Total: 1557.483069, Node: 936.794935, Link: 620.663711, Spread: 2.439371
Epoch 190/600, Total: 1610.214875, Node: 963.475474, Link: 646.715088, Spread: 2.431333
Epoch 191/600, Total: 1568.816526, Node: 943.224579, Link: 625.567845, Spread: 2.408375
Epoch 192/600, Total: 1590.684528, Node: 959.737123, Link: 630.923560, Spread: 2.385851
Epoch 193/600, Total: 1561.234447, Node: 937.739497, Link: 623.471262, Spread: 2.367435
Epoch 194/600, Total: 1543.332363, Node: 932.186477, Link: 611.123182, Spread: 2.270349
Epoch 195/600, Total: 1567.152801, Node: 949.357353, Link: 617.773148, Spread: 2.229139
Epoch 196/600, Total: 1583.881897, Node: 956.942694, Link: 626.916786, Spread: 2.242064
Epoch 197/600, Total: 1552.971977, Node: 935.015807, Link: 617.933050, Spread: 2.311938
Epoch 198/600, Total: 1600.911946, Node: 951.289211, Link: 649.600224, Spread: 2.252258
Epoch 199/600, Total: 1651.304704, Node: 1005.984873, Link: 645.298562, Spread: 2.124262
Epoch 200/600, Total: 1608.058902, Node: 956.431113, Link: 651.607398, Spread: 2.039995
Epoch 201/600, Total: 1583.663535, Node: 941.135271, Link: 642.507517, Spread: 2.074538
Epoch 202/600, Total: 1555.224476, Node: 936.951059, Link: 618.252833, Spread: 2.058957
Epoch 203/600, Total: 1543.825508, Node: 928.714007, Link: 615.090678, Spread: 2.082730
Epoch 204/600, Total: 1565.049645, Node: 936.544536, Link: 628.484328, Spread: 2.078874
Epoch 205/600, Total: 1568.989154, Node: 937.800298, Link: 631.168422, Spread: 2.043805
Epoch 206/600, Total: 1551.395436, Node: 942.142805, Link: 609.231426, Spread: 2.121258
Epoch 207/600, Total: 1580.478181, Node: 932.600438, Link: 647.857318, Spread: 2.042679
Epoch 208/600, Total: 1596.181028, Node: 953.501162, Link: 642.660272, Spread: 1.959169
Epoch 209/600, Total: 1559.750939, Node: 938.370834, Link: 621.359770, Spread: 2.033541
Epoch 210/600, Total: 1553.069974, Node: 931.018960, Link: 622.030569, Spread: 2.042137
Epoch 211/600, Total: 1564.847241, Node: 933.996220, Link: 630.830629, Spread: 2.039582
Epoch 212/600, Total: 1584.205771, Node: 955.201573, Link: 628.983830, Spread: 2.034575
Epoch 213/600, Total: 1545.834907, Node: 937.639612, Link: 608.174179, Spread: 2.111622
Epoch 214/600, Total: 1553.721093, Node: 930.788608, Link: 622.912628, Spread: 1.984001
Epoch 215/600, Total: 1559.457493, Node: 940.463859, Link: 618.974052, Spread: 1.958952
Epoch 216/600, Total: 1564.669646, Node: 944.593167, Link: 620.056802, Spread: 1.968564
Epoch 217/600, Total: 1534.020823, Node: 922.213946, Link: 611.787433, Spread: 1.945376
Epoch 218/600, Total: 1536.228625, Node: 933.809983, Link: 602.399205, Spread: 1.944665
Epoch 219/600, Total: 1522.221149, Node: 942.147979, Link: 580.054055, Spread: 1.911914
Epoch 220/600, Total: 1536.400764, Node: 932.039287, Link: 604.341833, Spread: 1.964121
Epoch 221/600, Total: 1516.634787, Node: 930.180630, Link: 586.434348, Spread: 1.982072
Epoch 222/600, Total: 1491.679659, Node: 924.623042, Link: 567.036267, Spread: 2.034489
Epoch 223/600, Total: 1537.743238, Node: 940.486511, Link: 597.234951, Spread: 2.177799
Epoch 224/600, Total: 1505.618932, Node: 924.886518, Link: 580.712442, Spread: 1.996610
Epoch 225/600, Total: 1540.918364, Node: 934.216883, Link: 606.680920, Spread: 2.056360
Epoch 226/600, Total: 1529.704268, Node: 948.467191, Link: 581.215151, Spread: 2.193040
Epoch 227/600, Total: 1445.045016, Node: 914.452989, Link: 530.570285, Spread: 2.174691
Epoch 228/600, Total: 1437.224595, Node: 907.571620, Link: 529.630512, Spread: 2.247546
Epoch 229/600, Total: 1486.304108, Node: 922.739482, Link: 563.541213, Spread: 2.340669
Epoch 230/600, Total: 1509.800494, Node: 938.998272, Link: 570.776817, Spread: 2.541124
Epoch 231/600, Total: 1566.797744, Node: 963.891583, Link: 602.882035, Spread: 2.413697
Epoch 232/600, Total: 1475.465940, Node: 923.671422, Link: 551.770795, Spread: 2.372591
Epoch 233/600, Total: 1549.202579, Node: 953.983783, Link: 595.194300, Spread: 2.449422
Epoch 234/600, Total: 1508.027641, Node: 944.949585, Link: 563.054759, Spread: 2.329535
Epoch 235/600, Total: 1510.011768, Node: 940.979998, Link: 569.007752, Spread: 2.400732
Epoch 236/600, Total: 1471.739338, Node: 927.682625, Link: 544.032545, Spread: 2.417775
Epoch 237/600, Total: 1458.866955, Node: 920.643121, Link: 538.199948, Spread: 2.387947
Epoch 238/600, Total: 1423.160242, Node: 912.729358, Link: 510.409393, Spread: 2.149995
Epoch 239/600, Total: 1454.436834, Node: 922.300958, Link: 532.112695, Spread: 2.318627
Epoch 240/600, Total: 1473.842881, Node: 932.042149, Link: 541.776165, Spread: 2.457231
Epoch 241/600, Total: 1533.965646, Node: 950.196756, Link: 583.746241, Spread: 2.264856
Epoch 242/600, Total: 1518.107317, Node: 948.499043, Link: 569.585388, Spread: 2.289121
Epoch 243/600, Total: 1483.046281, Node: 934.881896, Link: 548.139964, Spread: 2.441774
Epoch 244/600, Total: 1442.140802, Node: 920.037354, Link: 522.078688, Spread: 2.474080
Epoch 245/600, Total: 1393.830112, Node: 907.364661, Link: 486.441264, Spread: 2.418283
Epoch 246/600, Total: 1490.045896, Node: 936.997053, Link: 553.023842, Spread: 2.498821
Epoch 247/600, Total: 1527.229322, Node: 947.963746, Link: 579.239962, Spread: 2.560731
Epoch 248/600, Total: 1485.425342, Node: 934.757519, Link: 550.643388, Spread: 2.442675
Epoch 249/600, Total: 1451.999556, Node: 917.622731, Link: 534.349841, Spread: 2.698864
Epoch 250/600, Total: 1462.024672, Node: 934.253505, Link: 527.745251, Spread: 2.591590
Epoch 251/600, Total: 1444.067313, Node: 923.667442, Link: 520.373761, Spread: 2.609755
Epoch 252/600, Total: 1513.273220, Node: 948.602229, Link: 564.642465, Spread: 2.851610
Epoch 253/600, Total: 1488.249276, Node: 935.689472, Link: 552.533801, Spread: 2.600106
Epoch 254/600, Total: 1422.954901, Node: 915.265045, Link: 507.663911, Spread: 2.594186
Epoch 255/600, Total: 1502.353116, Node: 936.281192, Link: 566.043218, Spread: 2.871651
Epoch 256/600, Total: 1489.864203, Node: 939.552628, Link: 550.278903, Spread: 3.265991
Epoch 257/600, Total: 1430.661684, Node: 916.186332, Link: 514.441847, Spread: 3.351073
Epoch 258/600, Total: 1415.690919, Node: 909.157091, Link: 506.499613, Spread: 3.420448
Epoch 259/600, Total: 1450.278822, Node: 930.798196, Link: 519.444357, Spread: 3.626165
Epoch 260/600, Total: 1508.283578, Node: 949.432429, Link: 558.813774, Spread: 3.737575
Epoch 261/600, Total: 1450.589575, Node: 927.788547, Link: 522.764148, Spread: 3.687536
Epoch 262/600, Total: 1483.908958, Node: 950.194902, Link: 533.676980, Spread: 3.705047
Epoch 263/600, Total: 1653.480642, Node: 1006.443694, Link: 647.003907, Spread: 3.303752
Epoch 264/600, Total: 1535.146056, Node: 949.069128, Link: 586.043478, Spread: 3.346092
Epoch 265/600, Total: 1421.641286, Node: 912.447288, Link: 509.163463, Spread: 3.052974
Epoch 266/600, Total: 1538.647799, Node: 961.742945, Link: 576.876811, Spread: 2.802521
Epoch 267/600, Total: 1516.184745, Node: 951.027924, Link: 565.127780, Spread: 2.903614
Epoch 268/600, Total: 1567.763578, Node: 965.743265, Link: 601.988080, Spread: 3.221423
Epoch 269/600, Total: 1494.872876, Node: 942.966694, Link: 551.872979, Spread: 3.319537
Epoch 270/600, Total: 1514.522063, Node: 943.365140, Link: 571.122808, Spread: 3.412376
Epoch 271/600, Total: 1516.611150, Node: 950.690470, Link: 565.887241, Spread: 3.343664
Epoch 272/600, Total: 1494.302349, Node: 942.858571, Link: 551.411733, Spread: 3.206387
Epoch 273/600, Total: 1593.980694, Node: 980.869413, Link: 613.079179, Spread: 3.211345
Epoch 274/600, Total: 1483.033228, Node: 939.861128, Link: 543.137528, Spread: 3.456144
Epoch 275/600, Total: 1481.733740, Node: 939.376403, Link: 542.325578, Spread: 3.174552
Epoch 276/600, Total: 1479.661726, Node: 933.423087, Link: 546.205554, Spread: 3.309110
Epoch 277/600, Total: 1429.186015, Node: 919.567600, Link: 509.583524, Spread: 3.489252
Epoch 278/600, Total: 1465.541540, Node: 925.647060, Link: 539.858638, Spread: 3.584980
Epoch 279/600, Total: 1543.086967, Node: 960.753178, Link: 582.293366, Spread: 4.044870
Epoch 280/600, Total: 1398.469079, Node: 901.373548, Link: 497.053305, Spread: 4.221991
Epoch 281/600, Total: 1444.251543, Node: 921.468180, Link: 522.739213, Spread: 4.414613
Epoch 282/600, Total: 1443.973561, Node: 919.210303, Link: 524.720546, Spread: 4.270853
Epoch 283/600, Total: 1631.314356, Node: 1000.409371, Link: 630.860405, Spread: 4.458411
Epoch 284/600, Total: 1550.833332, Node: 959.424107, Link: 591.363348, Spread: 4.586644
Epoch 285/600, Total: 1466.207530, Node: 935.968441, Link: 530.192238, Spread: 4.686422
Epoch 286/600, Total: 1431.142801, Node: 915.833871, Link: 515.264615, Spread: 4.432315
Epoch 287/600, Total: 1395.206120, Node: 901.461553, Link: 493.702204, Spread: 4.237675
Epoch 288/600, Total: 1385.545254, Node: 899.984664, Link: 485.519653, Spread: 4.093007
Epoch 289/600, Total: 1421.168564, Node: 923.095314, Link: 498.032665, Spread: 4.058897
Epoch 290/600, Total: 1392.002691, Node: 908.613812, Link: 483.349616, Spread: 3.926846
Epoch 291/600, Total: 1370.763760, Node: 897.116766, Link: 473.606744, Spread: 4.023832
Epoch 292/600, Total: 1372.166696, Node: 902.018158, Link: 470.108380, Spread: 4.016192
Epoch 293/600, Total: 1449.239116, Node: 931.520196, Link: 517.677235, Spread: 4.168089
Epoch 294/600, Total: 1786.861543, Node: 1143.373548, Link: 643.450406, Spread: 3.757594
Epoch 295/600, Total: 1546.422077, Node: 971.910209, Link: 574.473052, Spread: 3.883178
Epoch 296/600, Total: 1399.497168, Node: 919.613081, Link: 479.848601, Spread: 3.547723
Epoch 297/600, Total: 1489.017653, Node: 933.679078, Link: 555.303425, Spread: 3.514305
Epoch 298/600, Total: 1365.710502, Node: 910.349551, Link: 455.327508, Spread: 3.344533
Epoch 299/600, Total: 1412.699115, Node: 914.489996, Link: 498.175373, Spread: 3.374089
Epoch 300/600, Total: 1451.366065, Node: 924.739566, Link: 526.592679, Spread: 3.380382
Epoch 301/600, Total: 1488.231643, Node: 940.799109, Link: 547.397071, Spread: 3.547534
Epoch 302/600, Total: 1427.961100, Node: 914.912622, Link: 513.013111, Spread: 3.535754
Epoch 303/600, Total: 1549.979483, Node: 954.089409, Link: 595.856160, Spread: 3.391276
Epoch 304/600, Total: 1465.553487, Node: 927.887483, Link: 537.629759, Spread: 3.624253
Epoch 305/600, Total: 1386.790405, Node: 912.180478, Link: 474.576165, Spread: 3.376696
Epoch 306/600, Total: 1400.037247, Node: 906.723328, Link: 493.279960, Spread: 3.395629
Epoch 307/600, Total: 1393.719750, Node: 909.816300, Link: 483.865689, Spread: 3.776643
Epoch 308/600, Total: 1481.595669, Node: 941.894344, Link: 539.662164, Spread: 3.917564
Epoch 309/600, Total: 1514.899940, Node: 953.792590, Link: 561.068151, Spread: 3.919856
Epoch 310/600, Total: 1485.285555, Node: 942.184864, Link: 543.062477, Spread: 3.821223
Epoch 311/600, Total: 1475.145723, Node: 928.259535, Link: 546.849794, Spread: 3.637312
Epoch 312/600, Total: 1410.478920, Node: 907.162923, Link: 503.281823, Spread: 3.416487
Epoch 313/600, Total: 1464.571420, Node: 929.779080, Link: 534.755211, Spread: 3.712530
Epoch 314/600, Total: 1452.814273, Node: 923.605314, Link: 529.173748, Spread: 3.522905
Epoch 315/600, Total: 1420.509903, Node: 914.021907, Link: 506.451421, Spread: 3.658194
Epoch 316/600, Total: 1386.074070, Node: 900.670272, Link: 485.367964, Spread: 3.581882
Epoch 317/600, Total: 1431.602581, Node: 912.594512, Link: 518.972918, Spread: 3.514855
Epoch 318/600, Total: 1532.602021, Node: 949.528114, Link: 583.037696, Spread: 3.622149
Epoch 319/600, Total: 1399.996865, Node: 911.288599, Link: 488.673979, Spread: 3.428228
Epoch 320/600, Total: 1493.528465, Node: 942.388245, Link: 551.106077, Spread: 3.412920
Epoch 321/600, Total: 1411.602498, Node: 906.249269, Link: 505.318307, Spread: 3.494544
Epoch 322/600, Total: 1415.310078, Node: 910.044514, Link: 505.232100, Spread: 3.347590
Epoch 323/600, Total: 1445.086194, Node: 933.858053, Link: 511.193203, Spread: 3.494159
Epoch 324/600, Total: 1457.138251, Node: 920.072002, Link: 537.032215, Spread: 3.403441
Epoch 325/600, Total: 1436.141677, Node: 922.386740, Link: 513.720978, Spread: 3.396164
Epoch 326/600, Total: 1357.428422, Node: 895.441855, Link: 461.953623, Spread: 3.294293
Epoch 327/600, Total: 1527.016689, Node: 971.698912, Link: 555.288939, Spread: 2.882628
Epoch 328/600, Total: 1379.528334, Node: 900.308706, Link: 479.185502, Spread: 3.412344
Epoch 329/600, Total: 1654.392939, Node: 998.339657, Link: 656.020415, Spread: 3.284810
Epoch 330/600, Total: 1519.249859, Node: 958.110105, Link: 561.105383, Spread: 3.438202
Epoch 331/600, Total: 1414.054875, Node: 914.807716, Link: 499.212839, Spread: 3.433990
Epoch 332/600, Total: 1541.037423, Node: 962.208517, Link: 578.791797, Spread: 3.711063
Epoch 333/600, Total: 1522.397267, Node: 956.427766, Link: 565.934517, Spread: 3.497599
Epoch 334/600, Total: 1423.206250, Node: 916.632150, Link: 506.537420, Spread: 3.666951
Epoch 335/600, Total: 1454.049384, Node: 938.405440, Link: 515.593566, Spread: 5.036693
Epoch 336/600, Total: 1424.136615, Node: 910.070035, Link: 514.025725, Spread: 4.085602
Epoch 337/600, Total: 1483.077034, Node: 933.858871, Link: 549.171474, Spread: 4.668467
Epoch 338/600, Total: 1396.378544, Node: 907.022240, Link: 489.311186, Spread: 4.512942
Epoch 339/600, Total: 1454.039785, Node: 921.846761, Link: 532.144796, Spread: 4.822113
Epoch 340/600, Total: 1482.762552, Node: 945.182259, Link: 537.528926, Spread: 5.137020
Epoch 341/600, Total: 1532.294248, Node: 965.219753, Link: 567.028141, Spread: 4.633698
Epoch 342/600, Total: 1575.291009, Node: 979.220939, Link: 596.025941, Spread: 4.414334
Epoch 343/600, Total: 1500.488052, Node: 943.904129, Link: 556.539458, Spread: 4.448084
Epoch 344/600, Total: 1386.977525, Node: 907.205346, Link: 479.724566, Spread: 4.761479
Epoch 345/600, Total: 1557.668704, Node: 961.357200, Link: 596.264414, Spread: 4.707617
Epoch 346/600, Total: 1534.491503, Node: 959.991458, Link: 574.449183, Spread: 5.084797
Epoch 347/600, Total: 1562.310971, Node: 967.440501, Link: 594.819148, Spread: 5.134930
Epoch 348/600, Total: 1375.235363, Node: 904.108612, Link: 471.072185, Spread: 5.456112
Epoch 349/600, Total: 1391.692220, Node: 909.540248, Link: 482.096261, Spread: 5.571935
Epoch 350/600, Total: 1416.061513, Node: 917.050590, Link: 498.958757, Spread: 5.216324
Epoch 351/600, Total: 1426.953725, Node: 928.582503, Link: 498.313567, Spread: 5.765486
Epoch 352/600, Total: 1512.524056, Node: 947.972914, Link: 564.496233, Spread: 5.489341
Epoch 353/600, Total: 1384.230741, Node: 903.333721, Link: 480.841905, Spread: 5.510506
Epoch 354/600, Total: 1380.008102, Node: 909.073929, Link: 470.879234, Spread: 5.493891
Epoch 355/600, Total: 1367.561965, Node: 904.837279, Link: 462.671174, Spread: 5.351470
Epoch 356/600, Total: 1398.905785, Node: 909.022490, Link: 489.828597, Spread: 5.468627
Epoch 357/600, Total: 1404.523936, Node: 914.266611, Link: 490.202536, Spread: 5.479135
Epoch 358/600, Total: 1435.995330, Node: 921.259891, Link: 514.676560, Spread: 5.888965
Epoch 359/600, Total: 1500.487849, Node: 958.434998, Link: 541.966215, Spread: 8.663266
Epoch 360/600, Total: 1414.665251, Node: 926.946095, Link: 487.642987, Spread: 7.617501
Epoch 361/600, Total: 1461.835004, Node: 933.524295, Link: 528.233843, Spread: 7.685295
Epoch 362/600, Total: 1411.645856, Node: 917.607936, Link: 493.964693, Spread: 7.321317
Epoch 363/600, Total: 1404.043318, Node: 907.333272, Link: 496.635442, Spread: 7.461003
Epoch 364/600, Total: 1395.796276, Node: 910.436085, Link: 485.279151, Spread: 8.103467
Epoch 365/600, Total: 1410.946402, Node: 912.246928, Link: 498.615045, Spread: 8.443724
Epoch 366/600, Total: 1414.671930, Node: 919.873116, Link: 494.704339, Spread: 9.446298
Epoch 367/600, Total: 1397.605915, Node: 906.321187, Link: 491.190949, Spread: 9.378130
Epoch 368/600, Total: 1490.665439, Node: 940.469435, Link: 550.093202, Spread: 10.279708
Epoch 369/600, Total: 1403.818896, Node: 913.612476, Link: 490.107673, Spread: 9.873783
Epoch 370/600, Total: 1420.010633, Node: 922.334009, Link: 497.584896, Spread: 9.172061
Epoch 371/600, Total: 1429.197231, Node: 935.465052, Link: 493.641409, Spread: 9.076725
Epoch 372/600, Total: 1437.409554, Node: 927.574700, Link: 509.747487, Spread: 8.737025
Epoch 373/600, Total: 1573.986973, Node: 980.954941, Link: 592.935409, Spread: 9.663943
Epoch 374/600, Total: 1475.674089, Node: 936.243030, Link: 539.346488, Spread: 8.456316
Epoch 375/600, Total: 1372.088926, Node: 898.389902, Link: 473.612859, Spread: 8.617179
Epoch 376/600, Total: 1494.005527, Node: 943.917900, Link: 550.009350, Spread: 7.827221
Epoch 377/600, Total: 1383.910065, Node: 902.388278, Link: 481.448752, Spread: 7.305380
Epoch 378/600, Total: 1362.455921, Node: 896.542417, Link: 465.836596, Spread: 7.689672
Epoch 379/600, Total: 1383.885175, Node: 905.285852, Link: 478.527717, Spread: 7.160379
Epoch 380/600, Total: 1389.417876, Node: 909.555128, Link: 479.780971, Spread: 8.176906
Epoch 381/600, Total: 1584.455924, Node: 1036.360320, Link: 548.015460, Spread: 8.012773
Epoch 382/600, Total: 1400.156723, Node: 916.162360, Link: 483.918417, Spread: 7.593446
Epoch 383/600, Total: 1443.381692, Node: 929.991006, Link: 513.318263, Spread: 7.242780
Epoch 384/600, Total: 1414.042305, Node: 910.814425, Link: 503.144948, Spread: 8.292551
Epoch 385/600, Total: 1463.160879, Node: 941.376387, Link: 521.702751, Spread: 8.174301
Epoch 386/600, Total: 1516.645484, Node: 953.256285, Link: 563.303880, Spread: 8.532857
Epoch 387/600, Total: 1410.941512, Node: 919.394486, Link: 491.459293, Spread: 8.772055
Epoch 388/600, Total: 1450.113244, Node: 936.990209, Link: 513.030590, Spread: 9.244349
Epoch 389/600, Total: 1371.432835, Node: 900.551043, Link: 470.791429, Spread: 9.036271
Epoch 390/600, Total: 1536.891226, Node: 957.471437, Link: 579.315891, Spread: 10.390006
Epoch 391/600, Total: 1446.986202, Node: 935.455749, Link: 511.438206, Spread: 9.226364
Epoch 392/600, Total: 1542.171448, Node: 964.402061, Link: 577.679871, Spread: 8.952178
Epoch 393/600, Total: 1377.923194, Node: 899.552009, Link: 478.286997, Spread: 8.419712
Epoch 394/600, Total: 1418.646852, Node: 917.972636, Link: 500.592451, Spread: 8.175621
Epoch 395/600, Total: 1502.715756, Node: 948.103118, Link: 554.517666, Spread: 9.497786
Epoch 396/600, Total: 1429.304453, Node: 918.166364, Link: 511.050044, Spread: 8.803262
Epoch 397/600, Total: 1574.731097, Node: 972.428852, Link: 602.212703, Spread: 8.953576
Epoch 398/600, Total: 1397.638388, Node: 912.449719, Link: 485.099742, Spread: 8.891610
Epoch 399/600, Total: 1432.170157, Node: 927.643916, Link: 504.436465, Spread: 8.979300
Epoch 400/600, Total: 1431.207970, Node: 916.940397, Link: 514.172124, Spread: 9.547085
Epoch 401/600, Total: 1548.684565, Node: 974.632476, Link: 573.932073, Spread: 12.001711
Epoch 402/600, Total: 1499.701648, Node: 957.702973, Link: 541.897806, Spread: 10.087875
Epoch 403/600, Total: 1504.877518, Node: 953.916929, Link: 550.841127, Spread: 11.946429
Epoch 404/600, Total: 1374.363994, Node: 898.191020, Link: 476.077341, Spread: 9.565776
Epoch 405/600, Total: 1435.960804, Node: 918.692484, Link: 517.170095, Spread: 9.822920
Epoch 406/600, Total: 1412.843155, Node: 919.545238, Link: 493.190206, Spread: 10.770863
Epoch 407/600, Total: 1449.301529, Node: 923.734596, Link: 525.466187, Spread: 10.074869
Epoch 408/600, Total: 1422.442323, Node: 909.107973, Link: 513.232932, Spread: 10.140678
Epoch 409/600, Total: 1505.022283, Node: 942.639562, Link: 562.265820, Spread: 11.689098
Epoch 410/600, Total: 1372.818955, Node: 899.003750, Link: 473.710727, Spread: 10.449017
Epoch 411/600, Total: 1448.460340, Node: 930.960425, Link: 517.393940, Spread: 10.597879
Epoch 412/600, Total: 1381.598295, Node: 901.387874, Link: 480.105824, Spread: 10.460404
Epoch 413/600, Total: 1417.990061, Node: 908.274983, Link: 509.609874, Spread: 10.522779
Epoch 414/600, Total: 1397.712017, Node: 904.342983, Link: 493.258142, Spread: 11.089365
Epoch 415/600, Total: 1390.634106, Node: 914.062617, Link: 476.465819, Spread: 10.567668
Epoch 416/600, Total: 1435.127065, Node: 924.568653, Link: 510.458711, Spread: 9.969216
Epoch 417/600, Total: 1374.765647, Node: 906.706378, Link: 467.942923, Spread: 11.634777
Epoch 418/600, Total: 1387.078396, Node: 903.919856, Link: 483.046530, Spread: 11.199501
Epoch 419/600, Total: 1470.071758, Node: 947.305612, Link: 522.628344, Spread: 13.779923
Epoch 420/600, Total: 1429.011218, Node: 923.990644, Link: 504.888930, Spread: 13.163245
Epoch 421/600, Total: 1377.724177, Node: 901.472800, Link: 476.134452, Spread: 11.691333
Epoch 422/600, Total: 1476.878139, Node: 945.163772, Link: 531.588136, Spread: 12.623824
Epoch 423/600, Total: 1508.448650, Node: 954.876754, Link: 553.443603, Spread: 12.827530
Epoch 424/600, Total: 1399.437848, Node: 911.731835, Link: 487.574017, Spread: 13.197944
Epoch 425/600, Total: 1393.006005, Node: 916.947186, Link: 475.913500, Spread: 14.533585
Epoch 426/600, Total: 1431.985478, Node: 927.633561, Link: 504.204629, Spread: 14.727706
Epoch 427/600, Total: 1424.374731, Node: 927.892735, Link: 496.333279, Spread: 14.869718
Epoch 428/600, Total: 1366.452282, Node: 906.020573, Link: 460.275744, Spread: 15.595933
Epoch 429/600, Total: 1395.874140, Node: 911.098565, Link: 484.624299, Spread: 15.126332
Epoch 430/600, Total: 1459.270576, Node: 931.946761, Link: 527.158868, Spread: 16.495361
Epoch 431/600, Total: 1407.869190, Node: 911.187535, Link: 496.505594, Spread: 17.606312
Epoch 432/600, Total: 1426.606112, Node: 937.552611, Link: 488.830659, Spread: 22.285135
Epoch 433/600, Total: 1540.309897, Node: 961.024942, Link: 579.072359, Spread: 21.259056
Epoch 434/600, Total: 1377.846869, Node: 901.469233, Link: 476.175593, Spread: 20.204348
Epoch 435/600, Total: 1442.121857, Node: 934.612997, Link: 507.279170, Spread: 22.968788
Epoch 436/600, Total: 1482.823534, Node: 943.775408, Link: 538.804314, Spread: 24.379383
Epoch 437/600, Total: 1399.414398, Node: 915.528593, Link: 483.645420, Spread: 24.036796
Epoch 438/600, Total: 1387.956333, Node: 912.113581, Link: 475.594502, Spread: 24.825482
Epoch 439/600, Total: 1377.028277, Node: 905.046015, Link: 471.741634, Spread: 24.062513
Epoch 440/600, Total: 1426.129298, Node: 917.356876, Link: 508.554313, Spread: 21.809192
Epoch 441/600, Total: 1372.840552, Node: 901.474331, Link: 471.148061, Spread: 21.815268
Epoch 442/600, Total: 1382.781374, Node: 909.507239, Link: 473.026402, Spread: 24.773356
Epoch 443/600, Total: 1465.549545, Node: 942.297629, Link: 522.995986, Spread: 25.592238
Epoch 444/600, Total: 1443.625374, Node: 929.769824, Link: 513.602141, Spread: 25.343087
Epoch 445/600, Total: 1351.586682, Node: 898.863843, Link: 452.479992, Spread: 24.287385
Epoch 446/600, Total: 1419.262445, Node: 920.376889, Link: 498.649280, Spread: 23.627637
Epoch 447/600, Total: 1461.600160, Node: 931.190173, Link: 530.157980, Spread: 25.200814
Epoch 448/600, Total: 1441.539631, Node: 925.657103, Link: 515.605881, Spread: 27.665403
Epoch 449/600, Total: 1547.470710, Node: 973.284705, Link: 573.882746, Spread: 30.325270
Epoch 450/600, Total: 1434.400400, Node: 917.380570, Link: 516.749906, Spread: 26.993184
Epoch 451/600, Total: 1396.606071, Node: 906.982777, Link: 489.352653, Spread: 27.062727
Epoch 452/600, Total: 1393.293225, Node: 912.074348, Link: 480.946705, Spread: 27.218459
Epoch 453/600, Total: 1391.977603, Node: 903.380221, Link: 488.328256, Spread: 26.913018
Epoch 454/600, Total: 1445.020037, Node: 926.534834, Link: 518.217625, Spread: 26.759346
Epoch 455/600, Total: 1486.274814, Node: 949.836487, Link: 536.132853, Spread: 30.547252
Epoch 456/600, Total: 1458.186865, Node: 928.537732, Link: 529.371280, Spread: 27.786407
Epoch 457/600, Total: 1350.879435, Node: 896.221601, Link: 454.387109, Spread: 27.072110
Epoch 458/600, Total: 1440.104254, Node: 926.803472, Link: 513.031075, Spread: 26.972194
Epoch 459/600, Total: 1541.855186, Node: 953.778802, Link: 587.800325, Spread: 27.606928
Epoch 460/600, Total: 1399.657779, Node: 912.078287, Link: 487.311911, Spread: 26.757255
Epoch 461/600, Total: 1424.442700, Node: 948.737809, Link: 475.360690, Spread: 34.420926
Epoch 462/600, Total: 1370.233127, Node: 904.872854, Link: 465.082119, Spread: 27.815925
Epoch 463/600, Total: 1431.724638, Node: 923.384406, Link: 508.065074, Spread: 27.515382
Epoch 464/600, Total: 1478.985551, Node: 949.953862, Link: 528.758086, Spread: 27.361020
Epoch 465/600, Total: 1454.952316, Node: 930.767150, Link: 523.899330, Spread: 28.582549
Epoch 466/600, Total: 1417.795913, Node: 913.283002, Link: 504.224327, Spread: 28.858576
Epoch 467/600, Total: 1445.622919, Node: 926.004366, Link: 519.345448, Spread: 27.308592
Epoch 468/600, Total: 1568.918939, Node: 974.776418, Link: 593.890430, Spread: 25.210969
Epoch 469/600, Total: 1414.401456, Node: 916.432036, Link: 497.741716, Spread: 22.769832
Epoch 470/600, Total: 1395.951952, Node: 912.599162, Link: 483.109806, Spread: 24.298173
Epoch 471/600, Total: 1467.142182, Node: 932.605360, Link: 534.294519, Spread: 24.232379
Epoch 472/600, Total: 1400.421189, Node: 909.548622, Link: 490.634558, Spread: 23.802198
Epoch 473/600, Total: 1424.934952, Node: 916.606180, Link: 508.089258, Spread: 23.950462
Epoch 474/600, Total: 1406.733114, Node: 911.652247, Link: 494.854503, Spread: 22.636692
Epoch 475/600, Total: 1592.821786, Node: 970.603231, Link: 621.980222, Spread: 23.833423
Epoch 476/600, Total: 1368.858936, Node: 896.202012, Link: 472.418221, Spread: 23.868285
Epoch 477/600, Total: 1388.256071, Node: 910.239984, Link: 477.766559, Spread: 24.953278
Epoch 478/600, Total: 1370.020145, Node: 903.558603, Link: 466.201944, Spread: 25.958828
Epoch 479/600, Total: 1392.256186, Node: 904.015031, Link: 487.986745, Spread: 25.440505
Epoch 480/600, Total: 1518.747227, Node: 970.125555, Link: 548.313694, Spread: 30.800471
Epoch 481/600, Total: 1517.613842, Node: 961.067345, Link: 556.287079, Spread: 25.939548
Epoch 482/600, Total: 1419.780907, Node: 944.750736, Link: 474.711516, Spread: 31.866232
Epoch 483/600, Total: 1416.883378, Node: 919.762748, Link: 496.835793, Spread: 28.483826
Epoch 484/600, Total: 1409.488337, Node: 915.951398, Link: 493.276722, Spread: 26.021367
Epoch 485/600, Total: 1371.617284, Node: 902.303392, Link: 469.030684, Spread: 28.320052
Epoch 486/600, Total: 1364.963273, Node: 903.722168, Link: 460.963790, Spread: 27.730140
Epoch 487/600, Total: 1362.150565, Node: 898.635980, Link: 463.241115, Spread: 27.346217
Epoch 488/600, Total: 1400.455973, Node: 917.573860, Link: 482.583389, Spread: 29.873987
Epoch 489/600, Total: 1603.260694, Node: 979.718723, Link: 623.239226, Spread: 30.274329
Epoch 490/600, Total: 1522.602290, Node: 958.717684, Link: 563.603313, Spread: 28.128888
Epoch 491/600, Total: 1384.320345, Node: 910.405416, Link: 473.643694, Spread: 27.123296
Epoch 492/600, Total: 1532.596024, Node: 959.290595, Link: 573.026251, Spread: 27.917141
Epoch 493/600, Total: 1442.112152, Node: 924.880141, Link: 516.963016, Spread: 26.899623
Epoch 494/600, Total: 1483.326577, Node: 936.724764, Link: 546.331512, Spread: 27.031849
Epoch 495/600, Total: 1436.026020, Node: 922.060186, Link: 513.683102, Spread: 28.272540
Epoch 496/600, Total: 1479.202430, Node: 948.359330, Link: 530.571138, Spread: 27.194206
Epoch 497/600, Total: 1429.840488, Node: 927.181944, Link: 502.351267, Spread: 30.728517
Epoch 498/600, Total: 1469.716116, Node: 946.665993, Link: 522.752729, Spread: 29.739773
Epoch 499/600, Total: 1525.973650, Node: 946.624555, Link: 579.080060, Spread: 26.899827
Epoch 500/600, Total: 1466.781743, Node: 933.141627, Link: 533.417876, Spread: 22.223813
Epoch 501/600, Total: 1388.489971, Node: 903.000269, Link: 485.259971, Spread: 22.973747
Epoch 502/600, Total: 1363.047165, Node: 901.639573, Link: 461.169913, Spread: 23.766818
Epoch 503/600, Total: 1378.332340, Node: 903.356476, Link: 474.739589, Spread: 23.628755
Epoch 504/600, Total: 1391.031180, Node: 913.123654, Link: 477.648384, Spread: 25.912946
Epoch 505/600, Total: 1374.764933, Node: 909.889179, Link: 464.607751, Spread: 26.798916
Epoch 506/600, Total: 1382.987929, Node: 915.921444, Link: 466.809426, Spread: 25.705603
Epoch 507/600, Total: 1491.956805, Node: 942.843666, Link: 548.869638, Spread: 24.349774
Epoch 508/600, Total: 1402.747713, Node: 917.155666, Link: 485.342148, Spread: 24.989135
Epoch 509/600, Total: 1434.295955, Node: 942.201285, Link: 491.814743, Spread: 27.991833
Epoch 510/600, Total: 1419.353384, Node: 920.289658, Link: 498.791788, Spread: 27.195286
Epoch 511/600, Total: 1391.917676, Node: 920.308184, Link: 471.304114, Spread: 30.538110
Epoch 512/600, Total: 1364.258304, Node: 905.095313, Link: 458.890344, Spread: 27.264380
Epoch 513/600, Total: 1342.797238, Node: 895.440860, Link: 447.062015, Spread: 29.437007
Epoch 514/600, Total: 1407.539776, Node: 909.932954, Link: 497.300327, Spread: 30.651585
Epoch 515/600, Total: 1359.386909, Node: 900.665363, Link: 458.413470, Spread: 30.807167
Epoch 516/600, Total: 1450.781269, Node: 935.412141, Link: 515.047461, Spread: 32.165478
Epoch 517/600, Total: 1404.330941, Node: 915.425333, Link: 488.595348, Spread: 31.024427
Epoch 518/600, Total: 1387.795807, Node: 904.208293, Link: 483.273258, Spread: 31.425029
Epoch 519/600, Total: 1437.435641, Node: 944.900505, Link: 492.190271, Spread: 34.485877
Epoch 520/600, Total: 1384.100708, Node: 905.964972, Link: 477.840936, Spread: 29.479680
Epoch 521/600, Total: 1352.045134, Node: 898.200614, Link: 453.540248, Spread: 30.427830
Epoch 522/600, Total: 1405.596839, Node: 911.264145, Link: 493.995733, Spread: 33.696687
Epoch 523/600, Total: 1388.396526, Node: 904.575023, Link: 483.475483, Spread: 34.600894
Epoch 524/600, Total: 1427.452017, Node: 924.248927, Link: 502.835094, Spread: 36.801595
Epoch 525/600, Total: 1359.674414, Node: 894.901934, Link: 464.435240, Spread: 33.724714
Epoch 526/600, Total: 1624.694358, Node: 994.886647, Link: 629.468502, Spread: 33.920628
Epoch 527/600, Total: 1430.428033, Node: 922.911284, Link: 507.173425, Spread: 34.331800
Epoch 528/600, Total: 1365.350403, Node: 895.216637, Link: 469.809937, Spread: 32.382557
Epoch 529/600, Total: 1628.784177, Node: 978.485388, Link: 649.974275, Spread: 32.451100
Epoch 530/600, Total: 1513.185514, Node: 916.061118, Link: 596.846896, Spread: 27.748050
Epoch 531/600, Total: 1408.957569, Node: 916.804915, Link: 491.842230, Spread: 31.041866
Epoch 532/600, Total: 1375.630178, Node: 900.824768, Link: 474.489379, Spread: 31.602744
Epoch 533/600, Total: 1344.901903, Node: 891.574051, Link: 453.014778, Spread: 31.307363
Epoch 534/600, Total: 1406.688089, Node: 920.959348, Link: 485.410620, Spread: 31.811489
Epoch 535/600, Total: 1446.431496, Node: 925.478545, Link: 520.639063, Spread: 31.390856
Epoch 536/600, Total: 1418.332270, Node: 915.173885, Link: 502.835930, Spread: 32.243785
Epoch 537/600, Total: 1353.400161, Node: 898.020239, Link: 455.045354, Spread: 33.455929
Epoch 538/600, Total: 1358.989363, Node: 894.418017, Link: 464.254007, Spread: 31.732448
Epoch 539/600, Total: 1427.972840, Node: 925.256183, Link: 502.400781, Spread: 31.589899
Epoch 540/600, Total: 1393.537749, Node: 920.930770, Link: 472.273764, Spread: 33.322266
Epoch 541/600, Total: 1486.879321, Node: 938.120577, Link: 548.434979, Spread: 32.374744
Epoch 542/600, Total: 1436.774722, Node: 923.862194, Link: 512.593652, Spread: 31.886125
Epoch 543/600, Total: 1360.169480, Node: 893.220892, Link: 466.647423, Spread: 30.115730
Epoch 544/600, Total: 1359.432472, Node: 899.098052, Link: 460.029817, Spread: 30.460601
Epoch 545/600, Total: 1370.046450, Node: 901.292955, Link: 468.439361, Spread: 31.413263
Epoch 546/600, Total: 1395.694889, Node: 909.133171, Link: 486.230606, Spread: 33.109970
Epoch 547/600, Total: 1415.883472, Node: 908.428622, Link: 507.119940, Spread: 33.488897
Epoch 548/600, Total: 1414.888565, Node: 919.316973, Link: 495.242524, Spread: 32.905648
Epoch 549/600, Total: 1417.757226, Node: 914.345505, Link: 503.091012, Spread: 32.071602
Epoch 550/600, Total: 1394.214126, Node: 916.920154, Link: 476.943548, Spread: 35.042043
Epoch 551/600, Total: 1458.385142, Node: 929.209709, Link: 528.848427, Spread: 32.700925
Epoch 552/600, Total: 1366.717570, Node: 897.439968, Link: 468.951070, Spread: 32.651977
Epoch 553/600, Total: 1411.288817, Node: 910.019124, Link: 500.935369, Spread: 33.431606
Epoch 554/600, Total: 1454.322562, Node: 933.917422, Link: 520.039798, Spread: 36.534659
Epoch 555/600, Total: 1485.954791, Node: 934.264026, Link: 551.358705, Spread: 33.204267
Epoch 556/600, Total: 1444.573981, Node: 937.727441, Link: 506.483658, Spread: 36.289313
Epoch 557/600, Total: 1386.748679, Node: 902.641618, Link: 483.767120, Spread: 33.993731
Epoch 558/600, Total: 1398.688118, Node: 911.632743, Link: 486.679600, Spread: 37.577650
Epoch 559/600, Total: 1394.716428, Node: 909.111928, Link: 485.247323, Spread: 35.717252
Epoch 560/600, Total: 1425.994850, Node: 932.196325, Link: 493.451713, Spread: 34.681562
Epoch 561/600, Total: 1570.461081, Node: 971.990558, Link: 598.133976, Spread: 33.655419
Epoch 562/600, Total: 1418.375385, Node: 912.357063, Link: 505.696409, Spread: 32.191118
Epoch 563/600, Total: 1516.845231, Node: 947.850576, Link: 568.631349, Spread: 36.331249
Epoch 564/600, Total: 1451.714799, Node: 924.275823, Link: 527.082259, Spread: 35.670723
Epoch 565/600, Total: 1386.473918, Node: 911.158595, Link: 474.954610, Spread: 36.073774
Epoch 566/600, Total: 1362.493959, Node: 896.188637, Link: 465.956575, Spread: 34.875950
Epoch 567/600, Total: 1458.501924, Node: 927.250800, Link: 530.924299, Spread: 32.682221
Epoch 568/600, Total: 1445.306592, Node: 930.142845, Link: 514.873338, Spread: 29.041499
Epoch 569/600, Total: 1372.033144, Node: 907.188231, Link: 464.509737, Spread: 33.519586
Epoch 570/600, Total: 1353.671829, Node: 894.607903, Link: 458.760286, Spread: 30.364306
Epoch 571/600, Total: 1354.199973, Node: 900.795905, Link: 453.086024, Spread: 31.808372
Epoch 572/600, Total: 1387.081595, Node: 906.367821, Link: 480.401041, Spread: 31.274745
Epoch 573/600, Total: 1385.354503, Node: 902.517066, Link: 482.534491, Spread: 30.296167
Epoch 574/600, Total: 1388.552688, Node: 906.900730, Link: 481.331680, Spread: 32.027517
Epoch 575/600, Total: 1393.704371, Node: 906.843746, Link: 486.583755, Spread: 27.688517
Epoch 576/600, Total: 1376.955257, Node: 903.031357, Link: 473.642608, Spread: 28.129780
Epoch 577/600, Total: 1395.650561, Node: 904.257436, Link: 491.113480, Spread: 27.964043
Epoch 578/600, Total: 1379.107641, Node: 922.616321, Link: 456.202937, Spread: 28.838316
Epoch 579/600, Total: 1356.686821, Node: 900.225116, Link: 456.200545, Spread: 26.116314
Epoch 580/600, Total: 1409.115768, Node: 913.054942, Link: 495.797280, Spread: 26.355810
Epoch 581/600, Total: 1490.975178, Node: 952.895191, Link: 537.823130, Spread: 25.686236
Epoch 582/600, Total: 1467.426690, Node: 949.885292, Link: 517.256944, Spread: 28.445549
Epoch 583/600, Total: 1378.669116, Node: 904.638329, Link: 473.717666, Spread: 31.314311
Epoch 584/600, Total: 1360.800632, Node: 897.168182, Link: 463.302310, Spread: 33.013847
Epoch 585/600, Total: 1353.054426, Node: 896.338788, Link: 456.371286, Spread: 34.436172
Epoch 586/600, Total: 1350.658186, Node: 894.637851, Link: 455.646119, Spread: 37.421586
Epoch 587/600, Total: 1378.583405, Node: 903.824018, Link: 474.347534, Spread: 41.185091
Epoch 588/600, Total: 1372.685555, Node: 900.362166, Link: 471.895882, Spread: 42.751460
Epoch 589/600, Total: 1424.466951, Node: 934.946401, Link: 489.065157, Spread: 45.539088
Epoch 590/600, Total: 1546.551782, Node: 984.064444, Link: 562.083481, Spread: 40.384296
Epoch 591/600, Total: 1414.872923, Node: 917.762273, Link: 496.770236, Spread: 34.039402
Epoch 592/600, Total: 1351.052211, Node: 897.342048, Link: 453.332059, Spread: 37.808645
Epoch 593/600, Total: 1388.276161, Node: 903.818906, Link: 484.087598, Spread: 36.965511
Epoch 594/600, Total: 1374.025771, Node: 906.027856, Link: 467.624341, Spread: 37.358202
Epoch 595/600, Total: 1439.586439, Node: 925.003759, Link: 514.200544, Spread: 38.213764
Epoch 596/600, Total: 1388.819132, Node: 909.300899, Link: 479.125395, Spread: 39.284709
Epoch 597/600, Total: 1444.406037, Node: 920.324327, Link: 523.679704, Spread: 40.202124
Epoch 598/600, Total: 1383.959075, Node: 918.768195, Link: 464.765706, Spread: 42.520423
Epoch 599/600, Total: 1364.116998, Node: 900.318830, Link: 463.345123, Spread: 45.303914
Epoch 600/600, Total: 1576.937042, Node: 971.872909, Link: 604.620795, Spread: 44.333222
Saved sweep result to: /homes/dameyer/ml-for-wdn-project-4/results/aggregated/gnn_training_sweep/net1_buffer=25_rollout=15_seed=42.json
Table value: 971.872909
