Filter:    enkf
Job:       241178
Array ID:  16
Seed:      58
Host:      assistant-3.GPU.CIT-EC.NET
Dataset:   hanoi

Running Hanoi GNN EnKF: 24 sensor counts × 1 sensor placements
2 sensors/type: 1.3541 ± 0.3495
3 sensors/type: 1.2670 ± 0.3521
4 sensors/type: 1.0581 ± 0.2613
5 sensors/type: 1.0508 ± 0.2844
6 sensors/type: 1.0179 ± 0.2634
7 sensors/type: 1.0250 ± 0.2644
8 sensors/type: 1.0353 ± 0.2951
9 sensors/type: 0.9704 ± 0.2330
10 sensors/type: 0.9664 ± 0.2637
11 sensors/type: 0.9790 ± 0.2631
12 sensors/type: 0.9679 ± 0.2586
13 sensors/type: 0.9649 ± 0.2407
14 sensors/type: 0.9190 ± 0.2579
15 sensors/type: 0.8857 ± 0.2506
16 sensors/type: 0.9225 ± 0.2551
17 sensors/type: 0.8857 ± 0.2510
18 sensors/type: 0.8521 ± 0.2154
19 sensors/type: 0.8695 ± 0.2291
20 sensors/type: 0.8624 ± 0.2447
21 sensors/type: 0.8506 ± 0.2372
22 sensors/type: 0.8696 ± 0.2316
23 sensors/type: 0.8416 ± 0.2287
24 sensors/type: 0.8485 ± 0.2457
25 sensors/type: 0.8570 ± 0.2484
Saved gnn EnKF result to: /homes/dameyer/ml-for-wdn-project-4/results/aggregated/hanoi_gnn_enkf_n_iters=1_ensemble_size=50_seed=58.npz
