================================
GNN training sweep
Job ID: 242672
Task ID: 8
Buffer size: 5
Rollout length: 10
================================
Running GNN sweep: dataset=Net1, buffer=5, rollout=10
Epoch 1/600, Total: 2839.956860, Node: 1471.400177, Link: 1366.541814, Spread: 201.487680
Epoch 2/600, Total: 1947.490731, Node: 1201.940899, Link: 743.487149, Spread: 206.269097
Epoch 3/600, Total: 1888.736832, Node: 1148.807286, Link: 738.150759, Spread: 177.878446
Epoch 4/600, Total: 1846.434406, Node: 1110.262183, Link: 734.654919, Spread: 151.731140
Epoch 5/600, Total: 1817.887934, Node: 1082.173238, Link: 734.391358, Spread: 132.334809
Epoch 6/600, Total: 1808.054078, Node: 1071.127581, Link: 735.750955, Spread: 117.553940
Epoch 7/600, Total: 1792.505254, Node: 1056.815249, Link: 734.644077, Spread: 104.591834
Epoch 8/600, Total: 1772.427678, Node: 1041.927705, Link: 729.570937, Spread: 92.903098
Epoch 9/600, Total: 1756.778055, Node: 1031.928183, Link: 724.035884, Spread: 81.398242
Epoch 10/600, Total: 1746.487319, Node: 1023.450056, Link: 722.309378, Spread: 72.788998
Epoch 11/600, Total: 1746.094540, Node: 1029.056326, Link: 716.382848, Spread: 65.535858
Epoch 12/600, Total: 1734.906354, Node: 1021.555612, Link: 712.768748, Spread: 58.199562
Epoch 13/600, Total: 1713.105561, Node: 1008.958283, Link: 703.623649, Spread: 52.362436
Epoch 14/600, Total: 1717.919958, Node: 1010.790559, Link: 706.649782, Spread: 47.960860
Epoch 15/600, Total: 1704.697517, Node: 1003.117450, Link: 701.149556, Spread: 43.051503
Epoch 16/600, Total: 1710.528899, Node: 1002.395220, Link: 707.737535, Spread: 39.614819
Epoch 17/600, Total: 1698.727375, Node: 995.420094, Link: 702.946786, Spread: 36.049292
Epoch 18/600, Total: 1699.795093, Node: 992.354216, Link: 707.117105, Spread: 32.378762
Epoch 19/600, Total: 1716.539178, Node: 1002.659581, Link: 713.593891, Spread: 28.569906
Epoch 20/600, Total: 1713.726718, Node: 1007.609715, Link: 705.872365, Spread: 24.462217
Epoch 21/600, Total: 1719.048421, Node: 1000.274323, Link: 718.552098, Spread: 22.200766
Epoch 22/600, Total: 1692.650105, Node: 998.443012, Link: 694.014036, Spread: 19.305484
Epoch 23/600, Total: 1712.841138, Node: 1013.874423, Link: 698.792716, Spread: 17.398824
Epoch 24/600, Total: 1688.292298, Node: 995.793174, Link: 692.335307, Spread: 16.379430
Epoch 25/600, Total: 1692.655516, Node: 1004.356563, Link: 688.145211, Spread: 15.375694
Epoch 26/600, Total: 1685.673503, Node: 1000.047622, Link: 685.483450, Spread: 14.242299
Epoch 27/600, Total: 1675.553832, Node: 983.761623, Link: 691.660988, Spread: 13.121587
Epoch 28/600, Total: 1678.681977, Node: 988.029798, Link: 690.531591, Spread: 12.059662
Epoch 29/600, Total: 1662.509409, Node: 978.199425, Link: 684.200789, Spread: 10.919879
Epoch 30/600, Total: 1654.064276, Node: 972.834034, Link: 681.135105, Spread: 9.514317
Epoch 31/600, Total: 1680.828980, Node: 993.189146, Link: 687.552031, Spread: 8.780294
Epoch 32/600, Total: 1650.280550, Node: 973.467987, Link: 676.735314, Spread: 7.726398
Epoch 33/600, Total: 1659.782550, Node: 976.392250, Link: 683.319072, Spread: 7.122187
Epoch 34/600, Total: 1732.999331, Node: 1047.217103, Link: 685.721284, Spread: 6.093694
Epoch 35/600, Total: 1825.830484, Node: 1109.819613, Link: 715.958348, Spread: 5.252348
Epoch 36/600, Total: 1833.436868, Node: 1099.828490, Link: 733.570537, Spread: 3.782851
Epoch 37/600, Total: 1835.033594, Node: 1104.735498, Link: 730.270123, Spread: 2.795957
Epoch 38/600, Total: 1834.419522, Node: 1101.851265, Link: 732.546330, Spread: 2.193035
Epoch 39/600, Total: 1832.239672, Node: 1100.126682, Link: 732.095404, Spread: 1.757635
Epoch 40/600, Total: 1831.213378, Node: 1098.992922, Link: 732.206068, Spread: 1.438288
Epoch 41/600, Total: 1830.507229, Node: 1098.612358, Link: 731.882766, Spread: 1.210266
Epoch 42/600, Total: 1826.940732, Node: 1096.861014, Link: 730.069169, Spread: 1.055769
Epoch 43/600, Total: 1823.022758, Node: 1094.242141, Link: 728.771086, Spread: 0.953762
Epoch 44/600, Total: 1821.241516, Node: 1093.200937, Link: 728.031712, Spread: 0.886358
Epoch 45/600, Total: 1820.214001, Node: 1092.599895, Link: 727.605663, Spread: 0.842964
Epoch 46/600, Total: 1819.180128, Node: 1091.947906, Link: 727.224040, Spread: 0.817751
Epoch 47/600, Total: 1818.126900, Node: 1091.216374, Link: 726.902479, Spread: 0.806534
Epoch 48/600, Total: 1814.988285, Node: 1099.258955, Link: 715.721279, Spread: 0.807045
Epoch 49/600, Total: 1781.534278, Node: 1090.955704, Link: 690.570309, Spread: 0.824999
Epoch 50/600, Total: 1786.697384, Node: 1081.897129, Link: 704.791852, Spread: 0.838343
Epoch 51/600, Total: 1817.579416, Node: 1090.888050, Link: 726.682891, Spread: 0.846346
Epoch 52/600, Total: 1798.425808, Node: 1093.945523, Link: 704.471768, Spread: 0.852305
Epoch 53/600, Total: 1786.202748, Node: 1082.703438, Link: 703.490559, Spread: 0.874521
Epoch 54/600, Total: 1817.020776, Node: 1090.666096, Link: 726.345748, Spread: 0.893246
Epoch 55/600, Total: 1818.141222, Node: 1091.225970, Link: 726.906129, Spread: 0.913478
Epoch 56/600, Total: 1784.072475, Node: 1098.133781, Link: 685.929522, Spread: 0.917113
Epoch 57/600, Total: 1768.983179, Node: 1090.700603, Link: 678.272622, Spread: 0.996385
Epoch 58/600, Total: 1767.717341, Node: 1088.301707, Link: 679.404742, Spread: 1.088694
Epoch 59/600, Total: 1761.561201, Node: 1086.067006, Link: 675.482382, Spread: 1.181464
Epoch 60/600, Total: 1774.519665, Node: 1092.691696, Link: 681.815553, Spread: 1.239765
Epoch 61/600, Total: 1762.605202, Node: 1078.407338, Link: 684.184778, Spread: 1.307877
Epoch 62/600, Total: 1777.881428, Node: 1093.729531, Link: 684.137981, Spread: 1.391442
Epoch 63/600, Total: 1778.662234, Node: 1093.446511, Link: 685.201130, Spread: 1.458745
Epoch 64/600, Total: 1769.972342, Node: 1085.800327, Link: 684.157177, Spread: 1.485395
Epoch 65/600, Total: 1765.732532, Node: 1081.895394, Link: 683.822313, Spread: 1.483020
Epoch 66/600, Total: 1757.708514, Node: 1078.897765, Link: 678.796153, Spread: 1.458224
Epoch 67/600, Total: 1762.630357, Node: 1083.982080, Link: 678.633692, Spread: 1.458190
Epoch 68/600, Total: 1754.269377, Node: 1078.349001, Link: 675.905787, Spread: 1.459074
Epoch 69/600, Total: 1756.396616, Node: 1076.258332, Link: 680.123717, Spread: 1.457722
Epoch 70/600, Total: 1749.116854, Node: 1066.658964, Link: 682.442962, Spread: 1.491672
Epoch 71/600, Total: 1730.033825, Node: 1050.464858, Link: 679.554047, Spread: 1.493203
Epoch 72/600, Total: 1724.123909, Node: 1051.200172, Link: 672.908374, Spread: 1.537499
Epoch 73/600, Total: 1727.322446, Node: 1050.432553, Link: 676.874259, Spread: 1.562726
Epoch 74/600, Total: 1725.751644, Node: 1048.810327, Link: 676.925617, Spread: 1.569226
Epoch 75/600, Total: 1717.007095, Node: 1044.356871, Link: 672.634160, Spread: 1.606934
Epoch 76/600, Total: 1725.282093, Node: 1047.862107, Link: 677.403625, Spread: 1.636537
Epoch 77/600, Total: 1705.764951, Node: 1037.491515, Link: 668.256944, Spread: 1.650800
Epoch 78/600, Total: 1707.006599, Node: 1037.666703, Link: 669.323396, Spread: 1.649150
Epoch 79/600, Total: 1715.749725, Node: 1043.741194, Link: 671.992003, Spread: 1.653857
Epoch 80/600, Total: 1728.246204, Node: 1047.893571, Link: 680.335990, Spread: 1.664815
Epoch 81/600, Total: 1709.783375, Node: 1035.792660, Link: 673.973932, Spread: 1.678935
Epoch 82/600, Total: 1715.996636, Node: 1034.840571, Link: 681.138980, Spread: 1.707765
Epoch 83/600, Total: 1700.467915, Node: 1028.226086, Link: 672.224336, Spread: 1.750457
Epoch 84/600, Total: 1691.555790, Node: 1022.141323, Link: 669.396670, Spread: 1.781339
Epoch 85/600, Total: 1700.548302, Node: 1020.689555, Link: 679.840247, Spread: 1.850462
Epoch 86/600, Total: 1706.972014, Node: 1028.296405, Link: 678.656921, Spread: 1.870048
Epoch 87/600, Total: 1702.580002, Node: 1026.422524, Link: 676.139032, Spread: 1.844283
Epoch 88/600, Total: 1683.572297, Node: 1014.936530, Link: 668.617418, Spread: 1.833060
Epoch 89/600, Total: 1704.522533, Node: 1028.783854, Link: 675.720296, Spread: 1.837739
Epoch 90/600, Total: 1688.966048, Node: 1018.098124, Link: 670.849464, Spread: 1.847335
Epoch 91/600, Total: 1690.939382, Node: 1015.115996, Link: 675.804846, Spread: 1.853625
Epoch 92/600, Total: 1683.873626, Node: 1012.136956, Link: 671.717933, Spread: 1.870842
Epoch 93/600, Total: 1696.683481, Node: 1020.262031, Link: 676.402461, Spread: 1.897322
Epoch 94/600, Total: 1686.804422, Node: 1015.838186, Link: 670.947366, Spread: 1.888032
Epoch 95/600, Total: 1704.641056, Node: 1019.590263, Link: 685.031526, Spread: 1.925461
Epoch 96/600, Total: 1701.767366, Node: 1017.492461, Link: 684.255745, Spread: 1.916417
Epoch 97/600, Total: 1714.455122, Node: 1028.198883, Link: 686.237075, Spread: 1.915586
Epoch 98/600, Total: 1688.070233, Node: 1012.906389, Link: 675.144521, Spread: 1.932037
Epoch 99/600, Total: 1720.386919, Node: 1031.667896, Link: 688.701381, Spread: 1.764637
Epoch 100/600, Total: 1706.863519, Node: 1028.337643, Link: 678.508372, Spread: 1.750226
Epoch 101/600, Total: 1705.789917, Node: 1020.651568, Link: 685.121183, Spread: 1.717020
Epoch 102/600, Total: 1739.795843, Node: 1042.473490, Link: 697.305528, Spread: 1.681844
Epoch 103/600, Total: 1706.079643, Node: 1014.649355, Link: 691.413126, Spread: 1.717402
Epoch 104/600, Total: 1710.177137, Node: 1020.790138, Link: 689.369768, Spread: 1.723265
Epoch 105/600, Total: 1695.247728, Node: 1015.538118, Link: 679.692706, Spread: 1.691291
Epoch 106/600, Total: 1697.906649, Node: 1020.493186, Link: 677.396527, Spread: 1.693276
Epoch 107/600, Total: 1684.673317, Node: 1012.546251, Link: 672.110090, Spread: 1.698742
Epoch 108/600, Total: 1690.449637, Node: 1017.879678, Link: 672.552834, Spread: 1.713863
Epoch 109/600, Total: 1683.724084, Node: 1013.716694, Link: 669.989997, Spread: 1.740236
Epoch 110/600, Total: 1694.918783, Node: 1011.676566, Link: 683.224512, Spread: 1.769762
Epoch 111/600, Total: 1676.263485, Node: 1012.871709, Link: 663.374272, Spread: 1.750770
Epoch 112/600, Total: 1668.271386, Node: 997.382584, Link: 670.870826, Spread: 1.797079
Epoch 113/600, Total: 1687.926696, Node: 1005.280392, Link: 682.628993, Spread: 1.731889
Epoch 114/600, Total: 1679.379612, Node: 1006.417984, Link: 672.944253, Spread: 1.737393
Epoch 115/600, Total: 1663.404625, Node: 1000.503928, Link: 662.883284, Spread: 1.741315
Epoch 116/600, Total: 1682.366756, Node: 1009.254506, Link: 673.094883, Spread: 1.738249
Epoch 117/600, Total: 1670.598489, Node: 999.042933, Link: 671.538188, Spread: 1.736736
Epoch 118/600, Total: 1661.053552, Node: 1003.337954, Link: 657.697926, Spread: 1.768273
Epoch 119/600, Total: 1645.118238, Node: 991.867755, Link: 653.232836, Spread: 1.765131
Epoch 120/600, Total: 1636.799118, Node: 987.598854, Link: 649.182840, Spread: 1.742873
Epoch 121/600, Total: 1623.200330, Node: 979.159915, Link: 644.022894, Spread: 1.750597
Epoch 122/600, Total: 1626.178769, Node: 980.599843, Link: 645.561267, Spread: 1.763142
Epoch 123/600, Total: 1627.676503, Node: 980.642614, Link: 647.016426, Spread: 1.747101
Epoch 124/600, Total: 1625.141206, Node: 979.478743, Link: 645.645005, Spread: 1.746592
Epoch 125/600, Total: 1623.237720, Node: 983.014007, Link: 640.206269, Spread: 1.745047
Epoch 126/600, Total: 1618.117087, Node: 981.098834, Link: 637.001054, Spread: 1.718671
Epoch 127/600, Total: 1622.693368, Node: 985.833148, Link: 636.843053, Spread: 1.715954
Epoch 128/600, Total: 1635.101130, Node: 987.953924, Link: 647.130328, Spread: 1.689643
Epoch 129/600, Total: 1613.648815, Node: 979.467418, Link: 634.164014, Spread: 1.737967
Epoch 130/600, Total: 1624.952079, Node: 985.976838, Link: 638.958621, Spread: 1.662029
Epoch 131/600, Total: 1617.911359, Node: 986.097080, Link: 631.797578, Spread: 1.669126
Epoch 132/600, Total: 1611.737753, Node: 978.544661, Link: 633.176394, Spread: 1.669382
Epoch 133/600, Total: 1615.897841, Node: 980.448604, Link: 635.432609, Spread: 1.663328
Epoch 134/600, Total: 1610.369055, Node: 977.625518, Link: 632.727293, Spread: 1.625579
Epoch 135/600, Total: 1609.278748, Node: 979.458929, Link: 629.803629, Spread: 1.621426
Epoch 136/600, Total: 1629.961622, Node: 983.241778, Link: 646.703942, Spread: 1.590232
Epoch 137/600, Total: 1608.195787, Node: 980.100756, Link: 628.078853, Spread: 1.618603
Epoch 138/600, Total: 1603.807019, Node: 976.996028, Link: 626.795015, Spread: 1.597536
Epoch 139/600, Total: 1601.060167, Node: 971.704339, Link: 629.339873, Spread: 1.596504
Epoch 140/600, Total: 1610.772983, Node: 980.733217, Link: 630.024065, Spread: 1.570309
Epoch 141/600, Total: 1598.617752, Node: 976.826688, Link: 621.775428, Spread: 1.563648
Epoch 142/600, Total: 1598.797374, Node: 976.975159, Link: 621.806706, Spread: 1.550019
Epoch 143/600, Total: 1602.071554, Node: 979.576721, Link: 622.479159, Spread: 1.566955
Epoch 144/600, Total: 1598.785584, Node: 967.839469, Link: 630.930599, Spread: 1.551935
Epoch 145/600, Total: 1601.436744, Node: 975.389798, Link: 626.031540, Spread: 1.540280
Epoch 146/600, Total: 1596.423660, Node: 975.984737, Link: 620.423353, Spread: 1.557267
Epoch 147/600, Total: 1620.460894, Node: 983.666926, Link: 636.778565, Spread: 1.539421
Epoch 148/600, Total: 1601.373661, Node: 977.070983, Link: 624.287417, Spread: 1.526445
Epoch 149/600, Total: 1603.783180, Node: 975.753728, Link: 628.014501, Spread: 1.495814
Epoch 150/600, Total: 1591.626666, Node: 974.159545, Link: 617.451968, Spread: 1.516108
Epoch 151/600, Total: 1601.299723, Node: 979.620776, Link: 621.664154, Spread: 1.478334
Epoch 152/600, Total: 1592.043056, Node: 974.698533, Link: 617.329834, Spread: 1.469066
Epoch 153/600, Total: 1622.787909, Node: 1001.550722, Link: 621.222835, Spread: 1.433174
Epoch 154/600, Total: 1608.796130, Node: 991.154682, Link: 617.627511, Spread: 1.393888
Epoch 155/600, Total: 1582.708872, Node: 969.231693, Link: 613.462549, Spread: 1.462615
Epoch 156/600, Total: 1592.267942, Node: 970.685657, Link: 621.567493, Spread: 1.479872
Epoch 157/600, Total: 1593.275825, Node: 972.344883, Link: 620.916768, Spread: 1.417676
Epoch 158/600, Total: 1610.050596, Node: 981.749049, Link: 628.287981, Spread: 1.357489
Epoch 159/600, Total: 1600.944236, Node: 972.516507, Link: 628.414297, Spread: 1.342951
Epoch 160/600, Total: 1598.642186, Node: 975.830518, Link: 622.798099, Spread: 1.357003
Epoch 161/600, Total: 1589.263558, Node: 971.351261, Link: 617.898593, Spread: 1.369053
Epoch 162/600, Total: 1588.841497, Node: 967.212874, Link: 621.614423, Spread: 1.418087
Epoch 163/600, Total: 1603.953639, Node: 979.153292, Link: 624.786148, Spread: 1.418602
Epoch 164/600, Total: 1586.399348, Node: 968.392912, Link: 617.992364, Spread: 1.406750
Epoch 165/600, Total: 1582.369897, Node: 969.737324, Link: 612.618316, Spread: 1.426110
Epoch 166/600, Total: 1569.693022, Node: 961.217664, Link: 608.461422, Spread: 1.393216
Epoch 167/600, Total: 1583.126822, Node: 964.278812, Link: 618.834250, Spread: 1.376508
Epoch 168/600, Total: 1593.721384, Node: 974.066104, Link: 619.641636, Spread: 1.364554
Epoch 169/600, Total: 1582.921536, Node: 967.936973, Link: 614.970799, Spread: 1.376297
Epoch 170/600, Total: 1570.875376, Node: 961.495558, Link: 609.365811, Spread: 1.399173
Epoch 171/600, Total: 1589.204740, Node: 966.386628, Link: 622.804198, Spread: 1.390715
Epoch 172/600, Total: 1581.683521, Node: 966.166365, Link: 615.503312, Spread: 1.383203
Epoch 173/600, Total: 1570.986680, Node: 964.570406, Link: 606.402549, Spread: 1.373453
Epoch 174/600, Total: 1609.314716, Node: 994.261281, Link: 615.039500, Spread: 1.392338
Epoch 175/600, Total: 1565.792624, Node: 958.665032, Link: 607.113813, Spread: 1.378885
Epoch 176/600, Total: 1582.880101, Node: 969.132405, Link: 613.733961, Spread: 1.374535
Epoch 177/600, Total: 1574.979259, Node: 963.235460, Link: 611.729677, Spread: 1.412198
Epoch 178/600, Total: 1582.854992, Node: 970.318181, Link: 612.523124, Spread: 1.368154
Epoch 179/600, Total: 1564.809745, Node: 957.183911, Link: 607.611923, Spread: 1.391380
Epoch 180/600, Total: 1586.375629, Node: 970.214404, Link: 616.147616, Spread: 1.360332
Epoch 181/600, Total: 1599.705348, Node: 976.145275, Link: 623.546414, Spread: 1.365061
Epoch 182/600, Total: 1559.987495, Node: 954.714490, Link: 605.259509, Spread: 1.349658
Epoch 183/600, Total: 1572.508692, Node: 968.170705, Link: 604.324295, Spread: 1.369118
Epoch 184/600, Total: 1576.616410, Node: 967.062014, Link: 609.540932, Spread: 1.346843
Epoch 185/600, Total: 1569.286696, Node: 964.395353, Link: 604.877775, Spread: 1.356881
Epoch 186/600, Total: 1584.748703, Node: 975.567562, Link: 609.167490, Spread: 1.365523
Epoch 187/600, Total: 1586.107546, Node: 960.932394, Link: 625.161416, Spread: 1.374585
Epoch 188/600, Total: 1613.974896, Node: 976.860285, Link: 637.100875, Spread: 1.373896
Epoch 189/600, Total: 1580.608316, Node: 966.389340, Link: 614.205597, Spread: 1.338724
Epoch 190/600, Total: 1572.369565, Node: 965.829274, Link: 606.526857, Spread: 1.342993
Epoch 191/600, Total: 1570.074175, Node: 970.685375, Link: 599.375299, Spread: 1.349305
Epoch 192/600, Total: 1576.886525, Node: 965.688921, Link: 611.184670, Spread: 1.292541
Epoch 193/600, Total: 1806.478409, Node: 1125.285476, Link: 681.182772, Spread: 1.015059
Epoch 194/600, Total: 1746.628274, Node: 1074.192939, Link: 672.424759, Spread: 1.056792
Epoch 195/600, Total: 1745.307778, Node: 1072.662743, Link: 672.634246, Spread: 1.079743
Epoch 196/600, Total: 1724.809122, Node: 1057.048595, Link: 667.750132, Spread: 1.039505
Epoch 197/600, Total: 1701.836300, Node: 1041.288221, Link: 660.537286, Spread: 1.081242
Epoch 198/600, Total: 1715.836204, Node: 1054.491056, Link: 661.332167, Spread: 1.297379
Epoch 199/600, Total: 1693.762847, Node: 1039.863346, Link: 653.887200, Spread: 1.229007
Epoch 200/600, Total: 1699.575651, Node: 1044.717726, Link: 654.845032, Spread: 1.289187
Epoch 201/600, Total: 1706.370960, Node: 1043.447071, Link: 662.911476, Spread: 1.240613
Epoch 202/600, Total: 1691.871776, Node: 1036.036822, Link: 655.821782, Spread: 1.316230
Epoch 203/600, Total: 1694.841486, Node: 1035.309081, Link: 659.519283, Spread: 1.312158
Epoch 204/600, Total: 1691.515850, Node: 1023.039040, Link: 668.464869, Spread: 1.194677
Epoch 205/600, Total: 1653.182050, Node: 1013.466681, Link: 639.705305, Spread: 1.007393
Epoch 206/600, Total: 1658.365371, Node: 1007.077369, Link: 651.278094, Spread: 0.991570
Epoch 207/600, Total: 1652.979193, Node: 1012.277130, Link: 640.691855, Spread: 1.020533
Epoch 208/600, Total: 1643.689477, Node: 1004.834028, Link: 638.845095, Spread: 1.038351
Epoch 209/600, Total: 1647.760172, Node: 1006.017907, Link: 641.731843, Spread: 1.042444
Epoch 210/600, Total: 1641.608371, Node: 1008.974088, Link: 632.623561, Spread: 1.070742
Epoch 211/600, Total: 1635.187351, Node: 1001.206806, Link: 633.969865, Spread: 1.068819
Epoch 212/600, Total: 1634.738673, Node: 1002.449338, Link: 632.278614, Spread: 1.072267
Epoch 213/600, Total: 1637.246458, Node: 1002.909131, Link: 634.326627, Spread: 1.069828
Epoch 214/600, Total: 1625.990752, Node: 997.954391, Link: 628.026060, Spread: 1.029692
Epoch 215/600, Total: 1628.154354, Node: 996.983937, Link: 631.160488, Spread: 0.993567
Epoch 216/600, Total: 1626.319542, Node: 997.736870, Link: 628.572642, Spread: 1.002320
Epoch 217/600, Total: 1620.784078, Node: 996.544597, Link: 624.229815, Spread: 0.965830
Epoch 218/600, Total: 1624.666464, Node: 999.998896, Link: 624.658092, Spread: 0.947086
Epoch 219/600, Total: 1619.364846, Node: 997.731869, Link: 621.623529, Spread: 0.944747
Epoch 220/600, Total: 1609.025873, Node: 989.183983, Link: 619.832674, Spread: 0.922016
Epoch 221/600, Total: 1609.611766, Node: 987.000876, Link: 622.601199, Spread: 0.966878
Epoch 222/600, Total: 1608.637363, Node: 988.829517, Link: 619.797881, Spread: 0.997210
Epoch 223/600, Total: 1612.481431, Node: 992.091980, Link: 620.379981, Spread: 0.947664
Epoch 224/600, Total: 1599.484167, Node: 986.355560, Link: 613.119442, Spread: 0.917337
Epoch 225/600, Total: 1592.103120, Node: 980.655640, Link: 611.438253, Spread: 0.922417
Epoch 226/600, Total: 1608.066612, Node: 990.307084, Link: 617.750214, Spread: 0.931586
Epoch 227/600, Total: 1608.854251, Node: 993.281646, Link: 615.563560, Spread: 0.904227
Epoch 228/600, Total: 1600.458884, Node: 989.153639, Link: 611.296079, Spread: 0.916715
Epoch 229/600, Total: 1599.680190, Node: 987.008510, Link: 612.662712, Spread: 0.898664
Epoch 230/600, Total: 1615.834595, Node: 991.252736, Link: 624.572728, Spread: 0.913017
Epoch 231/600, Total: 1597.807207, Node: 991.047131, Link: 606.750831, Spread: 0.923561
Epoch 232/600, Total: 1600.645654, Node: 989.315174, Link: 611.321110, Spread: 0.935906
Epoch 233/600, Total: 1594.941761, Node: 985.351188, Link: 609.581397, Spread: 0.915868
Epoch 234/600, Total: 1612.424152, Node: 995.492450, Link: 616.922535, Spread: 0.917313
Epoch 235/600, Total: 1599.968339, Node: 986.573919, Link: 613.385194, Spread: 0.921788
Epoch 236/600, Total: 1594.128701, Node: 989.292741, Link: 604.826547, Spread: 0.941251
Epoch 237/600, Total: 1596.081316, Node: 983.096652, Link: 612.975383, Spread: 0.927105
Epoch 238/600, Total: 1604.461163, Node: 991.583584, Link: 612.868261, Spread: 0.930576
Epoch 239/600, Total: 1600.203810, Node: 984.073964, Link: 616.120684, Spread: 0.916056
Epoch 240/600, Total: 1593.014788, Node: 982.753090, Link: 610.252485, Spread: 0.921295
Epoch 241/600, Total: 1607.663958, Node: 990.576282, Link: 617.078499, Spread: 0.917690
Epoch 242/600, Total: 1594.184477, Node: 988.178176, Link: 605.996926, Spread: 0.936070
Epoch 243/600, Total: 1596.057192, Node: 992.628440, Link: 603.419340, Spread: 0.940466
Epoch 244/600, Total: 1608.651671, Node: 997.996055, Link: 610.646237, Spread: 0.937534
Epoch 245/600, Total: 1608.768362, Node: 993.138095, Link: 615.620950, Spread: 0.931191
Epoch 246/600, Total: 1579.725715, Node: 978.390457, Link: 601.326016, Spread: 0.924732
Epoch 247/600, Total: 1622.651584, Node: 1006.256431, Link: 616.385881, Spread: 0.926896
Epoch 248/600, Total: 1598.498875, Node: 987.688401, Link: 610.801274, Spread: 0.919238
Epoch 249/600, Total: 1597.137180, Node: 989.870258, Link: 607.257524, Spread: 0.938350
Epoch 250/600, Total: 1589.365251, Node: 981.344350, Link: 608.011718, Spread: 0.916572
Epoch 251/600, Total: 1597.604553, Node: 987.145476, Link: 610.449805, Spread: 0.927849
Epoch 252/600, Total: 1597.824185, Node: 983.485617, Link: 614.328996, Spread: 0.956001
Epoch 253/600, Total: 1585.216978, Node: 979.006674, Link: 606.201101, Spread: 0.920319
Epoch 254/600, Total: 1598.205855, Node: 991.115951, Link: 607.080631, Spread: 0.928743
Epoch 255/600, Total: 1598.873545, Node: 985.272568, Link: 613.591811, Spread: 0.916982
Epoch 256/600, Total: 1593.846732, Node: 976.563973, Link: 617.273863, Spread: 0.888853
Epoch 257/600, Total: 1590.597116, Node: 981.439323, Link: 609.148827, Spread: 0.897071
Epoch 258/600, Total: 1593.751247, Node: 981.234822, Link: 612.507508, Spread: 0.892415
Epoch 259/600, Total: 1578.813770, Node: 976.749943, Link: 602.054764, Spread: 0.906023
Epoch 260/600, Total: 1592.977996, Node: 985.340626, Link: 607.628350, Spread: 0.900602
Epoch 261/600, Total: 1584.925867, Node: 978.677539, Link: 606.239340, Spread: 0.898361
Epoch 262/600, Total: 1587.122831, Node: 986.715490, Link: 600.398487, Spread: 0.887532
Epoch 263/600, Total: 1579.420897, Node: 979.063574, Link: 600.348223, Spread: 0.909926
Epoch 264/600, Total: 1607.391352, Node: 986.964494, Link: 620.417975, Spread: 0.886514
Epoch 265/600, Total: 1580.159369, Node: 974.747842, Link: 605.402684, Spread: 0.885175
Epoch 266/600, Total: 1590.881827, Node: 981.630098, Link: 609.242875, Spread: 0.885336
Epoch 267/600, Total: 1584.890164, Node: 976.834105, Link: 608.047148, Spread: 0.892064
Epoch 268/600, Total: 1588.120056, Node: 987.134007, Link: 600.977174, Spread: 0.888077
Epoch 269/600, Total: 1595.863748, Node: 984.741939, Link: 611.112949, Spread: 0.885700
Epoch 270/600, Total: 1577.168213, Node: 977.308767, Link: 599.850629, Spread: 0.882192
Epoch 271/600, Total: 1592.515450, Node: 984.217114, Link: 608.289595, Spread: 0.874395
Epoch 272/600, Total: 1598.447496, Node: 988.349249, Link: 610.089593, Spread: 0.866464
Epoch 273/600, Total: 1590.497487, Node: 979.884759, Link: 610.604128, Spread: 0.859889
Epoch 274/600, Total: 1603.839656, Node: 979.278499, Link: 624.552589, Spread: 0.856324
Epoch 275/600, Total: 1587.972919, Node: 987.485072, Link: 600.479263, Spread: 0.858842
Epoch 276/600, Total: 1593.160674, Node: 989.876872, Link: 603.275169, Spread: 0.863289
Epoch 277/600, Total: 1590.121128, Node: 979.701250, Link: 610.411296, Spread: 0.859850
Epoch 278/600, Total: 1598.287409, Node: 983.639787, Link: 614.639063, Spread: 0.855847
Epoch 279/600, Total: 1592.341905, Node: 978.217795, Link: 614.115832, Spread: 0.827042
Epoch 280/600, Total: 1591.693937, Node: 982.328581, Link: 609.357131, Spread: 0.823625
Epoch 281/600, Total: 1580.534627, Node: 976.591366, Link: 603.934814, Spread: 0.843146
Epoch 282/600, Total: 1584.159079, Node: 980.034401, Link: 604.116175, Spread: 0.847487
Epoch 283/600, Total: 1586.746111, Node: 980.271794, Link: 606.465957, Spread: 0.836697
Epoch 284/600, Total: 1592.170413, Node: 985.596298, Link: 606.565762, Spread: 0.835531
Epoch 285/600, Total: 1591.190651, Node: 977.749302, Link: 613.432913, Spread: 0.844339
Epoch 286/600, Total: 1602.947979, Node: 987.596003, Link: 615.343724, Spread: 0.826158
Epoch 287/600, Total: 1592.444515, Node: 973.722996, Link: 618.713377, Spread: 0.812905
Epoch 288/600, Total: 1589.205293, Node: 977.133739, Link: 612.063410, Spread: 0.813329
Epoch 289/600, Total: 1594.974770, Node: 978.832531, Link: 616.134245, Spread: 0.801039
Epoch 290/600, Total: 1592.770774, Node: 978.231207, Link: 614.531508, Spread: 0.806087
Epoch 291/600, Total: 1603.205735, Node: 977.020091, Link: 626.177731, Spread: 0.791591
Epoch 292/600, Total: 1591.929078, Node: 980.641443, Link: 611.279850, Spread: 0.779181
Epoch 293/600, Total: 1595.694007, Node: 981.229778, Link: 614.456492, Spread: 0.772812
Epoch 294/600, Total: 1572.136521, Node: 970.707269, Link: 601.421473, Spread: 0.777252
Epoch 295/600, Total: 1591.137751, Node: 972.539467, Link: 618.590522, Spread: 0.776089
Epoch 296/600, Total: 1596.086369, Node: 985.274468, Link: 610.803984, Spread: 0.792432
Epoch 297/600, Total: 1580.003294, Node: 974.923621, Link: 605.072039, Spread: 0.764117
Epoch 298/600, Total: 1599.836055, Node: 990.361876, Link: 609.466440, Spread: 0.773674
Epoch 299/600, Total: 1605.030748, Node: 986.884686, Link: 618.138472, Spread: 0.759663
Epoch 300/600, Total: 1600.132250, Node: 984.448657, Link: 615.676002, Spread: 0.757865
Epoch 301/600, Total: 1597.762408, Node: 983.989428, Link: 613.765523, Spread: 0.747445
Epoch 302/600, Total: 1614.185093, Node: 987.838021, Link: 626.339542, Spread: 0.753352
Epoch 303/600, Total: 1579.143078, Node: 977.570879, Link: 601.564473, Spread: 0.771875
Epoch 304/600, Total: 1593.800467, Node: 977.281441, Link: 616.511651, Spread: 0.738337
Epoch 305/600, Total: 1592.015845, Node: 976.688760, Link: 615.319712, Spread: 0.736670
Epoch 306/600, Total: 1579.351126, Node: 973.348630, Link: 605.995131, Spread: 0.738569
Epoch 307/600, Total: 1585.538640, Node: 971.533963, Link: 613.997490, Spread: 0.719824
Epoch 308/600, Total: 1607.129158, Node: 978.315377, Link: 628.806555, Spread: 0.721971
Epoch 309/600, Total: 1570.478215, Node: 970.443616, Link: 600.027146, Spread: 0.744037
Epoch 310/600, Total: 1593.487451, Node: 980.794320, Link: 612.685892, Spread: 0.724415
Epoch 311/600, Total: 1577.156082, Node: 972.815753, Link: 604.333005, Spread: 0.732435
Epoch 312/600, Total: 1587.659576, Node: 982.338819, Link: 605.313326, Spread: 0.742667
Epoch 313/600, Total: 1579.231000, Node: 972.470730, Link: 606.752895, Spread: 0.738158
Epoch 314/600, Total: 1563.591406, Node: 963.823410, Link: 599.760513, Spread: 0.747379
Epoch 315/600, Total: 1585.332835, Node: 960.099661, Link: 625.225613, Spread: 0.757561
Epoch 316/600, Total: 1595.435957, Node: 973.374742, Link: 622.053640, Spread: 0.756215
Epoch 317/600, Total: 1601.872890, Node: 977.312206, Link: 624.553067, Spread: 0.759614
Epoch 318/600, Total: 1593.478460, Node: 968.958632, Link: 624.512257, Spread: 0.757527
Epoch 319/600, Total: 1585.459991, Node: 967.447371, Link: 618.004901, Spread: 0.771202
Epoch 320/600, Total: 1572.394096, Node: 957.202001, Link: 615.184671, Spread: 0.742169
Epoch 321/600, Total: 1586.338408, Node: 964.669485, Link: 621.661537, Spread: 0.740363
Epoch 322/600, Total: 1557.809953, Node: 957.639269, Link: 600.163357, Spread: 0.729913
Epoch 323/600, Total: 1579.730554, Node: 972.414621, Link: 607.308503, Spread: 0.741767
Epoch 324/600, Total: 1578.066706, Node: 966.176838, Link: 611.882399, Spread: 0.745997
Epoch 325/600, Total: 1575.002363, Node: 964.961308, Link: 610.033741, Spread: 0.730826
Epoch 326/600, Total: 1575.797626, Node: 958.460831, Link: 617.329545, Spread: 0.725427
Epoch 327/600, Total: 1566.910414, Node: 960.397886, Link: 606.505270, Spread: 0.724837
Epoch 328/600, Total: 1577.139440, Node: 967.733184, Link: 609.399115, Spread: 0.712913
Epoch 329/600, Total: 1582.712598, Node: 965.834072, Link: 616.871246, Spread: 0.728440
Epoch 330/600, Total: 1616.781991, Node: 981.374756, Link: 635.400043, Spread: 0.719779
Epoch 331/600, Total: 1578.146828, Node: 958.450333, Link: 619.689444, Spread: 0.705172
Epoch 332/600, Total: 1580.957505, Node: 959.770980, Link: 621.179355, Spread: 0.717152
Epoch 333/600, Total: 1596.781644, Node: 969.812237, Link: 626.961985, Spread: 0.742334
Epoch 334/600, Total: 1603.533767, Node: 969.500038, Link: 634.026466, Spread: 0.726408
Epoch 335/600, Total: 1566.227626, Node: 960.029153, Link: 606.191332, Spread: 0.714627
Epoch 336/600, Total: 1597.988077, Node: 961.924384, Link: 636.056688, Spread: 0.701895
Epoch 337/600, Total: 1586.655239, Node: 973.353263, Link: 613.294954, Spread: 0.704102
Epoch 338/600, Total: 1578.546280, Node: 967.093824, Link: 611.445286, Spread: 0.717548
Epoch 339/600, Total: 1576.267447, Node: 957.559008, Link: 618.701173, Spread: 0.727856
Epoch 340/600, Total: 1597.304381, Node: 973.168256, Link: 624.128841, Spread: 0.727780
Epoch 341/600, Total: 1592.715987, Node: 966.967772, Link: 625.740934, Spread: 0.728887
Epoch 342/600, Total: 1571.823877, Node: 964.888054, Link: 606.928602, Spread: 0.723300
Epoch 343/600, Total: 1594.203059, Node: 968.608014, Link: 625.587788, Spread: 0.726889
Epoch 344/600, Total: 1598.776956, Node: 979.706860, Link: 619.062801, Spread: 0.730053
Epoch 345/600, Total: 1622.434899, Node: 988.989348, Link: 633.438212, Spread: 0.734471
Epoch 346/600, Total: 1583.100713, Node: 967.548638, Link: 615.544789, Spread: 0.727566
Epoch 347/600, Total: 1590.284654, Node: 968.335971, Link: 621.941331, Spread: 0.735716
Epoch 348/600, Total: 1584.776785, Node: 964.731567, Link: 620.037963, Spread: 0.725687
Epoch 349/600, Total: 1580.847605, Node: 961.809043, Link: 619.030991, Spread: 0.757314
Epoch 350/600, Total: 1581.714293, Node: 962.423977, Link: 619.282744, Spread: 0.757844
Epoch 351/600, Total: 1571.270773, Node: 956.795799, Link: 614.467518, Spread: 0.747133
Epoch 352/600, Total: 1591.211630, Node: 964.778446, Link: 626.425757, Spread: 0.741892
Epoch 353/600, Total: 1582.065465, Node: 962.439799, Link: 619.618280, Spread: 0.739694
Epoch 354/600, Total: 1606.608793, Node: 972.650273, Link: 633.951099, Spread: 0.742568
Epoch 355/600, Total: 1571.592001, Node: 958.170132, Link: 613.414379, Spread: 0.749080
Epoch 356/600, Total: 1609.410195, Node: 975.056125, Link: 634.346565, Spread: 0.750794
Epoch 357/600, Total: 1590.167406, Node: 958.567899, Link: 631.592002, Spread: 0.750527
Epoch 358/600, Total: 1566.843550, Node: 954.673719, Link: 612.162493, Spread: 0.732861
Epoch 359/600, Total: 1616.161201, Node: 974.572497, Link: 641.581436, Spread: 0.727029
Epoch 360/600, Total: 1560.582243, Node: 951.901500, Link: 608.673288, Spread: 0.745067
Epoch 361/600, Total: 1562.798881, Node: 958.320880, Link: 604.470506, Spread: 0.748488
Epoch 362/600, Total: 1705.631996, Node: 1009.638170, Link: 695.985807, Spread: 0.802739
Epoch 363/600, Total: 1653.116202, Node: 984.807932, Link: 668.298188, Spread: 1.007992
Epoch 364/600, Total: 1619.154976, Node: 972.806286, Link: 646.336881, Spread: 1.180959
Epoch 365/600, Total: 1580.441097, Node: 959.311438, Link: 621.118163, Spread: 1.149801
Epoch 366/600, Total: 1581.315457, Node: 962.451561, Link: 618.853292, Spread: 1.059409
Epoch 367/600, Total: 1583.012238, Node: 965.751419, Link: 617.250584, Spread: 1.023660
Epoch 368/600, Total: 1590.823857, Node: 965.277821, Link: 625.536009, Spread: 1.002984
Epoch 369/600, Total: 1568.637916, Node: 958.457554, Link: 610.170429, Spread: 0.991442
Epoch 370/600, Total: 1573.262861, Node: 959.715383, Link: 613.537243, Spread: 1.023197
Epoch 371/600, Total: 1605.848619, Node: 971.220328, Link: 634.618608, Spread: 0.967514
Epoch 372/600, Total: 1565.258029, Node: 956.934762, Link: 608.313512, Spread: 0.974915
Epoch 373/600, Total: 1587.820030, Node: 967.005929, Link: 620.804312, Spread: 0.979624
Epoch 374/600, Total: 1583.103342, Node: 959.106872, Link: 623.986514, Spread: 0.997519
Epoch 375/600, Total: 1590.857704, Node: 962.474436, Link: 628.373313, Spread: 0.997114
Epoch 376/600, Total: 1586.285900, Node: 971.409789, Link: 614.866015, Spread: 1.008905
Epoch 377/600, Total: 1578.155541, Node: 958.807193, Link: 619.338794, Spread: 0.955178
Epoch 378/600, Total: 1594.493182, Node: 964.773274, Link: 629.709887, Spread: 1.001797
Epoch 379/600, Total: 1575.421928, Node: 960.102630, Link: 615.309726, Spread: 0.956734
Epoch 380/600, Total: 1567.893292, Node: 955.404732, Link: 612.479111, Spread: 0.946284
Epoch 381/600, Total: 1598.440615, Node: 966.389653, Link: 632.041695, Spread: 0.925476
Epoch 382/600, Total: 1583.352407, Node: 965.837732, Link: 617.505527, Spread: 0.912193
Epoch 383/600, Total: 1636.934979, Node: 974.762749, Link: 662.162960, Spread: 0.927849
Epoch 384/600, Total: 1569.573596, Node: 958.316321, Link: 611.247537, Spread: 0.972442
Epoch 385/600, Total: 1561.903940, Node: 953.591825, Link: 608.302327, Spread: 0.979041
Epoch 386/600, Total: 1575.557098, Node: 955.156686, Link: 620.391019, Spread: 0.938417
Epoch 387/600, Total: 1574.102408, Node: 960.715292, Link: 613.377779, Spread: 0.933974
Epoch 388/600, Total: 1572.951656, Node: 956.770499, Link: 616.171645, Spread: 0.951459
Epoch 389/600, Total: 1574.983805, Node: 953.801700, Link: 621.172646, Spread: 0.945153
Epoch 390/600, Total: 1583.929798, Node: 957.435476, Link: 626.485104, Spread: 0.922549
Epoch 391/600, Total: 1595.199558, Node: 974.218349, Link: 620.972019, Spread: 0.919677
Epoch 392/600, Total: 1581.214858, Node: 962.305201, Link: 618.900700, Spread: 0.895040
Epoch 393/600, Total: 1560.537426, Node: 954.080846, Link: 606.447765, Spread: 0.881213
Epoch 394/600, Total: 1573.090791, Node: 953.730549, Link: 619.351663, Spread: 0.858394
Epoch 395/600, Total: 1586.703966, Node: 963.333164, Link: 623.362344, Spread: 0.846482
Epoch 396/600, Total: 1581.274223, Node: 959.196775, Link: 622.069066, Spread: 0.837662
Epoch 397/600, Total: 1666.362008, Node: 997.104282, Link: 669.248769, Spread: 0.894540
Epoch 398/600, Total: 1602.193324, Node: 962.223904, Link: 639.958227, Spread: 1.119366
Epoch 399/600, Total: 1623.727568, Node: 974.161915, Link: 649.553512, Spread: 1.214074
Epoch 400/600, Total: 1626.992203, Node: 962.539133, Link: 664.439778, Spread: 1.329625
Epoch 401/600, Total: 1582.322847, Node: 957.562980, Link: 624.746134, Spread: 1.372887
Epoch 402/600, Total: 1576.605213, Node: 957.033643, Link: 619.558646, Spread: 1.291824
Epoch 403/600, Total: 1570.638579, Node: 953.064009, Link: 617.561652, Spread: 1.290482
Epoch 404/600, Total: 1577.226504, Node: 954.531513, Link: 622.682585, Spread: 1.240135
Epoch 405/600, Total: 1571.280940, Node: 961.284576, Link: 609.983518, Spread: 1.284424
Epoch 406/600, Total: 1575.775193, Node: 961.345835, Link: 614.416686, Spread: 1.267389
Epoch 407/600, Total: 1585.268479, Node: 958.240032, Link: 627.016164, Spread: 1.227265
Epoch 408/600, Total: 1580.352713, Node: 964.534662, Link: 615.806110, Spread: 1.193445
Epoch 409/600, Total: 1598.572792, Node: 971.545156, Link: 627.016203, Spread: 1.144507
Epoch 410/600, Total: 1590.514289, Node: 967.185856, Link: 623.316915, Spread: 1.154514
Epoch 411/600, Total: 1566.975681, Node: 953.595138, Link: 613.368875, Spread: 1.166374
Epoch 412/600, Total: 1592.351758, Node: 961.034767, Link: 631.306084, Spread: 1.089372
Epoch 413/600, Total: 1567.289030, Node: 960.956067, Link: 606.321339, Spread: 1.163043
Epoch 414/600, Total: 1586.645266, Node: 963.379333, Link: 623.254854, Spread: 1.107504
Epoch 415/600, Total: 1576.650108, Node: 955.467787, Link: 621.171070, Spread: 1.125614
Epoch 416/600, Total: 1584.278452, Node: 959.828978, Link: 624.438263, Spread: 1.119079
Epoch 417/600, Total: 1569.894697, Node: 959.379883, Link: 610.504033, Spread: 1.077562
Epoch 418/600, Total: 1565.600378, Node: 953.807473, Link: 611.781866, Spread: 1.103935
Epoch 419/600, Total: 1555.258525, Node: 947.895648, Link: 607.351994, Spread: 1.087606
Epoch 420/600, Total: 1599.559142, Node: 967.514880, Link: 632.033979, Spread: 1.029143
Epoch 421/600, Total: 1575.966853, Node: 957.568943, Link: 618.387736, Spread: 1.016937
Epoch 422/600, Total: 1583.100729, Node: 955.822906, Link: 627.267633, Spread: 1.019152
Epoch 423/600, Total: 1570.049838, Node: 953.600125, Link: 616.439470, Spread: 1.023012
Epoch 424/600, Total: 1567.784606, Node: 950.506757, Link: 617.267815, Spread: 1.003405
Epoch 425/600, Total: 1566.189686, Node: 951.784175, Link: 614.395203, Spread: 1.030446
Epoch 426/600, Total: 1560.411605, Node: 947.822724, Link: 612.578687, Spread: 1.019554
Epoch 427/600, Total: 1566.285444, Node: 952.603676, Link: 613.671561, Spread: 1.019632
Epoch 428/600, Total: 1591.031620, Node: 959.976003, Link: 631.045628, Spread: 0.999228
Epoch 429/600, Total: 1582.737298, Node: 955.518298, Link: 627.209506, Spread: 0.950780
Epoch 430/600, Total: 1569.694541, Node: 960.298151, Link: 609.386803, Spread: 0.959088
Epoch 431/600, Total: 1565.214630, Node: 953.176530, Link: 612.028274, Spread: 0.982792
Epoch 432/600, Total: 1578.484639, Node: 957.198721, Link: 621.276246, Spread: 0.966540
Epoch 433/600, Total: 1570.395474, Node: 952.269722, Link: 618.116155, Spread: 0.957531
Epoch 434/600, Total: 1599.403175, Node: 960.266767, Link: 639.127050, Spread: 0.936268
Epoch 435/600, Total: 1579.317671, Node: 957.636607, Link: 621.671758, Spread: 0.930868
Epoch 436/600, Total: 1568.592519, Node: 953.349734, Link: 615.233541, Spread: 0.922590
Epoch 437/600, Total: 1561.616145, Node: 951.252316, Link: 610.354410, Spread: 0.940964
Epoch 438/600, Total: 1572.766572, Node: 954.273846, Link: 618.483596, Spread: 0.912759
Epoch 439/600, Total: 1586.591167, Node: 959.157719, Link: 627.424155, Spread: 0.929460
Epoch 440/600, Total: 1635.325857, Node: 982.308265, Link: 653.008142, Spread: 0.944454
Epoch 441/600, Total: 1566.425408, Node: 956.011485, Link: 610.403926, Spread: 0.998875
Epoch 442/600, Total: 1579.107662, Node: 958.482320, Link: 620.615145, Spread: 1.019258
Epoch 443/600, Total: 1591.934281, Node: 957.103125, Link: 634.820531, Spread: 1.061392
Epoch 444/600, Total: 1642.699812, Node: 976.885745, Link: 665.804238, Spread: 0.982836
Epoch 445/600, Total: 1572.102672, Node: 956.737805, Link: 615.354511, Spread: 1.034489
Epoch 446/600, Total: 1577.092127, Node: 955.636926, Link: 621.444884, Spread: 1.031357
Epoch 447/600, Total: 1578.587843, Node: 958.399214, Link: 620.178557, Spread: 1.006824
Epoch 448/600, Total: 1638.595900, Node: 986.273364, Link: 652.311175, Spread: 1.135821
Epoch 449/600, Total: 1621.864827, Node: 970.047545, Link: 651.803966, Spread: 1.331506
Epoch 450/600, Total: 1578.331367, Node: 958.690673, Link: 619.627106, Spread: 1.358550
Epoch 451/600, Total: 1573.180669, Node: 952.499527, Link: 620.666931, Spread: 1.420965
Epoch 452/600, Total: 1571.280536, Node: 951.591763, Link: 619.674316, Spread: 1.445981
Epoch 453/600, Total: 1606.799696, Node: 964.138324, Link: 642.646696, Spread: 1.468824
Epoch 454/600, Total: 1586.981960, Node: 961.406812, Link: 625.560290, Spread: 1.487545
Epoch 455/600, Total: 1563.151464, Node: 950.451738, Link: 612.686121, Spread: 1.361856
Epoch 456/600, Total: 1565.325142, Node: 952.617957, Link: 612.693483, Spread: 1.370942
Epoch 457/600, Total: 1577.241458, Node: 955.172978, Link: 622.054497, Spread: 1.398960
Epoch 458/600, Total: 1593.967802, Node: 961.544975, Link: 632.410577, Spread: 1.225081
Epoch 459/600, Total: 1575.551270, Node: 953.264982, Link: 622.274477, Spread: 1.180873
Epoch 460/600, Total: 1563.546417, Node: 953.272177, Link: 610.261796, Spread: 1.246057
Epoch 461/600, Total: 1565.077786, Node: 950.253093, Link: 614.812146, Spread: 1.254720
Epoch 462/600, Total: 1554.164251, Node: 946.587111, Link: 607.564687, Spread: 1.245187
Epoch 463/600, Total: 1577.080564, Node: 956.280138, Link: 620.788044, Spread: 1.238554
Epoch 464/600, Total: 1553.631003, Node: 947.553206, Link: 606.065257, Spread: 1.255026
Epoch 465/600, Total: 1565.947969, Node: 948.619475, Link: 617.315957, Spread: 1.254426
Epoch 466/600, Total: 1569.278738, Node: 956.349898, Link: 612.916342, Spread: 1.250460
Epoch 467/600, Total: 1569.209200, Node: 949.743656, Link: 619.452767, Spread: 1.277034
Epoch 468/600, Total: 1678.587182, Node: 1004.575382, Link: 673.999508, Spread: 1.230503
Epoch 469/600, Total: 1599.796311, Node: 966.141251, Link: 633.642486, Spread: 1.257393
Epoch 470/600, Total: 1585.128911, Node: 952.806722, Link: 632.310139, Spread: 1.204166
Epoch 471/600, Total: 1585.763440, Node: 956.440798, Link: 629.309777, Spread: 1.286382
Epoch 472/600, Total: 1566.779992, Node: 952.244200, Link: 614.522985, Spread: 1.278476
Epoch 473/600, Total: 1572.427762, Node: 954.082307, Link: 618.332916, Spread: 1.253091
Epoch 474/600, Total: 1563.638824, Node: 953.376226, Link: 610.249822, Spread: 1.277732
Epoch 475/600, Total: 1584.306098, Node: 958.314784, Link: 625.977884, Spread: 1.343430
Epoch 476/600, Total: 1571.691075, Node: 955.904790, Link: 615.773873, Spread: 1.240558
Epoch 477/600, Total: 1563.288455, Node: 951.769819, Link: 611.505262, Spread: 1.337066
Epoch 478/600, Total: 1575.984334, Node: 954.339033, Link: 621.631244, Spread: 1.404485
Epoch 479/600, Total: 1547.526040, Node: 947.197305, Link: 600.315659, Spread: 1.307977
Epoch 480/600, Total: 1572.932587, Node: 952.867604, Link: 620.052146, Spread: 1.283201
Epoch 481/600, Total: 1575.441975, Node: 956.070286, Link: 619.358951, Spread: 1.274182
Epoch 482/600, Total: 1557.052593, Node: 949.728638, Link: 607.310581, Spread: 1.336422
Epoch 483/600, Total: 1575.222661, Node: 956.316465, Link: 618.893684, Spread: 1.250248
Epoch 484/600, Total: 1583.471206, Node: 955.968854, Link: 627.489597, Spread: 1.274471
Epoch 485/600, Total: 1569.865915, Node: 949.714580, Link: 620.138371, Spread: 1.296573
Epoch 486/600, Total: 1595.697500, Node: 961.066042, Link: 634.619245, Spread: 1.221281
Epoch 487/600, Total: 1571.438775, Node: 953.167472, Link: 618.258747, Spread: 1.255392
Epoch 488/600, Total: 1555.087371, Node: 947.350529, Link: 607.724233, Spread: 1.259912
Epoch 489/600, Total: 1555.685161, Node: 946.000313, Link: 609.672009, Spread: 1.284691
Epoch 490/600, Total: 1570.317641, Node: 953.304200, Link: 617.000791, Spread: 1.265441
Epoch 491/600, Total: 1562.811120, Node: 951.912097, Link: 610.886603, Spread: 1.241598
Epoch 492/600, Total: 1553.497066, Node: 944.637152, Link: 608.847179, Spread: 1.274949
Epoch 493/600, Total: 1574.775918, Node: 954.087069, Link: 620.676085, Spread: 1.276871
Epoch 494/600, Total: 1582.092477, Node: 956.254193, Link: 625.825678, Spread: 1.260191
Epoch 495/600, Total: 1601.175513, Node: 957.796728, Link: 643.365306, Spread: 1.345564
Epoch 496/600, Total: 1575.688875, Node: 959.097609, Link: 616.578443, Spread: 1.283284
Epoch 497/600, Total: 1658.746304, Node: 981.729193, Link: 677.003443, Spread: 1.366165
Epoch 498/600, Total: 1580.689942, Node: 953.378032, Link: 627.298517, Spread: 1.339982
Epoch 499/600, Total: 1564.418228, Node: 953.184484, Link: 611.219741, Spread: 1.400590
Epoch 500/600, Total: 1564.923882, Node: 949.673750, Link: 615.235593, Spread: 1.456309
Epoch 501/600, Total: 1592.684903, Node: 956.239469, Link: 636.429840, Spread: 1.559977
Epoch 502/600, Total: 1589.537832, Node: 961.358524, Link: 628.163534, Spread: 1.577358
Epoch 503/600, Total: 1583.675637, Node: 958.644930, Link: 625.013315, Spread: 1.740368
Epoch 504/600, Total: 1595.304880, Node: 964.996123, Link: 630.292879, Spread: 1.587861
Epoch 505/600, Total: 1579.860858, Node: 956.913308, Link: 622.931760, Spread: 1.578930
Epoch 506/600, Total: 1637.365326, Node: 980.787745, Link: 656.560809, Spread: 1.677837
Epoch 507/600, Total: 1586.817084, Node: 958.091109, Link: 628.709129, Spread: 1.685440
Epoch 508/600, Total: 1558.624163, Node: 948.941569, Link: 609.666066, Spread: 1.652285
Epoch 509/600, Total: 1575.988401, Node: 958.921539, Link: 617.050117, Spread: 1.674997
Epoch 510/600, Total: 1578.941070, Node: 961.943078, Link: 616.981613, Spread: 1.637468
Epoch 511/600, Total: 1565.628340, Node: 953.202366, Link: 612.408777, Spread: 1.718424
Epoch 512/600, Total: 1597.110466, Node: 964.662371, Link: 632.431288, Spread: 1.681094
Epoch 513/600, Total: 1557.558020, Node: 945.876724, Link: 611.664159, Spread: 1.713065
Epoch 514/600, Total: 1557.562210, Node: 944.878465, Link: 612.666583, Spread: 1.716543
Epoch 515/600, Total: 1608.364160, Node: 960.460229, Link: 647.886314, Spread: 1.760976
Epoch 516/600, Total: 1607.219941, Node: 962.243294, Link: 644.957845, Spread: 1.880680
Epoch 517/600, Total: 1556.903217, Node: 946.006282, Link: 610.877033, Spread: 1.990573
Epoch 518/600, Total: 1560.240029, Node: 949.265168, Link: 610.956287, Spread: 1.857246
Epoch 519/600, Total: 1571.425826, Node: 955.021429, Link: 616.386652, Spread: 1.774891
Epoch 520/600, Total: 1564.076255, Node: 953.186325, Link: 610.871625, Spread: 1.829542
Epoch 521/600, Total: 1560.775188, Node: 946.994005, Link: 613.762515, Spread: 1.866370
Epoch 522/600, Total: 1564.463887, Node: 955.033608, Link: 609.412307, Spread: 1.798372
Epoch 523/600, Total: 1565.242654, Node: 953.312789, Link: 611.911960, Spread: 1.790158
Epoch 524/600, Total: 1570.186230, Node: 956.338677, Link: 613.830727, Spread: 1.682615
Epoch 525/600, Total: 1571.228284, Node: 956.434114, Link: 614.777010, Spread: 1.716686
Epoch 526/600, Total: 1602.916988, Node: 975.102907, Link: 627.795688, Spread: 1.840698
Epoch 527/600, Total: 1606.755149, Node: 965.796688, Link: 640.939778, Spread: 1.867817
Epoch 528/600, Total: 1587.368072, Node: 957.176488, Link: 630.171531, Spread: 2.004452
Epoch 529/600, Total: 1592.481856, Node: 959.058820, Link: 633.402410, Spread: 2.061786
Epoch 530/600, Total: 1646.407315, Node: 969.677618, Link: 676.709625, Spread: 2.008410
Epoch 531/600, Total: 1615.082901, Node: 960.245022, Link: 654.815469, Spread: 2.240243
Epoch 532/600, Total: 1609.857335, Node: 956.864531, Link: 652.969752, Spread: 2.304357
Epoch 533/600, Total: 1609.228785, Node: 961.492489, Link: 647.713548, Spread: 2.275637
Epoch 534/600, Total: 1606.798557, Node: 963.083933, Link: 643.690313, Spread: 2.431378
Epoch 535/600, Total: 1628.916576, Node: 967.455436, Link: 661.437059, Spread: 2.405946
Epoch 536/600, Total: 1646.962934, Node: 971.825975, Link: 675.111831, Spread: 2.513791
Epoch 537/600, Total: 1604.497069, Node: 953.488084, Link: 650.981955, Spread: 2.703109
Epoch 538/600, Total: 1606.638052, Node: 952.579874, Link: 654.032528, Spread: 2.566349
Epoch 539/600, Total: 1633.957628, Node: 977.348779, Link: 656.582923, Spread: 2.592794
Epoch 540/600, Total: 1677.003857, Node: 976.349946, Link: 700.628493, Spread: 2.541543
Epoch 541/600, Total: 1609.825874, Node: 957.752296, Link: 652.046930, Spread: 2.662813
Epoch 542/600, Total: 1623.593369, Node: 962.057315, Link: 661.509800, Spread: 2.624440
Epoch 543/600, Total: 1625.520348, Node: 957.958873, Link: 667.535420, Spread: 2.605839
Epoch 544/600, Total: 1621.491468, Node: 959.652119, Link: 661.814054, Spread: 2.530470
Epoch 545/600, Total: 1616.677022, Node: 958.044244, Link: 658.607993, Spread: 2.478706
Epoch 546/600, Total: 1608.944509, Node: 955.720354, Link: 653.200217, Spread: 2.393985
Epoch 547/600, Total: 1627.613639, Node: 962.406803, Link: 665.183610, Spread: 2.321186
Epoch 548/600, Total: 1632.721341, Node: 969.975624, Link: 662.722132, Spread: 2.358373
Epoch 549/600, Total: 1611.026821, Node: 957.481880, Link: 653.520641, Spread: 2.430112
Epoch 550/600, Total: 1621.011678, Node: 954.431075, Link: 666.556760, Spread: 2.385441
Epoch 551/600, Total: 1613.410070, Node: 957.131514, Link: 656.255109, Spread: 2.345745
Epoch 552/600, Total: 1616.412842, Node: 957.286796, Link: 659.103862, Spread: 2.220152
Epoch 553/600, Total: 1674.971199, Node: 972.953963, Link: 701.994013, Spread: 2.320805
Epoch 554/600, Total: 1710.053958, Node: 984.950915, Link: 725.075383, Spread: 2.766170
Epoch 555/600, Total: 1640.790796, Node: 964.720226, Link: 676.043357, Spread: 2.719414
Epoch 556/600, Total: 1632.223008, Node: 961.978393, Link: 670.219811, Spread: 2.479435
Epoch 557/600, Total: 1625.338243, Node: 961.095006, Link: 664.219980, Spread: 2.325057
Epoch 558/600, Total: 1615.987859, Node: 959.104513, Link: 656.861217, Spread: 2.213333
Epoch 559/600, Total: 1616.841674, Node: 957.871970, Link: 658.948484, Spread: 2.121338
Epoch 560/600, Total: 1626.994872, Node: 967.433372, Link: 659.541198, Spread: 2.030448
Epoch 561/600, Total: 1616.560001, Node: 954.921215, Link: 661.619136, Spread: 1.965458
Epoch 562/600, Total: 1609.391466, Node: 953.881192, Link: 655.490651, Spread: 1.963228
Epoch 563/600, Total: 1613.404046, Node: 955.684582, Link: 657.700073, Spread: 1.937069
Epoch 564/600, Total: 1614.223980, Node: 952.913425, Link: 661.291612, Spread: 1.894723
Epoch 565/600, Total: 1612.623380, Node: 955.554529, Link: 657.049914, Spread: 1.892959
Epoch 566/600, Total: 1606.392622, Node: 952.452989, Link: 653.921186, Spread: 1.844889
Epoch 567/600, Total: 1625.084257, Node: 959.753332, Link: 665.312067, Spread: 1.885871
Epoch 568/600, Total: 1611.984993, Node: 955.229211, Link: 656.737180, Spread: 1.860835
Epoch 569/600, Total: 1604.819451, Node: 956.294774, Link: 648.506034, Spread: 1.863814
Epoch 570/600, Total: 1611.889108, Node: 951.928649, Link: 659.941771, Spread: 1.870111
Epoch 571/600, Total: 1624.000400, Node: 958.069197, Link: 665.912765, Spread: 1.844459
Epoch 572/600, Total: 1600.871944, Node: 952.966330, Link: 647.887018, Spread: 1.860778
Epoch 573/600, Total: 1616.590705, Node: 952.433486, Link: 664.138654, Spread: 1.855524
Epoch 574/600, Total: 1617.400709, Node: 955.441602, Link: 661.941138, Spread: 1.797415
Epoch 575/600, Total: 1610.625779, Node: 952.077603, Link: 658.530458, Spread: 1.773252
Epoch 576/600, Total: 1594.250190, Node: 948.811296, Link: 645.420793, Spread: 1.810807
Epoch 577/600, Total: 1571.633365, Node: 945.442122, Link: 626.173688, Spread: 1.754729
Epoch 578/600, Total: 1583.153027, Node: 953.456159, Link: 629.679661, Spread: 1.722451
Epoch 579/600, Total: 1576.029617, Node: 948.677505, Link: 627.334918, Spread: 1.720896
Epoch 580/600, Total: 1557.047638, Node: 941.778788, Link: 615.251589, Spread: 1.727393
Epoch 581/600, Total: 1556.547889, Node: 947.981036, Link: 608.549877, Spread: 1.696389
Epoch 582/600, Total: 1595.367716, Node: 958.476101, Link: 636.874537, Spread: 1.708184
Epoch 583/600, Total: 1601.563408, Node: 967.508536, Link: 634.037753, Spread: 1.711683
Epoch 584/600, Total: 1622.337152, Node: 964.103991, Link: 658.215676, Spread: 1.748828
Epoch 585/600, Total: 1700.472400, Node: 983.845474, Link: 716.605638, Spread: 2.127878
Epoch 586/600, Total: 1629.323748, Node: 953.058924, Link: 676.243657, Spread: 2.117916
Epoch 587/600, Total: 1582.466184, Node: 941.577603, Link: 640.867492, Spread: 2.109294
Epoch 588/600, Total: 1613.051951, Node: 962.402894, Link: 650.628659, Spread: 2.039323
Epoch 589/600, Total: 1599.348079, Node: 949.902413, Link: 649.425472, Spread: 2.019190
Epoch 590/600, Total: 1593.031486, Node: 950.109725, Link: 642.902129, Spread: 1.965910
Epoch 591/600, Total: 1602.264493, Node: 950.903563, Link: 651.341544, Spread: 1.937687
Epoch 592/600, Total: 1565.823138, Node: 939.451699, Link: 626.352260, Spread: 1.917926
Epoch 593/600, Total: 1590.236735, Node: 956.455815, Link: 633.762100, Spread: 1.881836
Epoch 594/600, Total: 1574.512947, Node: 946.762296, Link: 627.732149, Spread: 1.850797
Epoch 595/600, Total: 1574.374329, Node: 949.022098, Link: 625.333638, Spread: 1.857992
Epoch 596/600, Total: 1556.258780, Node: 942.626855, Link: 613.613830, Spread: 1.811036
Epoch 597/600, Total: 1565.595608, Node: 942.721599, Link: 622.855961, Spread: 1.805124
Epoch 598/600, Total: 1565.452503, Node: 946.278349, Link: 619.156083, Spread: 1.807921
Epoch 599/600, Total: 1564.582466, Node: 949.543089, Link: 615.021099, Spread: 1.826090
Epoch 600/600, Total: 1576.481273, Node: 952.987384, Link: 623.475777, Spread: 1.810522
Saved sweep result to: /homes/dameyer/ml-for-wdn-project-4/results/aggregated/gnn_training_sweep/net1_buffer=5_rollout=10_seed=42.json
Table value: 952.987384
