Filter:    ekf
Job:       240749
Array ID:  19
Seed:      61
Host:      assistant-3.GPU.CIT-EC.NET
Dataset:   hanoi

Running Hanoi GNN EKF: 24 sensor counts × 1 sensor placements
2 sensors/type: 1.0935 ± 0.2698
3 sensors/type: 1.0724 ± 0.2848
4 sensors/type: 1.0470 ± 0.2472
5 sensors/type: 1.0104 ± 0.2626
6 sensors/type: 0.9758 ± 0.2550
7 sensors/type: 0.9951 ± 0.2876
8 sensors/type: 0.9713 ± 0.2701
9 sensors/type: 0.9646 ± 0.2687
10 sensors/type: 0.9757 ± 0.2779
11 sensors/type: 0.9702 ± 0.2735
12 sensors/type: 0.9278 ± 0.2612
13 sensors/type: 0.9376 ± 0.2613
14 sensors/type: 0.9008 ± 0.2414
15 sensors/type: 0.8949 ± 0.2538
16 sensors/type: 0.9026 ± 0.2644
17 sensors/type: 0.9142 ± 0.2443
18 sensors/type: 0.8978 ± 0.2618
19 sensors/type: 0.8890 ± 0.2857
20 sensors/type: 0.8621 ± 0.2605
21 sensors/type: 0.8505 ± 0.2666
22 sensors/type: 0.8909 ± 0.2799
23 sensors/type: 0.8579 ± 0.2640
24 sensors/type: 0.8805 ± 0.2680
25 sensors/type: 0.8601 ± 0.2628
Saved gnn EKF result to: /homes/dameyer/ml-for-wdn-project-4/results/aggregated/hanoi_gnn_ekf_n_iters=1_seed=61.npz
