================================
GNN training sweep
Job ID: 242685
Task ID: 20
Buffer size: 15
Rollout length: 10
================================
Running GNN sweep: dataset=Net1, buffer=15, rollout=10
Epoch 1/600, Total: 3013.081754, Node: 1494.762239, Link: 1516.850282, Spread: 146.921996
Epoch 2/600, Total: 1931.889503, Node: 1191.585072, Link: 738.625533, Spread: 167.890252
Epoch 3/600, Total: 1882.431461, Node: 1143.155207, Link: 737.732138, Spread: 154.412045
Epoch 4/600, Total: 1850.699848, Node: 1115.829512, Link: 733.451412, Spread: 141.892961
Epoch 5/600, Total: 1819.932244, Node: 1087.404305, Link: 731.226476, Spread: 130.145054
Epoch 6/600, Total: 1802.918211, Node: 1072.573486, Link: 729.172377, Spread: 117.234529
Epoch 7/600, Total: 1793.824769, Node: 1063.432612, Link: 729.321707, Spread: 107.045666
Epoch 8/600, Total: 1785.361553, Node: 1058.787173, Link: 725.683558, Spread: 89.082030
Epoch 9/600, Total: 1794.572710, Node: 1060.907825, Link: 732.924974, Spread: 73.991458
Epoch 10/600, Total: 1798.519464, Node: 1071.216428, Link: 726.668695, Spread: 63.434365
Epoch 11/600, Total: 1791.620843, Node: 1072.819624, Link: 718.246292, Spread: 55.493900
Epoch 12/600, Total: 1773.077368, Node: 1053.786268, Link: 718.818301, Spread: 47.278693
Epoch 13/600, Total: 1807.331531, Node: 1078.497885, Link: 728.431714, Spread: 40.195341
Epoch 14/600, Total: 1821.418986, Node: 1092.722420, Link: 728.345342, Spread: 35.121377
Epoch 15/600, Total: 1805.563905, Node: 1080.936470, Link: 724.327343, Spread: 30.010447
Epoch 16/600, Total: 1792.861596, Node: 1068.374723, Link: 724.218656, Spread: 26.822064
Epoch 17/600, Total: 1756.389593, Node: 1036.317640, Link: 719.829872, Spread: 24.208178
Epoch 18/600, Total: 1756.689258, Node: 1041.074950, Link: 715.390979, Spread: 22.332329
Epoch 19/600, Total: 1767.681746, Node: 1045.537242, Link: 721.949642, Spread: 19.486697
Epoch 20/600, Total: 1739.623156, Node: 1022.942102, Link: 716.504361, Spread: 17.666259
Epoch 21/600, Total: 1747.958660, Node: 1029.800902, Link: 717.997049, Spread: 16.070509
Epoch 22/600, Total: 1746.256983, Node: 1023.612572, Link: 722.494331, Spread: 15.007926
Epoch 23/600, Total: 1735.412970, Node: 1015.106180, Link: 720.170209, Spread: 13.657598
Epoch 24/600, Total: 1721.977380, Node: 1007.720472, Link: 714.131262, Spread: 12.564630
Epoch 25/600, Total: 1738.447830, Node: 1015.033523, Link: 723.300132, Spread: 11.418090
Epoch 26/600, Total: 1740.695127, Node: 1020.273047, Link: 720.312048, Spread: 11.003551
Epoch 27/600, Total: 1780.527173, Node: 1050.681301, Link: 729.745735, Spread: 10.013910
Epoch 28/600, Total: 1780.180125, Node: 1054.839012, Link: 725.254016, Spread: 8.708967
Epoch 29/600, Total: 1769.016260, Node: 1040.010594, Link: 728.926551, Spread: 7.912048
Epoch 30/600, Total: 1762.052753, Node: 1028.714076, Link: 733.267693, Spread: 7.098635
Epoch 31/600, Total: 1739.063169, Node: 1009.613511, Link: 729.386909, Spread: 6.274947
Epoch 32/600, Total: 1746.269349, Node: 1011.344193, Link: 734.869145, Spread: 5.601461
Epoch 33/600, Total: 1737.602104, Node: 1007.949235, Link: 729.601687, Spread: 5.118564
Epoch 34/600, Total: 1734.995914, Node: 1001.223898, Link: 733.725590, Spread: 4.643499
Epoch 35/600, Total: 1752.110417, Node: 1022.217376, Link: 729.852281, Spread: 4.077278
Epoch 36/600, Total: 1727.926548, Node: 1005.550477, Link: 722.337091, Spread: 3.898742
Epoch 37/600, Total: 1715.905872, Node: 994.601659, Link: 721.266172, Spread: 3.805896
Epoch 38/600, Total: 1697.641092, Node: 982.009090, Link: 715.596209, Spread: 3.579345
Epoch 39/600, Total: 1724.379270, Node: 994.821925, Link: 729.524275, Spread: 3.306721
Epoch 40/600, Total: 1725.095964, Node: 993.670290, Link: 731.394663, Spread: 3.102039
Epoch 41/600, Total: 1727.041554, Node: 997.060410, Link: 729.952661, Spread: 2.849090
Epoch 42/600, Total: 1707.965399, Node: 989.177111, Link: 718.761761, Spread: 2.653231
Epoch 43/600, Total: 1709.845784, Node: 989.318419, Link: 720.502837, Spread: 2.452982
Epoch 44/600, Total: 1704.761282, Node: 984.158078, Link: 720.580180, Spread: 2.301219
Epoch 45/600, Total: 1699.046582, Node: 980.755182, Link: 718.269491, Spread: 2.191099
Epoch 46/600, Total: 1705.169114, Node: 989.825654, Link: 715.322598, Spread: 2.085647
Epoch 47/600, Total: 1706.497877, Node: 982.110592, Link: 724.367306, Spread: 1.996124
Epoch 48/600, Total: 1726.817684, Node: 1003.994995, Link: 722.803129, Spread: 1.956673
Epoch 49/600, Total: 1727.865657, Node: 1002.477413, Link: 725.369497, Spread: 1.876453
Epoch 50/600, Total: 1710.032251, Node: 985.531929, Link: 724.482004, Spread: 1.830884
Epoch 51/600, Total: 1712.767213, Node: 991.783596, Link: 720.965950, Spread: 1.765856
Epoch 52/600, Total: 1715.835021, Node: 996.351248, Link: 719.466632, Spread: 1.713898
Epoch 53/600, Total: 1725.152307, Node: 1004.771513, Link: 720.364219, Spread: 1.657136
Epoch 54/600, Total: 1731.962195, Node: 1001.263691, Link: 730.682336, Spread: 1.618009
Epoch 55/600, Total: 1716.759124, Node: 993.548426, Link: 723.195083, Spread: 1.561948
Epoch 56/600, Total: 1734.210651, Node: 1000.624238, Link: 733.571171, Spread: 1.524245
Epoch 57/600, Total: 1734.158051, Node: 1003.953339, Link: 730.189867, Spread: 1.483965
Epoch 58/600, Total: 1706.525847, Node: 980.784649, Link: 725.726605, Spread: 1.456635
Epoch 59/600, Total: 1692.478623, Node: 970.547054, Link: 721.917134, Spread: 1.442506
Epoch 60/600, Total: 1736.094483, Node: 1001.239899, Link: 734.840086, Spread: 1.448513
Epoch 61/600, Total: 1702.878089, Node: 981.566329, Link: 721.297596, Spread: 1.416611
Epoch 62/600, Total: 1722.761520, Node: 988.225931, Link: 734.521431, Spread: 1.414950
Epoch 63/600, Total: 1693.687769, Node: 984.017253, Link: 709.656659, Spread: 1.386916
Epoch 64/600, Total: 1713.781994, Node: 992.528605, Link: 721.239643, Spread: 1.375348
Epoch 65/600, Total: 1715.713914, Node: 993.557280, Link: 722.143000, Spread: 1.364518
Epoch 66/600, Total: 1731.866165, Node: 989.706302, Link: 742.146186, Spread: 1.367230
Epoch 67/600, Total: 1702.017868, Node: 981.063106, Link: 720.941188, Spread: 1.358493
Epoch 68/600, Total: 1707.066586, Node: 983.725455, Link: 723.327621, Spread: 1.351680
Epoch 69/600, Total: 1703.713526, Node: 985.552794, Link: 718.147454, Spread: 1.326718
Epoch 70/600, Total: 1707.228505, Node: 982.499244, Link: 724.715922, Spread: 1.332209
Epoch 71/600, Total: 1721.465423, Node: 986.761136, Link: 734.691007, Spread: 1.328693
Epoch 72/600, Total: 1725.912631, Node: 993.721876, Link: 732.177464, Spread: 1.328265
Epoch 73/600, Total: 1721.957365, Node: 992.534268, Link: 729.409957, Spread: 1.313478
Epoch 74/600, Total: 1732.941822, Node: 995.994089, Link: 736.934749, Spread: 1.300002
Epoch 75/600, Total: 1723.268772, Node: 995.391420, Link: 727.864348, Spread: 1.301303
Epoch 76/600, Total: 1721.120804, Node: 994.636410, Link: 726.471363, Spread: 1.304373
Epoch 77/600, Total: 1719.972018, Node: 994.730689, Link: 725.228248, Spread: 1.306277
Epoch 78/600, Total: 1720.218781, Node: 994.705881, Link: 725.499891, Spread: 1.301422
Epoch 79/600, Total: 1719.478755, Node: 994.963748, Link: 724.502109, Spread: 1.288541
Epoch 80/600, Total: 1720.076109, Node: 997.781968, Link: 722.281359, Spread: 1.278939
Epoch 81/600, Total: 1726.512023, Node: 1003.450269, Link: 723.049090, Spread: 1.265463
Epoch 82/600, Total: 1727.932838, Node: 1004.404171, Link: 723.516007, Spread: 1.263836
Epoch 83/600, Total: 1726.871655, Node: 1003.472595, Link: 723.386464, Spread: 1.258881
Epoch 84/600, Total: 1727.648016, Node: 1003.763210, Link: 723.872239, Spread: 1.256880
Epoch 85/600, Total: 1727.213305, Node: 1002.577458, Link: 724.623333, Spread: 1.252517
Epoch 86/600, Total: 1730.930249, Node: 1005.778296, Link: 725.139403, Spread: 1.252583
Epoch 87/600, Total: 1729.905285, Node: 988.897241, Link: 740.995549, Spread: 1.249222
Epoch 88/600, Total: 1721.335063, Node: 996.198266, Link: 725.124467, Spread: 1.231896
Epoch 89/600, Total: 1728.588552, Node: 998.981847, Link: 729.594419, Spread: 1.228408
Epoch 90/600, Total: 1729.100467, Node: 998.808144, Link: 730.280084, Spread: 1.225442
Epoch 91/600, Total: 1729.185807, Node: 999.223852, Link: 729.949723, Spread: 1.222949
Epoch 92/600, Total: 1729.798525, Node: 998.966685, Link: 730.819642, Spread: 1.220478
Epoch 93/600, Total: 1729.716913, Node: 998.870940, Link: 730.833777, Spread: 1.217872
Epoch 94/600, Total: 1730.065029, Node: 998.901516, Link: 731.151348, Spread: 1.215115
Epoch 95/600, Total: 1729.683596, Node: 999.229250, Link: 730.442221, Spread: 1.212293
Epoch 96/600, Total: 1729.980697, Node: 999.173509, Link: 730.795100, Spread: 1.209380
Epoch 97/600, Total: 1729.624640, Node: 999.219179, Link: 730.393381, Spread: 1.206502
Epoch 98/600, Total: 1729.514719, Node: 999.247615, Link: 730.255058, Spread: 1.203635
Epoch 99/600, Total: 1729.201367, Node: 999.480093, Link: 729.709263, Spread: 1.200943
Epoch 100/600, Total: 1729.661285, Node: 999.247450, Link: 730.401854, Spread: 1.198243
Epoch 101/600, Total: 1729.232652, Node: 999.838896, Link: 729.381817, Spread: 1.193141
Epoch 102/600, Total: 1732.656826, Node: 1002.339875, Link: 730.305028, Spread: 1.191384
Epoch 103/600, Total: 1718.584700, Node: 999.152366, Link: 719.420449, Spread: 1.187690
Epoch 104/600, Total: 1712.235682, Node: 991.513470, Link: 720.710403, Spread: 1.181472
Epoch 105/600, Total: 1709.983488, Node: 990.297128, Link: 719.674594, Spread: 1.175193
Epoch 106/600, Total: 1715.464197, Node: 994.571974, Link: 720.880484, Spread: 1.172219
Epoch 107/600, Total: 1728.190063, Node: 997.779709, Link: 730.398633, Spread: 1.172530
Epoch 108/600, Total: 1728.992015, Node: 998.480383, Link: 730.499914, Spread: 1.173406
Epoch 109/600, Total: 1728.709253, Node: 998.672579, Link: 730.024944, Spread: 1.172522
Epoch 110/600, Total: 1728.573842, Node: 998.871971, Link: 729.690158, Spread: 1.171140
Epoch 111/600, Total: 1728.390955, Node: 999.036355, Link: 729.342920, Spread: 1.169343
Epoch 112/600, Total: 1728.219028, Node: 999.128873, Link: 729.078471, Spread: 1.167336
Epoch 113/600, Total: 1728.050628, Node: 999.215615, Link: 728.823366, Spread: 1.165221
Epoch 114/600, Total: 1727.903645, Node: 999.242180, Link: 728.649843, Spread: 1.163128
Epoch 115/600, Total: 1725.092713, Node: 996.825284, Link: 728.255805, Spread: 1.161713
Epoch 116/600, Total: 1727.495799, Node: 999.006286, Link: 728.477913, Spread: 1.160362
Epoch 117/600, Total: 1724.468941, Node: 998.388591, Link: 726.068767, Spread: 1.158757
Epoch 118/600, Total: 1721.109107, Node: 988.258936, Link: 732.838547, Spread: 1.160347
Epoch 119/600, Total: 1721.983350, Node: 996.482695, Link: 725.489176, Spread: 1.146287
Epoch 120/600, Total: 1705.054143, Node: 989.517693, Link: 715.525017, Spread: 1.142121
Epoch 121/600, Total: 1721.663188, Node: 996.767434, Link: 724.884417, Spread: 1.133649
Epoch 122/600, Total: 1728.013114, Node: 997.941418, Link: 730.060333, Spread: 1.136722
Epoch 123/600, Total: 1728.337468, Node: 998.510600, Link: 729.815486, Spread: 1.136589
Epoch 124/600, Total: 1727.992244, Node: 998.703156, Link: 729.277725, Spread: 1.135617
Epoch 125/600, Total: 1783.191989, Node: 1048.358040, Link: 734.822281, Spread: 1.166422
Epoch 126/600, Total: 1709.551299, Node: 1000.206078, Link: 709.333806, Spread: 1.142273
Epoch 127/600, Total: 1708.272925, Node: 989.418511, Link: 718.843209, Spread: 1.119221
Epoch 128/600, Total: 1709.997246, Node: 990.448535, Link: 719.537586, Spread: 1.112130
Epoch 129/600, Total: 1726.351586, Node: 998.455501, Link: 727.884995, Spread: 1.109644
Epoch 130/600, Total: 1714.531425, Node: 990.114147, Link: 724.406185, Spread: 1.109828
Epoch 131/600, Total: 1726.548839, Node: 998.519607, Link: 728.018159, Spread: 1.106764
Epoch 132/600, Total: 1727.694714, Node: 998.516805, Link: 729.166833, Spread: 1.107239
Epoch 133/600, Total: 1727.440537, Node: 998.328735, Link: 729.100726, Spread: 1.107535
Epoch 134/600, Total: 1727.007591, Node: 998.661518, Link: 728.334990, Spread: 1.106973
Epoch 135/600, Total: 1726.674064, Node: 998.741272, Link: 727.921731, Spread: 1.105932
Epoch 136/600, Total: 1726.382610, Node: 998.741853, Link: 727.629710, Spread: 1.104702
Epoch 137/600, Total: 1723.248340, Node: 996.618339, Link: 726.618966, Spread: 1.104116
Epoch 138/600, Total: 1726.845102, Node: 998.487933, Link: 728.346140, Spread: 1.103851
Epoch 139/600, Total: 1724.941124, Node: 998.028925, Link: 726.901184, Spread: 1.101336
Epoch 140/600, Total: 1725.750992, Node: 998.173465, Link: 727.566514, Spread: 1.100387
Epoch 141/600, Total: 1725.291046, Node: 998.163191, Link: 727.116873, Spread: 1.098996
Epoch 142/600, Total: 1724.432195, Node: 997.735924, Link: 726.685306, Spread: 1.096563
Epoch 143/600, Total: 1713.332194, Node: 990.254741, Link: 723.066499, Spread: 1.095995
Epoch 144/600, Total: 1711.301982, Node: 987.828841, Link: 723.462227, Spread: 1.092714
Epoch 145/600, Total: 1717.247169, Node: 994.529457, Link: 722.706824, Spread: 1.089494
Epoch 146/600, Total: 1709.654818, Node: 987.385339, Link: 722.258583, Spread: 1.088559
Epoch 147/600, Total: 1713.794456, Node: 992.121217, Link: 721.662364, Spread: 1.085623
Epoch 148/600, Total: 1711.368323, Node: 987.871320, Link: 723.486153, Spread: 1.084380
Epoch 149/600, Total: 1723.257318, Node: 996.858074, Link: 726.388437, Spread: 1.081063
Epoch 150/600, Total: 1724.382467, Node: 997.345391, Link: 727.026261, Spread: 1.080769
Epoch 151/600, Total: 1724.401588, Node: 998.378751, Link: 726.012027, Spread: 1.080754
Epoch 152/600, Total: 1771.177011, Node: 1042.032670, Link: 729.133311, Spread: 1.102715
Epoch 153/600, Total: 1708.644870, Node: 988.857604, Link: 719.776385, Spread: 1.086791
Epoch 154/600, Total: 1720.455195, Node: 996.453743, Link: 723.990596, Spread: 1.084521
Epoch 155/600, Total: 1724.635730, Node: 997.358735, Link: 727.266183, Spread: 1.080919
Epoch 156/600, Total: 1724.444981, Node: 997.336440, Link: 727.097781, Spread: 1.077135
Epoch 157/600, Total: 1725.092554, Node: 997.615012, Link: 727.466813, Spread: 1.072758
Epoch 158/600, Total: 1724.497220, Node: 997.383757, Link: 727.102756, Spread: 1.070066
Epoch 159/600, Total: 1724.363503, Node: 997.255498, Link: 727.097327, Spread: 1.068237
Epoch 160/600, Total: 1724.229949, Node: 997.123017, Link: 727.096272, Spread: 1.066812
Epoch 161/600, Total: 1724.081787, Node: 996.976925, Link: 727.094193, Spread: 1.065655
Epoch 162/600, Total: 1723.927560, Node: 996.822151, Link: 727.094770, Spread: 1.064716
Epoch 163/600, Total: 1723.769045, Node: 996.662734, Link: 727.095676, Spread: 1.063942
Epoch 164/600, Total: 1723.609190, Node: 996.503348, Link: 727.095210, Spread: 1.063291
Epoch 165/600, Total: 1723.463922, Node: 996.357982, Link: 727.095325, Spread: 1.062707
Epoch 166/600, Total: 1728.943506, Node: 997.954609, Link: 730.978303, Spread: 1.059982
Epoch 167/600, Total: 1707.917633, Node: 986.310641, Link: 721.596496, Spread: 1.051207
Epoch 168/600, Total: 1713.497874, Node: 992.235588, Link: 721.251813, Spread: 1.050304
Epoch 169/600, Total: 1718.758524, Node: 994.667345, Link: 724.080670, Spread: 1.050729
Epoch 170/600, Total: 1722.030324, Node: 995.741646, Link: 726.278178, Spread: 1.050467
Epoch 171/600, Total: 1699.210729, Node: 983.927303, Link: 715.272938, Spread: 1.048150
Epoch 172/600, Total: 1712.327635, Node: 990.980130, Link: 721.337020, Spread: 1.047402
Epoch 173/600, Total: 1718.984515, Node: 994.530263, Link: 724.443788, Spread: 1.046353
Epoch 174/600, Total: 1721.641868, Node: 995.386012, Link: 726.245385, Spread: 1.045308
Epoch 175/600, Total: 1721.204402, Node: 995.141923, Link: 726.052063, Spread: 1.043773
Epoch 176/600, Total: 1722.256114, Node: 995.599477, Link: 726.646214, Spread: 1.044034
Epoch 177/600, Total: 1707.739203, Node: 986.309927, Link: 721.418848, Spread: 1.042420
Epoch 178/600, Total: 1712.072129, Node: 993.869741, Link: 718.191932, Spread: 1.046756
Epoch 179/600, Total: 1720.599737, Node: 995.231401, Link: 725.357873, Spread: 1.045877
Epoch 180/600, Total: 1722.130697, Node: 995.726330, Link: 726.393942, Spread: 1.043794
Epoch 181/600, Total: 1722.469405, Node: 995.747911, Link: 726.711078, Spread: 1.041784
Epoch 182/600, Total: 1721.695744, Node: 995.373123, Link: 726.312214, Spread: 1.039646
Epoch 183/600, Total: 1721.879901, Node: 995.357133, Link: 726.512382, Spread: 1.037927
Epoch 184/600, Total: 1721.702638, Node: 995.156036, Link: 726.536237, Spread: 1.036874
Epoch 185/600, Total: 1721.305392, Node: 994.887986, Link: 726.407049, Spread: 1.035997
Epoch 186/600, Total: 1720.673125, Node: 994.548578, Link: 726.114198, Spread: 1.035169
Epoch 187/600, Total: 1719.258303, Node: 993.975666, Link: 725.272305, Spread: 1.034002
Epoch 188/600, Total: 1716.216264, Node: 992.871507, Link: 723.334429, Spread: 1.031798
Epoch 189/600, Total: 1715.395086, Node: 992.664698, Link: 722.720089, Spread: 1.028583
Epoch 190/600, Total: 1716.470294, Node: 993.078065, Link: 723.381977, Spread: 1.025732
Epoch 191/600, Total: 1715.777528, Node: 992.706286, Link: 723.060999, Spread: 1.023492
Epoch 192/600, Total: 1716.094019, Node: 992.817669, Link: 723.266126, Spread: 1.021214
Epoch 193/600, Total: 1715.398835, Node: 992.473096, Link: 722.915535, Spread: 1.019174
Epoch 194/600, Total: 1715.824250, Node: 992.629592, Link: 723.184479, Spread: 1.017063
Epoch 195/600, Total: 1715.642247, Node: 992.945729, Link: 722.685730, Spread: 1.077950
Epoch 196/600, Total: 1708.801719, Node: 986.975829, Link: 721.814790, Spread: 1.109305
Epoch 197/600, Total: 1720.399967, Node: 994.657997, Link: 725.731010, Spread: 1.097016
Epoch 198/600, Total: 1725.173142, Node: 994.216678, Link: 730.945524, Spread: 1.093209
Epoch 199/600, Total: 1694.670518, Node: 980.772721, Link: 713.886893, Spread: 1.091271
Epoch 200/600, Total: 1733.177202, Node: 1000.676369, Link: 732.489852, Spread: 1.098022
Epoch 201/600, Total: 1705.957178, Node: 986.539996, Link: 719.406290, Spread: 1.090564
Epoch 202/600, Total: 1709.675817, Node: 983.421308, Link: 726.243695, Spread: 1.082771
Epoch 203/600, Total: 1711.076362, Node: 988.986798, Link: 722.078782, Spread: 1.078420
Epoch 204/600, Total: 1721.505197, Node: 992.907031, Link: 728.587436, Spread: 1.072340
Epoch 205/600, Total: 1717.563749, Node: 991.047993, Link: 726.505101, Spread: 1.066476
Epoch 206/600, Total: 1718.857909, Node: 994.291479, Link: 724.555876, Spread: 1.054068
Epoch 207/600, Total: 1719.843882, Node: 992.903306, Link: 726.930083, Spread: 1.048557
Epoch 208/600, Total: 1714.274899, Node: 993.583322, Link: 720.681205, Spread: 1.036817
Epoch 209/600, Total: 1704.657095, Node: 981.906988, Link: 722.739675, Spread: 1.043226
Epoch 210/600, Total: 1713.533204, Node: 988.171063, Link: 725.351687, Spread: 1.045229
Epoch 211/600, Total: 1718.923811, Node: 991.537777, Link: 727.375667, Spread: 1.038892
Epoch 212/600, Total: 1718.843971, Node: 990.653324, Link: 728.180319, Spread: 1.033067
Epoch 213/600, Total: 1718.521096, Node: 991.508291, Link: 727.002547, Spread: 1.026179
Epoch 214/600, Total: 1718.419866, Node: 991.290010, Link: 727.119656, Spread: 1.020638
Epoch 215/600, Total: 1718.145766, Node: 991.365396, Link: 726.770209, Spread: 1.015369
Epoch 216/600, Total: 1718.045730, Node: 991.169632, Link: 726.865990, Spread: 1.011045
Epoch 217/600, Total: 1717.910608, Node: 991.133679, Link: 726.766864, Spread: 1.007126
Epoch 218/600, Total: 1717.738551, Node: 989.574992, Link: 728.153509, Spread: 1.004993
Epoch 219/600, Total: 1803.486551, Node: 1074.629561, Link: 728.846502, Spread: 1.047374
Epoch 220/600, Total: 1704.477829, Node: 986.430331, Link: 718.037312, Spread: 1.017518
Epoch 221/600, Total: 1716.935620, Node: 992.742506, Link: 724.182973, Spread: 1.014735
Epoch 222/600, Total: 1715.408664, Node: 992.476118, Link: 722.922414, Spread: 1.012716
Epoch 223/600, Total: 1716.637892, Node: 992.991207, Link: 723.636600, Spread: 1.010791
Epoch 224/600, Total: 1716.457292, Node: 992.823649, Link: 723.623534, Spread: 1.009295
Epoch 225/600, Total: 1716.194770, Node: 992.654563, Link: 723.530135, Spread: 1.007829
Epoch 226/600, Total: 1715.889753, Node: 992.467052, Link: 723.412636, Spread: 1.006377
Epoch 227/600, Total: 1719.045426, Node: 993.648499, Link: 725.386877, Spread: 1.005119
Epoch 228/600, Total: 1712.832743, Node: 990.819444, Link: 722.003237, Spread: 1.004429
Epoch 229/600, Total: 1714.916634, Node: 991.983649, Link: 722.922967, Spread: 1.002153
Epoch 230/600, Total: 1715.202458, Node: 991.995050, Link: 723.197381, Spread: 1.000658
Epoch 231/600, Total: 1714.529582, Node: 991.657171, Link: 722.862423, Spread: 0.999220
Epoch 232/600, Total: 1714.893479, Node: 991.776205, Link: 723.107274, Spread: 0.997684
Epoch 233/600, Total: 1713.873328, Node: 991.282796, Link: 722.580567, Spread: 0.996223
Epoch 234/600, Total: 1715.037459, Node: 991.759684, Link: 723.267827, Spread: 0.994682
Epoch 235/600, Total: 1712.516479, Node: 990.571789, Link: 721.934752, Spread: 0.993241
Epoch 236/600, Total: 1715.605365, Node: 991.929336, Link: 723.666113, Spread: 0.991559
Epoch 237/600, Total: 1710.203515, Node: 989.229087, Link: 720.964531, Spread: 0.989984
Epoch 238/600, Total: 1711.043001, Node: 989.901408, Link: 721.131712, Spread: 0.987323
Epoch 239/600, Total: 1715.246014, Node: 991.715798, Link: 723.520350, Spread: 0.985836
Epoch 240/600, Total: 1709.746388, Node: 988.889943, Link: 720.846588, Spread: 0.984563
Epoch 241/600, Total: 1709.909347, Node: 989.201875, Link: 720.697650, Spread: 0.981964
Epoch 242/600, Total: 1712.930414, Node: 990.687486, Link: 722.233133, Spread: 0.980379
Epoch 243/600, Total: 1714.304505, Node: 991.154107, Link: 723.140594, Spread: 0.979859
Epoch 244/600, Total: 1710.348862, Node: 989.207966, Link: 721.131107, Spread: 0.978876
Epoch 245/600, Total: 1713.883464, Node: 990.966528, Link: 722.907157, Spread: 0.977455
Epoch 246/600, Total: 1710.370572, Node: 989.187418, Link: 721.173392, Spread: 0.976485
Epoch 247/600, Total: 1714.156646, Node: 991.012135, Link: 723.134772, Spread: 0.975203
Epoch 248/600, Total: 1708.682610, Node: 988.079744, Link: 720.593129, Spread: 0.973737
Epoch 249/600, Total: 1706.716229, Node: 986.015049, Link: 720.691458, Spread: 0.970034
Epoch 250/600, Total: 1706.964567, Node: 985.795591, Link: 721.159278, Spread: 0.969038
Epoch 251/600, Total: 1706.394396, Node: 985.172548, Link: 721.212143, Spread: 0.968080
Epoch 252/600, Total: 1705.733071, Node: 984.547353, Link: 721.176032, Spread: 0.966914
Epoch 253/600, Total: 1703.991143, Node: 983.374562, Link: 720.606924, Spread: 0.966097
Epoch 254/600, Total: 1705.046412, Node: 985.140607, Link: 719.896148, Spread: 0.965705
Epoch 255/600, Total: 1704.731161, Node: 983.832935, Link: 720.888582, Spread: 0.963658
Epoch 256/600, Total: 1704.595998, Node: 984.389009, Link: 720.197367, Spread: 0.962748
Epoch 257/600, Total: 1703.722246, Node: 983.305366, Link: 720.407260, Spread: 0.960930
Epoch 258/600, Total: 1705.628009, Node: 986.686655, Link: 718.931747, Spread: 0.961419
Epoch 259/600, Total: 1703.850090, Node: 983.380700, Link: 720.459807, Spread: 0.958137
Epoch 260/600, Total: 1705.371455, Node: 986.174846, Link: 719.187023, Spread: 0.958040
Epoch 261/600, Total: 1703.621582, Node: 983.275018, Link: 720.336975, Spread: 0.956367
Epoch 262/600, Total: 1706.789127, Node: 987.500499, Link: 719.279051, Spread: 0.957688
Epoch 263/600, Total: 1708.155934, Node: 987.786465, Link: 720.359927, Spread: 0.954233
Epoch 264/600, Total: 1709.266633, Node: 988.390745, Link: 720.866369, Spread: 0.952380
Epoch 265/600, Total: 1712.334385, Node: 989.826986, Link: 722.497890, Spread: 0.951827
Epoch 266/600, Total: 1706.709115, Node: 986.239932, Link: 720.459671, Spread: 0.949764
Epoch 267/600, Total: 1703.999130, Node: 983.485699, Link: 720.503926, Spread: 0.950098
Epoch 268/600, Total: 1707.734671, Node: 987.951903, Link: 719.773226, Spread: 0.953057
Epoch 269/600, Total: 1707.888374, Node: 987.483394, Link: 720.395478, Spread: 0.950038
Epoch 270/600, Total: 1707.889795, Node: 987.481903, Link: 720.398410, Spread: 0.947782
Epoch 271/600, Total: 1708.362625, Node: 987.766464, Link: 720.586690, Spread: 0.946186
Epoch 272/600, Total: 1727.937239, Node: 1010.003202, Link: 717.924613, Spread: 0.942363
Epoch 273/600, Total: 1724.117642, Node: 994.183631, Link: 729.924520, Spread: 0.949026
Epoch 274/600, Total: 1705.591546, Node: 984.105524, Link: 721.476518, Spread: 0.950335
Epoch 275/600, Total: 1703.776801, Node: 983.103740, Link: 720.663531, Spread: 0.952054
Epoch 276/600, Total: 1703.862843, Node: 983.144143, Link: 720.709164, Spread: 0.953088
Epoch 277/600, Total: 1718.316795, Node: 998.409192, Link: 719.898043, Spread: 0.956049
Epoch 278/600, Total: 1713.799361, Node: 990.852279, Link: 722.937427, Spread: 0.965781
Epoch 279/600, Total: 1713.638438, Node: 990.036563, Link: 723.592244, Spread: 0.962325
Epoch 280/600, Total: 1703.870044, Node: 983.044271, Link: 720.816173, Spread: 0.959413
Epoch 281/600, Total: 1708.144377, Node: 988.068396, Link: 720.066382, Spread: 0.961666
Epoch 282/600, Total: 1704.983181, Node: 984.279137, Link: 720.694502, Spread: 0.954773
Epoch 283/600, Total: 1703.728416, Node: 983.330102, Link: 720.388787, Spread: 0.953353
Epoch 284/600, Total: 1710.519451, Node: 989.036143, Link: 721.473738, Spread: 0.957241
Epoch 285/600, Total: 1703.626307, Node: 982.941425, Link: 720.675339, Spread: 0.955212
Epoch 286/600, Total: 1711.915220, Node: 989.468445, Link: 722.437178, Spread: 0.959103
Epoch 287/600, Total: 1703.963610, Node: 983.351851, Link: 720.602198, Spread: 0.957009
Epoch 288/600, Total: 1710.468042, Node: 988.763605, Link: 721.694835, Spread: 0.958668
Epoch 289/600, Total: 1703.829401, Node: 983.280065, Link: 720.539808, Spread: 0.955430
Epoch 290/600, Total: 1710.953601, Node: 988.891605, Link: 722.052418, Spread: 0.957138
Epoch 291/600, Total: 1704.043743, Node: 983.539487, Link: 720.494706, Spread: 0.953939
Epoch 292/600, Total: 1708.721105, Node: 987.844850, Link: 720.866717, Spread: 0.953892
Epoch 293/600, Total: 1703.300214, Node: 982.690637, Link: 720.600100, Spread: 0.949463
Epoch 294/600, Total: 1712.209754, Node: 989.230749, Link: 722.969466, Spread: 0.952383
Epoch 295/600, Total: 1704.487486, Node: 983.912682, Link: 720.565296, Spread: 0.949549
Epoch 296/600, Total: 1706.545225, Node: 986.637743, Link: 719.898006, Spread: 0.947981
Epoch 297/600, Total: 1702.668012, Node: 982.192549, Link: 720.466067, Spread: 0.941402
Epoch 298/600, Total: 1712.942224, Node: 994.415591, Link: 718.517295, Spread: 0.934273
Epoch 299/600, Total: 1704.481992, Node: 984.066682, Link: 720.405917, Spread: 0.939082
Epoch 300/600, Total: 1703.274647, Node: 983.004670, Link: 720.260610, Spread: 0.936926
Epoch 301/600, Total: 1711.116117, Node: 988.701712, Link: 722.404995, Spread: 0.940898
Epoch 302/600, Total: 1771.072308, Node: 1052.397093, Link: 718.665497, Spread: 0.972287
Epoch 303/600, Total: 1749.861490, Node: 1033.359581, Link: 716.491814, Spread: 1.011148
Epoch 304/600, Total: 1765.293910, Node: 1048.356519, Link: 716.926912, Spread: 1.047165
Epoch 305/600, Total: 1734.937437, Node: 1023.284008, Link: 711.642851, Spread: 1.059101
Epoch 306/600, Total: 1707.311228, Node: 991.842581, Link: 715.457619, Spread: 1.102027
Epoch 307/600, Total: 1698.500779, Node: 987.199245, Link: 711.290296, Spread: 1.123215
Epoch 308/600, Total: 1687.698184, Node: 974.471302, Link: 713.215384, Spread: 1.149851
Epoch 309/600, Total: 1697.087739, Node: 983.205671, Link: 713.870274, Spread: 1.179487
Epoch 310/600, Total: 1717.689593, Node: 988.314850, Link: 729.362434, Spread: 1.229697
Epoch 311/600, Total: 1699.223857, Node: 984.867699, Link: 714.344199, Spread: 1.198358
Epoch 312/600, Total: 1681.146355, Node: 969.647449, Link: 711.486709, Spread: 1.218989
Epoch 313/600, Total: 1694.848917, Node: 976.464418, Link: 718.372022, Spread: 1.246402
Epoch 314/600, Total: 1696.168756, Node: 975.579361, Link: 720.576376, Spread: 1.299393
Epoch 315/600, Total: 1688.113593, Node: 970.570111, Link: 717.530435, Spread: 1.303904
Epoch 316/600, Total: 1704.737154, Node: 986.446751, Link: 718.277274, Spread: 1.311973
Epoch 317/600, Total: 1708.838316, Node: 990.445277, Link: 718.379350, Spread: 1.368168
Epoch 318/600, Total: 1696.096602, Node: 983.199503, Link: 712.883711, Spread: 1.339685
Epoch 319/600, Total: 1721.274247, Node: 993.140177, Link: 728.119668, Spread: 1.439900
Epoch 320/600, Total: 1711.228326, Node: 985.153541, Link: 726.059235, Spread: 1.554104
Epoch 321/600, Total: 1694.648091, Node: 977.509926, Link: 717.121668, Spread: 1.651209
Epoch 322/600, Total: 1694.365414, Node: 974.766669, Link: 719.581871, Spread: 1.687509
Epoch 323/600, Total: 1687.444844, Node: 975.619741, Link: 711.808477, Spread: 1.661154
Epoch 324/600, Total: 1692.942158, Node: 977.547578, Link: 715.377720, Spread: 1.687483
Epoch 325/600, Total: 1695.936491, Node: 980.906258, Link: 715.013038, Spread: 1.718634
Epoch 326/600, Total: 1714.729675, Node: 995.798012, Link: 718.914501, Spread: 1.715300
Epoch 327/600, Total: 1673.549444, Node: 961.215990, Link: 712.316039, Spread: 1.741918
Epoch 328/600, Total: 1683.955625, Node: 962.026893, Link: 721.911071, Spread: 1.765895
Epoch 329/600, Total: 1679.806996, Node: 961.876882, Link: 717.912109, Spread: 1.801464
Epoch 330/600, Total: 1680.645694, Node: 959.301823, Link: 721.325628, Spread: 1.825751
Epoch 331/600, Total: 1687.453353, Node: 957.011804, Link: 730.423231, Spread: 1.831432
Epoch 332/600, Total: 1676.070525, Node: 956.316128, Link: 719.736508, Spread: 1.787362
Epoch 333/600, Total: 1679.215326, Node: 961.767941, Link: 717.429463, Spread: 1.792666
Epoch 334/600, Total: 1677.119686, Node: 958.137184, Link: 718.964765, Spread: 1.773093
Epoch 335/600, Total: 1704.122712, Node: 979.722981, Link: 724.382284, Spread: 1.745775
Epoch 336/600, Total: 1705.653336, Node: 990.746225, Link: 714.890141, Spread: 1.695456
Epoch 337/600, Total: 1692.549218, Node: 975.190004, Link: 717.343061, Spread: 1.615638
Epoch 338/600, Total: 1701.779757, Node: 985.634164, Link: 716.129564, Spread: 1.602958
Epoch 339/600, Total: 1699.184360, Node: 974.130626, Link: 725.037556, Spread: 1.618103
Epoch 340/600, Total: 1684.025433, Node: 957.632599, Link: 726.376503, Spread: 1.632463
Epoch 341/600, Total: 1680.409929, Node: 958.095391, Link: 722.298163, Spread: 1.638434
Epoch 342/600, Total: 1679.296329, Node: 955.591063, Link: 723.688861, Spread: 1.640439
Epoch 343/600, Total: 1674.787995, Node: 954.745757, Link: 720.025583, Spread: 1.665059
Epoch 344/600, Total: 1692.634720, Node: 967.661124, Link: 724.956611, Spread: 1.698540
Epoch 345/600, Total: 1699.861891, Node: 978.107341, Link: 721.738114, Spread: 1.643072
Epoch 346/600, Total: 1684.721513, Node: 964.266632, Link: 720.438529, Spread: 1.636114
Epoch 347/600, Total: 1681.964168, Node: 958.416582, Link: 723.530725, Spread: 1.687624
Epoch 348/600, Total: 1692.150059, Node: 962.925974, Link: 729.206618, Spread: 1.746731
Epoch 349/600, Total: 1679.451996, Node: 959.194996, Link: 720.240208, Spread: 1.680287
Epoch 350/600, Total: 1684.453359, Node: 955.877957, Link: 728.558157, Spread: 1.723328
Epoch 351/600, Total: 1678.789382, Node: 958.357098, Link: 720.415081, Spread: 1.719591
Epoch 352/600, Total: 1675.826746, Node: 955.495948, Link: 720.313788, Spread: 1.701370
Epoch 353/600, Total: 1687.736225, Node: 961.079477, Link: 726.639539, Spread: 1.720336
Epoch 354/600, Total: 1679.225508, Node: 954.777242, Link: 724.430349, Spread: 1.791922
Epoch 355/600, Total: 1679.053596, Node: 954.600564, Link: 724.435294, Spread: 1.774321
Epoch 356/600, Total: 1676.925524, Node: 957.232421, Link: 719.675489, Spread: 1.762162
Epoch 357/600, Total: 1703.037874, Node: 981.903898, Link: 721.116983, Spread: 1.700135
Epoch 358/600, Total: 1680.385998, Node: 956.308108, Link: 724.060565, Spread: 1.735017
Epoch 359/600, Total: 1689.899199, Node: 968.507240, Link: 721.374771, Spread: 1.717278
Epoch 360/600, Total: 1676.925519, Node: 952.631166, Link: 724.276930, Spread: 1.742560
Epoch 361/600, Total: 1697.066626, Node: 967.212939, Link: 729.836315, Spread: 1.736355
Epoch 362/600, Total: 1677.614766, Node: 953.523879, Link: 724.073492, Spread: 1.739275
Epoch 363/600, Total: 1679.367179, Node: 954.788484, Link: 724.560953, Spread: 1.774911
Epoch 364/600, Total: 1694.948566, Node: 964.655149, Link: 730.275850, Spread: 1.756476
Epoch 365/600, Total: 1678.236639, Node: 959.224787, Link: 718.994815, Spread: 1.703935
Epoch 366/600, Total: 1675.765816, Node: 952.331082, Link: 723.417477, Spread: 1.724231
Epoch 367/600, Total: 1676.465770, Node: 953.787660, Link: 722.661367, Spread: 1.675930
Epoch 368/600, Total: 1687.999890, Node: 958.361053, Link: 729.621919, Spread: 1.692155
Epoch 369/600, Total: 1677.559163, Node: 954.925220, Link: 722.617733, Spread: 1.620025
Epoch 370/600, Total: 1687.736911, Node: 958.442378, Link: 729.278031, Spread: 1.649461
Epoch 371/600, Total: 1671.851972, Node: 958.227098, Link: 713.609001, Spread: 1.585540
Epoch 372/600, Total: 1674.258846, Node: 953.144608, Link: 721.097956, Spread: 1.629177
Epoch 373/600, Total: 1680.377308, Node: 952.664171, Link: 727.696752, Spread: 1.639417
Epoch 374/600, Total: 1684.847747, Node: 956.726668, Link: 728.104718, Spread: 1.635785
Epoch 375/600, Total: 1685.444507, Node: 954.334609, Link: 731.093996, Spread: 1.591392
Epoch 376/600, Total: 1682.826267, Node: 956.229106, Link: 726.581518, Spread: 1.563245
Epoch 377/600, Total: 1680.449930, Node: 951.753925, Link: 728.680734, Spread: 1.526834
Epoch 378/600, Total: 1675.317173, Node: 956.504937, Link: 718.796932, Spread: 1.531163
Epoch 379/600, Total: 1664.511750, Node: 950.190365, Link: 714.306208, Spread: 1.519103
Epoch 380/600, Total: 1666.520253, Node: 945.700626, Link: 720.804797, Spread: 1.483469
Epoch 381/600, Total: 1681.947785, Node: 952.280614, Link: 729.652250, Spread: 1.491126
Epoch 382/600, Total: 1680.857332, Node: 963.993081, Link: 716.849782, Spread: 1.445743
Epoch 383/600, Total: 1663.018781, Node: 946.160783, Link: 716.843752, Spread: 1.424069
Epoch 384/600, Total: 1659.654055, Node: 944.611808, Link: 715.027721, Spread: 1.452570
Epoch 385/600, Total: 1667.264102, Node: 949.859320, Link: 717.389844, Spread: 1.493108
Epoch 386/600, Total: 1664.697026, Node: 948.463328, Link: 716.218656, Spread: 1.504182
Epoch 387/600, Total: 1696.193067, Node: 960.868547, Link: 735.309158, Spread: 1.534762
Epoch 388/600, Total: 1675.196009, Node: 952.988485, Link: 722.192682, Spread: 1.483761
Epoch 389/600, Total: 1673.343178, Node: 953.578413, Link: 719.749754, Spread: 1.502831
Epoch 390/600, Total: 1658.149782, Node: 945.427851, Link: 712.707120, Spread: 1.479056
Epoch 391/600, Total: 1661.238525, Node: 948.553063, Link: 712.670864, Spread: 1.460160
Epoch 392/600, Total: 1663.159601, Node: 946.449625, Link: 716.695705, Spread: 1.427630
Epoch 393/600, Total: 1678.109008, Node: 952.814462, Link: 725.280360, Spread: 1.415732
Epoch 394/600, Total: 1686.739193, Node: 969.325637, Link: 717.399641, Spread: 1.391825
Epoch 395/600, Total: 1705.033367, Node: 970.575174, Link: 734.443817, Spread: 1.437770
Epoch 396/600, Total: 1668.585083, Node: 957.120188, Link: 711.450884, Spread: 1.401190
Epoch 397/600, Total: 1662.576588, Node: 947.841628, Link: 714.720925, Spread: 1.404254
Epoch 398/600, Total: 1681.697589, Node: 958.338370, Link: 723.344760, Spread: 1.446794
Epoch 399/600, Total: 1662.744290, Node: 946.916646, Link: 715.813503, Spread: 1.413176
Epoch 400/600, Total: 1660.064832, Node: 943.707440, Link: 716.343495, Spread: 1.388924
Epoch 401/600, Total: 1648.181571, Node: 934.203670, Link: 713.964212, Spread: 1.369015
Epoch 402/600, Total: 1650.602720, Node: 937.094493, Link: 713.494676, Spread: 1.354151
Epoch 403/600, Total: 1659.117854, Node: 945.426646, Link: 713.677832, Spread: 1.338114
Epoch 404/600, Total: 1664.940951, Node: 948.349265, Link: 716.578386, Spread: 1.330417
Epoch 405/600, Total: 1672.778909, Node: 951.118443, Link: 721.646823, Spread: 1.364884
Epoch 406/600, Total: 1663.410398, Node: 945.295609, Link: 718.101082, Spread: 1.372495
Epoch 407/600, Total: 1654.014510, Node: 940.692082, Link: 713.309334, Spread: 1.309059
Epoch 408/600, Total: 1662.287951, Node: 944.732331, Link: 717.542439, Spread: 1.318546
Epoch 409/600, Total: 1662.806015, Node: 937.152817, Link: 725.639935, Spread: 1.326831
Epoch 410/600, Total: 1691.732726, Node: 960.190535, Link: 731.528937, Spread: 1.323994
Epoch 411/600, Total: 1659.420315, Node: 944.684478, Link: 714.723066, Spread: 1.275948
Epoch 412/600, Total: 1707.741907, Node: 975.531817, Link: 732.196849, Spread: 1.324026
Epoch 413/600, Total: 1655.359654, Node: 938.318369, Link: 717.028411, Spread: 1.285810
Epoch 414/600, Total: 1655.607410, Node: 939.839465, Link: 715.755507, Spread: 1.243788
Epoch 415/600, Total: 1678.710944, Node: 959.061126, Link: 719.637528, Spread: 1.228733
Epoch 416/600, Total: 1665.800250, Node: 948.434629, Link: 717.353446, Spread: 1.217504
Epoch 417/600, Total: 1676.820221, Node: 945.741832, Link: 731.066115, Spread: 1.227804
Epoch 418/600, Total: 1654.522389, Node: 940.558387, Link: 713.952069, Spread: 1.193042
Epoch 419/600, Total: 1663.071129, Node: 944.766879, Link: 718.292430, Spread: 1.180941
Epoch 420/600, Total: 1667.866796, Node: 946.428986, Link: 721.426006, Spread: 1.181359
Epoch 421/600, Total: 1660.733882, Node: 944.107942, Link: 716.614140, Spread: 1.179801
Epoch 422/600, Total: 1670.511468, Node: 954.919743, Link: 715.579987, Spread: 1.174363
Epoch 423/600, Total: 1664.962584, Node: 949.731365, Link: 715.219566, Spread: 1.164339
Epoch 424/600, Total: 1679.471863, Node: 955.257449, Link: 724.202529, Spread: 1.189376
Epoch 425/600, Total: 1661.371044, Node: 945.238095, Link: 716.120907, Spread: 1.203523
Epoch 426/600, Total: 1677.735341, Node: 957.963934, Link: 719.759508, Spread: 1.192370
Epoch 427/600, Total: 1667.483039, Node: 948.448965, Link: 719.022256, Spread: 1.182115
Epoch 428/600, Total: 1661.010747, Node: 946.239392, Link: 714.759598, Spread: 1.175519
Epoch 429/600, Total: 1657.443943, Node: 942.946688, Link: 714.485615, Spread: 1.164596
Epoch 430/600, Total: 1658.229288, Node: 946.002949, Link: 712.214872, Spread: 1.147342
Epoch 431/600, Total: 1709.234837, Node: 968.865032, Link: 740.357734, Spread: 1.206647
Epoch 432/600, Total: 1658.442938, Node: 942.023980, Link: 716.407298, Spread: 1.165801
Epoch 433/600, Total: 1668.021542, Node: 953.074731, Link: 714.935248, Spread: 1.156657
Epoch 434/600, Total: 1665.066241, Node: 944.013046, Link: 721.041580, Spread: 1.161341
Epoch 435/600, Total: 1667.421594, Node: 946.817912, Link: 720.592110, Spread: 1.157805
Epoch 436/600, Total: 1704.325705, Node: 985.886627, Link: 718.427306, Spread: 1.175481
Epoch 437/600, Total: 1690.424145, Node: 960.674787, Link: 729.737248, Spread: 1.208912
Epoch 438/600, Total: 1651.727288, Node: 941.313120, Link: 710.402588, Spread: 1.157695
Epoch 439/600, Total: 1673.282621, Node: 954.081101, Link: 719.189838, Spread: 1.170237
Epoch 440/600, Total: 1677.327100, Node: 955.928339, Link: 721.387131, Spread: 1.162476
Epoch 441/600, Total: 1671.714511, Node: 951.775416, Link: 719.927461, Spread: 1.163479
Epoch 442/600, Total: 1676.939460, Node: 951.346606, Link: 725.581147, Spread: 1.170950
Epoch 443/600, Total: 1655.545084, Node: 942.384447, Link: 713.149149, Spread: 1.148886
Epoch 444/600, Total: 1666.700290, Node: 950.227188, Link: 716.461589, Spread: 1.151700
Epoch 445/600, Total: 1653.861489, Node: 939.312241, Link: 714.537548, Spread: 1.170609
Epoch 446/600, Total: 1647.605901, Node: 937.094489, Link: 710.499917, Spread: 1.150975
Epoch 447/600, Total: 1667.484569, Node: 949.222802, Link: 718.250099, Spread: 1.167672
Epoch 448/600, Total: 1653.277535, Node: 933.502164, Link: 719.763829, Spread: 1.154879
Epoch 449/600, Total: 1671.053705, Node: 953.688399, Link: 717.353947, Spread: 1.135899
Epoch 450/600, Total: 1642.649879, Node: 928.598375, Link: 714.039824, Spread: 1.167345
Epoch 451/600, Total: 1643.669703, Node: 929.349371, Link: 714.308812, Spread: 1.152202
Epoch 452/600, Total: 1643.173564, Node: 925.994476, Link: 717.167529, Spread: 1.156336
Epoch 453/600, Total: 1680.738311, Node: 958.808813, Link: 721.917934, Spread: 1.156885
Epoch 454/600, Total: 1681.754911, Node: 952.903242, Link: 728.839953, Spread: 1.170724
Epoch 455/600, Total: 1669.030866, Node: 956.047645, Link: 712.971805, Spread: 1.143901
Epoch 456/600, Total: 1667.807160, Node: 947.428643, Link: 720.366990, Spread: 1.152369
Epoch 457/600, Total: 1670.318252, Node: 952.358960, Link: 717.947807, Spread: 1.149929
Epoch 458/600, Total: 1636.321290, Node: 922.685918, Link: 713.623812, Spread: 1.157136
Epoch 459/600, Total: 1696.350757, Node: 977.866250, Link: 718.472722, Spread: 1.179584
Epoch 460/600, Total: 1709.786829, Node: 972.715374, Link: 737.059274, Spread: 1.219826
Epoch 461/600, Total: 1639.666595, Node: 925.821595, Link: 713.833047, Spread: 1.195509
Epoch 462/600, Total: 1659.289409, Node: 945.852566, Link: 713.425033, Spread: 1.180894
Epoch 463/600, Total: 1665.146692, Node: 943.795642, Link: 721.339288, Spread: 1.176492
Epoch 464/600, Total: 1667.966667, Node: 953.905981, Link: 714.049189, Spread: 1.149903
Epoch 465/600, Total: 1726.962260, Node: 971.878986, Link: 755.071550, Spread: 1.172329
Epoch 466/600, Total: 1671.667385, Node: 951.324604, Link: 720.331067, Spread: 1.172373
Epoch 467/600, Total: 1690.624570, Node: 976.465937, Link: 714.147155, Spread: 1.148634
Epoch 468/600, Total: 1703.818206, Node: 972.452559, Link: 731.353744, Spread: 1.188818
Epoch 469/600, Total: 1679.693177, Node: 954.742951, Link: 724.938378, Spread: 1.184014
Epoch 470/600, Total: 1671.682217, Node: 952.804368, Link: 718.866307, Spread: 1.153634
Epoch 471/600, Total: 1672.192512, Node: 957.245455, Link: 714.935563, Spread: 1.149478
Epoch 472/600, Total: 1631.423323, Node: 919.381812, Link: 712.030047, Spread: 1.147443
Epoch 473/600, Total: 1642.375732, Node: 929.818375, Link: 712.545973, Spread: 1.136849
Epoch 474/600, Total: 1660.383014, Node: 946.126213, Link: 714.245273, Spread: 1.152882
Epoch 475/600, Total: 1689.414236, Node: 964.059119, Link: 725.343483, Spread: 1.161698
Epoch 476/600, Total: 1695.573790, Node: 980.449594, Link: 715.112345, Spread: 1.185660
Epoch 477/600, Total: 1691.290295, Node: 959.013812, Link: 732.264311, Spread: 1.217343
Epoch 478/600, Total: 1659.421659, Node: 945.220942, Link: 714.188885, Spread: 1.183551
Epoch 479/600, Total: 1685.543650, Node: 960.566346, Link: 724.965192, Spread: 1.211622
Epoch 480/600, Total: 1668.700133, Node: 949.646226, Link: 719.041742, Spread: 1.217795
Epoch 481/600, Total: 1675.340223, Node: 951.485323, Link: 723.842958, Spread: 1.193441
Epoch 482/600, Total: 1668.820827, Node: 947.544184, Link: 721.265013, Spread: 1.161995
Epoch 483/600, Total: 1669.138949, Node: 954.421020, Link: 714.706546, Spread: 1.139277
Epoch 484/600, Total: 1678.126754, Node: 960.263289, Link: 717.851947, Spread: 1.151239
Epoch 485/600, Total: 1662.412420, Node: 946.431033, Link: 715.969741, Spread: 1.165087
Epoch 486/600, Total: 1676.056784, Node: 953.358384, Link: 722.686433, Spread: 1.197736
Epoch 487/600, Total: 1699.717758, Node: 960.627719, Link: 739.077887, Spread: 1.215992
Epoch 488/600, Total: 1680.529097, Node: 962.866327, Link: 717.651185, Spread: 1.159329
Epoch 489/600, Total: 1678.850862, Node: 962.921778, Link: 715.917448, Spread: 1.162387
Epoch 490/600, Total: 1654.874949, Node: 941.306548, Link: 713.556597, Spread: 1.180954
Epoch 491/600, Total: 1659.243814, Node: 945.893442, Link: 713.338644, Spread: 1.173596
Epoch 492/600, Total: 1672.165016, Node: 953.617462, Link: 718.535673, Spread: 1.189823
Epoch 493/600, Total: 1662.514566, Node: 948.486882, Link: 714.015773, Spread: 1.190729
Epoch 494/600, Total: 1662.331112, Node: 945.159885, Link: 717.159274, Spread: 1.196806
Epoch 495/600, Total: 1649.933057, Node: 934.593797, Link: 715.327296, Spread: 1.195346
Epoch 496/600, Total: 1660.609077, Node: 942.773701, Link: 717.823300, Spread: 1.207895
Epoch 497/600, Total: 1660.461184, Node: 947.592895, Link: 712.856277, Spread: 1.200276
Epoch 498/600, Total: 1661.624588, Node: 948.425632, Link: 713.186955, Spread: 1.201002
Epoch 499/600, Total: 1672.037534, Node: 950.240608, Link: 721.784640, Spread: 1.229231
Epoch 500/600, Total: 1676.355126, Node: 961.666974, Link: 714.676115, Spread: 1.202286
Epoch 501/600, Total: 1679.170802, Node: 961.527573, Link: 717.630920, Spread: 1.229661
Epoch 502/600, Total: 1679.712945, Node: 958.290180, Link: 721.410169, Spread: 1.258695
Epoch 503/600, Total: 1678.660102, Node: 957.463700, Link: 721.183641, Spread: 1.273875
Epoch 504/600, Total: 1670.902076, Node: 952.212945, Link: 718.676626, Spread: 1.250324
Epoch 505/600, Total: 1646.358078, Node: 933.266243, Link: 713.079439, Spread: 1.238867
Epoch 506/600, Total: 1668.103765, Node: 953.178545, Link: 714.912727, Spread: 1.249673
Epoch 507/600, Total: 1662.536766, Node: 944.711910, Link: 717.812214, Spread: 1.264547
Epoch 508/600, Total: 1683.879070, Node: 959.867410, Link: 723.998964, Spread: 1.270680
Epoch 509/600, Total: 1666.888238, Node: 951.622226, Link: 715.253539, Spread: 1.247080
Epoch 510/600, Total: 1655.484263, Node: 943.044027, Link: 712.427937, Spread: 1.230502
Epoch 511/600, Total: 1660.641479, Node: 940.499836, Link: 720.128485, Spread: 1.314623
Epoch 512/600, Total: 1662.017209, Node: 948.448149, Link: 713.556441, Spread: 1.262637
Epoch 513/600, Total: 1680.906051, Node: 952.354181, Link: 728.538429, Spread: 1.344780
Epoch 514/600, Total: 1685.070801, Node: 965.851449, Link: 719.206043, Spread: 1.331963
Epoch 515/600, Total: 1678.642463, Node: 953.558869, Link: 725.069841, Spread: 1.373562
Epoch 516/600, Total: 1693.567633, Node: 961.351251, Link: 732.202466, Spread: 1.392280
Epoch 517/600, Total: 1689.727621, Node: 958.194646, Link: 731.519311, Spread: 1.366491
Epoch 518/600, Total: 1647.364130, Node: 932.848962, Link: 714.501958, Spread: 1.321183
Epoch 519/600, Total: 1659.923276, Node: 939.176594, Link: 720.733788, Spread: 1.289206
Epoch 520/600, Total: 1663.850112, Node: 947.859927, Link: 715.977422, Spread: 1.275732
Epoch 521/600, Total: 1670.534677, Node: 951.510880, Link: 719.010857, Spread: 1.295537
Epoch 522/600, Total: 1674.149396, Node: 947.863047, Link: 726.273102, Spread: 1.325693
Epoch 523/600, Total: 1710.265155, Node: 984.695746, Link: 725.556574, Spread: 1.283607
Epoch 524/600, Total: 1704.212554, Node: 981.221835, Link: 722.977612, Spread: 1.310975
Epoch 525/600, Total: 1666.168370, Node: 949.655981, Link: 716.499256, Spread: 1.312651
Epoch 526/600, Total: 1672.278996, Node: 950.964197, Link: 721.301651, Spread: 1.314866
Epoch 527/600, Total: 1694.522633, Node: 975.043917, Link: 719.465371, Spread: 1.334336
Epoch 528/600, Total: 1676.020235, Node: 949.397145, Link: 726.609467, Spread: 1.360701
Epoch 529/600, Total: 1675.306164, Node: 951.144662, Link: 724.148144, Spread: 1.336267
Epoch 530/600, Total: 1649.142785, Node: 935.974426, Link: 713.155323, Spread: 1.301944
Epoch 531/600, Total: 1656.446874, Node: 940.403553, Link: 716.030506, Spread: 1.279458
Epoch 532/600, Total: 1670.657677, Node: 953.542522, Link: 717.102230, Spread: 1.292533
Epoch 533/600, Total: 1662.208415, Node: 947.760951, Link: 714.434434, Spread: 1.303678
Epoch 534/600, Total: 1670.442962, Node: 952.574544, Link: 717.855443, Spread: 1.297082
Epoch 535/600, Total: 1667.794037, Node: 952.483789, Link: 715.297204, Spread: 1.303432
Epoch 536/600, Total: 1647.186689, Node: 930.918996, Link: 716.254703, Spread: 1.297653
Epoch 537/600, Total: 1654.716478, Node: 936.354308, Link: 718.349111, Spread: 1.304310
Epoch 538/600, Total: 1683.194868, Node: 956.374040, Link: 726.807527, Spread: 1.331103
Epoch 539/600, Total: 1686.839930, Node: 963.303616, Link: 723.522892, Spread: 1.341265
Epoch 540/600, Total: 1641.245597, Node: 930.499920, Link: 710.732614, Spread: 1.305273
Epoch 541/600, Total: 1658.189662, Node: 942.208358, Link: 715.968210, Spread: 1.307073
Epoch 542/600, Total: 1666.290204, Node: 944.086737, Link: 722.190186, Spread: 1.326425
Epoch 543/600, Total: 1675.521507, Node: 950.330306, Link: 725.177413, Spread: 1.378095
Epoch 544/600, Total: 1655.438757, Node: 942.485186, Link: 712.940370, Spread: 1.320175
Epoch 545/600, Total: 1666.589397, Node: 947.750670, Link: 718.825335, Spread: 1.340208
Epoch 546/600, Total: 1664.053556, Node: 953.088437, Link: 710.952060, Spread: 1.305880
Epoch 547/600, Total: 1647.198640, Node: 930.986657, Link: 716.198369, Spread: 1.362319
Epoch 548/600, Total: 1681.901309, Node: 964.810216, Link: 717.077837, Spread: 1.326844
Epoch 549/600, Total: 1672.122569, Node: 953.779757, Link: 718.329401, Spread: 1.343820
Epoch 550/600, Total: 1642.768662, Node: 925.407746, Link: 717.347813, Spread: 1.311645
Epoch 551/600, Total: 1648.852994, Node: 935.540678, Link: 713.299429, Spread: 1.287732
Epoch 552/600, Total: 1693.450988, Node: 973.372775, Link: 720.064858, Spread: 1.334910
Epoch 553/600, Total: 1707.109672, Node: 987.613742, Link: 719.482619, Spread: 1.329492
Epoch 554/600, Total: 1698.013107, Node: 980.140605, Link: 717.859092, Spread: 1.339739
Epoch 555/600, Total: 1689.731411, Node: 957.239443, Link: 732.477810, Spread: 1.415259
Epoch 556/600, Total: 1662.980194, Node: 937.891979, Link: 725.074371, Spread: 1.383642
Epoch 557/600, Total: 1678.569636, Node: 951.181688, Link: 727.374334, Spread: 1.360407
Epoch 558/600, Total: 1652.520732, Node: 937.340642, Link: 715.167202, Spread: 1.288607
Epoch 559/600, Total: 1670.341020, Node: 956.887232, Link: 713.441198, Spread: 1.258151
Epoch 560/600, Total: 1669.840449, Node: 947.061728, Link: 722.765812, Spread: 1.290657
Epoch 561/600, Total: 1671.133654, Node: 946.513880, Link: 724.606559, Spread: 1.321659
Epoch 562/600, Total: 1660.636966, Node: 945.467933, Link: 715.155993, Spread: 1.304518
Epoch 563/600, Total: 1665.347819, Node: 951.527055, Link: 713.808050, Spread: 1.271979
Epoch 564/600, Total: 1663.064460, Node: 943.848670, Link: 719.202782, Spread: 1.300895
Epoch 565/600, Total: 1678.934925, Node: 962.310233, Link: 716.611792, Spread: 1.289685
Epoch 566/600, Total: 1693.889861, Node: 971.674161, Link: 722.202668, Spread: 1.303933
Epoch 567/600, Total: 1710.721457, Node: 986.927150, Link: 723.780856, Spread: 1.344964
Epoch 568/600, Total: 1672.649437, Node: 957.771918, Link: 714.863691, Spread: 1.383100
Epoch 569/600, Total: 1670.199410, Node: 948.654633, Link: 721.530916, Spread: 1.384756
Epoch 570/600, Total: 1642.718726, Node: 928.515885, Link: 714.189411, Spread: 1.344870
Epoch 571/600, Total: 1651.112575, Node: 940.020816, Link: 711.078827, Spread: 1.294225
Epoch 572/600, Total: 1659.336702, Node: 944.321815, Link: 715.001848, Spread: 1.304759
Epoch 573/600, Total: 1693.464166, Node: 976.251449, Link: 717.199998, Spread: 1.269633
Epoch 574/600, Total: 1708.016750, Node: 972.034813, Link: 735.968460, Spread: 1.348524
Epoch 575/600, Total: 1676.558031, Node: 955.736908, Link: 720.807732, Spread: 1.339870
Epoch 576/600, Total: 1659.835980, Node: 946.421586, Link: 713.401088, Spread: 1.332706
Epoch 577/600, Total: 1653.599516, Node: 941.673022, Link: 711.913413, Spread: 1.307606
Epoch 578/600, Total: 1661.884491, Node: 949.176132, Link: 712.695500, Spread: 1.285437
Epoch 579/600, Total: 1686.618390, Node: 966.191219, Link: 720.413976, Spread: 1.319828
Epoch 580/600, Total: 1665.196496, Node: 945.472528, Link: 719.710191, Spread: 1.378098
Epoch 581/600, Total: 1656.550840, Node: 944.709076, Link: 711.828516, Spread: 1.324678
Epoch 582/600, Total: 1692.688980, Node: 961.398815, Link: 731.276395, Spread: 1.376157
Epoch 583/600, Total: 1682.569105, Node: 953.055742, Link: 729.499236, Spread: 1.413039
Epoch 584/600, Total: 1666.948944, Node: 945.254986, Link: 721.680117, Spread: 1.384039
Epoch 585/600, Total: 1668.299917, Node: 949.822383, Link: 718.464305, Spread: 1.324774
Epoch 586/600, Total: 1663.444594, Node: 938.400765, Link: 725.030389, Spread: 1.343066
Epoch 587/600, Total: 1698.946550, Node: 965.118610, Link: 733.814052, Spread: 1.388913
Epoch 588/600, Total: 1667.303041, Node: 945.776669, Link: 721.512291, Spread: 1.409118
Epoch 589/600, Total: 1643.417914, Node: 931.415136, Link: 711.989556, Spread: 1.323601
Epoch 590/600, Total: 1666.254430, Node: 948.293059, Link: 717.948040, Spread: 1.333505
Epoch 591/600, Total: 1673.998485, Node: 959.207399, Link: 714.777577, Spread: 1.349446
Epoch 592/600, Total: 1666.572192, Node: 949.880227, Link: 716.678587, Spread: 1.338846
Epoch 593/600, Total: 1657.874484, Node: 938.179204, Link: 719.681623, Spread: 1.365723
Epoch 594/600, Total: 1643.149416, Node: 929.127029, Link: 714.008893, Spread: 1.349290
Epoch 595/600, Total: 1665.346489, Node: 949.304217, Link: 716.029043, Spread: 1.321933
Epoch 596/600, Total: 1707.465878, Node: 974.104693, Link: 733.347000, Spread: 1.418192
Epoch 597/600, Total: 1707.164762, Node: 975.867126, Link: 731.283429, Spread: 1.421664
Epoch 598/600, Total: 1679.756021, Node: 956.390153, Link: 723.351768, Spread: 1.410625
Epoch 599/600, Total: 1665.174197, Node: 939.289260, Link: 725.871083, Spread: 1.385327
Epoch 600/600, Total: 1665.727008, Node: 951.865065, Link: 713.848402, Spread: 1.353499
Saved sweep result to: /homes/dameyer/ml-for-wdn-project-4/results/aggregated/gnn_training_sweep/net1_buffer=15_rollout=10_seed=42.json
Table value: 951.865065
