================================
GNN training sweep
Job ID: 242705
Task ID: 34
Buffer size: 25
Rollout length: 20
================================
Running GNN sweep: dataset=Net1, buffer=25, rollout=20
Epoch 1/600, Total: 3764.857405, Node: 1471.059628, Link: 2293.051542, Spread: 74.618812
Epoch 2/600, Total: 2137.597425, Node: 1274.109352, Link: 862.500193, Spread: 98.790517
Epoch 3/600, Total: 1970.007803, Node: 1233.641945, Link: 735.343376, Spread: 102.251203
Epoch 4/600, Total: 1923.260372, Node: 1189.903190, Link: 732.356656, Spread: 100.054438
Epoch 5/600, Total: 1907.480373, Node: 1173.288117, Link: 733.225407, Spread: 96.683077
Epoch 6/600, Total: 1879.769148, Node: 1145.327979, Link: 733.506618, Spread: 93.455002
Epoch 7/600, Total: 1855.904152, Node: 1121.463242, Link: 733.540848, Spread: 90.005297
Epoch 8/600, Total: 1839.740137, Node: 1106.769800, Link: 732.108132, Spread: 86.221220
Epoch 9/600, Total: 1813.584337, Node: 1085.484229, Link: 727.266325, Spread: 83.377980
Epoch 10/600, Total: 1808.012709, Node: 1079.694256, Link: 727.512625, Spread: 80.584146
Epoch 11/600, Total: 1808.643255, Node: 1076.213794, Link: 731.655010, Spread: 77.443689
Epoch 12/600, Total: 1792.257656, Node: 1062.388195, Link: 729.125961, Spread: 74.351034
Epoch 13/600, Total: 1793.126640, Node: 1063.376851, Link: 729.032688, Spread: 71.711421
Epoch 14/600, Total: 1783.089424, Node: 1056.783171, Link: 725.622958, Spread: 68.327562
Epoch 15/600, Total: 1776.232788, Node: 1047.793780, Link: 727.782868, Spread: 65.619131
Epoch 16/600, Total: 1763.348587, Node: 1039.820573, Link: 722.898576, Spread: 62.941701
Epoch 17/600, Total: 1764.392622, Node: 1037.821878, Link: 725.963058, Spread: 60.769735
Epoch 18/600, Total: 1760.250986, Node: 1037.450591, Link: 722.214671, Spread: 58.574115
Epoch 19/600, Total: 1765.617332, Node: 1042.373909, Link: 722.680063, Spread: 56.334540
Epoch 20/600, Total: 1764.403128, Node: 1045.192189, Link: 718.668734, Spread: 54.222004
Epoch 21/600, Total: 1767.533543, Node: 1036.954771, Link: 730.057720, Spread: 52.107490
Epoch 22/600, Total: 1744.157557, Node: 1030.376278, Link: 713.276511, Spread: 50.472830
Epoch 23/600, Total: 1736.693682, Node: 1020.090932, Link: 716.116114, Spread: 48.661059
Epoch 24/600, Total: 1719.815695, Node: 1008.442772, Link: 710.900914, Spread: 47.199547
Epoch 25/600, Total: 1712.660881, Node: 1001.372042, Link: 710.841899, Spread: 44.693962
Epoch 26/600, Total: 1744.706507, Node: 1022.994943, Link: 721.295291, Spread: 41.625911
Epoch 27/600, Total: 1745.011953, Node: 1034.896743, Link: 709.711266, Spread: 40.395702
Epoch 28/600, Total: 1716.227972, Node: 1001.792521, Link: 714.051231, Spread: 38.423035
Epoch 29/600, Total: 1720.263647, Node: 1007.017207, Link: 712.879508, Spread: 36.691405
Epoch 30/600, Total: 1709.994781, Node: 1000.339940, Link: 709.300014, Spread: 35.483501
Epoch 31/600, Total: 1709.859293, Node: 1000.610269, Link: 708.910087, Spread: 33.894931
Epoch 32/600, Total: 1726.234945, Node: 1006.230594, Link: 719.684784, Spread: 31.958153
Epoch 33/600, Total: 1707.080137, Node: 1002.970048, Link: 703.806254, Spread: 30.385351
Epoch 34/600, Total: 1716.346512, Node: 1004.988413, Link: 711.078306, Spread: 27.978895
Epoch 35/600, Total: 1701.016172, Node: 997.874152, Link: 702.877496, Spread: 26.451042
Epoch 36/600, Total: 1698.358707, Node: 998.090813, Link: 700.017800, Spread: 25.009355
Epoch 37/600, Total: 1697.626978, Node: 989.755329, Link: 707.642580, Spread: 22.907019
Epoch 38/600, Total: 1698.004141, Node: 987.891970, Link: 709.895035, Spread: 21.714942
Epoch 39/600, Total: 1723.724735, Node: 1015.033524, Link: 708.482108, Spread: 20.910384
Epoch 40/600, Total: 1700.277079, Node: 993.835428, Link: 706.240690, Spread: 20.097281
Epoch 41/600, Total: 1702.425467, Node: 993.467275, Link: 708.765424, Spread: 19.277165
Epoch 42/600, Total: 1692.187353, Node: 988.159459, Link: 703.842549, Spread: 18.537882
Epoch 43/600, Total: 1704.752125, Node: 995.518287, Link: 709.056495, Spread: 17.732851
Epoch 44/600, Total: 1689.296316, Node: 987.479086, Link: 701.659137, Spread: 15.813192
Epoch 45/600, Total: 1696.747402, Node: 994.946622, Link: 701.650785, Spread: 14.997407
Epoch 46/600, Total: 1660.871456, Node: 966.552094, Link: 694.176292, Spread: 14.307937
Epoch 47/600, Total: 1660.342829, Node: 977.036939, Link: 683.174207, Spread: 13.168574
Epoch 48/600, Total: 1664.863611, Node: 982.825567, Link: 681.913369, Spread: 12.468104
Epoch 49/600, Total: 1662.720789, Node: 980.460471, Link: 682.142718, Spread: 11.759093
Epoch 50/600, Total: 1671.234915, Node: 994.421369, Link: 676.699352, Spread: 11.419801
Epoch 51/600, Total: 1657.060686, Node: 972.089083, Link: 684.864673, Spread: 10.692369
Epoch 52/600, Total: 1640.954130, Node: 964.427339, Link: 676.427697, Spread: 9.910108
Epoch 53/600, Total: 1648.347309, Node: 967.627769, Link: 680.625658, Spread: 9.387057
Epoch 54/600, Total: 1658.511539, Node: 977.718240, Link: 680.706189, Spread: 8.708698
Epoch 55/600, Total: 1636.857569, Node: 960.122223, Link: 676.651959, Spread: 8.336117
Epoch 56/600, Total: 1641.904182, Node: 963.497938, Link: 678.328448, Spread: 7.781066
Epoch 57/600, Total: 1652.434275, Node: 978.760033, Link: 673.599955, Spread: 7.427603
Epoch 58/600, Total: 1625.670469, Node: 954.029489, Link: 671.572955, Spread: 6.802500
Epoch 59/600, Total: 1626.776005, Node: 953.901798, Link: 672.808884, Spread: 6.534726
Epoch 60/600, Total: 1627.736462, Node: 965.619835, Link: 662.051437, Spread: 6.519813
Epoch 61/600, Total: 1605.422976, Node: 943.218226, Link: 662.142089, Spread: 6.266674
Epoch 62/600, Total: 1624.133836, Node: 948.472121, Link: 675.604104, Spread: 5.759941
Epoch 63/600, Total: 1625.357811, Node: 964.428305, Link: 660.873941, Spread: 5.555808
Epoch 64/600, Total: 1604.178713, Node: 946.804792, Link: 657.321548, Spread: 5.238520
Epoch 65/600, Total: 1608.572250, Node: 940.889682, Link: 667.632293, Spread: 5.029182
Epoch 66/600, Total: 1597.710629, Node: 944.722973, Link: 652.939206, Spread: 4.845040
Epoch 67/600, Total: 1603.113598, Node: 952.908280, Link: 650.157836, Spread: 4.748831
Epoch 68/600, Total: 1618.179079, Node: 954.619907, Link: 663.513997, Spread: 4.518877
Epoch 69/600, Total: 1587.061703, Node: 942.440469, Link: 644.576880, Spread: 4.435223
Epoch 70/600, Total: 1618.598816, Node: 952.093583, Link: 666.461260, Spread: 4.399268
Epoch 71/600, Total: 1582.686127, Node: 941.722565, Link: 640.920254, Spread: 4.329086
Epoch 72/600, Total: 1577.920664, Node: 940.135467, Link: 637.742914, Spread: 4.227700
Epoch 73/600, Total: 1591.903315, Node: 954.104809, Link: 637.757318, Spread: 4.116732
Epoch 74/600, Total: 1589.063417, Node: 954.385983, Link: 634.637051, Spread: 4.038198
Epoch 75/600, Total: 1562.994418, Node: 935.263067, Link: 627.690842, Spread: 4.050977
Epoch 76/600, Total: 1590.100121, Node: 951.879758, Link: 638.180437, Spread: 3.992460
Epoch 77/600, Total: 1559.768940, Node: 934.587558, Link: 625.142546, Spread: 3.882161
Epoch 78/600, Total: 1565.747761, Node: 933.568513, Link: 632.141310, Spread: 3.793444
Epoch 79/600, Total: 1569.295291, Node: 937.106014, Link: 632.152532, Spread: 3.676779
Epoch 80/600, Total: 1583.369244, Node: 948.585757, Link: 634.746022, Spread: 3.746419
Epoch 81/600, Total: 1591.319691, Node: 948.326527, Link: 642.957577, Spread: 3.557653
Epoch 82/600, Total: 1563.704604, Node: 944.556351, Link: 619.111442, Spread: 3.682841
Epoch 83/600, Total: 1563.462149, Node: 939.759896, Link: 623.666420, Spread: 3.582727
Epoch 84/600, Total: 1554.919176, Node: 937.996500, Link: 616.887285, Spread: 3.537508
Epoch 85/600, Total: 1559.286510, Node: 938.982650, Link: 620.268083, Spread: 3.577480
Epoch 86/600, Total: 1561.282381, Node: 938.808482, Link: 622.438303, Spread: 3.560035
Epoch 87/600, Total: 1555.736060, Node: 936.261025, Link: 619.439401, Spread: 3.562147
Epoch 88/600, Total: 1567.882206, Node: 943.801984, Link: 624.044424, Spread: 3.581706
Epoch 89/600, Total: 1551.730917, Node: 938.660291, Link: 613.036987, Spread: 3.361658
Epoch 90/600, Total: 1561.059402, Node: 941.043849, Link: 619.981490, Spread: 3.405659
Epoch 91/600, Total: 1604.649202, Node: 961.508654, Link: 643.106763, Spread: 3.377915
Epoch 92/600, Total: 1548.175224, Node: 932.300068, Link: 615.842406, Spread: 3.273577
Epoch 93/600, Total: 1566.595110, Node: 944.202754, Link: 622.359319, Spread: 3.306208
Epoch 94/600, Total: 1571.675995, Node: 954.655323, Link: 616.986037, Spread: 3.463702
Epoch 95/600, Total: 1560.896129, Node: 948.213671, Link: 612.649087, Spread: 3.335045
Epoch 96/600, Total: 1543.366564, Node: 932.740175, Link: 610.592997, Spread: 3.338917
Epoch 97/600, Total: 1561.276169, Node: 941.905070, Link: 619.337915, Spread: 3.317126
Epoch 98/600, Total: 1530.289894, Node: 933.127657, Link: 597.128077, Spread: 3.416055
Epoch 99/600, Total: 1559.656471, Node: 944.319888, Link: 615.302540, Spread: 3.401934
Epoch 100/600, Total: 1592.268631, Node: 951.779341, Link: 640.455659, Spread: 3.366370
Epoch 101/600, Total: 1554.932507, Node: 939.295582, Link: 615.602896, Spread: 3.402487
Epoch 102/600, Total: 1569.895044, Node: 951.044384, Link: 618.817498, Spread: 3.317261
Epoch 103/600, Total: 1572.443213, Node: 959.288482, Link: 613.120794, Spread: 3.394878
Epoch 104/600, Total: 1619.865973, Node: 953.259736, Link: 666.574006, Spread: 3.223127
Epoch 105/600, Total: 1523.434964, Node: 929.990055, Link: 593.411848, Spread: 3.308579
Epoch 106/600, Total: 1564.098673, Node: 958.401644, Link: 605.663588, Spread: 3.345475
Epoch 107/600, Total: 1534.319669, Node: 933.508541, Link: 600.777659, Spread: 3.345845
Epoch 108/600, Total: 1561.948272, Node: 940.008906, Link: 621.906817, Spread: 3.253095
Epoch 109/600, Total: 1527.394674, Node: 933.901975, Link: 593.459977, Spread: 3.273549
Epoch 110/600, Total: 1540.577683, Node: 941.132175, Link: 599.412700, Spread: 3.280919
Epoch 111/600, Total: 1596.857219, Node: 965.001580, Link: 631.821160, Spread: 3.448114
Epoch 112/600, Total: 1538.544000, Node: 940.953556, Link: 597.556372, Spread: 3.408465
Epoch 113/600, Total: 1567.586143, Node: 952.735124, Link: 614.817198, Spread: 3.379875
Epoch 114/600, Total: 1532.128077, Node: 940.309407, Link: 591.784632, Spread: 3.403615
Epoch 115/600, Total: 1501.050932, Node: 920.626541, Link: 580.390793, Spread: 3.361408
Epoch 116/600, Total: 1538.373322, Node: 937.421697, Link: 600.917427, Spread: 3.421553
Epoch 117/600, Total: 1525.746044, Node: 937.771451, Link: 587.940979, Spread: 3.360896
Epoch 118/600, Total: 1523.182045, Node: 933.914358, Link: 589.233574, Spread: 3.411169
Epoch 119/600, Total: 1559.494087, Node: 952.963928, Link: 606.495405, Spread: 3.475991
Epoch 120/600, Total: 1554.546213, Node: 947.284322, Link: 607.227087, Spread: 3.480460
Epoch 121/600, Total: 1494.769376, Node: 920.785175, Link: 573.950319, Spread: 3.387287
Epoch 122/600, Total: 1515.791884, Node: 932.262208, Link: 583.494398, Spread: 3.525907
Epoch 123/600, Total: 1501.074430, Node: 923.563918, Link: 577.475879, Spread: 3.463032
Epoch 124/600, Total: 1522.626106, Node: 934.734651, Link: 587.856830, Spread: 3.463958
Epoch 125/600, Total: 1523.101556, Node: 928.793858, Link: 594.272541, Spread: 3.515870
Epoch 126/600, Total: 1542.150692, Node: 940.124026, Link: 601.992195, Spread: 3.449261
Epoch 127/600, Total: 1528.827110, Node: 934.376622, Link: 594.414249, Spread: 3.624458
Epoch 128/600, Total: 1560.460850, Node: 950.472163, Link: 609.954245, Spread: 3.442850
Epoch 129/600, Total: 1501.113089, Node: 928.063997, Link: 573.015258, Spread: 3.381710
Epoch 130/600, Total: 1508.119955, Node: 924.655899, Link: 583.431030, Spread: 3.303300
Epoch 131/600, Total: 1532.965761, Node: 937.185926, Link: 595.745779, Spread: 3.406081
Epoch 132/600, Total: 1529.504372, Node: 943.527360, Link: 585.941691, Spread: 3.531562
Epoch 133/600, Total: 1550.047190, Node: 948.302800, Link: 601.709082, Spread: 3.528677
Epoch 134/600, Total: 1542.505156, Node: 942.134262, Link: 600.334366, Spread: 3.652495
Epoch 135/600, Total: 1535.986270, Node: 944.194886, Link: 591.754869, Spread: 3.650088
Epoch 136/600, Total: 1561.509598, Node: 954.196719, Link: 607.276988, Spread: 3.590730
Epoch 137/600, Total: 1529.855592, Node: 936.992680, Link: 592.826599, Spread: 3.630537
Epoch 138/600, Total: 1498.091248, Node: 927.615265, Link: 570.438143, Spread: 3.786023
Epoch 139/600, Total: 1513.472185, Node: 929.682895, Link: 583.751401, Spread: 3.788787
Epoch 140/600, Total: 1557.512836, Node: 953.217703, Link: 604.255485, Spread: 3.962277
Epoch 141/600, Total: 1485.537901, Node: 922.039582, Link: 563.458693, Spread: 3.959679
Epoch 142/600, Total: 1622.787464, Node: 980.683090, Link: 642.065299, Spread: 3.908148
Epoch 143/600, Total: 1486.213868, Node: 910.702367, Link: 575.472835, Spread: 3.866849
Epoch 144/600, Total: 1476.708607, Node: 915.412036, Link: 561.257880, Spread: 3.868932
Epoch 145/600, Total: 1517.027308, Node: 934.727028, Link: 582.260085, Spread: 4.015093
Epoch 146/600, Total: 1560.831570, Node: 954.910120, Link: 605.881659, Spread: 3.976597
Epoch 147/600, Total: 1476.208517, Node: 916.087126, Link: 560.082583, Spread: 3.882249
Epoch 148/600, Total: 1516.555979, Node: 943.580784, Link: 572.935397, Spread: 3.976620
Epoch 149/600, Total: 1543.806231, Node: 947.454217, Link: 596.312592, Spread: 3.944221
Epoch 150/600, Total: 1454.703540, Node: 907.324946, Link: 547.337789, Spread: 4.079362
Epoch 151/600, Total: 1525.730185, Node: 948.784336, Link: 576.902076, Spread: 4.375707
Epoch 152/600, Total: 1540.353907, Node: 951.820930, Link: 588.490239, Spread: 4.272995
Epoch 153/600, Total: 1491.178917, Node: 923.792504, Link: 567.344142, Spread: 4.225822
Epoch 154/600, Total: 1475.737929, Node: 923.589626, Link: 552.105311, Spread: 4.298797
Epoch 155/600, Total: 1536.318300, Node: 979.776921, Link: 556.500113, Spread: 4.126377
Epoch 156/600, Total: 1545.385883, Node: 939.288566, Link: 606.053077, Spread: 4.423223
Epoch 157/600, Total: 1574.860113, Node: 942.508211, Link: 632.302476, Spread: 4.944604
Epoch 158/600, Total: 1497.701630, Node: 905.750560, Link: 591.898278, Spread: 5.275425
Epoch 159/600, Total: 1530.969513, Node: 925.851962, Link: 605.057486, Spread: 6.006073
Epoch 160/600, Total: 1565.987743, Node: 946.797275, Link: 619.129098, Spread: 6.138648
Epoch 161/600, Total: 1572.573006, Node: 933.847185, Link: 638.661143, Spread: 6.467427
Epoch 162/600, Total: 1570.173559, Node: 940.206430, Link: 629.899544, Spread: 6.760881
Epoch 163/600, Total: 1589.536886, Node: 950.551092, Link: 638.919759, Spread: 6.604067
Epoch 164/600, Total: 1584.733164, Node: 946.475392, Link: 638.188163, Spread: 6.958480
Epoch 165/600, Total: 1512.484793, Node: 921.795678, Link: 590.618664, Spread: 7.045727
Epoch 166/600, Total: 1582.599905, Node: 941.455763, Link: 641.072843, Spread: 7.130534
Epoch 167/600, Total: 1488.951989, Node: 905.284815, Link: 583.596579, Spread: 7.059152
Epoch 168/600, Total: 1535.799683, Node: 926.807097, Link: 608.917467, Spread: 7.509288
Epoch 169/600, Total: 1528.233349, Node: 936.452022, Link: 591.706121, Spread: 7.521273
Epoch 170/600, Total: 1555.306969, Node: 940.145109, Link: 615.082251, Spread: 7.958811
Epoch 171/600, Total: 1482.239793, Node: 909.726257, Link: 572.430950, Spread: 8.257636
Epoch 172/600, Total: 1521.717266, Node: 911.599751, Link: 610.031799, Spread: 8.571228
Epoch 173/600, Total: 1548.045931, Node: 931.964314, Link: 615.995761, Spread: 8.586241
Epoch 174/600, Total: 1532.645105, Node: 923.670434, Link: 608.884390, Spread: 9.026038
Epoch 175/600, Total: 1587.063856, Node: 943.095734, Link: 643.877530, Spread: 9.059775
Epoch 176/600, Total: 1555.334152, Node: 956.057259, Link: 599.184073, Spread: 9.281061
Epoch 177/600, Total: 1549.928215, Node: 932.151576, Link: 617.683519, Spread: 9.309090
Epoch 178/600, Total: 1494.123837, Node: 915.101917, Link: 578.924107, Spread: 9.780888
Epoch 179/600, Total: 1538.328617, Node: 935.695180, Link: 602.536247, Spread: 9.717798
Epoch 180/600, Total: 1557.519458, Node: 938.602280, Link: 618.826894, Spread: 9.027432
Epoch 181/600, Total: 1581.839624, Node: 942.969107, Link: 638.787398, Spread: 8.313696
Epoch 182/600, Total: 1542.415562, Node: 931.489771, Link: 610.843819, Spread: 8.199045
Epoch 183/600, Total: 1559.268873, Node: 945.675909, Link: 613.506358, Spread: 8.663289
Epoch 184/600, Total: 1567.505135, Node: 946.324592, Link: 621.094529, Spread: 8.601919
Epoch 185/600, Total: 1598.907438, Node: 952.205576, Link: 646.612332, Spread: 8.951477
Epoch 186/600, Total: 1555.924946, Node: 932.196462, Link: 623.639957, Spread: 8.852315
Epoch 187/600, Total: 1532.029070, Node: 948.755539, Link: 583.188394, Spread: 8.512292
Epoch 188/600, Total: 1538.537542, Node: 937.011784, Link: 601.441094, Spread: 8.465315
Epoch 189/600, Total: 1530.755342, Node: 922.975852, Link: 607.694137, Spread: 8.533437
Epoch 190/600, Total: 1550.379330, Node: 928.111360, Link: 622.178867, Spread: 8.911825
Epoch 191/600, Total: 1473.252160, Node: 898.718423, Link: 574.448701, Spread: 8.503828
Epoch 192/600, Total: 1551.095785, Node: 929.354680, Link: 621.646591, Spread: 9.450890
Epoch 193/600, Total: 1504.063038, Node: 913.750752, Link: 590.218595, Spread: 9.369488
Epoch 194/600, Total: 1556.490385, Node: 936.581344, Link: 619.806438, Spread: 10.260777
Epoch 195/600, Total: 1520.462450, Node: 918.849128, Link: 601.516265, Spread: 9.709325
Epoch 196/600, Total: 1559.117914, Node: 940.812832, Link: 618.205125, Spread: 9.995887
Epoch 197/600, Total: 1557.992280, Node: 933.419236, Link: 624.480192, Spread: 9.284684
Epoch 198/600, Total: 1506.143866, Node: 935.259773, Link: 570.792510, Spread: 9.155118
Epoch 199/600, Total: 1697.365111, Node: 987.893395, Link: 709.371637, Spread: 10.009460
Epoch 200/600, Total: 1588.665149, Node: 999.123499, Link: 589.430787, Spread: 11.087798
Epoch 201/600, Total: 1523.168991, Node: 921.450989, Link: 601.615229, Spread: 10.277193
Epoch 202/600, Total: 1524.895303, Node: 933.268042, Link: 591.526302, Spread: 10.096728
Epoch 203/600, Total: 1546.428844, Node: 935.469660, Link: 610.862117, Spread: 9.703213
Epoch 204/600, Total: 1462.728717, Node: 893.966286, Link: 568.668133, Spread: 9.429052
Epoch 205/600, Total: 1580.692307, Node: 946.944700, Link: 633.653069, Spread: 9.456958
Epoch 206/600, Total: 1569.396862, Node: 940.254738, Link: 629.050566, Spread: 9.155889
Epoch 207/600, Total: 1516.663057, Node: 920.091539, Link: 596.474809, Spread: 9.674373
Epoch 208/600, Total: 1534.169591, Node: 929.444441, Link: 604.627124, Spread: 9.802940
Epoch 209/600, Total: 1551.630144, Node: 938.047198, Link: 613.475920, Spread: 10.700846
Epoch 210/600, Total: 1543.188736, Node: 955.714163, Link: 587.369034, Spread: 10.555637
Epoch 211/600, Total: 1528.917918, Node: 924.058608, Link: 604.757997, Spread: 10.130685
Epoch 212/600, Total: 1530.633974, Node: 924.959733, Link: 605.577675, Spread: 9.657421
Epoch 213/600, Total: 1700.251467, Node: 1002.512064, Link: 697.630509, Spread: 10.887872
Epoch 214/600, Total: 1575.567357, Node: 959.246449, Link: 616.221652, Spread: 9.924996
Epoch 215/600, Total: 1504.128090, Node: 920.159955, Link: 583.863156, Spread: 10.497733
Epoch 216/600, Total: 1522.070614, Node: 936.183028, Link: 585.787054, Spread: 10.053865
Epoch 217/600, Total: 1515.599710, Node: 926.683224, Link: 588.804741, Spread: 11.174918
Epoch 218/600, Total: 1489.693707, Node: 919.400653, Link: 570.185551, Spread: 10.750775
Epoch 219/600, Total: 1479.733452, Node: 907.682017, Link: 571.945640, Spread: 10.581908
Epoch 220/600, Total: 1537.984426, Node: 933.839570, Link: 604.031026, Spread: 11.381821
Epoch 221/600, Total: 1461.372284, Node: 902.583650, Link: 558.665265, Spread: 12.338565
Epoch 222/600, Total: 1522.344160, Node: 929.298607, Link: 592.914694, Spread: 13.089435
Epoch 223/600, Total: 1527.060505, Node: 947.704483, Link: 579.220101, Spread: 13.589337
Epoch 224/600, Total: 1557.826645, Node: 944.154428, Link: 613.527519, Spread: 14.470767
Epoch 225/600, Total: 1473.703087, Node: 908.343794, Link: 565.212350, Spread: 14.694682
Epoch 226/600, Total: 1521.509672, Node: 932.812727, Link: 588.550345, Spread: 14.658656
Epoch 227/600, Total: 1529.638412, Node: 937.470076, Link: 592.001908, Spread: 16.640587
Epoch 228/600, Total: 1639.393852, Node: 988.888625, Link: 650.329871, Spread: 17.534305
Epoch 229/600, Total: 1564.986111, Node: 962.703581, Link: 602.109818, Spread: 17.270352
Epoch 230/600, Total: 1457.340294, Node: 931.778978, Link: 525.377741, Spread: 18.359792
Epoch 231/600, Total: 1454.543133, Node: 926.955101, Link: 527.388464, Spread: 19.956763
Epoch 232/600, Total: 1448.870666, Node: 926.938800, Link: 521.748637, Spread: 18.322034
Epoch 233/600, Total: 1446.514743, Node: 942.027724, Link: 504.315430, Spread: 17.162225
Epoch 234/600, Total: 1433.011371, Node: 924.153513, Link: 508.698236, Spread: 15.958665
Epoch 235/600, Total: 1560.404303, Node: 990.207898, Link: 570.038647, Spread: 15.777709
Epoch 236/600, Total: 1404.043204, Node: 920.081897, Link: 483.809665, Spread: 15.166022
Epoch 237/600, Total: 1536.356515, Node: 972.751276, Link: 563.460107, Spread: 14.512621
Epoch 238/600, Total: 1464.225675, Node: 941.704690, Link: 522.373004, Spread: 14.798475
Epoch 239/600, Total: 1434.682497, Node: 930.127382, Link: 504.401042, Spread: 15.407344
Epoch 240/600, Total: 1402.200461, Node: 916.931156, Link: 485.110228, Spread: 15.908712
Epoch 241/600, Total: 1408.416502, Node: 914.880425, Link: 493.365294, Spread: 17.076685
Epoch 242/600, Total: 1463.004986, Node: 943.030128, Link: 519.800065, Spread: 17.479736
Epoch 243/600, Total: 1497.108056, Node: 962.670413, Link: 534.261359, Spread: 17.628482
Epoch 244/600, Total: 1467.949766, Node: 939.680997, Link: 528.097240, Spread: 17.154539
Epoch 245/600, Total: 1495.876645, Node: 955.818036, Link: 539.884517, Spread: 17.410318
Epoch 246/600, Total: 1417.738131, Node: 930.326782, Link: 487.246228, Spread: 16.510219
Epoch 247/600, Total: 1515.947756, Node: 968.501973, Link: 547.295798, Spread: 14.997635
Epoch 248/600, Total: 1426.815775, Node: 934.870947, Link: 491.802494, Spread: 14.233087
Epoch 249/600, Total: 1472.488207, Node: 950.289008, Link: 522.062434, Spread: 13.675611
Epoch 250/600, Total: 1415.549185, Node: 930.221836, Link: 485.191322, Spread: 13.602956
Epoch 251/600, Total: 1548.197845, Node: 974.213059, Link: 573.851395, Spread: 13.340409
Epoch 252/600, Total: 1456.627052, Node: 942.502149, Link: 513.981494, Spread: 14.339538
Epoch 253/600, Total: 1420.981720, Node: 923.989814, Link: 496.843895, Spread: 14.801636
Epoch 254/600, Total: 1501.956729, Node: 965.568103, Link: 536.247320, Spread: 14.130172
Epoch 255/600, Total: 1517.939139, Node: 967.472939, Link: 550.337665, Spread: 12.853398
Epoch 256/600, Total: 1398.725821, Node: 923.111016, Link: 475.508244, Spread: 10.656646
Epoch 257/600, Total: 1431.422121, Node: 931.505216, Link: 499.807895, Spread: 10.902484
Epoch 258/600, Total: 1445.607615, Node: 941.454288, Link: 504.046040, Spread: 10.729351
Epoch 259/600, Total: 1367.601793, Node: 917.373578, Link: 450.098141, Spread: 13.007479
Epoch 260/600, Total: 1391.867477, Node: 917.229743, Link: 474.514078, Spread: 12.365602
Epoch 261/600, Total: 1532.058296, Node: 973.466307, Link: 558.469396, Spread: 12.261220
Epoch 262/600, Total: 1404.925625, Node: 922.504851, Link: 482.305703, Spread: 11.506864
Epoch 263/600, Total: 1514.439930, Node: 961.529048, Link: 552.785492, Spread: 12.540524
Epoch 264/600, Total: 1536.552372, Node: 966.908244, Link: 569.522646, Spread: 12.151652
Epoch 265/600, Total: 1435.146387, Node: 927.262669, Link: 507.762110, Spread: 12.158742
Epoch 266/600, Total: 1552.535996, Node: 966.267952, Link: 586.154570, Spread: 11.349149
Epoch 267/600, Total: 1381.396554, Node: 917.217491, Link: 464.062617, Spread: 11.645342
Epoch 268/600, Total: 1410.746796, Node: 923.274400, Link: 487.357180, Spread: 11.522826
Epoch 269/600, Total: 1554.684208, Node: 974.157648, Link: 580.420733, Spread: 10.583385
Epoch 270/600, Total: 1445.412231, Node: 942.205626, Link: 503.112303, Spread: 9.431706
Epoch 271/600, Total: 1467.446899, Node: 940.744306, Link: 526.607119, Spread: 9.547878
Epoch 272/600, Total: 1400.592377, Node: 910.986391, Link: 489.510209, Spread: 9.577436
Epoch 273/600, Total: 1457.998139, Node: 936.461405, Link: 521.446183, Spread: 9.055351
Epoch 274/600, Total: 1387.315163, Node: 910.904353, Link: 476.322490, Spread: 8.833950
Epoch 275/600, Total: 1434.841190, Node: 927.122463, Link: 507.631816, Spread: 8.688887
Epoch 276/600, Total: 1514.766521, Node: 967.549275, Link: 547.129185, Spread: 8.804070
Epoch 277/600, Total: 1443.041289, Node: 938.330370, Link: 504.612957, Spread: 9.794716
Epoch 278/600, Total: 1475.415987, Node: 958.728407, Link: 516.588737, Spread: 9.883315
Epoch 279/600, Total: 1497.089397, Node: 956.878991, Link: 540.118812, Spread: 9.160012
Epoch 280/600, Total: 1371.018064, Node: 907.525766, Link: 463.402834, Spread: 8.946250
Epoch 281/600, Total: 1468.718984, Node: 935.431551, Link: 533.204455, Spread: 8.296556
Epoch 282/600, Total: 1549.711290, Node: 961.537254, Link: 588.105772, Spread: 6.826858
Epoch 283/600, Total: 1418.776464, Node: 919.628351, Link: 499.072856, Spread: 7.525554
Epoch 284/600, Total: 1458.715536, Node: 948.700960, Link: 509.934544, Spread: 8.003160
Epoch 285/600, Total: 1439.357574, Node: 930.413109, Link: 508.862681, Spread: 8.179711
Epoch 286/600, Total: 1419.746351, Node: 917.798958, Link: 501.858257, Spread: 8.916968
Epoch 287/600, Total: 1382.777644, Node: 906.633080, Link: 476.055730, Spread: 8.882916
Epoch 288/600, Total: 1429.650557, Node: 931.206726, Link: 498.347768, Spread: 9.604782
Epoch 289/600, Total: 1424.791185, Node: 920.979980, Link: 503.721216, Spread: 9.000952
Epoch 290/600, Total: 1451.639681, Node: 931.176803, Link: 520.363110, Spread: 9.973259
Epoch 291/600, Total: 1473.044376, Node: 940.190521, Link: 532.739825, Spread: 11.403454
Epoch 292/600, Total: 1562.263474, Node: 978.072576, Link: 584.076675, Spread: 11.421309
Epoch 293/600, Total: 1361.739357, Node: 900.911944, Link: 460.728236, Spread: 9.914700
Epoch 294/600, Total: 1506.848713, Node: 981.847724, Link: 524.883204, Spread: 11.778107
Epoch 295/600, Total: 1591.959270, Node: 984.815619, Link: 607.034558, Spread: 10.910340
Epoch 296/600, Total: 1478.730354, Node: 974.600858, Link: 504.030003, Spread: 9.946982
Epoch 297/600, Total: 1479.448978, Node: 939.490330, Link: 539.862757, Spread: 9.591368
Epoch 298/600, Total: 1428.543523, Node: 920.748491, Link: 507.698419, Spread: 9.659395
Epoch 299/600, Total: 1412.258717, Node: 922.198702, Link: 489.964213, Spread: 9.578139
Epoch 300/600, Total: 1434.654387, Node: 927.256942, Link: 507.293017, Spread: 10.443187
Epoch 301/600, Total: 1486.763000, Node: 934.636951, Link: 552.035251, Spread: 9.080438
Epoch 302/600, Total: 1432.582818, Node: 920.202763, Link: 512.302799, Spread: 7.726319
Epoch 303/600, Total: 1421.286301, Node: 919.504973, Link: 501.682740, Spread: 9.859341
Epoch 304/600, Total: 1502.093705, Node: 958.281601, Link: 543.707166, Spread: 10.496485
Epoch 305/600, Total: 1407.207795, Node: 919.846356, Link: 487.247111, Spread: 11.433114
Epoch 306/600, Total: 1506.641896, Node: 950.603679, Link: 555.933647, Spread: 10.456324
Epoch 307/600, Total: 1476.009287, Node: 940.971751, Link: 534.939357, Spread: 9.817067
Epoch 308/600, Total: 1424.791348, Node: 918.476980, Link: 506.228332, Spread: 8.601724
Epoch 309/600, Total: 1501.551867, Node: 954.203490, Link: 547.276719, Spread: 7.165092
Epoch 310/600, Total: 1463.847294, Node: 937.052084, Link: 526.714592, Spread: 8.062622
Epoch 311/600, Total: 1417.229115, Node: 926.250133, Link: 490.894310, Spread: 8.468914
Epoch 312/600, Total: 1459.376735, Node: 945.500727, Link: 513.779971, Spread: 9.604743
Epoch 313/600, Total: 1522.529058, Node: 968.882830, Link: 553.567432, Spread: 7.881714
Epoch 314/600, Total: 1550.227434, Node: 999.759892, Link: 550.395775, Spread: 7.175378
Epoch 315/600, Total: 1440.473262, Node: 930.058464, Link: 510.335736, Spread: 7.908684
Epoch 316/600, Total: 1419.013699, Node: 926.374673, Link: 492.553482, Spread: 8.554376
Epoch 317/600, Total: 1406.533290, Node: 923.809719, Link: 482.642853, Spread: 8.071518
Epoch 318/600, Total: 1391.882139, Node: 912.478205, Link: 479.316849, Spread: 8.708024
Epoch 319/600, Total: 1461.076706, Node: 950.537188, Link: 510.446258, Spread: 9.324266
Epoch 320/600, Total: 1526.622072, Node: 981.453944, Link: 545.081561, Spread: 8.658524
Epoch 321/600, Total: 1418.768660, Node: 931.832457, Link: 486.846679, Spread: 8.953636
Epoch 322/600, Total: 1451.151285, Node: 931.335529, Link: 519.723855, Spread: 9.190724
Epoch 323/600, Total: 1382.974792, Node: 913.366100, Link: 469.521012, Spread: 8.765684
Epoch 324/600, Total: 1464.017912, Node: 944.818737, Link: 519.106961, Spread: 9.220723
Epoch 325/600, Total: 1475.553955, Node: 950.569705, Link: 524.898388, Spread: 8.584873
Epoch 326/600, Total: 1509.905567, Node: 960.638916, Link: 549.181248, Spread: 8.539733
Epoch 327/600, Total: 1380.598148, Node: 908.627751, Link: 471.883251, Spread: 8.715159
Epoch 328/600, Total: 1383.695586, Node: 907.574465, Link: 476.034052, Spread: 8.709109
Epoch 329/600, Total: 1475.372833, Node: 945.515494, Link: 529.777285, Spread: 8.005658
Epoch 330/600, Total: 1591.556297, Node: 978.206253, Link: 613.265038, Spread: 8.499375
Epoch 331/600, Total: 1432.995104, Node: 933.549281, Link: 499.361591, Spread: 8.425278
Epoch 332/600, Total: 1437.505445, Node: 927.229787, Link: 510.184736, Spread: 9.093405
Epoch 333/600, Total: 1389.120969, Node: 908.944050, Link: 480.091753, Spread: 8.515103
Epoch 334/600, Total: 1575.414459, Node: 992.271469, Link: 583.065135, Spread: 7.786439
Epoch 335/600, Total: 1575.109534, Node: 1006.125191, Link: 568.903271, Spread: 8.107527
Epoch 336/600, Total: 1429.484984, Node: 927.751637, Link: 501.650015, Spread: 8.331684
Epoch 337/600, Total: 1413.808403, Node: 942.396892, Link: 471.328589, Spread: 8.291955
Epoch 338/600, Total: 1407.744363, Node: 918.290244, Link: 489.369207, Spread: 8.493116
Epoch 339/600, Total: 1534.306377, Node: 964.028325, Link: 570.193850, Spread: 8.420253
Epoch 340/600, Total: 1465.207186, Node: 954.539083, Link: 510.576037, Spread: 9.206668
Epoch 341/600, Total: 1445.104002, Node: 942.697067, Link: 502.319581, Spread: 8.734521
Epoch 342/600, Total: 1553.469818, Node: 965.324209, Link: 588.049587, Spread: 9.600289
Epoch 343/600, Total: 1434.430287, Node: 926.386198, Link: 507.953671, Spread: 9.040995
Epoch 344/600, Total: 1410.611783, Node: 922.421266, Link: 488.109540, Spread: 8.097891
Epoch 345/600, Total: 1412.892799, Node: 915.870735, Link: 496.933481, Spread: 8.856653
Epoch 346/600, Total: 1436.757824, Node: 922.209377, Link: 514.453287, Spread: 9.517470
Epoch 347/600, Total: 1464.678447, Node: 946.793684, Link: 517.786849, Spread: 9.791490
Epoch 348/600, Total: 1431.747950, Node: 945.391393, Link: 486.249571, Spread: 10.695966
Epoch 349/600, Total: 1417.754713, Node: 917.403499, Link: 500.253097, Spread: 9.811512
Epoch 350/600, Total: 1455.658745, Node: 935.812282, Link: 519.758347, Spread: 8.812097
Epoch 351/600, Total: 1376.797177, Node: 907.288046, Link: 469.418598, Spread: 9.056072
Epoch 352/600, Total: 1383.080372, Node: 917.380526, Link: 465.606042, Spread: 9.379396
Epoch 353/600, Total: 1426.545103, Node: 924.779553, Link: 501.669586, Spread: 9.596586
Epoch 354/600, Total: 1579.887487, Node: 988.328284, Link: 591.461980, Spread: 9.723092
Epoch 355/600, Total: 1442.130395, Node: 936.094218, Link: 505.941104, Spread: 9.506338
Epoch 356/600, Total: 1425.243376, Node: 929.425528, Link: 495.723464, Spread: 9.439298
Epoch 357/600, Total: 1439.521974, Node: 932.100837, Link: 507.330340, Spread: 9.079981
Epoch 358/600, Total: 1488.095300, Node: 956.409807, Link: 531.594533, Spread: 9.093866
Epoch 359/600, Total: 1447.356365, Node: 952.445122, Link: 494.820672, Spread: 9.056749
Epoch 360/600, Total: 1431.740955, Node: 931.201761, Link: 500.446098, Spread: 9.308111
Epoch 361/600, Total: 1410.382226, Node: 917.751460, Link: 492.537368, Spread: 9.340222
Epoch 362/600, Total: 1596.230351, Node: 996.782709, Link: 599.353947, Spread: 9.369794
Epoch 363/600, Total: 1507.164243, Node: 953.169700, Link: 553.898385, Spread: 9.615827
Epoch 364/600, Total: 1519.906932, Node: 957.212857, Link: 562.599264, Spread: 9.484225
Epoch 365/600, Total: 1430.637368, Node: 927.351978, Link: 503.194434, Spread: 9.092189
Epoch 366/600, Total: 1439.683190, Node: 926.665288, Link: 512.921086, Spread: 9.682688
Epoch 367/600, Total: 1437.731457, Node: 925.498876, Link: 512.141866, Spread: 9.070411
Epoch 368/600, Total: 1386.478476, Node: 908.899149, Link: 477.486080, Spread: 9.323221
Epoch 369/600, Total: 1404.546261, Node: 918.025731, Link: 486.409300, Spread: 11.123194
Epoch 370/600, Total: 1429.998753, Node: 927.531015, Link: 502.361039, Spread: 10.667986
Epoch 371/600, Total: 1470.976514, Node: 956.875084, Link: 513.997251, Spread: 10.414811
Epoch 372/600, Total: 1457.625347, Node: 939.514519, Link: 517.998885, Spread: 11.195168
Epoch 373/600, Total: 1546.351397, Node: 966.377882, Link: 579.862241, Spread: 11.127939
Epoch 374/600, Total: 1426.493373, Node: 933.578841, Link: 492.810708, Spread: 10.378894
Epoch 375/600, Total: 1431.806824, Node: 924.335730, Link: 507.365710, Spread: 10.538511
Epoch 376/600, Total: 1380.931736, Node: 904.238853, Link: 476.592701, Spread: 10.017103
Epoch 377/600, Total: 1430.712437, Node: 933.578168, Link: 497.024293, Spread: 10.995204
Epoch 378/600, Total: 1382.274403, Node: 909.083332, Link: 473.074144, Spread: 11.695129
Epoch 379/600, Total: 1519.672340, Node: 960.828039, Link: 558.718863, Spread: 12.544370
Epoch 380/600, Total: 1416.539366, Node: 922.271385, Link: 494.142950, Spread: 12.505491
Epoch 381/600, Total: 1415.864789, Node: 930.335209, Link: 485.409244, Spread: 12.033208
Epoch 382/600, Total: 1459.197460, Node: 974.790032, Link: 484.290113, Spread: 11.729455
Epoch 383/600, Total: 1420.607624, Node: 924.127214, Link: 496.354901, Spread: 12.550744
Epoch 384/600, Total: 1396.259955, Node: 915.061930, Link: 481.074432, Spread: 12.358189
Epoch 385/600, Total: 1439.220558, Node: 938.670393, Link: 500.414936, Spread: 13.519770
Epoch 386/600, Total: 1432.137360, Node: 937.602772, Link: 494.422387, Spread: 11.215824
Epoch 387/600, Total: 1428.038744, Node: 923.600709, Link: 504.327708, Spread: 11.031261
Epoch 388/600, Total: 1413.999091, Node: 918.533880, Link: 495.355672, Spread: 10.953164
Epoch 389/600, Total: 1452.918877, Node: 935.848974, Link: 516.957393, Spread: 11.251582
Epoch 390/600, Total: 1372.799827, Node: 914.944698, Link: 457.742079, Spread: 11.307915
Epoch 391/600, Total: 1565.372936, Node: 974.404217, Link: 590.865154, Spread: 10.357414
Epoch 392/600, Total: 1487.771680, Node: 943.832890, Link: 543.840773, Spread: 9.800840
Epoch 393/600, Total: 1383.346069, Node: 915.728566, Link: 467.519125, Spread: 9.835749
Epoch 394/600, Total: 1420.731400, Node: 922.906910, Link: 497.723435, Spread: 10.102877
Epoch 395/600, Total: 1526.053650, Node: 961.313608, Link: 564.640521, Spread: 9.951208
Epoch 396/600, Total: 1395.022540, Node: 925.851671, Link: 469.064424, Spread: 10.647141
Epoch 397/600, Total: 1399.709568, Node: 916.209383, Link: 483.398097, Spread: 10.207859
Epoch 398/600, Total: 1395.182966, Node: 916.964909, Link: 478.112311, Spread: 10.573460
Epoch 399/600, Total: 1371.387661, Node: 908.901485, Link: 462.379067, Spread: 10.707061
Epoch 400/600, Total: 1431.844852, Node: 926.570651, Link: 505.159857, Spread: 11.432154
Epoch 401/600, Total: 1404.658918, Node: 915.701042, Link: 488.839830, Spread: 11.801898
Epoch 402/600, Total: 1450.847715, Node: 937.156002, Link: 513.569288, Spread: 12.239670
Epoch 403/600, Total: 1369.118524, Node: 904.885945, Link: 464.119056, Spread: 11.352787
Epoch 404/600, Total: 1555.189041, Node: 977.990173, Link: 577.077489, Spread: 12.135320
Epoch 405/600, Total: 1393.528519, Node: 918.152134, Link: 475.259563, Spread: 11.679060
Epoch 406/600, Total: 1523.792544, Node: 985.554924, Link: 538.123735, Spread: 11.385889
Epoch 407/600, Total: 1480.908808, Node: 964.269092, Link: 516.518467, Spread: 12.125216
Epoch 408/600, Total: 1473.933687, Node: 952.918807, Link: 520.911491, Spread: 10.337161
Epoch 409/600, Total: 1471.457146, Node: 948.931093, Link: 522.418399, Spread: 10.766590
Epoch 410/600, Total: 1465.317451, Node: 942.021776, Link: 523.186979, Spread: 10.868210
Epoch 411/600, Total: 1499.175550, Node: 953.263027, Link: 545.804853, Spread: 10.767519
Epoch 412/600, Total: 1396.960168, Node: 918.124297, Link: 478.727896, Spread: 10.797383
Epoch 413/600, Total: 1513.986449, Node: 963.903132, Link: 549.976764, Spread: 10.655527
Epoch 414/600, Total: 1422.745892, Node: 925.086859, Link: 497.552292, Spread: 10.673429
Epoch 415/600, Total: 1420.231936, Node: 934.988351, Link: 485.125950, Spread: 11.763845
Epoch 416/600, Total: 1398.675620, Node: 916.156499, Link: 482.400867, Spread: 11.827889
Epoch 417/600, Total: 1502.647247, Node: 949.431152, Link: 553.097662, Spread: 11.845362
Epoch 418/600, Total: 1417.954678, Node: 924.287048, Link: 493.549034, Spread: 11.859904
Epoch 419/600, Total: 1483.092021, Node: 945.629290, Link: 537.343553, Spread: 11.918386
Epoch 420/600, Total: 1511.589385, Node: 953.659527, Link: 557.803991, Spread: 12.587292
Epoch 421/600, Total: 1457.028631, Node: 935.478092, Link: 521.427752, Spread: 12.280182
Epoch 422/600, Total: 1515.829531, Node: 957.547078, Link: 558.154914, Spread: 12.751880
Epoch 423/600, Total: 1461.335144, Node: 938.310872, Link: 522.892399, Spread: 13.186032
Epoch 424/600, Total: 1420.367959, Node: 934.789373, Link: 485.441347, Spread: 13.723674
Epoch 425/600, Total: 1518.013705, Node: 978.233036, Link: 539.654810, Spread: 12.585209
Epoch 426/600, Total: 1381.303509, Node: 907.863014, Link: 473.315067, Spread: 12.542909
Epoch 427/600, Total: 1426.555014, Node: 927.212586, Link: 499.214729, Spread: 12.771141
Epoch 428/600, Total: 1478.654419, Node: 941.939552, Link: 536.587692, Spread: 12.717480
Epoch 429/600, Total: 1460.746279, Node: 949.007261, Link: 511.608859, Spread: 13.017134
Epoch 430/600, Total: 1503.669043, Node: 957.880682, Link: 545.665987, Spread: 12.235416
Epoch 431/600, Total: 1391.401393, Node: 910.540041, Link: 480.733576, Spread: 12.776746
Epoch 432/600, Total: 1370.590494, Node: 906.689228, Link: 463.770024, Spread: 13.123349
Epoch 433/600, Total: 1386.615496, Node: 908.371146, Link: 478.110701, Spread: 13.363982
Epoch 434/600, Total: 1456.443737, Node: 937.904323, Link: 518.392455, Spread: 14.697502
Epoch 435/600, Total: 1447.613161, Node: 944.570445, Link: 502.904137, Spread: 13.858364
Epoch 436/600, Total: 1511.419613, Node: 955.040044, Link: 556.249055, Spread: 13.051055
Epoch 437/600, Total: 1376.561560, Node: 906.903485, Link: 469.528206, Spread: 12.986504
Epoch 438/600, Total: 1469.676907, Node: 941.217378, Link: 528.323035, Spread: 13.650487
Epoch 439/600, Total: 1397.993448, Node: 912.705287, Link: 485.151153, Spread: 13.701090
Epoch 440/600, Total: 1410.699780, Node: 915.635104, Link: 494.929556, Spread: 13.510461
Epoch 441/600, Total: 1453.786427, Node: 933.975067, Link: 519.676387, Spread: 13.498703
Epoch 442/600, Total: 1428.773057, Node: 923.506463, Link: 505.130057, Spread: 13.653006
Epoch 443/600, Total: 1502.297268, Node: 945.443669, Link: 556.720943, Spread: 13.267149
Epoch 444/600, Total: 1398.923460, Node: 915.313729, Link: 483.472913, Spread: 13.683245
Epoch 445/600, Total: 1409.149726, Node: 916.117213, Link: 492.888422, Spread: 14.410624
Epoch 446/600, Total: 1421.366244, Node: 923.691476, Link: 497.533208, Spread: 14.159712
Epoch 447/600, Total: 1445.255377, Node: 933.352658, Link: 511.762584, Spread: 14.013219
Epoch 448/600, Total: 1420.815408, Node: 922.102208, Link: 498.573357, Spread: 13.982890
Epoch 449/600, Total: 1421.339467, Node: 920.937345, Link: 500.259062, Spread: 14.305926
Epoch 450/600, Total: 1415.905425, Node: 919.146147, Link: 496.609981, Spread: 14.928575
Epoch 451/600, Total: 1402.711411, Node: 912.077706, Link: 490.484462, Spread: 14.925937
Epoch 452/600, Total: 1527.767073, Node: 960.353401, Link: 567.262257, Spread: 15.140808
Epoch 453/600, Total: 1379.032358, Node: 905.855572, Link: 473.027728, Spread: 14.904913
Epoch 454/600, Total: 1509.800303, Node: 939.050275, Link: 570.601125, Spread: 14.890968
Epoch 455/600, Total: 1363.106440, Node: 904.996758, Link: 457.952622, Spread: 15.708614
Epoch 456/600, Total: 1359.151266, Node: 898.018264, Link: 460.973840, Spread: 15.919200
Epoch 457/600, Total: 1531.262981, Node: 970.306926, Link: 560.792776, Spread: 16.329209
Epoch 458/600, Total: 1407.352438, Node: 918.250298, Link: 488.940515, Spread: 16.159113
Epoch 459/600, Total: 1427.299534, Node: 931.663761, Link: 495.482326, Spread: 15.346871
Epoch 460/600, Total: 1442.561161, Node: 927.496800, Link: 514.909149, Spread: 15.522839
Epoch 461/600, Total: 1589.732988, Node: 990.658376, Link: 598.922393, Spread: 15.217959
Epoch 462/600, Total: 1377.803680, Node: 906.946485, Link: 470.705088, Spread: 15.206388
Epoch 463/600, Total: 1435.142162, Node: 930.261067, Link: 504.719838, Spread: 16.125124
Epoch 464/600, Total: 1403.536119, Node: 916.439787, Link: 486.938788, Spread: 15.754499
Epoch 465/600, Total: 1429.632930, Node: 928.561302, Link: 500.915477, Spread: 15.617994
Epoch 466/600, Total: 1411.528622, Node: 922.338035, Link: 489.041747, Spread: 14.885857
Epoch 467/600, Total: 1393.846363, Node: 914.725912, Link: 478.967297, Spread: 15.315929
Epoch 468/600, Total: 1411.707637, Node: 919.258604, Link: 492.289711, Spread: 15.933385
Epoch 469/600, Total: 1411.268327, Node: 918.718737, Link: 492.389148, Spread: 16.043716
Epoch 470/600, Total: 1436.503361, Node: 925.934752, Link: 510.404547, Spread: 16.406524
Epoch 471/600, Total: 1437.433380, Node: 932.679018, Link: 504.585088, Spread: 16.930484
Epoch 472/600, Total: 1388.031033, Node: 912.112482, Link: 475.746200, Spread: 17.235368
Epoch 473/600, Total: 1426.594168, Node: 933.427478, Link: 492.992602, Spread: 17.408382
Epoch 474/600, Total: 1482.366683, Node: 949.483085, Link: 532.712327, Spread: 17.126829
Epoch 475/600, Total: 1493.449776, Node: 952.401504, Link: 540.874521, Spread: 17.373969
Epoch 476/600, Total: 1402.519817, Node: 923.172811, Link: 479.172564, Spread: 17.443576
Epoch 477/600, Total: 1427.238335, Node: 922.405257, Link: 504.654784, Spread: 17.830266
Epoch 478/600, Total: 1387.417234, Node: 911.933282, Link: 475.301615, Spread: 18.231857
Epoch 479/600, Total: 1457.830716, Node: 932.355856, Link: 525.291698, Spread: 18.315297
Epoch 480/600, Total: 1469.000706, Node: 936.486807, Link: 532.330112, Spread: 18.377995
Epoch 481/600, Total: 1478.489097, Node: 945.781609, Link: 532.521920, Spread: 18.554215
Epoch 482/600, Total: 1387.058426, Node: 909.388677, Link: 477.484271, Spread: 18.547728
Epoch 483/600, Total: 1474.322889, Node: 935.902774, Link: 538.228199, Spread: 19.194990
Epoch 484/600, Total: 1424.072607, Node: 920.421778, Link: 503.453555, Spread: 19.727050
Epoch 485/600, Total: 1414.426579, Node: 917.395286, Link: 496.832997, Spread: 19.828619
Epoch 486/600, Total: 1418.935355, Node: 916.201243, Link: 502.538538, Spread: 19.556242
Epoch 487/600, Total: 1493.152920, Node: 953.528849, Link: 539.430393, Spread: 19.366346
Epoch 488/600, Total: 1354.888518, Node: 906.093977, Link: 448.599796, Spread: 19.474441
Epoch 489/600, Total: 1488.565851, Node: 948.066141, Link: 540.297526, Spread: 20.219469
Epoch 490/600, Total: 1382.765693, Node: 906.688283, Link: 475.879140, Spread: 19.824495
Epoch 491/600, Total: 1473.089247, Node: 939.943366, Link: 532.941855, Spread: 20.403728
Epoch 492/600, Total: 1375.807348, Node: 903.572340, Link: 472.032919, Spread: 20.209761
Epoch 493/600, Total: 1422.176752, Node: 932.400353, Link: 489.566562, Spread: 20.980935
Epoch 494/600, Total: 1464.471869, Node: 936.922956, Link: 527.339594, Spread: 20.932187
Epoch 495/600, Total: 1439.298336, Node: 923.626308, Link: 515.464462, Spread: 20.755597
Epoch 496/600, Total: 1491.444662, Node: 968.042265, Link: 523.194399, Spread: 20.799634
Epoch 497/600, Total: 1395.683831, Node: 906.482799, Link: 488.997427, Spread: 20.359983
Epoch 498/600, Total: 1415.912782, Node: 916.091269, Link: 499.611874, Spread: 20.961658
Epoch 499/600, Total: 1432.407705, Node: 929.208420, Link: 502.984532, Spread: 21.476587
Epoch 500/600, Total: 1420.112751, Node: 920.970727, Link: 498.921388, Spread: 22.063463
Epoch 501/600, Total: 1423.881777, Node: 924.767051, Link: 498.909444, Spread: 20.529145
Epoch 502/600, Total: 1510.855913, Node: 965.494636, Link: 545.152332, Spread: 20.894048
Epoch 503/600, Total: 1450.365808, Node: 938.302596, Link: 511.859446, Spread: 20.378366
Epoch 504/600, Total: 1449.298563, Node: 933.931858, Link: 515.155393, Spread: 21.130022
Epoch 505/600, Total: 1458.084255, Node: 926.109030, Link: 531.759667, Spread: 21.556478
Epoch 506/600, Total: 1400.008428, Node: 910.759946, Link: 489.032489, Spread: 21.601641
Epoch 507/600, Total: 1368.684175, Node: 901.121821, Link: 467.341092, Spread: 22.128691
Epoch 508/600, Total: 1442.971164, Node: 932.405137, Link: 510.337760, Spread: 22.824180
Epoch 509/600, Total: 1372.105054, Node: 904.905651, Link: 466.968177, Spread: 23.126054
Epoch 510/600, Total: 1377.962579, Node: 908.637592, Link: 469.088290, Spread: 23.668197
Epoch 511/600, Total: 1373.004745, Node: 906.489655, Link: 466.272214, Spread: 24.287083
Epoch 512/600, Total: 1566.332493, Node: 975.888476, Link: 590.197771, Spread: 24.626518
Epoch 513/600, Total: 1467.475799, Node: 953.975784, Link: 513.266309, Spread: 23.370839
Epoch 514/600, Total: 1478.731043, Node: 953.615554, Link: 524.901536, Spread: 21.396283
Epoch 515/600, Total: 1476.931114, Node: 951.281025, Link: 525.424932, Spread: 22.515723
Epoch 516/600, Total: 1415.684231, Node: 920.621227, Link: 494.837734, Spread: 22.527324
Epoch 517/600, Total: 1401.281729, Node: 914.870340, Link: 486.174315, Spread: 23.708008
Epoch 518/600, Total: 1474.040317, Node: 939.115493, Link: 534.674960, Spread: 24.982927
Epoch 519/600, Total: 1368.889879, Node: 904.631675, Link: 464.012472, Spread: 24.573611
Epoch 520/600, Total: 1411.882639, Node: 917.643070, Link: 493.991677, Spread: 24.790373
Epoch 521/600, Total: 1451.800091, Node: 930.411168, Link: 521.141822, Spread: 24.710442
Epoch 522/600, Total: 1432.902351, Node: 923.252734, Link: 509.407640, Spread: 24.199860
Epoch 523/600, Total: 1402.269410, Node: 925.523679, Link: 476.496205, Spread: 24.952973
Epoch 524/600, Total: 1528.282236, Node: 955.767618, Link: 572.254477, Spread: 26.011374
Epoch 525/600, Total: 1411.884120, Node: 926.965923, Link: 484.665044, Spread: 25.316207
Epoch 526/600, Total: 1409.188858, Node: 913.328083, Link: 495.605801, Spread: 25.497764
Epoch 527/600, Total: 1402.170266, Node: 919.390461, Link: 482.524446, Spread: 25.534365
Epoch 528/600, Total: 1477.099106, Node: 951.299736, Link: 525.540519, Spread: 25.884034
Epoch 529/600, Total: 1417.916849, Node: 937.389287, Link: 480.278123, Spread: 24.944707
Epoch 530/600, Total: 1395.488787, Node: 910.862692, Link: 484.364105, Spread: 26.196894
Epoch 531/600, Total: 1401.237144, Node: 914.508244, Link: 486.466319, Spread: 26.258691
Epoch 532/600, Total: 1366.604234, Node: 905.693967, Link: 460.651844, Spread: 25.842738
Epoch 533/600, Total: 1442.753962, Node: 929.916107, Link: 512.572417, Spread: 26.542559
Epoch 534/600, Total: 1446.086641, Node: 926.175940, Link: 519.650467, Spread: 26.025782
Epoch 535/600, Total: 1452.332959, Node: 933.784951, Link: 518.280714, Spread: 26.728464
Epoch 536/600, Total: 1393.104826, Node: 916.705369, Link: 476.132652, Spread: 26.681471
Epoch 537/600, Total: 1389.168595, Node: 909.017467, Link: 479.883941, Spread: 26.720953
Epoch 538/600, Total: 1384.792912, Node: 907.774602, Link: 476.747174, Spread: 27.113916
Epoch 539/600, Total: 1447.589372, Node: 930.099600, Link: 517.232399, Spread: 25.740016
Epoch 540/600, Total: 1468.350147, Node: 955.420361, Link: 512.652761, Spread: 27.704076
Epoch 541/600, Total: 1471.135076, Node: 939.322981, Link: 531.537739, Spread: 27.434552
Epoch 542/600, Total: 1570.098206, Node: 974.877444, Link: 594.935790, Spread: 28.499924
Epoch 543/600, Total: 1376.027157, Node: 909.481415, Link: 466.263079, Spread: 28.265929
Epoch 544/600, Total: 1401.162552, Node: 921.240806, Link: 479.632118, Spread: 28.962202
Epoch 545/600, Total: 1384.735655, Node: 908.386745, Link: 476.051165, Spread: 29.773514
Epoch 546/600, Total: 1387.519483, Node: 911.480546, Link: 475.741693, Spread: 29.722752
Epoch 547/600, Total: 1457.327405, Node: 950.319414, Link: 506.730472, Spread: 27.753638
Epoch 548/600, Total: 1475.914233, Node: 947.292516, Link: 528.339376, Spread: 28.233181
Epoch 549/600, Total: 1463.348516, Node: 940.239495, Link: 522.815195, Spread: 29.382176
Epoch 550/600, Total: 1481.077236, Node: 946.803286, Link: 533.990251, Spread: 28.371287
Epoch 551/600, Total: 1468.487918, Node: 941.660997, Link: 526.536952, Spread: 28.998995
Epoch 552/600, Total: 1400.659883, Node: 912.355654, Link: 488.007573, Spread: 29.665761
Epoch 553/600, Total: 1475.055364, Node: 944.029269, Link: 530.713934, Spread: 31.219264
Epoch 554/600, Total: 1458.845841, Node: 939.468721, Link: 519.083727, Spread: 29.341071
Epoch 555/600, Total: 1412.283361, Node: 921.229011, Link: 490.749137, Spread: 30.522650
Epoch 556/600, Total: 1493.849532, Node: 972.852486, Link: 520.688397, Spread: 30.864296
Epoch 557/600, Total: 1402.577216, Node: 918.593625, Link: 483.673362, Spread: 31.021109
Epoch 558/600, Total: 1383.595267, Node: 907.165075, Link: 476.121238, Spread: 30.892028
Epoch 559/600, Total: 1500.229468, Node: 944.546679, Link: 555.381068, Spread: 30.175152
Epoch 560/600, Total: 1413.973211, Node: 924.386891, Link: 489.279568, Spread: 30.674788
Epoch 561/600, Total: 1380.626213, Node: 914.884159, Link: 465.436994, Spread: 30.504685
Epoch 562/600, Total: 1402.395801, Node: 910.612121, Link: 491.467255, Spread: 31.643040
Epoch 563/600, Total: 1374.288226, Node: 905.336408, Link: 468.642705, Spread: 30.910625
Epoch 564/600, Total: 1452.987432, Node: 936.706354, Link: 515.965066, Spread: 31.601340
Epoch 565/600, Total: 1447.874117, Node: 923.214333, Link: 524.340481, Spread: 31.927923
Epoch 566/600, Total: 1452.057863, Node: 933.829845, Link: 517.906062, Spread: 32.194782
Epoch 567/600, Total: 1425.870880, Node: 923.884419, Link: 501.647545, Spread: 33.892542
Epoch 568/600, Total: 1425.791892, Node: 925.986201, Link: 499.474575, Spread: 33.114225
Epoch 569/600, Total: 1404.191021, Node: 911.189449, Link: 492.666820, Spread: 33.476705
Epoch 570/600, Total: 1403.689686, Node: 911.055042, Link: 492.288759, Spread: 34.589891
Epoch 571/600, Total: 1421.848094, Node: 917.784745, Link: 503.713306, Spread: 35.002706
Epoch 572/600, Total: 1440.372013, Node: 926.542905, Link: 513.487287, Spread: 34.180797
Epoch 573/600, Total: 1423.405619, Node: 923.653565, Link: 499.409143, Spread: 34.290555
Epoch 574/600, Total: 1406.990615, Node: 917.825123, Link: 488.818116, Spread: 34.735657
Epoch 575/600, Total: 1477.103158, Node: 940.388653, Link: 536.378653, Spread: 33.584356
Epoch 576/600, Total: 1382.765248, Node: 908.282485, Link: 474.152062, Spread: 33.070302
Epoch 577/600, Total: 1370.451478, Node: 904.415709, Link: 465.701016, Spread: 33.477283
Epoch 578/600, Total: 1537.075016, Node: 974.703668, Link: 562.022397, Spread: 34.896306
Epoch 579/600, Total: 1367.966408, Node: 900.084148, Link: 467.545411, Spread: 33.683507
Epoch 580/600, Total: 1424.873470, Node: 928.364238, Link: 496.165348, Spread: 34.388437
Epoch 581/600, Total: 1526.594652, Node: 985.057621, Link: 541.199336, Spread: 33.768565
Epoch 582/600, Total: 1473.500914, Node: 952.967224, Link: 520.198797, Spread: 33.487538
Epoch 583/600, Total: 1421.436831, Node: 918.860475, Link: 502.240915, Spread: 33.543232
Epoch 584/600, Total: 1378.739085, Node: 906.948322, Link: 471.451179, Spread: 33.959849
Epoch 585/600, Total: 1389.753130, Node: 910.901077, Link: 478.503363, Spread: 34.866780
Epoch 586/600, Total: 1364.847791, Node: 900.552397, Link: 463.943045, Spread: 35.233846
Epoch 587/600, Total: 1421.366699, Node: 914.223642, Link: 506.789866, Spread: 35.319995
Epoch 588/600, Total: 1409.997609, Node: 917.377346, Link: 492.267445, Spread: 35.282866
Epoch 589/600, Total: 1403.517594, Node: 910.482783, Link: 492.684378, Spread: 35.043061
Epoch 590/600, Total: 1469.695474, Node: 950.283051, Link: 519.052094, Spread: 36.032550
Epoch 591/600, Total: 1457.608171, Node: 937.442749, Link: 519.803443, Spread: 36.198430
Epoch 592/600, Total: 1452.549587, Node: 937.951491, Link: 514.231346, Spread: 36.674960
Epoch 593/600, Total: 1559.299450, Node: 988.614120, Link: 570.309066, Spread: 37.627217
Epoch 594/600, Total: 1418.292025, Node: 922.683936, Link: 495.247583, Spread: 36.050869
Epoch 595/600, Total: 1380.898741, Node: 909.998038, Link: 470.531763, Spread: 36.895019
Epoch 596/600, Total: 1471.846919, Node: 940.802417, Link: 530.653348, Spread: 39.114271
Epoch 597/600, Total: 1434.058906, Node: 925.706177, Link: 507.972935, Spread: 37.974885
Epoch 598/600, Total: 1357.358185, Node: 897.575062, Link: 459.418325, Spread: 36.479022
Epoch 599/600, Total: 1363.163220, Node: 898.229591, Link: 464.560604, Spread: 37.302040
Epoch 600/600, Total: 1388.897035, Node: 907.314198, Link: 481.212032, Spread: 37.080608
Saved sweep result to: /homes/dameyer/ml-for-wdn-project-4/results/aggregated/gnn_training_sweep/net1_buffer=25_rollout=20_seed=42.json
Table value: 907.314198
