Filter:    ekf
Job:       240718
Array ID:  14
Seed:      56
Host:      assistant-1.GPU.CIT-EC.NET
Dataset:   hanoi

Running Hanoi GNN EKF: 24 sensor counts × 1 sensor placements
2 sensors/type: 1.0659 ± 0.2982
3 sensors/type: 1.0574 ± 0.2545
4 sensors/type: 1.0694 ± 0.2735
5 sensors/type: 1.0989 ± 0.2886
6 sensors/type: 0.9704 ± 0.2661
7 sensors/type: 1.0279 ± 0.2891
8 sensors/type: 1.0141 ± 0.2996
9 sensors/type: 0.9694 ± 0.2808
10 sensors/type: 0.9793 ± 0.2947
11 sensors/type: 0.9741 ± 0.2695
12 sensors/type: 0.9249 ± 0.2709
13 sensors/type: 0.9289 ± 0.2729
14 sensors/type: 0.9058 ± 0.2541
15 sensors/type: 0.9535 ± 0.2777
16 sensors/type: 0.9036 ± 0.2596
17 sensors/type: 0.8709 ± 0.2550
18 sensors/type: 0.8897 ± 0.2590
19 sensors/type: 0.8998 ± 0.2750
20 sensors/type: 0.8676 ± 0.2596
21 sensors/type: 0.8882 ± 0.2697
22 sensors/type: 0.8599 ± 0.2512
23 sensors/type: 0.8723 ± 0.2586
24 sensors/type: 0.8685 ± 0.2568
25 sensors/type: 0.8844 ± 0.2713
Saved gnn EKF result to: /homes/dameyer/ml-for-wdn-project-4/results/aggregated/hanoi_gnn_ekf_n_iters=1_seed=56.npz
