================================
GNN training sweep
Job ID: 242701
Task ID: 30
Buffer size: 25
Rollout length: 1
================================
Running GNN sweep: dataset=Net1, buffer=25, rollout=1
Epoch 1/600, Total: 2101.864029, Node: 1289.057903, Link: 812.076736, Spread: 72.938715
Epoch 2/600, Total: 1968.279234, Node: 1208.182227, Link: 759.699137, Spread: 39.787304
Epoch 3/600, Total: 1981.868280, Node: 1235.081109, Link: 746.558080, Spread: 22.909163
Epoch 4/600, Total: 1935.515685, Node: 1194.167721, Link: 741.201133, Spread: 14.682594
Epoch 5/600, Total: 1956.839198, Node: 1219.628134, Link: 737.103699, Spread: 10.735957
Epoch 6/600, Total: 1936.992790, Node: 1202.931602, Link: 733.970806, Spread: 9.038399
Epoch 7/600, Total: 1916.838209, Node: 1187.469387, Link: 729.295363, Spread: 7.345792
Epoch 8/600, Total: 1893.285555, Node: 1169.534397, Link: 723.688372, Spread: 6.278561
Epoch 9/600, Total: 1877.604703, Node: 1157.088889, Link: 720.461176, Spread: 5.463462
Epoch 10/600, Total: 1866.038014, Node: 1147.965477, Link: 718.024275, Spread: 4.826335
Epoch 11/600, Total: 1851.221625, Node: 1138.236305, Link: 712.944897, Spread: 4.042314
Epoch 12/600, Total: 1836.987150, Node: 1127.111669, Link: 709.837253, Spread: 3.822824
Epoch 13/600, Total: 1839.158749, Node: 1120.942122, Link: 718.180706, Spread: 3.592435
Epoch 14/600, Total: 1842.280315, Node: 1114.770787, Link: 727.474012, Spread: 3.551924
Epoch 15/600, Total: 1835.910293, Node: 1109.593943, Link: 726.283782, Spread: 3.256751
Epoch 16/600, Total: 1826.922158, Node: 1103.465727, Link: 723.424258, Spread: 3.217174
Epoch 17/600, Total: 1826.501855, Node: 1104.323431, Link: 722.149157, Spread: 2.926468
Epoch 18/600, Total: 1821.621993, Node: 1100.342864, Link: 721.252333, Spread: 2.679415
Epoch 19/600, Total: 1818.429069, Node: 1098.282537, Link: 720.121530, Spread: 2.500034
Epoch 20/600, Total: 1816.223625, Node: 1096.790886, Link: 719.409989, Spread: 2.274712
Epoch 21/600, Total: 1814.603500, Node: 1095.651399, Link: 718.931833, Spread: 2.027170
Epoch 22/600, Total: 1813.467473, Node: 1094.866517, Link: 718.583195, Spread: 1.776319
Epoch 23/600, Total: 1812.625843, Node: 1094.262915, Link: 718.347555, Spread: 1.536906
Epoch 24/600, Total: 1811.996158, Node: 1093.792829, Link: 718.190153, Spread: 1.317715
Epoch 25/600, Total: 1811.516298, Node: 1093.428190, Link: 718.076876, Spread: 1.123152
Epoch 26/600, Total: 1811.153136, Node: 1093.151336, Link: 717.992256, Spread: 0.954192
Epoch 27/600, Total: 1810.876847, Node: 1092.943115, Link: 717.925634, Spread: 0.809939
Epoch 28/600, Total: 1810.658068, Node: 1092.776885, Link: 717.874301, Spread: 0.688359
Epoch 29/600, Total: 1810.484815, Node: 1092.642511, Link: 717.836432, Spread: 0.586902
Epoch 30/600, Total: 1813.948870, Node: 1093.527999, Link: 720.416159, Spread: 0.471119
Epoch 31/600, Total: 1811.697285, Node: 1092.905934, Link: 718.787142, Spread: 0.420944
Epoch 32/600, Total: 1812.137646, Node: 1093.219267, Link: 718.914706, Spread: 0.366928
Epoch 33/600, Total: 1810.472935, Node: 1092.642190, Link: 717.827324, Spread: 0.341630
Epoch 34/600, Total: 1810.192699, Node: 1092.375295, Link: 717.814392, Spread: 0.301985
Epoch 35/600, Total: 1810.098911, Node: 1092.297246, Link: 717.798953, Spread: 0.270071
Epoch 36/600, Total: 1810.035519, Node: 1092.244633, Link: 717.788446, Spread: 0.243848
Epoch 37/600, Total: 1809.999593, Node: 1092.213870, Link: 717.783501, Spread: 0.222295
Epoch 38/600, Total: 1809.944050, Node: 1092.171004, Link: 717.771000, Spread: 0.204621
Epoch 39/600, Total: 1809.730103, Node: 1091.977125, Link: 717.751079, Spread: 0.190185
Epoch 40/600, Total: 1809.591062, Node: 1091.836304, Link: 717.752973, Spread: 0.178300
Epoch 41/600, Total: 1809.493611, Node: 1091.753123, Link: 717.738802, Spread: 0.168632
Epoch 42/600, Total: 1809.452564, Node: 1091.707974, Link: 717.742985, Spread: 0.160749
Epoch 43/600, Total: 1809.376007, Node: 1091.640184, Link: 717.734286, Spread: 0.154365
Epoch 44/600, Total: 1809.378642, Node: 1091.637655, Link: 717.739493, Spread: 0.149214
Epoch 45/600, Total: 1809.323936, Node: 1091.580418, Link: 717.742066, Spread: 0.145088
Epoch 46/600, Total: 1809.365183, Node: 1091.618947, Link: 717.744816, Spread: 0.141823
Epoch 47/600, Total: 1809.360419, Node: 1091.607864, Link: 717.751163, Spread: 0.139274
Epoch 48/600, Total: 1810.417198, Node: 1092.278263, Link: 718.137698, Spread: 0.123386
Epoch 49/600, Total: 1809.609275, Node: 1091.738175, Link: 717.869781, Spread: 0.131601
Epoch 50/600, Total: 1809.601529, Node: 1091.758624, Link: 717.841586, Spread: 0.131733
Epoch 51/600, Total: 1809.471595, Node: 1091.644633, Link: 717.825651, Spread: 0.131054
Epoch 52/600, Total: 1809.554895, Node: 1091.731603, Link: 717.821986, Spread: 0.130596
Epoch 53/600, Total: 1809.493410, Node: 1091.671650, Link: 717.820454, Spread: 0.130533
Epoch 54/600, Total: 1809.485748, Node: 1091.659744, Link: 717.824697, Spread: 0.130336
Epoch 55/600, Total: 1809.494664, Node: 1091.674115, Link: 717.819239, Spread: 0.130554
Epoch 56/600, Total: 1809.508440, Node: 1091.699813, Link: 717.807309, Spread: 0.131156
Epoch 57/600, Total: 1809.416828, Node: 1091.604537, Link: 717.810975, Spread: 0.131573
Epoch 58/600, Total: 1809.157096, Node: 1091.377916, Link: 717.777857, Spread: 0.132253
Epoch 59/600, Total: 1809.036520, Node: 1091.309971, Link: 717.725223, Spread: 0.132940
Epoch 60/600, Total: 1808.961232, Node: 1091.228820, Link: 717.731080, Spread: 0.133913
Epoch 61/600, Total: 1809.025005, Node: 1091.258371, Link: 717.765290, Spread: 0.134796
Epoch 62/600, Total: 1809.039392, Node: 1091.243422, Link: 717.794616, Spread: 0.135553
Epoch 63/600, Total: 1809.013997, Node: 1091.205844, Link: 717.806789, Spread: 0.136371
Epoch 64/600, Total: 1808.928168, Node: 1091.109641, Link: 717.817158, Spread: 0.137120
Epoch 65/600, Total: 1808.870236, Node: 1091.043386, Link: 717.825474, Spread: 0.137826
Epoch 66/600, Total: 1808.940901, Node: 1091.090798, Link: 717.848718, Spread: 0.138537
Epoch 67/600, Total: 1809.190214, Node: 1091.347601, Link: 717.841217, Spread: 0.139292
Epoch 68/600, Total: 1809.268868, Node: 1091.258882, Link: 718.008596, Spread: 0.139220
Epoch 69/600, Total: 1808.937779, Node: 1091.088706, Link: 717.847679, Spread: 0.139770
Epoch 70/600, Total: 1808.968067, Node: 1091.096828, Link: 717.869846, Spread: 0.139414
Epoch 71/600, Total: 1808.982408, Node: 1091.113842, Link: 717.867171, Spread: 0.139568
Epoch 72/600, Total: 1809.052907, Node: 1091.184531, Link: 717.866976, Spread: 0.139902
Epoch 73/600, Total: 1809.039857, Node: 1091.164083, Link: 717.874373, Spread: 0.140270
Epoch 74/600, Total: 1809.054958, Node: 1091.171972, Link: 717.881586, Spread: 0.140579
Epoch 75/600, Total: 1809.068340, Node: 1091.177446, Link: 717.889489, Spread: 0.140862
Epoch 76/600, Total: 1809.091100, Node: 1091.191786, Link: 717.897909, Spread: 0.141120
Epoch 77/600, Total: 1809.104175, Node: 1091.195256, Link: 717.907510, Spread: 0.141349
Epoch 78/600, Total: 1809.145984, Node: 1091.226927, Link: 717.917646, Spread: 0.141534
Epoch 79/600, Total: 1809.190817, Node: 1091.260589, Link: 717.928810, Spread: 0.141676
Epoch 80/600, Total: 1809.272032, Node: 1091.333605, Link: 717.937008, Spread: 0.142126
Epoch 81/600, Total: 1812.360561, Node: 1093.897294, Link: 718.462128, Spread: 0.114023
Epoch 82/600, Total: 1809.370077, Node: 1091.348316, Link: 718.020384, Spread: 0.137564
Epoch 83/600, Total: 1809.944197, Node: 1091.998799, Link: 717.944005, Spread: 0.139539
Epoch 84/600, Total: 1808.808820, Node: 1090.847115, Link: 717.960317, Spread: 0.138824
Epoch 85/600, Total: 1809.517031, Node: 1091.559821, Link: 717.955832, Spread: 0.137841
Epoch 86/600, Total: 1809.283594, Node: 1091.354332, Link: 717.927888, Spread: 0.137326
Epoch 87/600, Total: 1808.852184, Node: 1090.916881, Link: 717.933932, Spread: 0.137114
Epoch 88/600, Total: 1808.960064, Node: 1091.039196, Link: 717.919508, Spread: 0.136295
Epoch 89/600, Total: 1809.630766, Node: 1091.705310, Link: 717.924099, Spread: 0.135753
Epoch 90/600, Total: 1808.717489, Node: 1090.792327, Link: 717.923804, Spread: 0.135588
Epoch 91/600, Total: 1808.856390, Node: 1090.945044, Link: 717.909997, Spread: 0.134834
Epoch 92/600, Total: 1808.991684, Node: 1091.078089, Link: 717.912253, Spread: 0.134136
Epoch 93/600, Total: 1809.251088, Node: 1091.317010, Link: 717.932737, Spread: 0.133895
Epoch 94/600, Total: 1809.145284, Node: 1091.206367, Link: 717.937581, Spread: 0.133314
Epoch 95/600, Total: 1809.107018, Node: 1091.194929, Link: 717.910762, Spread: 0.133100
Epoch 96/600, Total: 1808.502965, Node: 1090.772153, Link: 717.729490, Spread: 0.132464
Epoch 97/600, Total: 1809.211808, Node: 1091.218904, Link: 717.991589, Spread: 0.131799
Epoch 98/600, Total: 1809.308266, Node: 1091.295782, Link: 718.011171, Spread: 0.131261
Epoch 99/600, Total: 1809.343900, Node: 1091.315463, Link: 718.027130, Spread: 0.130777
Epoch 100/600, Total: 1809.344174, Node: 1091.322968, Link: 718.019904, Spread: 0.130345
Epoch 101/600, Total: 1809.324616, Node: 1091.307091, Link: 718.016223, Spread: 0.129811
Epoch 102/600, Total: 1809.395291, Node: 1091.372151, Link: 718.021842, Spread: 0.129159
Epoch 103/600, Total: 1809.372073, Node: 1091.350411, Link: 718.020371, Spread: 0.128581
Epoch 104/600, Total: 1809.491810, Node: 1091.466753, Link: 718.023770, Spread: 0.127915
Epoch 105/600, Total: 1809.433826, Node: 1091.408757, Link: 718.023786, Spread: 0.127445
Epoch 106/600, Total: 1809.445405, Node: 1091.413227, Link: 718.030903, Spread: 0.126722
Epoch 107/600, Total: 1809.404473, Node: 1091.384217, Link: 718.018990, Spread: 0.126182
Epoch 108/600, Total: 1809.489735, Node: 1091.474892, Link: 718.013579, Spread: 0.125702
Epoch 109/600, Total: 1809.563138, Node: 1091.573227, Link: 717.988653, Spread: 0.125510
Epoch 110/600, Total: 1809.644672, Node: 1091.565643, Link: 718.077771, Spread: 0.125081
Epoch 111/600, Total: 1809.606164, Node: 1091.594469, Link: 718.010440, Spread: 0.124934
Epoch 112/600, Total: 1809.742358, Node: 1091.728771, Link: 718.012334, Spread: 0.124391
Epoch 113/600, Total: 1809.651373, Node: 1091.639448, Link: 718.010675, Spread: 0.124087
Epoch 114/600, Total: 1809.797492, Node: 1091.784499, Link: 718.011752, Spread: 0.123725
Epoch 115/600, Total: 1809.697609, Node: 1091.684897, Link: 718.011474, Spread: 0.123464
Epoch 116/600, Total: 1809.908920, Node: 1091.887035, Link: 718.020648, Spread: 0.123132
Epoch 117/600, Total: 1809.889116, Node: 1091.859615, Link: 718.028270, Spread: 0.122609
Epoch 118/600, Total: 1809.550583, Node: 1091.530977, Link: 718.018375, Spread: 0.122447
Epoch 119/600, Total: 1809.972493, Node: 1091.954979, Link: 718.016290, Spread: 0.121730
Epoch 120/600, Total: 1809.632375, Node: 1091.622123, Link: 718.009035, Spread: 0.121222
Epoch 121/600, Total: 1809.572549, Node: 1091.567673, Link: 718.003664, Spread: 0.120815
Epoch 122/600, Total: 1809.495847, Node: 1091.490253, Link: 718.004391, Spread: 0.120261
Epoch 123/600, Total: 1809.679666, Node: 1091.666511, Link: 718.011958, Spread: 0.119675
Epoch 124/600, Total: 1809.545119, Node: 1091.541347, Link: 718.002579, Spread: 0.119259
Epoch 125/600, Total: 1809.519686, Node: 1091.515283, Link: 718.003213, Spread: 0.118766
Epoch 126/600, Total: 1809.496121, Node: 1091.490312, Link: 718.004626, Spread: 0.118244
Epoch 127/600, Total: 1809.471761, Node: 1091.470560, Link: 718.000023, Spread: 0.117811
Epoch 128/600, Total: 1809.458310, Node: 1091.460528, Link: 717.996605, Spread: 0.117421
Epoch 129/600, Total: 1809.437320, Node: 1091.444538, Link: 717.991606, Spread: 0.117044
Epoch 130/600, Total: 1809.410120, Node: 1091.422913, Link: 717.986039, Spread: 0.116686
Epoch 131/600, Total: 1809.376052, Node: 1091.397650, Link: 717.977237, Spread: 0.116336
Epoch 132/600, Total: 1809.352762, Node: 1091.384835, Link: 717.966763, Spread: 0.116011
Epoch 133/600, Total: 1809.361878, Node: 1091.405225, Link: 717.955498, Spread: 0.115677
Epoch 134/600, Total: 1809.326036, Node: 1091.376584, Link: 717.948298, Spread: 0.115351
Epoch 135/600, Total: 1809.351971, Node: 1091.406447, Link: 717.944371, Spread: 0.114992
Epoch 136/600, Total: 1809.252697, Node: 1091.311872, Link: 717.939679, Spread: 0.114662
Epoch 137/600, Total: 1809.292753, Node: 1091.343149, Link: 717.948465, Spread: 0.114294
Epoch 138/600, Total: 1809.213766, Node: 1091.269385, Link: 717.943244, Spread: 0.113931
Epoch 139/600, Total: 1809.246788, Node: 1091.292487, Link: 717.953170, Spread: 0.113552
Epoch 140/600, Total: 1809.209323, Node: 1091.260702, Link: 717.947493, Spread: 0.113147
Epoch 141/600, Total: 1809.225264, Node: 1091.271068, Link: 717.953074, Spread: 0.112758
Epoch 142/600, Total: 1809.206504, Node: 1091.256535, Link: 717.948849, Spread: 0.112363
Epoch 143/600, Total: 1809.212815, Node: 1091.259690, Link: 717.952007, Spread: 0.111986
Epoch 144/600, Total: 1809.201405, Node: 1091.251983, Link: 717.948305, Spread: 0.111612
Epoch 145/600, Total: 1809.203984, Node: 1091.250136, Link: 717.952733, Spread: 0.111247
Epoch 146/600, Total: 1809.198317, Node: 1091.248239, Link: 717.948967, Spread: 0.110873
Epoch 147/600, Total: 1809.196168, Node: 1091.240583, Link: 717.954473, Spread: 0.110505
Epoch 148/600, Total: 1809.195181, Node: 1091.243738, Link: 717.950336, Spread: 0.110119
Epoch 149/600, Total: 1809.189511, Node: 1091.231654, Link: 717.956754, Spread: 0.109742
Epoch 150/600, Total: 1809.190682, Node: 1091.237395, Link: 717.952186, Spread: 0.109341
Epoch 151/600, Total: 1809.181647, Node: 1091.220642, Link: 717.959909, Spread: 0.108954
Epoch 152/600, Total: 1809.182837, Node: 1091.227352, Link: 717.954395, Spread: 0.108537
Epoch 153/600, Total: 1809.181019, Node: 1091.217270, Link: 717.962659, Spread: 0.108148
Epoch 154/600, Total: 1809.184408, Node: 1091.225814, Link: 717.957511, Spread: 0.107725
Epoch 155/600, Total: 1809.181452, Node: 1091.214336, Link: 717.966041, Spread: 0.107331
Epoch 156/600, Total: 1809.180044, Node: 1091.218604, Link: 717.960365, Spread: 0.106901
Epoch 157/600, Total: 1809.182122, Node: 1091.211355, Link: 717.969697, Spread: 0.106502
Epoch 158/600, Total: 1809.174328, Node: 1091.209934, Link: 717.963328, Spread: 0.106067
Epoch 159/600, Total: 1809.181734, Node: 1091.207662, Link: 717.973004, Spread: 0.105664
Epoch 160/600, Total: 1809.168473, Node: 1091.201289, Link: 717.966121, Spread: 0.105223
Epoch 161/600, Total: 1809.181360, Node: 1091.204792, Link: 717.975505, Spread: 0.104810
Epoch 162/600, Total: 1809.162124, Node: 1091.192405, Link: 717.968657, Spread: 0.104362
Epoch 163/600, Total: 1809.178952, Node: 1091.200880, Link: 717.977017, Spread: 0.103936
Epoch 164/600, Total: 1809.156862, Node: 1091.184881, Link: 717.970927, Spread: 0.103483
Epoch 165/600, Total: 1809.041353, Node: 1091.207814, Link: 717.832309, Spread: 0.121896
Epoch 166/600, Total: 1809.039460, Node: 1091.282223, Link: 717.755907, Spread: 0.133056
Epoch 167/600, Total: 1809.134443, Node: 1091.242709, Link: 717.890463, Spread: 0.126488
Epoch 168/600, Total: 1809.132725, Node: 1091.195025, Link: 717.936457, Spread: 0.123344
Epoch 169/600, Total: 1809.134451, Node: 1091.178791, Link: 717.954429, Spread: 0.121560
Epoch 170/600, Total: 1809.120717, Node: 1091.163582, Link: 717.955923, Spread: 0.120298
Epoch 171/600, Total: 1809.114916, Node: 1091.155759, Link: 717.957950, Spread: 0.119235
Epoch 172/600, Total: 1809.105857, Node: 1091.149232, Link: 717.955437, Spread: 0.118265
Epoch 173/600, Total: 1809.098191, Node: 1091.140891, Link: 717.956122, Spread: 0.117335
Epoch 174/600, Total: 1809.093121, Node: 1091.137485, Link: 717.954469, Spread: 0.116430
Epoch 175/600, Total: 1809.081916, Node: 1091.125360, Link: 717.955401, Spread: 0.115538
Epoch 176/600, Total: 1809.078275, Node: 1091.122195, Link: 717.954936, Spread: 0.114656
Epoch 177/600, Total: 1809.062695, Node: 1091.105451, Link: 717.956107, Spread: 0.113782
Epoch 178/600, Total: 1809.060705, Node: 1091.102816, Link: 717.956762, Spread: 0.112910
Epoch 179/600, Total: 1809.044400, Node: 1091.085286, Link: 717.957990, Spread: 0.112048
Epoch 180/600, Total: 1809.047657, Node: 1091.087034, Link: 717.959509, Spread: 0.111185
Epoch 181/600, Total: 1809.033726, Node: 1091.072127, Link: 717.960494, Spread: 0.110333
Epoch 182/600, Total: 1809.035762, Node: 1091.072332, Link: 717.962329, Spread: 0.109479
Epoch 183/600, Total: 1809.024743, Node: 1091.060389, Link: 717.963264, Spread: 0.108633
Epoch 184/600, Total: 1809.019440, Node: 1091.053252, Link: 717.965103, Spread: 0.107785
Epoch 185/600, Total: 1809.014800, Node: 1091.047359, Link: 717.966362, Spread: 0.106940
Epoch 186/600, Total: 1809.000836, Node: 1091.032166, Link: 717.967597, Spread: 0.106098
Epoch 187/600, Total: 1809.001943, Node: 1091.031424, Link: 717.969452, Spread: 0.105257
Epoch 188/600, Total: 1808.983232, Node: 1091.011841, Link: 717.970338, Spread: 0.104422
Epoch 189/600, Total: 1808.985060, Node: 1091.011478, Link: 717.972544, Spread: 0.103588
Epoch 190/600, Total: 1808.967120, Node: 1090.992622, Link: 717.973467, Spread: 0.102760
Epoch 191/600, Total: 1808.965309, Node: 1090.988656, Link: 717.975627, Spread: 0.101935
Epoch 192/600, Total: 1808.950863, Node: 1090.973023, Link: 717.976824, Spread: 0.101115
Epoch 193/600, Total: 1808.944416, Node: 1090.964638, Link: 717.978774, Spread: 0.100302
Epoch 194/600, Total: 1808.932820, Node: 1090.951630, Link: 717.980192, Spread: 0.099492
Epoch 195/600, Total: 1808.923254, Node: 1090.940373, Link: 717.981887, Spread: 0.098690
Epoch 196/600, Total: 1808.913603, Node: 1090.929325, Link: 717.983289, Spread: 0.097893
Epoch 197/600, Total: 1808.904057, Node: 1090.918442, Link: 717.984633, Spread: 0.097103
Epoch 198/600, Total: 1808.894638, Node: 1090.907712, Link: 717.985957, Spread: 0.096319
Epoch 199/600, Total: 1808.884939, Node: 1090.896858, Link: 717.987123, Spread: 0.095540
Epoch 200/600, Total: 1808.873993, Node: 1090.885115, Link: 717.987928, Spread: 0.094765
Epoch 201/600, Total: 1808.861715, Node: 1090.872193, Link: 717.988585, Spread: 0.093995
Epoch 202/600, Total: 1808.847419, Node: 1090.857430, Link: 717.989057, Spread: 0.093231
Epoch 203/600, Total: 1808.830425, Node: 1090.840194, Link: 717.989306, Spread: 0.092471
Epoch 204/600, Total: 1808.807659, Node: 1090.818596, Link: 717.988143, Spread: 0.091716
Epoch 205/600, Total: 1808.780814, Node: 1090.794147, Link: 717.985748, Spread: 0.090966
Epoch 206/600, Total: 1808.754414, Node: 1090.771055, Link: 717.982448, Spread: 0.090215
Epoch 207/600, Total: 1808.728586, Node: 1090.747165, Link: 717.980519, Spread: 0.089459
Epoch 208/600, Total: 1808.673669, Node: 1090.691151, Link: 717.981639, Spread: 0.088687
Epoch 209/600, Total: 1808.629687, Node: 1090.656864, Link: 717.971954, Spread: 0.087893
Epoch 210/600, Total: 1808.699073, Node: 1090.744209, Link: 717.954001, Spread: 0.087123
Epoch 211/600, Total: 1808.746275, Node: 1090.796179, Link: 717.949244, Spread: 0.086393
Epoch 212/600, Total: 1808.727700, Node: 1090.781585, Link: 717.945274, Spread: 0.085682
Epoch 213/600, Total: 1808.713772, Node: 1090.767712, Link: 717.945229, Spread: 0.084981
Epoch 214/600, Total: 1808.708976, Node: 1090.761691, Link: 717.946460, Spread: 0.084270
Epoch 215/600, Total: 1808.674314, Node: 1090.732976, Link: 717.940515, Spread: 0.083551
Epoch 216/600, Total: 1808.624618, Node: 1090.695790, Link: 717.928008, Spread: 0.082816
Epoch 217/600, Total: 1808.634571, Node: 1090.708529, Link: 717.925231, Spread: 0.082055
Epoch 218/600, Total: 1808.591635, Node: 1090.667856, Link: 717.922983, Spread: 0.081276
Epoch 219/600, Total: 1808.569694, Node: 1090.644651, Link: 717.924254, Spread: 0.080492
Epoch 220/600, Total: 1808.554053, Node: 1090.627503, Link: 717.925767, Spread: 0.079699
Epoch 221/600, Total: 1808.535267, Node: 1090.608802, Link: 717.925686, Spread: 0.078909
Epoch 222/600, Total: 1808.528269, Node: 1090.601926, Link: 717.925572, Spread: 0.078118
Epoch 223/600, Total: 1808.519309, Node: 1090.591326, Link: 717.927217, Spread: 0.077328
Epoch 224/600, Total: 1808.510126, Node: 1090.578201, Link: 717.931173, Spread: 0.076548
Epoch 225/600, Total: 1808.493882, Node: 1090.564145, Link: 717.928992, Spread: 0.075791
Epoch 226/600, Total: 1808.494003, Node: 1090.566715, Link: 717.926545, Spread: 0.075040
Epoch 227/600, Total: 1808.477178, Node: 1090.556607, Link: 717.919830, Spread: 0.074288
Epoch 228/600, Total: 1808.483353, Node: 1090.566881, Link: 717.915746, Spread: 0.073537
Epoch 229/600, Total: 1808.454730, Node: 1090.540401, Link: 717.913616, Spread: 0.072776
Epoch 230/600, Total: 1808.418268, Node: 1090.506599, Link: 717.910968, Spread: 0.072018
Epoch 231/600, Total: 1808.427054, Node: 1090.515583, Link: 717.910779, Spread: 0.071267
Epoch 232/600, Total: 1808.406620, Node: 1090.497270, Link: 717.908670, Spread: 0.070516
Epoch 233/600, Total: 1808.406379, Node: 1090.495014, Link: 717.910693, Spread: 0.069775
Epoch 234/600, Total: 1808.386643, Node: 1090.483309, Link: 717.902667, Spread: 0.069051
Epoch 235/600, Total: 1808.400896, Node: 1090.499313, Link: 717.900921, Spread: 0.068356
Epoch 236/600, Total: 1808.474856, Node: 1090.557087, Link: 717.917112, Spread: 0.067810
Epoch 237/600, Total: 1808.254621, Node: 1090.377010, Link: 717.876955, Spread: 0.067363
Epoch 238/600, Total: 1808.314048, Node: 1090.419818, Link: 717.893576, Spread: 0.066653
Epoch 239/600, Total: 1808.355606, Node: 1090.457462, Link: 717.897496, Spread: 0.065907
Epoch 240/600, Total: 1808.294761, Node: 1090.397578, Link: 717.896545, Spread: 0.065203
Epoch 241/600, Total: 1808.289651, Node: 1090.416233, Link: 717.872777, Spread: 0.064713
Epoch 242/600, Total: 1808.339193, Node: 1090.450797, Link: 717.887761, Spread: 0.064035
Epoch 243/600, Total: 1808.578697, Node: 1090.652428, Link: 717.925644, Spread: 0.063378
Epoch 244/600, Total: 1808.499665, Node: 1090.620170, Link: 717.878871, Spread: 0.063184
Epoch 245/600, Total: 1808.650964, Node: 1090.768778, Link: 717.881559, Spread: 0.062875
Epoch 246/600, Total: 1808.436015, Node: 1090.560775, Link: 717.874615, Spread: 0.062436
Epoch 247/600, Total: 1808.602068, Node: 1090.741424, Link: 717.860019, Spread: 0.061743
Epoch 248/600, Total: 1808.280280, Node: 1090.430051, Link: 717.849605, Spread: 0.061130
Epoch 249/600, Total: 1808.561592, Node: 1090.720994, Link: 717.839992, Spread: 0.060218
Epoch 250/600, Total: 1808.376073, Node: 1090.521584, Link: 717.853890, Spread: 0.059596
Epoch 251/600, Total: 1808.544624, Node: 1090.701160, Link: 717.842871, Spread: 0.058862
Epoch 252/600, Total: 1808.183994, Node: 1090.359816, Link: 717.823595, Spread: 0.058231
Epoch 253/600, Total: 1808.503513, Node: 1090.665968, Link: 717.836973, Spread: 0.057354
Epoch 254/600, Total: 1808.269301, Node: 1090.426628, Link: 717.842107, Spread: 0.056747
Epoch 255/600, Total: 1808.429990, Node: 1090.586885, Link: 717.842551, Spread: 0.056022
Epoch 256/600, Total: 1808.240427, Node: 1090.406171, Link: 717.833711, Spread: 0.055419
Epoch 257/600, Total: 1808.420286, Node: 1090.576069, Link: 717.843692, Spread: 0.054685
Epoch 258/600, Total: 1808.209538, Node: 1090.376296, Link: 717.832722, Spread: 0.054101
Epoch 259/600, Total: 1808.390455, Node: 1090.541126, Link: 717.848812, Spread: 0.053392
Epoch 260/600, Total: 1808.213936, Node: 1090.376692, Link: 717.836732, Spread: 0.052836
Epoch 261/600, Total: 1808.210523, Node: 1090.372019, Link: 717.837997, Spread: 0.052216
Epoch 262/600, Total: 1808.381982, Node: 1090.534772, Link: 717.846703, Spread: 0.051577
Epoch 263/600, Total: 1808.146662, Node: 1090.318105, Link: 717.828057, Spread: 0.051072
Epoch 264/600, Total: 1808.333226, Node: 1090.483434, Link: 717.849296, Spread: 0.050457
Epoch 265/600, Total: 1808.253044, Node: 1090.406008, Link: 717.846553, Spread: 0.049956
Epoch 266/600, Total: 1808.180884, Node: 1090.336690, Link: 717.843716, Spread: 0.049426
Epoch 267/600, Total: 1808.200950, Node: 1090.352699, Link: 717.847772, Spread: 0.048873
Epoch 268/600, Total: 1808.327146, Node: 1090.466099, Link: 717.860574, Spread: 0.048337
Epoch 269/600, Total: 1808.208893, Node: 1090.354344, Link: 717.854076, Spread: 0.047898
Epoch 270/600, Total: 1808.305076, Node: 1090.442694, Link: 717.861912, Spread: 0.047410
Epoch 271/600, Total: 1808.175398, Node: 1090.323493, Link: 717.851437, Spread: 0.046982
Epoch 272/600, Total: 1808.183797, Node: 1090.333748, Link: 717.849594, Spread: 0.046488
Epoch 273/600, Total: 1808.219379, Node: 1090.369132, Link: 717.849788, Spread: 0.046036
Epoch 274/600, Total: 1808.319399, Node: 1090.462351, Link: 717.856593, Spread: 0.045609
Epoch 275/600, Total: 1808.110138, Node: 1090.276419, Link: 717.833267, Spread: 0.045236
Epoch 276/600, Total: 1808.277692, Node: 1090.420399, Link: 717.856842, Spread: 0.044745
Epoch 277/600, Total: 1808.281088, Node: 1090.422186, Link: 717.858448, Spread: 0.044381
Epoch 278/600, Total: 1808.280357, Node: 1090.422227, Link: 717.857689, Spread: 0.044002
Epoch 279/600, Total: 1808.189257, Node: 1090.344903, Link: 717.843911, Spread: 0.043603
Epoch 280/600, Total: 1808.123503, Node: 1090.284332, Link: 717.838738, Spread: 0.043137
Epoch 281/600, Total: 1808.091169, Node: 1090.258951, Link: 717.831795, Spread: 0.042723
Epoch 282/600, Total: 1808.095510, Node: 1090.267232, Link: 717.827873, Spread: 0.042284
Epoch 283/600, Total: 1808.087011, Node: 1090.261315, Link: 717.825289, Spread: 0.041868
Epoch 284/600, Total: 1808.103510, Node: 1090.279625, Link: 717.823477, Spread: 0.041451
Epoch 285/600, Total: 1808.085299, Node: 1090.261714, Link: 717.823178, Spread: 0.041050
Epoch 286/600, Total: 1808.099778, Node: 1090.278209, Link: 717.821166, Spread: 0.040649
Epoch 287/600, Total: 1808.087982, Node: 1090.268870, Link: 717.818714, Spread: 0.040265
Epoch 288/600, Total: 1808.108682, Node: 1090.291248, Link: 717.817046, Spread: 0.039862
Epoch 289/600, Total: 1808.096277, Node: 1090.281748, Link: 717.814147, Spread: 0.039477
Epoch 290/600, Total: 1808.124881, Node: 1090.311073, Link: 717.813438, Spread: 0.039073
Epoch 291/600, Total: 1808.109217, Node: 1090.297743, Link: 717.811114, Spread: 0.038690
Epoch 292/600, Total: 1808.158962, Node: 1090.342505, Link: 717.816098, Spread: 0.038290
Epoch 293/600, Total: 1808.215168, Node: 1090.382163, Link: 717.832655, Spread: 0.037933
Epoch 294/600, Total: 1808.304540, Node: 1090.461159, Link: 717.843031, Spread: 0.037600
Epoch 295/600, Total: 1808.071589, Node: 1090.245359, Link: 717.825884, Spread: 0.037289
Epoch 296/600, Total: 1808.165207, Node: 1090.338156, Link: 717.826701, Spread: 0.036861
Epoch 297/600, Total: 1808.171930, Node: 1090.342991, Link: 717.828593, Spread: 0.036518
Epoch 298/600, Total: 1808.215613, Node: 1090.380035, Link: 717.835237, Spread: 0.036177
Epoch 299/600, Total: 1808.100112, Node: 1090.279006, Link: 717.820767, Spread: 0.035856
Epoch 300/600, Total: 1808.053530, Node: 1090.238533, Link: 717.814661, Spread: 0.035463
Epoch 301/600, Total: 1808.038981, Node: 1090.233549, Link: 717.805098, Spread: 0.035134
Epoch 302/600, Total: 1808.036593, Node: 1090.234804, Link: 717.801466, Spread: 0.034792
Epoch 303/600, Total: 1808.026482, Node: 1090.228947, Link: 717.797215, Spread: 0.034484
Epoch 304/600, Total: 1808.030401, Node: 1090.235590, Link: 717.794492, Spread: 0.034148
Epoch 305/600, Total: 1808.022859, Node: 1090.231112, Link: 717.791424, Spread: 0.033841
Epoch 306/600, Total: 1808.031479, Node: 1090.240856, Link: 717.790304, Spread: 0.033508
Epoch 307/600, Total: 1808.025611, Node: 1090.237830, Link: 717.787461, Spread: 0.033201
Epoch 308/600, Total: 1808.038849, Node: 1090.250615, Link: 717.787916, Spread: 0.032870
Epoch 309/600, Total: 1808.032730, Node: 1090.247970, Link: 717.784442, Spread: 0.032561
Epoch 310/600, Total: 1808.050767, Node: 1090.264118, Link: 717.786331, Spread: 0.032232
Epoch 311/600, Total: 1808.036115, Node: 1090.254272, Link: 717.781524, Spread: 0.031921
Epoch 312/600, Total: 1808.060610, Node: 1090.273941, Link: 717.786352, Spread: 0.031595
Epoch 313/600, Total: 1808.025477, Node: 1090.247116, Link: 717.778047, Spread: 0.031295
Epoch 314/600, Total: 1808.083866, Node: 1090.291614, Link: 717.791937, Spread: 0.030976
Epoch 315/600, Total: 1808.040332, Node: 1090.253476, Link: 717.786540, Spread: 0.030699
Epoch 316/600, Total: 1808.212247, Node: 1090.395469, Link: 717.816461, Spread: 0.030417
Epoch 317/600, Total: 1808.032963, Node: 1090.245185, Link: 717.787462, Spread: 0.030177
Epoch 318/600, Total: 1808.019017, Node: 1090.229096, Link: 717.789607, Spread: 0.029868
Epoch 319/600, Total: 1807.986953, Node: 1090.207357, Link: 717.779287, Spread: 0.029567
Epoch 320/600, Total: 1807.986671, Node: 1090.204751, Link: 717.781621, Spread: 0.029269
Epoch 321/600, Total: 1807.975932, Node: 1090.200402, Link: 717.775227, Spread: 0.028997
Epoch 322/600, Total: 1807.970985, Node: 1090.192932, Link: 717.777753, Spread: 0.028709
Epoch 323/600, Total: 1807.964868, Node: 1090.191732, Link: 717.772837, Spread: 0.028442
Epoch 324/600, Total: 1807.960721, Node: 1090.185751, Link: 717.774674, Spread: 0.028163
Epoch 325/600, Total: 1807.959590, Node: 1090.187804, Link: 717.771492, Spread: 0.027897
Epoch 326/600, Total: 1807.949115, Node: 1090.176663, Link: 717.772164, Spread: 0.027626
Epoch 327/600, Total: 1807.954281, Node: 1090.183635, Link: 717.770361, Spread: 0.027363
Epoch 328/600, Total: 1807.939085, Node: 1090.168417, Link: 717.770395, Spread: 0.027099
Epoch 329/600, Total: 1807.945042, Node: 1090.175894, Link: 717.768873, Spread: 0.026842
Epoch 330/600, Total: 1807.935560, Node: 1090.164964, Link: 717.770322, Spread: 0.026583
Epoch 331/600, Total: 1807.934257, Node: 1090.165819, Link: 717.768164, Spread: 0.026333
Epoch 332/600, Total: 1807.943035, Node: 1090.167951, Link: 717.774813, Spread: 0.026080
Epoch 333/600, Total: 1807.986525, Node: 1090.201394, Link: 717.784863, Spread: 0.025841
Epoch 334/600, Total: 1808.075413, Node: 1090.269729, Link: 717.805417, Spread: 0.025624
Epoch 335/600, Total: 1807.950399, Node: 1090.164103, Link: 717.786034, Spread: 0.025428
Epoch 336/600, Total: 1807.919265, Node: 1090.139105, Link: 717.779905, Spread: 0.025190
Epoch 337/600, Total: 1807.878407, Node: 1090.108660, Link: 717.769493, Spread: 0.024920
Epoch 338/600, Total: 1807.879494, Node: 1090.109357, Link: 717.769886, Spread: 0.024650
Epoch 339/600, Total: 1807.871082, Node: 1090.104675, Link: 717.766160, Spread: 0.024398
Epoch 340/600, Total: 1807.877623, Node: 1090.107651, Link: 717.769729, Spread: 0.024153
Epoch 341/600, Total: 1807.847622, Node: 1090.082896, Link: 717.764489, Spread: 0.023921
Epoch 342/600, Total: 1807.871468, Node: 1090.101535, Link: 717.769708, Spread: 0.023683
Epoch 343/600, Total: 1807.854396, Node: 1090.085941, Link: 717.768238, Spread: 0.023451
Epoch 344/600, Total: 1807.857489, Node: 1090.086514, Link: 717.770762, Spread: 0.023222
Epoch 345/600, Total: 1807.850670, Node: 1090.079894, Link: 717.770564, Spread: 0.022999
Epoch 346/600, Total: 1807.857615, Node: 1090.082353, Link: 717.775053, Spread: 0.022777
Epoch 347/600, Total: 1807.854652, Node: 1090.077402, Link: 717.777041, Spread: 0.022558
Epoch 348/600, Total: 1807.867352, Node: 1090.083764, Link: 717.783377, Spread: 0.022341
Epoch 349/600, Total: 1807.873730, Node: 1090.085053, Link: 717.788467, Spread: 0.022125
Epoch 350/600, Total: 1807.885410, Node: 1090.090652, Link: 717.794546, Spread: 0.021912
Epoch 351/600, Total: 1807.886119, Node: 1090.088335, Link: 717.797573, Spread: 0.021702
Epoch 352/600, Total: 1807.889324, Node: 1090.088557, Link: 717.800559, Spread: 0.021496
Epoch 353/600, Total: 1807.889080, Node: 1090.086168, Link: 717.802707, Spread: 0.021294
Epoch 354/600, Total: 1807.892940, Node: 1090.087094, Link: 717.805640, Spread: 0.021093
Epoch 355/600, Total: 1807.896557, Node: 1090.087662, Link: 717.808696, Spread: 0.020895
Epoch 356/600, Total: 1807.902539, Node: 1090.090155, Link: 717.812188, Spread: 0.020698
Epoch 357/600, Total: 1807.908226, Node: 1090.092472, Link: 717.815558, Spread: 0.020503
Epoch 358/600, Total: 1807.914047, Node: 1090.095147, Link: 717.818707, Spread: 0.020309
Epoch 359/600, Total: 1807.918893, Node: 1090.097286, Link: 717.821416, Spread: 0.020117
Epoch 360/600, Total: 1807.922897, Node: 1090.098980, Link: 717.823731, Spread: 0.019927
Epoch 361/600, Total: 1807.925999, Node: 1090.100138, Link: 717.825679, Spread: 0.019738
Epoch 362/600, Total: 1807.928412, Node: 1090.100827, Link: 717.827415, Spread: 0.019551
Epoch 363/600, Total: 1807.930020, Node: 1090.100962, Link: 717.828889, Spread: 0.019366
Epoch 364/600, Total: 1807.930787, Node: 1090.100520, Link: 717.830096, Spread: 0.019181
Epoch 365/600, Total: 1807.930549, Node: 1090.099426, Link: 717.830952, Spread: 0.018998
Epoch 366/600, Total: 1807.929263, Node: 1090.097695, Link: 717.831401, Spread: 0.018816
Epoch 367/600, Total: 1807.926960, Node: 1090.095371, Link: 717.831420, Spread: 0.018634
Epoch 368/600, Total: 1807.923747, Node: 1090.092586, Link: 717.830991, Spread: 0.018453
Epoch 369/600, Total: 1807.920025, Node: 1090.089631, Link: 717.830227, Spread: 0.018273
Epoch 370/600, Total: 1807.916098, Node: 1090.086691, Link: 717.829239, Spread: 0.018094
Epoch 371/600, Total: 1807.912520, Node: 1090.084100, Link: 717.828255, Spread: 0.017915
Epoch 372/600, Total: 1807.909595, Node: 1090.081988, Link: 717.827442, Spread: 0.017738
Epoch 373/600, Total: 1807.907456, Node: 1090.080407, Link: 717.826887, Spread: 0.017561
Epoch 374/600, Total: 1807.905799, Node: 1090.079094, Link: 717.826531, Spread: 0.017385
Epoch 375/600, Total: 1807.904395, Node: 1090.077962, Link: 717.826270, Spread: 0.017210
Epoch 376/600, Total: 1807.903045, Node: 1090.076851, Link: 717.826028, Spread: 0.017036
Epoch 377/600, Total: 1807.901283, Node: 1090.075435, Link: 717.825685, Spread: 0.016862
Epoch 378/600, Total: 1807.899351, Node: 1090.074105, Link: 717.825080, Spread: 0.016690
Epoch 379/600, Total: 1807.898459, Node: 1090.073533, Link: 717.824768, Spread: 0.016520
Epoch 380/600, Total: 1807.897046, Node: 1090.072575, Link: 717.824309, Spread: 0.016350
Epoch 381/600, Total: 1807.895510, Node: 1090.071581, Link: 717.823771, Spread: 0.016182
Epoch 382/600, Total: 1807.894051, Node: 1090.070680, Link: 717.823217, Spread: 0.016015
Epoch 383/600, Total: 1807.892642, Node: 1090.069831, Link: 717.822659, Spread: 0.015849
Epoch 384/600, Total: 1807.891236, Node: 1090.069007, Link: 717.822078, Spread: 0.015685
Epoch 385/600, Total: 1807.889895, Node: 1090.068236, Link: 717.821506, Spread: 0.015522
Epoch 386/600, Total: 1807.888581, Node: 1090.067480, Link: 717.820951, Spread: 0.015360
Epoch 387/600, Total: 1807.887380, Node: 1090.066817, Link: 717.820410, Spread: 0.015200
Epoch 388/600, Total: 1807.886305, Node: 1090.066240, Link: 717.819912, Spread: 0.015041
Epoch 389/600, Total: 1807.885326, Node: 1090.065730, Link: 717.819445, Spread: 0.014883
Epoch 390/600, Total: 1807.884521, Node: 1090.065312, Link: 717.819056, Spread: 0.014727
Epoch 391/600, Total: 1807.883739, Node: 1090.064920, Link: 717.818665, Spread: 0.014572
Epoch 392/600, Total: 1807.883192, Node: 1090.064684, Link: 717.818358, Spread: 0.014418
Epoch 393/600, Total: 1807.882921, Node: 1090.064587, Link: 717.818182, Spread: 0.014266
Epoch 394/600, Total: 1807.882958, Node: 1090.064629, Link: 717.818177, Spread: 0.014115
Epoch 395/600, Total: 1807.882903, Node: 1090.064634, Link: 717.818124, Spread: 0.013965
Epoch 396/600, Total: 1807.883293, Node: 1090.064931, Link: 717.818212, Spread: 0.013816
Epoch 397/600, Total: 1807.883997, Node: 1090.065376, Link: 717.818475, Spread: 0.013669
Epoch 398/600, Total: 1807.884788, Node: 1090.065821, Link: 717.818819, Spread: 0.013523
Epoch 399/600, Total: 1807.885664, Node: 1090.066296, Link: 717.819222, Spread: 0.013379
Epoch 400/600, Total: 1807.886538, Node: 1090.066699, Link: 717.819694, Spread: 0.013235
Epoch 401/600, Total: 1807.887477, Node: 1090.067156, Link: 717.820175, Spread: 0.013093
Epoch 402/600, Total: 1807.888351, Node: 1090.067554, Link: 717.820650, Spread: 0.012953
Epoch 403/600, Total: 1807.889174, Node: 1090.067914, Link: 717.821114, Spread: 0.012813
Epoch 404/600, Total: 1807.889922, Node: 1090.068197, Link: 717.821580, Spread: 0.012675
Epoch 405/600, Total: 1807.890704, Node: 1090.068486, Link: 717.822072, Spread: 0.012538
Epoch 406/600, Total: 1807.891268, Node: 1090.068617, Link: 717.822511, Spread: 0.012402
Epoch 407/600, Total: 1807.891898, Node: 1090.068783, Link: 717.822981, Spread: 0.012267
Epoch 408/600, Total: 1807.892243, Node: 1090.068732, Link: 717.823377, Spread: 0.012134
Epoch 409/600, Total: 1807.892785, Node: 1090.068820, Link: 717.823840, Spread: 0.012002
Epoch 410/600, Total: 1807.892774, Node: 1090.068496, Link: 717.824166, Spread: 0.011872
Epoch 411/600, Total: 1807.893459, Node: 1090.068647, Link: 717.824703, Spread: 0.011742
Epoch 412/600, Total: 1807.892714, Node: 1090.067759, Link: 717.824843, Spread: 0.011614
Epoch 413/600, Total: 1807.894371, Node: 1090.068588, Link: 717.825672, Spread: 0.011487
Epoch 414/600, Total: 1807.890969, Node: 1090.065778, Link: 717.825085, Spread: 0.011362
Epoch 415/600, Total: 1807.898140, Node: 1090.070483, Link: 717.827546, Spread: 0.011237
Epoch 416/600, Total: 1807.881340, Node: 1090.058222, Link: 717.823004, Spread: 0.011114
Epoch 417/600, Total: 1807.922803, Node: 1090.087342, Link: 717.835351, Spread: 0.010991
Epoch 418/600, Total: 1807.828209, Node: 1090.021582, Link: 717.806519, Spread: 0.010871
Epoch 419/600, Total: 1808.033841, Node: 1090.169919, Link: 717.863812, Spread: 0.010750
Epoch 420/600, Total: 1807.748790, Node: 1089.970588, Link: 717.778094, Spread: 0.010633
Epoch 421/600, Total: 1807.986707, Node: 1090.161824, Link: 717.824774, Spread: 0.010510
Epoch 422/600, Total: 1807.830743, Node: 1090.024485, Link: 717.806149, Spread: 0.010395
Epoch 423/600, Total: 1807.913894, Node: 1090.079514, Link: 717.834274, Spread: 0.010280
Epoch 424/600, Total: 1807.890130, Node: 1090.062583, Link: 717.827440, Spread: 0.010165
Epoch 425/600, Total: 1807.865536, Node: 1090.050209, Link: 717.815218, Spread: 0.010051
Epoch 426/600, Total: 1807.933870, Node: 1090.125637, Link: 717.808128, Spread: 0.009938
Epoch 427/600, Total: 1807.835003, Node: 1090.024520, Link: 717.810378, Spread: 0.009829
Epoch 428/600, Total: 1808.023336, Node: 1090.184519, Link: 717.838711, Spread: 0.009719
Epoch 429/600, Total: 1807.996079, Node: 1090.137575, Link: 717.858403, Spread: 0.009614
Epoch 430/600, Total: 1807.861730, Node: 1090.035491, Link: 717.826136, Spread: 0.009506
Epoch 431/600, Total: 1807.903874, Node: 1090.066423, Link: 717.837345, Spread: 0.009397
Epoch 432/600, Total: 1807.871029, Node: 1090.044522, Link: 717.826399, Spread: 0.009292
Epoch 433/600, Total: 1807.938887, Node: 1090.094099, Link: 717.844685, Spread: 0.009188
Epoch 434/600, Total: 1807.817147, Node: 1090.010740, Link: 717.806303, Spread: 0.009086
Epoch 435/600, Total: 1808.019228, Node: 1090.154299, Link: 717.864826, Spread: 0.008983
Epoch 436/600, Total: 1807.770443, Node: 1089.979092, Link: 717.791248, Spread: 0.008884
Epoch 437/600, Total: 1807.904455, Node: 1090.098494, Link: 717.805857, Spread: 0.008781
Epoch 438/600, Total: 1807.853633, Node: 1090.060811, Link: 717.792715, Spread: 0.008683
Epoch 439/600, Total: 1807.911451, Node: 1090.092547, Link: 717.818800, Spread: 0.008586
Epoch 440/600, Total: 1807.846762, Node: 1090.032130, Link: 717.814525, Spread: 0.008491
Epoch 441/600, Total: 1807.902190, Node: 1090.065571, Link: 717.836517, Spread: 0.008397
Epoch 442/600, Total: 1807.917733, Node: 1090.074099, Link: 717.843538, Spread: 0.008305
Epoch 443/600, Total: 1807.924266, Node: 1090.076254, Link: 717.847921, Spread: 0.008214
Epoch 444/600, Total: 1807.944742, Node: 1090.092496, Link: 717.852162, Spread: 0.008122
Epoch 445/600, Total: 1807.953458, Node: 1090.098464, Link: 717.854929, Spread: 0.008031
Epoch 446/600, Total: 1807.945658, Node: 1090.091029, Link: 717.854580, Spread: 0.007939
Epoch 447/600, Total: 1807.929577, Node: 1090.077934, Link: 717.851593, Spread: 0.007848
Epoch 448/600, Total: 1807.921593, Node: 1090.072201, Link: 717.849347, Spread: 0.007759
Epoch 449/600, Total: 1807.922405, Node: 1090.073154, Link: 717.849205, Spread: 0.007671
Epoch 450/600, Total: 1807.926719, Node: 1090.076578, Link: 717.850092, Spread: 0.007585
Epoch 451/600, Total: 1807.932951, Node: 1090.081732, Link: 717.851171, Spread: 0.007499
Epoch 452/600, Total: 1807.935646, Node: 1090.083869, Link: 717.851731, Spread: 0.007414
Epoch 453/600, Total: 1807.932869, Node: 1090.081358, Link: 717.851463, Spread: 0.007330
Epoch 454/600, Total: 1807.927782, Node: 1090.077114, Link: 717.850623, Spread: 0.007246
Epoch 455/600, Total: 1807.924199, Node: 1090.074261, Link: 717.849891, Spread: 0.007164
Epoch 456/600, Total: 1807.923787, Node: 1090.074075, Link: 717.849665, Spread: 0.007082
Epoch 457/600, Total: 1807.925905, Node: 1090.075942, Link: 717.849918, Spread: 0.007002
Epoch 458/600, Total: 1807.928561, Node: 1090.078182, Link: 717.850330, Spread: 0.006922
Epoch 459/600, Total: 1807.929701, Node: 1090.079019, Link: 717.850637, Spread: 0.006843
Epoch 460/600, Total: 1807.928754, Node: 1090.078052, Link: 717.850652, Spread: 0.006765
Epoch 461/600, Total: 1807.926816, Node: 1090.076366, Link: 717.850402, Spread: 0.006688
Epoch 462/600, Total: 1807.925478, Node: 1090.075296, Link: 717.850138, Spread: 0.006612
Epoch 463/600, Total: 1807.925553, Node: 1090.075464, Link: 717.850039, Spread: 0.006536
Epoch 464/600, Total: 1807.926768, Node: 1090.076558, Link: 717.850162, Spread: 0.006461
Epoch 465/600, Total: 1807.928130, Node: 1090.077659, Link: 717.850422, Spread: 0.006387
Epoch 466/600, Total: 1807.928823, Node: 1090.078105, Link: 717.850669, Spread: 0.006314
Epoch 467/600, Total: 1807.928556, Node: 1090.077775, Link: 717.850733, Spread: 0.006242
Epoch 468/600, Total: 1807.927938, Node: 1090.077207, Link: 717.850683, Spread: 0.006170
Epoch 469/600, Total: 1807.927606, Node: 1090.076976, Link: 717.850581, Spread: 0.006099
Epoch 470/600, Total: 1807.927981, Node: 1090.077358, Link: 717.850580, Spread: 0.006029
Epoch 471/600, Total: 1807.928882, Node: 1090.078124, Link: 717.850714, Spread: 0.005960
Epoch 472/600, Total: 1807.929830, Node: 1090.078864, Link: 717.850927, Spread: 0.005892
Epoch 473/600, Total: 1807.930416, Node: 1090.079260, Link: 717.851116, Spread: 0.005824
Epoch 474/600, Total: 1807.930494, Node: 1090.079273, Link: 717.851176, Spread: 0.005757
Epoch 475/600, Total: 1807.930396, Node: 1090.079190, Link: 717.851164, Spread: 0.005691
Epoch 476/600, Total: 1807.930517, Node: 1090.079330, Link: 717.851142, Spread: 0.005625
Epoch 477/600, Total: 1807.931107, Node: 1090.079857, Link: 717.851209, Spread: 0.005560
Epoch 478/600, Total: 1807.931973, Node: 1090.080584, Link: 717.851348, Spread: 0.005496
Epoch 479/600, Total: 1807.932791, Node: 1090.081224, Link: 717.851522, Spread: 0.005433
Epoch 480/600, Total: 1807.933267, Node: 1090.081595, Link: 717.851631, Spread: 0.005370
Epoch 481/600, Total: 1807.933460, Node: 1090.081751, Link: 717.851665, Spread: 0.005308
Epoch 482/600, Total: 1807.933624, Node: 1090.081919, Link: 717.851663, Spread: 0.005247
Epoch 483/600, Total: 1807.934064, Node: 1090.082351, Link: 717.851672, Spread: 0.005186
Epoch 484/600, Total: 1807.934781, Node: 1090.083006, Link: 717.851732, Spread: 0.005126
Epoch 485/600, Total: 1807.935557, Node: 1090.083685, Link: 717.851832, Spread: 0.005066
Epoch 486/600, Total: 1807.936243, Node: 1090.084288, Link: 717.851916, Spread: 0.005008
Epoch 487/600, Total: 1807.936681, Node: 1090.084690, Link: 717.851948, Spread: 0.004950
Epoch 488/600, Total: 1807.936987, Node: 1090.085016, Link: 717.851928, Spread: 0.004892
Epoch 489/600, Total: 1807.937411, Node: 1090.085457, Link: 717.851912, Spread: 0.004835
Epoch 490/600, Total: 1807.937939, Node: 1090.086011, Link: 717.851883, Spread: 0.004779
Epoch 491/600, Total: 1807.938557, Node: 1090.086658, Link: 717.851856, Spread: 0.004724
Epoch 492/600, Total: 1807.939105, Node: 1090.087232, Link: 717.851830, Spread: 0.004669
Epoch 493/600, Total: 1807.939452, Node: 1090.087649, Link: 717.851762, Spread: 0.004615
Epoch 494/600, Total: 1807.939544, Node: 1090.087877, Link: 717.851628, Spread: 0.004561
Epoch 495/600, Total: 1807.939429, Node: 1090.087984, Link: 717.851404, Spread: 0.004508
Epoch 496/600, Total: 1807.939000, Node: 1090.087860, Link: 717.851097, Spread: 0.004455
Epoch 497/600, Total: 1807.938156, Node: 1090.087389, Link: 717.850723, Spread: 0.004403
Epoch 498/600, Total: 1807.936502, Node: 1090.086288, Link: 717.850169, Spread: 0.004352
Epoch 499/600, Total: 1807.933645, Node: 1090.084201, Link: 717.849402, Spread: 0.004301
Epoch 500/600, Total: 1807.928965, Node: 1090.080654, Link: 717.848266, Spread: 0.004251
Epoch 501/600, Total: 1807.921817, Node: 1090.075153, Link: 717.846620, Spread: 0.004201
Epoch 502/600, Total: 1807.911497, Node: 1090.067238, Link: 717.844216, Spread: 0.004152
Epoch 503/600, Total: 1807.897735, Node: 1090.056926, Link: 717.840774, Spread: 0.004104
Epoch 504/600, Total: 1807.883055, Node: 1090.046819, Link: 717.836205, Spread: 0.004055
Epoch 505/600, Total: 1807.877980, Node: 1090.046676, Link: 717.831293, Spread: 0.004008
Epoch 506/600, Total: 1807.894146, Node: 1090.065988, Link: 717.828153, Spread: 0.003961
Epoch 507/600, Total: 1807.916465, Node: 1090.086906, Link: 717.829554, Spread: 0.003915
Epoch 508/600, Total: 1807.926115, Node: 1090.091145, Link: 717.834968, Spread: 0.003870
Epoch 509/600, Total: 1807.921484, Node: 1090.081488, Link: 717.839990, Spread: 0.003825
Epoch 510/600, Total: 1807.917252, Node: 1090.073569, Link: 717.843679, Spread: 0.003779
Epoch 511/600, Total: 1807.925525, Node: 1090.076984, Link: 717.848538, Spread: 0.003734
Epoch 512/600, Total: 1808.079138, Node: 1090.203567, Link: 717.875565, Spread: 0.003689
Epoch 513/600, Total: 1808.109218, Node: 1090.235321, Link: 717.873890, Spread: 0.003647
Epoch 514/600, Total: 1807.722039, Node: 1089.934676, Link: 717.787358, Spread: 0.003604
Epoch 515/600, Total: 1807.900454, Node: 1090.082272, Link: 717.818177, Spread: 0.003559
Epoch 516/600, Total: 1807.872827, Node: 1090.047874, Link: 717.824950, Spread: 0.003517
Epoch 517/600, Total: 1807.846737, Node: 1090.028192, Link: 717.818541, Spread: 0.003475
Epoch 518/600, Total: 1807.840139, Node: 1090.027622, Link: 717.812511, Spread: 0.003435
Epoch 519/600, Total: 1807.925231, Node: 1090.114323, Link: 717.810905, Spread: 0.003396
Epoch 520/600, Total: 1807.915881, Node: 1090.106949, Link: 717.808927, Spread: 0.003357
Epoch 521/600, Total: 1807.911355, Node: 1090.099287, Link: 717.812063, Spread: 0.003319
Epoch 522/600, Total: 1807.907907, Node: 1090.111093, Link: 717.796809, Spread: 0.003280
Epoch 523/600, Total: 1807.968065, Node: 1090.167800, Link: 717.800261, Spread: 0.003241
Epoch 524/600, Total: 1807.867863, Node: 1090.076856, Link: 717.791003, Spread: 0.003203
Epoch 525/600, Total: 1807.890219, Node: 1090.123190, Link: 717.767026, Spread: 0.003165
Epoch 526/600, Total: 1807.982610, Node: 1090.180298, Link: 717.802307, Spread: 0.003128
Epoch 527/600, Total: 1807.829507, Node: 1090.029883, Link: 717.799623, Spread: 0.003091
Epoch 528/600, Total: 1807.879014, Node: 1090.122435, Link: 717.756576, Spread: 0.003054
Epoch 529/600, Total: 1807.983876, Node: 1090.178781, Link: 717.805091, Spread: 0.003019
Epoch 530/600, Total: 1807.819443, Node: 1090.022717, Link: 717.796726, Spread: 0.002984
Epoch 531/600, Total: 1807.876496, Node: 1090.118449, Link: 717.758043, Spread: 0.002948
Epoch 532/600, Total: 1807.910158, Node: 1090.129007, Link: 717.781148, Spread: 0.002914
Epoch 533/600, Total: 1807.854111, Node: 1090.076823, Link: 717.777284, Spread: 0.002879
Epoch 534/600, Total: 1807.928659, Node: 1090.133440, Link: 717.795218, Spread: 0.002845
Epoch 535/600, Total: 1807.840176, Node: 1090.068560, Link: 717.771614, Spread: 0.002812
Epoch 536/600, Total: 1807.917768, Node: 1090.128926, Link: 717.788837, Spread: 0.002779
Epoch 537/600, Total: 1807.844260, Node: 1090.075213, Link: 717.769040, Spread: 0.002746
Epoch 538/600, Total: 1807.936343, Node: 1090.138848, Link: 717.797493, Spread: 0.002714
Epoch 539/600, Total: 1807.831247, Node: 1090.057799, Link: 717.773443, Spread: 0.002682
Epoch 540/600, Total: 1807.944610, Node: 1090.142646, Link: 717.801960, Spread: 0.002650
Epoch 541/600, Total: 1807.822042, Node: 1090.048516, Link: 717.773521, Spread: 0.002618
Epoch 542/600, Total: 1807.962837, Node: 1090.153948, Link: 717.808887, Spread: 0.002587
Epoch 543/600, Total: 1807.805887, Node: 1090.029084, Link: 717.776799, Spread: 0.002557
Epoch 544/600, Total: 1808.109864, Node: 1090.158974, Link: 717.950883, Spread: 0.002471
Epoch 545/600, Total: 1807.906128, Node: 1089.940933, Link: 717.965193, Spread: 0.002282
Epoch 546/600, Total: 1807.953693, Node: 1090.077831, Link: 717.875860, Spread: 0.002297
Epoch 547/600, Total: 1807.774573, Node: 1089.979911, Link: 717.794657, Spread: 0.002286
Epoch 548/600, Total: 1807.931739, Node: 1090.106080, Link: 717.825656, Spread: 0.002266
Epoch 549/600, Total: 1807.767655, Node: 1089.993779, Link: 717.773868, Spread: 0.002244
Epoch 550/600, Total: 1807.915197, Node: 1090.107681, Link: 717.807512, Spread: 0.002221
Epoch 551/600, Total: 1807.786534, Node: 1090.019063, Link: 717.767466, Spread: 0.002198
Epoch 552/600, Total: 1807.941994, Node: 1090.124826, Link: 717.817164, Spread: 0.002174
Epoch 553/600, Total: 1807.763784, Node: 1089.991665, Link: 717.772111, Spread: 0.002151
Epoch 554/600, Total: 1807.906234, Node: 1090.107354, Link: 717.798876, Spread: 0.002127
Epoch 555/600, Total: 1807.804209, Node: 1090.042791, Link: 717.761414, Spread: 0.002104
Epoch 556/600, Total: 1807.941604, Node: 1090.124314, Link: 717.817284, Spread: 0.002081
Epoch 557/600, Total: 1807.759485, Node: 1089.987546, Link: 717.771938, Spread: 0.002059
Epoch 558/600, Total: 1807.892676, Node: 1090.100289, Link: 717.792382, Spread: 0.002036
Epoch 559/600, Total: 1807.817301, Node: 1090.062695, Link: 717.754608, Spread: 0.002014
Epoch 560/600, Total: 1807.927169, Node: 1090.111605, Link: 717.815564, Spread: 0.001992
Epoch 561/600, Total: 1807.767538, Node: 1089.999282, Link: 717.768256, Spread: 0.001970
Epoch 562/600, Total: 1807.891482, Node: 1090.101042, Link: 717.790440, Spread: 0.001948
Epoch 563/600, Total: 1807.812941, Node: 1090.059185, Link: 717.753757, Spread: 0.001927
Epoch 564/600, Total: 1807.924258, Node: 1090.110458, Link: 717.813803, Spread: 0.001906
Epoch 565/600, Total: 1807.770265, Node: 1090.004128, Link: 717.766137, Spread: 0.001885
Epoch 566/600, Total: 1807.892119, Node: 1090.104153, Link: 717.787969, Spread: 0.001864
Epoch 567/600, Total: 1807.810511, Node: 1090.058330, Link: 717.752183, Spread: 0.001844
Epoch 568/600, Total: 1807.933175, Node: 1090.122505, Link: 717.810668, Spread: 0.001823
Epoch 569/600, Total: 1807.779182, Node: 1090.016537, Link: 717.762646, Spread: 0.001803
Epoch 570/600, Total: 1807.898852, Node: 1090.121632, Link: 717.777221, Spread: 0.001783
Epoch 571/600, Total: 1807.827252, Node: 1090.088929, Link: 717.738319, Spread: 0.001764
Epoch 572/600, Total: 1807.951452, Node: 1090.167583, Link: 717.783872, Spread: 0.001745
Epoch 573/600, Total: 1807.806954, Node: 1090.062858, Link: 717.744101, Spread: 0.001726
Epoch 574/600, Total: 1807.885736, Node: 1090.150309, Link: 717.735425, Spread: 0.001707
Epoch 575/600, Total: 1807.833964, Node: 1090.117551, Link: 717.716414, Spread: 0.001689
Epoch 576/600, Total: 1807.876711, Node: 1090.139418, Link: 717.737295, Spread: 0.001671
Epoch 577/600, Total: 1807.821252, Node: 1090.101798, Link: 717.719455, Spread: 0.001653
Epoch 578/600, Total: 1807.852755, Node: 1090.115701, Link: 717.737056, Spread: 0.001636
Epoch 579/600, Total: 1807.815709, Node: 1090.097809, Link: 717.717899, Spread: 0.001618
Epoch 580/600, Total: 1807.846195, Node: 1090.107711, Link: 717.738483, Spread: 0.001601
Epoch 581/600, Total: 1807.809953, Node: 1090.091205, Link: 717.718747, Spread: 0.001583
Epoch 582/600, Total: 1807.834827, Node: 1090.098994, Link: 717.735834, Spread: 0.001566
Epoch 583/600, Total: 1807.803868, Node: 1090.085149, Link: 717.718715, Spread: 0.001549
Epoch 584/600, Total: 1807.824861, Node: 1090.090592, Link: 717.734267, Spread: 0.001532
Epoch 585/600, Total: 1807.797419, Node: 1090.078580, Link: 717.718839, Spread: 0.001515
Epoch 586/600, Total: 1807.816041, Node: 1090.082508, Link: 717.733531, Spread: 0.001498
Epoch 587/600, Total: 1807.790900, Node: 1090.071830, Link: 717.719069, Spread: 0.001481
Epoch 588/600, Total: 1807.807971, Node: 1090.074823, Link: 717.733146, Spread: 0.001465
Epoch 589/600, Total: 1807.784658, Node: 1090.065331, Link: 717.719323, Spread: 0.001448
Epoch 590/600, Total: 1807.800312, Node: 1090.067543, Link: 717.732767, Spread: 0.001432
Epoch 591/600, Total: 1807.778915, Node: 1090.059266, Link: 717.719650, Spread: 0.001415
Epoch 592/600, Total: 1807.792816, Node: 1090.060633, Link: 717.732184, Spread: 0.001399
Epoch 593/600, Total: 1807.773559, Node: 1090.053435, Link: 717.720122, Spread: 0.001383
Epoch 594/600, Total: 1807.785335, Node: 1090.054055, Link: 717.731280, Spread: 0.001367
Epoch 595/600, Total: 1807.768593, Node: 1090.047808, Link: 717.720785, Spread: 0.001352
Epoch 596/600, Total: 1807.777792, Node: 1090.047755, Link: 717.730039, Spread: 0.001336
Epoch 597/600, Total: 1807.764132, Node: 1090.042398, Link: 717.721733, Spread: 0.001320
Epoch 598/600, Total: 1807.770368, Node: 1090.041642, Link: 717.728726, Spread: 0.001305
Epoch 599/600, Total: 1807.760100, Node: 1090.037045, Link: 717.723053, Spread: 0.001290
Epoch 600/600, Total: 1807.763274, Node: 1090.035592, Link: 717.727680, Spread: 0.001275
Saved sweep result to: /homes/dameyer/ml-for-wdn-project-4/results/aggregated/gnn_training_sweep/net1_buffer=25_rollout=1_seed=42.json
Table value: 1090.035592
