================================
GNN training sweep
Job ID: 242702
Task ID: 31
Buffer size: 25
Rollout length: 5
================================
Running GNN sweep: dataset=Net1, buffer=25, rollout=5
Epoch 1/600, Total: 2464.452122, Node: 1329.021218, Link: 1134.515443, Spread: 91.545583
Epoch 2/600, Total: 1950.106325, Node: 1208.633033, Link: 740.573778, Spread: 89.951840
Epoch 3/600, Total: 1897.524447, Node: 1159.083874, Link: 737.654332, Spread: 78.623314
Epoch 4/600, Total: 1858.789494, Node: 1125.426727, Link: 732.675515, Spread: 68.725131
Epoch 5/600, Total: 1838.921883, Node: 1104.029441, Link: 734.282056, Spread: 61.038599
Epoch 6/600, Total: 1825.548340, Node: 1098.276480, Link: 726.732553, Spread: 53.930486
Epoch 7/600, Total: 1832.363060, Node: 1099.262159, Link: 732.614407, Spread: 48.650271
Epoch 8/600, Total: 1796.289676, Node: 1067.353384, Link: 728.508374, Spread: 42.792063
Epoch 9/600, Total: 1795.695916, Node: 1067.571211, Link: 727.762386, Spread: 36.231565
Epoch 10/600, Total: 1786.254620, Node: 1054.710747, Link: 731.227906, Spread: 31.596181
Epoch 11/600, Total: 1815.860074, Node: 1071.630370, Link: 743.961272, Spread: 26.843405
Epoch 12/600, Total: 1825.452825, Node: 1081.968761, Link: 743.253088, Spread: 23.098188
Epoch 13/600, Total: 1826.621429, Node: 1086.303348, Link: 740.115892, Spread: 20.218844
Epoch 14/600, Total: 1818.995519, Node: 1057.544271, Link: 761.274697, Spread: 17.654429
Epoch 15/600, Total: 1790.893626, Node: 1044.840761, Link: 745.897213, Spread: 15.565639
Epoch 16/600, Total: 1782.934718, Node: 1051.042608, Link: 731.754274, Spread: 13.785016
Epoch 17/600, Total: 1791.842232, Node: 1050.228464, Link: 741.489853, Spread: 12.391076
Epoch 18/600, Total: 1788.845116, Node: 1046.133931, Link: 742.600406, Spread: 11.077584
Epoch 19/600, Total: 1765.922476, Node: 1030.199968, Link: 735.617259, Spread: 10.524431
Epoch 20/600, Total: 1794.628894, Node: 1058.807724, Link: 735.726144, Spread: 9.502818
Epoch 21/600, Total: 1763.077324, Node: 1032.167736, Link: 730.822496, Spread: 8.710390
Epoch 22/600, Total: 1757.961394, Node: 1023.292062, Link: 734.587837, Spread: 8.149496
Epoch 23/600, Total: 1750.698693, Node: 1021.683891, Link: 728.937082, Spread: 7.772825
Epoch 24/600, Total: 1753.695611, Node: 1023.312490, Link: 730.309940, Spread: 7.317629
Epoch 25/600, Total: 1743.422773, Node: 1011.583168, Link: 731.775778, Spread: 6.383638
Epoch 26/600, Total: 1755.512381, Node: 1030.989749, Link: 724.461872, Spread: 6.077062
Epoch 27/600, Total: 1739.664356, Node: 1009.412881, Link: 730.194587, Spread: 5.689079
Epoch 28/600, Total: 1736.356291, Node: 1003.501280, Link: 732.801622, Spread: 5.339632
Epoch 29/600, Total: 1745.323259, Node: 1013.998732, Link: 731.272815, Spread: 5.171075
Epoch 30/600, Total: 1733.251740, Node: 1008.353287, Link: 724.846502, Spread: 5.195250
Epoch 31/600, Total: 1725.745365, Node: 1004.355506, Link: 721.338934, Spread: 5.093103
Epoch 32/600, Total: 1726.688802, Node: 999.344491, Link: 727.295028, Spread: 4.927614
Epoch 33/600, Total: 1737.642860, Node: 1012.550257, Link: 725.043758, Spread: 4.884177
Epoch 34/600, Total: 1714.872646, Node: 995.729425, Link: 719.098240, Spread: 4.497480
Epoch 35/600, Total: 1730.968213, Node: 1004.599706, Link: 726.323503, Spread: 4.500469
Epoch 36/600, Total: 1728.524928, Node: 1000.981653, Link: 727.499850, Spread: 4.343084
Epoch 37/600, Total: 1723.459241, Node: 994.095856, Link: 729.319125, Spread: 4.425194
Epoch 38/600, Total: 1720.132912, Node: 995.094822, Link: 724.995783, Spread: 4.230138
Epoch 39/600, Total: 1716.627851, Node: 989.357993, Link: 727.228963, Spread: 4.090127
Epoch 40/600, Total: 1713.499434, Node: 989.168089, Link: 724.292067, Spread: 3.927599
Epoch 41/600, Total: 1746.556046, Node: 1018.424312, Link: 728.092708, Spread: 3.902608
Epoch 42/600, Total: 1722.063184, Node: 993.306430, Link: 728.719498, Spread: 3.726020
Epoch 43/600, Total: 1722.649137, Node: 995.266141, Link: 727.344800, Spread: 3.818868
Epoch 44/600, Total: 1708.257526, Node: 984.240903, Link: 723.978695, Spread: 3.792341
Epoch 45/600, Total: 1710.879034, Node: 985.783283, Link: 725.057901, Spread: 3.785138
Epoch 46/600, Total: 1727.045266, Node: 997.105287, Link: 729.901423, Spread: 3.854496
Epoch 47/600, Total: 1719.144352, Node: 994.262528, Link: 724.845131, Spread: 3.669315
Epoch 48/600, Total: 1714.059273, Node: 989.698200, Link: 724.322711, Spread: 3.835920
Epoch 49/600, Total: 1706.748212, Node: 984.417353, Link: 722.291434, Spread: 3.942731
Epoch 50/600, Total: 1705.748265, Node: 984.778436, Link: 720.929681, Spread: 4.014681
Epoch 51/600, Total: 1702.260787, Node: 983.067541, Link: 719.153084, Spread: 4.015653
Epoch 52/600, Total: 1700.677346, Node: 982.350547, Link: 718.287534, Spread: 3.925831
Epoch 53/600, Total: 1702.640984, Node: 982.907394, Link: 719.694965, Spread: 3.862570
Epoch 54/600, Total: 1702.621935, Node: 977.886859, Link: 724.697004, Spread: 3.807168
Epoch 55/600, Total: 1704.557825, Node: 983.855593, Link: 720.665573, Spread: 3.666035
Epoch 56/600, Total: 1708.887778, Node: 986.855195, Link: 721.996251, Spread: 3.634227
Epoch 57/600, Total: 1703.216640, Node: 978.631246, Link: 724.549180, Spread: 3.620909
Epoch 58/600, Total: 1716.201502, Node: 998.323621, Link: 717.843534, Spread: 3.434338
Epoch 59/600, Total: 1704.320330, Node: 978.837004, Link: 725.449084, Spread: 3.424168
Epoch 60/600, Total: 1705.436400, Node: 978.472133, Link: 726.929943, Spread: 3.432321
Epoch 61/600, Total: 1698.900227, Node: 978.520496, Link: 720.346193, Spread: 3.353454
Epoch 62/600, Total: 1718.829742, Node: 999.841019, Link: 718.955792, Spread: 3.293508
Epoch 63/600, Total: 1696.170094, Node: 975.562813, Link: 720.574677, Spread: 3.260627
Epoch 64/600, Total: 1695.732270, Node: 974.407492, Link: 721.292131, Spread: 3.265281
Epoch 65/600, Total: 1701.077185, Node: 980.547557, Link: 720.497398, Spread: 3.223449
Epoch 66/600, Total: 1710.323212, Node: 988.674921, Link: 721.615381, Spread: 3.290911
Epoch 67/600, Total: 1712.125429, Node: 988.485592, Link: 723.607786, Spread: 3.204960
Epoch 68/600, Total: 1696.567465, Node: 975.122229, Link: 721.413696, Spread: 3.153852
Epoch 69/600, Total: 1706.622536, Node: 982.971840, Link: 723.619709, Spread: 3.098816
Epoch 70/600, Total: 1692.792966, Node: 971.157469, Link: 721.604689, Spread: 3.080316
Epoch 71/600, Total: 1694.949775, Node: 974.035242, Link: 720.884219, Spread: 3.031256
Epoch 72/600, Total: 1690.340410, Node: 969.647443, Link: 720.663241, Spread: 2.971036
Epoch 73/600, Total: 1691.739869, Node: 971.978420, Link: 719.732746, Spread: 2.869869
Epoch 74/600, Total: 1697.956734, Node: 977.889561, Link: 720.038057, Spread: 2.910742
Epoch 75/600, Total: 1705.459830, Node: 990.653148, Link: 714.778693, Spread: 2.799162
Epoch 76/600, Total: 1687.059541, Node: 968.878236, Link: 718.154339, Spread: 2.696135
Epoch 77/600, Total: 1691.063417, Node: 968.849426, Link: 722.187477, Spread: 2.651790
Epoch 78/600, Total: 1691.800293, Node: 971.526282, Link: 720.248594, Spread: 2.541948
Epoch 79/600, Total: 1689.858248, Node: 970.006705, Link: 719.827077, Spread: 2.446066
Epoch 80/600, Total: 1708.131131, Node: 995.402960, Link: 712.704504, Spread: 2.365825
Epoch 81/600, Total: 1687.493077, Node: 967.995390, Link: 719.474243, Spread: 2.344835
Epoch 82/600, Total: 1692.266848, Node: 968.187445, Link: 724.056574, Spread: 2.282696
Epoch 83/600, Total: 1690.687769, Node: 969.733315, Link: 720.932322, Spread: 2.213669
Epoch 84/600, Total: 1687.847335, Node: 967.523057, Link: 720.302922, Spread: 2.135123
Epoch 85/600, Total: 1696.220289, Node: 979.396809, Link: 716.802570, Spread: 2.091601
Epoch 86/600, Total: 1687.528973, Node: 968.668133, Link: 718.840470, Spread: 2.037245
Epoch 87/600, Total: 1703.559321, Node: 987.278715, Link: 716.260963, Spread: 1.965738
Epoch 88/600, Total: 1702.014170, Node: 985.412743, Link: 716.582203, Spread: 1.921705
Epoch 89/600, Total: 1687.852554, Node: 969.212865, Link: 718.621069, Spread: 1.862310
Epoch 90/600, Total: 1687.587195, Node: 971.433858, Link: 716.135610, Spread: 1.772371
Epoch 91/600, Total: 1686.374581, Node: 968.105178, Link: 718.252070, Spread: 1.733831
Epoch 92/600, Total: 1686.745725, Node: 966.208731, Link: 720.520017, Spread: 1.698651
Epoch 93/600, Total: 1684.512735, Node: 963.792017, Link: 720.703947, Spread: 1.676588
Epoch 94/600, Total: 1692.113034, Node: 975.264868, Link: 716.831743, Spread: 1.642356
Epoch 95/600, Total: 1693.079420, Node: 973.113845, Link: 719.949594, Spread: 1.597502
Epoch 96/600, Total: 1687.715539, Node: 966.349981, Link: 721.349929, Spread: 1.563006
Epoch 97/600, Total: 1687.564645, Node: 969.263888, Link: 718.285808, Spread: 1.495033
Epoch 98/600, Total: 1685.111833, Node: 964.931093, Link: 720.166013, Spread: 1.472674
Epoch 99/600, Total: 1683.538846, Node: 965.506524, Link: 718.018012, Spread: 1.431697
Epoch 100/600, Total: 1685.429702, Node: 965.853896, Link: 719.561763, Spread: 1.403569
Epoch 101/600, Total: 1691.684099, Node: 976.132094, Link: 715.537984, Spread: 1.401239
Epoch 102/600, Total: 1690.917042, Node: 970.255322, Link: 720.647767, Spread: 1.395525
Epoch 103/600, Total: 1682.786883, Node: 965.323097, Link: 717.450281, Spread: 1.350795
Epoch 104/600, Total: 1687.632893, Node: 967.964556, Link: 719.654885, Spread: 1.344711
Epoch 105/600, Total: 1680.416493, Node: 964.127302, Link: 716.276222, Spread: 1.296143
Epoch 106/600, Total: 1687.282594, Node: 968.494165, Link: 718.775700, Spread: 1.273899
Epoch 107/600, Total: 1683.959976, Node: 964.456981, Link: 719.490495, Spread: 1.248627
Epoch 108/600, Total: 1679.680164, Node: 963.252346, Link: 716.415733, Spread: 1.207601
Epoch 109/600, Total: 1684.735106, Node: 964.730664, Link: 719.992594, Spread: 1.185987
Epoch 110/600, Total: 1685.558519, Node: 972.078233, Link: 713.468517, Spread: 1.177273
Epoch 111/600, Total: 1683.065422, Node: 967.186205, Link: 715.867606, Spread: 1.161527
Epoch 112/600, Total: 1681.705798, Node: 964.279647, Link: 717.414748, Spread: 1.140796
Epoch 113/600, Total: 1691.553290, Node: 975.281058, Link: 716.260812, Spread: 1.141415
Epoch 114/600, Total: 1691.081944, Node: 973.187637, Link: 717.882722, Spread: 1.158807
Epoch 115/600, Total: 1682.505549, Node: 964.428493, Link: 718.065878, Spread: 1.118255
Epoch 116/600, Total: 1681.171668, Node: 963.723105, Link: 717.437778, Spread: 1.079337
Epoch 117/600, Total: 1683.877156, Node: 965.595135, Link: 718.271337, Spread: 1.067532
Epoch 118/600, Total: 1699.377580, Node: 981.349424, Link: 718.017210, Spread: 1.093716
Epoch 119/600, Total: 1681.415670, Node: 964.142966, Link: 717.262517, Spread: 1.019256
Epoch 120/600, Total: 1679.518151, Node: 961.582867, Link: 717.925232, Spread: 1.004457
Epoch 121/600, Total: 1681.986735, Node: 965.015967, Link: 716.960964, Spread: 0.979731
Epoch 122/600, Total: 1683.051087, Node: 969.086036, Link: 713.954998, Spread: 1.005857
Epoch 123/600, Total: 1679.399604, Node: 962.480942, Link: 716.909029, Spread: 0.964037
Epoch 124/600, Total: 1692.513111, Node: 976.937202, Link: 715.565878, Spread: 1.003051
Epoch 125/600, Total: 1685.109008, Node: 966.928713, Link: 718.170601, Spread: 0.969415
Epoch 126/600, Total: 1689.179128, Node: 971.884899, Link: 717.284523, Spread: 0.969379
Epoch 127/600, Total: 1686.250614, Node: 967.663096, Link: 718.577820, Spread: 0.970674
Epoch 128/600, Total: 1685.038086, Node: 967.726211, Link: 717.301548, Spread: 1.032671
Epoch 129/600, Total: 1680.970570, Node: 964.607348, Link: 716.353381, Spread: 0.985497
Epoch 130/600, Total: 1678.824075, Node: 962.418651, Link: 716.395820, Spread: 0.960462
Epoch 131/600, Total: 1683.405670, Node: 964.142424, Link: 719.253499, Spread: 0.974165
Epoch 132/600, Total: 1693.344120, Node: 974.818005, Link: 718.516333, Spread: 0.978030
Epoch 133/600, Total: 1687.997059, Node: 968.776307, Link: 719.211161, Spread: 0.959100
Epoch 134/600, Total: 1680.297452, Node: 962.890359, Link: 717.397828, Spread: 0.925596
Epoch 135/600, Total: 1686.484231, Node: 967.227672, Link: 719.247265, Spread: 0.928080
Epoch 136/600, Total: 1698.245167, Node: 979.132203, Link: 719.103797, Spread: 0.916939
Epoch 137/600, Total: 1679.308049, Node: 962.658306, Link: 716.640958, Spread: 0.879153
Epoch 138/600, Total: 1679.845097, Node: 962.445899, Link: 717.390546, Spread: 0.863841
Epoch 139/600, Total: 1680.793422, Node: 960.798852, Link: 719.986027, Spread: 0.854155
Epoch 140/600, Total: 1679.437252, Node: 963.932627, Link: 715.496187, Spread: 0.843534
Epoch 141/600, Total: 1677.133368, Node: 960.401743, Link: 716.723210, Spread: 0.841566
Epoch 142/600, Total: 1701.726931, Node: 985.081618, Link: 716.636851, Spread: 0.845474
Epoch 143/600, Total: 1689.637814, Node: 970.796908, Link: 718.832293, Spread: 0.859721
Epoch 144/600, Total: 1689.437785, Node: 965.943942, Link: 723.485415, Spread: 0.842860
Epoch 145/600, Total: 1695.784866, Node: 974.128339, Link: 721.648198, Spread: 0.833915
Epoch 146/600, Total: 1679.330358, Node: 961.941111, Link: 717.381151, Spread: 0.809431
Epoch 147/600, Total: 1679.177648, Node: 962.113957, Link: 717.055602, Spread: 0.808694
Epoch 148/600, Total: 1701.520579, Node: 981.232511, Link: 720.279667, Spread: 0.839226
Epoch 149/600, Total: 1679.596153, Node: 961.918806, Link: 717.669483, Spread: 0.787028
Epoch 150/600, Total: 1678.937386, Node: 961.920561, Link: 717.008973, Spread: 0.785553
Epoch 151/600, Total: 1682.380168, Node: 966.572927, Link: 715.799265, Spread: 0.797056
Epoch 152/600, Total: 1696.690592, Node: 975.232203, Link: 721.450294, Spread: 0.810231
Epoch 153/600, Total: 1718.052518, Node: 992.274813, Link: 725.769425, Spread: 0.828448
Epoch 154/600, Total: 1695.735674, Node: 974.802235, Link: 720.925290, Spread: 0.814693
Epoch 155/600, Total: 1692.375570, Node: 974.898532, Link: 717.468892, Spread: 0.814304
Epoch 156/600, Total: 1685.742840, Node: 964.932301, Link: 720.802553, Spread: 0.798308
Epoch 157/600, Total: 1683.773992, Node: 962.030964, Link: 721.735582, Spread: 0.744700
Epoch 158/600, Total: 1685.565347, Node: 963.823264, Link: 721.734732, Spread: 0.736038
Epoch 159/600, Total: 1700.802701, Node: 978.231040, Link: 722.564039, Spread: 0.762201
Epoch 160/600, Total: 1683.351698, Node: 965.062992, Link: 718.281311, Spread: 0.739165
Epoch 161/600, Total: 1706.535815, Node: 982.426203, Link: 724.101900, Spread: 0.771479
Epoch 162/600, Total: 1705.739023, Node: 980.845064, Link: 724.886262, Spread: 0.770218
Epoch 163/600, Total: 1679.506411, Node: 962.419141, Link: 717.080118, Spread: 0.715624
Epoch 164/600, Total: 1695.414966, Node: 974.577960, Link: 720.829423, Spread: 0.757891
Epoch 165/600, Total: 1686.364655, Node: 962.644043, Link: 723.713211, Spread: 0.739964
Epoch 166/600, Total: 1698.251755, Node: 985.675702, Link: 712.568283, Spread: 0.777419
Epoch 167/600, Total: 1711.956541, Node: 985.904521, Link: 726.043902, Spread: 0.811306
Epoch 168/600, Total: 1697.422279, Node: 976.564088, Link: 720.850081, Spread: 0.811317
Epoch 169/600, Total: 1678.088532, Node: 961.321155, Link: 716.759576, Spread: 0.779798
Epoch 170/600, Total: 1694.406722, Node: 977.603017, Link: 716.795918, Spread: 0.779346
Epoch 171/600, Total: 1687.994994, Node: 963.778610, Link: 724.208842, Spread: 0.752929
Epoch 172/600, Total: 1695.584178, Node: 975.607614, Link: 719.968899, Spread: 0.766755
Epoch 173/600, Total: 1679.470110, Node: 961.661909, Link: 717.800946, Spread: 0.725192
Epoch 174/600, Total: 1692.296469, Node: 974.634807, Link: 717.654044, Spread: 0.761290
Epoch 175/600, Total: 1689.275440, Node: 976.355865, Link: 712.911891, Spread: 0.768633
Epoch 176/600, Total: 1706.169864, Node: 983.687033, Link: 722.474614, Spread: 0.822789
Epoch 177/600, Total: 1678.199922, Node: 961.395083, Link: 716.797297, Spread: 0.755564
Epoch 178/600, Total: 1685.352026, Node: 966.725307, Link: 718.619132, Spread: 0.759995
Epoch 179/600, Total: 1698.294033, Node: 969.900453, Link: 728.386105, Spread: 0.747470
Epoch 180/600, Total: 1712.105814, Node: 996.974815, Link: 715.122874, Spread: 0.812536
Epoch 181/600, Total: 1678.535574, Node: 960.834944, Link: 717.693094, Spread: 0.753608
Epoch 182/600, Total: 1689.813684, Node: 970.871041, Link: 718.934885, Spread: 0.775624
Epoch 183/600, Total: 1680.144831, Node: 960.733191, Link: 719.404206, Spread: 0.744851
Epoch 184/600, Total: 1680.575312, Node: 959.797404, Link: 720.770402, Spread: 0.750344
Epoch 185/600, Total: 1683.765938, Node: 967.358672, Link: 716.399808, Spread: 0.747028
Epoch 186/600, Total: 1678.122413, Node: 960.953932, Link: 717.161228, Spread: 0.725283
Epoch 187/600, Total: 1677.260364, Node: 960.424101, Link: 716.829083, Spread: 0.717269
Epoch 188/600, Total: 1675.356750, Node: 960.153519, Link: 715.196058, Spread: 0.717183
Epoch 189/600, Total: 1684.554433, Node: 967.769214, Link: 716.778054, Spread: 0.716310
Epoch 190/600, Total: 1679.945544, Node: 959.701791, Link: 720.236599, Spread: 0.714977
Epoch 191/600, Total: 1688.442415, Node: 966.097354, Link: 722.337864, Spread: 0.719020
Epoch 192/600, Total: 1681.986366, Node: 961.428710, Link: 720.550678, Spread: 0.698342
Epoch 193/600, Total: 1682.507701, Node: 966.867850, Link: 715.632786, Spread: 0.705663
Epoch 194/600, Total: 1692.365716, Node: 974.020321, Link: 718.338330, Spread: 0.707455
Epoch 195/600, Total: 1688.223065, Node: 972.487419, Link: 715.728603, Spread: 0.703698
Epoch 196/600, Total: 1699.649112, Node: 981.204579, Link: 718.437299, Spread: 0.723249
Epoch 197/600, Total: 1678.556678, Node: 959.528256, Link: 719.021584, Spread: 0.683005
Epoch 198/600, Total: 1682.962377, Node: 959.979985, Link: 722.975579, Spread: 0.680696
Epoch 199/600, Total: 1688.160161, Node: 962.303363, Link: 725.850045, Spread: 0.674281
Epoch 200/600, Total: 1681.690850, Node: 959.000807, Link: 722.683223, Spread: 0.681379
Epoch 201/600, Total: 1684.181285, Node: 968.381940, Link: 715.792340, Spread: 0.699748
Epoch 202/600, Total: 1681.506563, Node: 959.599158, Link: 721.900565, Spread: 0.683672
Epoch 203/600, Total: 1714.040353, Node: 997.482808, Link: 716.549882, Spread: 0.766885
Epoch 204/600, Total: 1679.700935, Node: 958.903544, Link: 720.790554, Spread: 0.683491
Epoch 205/600, Total: 1678.156331, Node: 960.753950, Link: 717.395610, Spread: 0.676950
Epoch 206/600, Total: 1675.631951, Node: 959.774948, Link: 715.850336, Spread: 0.666272
Epoch 207/600, Total: 1676.383119, Node: 960.024814, Link: 716.351698, Spread: 0.661783
Epoch 208/600, Total: 1680.853062, Node: 964.694626, Link: 716.151684, Spread: 0.675143
Epoch 209/600, Total: 1682.868092, Node: 963.998696, Link: 718.862766, Spread: 0.663221
Epoch 210/600, Total: 1683.444885, Node: 959.815781, Link: 723.622536, Spread: 0.657247
Epoch 211/600, Total: 1675.785165, Node: 959.619408, Link: 716.159305, Spread: 0.645194
Epoch 212/600, Total: 1682.492757, Node: 960.546334, Link: 721.939896, Spread: 0.653007
Epoch 213/600, Total: 1675.646615, Node: 959.430845, Link: 716.209346, Spread: 0.642786
Epoch 214/600, Total: 1681.045863, Node: 959.206302, Link: 721.833111, Spread: 0.645528
Epoch 215/600, Total: 1678.911317, Node: 962.282822, Link: 716.621979, Spread: 0.651845
Epoch 216/600, Total: 1682.527924, Node: 960.160562, Link: 722.360848, Spread: 0.651687
Epoch 217/600, Total: 1675.530144, Node: 959.591066, Link: 715.932597, Spread: 0.648091
Epoch 218/600, Total: 1675.869946, Node: 960.035015, Link: 715.828137, Spread: 0.679046
Epoch 219/600, Total: 1717.772761, Node: 997.049983, Link: 720.715820, Spread: 0.695335
Epoch 220/600, Total: 1690.453767, Node: 969.114266, Link: 721.332671, Spread: 0.683072
Epoch 221/600, Total: 1682.206709, Node: 963.505795, Link: 718.694218, Spread: 0.669542
Epoch 222/600, Total: 1677.608186, Node: 958.726295, Link: 718.875361, Spread: 0.654019
Epoch 223/600, Total: 1680.211403, Node: 959.986736, Link: 720.218129, Spread: 0.653886
Epoch 224/600, Total: 1680.494261, Node: 958.513815, Link: 721.973926, Spread: 0.652699
Epoch 225/600, Total: 1678.667948, Node: 960.906805, Link: 717.754487, Spread: 0.664738
Epoch 226/600, Total: 1679.071564, Node: 963.885669, Link: 715.179148, Spread: 0.674321
Epoch 227/600, Total: 1698.287166, Node: 971.464424, Link: 726.815974, Spread: 0.677880
Epoch 228/600, Total: 1683.258071, Node: 963.871925, Link: 719.379120, Spread: 0.702907
Epoch 229/600, Total: 1677.322801, Node: 958.766593, Link: 718.549374, Spread: 0.682068
Epoch 230/600, Total: 1684.553310, Node: 959.595506, Link: 724.951022, Spread: 0.678249
Epoch 231/600, Total: 1678.900243, Node: 963.762901, Link: 715.130521, Spread: 0.681809
Epoch 232/600, Total: 1675.626307, Node: 959.400088, Link: 716.219540, Spread: 0.668258
Epoch 233/600, Total: 1676.001994, Node: 959.472128, Link: 716.523213, Spread: 0.667085
Epoch 234/600, Total: 1681.850362, Node: 959.537230, Link: 722.306287, Spread: 0.684643
Epoch 235/600, Total: 1687.498774, Node: 966.066885, Link: 721.424978, Spread: 0.691162

Epoch 237/600, Total: 1684.528514, Node: 967.150331, Link: 717.371439, Spread: 0.674657
Epoch 238/600, Total: 1691.628761, Node: 972.544874, Link: 719.077022, Spread: 0.687370
Epoch 239/600, Total: 1711.507210, Node: 994.474636, Link: 717.025057, Spread: 0.751333
Epoch 240/600, Total: 1678.159002, Node: 960.858455, Link: 717.293940, Spread: 0.661810
Epoch 241/600, Total: 1678.038936, Node: 962.781903, Link: 715.250226, Spread: 0.679520
Epoch 242/600, Total: 1680.175574, Node: 959.097626, Link: 721.071361, Spread: 0.657709
Epoch 243/600, Total: 1682.190044, Node: 959.704619, Link: 722.478813, Spread: 0.661373
Epoch 244/600, Total: 1674.880058, Node: 958.706995, Link: 716.166458, Spread: 0.659997
Epoch 245/600, Total: 1680.944758, Node: 960.430332, Link: 720.507748, Spread: 0.668242
Epoch 246/600, Total: 1677.505293, Node: 960.270365, Link: 717.228292, Spread: 0.663154
Epoch 247/600, Total: 1696.720713, Node: 965.378274, Link: 731.335833, Spread: 0.661035
Epoch 248/600, Total: 1677.030772, Node: 959.667763, Link: 717.356322, Spread: 0.668537
Epoch 249/600, Total: 1684.681977, Node: 960.245935, Link: 724.429335, Spread: 0.670042
Epoch 250/600, Total: 1681.842303, Node: 961.769488, Link: 720.066162, Spread: 0.665078
Epoch 251/600, Total: 1680.080629, Node: 964.118543, Link: 715.955175, Spread: 0.691016
Epoch 252/600, Total: 1685.616023, Node: 970.218921, Link: 715.389838, Spread: 0.726244
Epoch 253/600, Total: 1676.766043, Node: 959.957738, Link: 716.801560, Spread: 0.673797
Epoch 254/600, Total: 1677.319133, Node: 960.268811, Link: 717.043579, Spread: 0.674001
Epoch 255/600, Total: 1677.738856, Node: 960.221491, Link: 717.510624, Spread: 0.674352
Epoch 256/600, Total: 1677.301100, Node: 959.853164, Link: 717.441184, Spread: 0.674944
Epoch 257/600, Total: 1681.162246, Node: 959.694304, Link: 721.461278, Spread: 0.666827
Epoch 258/600, Total: 1687.296150, Node: 967.217123, Link: 720.072032, Spread: 0.699006
Epoch 259/600, Total: 1679.549011, Node: 960.937869, Link: 718.604360, Spread: 0.679058
Epoch 260/600, Total: 1676.301893, Node: 959.407081, Link: 716.888084, Spread: 0.673066
Epoch 261/600, Total: 1687.370219, Node: 964.500571, Link: 722.862960, Spread: 0.668838
Epoch 262/600, Total: 1685.633700, Node: 964.190649, Link: 721.436272, Spread: 0.678295
Epoch 263/600, Total: 1677.211584, Node: 959.514497, Link: 717.690306, Spread: 0.678551
Epoch 264/600, Total: 1685.475182, Node: 968.150373, Link: 717.317846, Spread: 0.696903
Epoch 265/600, Total: 1677.439401, Node: 959.745843, Link: 717.686691, Spread: 0.686202
Epoch 266/600, Total: 1678.050883, Node: 960.225662, Link: 717.818491, Spread: 0.674006
Epoch 267/600, Total: 1677.631722, Node: 959.674730, Link: 717.950194, Spread: 0.679611
Epoch 268/600, Total: 1681.869134, Node: 966.335615, Link: 715.526697, Spread: 0.682376
Epoch 269/600, Total: 1693.648641, Node: 972.677629, Link: 720.964211, Spread: 0.680171
Epoch 270/600, Total: 1678.213715, Node: 960.547689, Link: 717.659346, Spread: 0.667897
Epoch 271/600, Total: 1688.605249, Node: 970.049975, Link: 718.548511, Spread: 0.676693
Epoch 272/600, Total: 1676.750124, Node: 959.532104, Link: 717.211206, Spread: 0.682393
Epoch 273/600, Total: 1690.197190, Node: 973.250130, Link: 716.940504, Spread: 0.655213
Epoch 274/600, Total: 1694.593204, Node: 976.915303, Link: 717.671115, Spread: 0.678660
Epoch 275/600, Total: 1681.086989, Node: 959.969019, Link: 721.111348, Spread: 0.662493
Epoch 276/600, Total: 1689.906445, Node: 965.215916, Link: 724.683639, Spread: 0.688586
Epoch 277/600, Total: 1676.952222, Node: 959.531623, Link: 717.413667, Spread: 0.693502
Epoch 278/600, Total: 1683.564523, Node: 959.976456, Link: 723.581102, Spread: 0.696392
Epoch 279/600, Total: 1677.835487, Node: 959.821504, Link: 718.007039, Spread: 0.693571
Epoch 280/600, Total: 1698.149128, Node: 977.894615, Link: 720.247239, Spread: 0.728267
Epoch 281/600, Total: 1680.180504, Node: 964.312346, Link: 715.860868, Spread: 0.728755
Epoch 282/600, Total: 1687.224778, Node: 960.531224, Link: 726.686508, Spread: 0.703970
Epoch 283/600, Total: 1688.551182, Node: 969.234778, Link: 719.308702, Spread: 0.769761
Epoch 284/600, Total: 1672.133638, Node: 957.813186, Link: 714.313205, Spread: 0.723658
Epoch 285/600, Total: 1696.528510, Node: 972.971216, Link: 723.549880, Spread: 0.740484
Epoch 286/600, Total: 1681.967232, Node: 958.298579, Link: 723.661296, Spread: 0.735675
Epoch 287/600, Total: 1686.108094, Node: 973.339022, Link: 712.761274, Spread: 0.780527
Epoch 288/600, Total: 1675.672666, Node: 959.042256, Link: 716.623104, Spread: 0.729771
Epoch 289/600, Total: 1691.250014, Node: 974.374596, Link: 716.867683, Spread: 0.773293
Epoch 290/600, Total: 1682.482828, Node: 960.029969, Link: 722.445515, Spread: 0.733545
Epoch 291/600, Total: 1679.410264, Node: 958.920006, Link: 720.483057, Spread: 0.720825
Epoch 292/600, Total: 1678.649015, Node: 958.967088, Link: 719.674658, Spread: 0.728059
Epoch 293/600, Total: 1679.335495, Node: 959.321459, Link: 720.006656, Spread: 0.738429
Epoch 294/600, Total: 1683.293619, Node: 959.822893, Link: 723.463267, Spread: 0.745075
Epoch 295/600, Total: 1678.553187, Node: 957.974914, Link: 720.570911, Spread: 0.735973
Epoch 296/600, Total: 1678.678659, Node: 961.645195, Link: 717.026064, Spread: 0.739531
Epoch 297/600, Total: 1678.462835, Node: 957.651555, Link: 720.803828, Spread: 0.746240
Epoch 298/600, Total: 1680.446146, Node: 960.252780, Link: 720.185867, Spread: 0.749176
Epoch 299/600, Total: 1679.719335, Node: 959.295444, Link: 720.416413, Spread: 0.748602
Epoch 300/600, Total: 1676.605143, Node: 958.498218, Link: 718.099492, Spread: 0.744136
Epoch 301/600, Total: 1679.471437, Node: 960.590692, Link: 718.873346, Spread: 0.740634
Epoch 302/600, Total: 1675.992832, Node: 958.403758, Link: 717.581622, Spread: 0.745106
Epoch 303/600, Total: 1676.839041, Node: 959.659339, Link: 717.172027, Spread: 0.767829
Epoch 304/600, Total: 1680.114743, Node: 960.270333, Link: 719.836620, Spread: 0.779168
Epoch 305/600, Total: 1677.286754, Node: 959.574317, Link: 717.704396, Spread: 0.804245
Epoch 306/600, Total: 1677.434670, Node: 959.940123, Link: 717.486558, Spread: 0.799270
Epoch 307/600, Total: 1679.106522, Node: 961.580631, Link: 717.517888, Spread: 0.800872
Epoch 308/600, Total: 1683.062650, Node: 966.947705, Link: 716.106972, Spread: 0.797877
Epoch 309/600, Total: 1679.858756, Node: 963.722686, Link: 716.128142, Spread: 0.791789
Epoch 310/600, Total: 1686.460648, Node: 965.979606, Link: 720.472925, Spread: 0.811091
Epoch 311/600, Total: 1682.489233, Node: 963.076904, Link: 719.404392, Spread: 0.793124
Epoch 312/600, Total: 1683.103645, Node: 964.736949, Link: 718.358564, Spread: 0.812329
Epoch 313/600, Total: 1678.393447, Node: 959.795526, Link: 718.589959, Spread: 0.795950
Epoch 314/600, Total: 1681.118267, Node: 960.267977, Link: 720.842222, Spread: 0.807546
Epoch 315/600, Total: 1678.103294, Node: 959.356198, Link: 718.738892, Spread: 0.820598
Epoch 316/600, Total: 1676.447820, Node: 962.561083, Link: 713.878324, Spread: 0.841244
Epoch 317/600, Total: 1680.963311, Node: 958.573684, Link: 722.381482, Spread: 0.815001
Epoch 318/600, Total: 1682.308896, Node: 960.484761, Link: 721.815924, Spread: 0.821351
Epoch 319/600, Total: 1736.484141, Node: 1021.045364, Link: 715.429774, Spread: 0.900681
Epoch 320/600, Total: 1701.318252, Node: 977.496804, Link: 723.812941, Spread: 0.849998
Epoch 321/600, Total: 1691.463442, Node: 967.104668, Link: 724.350300, Spread: 0.848762
Epoch 322/600, Total: 1693.042743, Node: 967.954248, Link: 725.079623, Spread: 0.886784
Epoch 323/600, Total: 1685.991278, Node: 964.953159, Link: 721.029245, Spread: 0.888217
Epoch 324/600, Total: 1685.229713, Node: 962.860340, Link: 722.360698, Spread: 0.866821
Epoch 325/600, Total: 1679.010869, Node: 960.555326, Link: 718.446626, Spread: 0.891385
Epoch 326/600, Total: 1689.098303, Node: 965.545076, Link: 723.544156, Spread: 0.907648
Epoch 327/600, Total: 1687.440601, Node: 971.862111, Link: 715.569550, Spread: 0.895214
Epoch 328/600, Total: 1680.141826, Node: 961.902815, Link: 718.230199, Spread: 0.881477
Epoch 329/600, Total: 1673.823004, Node: 959.023548, Link: 714.790848, Spread: 0.860494
Epoch 330/600, Total: 1683.806145, Node: 965.507654, Link: 718.289879, Spread: 0.860807
Epoch 331/600, Total: 1678.837682, Node: 964.673006, Link: 714.156246, Spread: 0.843550
Epoch 332/600, Total: 1673.452114, Node: 958.975567, Link: 714.468272, Spread: 0.828030
Epoch 333/600, Total: 1678.601170, Node: 960.599664, Link: 717.992814, Spread: 0.869672
Epoch 334/600, Total: 1687.979195, Node: 966.068614, Link: 721.901961, Spread: 0.862231
Epoch 335/600, Total: 1677.834381, Node: 959.723837, Link: 718.102053, Spread: 0.849219
Epoch 336/600, Total: 1679.203734, Node: 961.416860, Link: 717.778309, Spread: 0.855633
Epoch 337/600, Total: 1677.057155, Node: 959.231626, Link: 717.816577, Spread: 0.895533
Epoch 338/600, Total: 1679.110738, Node: 959.520695, Link: 719.580940, Spread: 0.910246
Epoch 339/600, Total: 1680.336967, Node: 959.415166, Link: 720.912592, Spread: 0.920850
Epoch 340/600, Total: 1686.390428, Node: 967.268329, Link: 719.112721, Spread: 0.937666
Epoch 341/600, Total: 1685.248921, Node: 966.950250, Link: 718.289124, Spread: 0.955346
Epoch 342/600, Total: 1680.282377, Node: 958.745078, Link: 721.527773, Spread: 0.951911
Epoch 343/600, Total: 1677.369981, Node: 957.594354, Link: 719.766002, Spread: 0.961607
Epoch 344/600, Total: 1677.154862, Node: 959.527775, Link: 717.616768, Spread: 1.031092
Epoch 345/600, Total: 1692.626055, Node: 975.013398, Link: 717.602671, Spread: 0.998493
Epoch 346/600, Total: 1680.698754, Node: 961.168501, Link: 719.519360, Spread: 1.088843
Epoch 347/600, Total: 1681.613190, Node: 963.356740, Link: 718.245918, Spread: 1.052593
Epoch 348/600, Total: 1690.758499, Node: 964.317991, Link: 726.429951, Spread: 1.055982
Epoch 349/600, Total: 1679.222154, Node: 959.893623, Link: 719.317652, Spread: 1.087054
Epoch 350/600, Total: 1678.346581, Node: 959.870596, Link: 718.464711, Spread: 1.127047
Epoch 351/600, Total: 1677.788548, Node: 959.778990, Link: 717.998059, Spread: 1.149885
Epoch 352/600, Total: 1677.251880, Node: 959.564011, Link: 717.676248, Spread: 1.162213
Epoch 353/600, Total: 1680.439956, Node: 963.145135, Link: 717.283151, Spread: 1.166407
Epoch 354/600, Total: 1684.348747, Node: 967.176663, Link: 717.160652, Spread: 1.143440
Epoch 355/600, Total: 1679.747543, Node: 959.631691, Link: 720.104515, Spread: 1.133883
Epoch 356/600, Total: 1680.856706, Node: 960.375132, Link: 720.469725, Spread: 1.184350
Epoch 357/600, Total: 1687.090930, Node: 967.057416, Link: 720.021122, Spread: 1.239527
Epoch 358/600, Total: 1680.408383, Node: 959.885583, Link: 720.510542, Spread: 1.224636
Epoch 359/600, Total: 1682.263869, Node: 959.942061, Link: 722.309197, Spread: 1.262610
Epoch 360/600, Total: 1693.047070, Node: 975.477722, Link: 717.556483, Spread: 1.286517
Epoch 361/600, Total: 1673.612923, Node: 958.742027, Link: 714.858281, Spread: 1.259965
Epoch 362/600, Total: 1679.303993, Node: 960.560909, Link: 718.730230, Spread: 1.286374
Epoch 363/600, Total: 1675.005718, Node: 959.177215, Link: 715.815472, Spread: 1.302383
Epoch 364/600, Total: 1681.703772, Node: 965.087459, Link: 716.602719, Spread: 1.359486
Epoch 365/600, Total: 1677.891596, Node: 958.644899, Link: 719.233756, Spread: 1.293744
Epoch 366/600, Total: 1709.262825, Node: 993.750145, Link: 715.499588, Spread: 1.309360
Epoch 367/600, Total: 1678.318699, Node: 960.282460, Link: 718.022607, Spread: 1.362465
Epoch 368/600, Total: 1728.041086, Node: 1008.176977, Link: 719.849994, Spread: 1.410878
Epoch 369/600, Total: 1681.849443, Node: 958.808621, Link: 723.026891, Spread: 1.393678
Epoch 370/600, Total: 1680.072705, Node: 959.440130, Link: 720.618135, Spread: 1.443247
Epoch 371/600, Total: 1692.908091, Node: 968.542457, Link: 724.350727, Spread: 1.490808
Epoch 372/600, Total: 1693.640139, Node: 978.335024, Link: 715.287074, Spread: 1.805116
Epoch 373/600, Total: 1679.037216, Node: 959.850931, Link: 719.170638, Spread: 1.565689
Epoch 374/600, Total: 1680.443792, Node: 959.030291, Link: 721.398017, Spread: 1.548361
Epoch 375/600, Total: 1697.642413, Node: 981.272488, Link: 716.355122, Spread: 1.479323
Epoch 376/600, Total: 1691.191189, Node: 968.063933, Link: 723.112956, Spread: 1.429372
Epoch 377/600, Total: 1706.483475, Node: 992.653658, Link: 713.815794, Spread: 1.403125
Epoch 378/600, Total: 1702.138491, Node: 972.207644, Link: 729.916556, Spread: 1.428482
Epoch 379/600, Total: 1685.348530, Node: 960.534252, Link: 724.798897, Spread: 1.537525
Epoch 380/600, Total: 1702.997706, Node: 967.093739, Link: 735.887609, Spread: 1.635850
Epoch 381/600, Total: 1698.469883, Node: 968.904073, Link: 729.549824, Spread: 1.598973
Epoch 382/600, Total: 1699.166038, Node: 969.234733, Link: 729.913456, Spread: 1.784965
Epoch 383/600, Total: 1693.526127, Node: 965.567837, Link: 727.941810, Spread: 1.648189
Epoch 384/600, Total: 1680.931690, Node: 959.936745, Link: 720.977677, Spread: 1.726586
Epoch 385/600, Total: 1680.913331, Node: 959.872333, Link: 721.024719, Spread: 1.627416
Epoch 386/600, Total: 1679.069327, Node: 963.967739, Link: 715.085273, Spread: 1.631357
Epoch 387/600, Total: 1700.865203, Node: 975.520842, Link: 725.327542, Spread: 1.682928
Epoch 388/600, Total: 1705.388268, Node: 985.430941, Link: 719.939381, Spread: 1.793663
Epoch 389/600, Total: 1680.103347, Node: 958.413310, Link: 721.673655, Spread: 1.638951
Epoch 390/600, Total: 1682.850203, Node: 964.898497, Link: 717.935536, Spread: 1.617370
Epoch 391/600, Total: 1686.984598, Node: 971.073169, Link: 715.895424, Spread: 1.599454
Epoch 392/600, Total: 1679.542873, Node: 958.791976, Link: 720.736469, Spread: 1.441783
Epoch 393/600, Total: 1705.473572, Node: 992.512580, Link: 712.946513, Spread: 1.447517
Epoch 394/600, Total: 1683.603034, Node: 965.293896, Link: 718.295845, Spread: 1.328522
Epoch 395/600, Total: 1682.354828, Node: 961.703148, Link: 720.636536, Spread: 1.514412
Epoch 396/600, Total: 1675.540637, Node: 956.339975, Link: 719.185712, Spread: 1.494848
Epoch 397/600, Total: 1720.271774, Node: 1001.370481, Link: 718.887498, Spread: 1.377936
Epoch 398/600, Total: 1712.702551, Node: 996.459268, Link: 716.230590, Spread: 1.270045
Epoch 399/600, Total: 1688.048379, Node: 964.794416, Link: 723.242560, Spread: 1.139702
Epoch 400/600, Total: 1700.884070, Node: 974.688176, Link: 726.183313, Spread: 1.257704
Epoch 401/600, Total: 1681.614236, Node: 960.109813, Link: 721.491084, Spread: 1.333438
Epoch 402/600, Total: 1680.020438, Node: 958.230674, Link: 721.775739, Spread: 1.402355
Epoch 403/600, Total: 1690.397117, Node: 966.520509, Link: 723.861289, Spread: 1.532906
Epoch 404/600, Total: 1689.774087, Node: 965.567526, Link: 724.190571, Spread: 1.598860
Epoch 405/600, Total: 1682.796729, Node: 963.748890, Link: 719.030345, Spread: 1.748509
Epoch 406/600, Total: 1680.515351, Node: 960.750958, Link: 719.745749, Spread: 1.865038
Epoch 407/600, Total: 1674.161263, Node: 957.950512, Link: 716.191923, Spread: 1.882540
Epoch 408/600, Total: 1692.765898, Node: 969.590551, Link: 723.159070, Spread: 1.628789
Epoch 409/600, Total: 1688.317028, Node: 966.850993, Link: 721.448787, Spread: 1.725135
Epoch 410/600, Total: 1689.870898, Node: 965.525193, Link: 724.327908, Spread: 1.779949
Epoch 411/600, Total: 1677.113162, Node: 958.154044, Link: 718.940233, Spread: 1.888327
Epoch 412/600, Total: 1680.589769, Node: 963.150737, Link: 717.420238, Spread: 1.879728
Epoch 413/600, Total: 1686.675673, Node: 967.642191, Link: 719.015559, Spread: 1.792363
Epoch 414/600, Total: 1685.570689, Node: 962.296126, Link: 723.257514, Spread: 1.705676
Epoch 415/600, Total: 1677.098747, Node: 959.316579, Link: 717.764287, Spread: 1.787519
Epoch 416/600, Total: 1684.750284, Node: 968.224537, Link: 716.506599, Spread: 1.914562
Epoch 417/600, Total: 1686.119553, Node: 968.570250, Link: 717.532579, Spread: 1.672476
Epoch 418/600, Total: 1676.441615, Node: 956.420520, Link: 720.004730, Spread: 1.636529
Epoch 419/600, Total: 1676.187932, Node: 959.244180, Link: 716.925605, Spread: 1.814742
Epoch 420/600, Total: 1679.588050, Node: 958.504240, Link: 721.064968, Spread: 1.884989
Epoch 421/600, Total: 1681.466453, Node: 963.696004, Link: 717.751668, Spread: 1.878106
Epoch 422/600, Total: 1685.620461, Node: 964.254682, Link: 721.346188, Spread: 1.959030
Epoch 423/600, Total: 1677.288541, Node: 959.625642, Link: 717.641097, Spread: 2.181181
Epoch 424/600, Total: 1677.919696, Node: 963.193429, Link: 714.705669, Spread: 2.059383
Epoch 425/600, Total: 1719.039469, Node: 1005.416343, Link: 713.604054, Spread: 1.907462
Epoch 426/600, Total: 1679.290225, Node: 961.411933, Link: 717.859636, Spread: 1.866198
Epoch 427/600, Total: 1677.401651, Node: 959.172318, Link: 718.210137, Spread: 1.918740
Epoch 428/600, Total: 1677.178453, Node: 959.153857, Link: 718.004595, Spread: 1.999561
Epoch 429/600, Total: 1676.879234, Node: 959.236278, Link: 717.622338, Spread: 2.061358
Epoch 430/600, Total: 1676.569261, Node: 956.202460, Link: 720.348142, Spread: 1.865770
Epoch 431/600, Total: 1676.705567, Node: 958.778526, Link: 717.907474, Spread: 1.956472
Epoch 432/600, Total: 1681.817426, Node: 961.341690, Link: 720.456118, Spread: 1.961913
Epoch 433/600, Total: 1676.935047, Node: 959.272668, Link: 717.640803, Spread: 2.158072
Epoch 434/600, Total: 1676.848462, Node: 959.053262, Link: 717.773553, Spread: 2.163097
Epoch 435/600, Total: 1680.198860, Node: 960.096318, Link: 720.082368, Spread: 2.017591
Epoch 436/600, Total: 1677.671110, Node: 958.843096, Link: 718.807978, Spread: 2.003739
Epoch 437/600, Total: 1676.730924, Node: 957.035793, Link: 719.676224, Spread: 1.890787
Epoch 438/600, Total: 1679.675182, Node: 960.365621, Link: 719.289901, Spread: 1.966362
Epoch 439/600, Total: 1676.099928, Node: 959.214269, Link: 716.864815, Spread: 2.084050
Epoch 440/600, Total: 1676.841458, Node: 959.180373, Link: 717.640914, Spread: 2.016186
Epoch 441/600, Total: 1676.630512, Node: 958.887344, Link: 717.722432, Spread: 2.073378
Epoch 442/600, Total: 1676.270149, Node: 958.596635, Link: 717.652276, Spread: 2.124493
Epoch 443/600, Total: 1681.090048, Node: 961.053903, Link: 720.015333, Spread: 2.081078
Epoch 444/600, Total: 1720.758432, Node: 1005.091467, Link: 715.646628, Spread: 2.033750
Epoch 445/600, Total: 1679.819240, Node: 958.234540, Link: 721.565400, Spread: 1.931483
Epoch 446/600, Total: 1676.048999, Node: 959.051067, Link: 716.977103, Spread: 2.082639
Epoch 447/600, Total: 1676.103107, Node: 958.388335, Link: 717.692929, Spread: 2.184774
Epoch 448/600, Total: 1678.965416, Node: 958.201250, Link: 720.743493, Spread: 2.066335
Epoch 449/600, Total: 1679.011719, Node: 958.936260, Link: 720.053947, Spread: 2.151157
Epoch 450/600, Total: 1677.383744, Node: 959.434572, Link: 717.927307, Spread: 2.186583
Epoch 451/600, Total: 1676.519103, Node: 959.318411, Link: 717.178564, Spread: 2.211379
Epoch 452/600, Total: 1690.234719, Node: 973.136415, Link: 717.078420, Spread: 1.988487
Epoch 453/600, Total: 1677.969519, Node: 958.842258, Link: 719.107188, Spread: 2.006885
Epoch 454/600, Total: 1676.999295, Node: 958.769600, Link: 718.208938, Spread: 2.076687
Epoch 455/600, Total: 1677.512401, Node: 959.203332, Link: 718.288554, Spread: 2.052057
Epoch 456/600, Total: 1675.795665, Node: 958.861159, Link: 716.912640, Spread: 2.187086
Epoch 457/600, Total: 1677.883640, Node: 958.697832, Link: 719.164956, Spread: 2.084560
Epoch 458/600, Total: 1676.709530, Node: 958.447395, Link: 718.240975, Spread: 2.115256
Epoch 459/600, Total: 1676.949423, Node: 958.347726, Link: 718.580832, Spread: 2.086539
Epoch 460/600, Total: 1680.393017, Node: 962.471261, Link: 717.899729, Spread: 2.203371
Epoch 461/600, Total: 1679.461787, Node: 958.737323, Link: 720.703689, Spread: 2.078436
Epoch 462/600, Total: 1676.596323, Node: 958.820875, Link: 717.754385, Spread: 2.105809
Epoch 463/600, Total: 1698.791688, Node: 984.250323, Link: 714.520321, Spread: 2.104131
Epoch 464/600, Total: 1684.924379, Node: 970.465076, Link: 714.439029, Spread: 2.027009
Epoch 465/600, Total: 1677.623316, Node: 959.725814, Link: 717.877547, Spread: 1.995409
Epoch 466/600, Total: 1681.314947, Node: 965.954530, Link: 715.349891, Spread: 1.052544
Epoch 467/600, Total: 1677.496059, Node: 962.882500, Link: 714.600790, Spread: 1.277010
Epoch 468/600, Total: 1676.049725, Node: 958.933913, Link: 717.101829, Spread: 1.398559
Epoch 469/600, Total: 1680.466216, Node: 958.989368, Link: 721.462612, Spread: 1.423515
Epoch 470/600, Total: 1674.962113, Node: 958.019054, Link: 716.928670, Spread: 1.438874
Epoch 471/600, Total: 1677.028876, Node: 958.856979, Link: 718.157296, Spread: 1.461927
Epoch 472/600, Total: 1676.403507, Node: 958.781533, Link: 717.606843, Spread: 1.512991
Epoch 473/600, Total: 1676.330080, Node: 958.783379, Link: 717.531287, Spread: 1.541850
Epoch 474/600, Total: 1676.309828, Node: 958.775657, Link: 717.518641, Spread: 1.553027
Epoch 475/600, Total: 1676.246180, Node: 958.752870, Link: 717.477752, Spread: 1.555643
Epoch 476/600, Total: 1676.193682, Node: 958.731162, Link: 717.446977, Spread: 1.554727
Epoch 477/600, Total: 1676.159453, Node: 958.714949, Link: 717.428976, Spread: 1.551916
Epoch 478/600, Total: 1676.128536, Node: 958.697188, Link: 717.415862, Spread: 1.548917
Epoch 479/600, Total: 1676.105687, Node: 958.682058, Link: 717.408169, Spread: 1.545724
Epoch 480/600, Total: 1676.085160, Node: 958.667455, Link: 717.402278, Spread: 1.542694
Epoch 481/600, Total: 1676.066382, Node: 958.653033, Link: 717.397957, Spread: 1.539784
Epoch 482/600, Total: 1676.048321, Node: 958.638800, Link: 717.394166, Spread: 1.537087
Epoch 483/600, Total: 1676.031564, Node: 958.624900, Link: 717.391304, Spread: 1.534644
Epoch 484/600, Total: 1676.015721, Node: 958.611390, Link: 717.389000, Spread: 1.532537
Epoch 485/600, Total: 1676.001290, Node: 958.598446, Link: 717.387534, Spread: 1.530829
Epoch 486/600, Total: 1675.988653, Node: 958.586384, Link: 717.386976, Spread: 1.529567
Epoch 487/600, Total: 1675.978837, Node: 958.575753, Link: 717.387792, Spread: 1.528737
Epoch 488/600, Total: 1675.972994, Node: 958.567140, Link: 717.390558, Spread: 1.528161
Epoch 489/600, Total: 1675.968451, Node: 958.559058, Link: 717.394118, Spread: 1.527403
Epoch 490/600, Total: 1675.956435, Node: 958.547283, Link: 717.393886, Spread: 1.526216
Epoch 491/600, Total: 1675.937132, Node: 958.533136, Link: 717.388748, Spread: 1.525288
Epoch 492/600, Total: 1693.105918, Node: 979.671130, Link: 713.419265, Spread: 1.553563
Epoch 493/600, Total: 1684.144226, Node: 964.304255, Link: 719.825132, Spread: 1.484582
Epoch 494/600, Total: 1677.630744, Node: 958.829244, Link: 718.787162, Spread: 1.434179
Epoch 495/600, Total: 1676.885602, Node: 958.365600, Link: 718.505838, Spread: 1.416824
Epoch 496/600, Total: 1677.690568, Node: 957.884658, Link: 719.791900, Spread: 1.401021
Epoch 497/600, Total: 1678.156577, Node: 959.029050, Link: 719.113673, Spread: 1.384924
Epoch 498/600, Total: 1680.679246, Node: 959.302621, Link: 721.363072, Spread: 1.355104
Epoch 499/600, Total: 1676.475186, Node: 958.870951, Link: 717.589900, Spread: 1.433002
Epoch 500/600, Total: 1676.817956, Node: 958.626096, Link: 718.177522, Spread: 1.433934
Epoch 501/600, Total: 1676.284763, Node: 958.585210, Link: 717.685004, Spread: 1.455303
Epoch 502/600, Total: 1670.753014, Node: 957.381608, Link: 713.357303, Spread: 1.410374
Epoch 503/600, Total: 1682.675283, Node: 967.049803, Link: 715.611992, Spread: 1.348550
Epoch 504/600, Total: 1675.301462, Node: 958.960788, Link: 716.326995, Spread: 1.367436
Epoch 505/600, Total: 1676.500430, Node: 958.849682, Link: 717.636538, Spread: 1.421954
Epoch 506/600, Total: 1675.680367, Node: 958.360907, Link: 717.305000, Spread: 1.446232
Epoch 507/600, Total: 1676.463223, Node: 959.144452, Link: 717.303610, Spread: 1.516966
Epoch 508/600, Total: 1669.407055, Node: 956.153197, Link: 713.239080, Spread: 1.477971
Epoch 509/600, Total: 1673.024151, Node: 959.146316, Link: 713.864462, Spread: 1.336940
Epoch 510/600, Total: 1675.664904, Node: 961.722602, Link: 713.929462, Spread: 1.283991
Epoch 511/600, Total: 1676.227140, Node: 958.808254, Link: 717.405731, Spread: 1.315853
Epoch 512/600, Total: 1678.674908, Node: 959.007640, Link: 719.653782, Spread: 1.348712
Epoch 513/600, Total: 1678.475196, Node: 958.708825, Link: 719.752932, Spread: 1.343809
Epoch 514/600, Total: 1694.994324, Node: 975.955099, Link: 719.025652, Spread: 1.357343
Epoch 515/600, Total: 1679.219981, Node: 958.295799, Link: 720.910932, Spread: 1.325860
Epoch 516/600, Total: 1679.039105, Node: 959.828275, Link: 719.197612, Spread: 1.321926
Epoch 517/600, Total: 1678.533155, Node: 958.222997, Link: 720.296630, Spread: 1.352441
Epoch 518/600, Total: 1676.593989, Node: 958.702950, Link: 717.877130, Spread: 1.389856
Epoch 519/600, Total: 1676.212117, Node: 958.321958, Link: 717.875974, Spread: 1.417661
Epoch 520/600, Total: 1676.185410, Node: 958.526513, Link: 717.644503, Spread: 1.439303
Epoch 521/600, Total: 1675.880743, Node: 958.503305, Link: 717.362913, Spread: 1.452866
Epoch 522/600, Total: 1675.922879, Node: 958.395719, Link: 717.512687, Spread: 1.446577
Epoch 523/600, Total: 1675.819227, Node: 958.378169, Link: 717.426638, Spread: 1.441822
Epoch 524/600, Total: 1675.808600, Node: 958.356991, Link: 717.437244, Spread: 1.436299
Epoch 525/600, Total: 1675.840290, Node: 958.352236, Link: 717.473721, Spread: 1.432899
Epoch 526/600, Total: 1675.808691, Node: 958.342079, Link: 717.452317, Spread: 1.430155
Epoch 527/600, Total: 1675.790014, Node: 958.329311, Link: 717.446440, Spread: 1.427595
Epoch 528/600, Total: 1675.779303, Node: 958.321602, Link: 717.443434, Spread: 1.425239
Epoch 529/600, Total: 1675.743657, Node: 958.307287, Link: 717.422154, Spread: 1.422059
Epoch 530/600, Total: 1675.720214, Node: 958.296348, Link: 717.409688, Spread: 1.418091
Epoch 531/600, Total: 1675.687297, Node: 958.285987, Link: 717.387192, Spread: 1.412593
Epoch 532/600, Total: 1675.650885, Node: 958.276947, Link: 717.359879, Spread: 1.405443
Epoch 533/600, Total: 1675.626281, Node: 958.272368, Link: 717.339935, Spread: 1.397362
Epoch 534/600, Total: 1675.625028, Node: 958.266734, Link: 717.344397, Spread: 1.390205
Epoch 535/600, Total: 1675.638048, Node: 958.263016, Link: 717.361187, Spread: 1.384277
Epoch 536/600, Total: 1675.637969, Node: 958.257179, Link: 717.366992, Spread: 1.379747
Epoch 537/600, Total: 1675.334849, Node: 958.195230, Link: 717.120621, Spread: 1.899676
Epoch 538/600, Total: 1677.474285, Node: 959.456085, Link: 717.997723, Spread: 2.047565
Epoch 539/600, Total: 1676.134557, Node: 959.460249, Link: 716.655682, Spread: 1.863007
Epoch 540/600, Total: 1678.255880, Node: 963.284871, Link: 714.953220, Spread: 1.778872
Epoch 541/600, Total: 1688.338331, Node: 973.418831, Link: 714.902071, Spread: 1.743626
Epoch 542/600, Total: 1679.792948, Node: 962.593464, Link: 717.183048, Spread: 1.643738
Epoch 543/600, Total: 1675.825167, Node: 958.491740, Link: 717.316597, Spread: 1.682876
Epoch 544/600, Total: 1676.112790, Node: 958.286601, Link: 717.809185, Spread: 1.701317
Epoch 545/600, Total: 1676.294048, Node: 958.186569, Link: 718.090169, Spread: 1.730903
Epoch 546/600, Total: 1675.852432, Node: 958.224426, Link: 717.610541, Spread: 1.745491
Epoch 547/600, Total: 1675.743068, Node: 958.504508, Link: 717.221059, Spread: 1.749602
Epoch 548/600, Total: 1676.493043, Node: 958.376574, Link: 718.099100, Spread: 1.736246
Epoch 549/600, Total: 1676.018752, Node: 958.268154, Link: 717.733021, Spread: 1.757990
Epoch 550/600, Total: 1675.690916, Node: 958.189713, Link: 717.483702, Spread: 1.751819
Epoch 551/600, Total: 1675.608154, Node: 958.164405, Link: 717.426288, Spread: 1.746405
Epoch 552/600, Total: 1675.618757, Node: 958.132065, Link: 717.469275, Spread: 1.740817
Epoch 553/600, Total: 1675.587548, Node: 958.127208, Link: 717.442985, Spread: 1.735329
Epoch 554/600, Total: 1675.569214, Node: 958.116862, Link: 717.435048, Spread: 1.729721
Epoch 555/600, Total: 1675.577573, Node: 958.104273, Link: 717.456054, Spread: 1.724773
Epoch 556/600, Total: 1675.579292, Node: 958.099229, Link: 717.462853, Spread: 1.720508
Epoch 557/600, Total: 1675.573519, Node: 958.095368, Link: 717.460988, Spread: 1.716364
Epoch 558/600, Total: 1675.566487, Node: 958.091067, Link: 717.458302, Spread: 1.712151
Epoch 559/600, Total: 1675.558863, Node: 958.086736, Link: 717.455048, Spread: 1.707815
Epoch 560/600, Total: 1675.549002, Node: 958.082190, Link: 717.449775, Spread: 1.703291
Epoch 561/600, Total: 1675.537433, Node: 958.077545, Link: 717.442901, Spread: 1.698505
Epoch 562/600, Total: 1675.523760, Node: 958.072971, Link: 717.433844, Spread: 1.693376
Epoch 563/600, Total: 1675.507069, Node: 958.068766, Link: 717.421431, Spread: 1.687782
Epoch 564/600, Total: 1675.486990, Node: 958.065959, Link: 717.404221, Spread: 1.681509
Epoch 565/600, Total: 1675.465159, Node: 958.069622, Link: 717.378799, Spread: 1.674167
Epoch 566/600, Total: 1675.480198, Node: 958.135448, Link: 717.328080, Spread: 1.666320
Epoch 567/600, Total: 1675.572717, Node: 958.276408, Link: 717.279770, Spread: 1.653913
Epoch 568/600, Total: 1675.698887, Node: 958.361371, Link: 717.321050, Spread: 1.647643
Epoch 569/600, Total: 1687.171039, Node: 968.607761, Link: 718.547934, Spread: 1.534294
Epoch 570/600, Total: 1676.175336, Node: 958.492403, Link: 717.667461, Spread: 1.547258
Epoch 571/600, Total: 1676.074047, Node: 958.901782, Link: 717.157069, Spread: 1.520407
Epoch 572/600, Total: 1674.197024, Node: 959.289357, Link: 714.892444, Spread: 1.523212
Epoch 573/600, Total: 1679.099247, Node: 960.176667, Link: 718.907165, Spread: 1.541344
Epoch 574/600, Total: 1678.797803, Node: 958.187875, Link: 720.594891, Spread: 1.503708
Epoch 575/600, Total: 1670.868018, Node: 957.269401, Link: 713.583603, Spread: 1.501594
Epoch 576/600, Total: 1674.582070, Node: 958.130801, Link: 716.436220, Spread: 1.504742
Epoch 577/600, Total: 1679.178232, Node: 959.065196, Link: 720.097663, Spread: 1.537144
Epoch 578/600, Total: 1675.585701, Node: 958.539802, Link: 717.030239, Spread: 1.566139
Epoch 579/600, Total: 1669.374966, Node: 955.946771, Link: 713.413027, Spread: 1.515714
Epoch 580/600, Total: 1676.212769, Node: 958.784971, Link: 717.412736, Spread: 1.505192
Epoch 581/600, Total: 1676.731755, Node: 958.791034, Link: 717.925500, Spread: 1.520933
Epoch 582/600, Total: 1676.501987, Node: 958.398294, Link: 718.088539, Spread: 1.515554
Epoch 583/600, Total: 1675.812495, Node: 958.208166, Link: 717.589015, Spread: 1.532209
Epoch 584/600, Total: 1675.953557, Node: 958.124644, Link: 717.813530, Spread: 1.538670
Epoch 585/600, Total: 1675.767983, Node: 958.187163, Link: 717.565396, Spread: 1.542243
Epoch 586/600, Total: 1675.803033, Node: 958.154716, Link: 717.632870, Spread: 1.546017
Epoch 587/600, Total: 1675.887293, Node: 958.125035, Link: 717.746778, Spread: 1.548383
Epoch 588/600, Total: 1675.781520, Node: 958.154902, Link: 717.611123, Spread: 1.549156
Epoch 589/600, Total: 1675.843675, Node: 958.109059, Link: 717.719117, Spread: 1.551130
Epoch 590/600, Total: 1675.761369, Node: 958.129599, Link: 717.616264, Spread: 1.550873
Epoch 591/600, Total: 1675.826929, Node: 958.096913, Link: 717.714490, Spread: 1.552343
Epoch 592/600, Total: 1675.700871, Node: 958.099717, Link: 717.585653, Spread: 1.550504
Epoch 593/600, Total: 1675.783375, Node: 958.082973, Link: 717.684872, Spread: 1.552755
Epoch 594/600, Total: 1675.713896, Node: 958.078690, Link: 717.619703, Spread: 1.550505
Epoch 595/600, Total: 1675.780992, Node: 958.094742, Link: 717.670720, Spread: 1.553170
Epoch 596/600, Total: 1675.568525, Node: 958.186948, Link: 717.366165, Spread: 1.540136
Epoch 597/600, Total: 1675.725801, Node: 958.671428, Link: 717.039083, Spread: 1.528490
Epoch 598/600, Total: 1677.024380, Node: 958.937186, Link: 718.072024, Spread: 1.516919
Epoch 599/600, Total: 1682.739489, Node: 965.858541, Link: 716.865662, Spread: 1.529536
Epoch 600/600, Total: 1678.096701, Node: 957.912405, Link: 720.169731, Spread: 1.456960
Saved sweep result to: /homes/dameyer/ml-for-wdn-project-4/results/aggregated/gnn_training_sweep/net1_buffer=25_rollout=5_seed=42.json
Table value: 957.912405
