================================
GNN training sweep
Job ID: 242703
Task ID: 32
Buffer size: 25
Rollout length: 10
================================
Running GNN sweep: dataset=Net1, buffer=25, rollout=10
Epoch 1/600, Total: 3018.420515, Node: 1386.576380, Link: 1630.976689, Spread: 86.743649
Epoch 2/600, Total: 1991.123240, Node: 1250.188073, Link: 739.910768, Spread: 102.439044
Epoch 3/600, Total: 1936.785354, Node: 1203.505233, Link: 732.302237, Spread: 97.790072
Epoch 4/600, Total: 1915.304877, Node: 1181.958145, Link: 732.434593, Spread: 91.212595
Epoch 5/600, Total: 1894.009613, Node: 1165.236533, Link: 727.907125, Spread: 86.593899
Epoch 6/600, Total: 1854.428066, Node: 1122.546845, Link: 731.073969, Spread: 80.725683
Epoch 7/600, Total: 1842.947292, Node: 1113.835184, Link: 728.344433, Spread: 76.767507
Epoch 8/600, Total: 1821.199243, Node: 1092.201906, Link: 728.270111, Spread: 72.719982
Epoch 9/600, Total: 1810.125860, Node: 1086.761829, Link: 722.670661, Spread: 69.337064
Epoch 10/600, Total: 1802.381703, Node: 1075.841335, Link: 725.898807, Spread: 64.156493
Epoch 11/600, Total: 1830.876633, Node: 1093.838493, Link: 736.442217, Spread: 59.592472
Epoch 12/600, Total: 1797.142851, Node: 1071.470146, Link: 725.105753, Spread: 56.693397
Epoch 13/600, Total: 1772.964755, Node: 1047.958877, Link: 724.480510, Spread: 52.536749
Epoch 14/600, Total: 1776.558488, Node: 1054.732343, Link: 721.316733, Spread: 50.941124
Epoch 15/600, Total: 1766.607636, Node: 1046.236655, Link: 719.886647, Spread: 48.434218
Epoch 16/600, Total: 1764.734069, Node: 1044.523929, Link: 719.762573, Spread: 44.755097
Epoch 17/600, Total: 1743.811170, Node: 1028.852115, Link: 714.537692, Spread: 42.136606
Epoch 18/600, Total: 1777.040679, Node: 1058.341364, Link: 718.312604, Spread: 38.669350
Epoch 19/600, Total: 1773.244620, Node: 1045.876119, Link: 727.009051, Spread: 35.945624
Epoch 20/600, Total: 1778.030733, Node: 1047.127622, Link: 730.565202, Spread: 33.789917
Epoch 21/600, Total: 1758.090745, Node: 1037.556743, Link: 720.214477, Spread: 31.952763
Epoch 22/600, Total: 1751.194178, Node: 1035.024308, Link: 715.871760, Spread: 29.812394
Epoch 23/600, Total: 1759.714658, Node: 1044.174860, Link: 715.266756, Spread: 27.302740
Epoch 24/600, Total: 1740.055342, Node: 1021.509378, Link: 718.292463, Spread: 25.351184
Epoch 25/600, Total: 1739.015649, Node: 1027.204303, Link: 711.578969, Spread: 23.238134
Epoch 26/600, Total: 1755.678844, Node: 1047.466172, Link: 708.002166, Spread: 21.049471
Epoch 27/600, Total: 1753.606034, Node: 1033.972692, Link: 719.441397, Spread: 19.194232
Epoch 28/600, Total: 1722.391747, Node: 1011.695938, Link: 710.516675, Spread: 17.914374
Epoch 29/600, Total: 1725.063785, Node: 1018.378404, Link: 706.518573, Spread: 16.680830
Epoch 30/600, Total: 1696.303729, Node: 996.771412, Link: 699.381952, Spread: 15.034605
Epoch 31/600, Total: 1681.687736, Node: 993.933629, Link: 687.615098, Spread: 13.901632
Epoch 32/600, Total: 1678.941911, Node: 988.707021, Link: 690.110157, Spread: 12.473644
Epoch 33/600, Total: 1692.320249, Node: 1003.384422, Link: 688.821881, Spread: 11.394513
Epoch 34/600, Total: 1682.196665, Node: 994.782455, Link: 687.308544, Spread: 10.566823
Epoch 35/600, Total: 1674.950472, Node: 990.411329, Link: 684.437720, Spread: 10.143210
Epoch 36/600, Total: 1696.374395, Node: 994.941606, Link: 701.340398, Spread: 9.238257
Epoch 37/600, Total: 1717.584194, Node: 1015.867766, Link: 701.629191, Spread: 8.724278
Epoch 38/600, Total: 1749.087090, Node: 1019.066506, Link: 729.941056, Spread: 7.954535
Epoch 39/600, Total: 1778.119699, Node: 1044.664521, Link: 733.382947, Spread: 7.224118
Epoch 40/600, Total: 1670.514653, Node: 986.356499, Link: 684.092152, Spread: 6.601233
Epoch 41/600, Total: 1701.032661, Node: 1007.430051, Link: 693.541401, Spread: 6.121604
Epoch 42/600, Total: 1692.296155, Node: 997.790892, Link: 694.447774, Spread: 5.748445
Epoch 43/600, Total: 1686.430779, Node: 995.530712, Link: 690.845811, Spread: 5.427252
Epoch 44/600, Total: 1688.295762, Node: 999.019170, Link: 689.224793, Spread: 5.179826
Epoch 45/600, Total: 1640.492244, Node: 967.764935, Link: 672.676746, Spread: 5.056517
Epoch 46/600, Total: 1672.153501, Node: 986.775690, Link: 685.329029, Spread: 4.877639
Epoch 47/600, Total: 1644.135498, Node: 970.664431, Link: 673.424403, Spread: 4.666851
Epoch 48/600, Total: 1656.863470, Node: 972.382181, Link: 684.436891, Spread: 4.440026
Epoch 49/600, Total: 1690.772428, Node: 1000.646949, Link: 690.082291, Spread: 4.317857
Epoch 50/600, Total: 1652.088100, Node: 965.475272, Link: 686.572496, Spread: 4.035057
Epoch 51/600, Total: 1609.853288, Node: 955.368251, Link: 654.444611, Spread: 4.041935
Epoch 52/600, Total: 1623.217938, Node: 968.660928, Link: 654.515537, Spread: 4.146723
Epoch 53/600, Total: 1614.755305, Node: 958.089048, Link: 656.627125, Spread: 3.915024
Epoch 54/600, Total: 1616.773913, Node: 970.762122, Link: 645.973617, Spread: 3.817509
Epoch 55/600, Total: 1621.754781, Node: 969.815220, Link: 651.902212, Spread: 3.734587
Epoch 56/600, Total: 1577.313973, Node: 941.845105, Link: 635.432353, Spread: 3.651470
Epoch 57/600, Total: 1584.754432, Node: 947.467592, Link: 637.252176, Spread: 3.465926
Epoch 58/600, Total: 1605.212052, Node: 961.091601, Link: 644.085725, Spread: 3.471719
Epoch 59/600, Total: 1620.618897, Node: 974.056898, Link: 646.528233, Spread: 3.377347
Epoch 60/600, Total: 1617.764800, Node: 970.036801, Link: 647.695236, Spread: 3.273389
Epoch 61/600, Total: 1605.328403, Node: 955.365308, Link: 649.930582, Spread: 3.252422
Epoch 62/600, Total: 1610.605658, Node: 970.550650, Link: 640.022587, Spread: 3.242245
Epoch 63/600, Total: 1607.667014, Node: 972.509990, Link: 635.124801, Spread: 3.223868
Epoch 64/600, Total: 1609.743391, Node: 963.543869, Link: 646.167659, Spread: 3.186877
Epoch 65/600, Total: 1582.876322, Node: 950.513710, Link: 632.330056, Spread: 3.254450
Epoch 66/600, Total: 1638.994051, Node: 992.377128, Link: 646.583547, Spread: 3.337820
Epoch 67/600, Total: 1600.955758, Node: 968.705730, Link: 632.216590, Spread: 3.343983
Epoch 68/600, Total: 1606.192908, Node: 971.475258, Link: 634.685347, Spread: 3.230120
Epoch 69/600, Total: 1584.687686, Node: 951.123044, Link: 633.532874, Spread: 3.176017
Epoch 70/600, Total: 1576.125505, Node: 948.203061, Link: 627.890793, Spread: 3.163915
Epoch 71/600, Total: 1579.451006, Node: 953.744414, Link: 625.675526, Spread: 3.108244
Epoch 72/600, Total: 1590.052137, Node: 968.777801, Link: 621.242506, Spread: 3.183111
Epoch 73/600, Total: 1585.903527, Node: 963.069671, Link: 622.801378, Spread: 3.246844
Epoch 74/600, Total: 1576.744524, Node: 958.088741, Link: 618.624587, Spread: 3.119874
Epoch 75/600, Total: 1574.881890, Node: 953.390301, Link: 621.460938, Spread: 3.063951
Epoch 76/600, Total: 1595.217287, Node: 968.161853, Link: 627.025727, Spread: 2.970024
Epoch 77/600, Total: 1585.183026, Node: 959.170667, Link: 625.982670, Spread: 2.968147
Epoch 78/600, Total: 1567.905016, Node: 950.855507, Link: 617.019663, Spread: 2.984870
Epoch 79/600, Total: 1576.391961, Node: 955.976106, Link: 620.387696, Spread: 2.816225
Epoch 80/600, Total: 1565.470221, Node: 955.858135, Link: 609.584488, Spread: 2.758466
Epoch 81/600, Total: 1582.961969, Node: 966.162699, Link: 616.766855, Spread: 3.241662
Epoch 82/600, Total: 1559.230664, Node: 947.184900, Link: 612.013050, Spread: 3.270014
Epoch 83/600, Total: 1587.756301, Node: 966.176072, Link: 621.548842, Spread: 3.138548
Epoch 84/600, Total: 1560.199619, Node: 947.786582, Link: 612.383286, Spread: 2.974100
Epoch 85/600, Total: 1573.569878, Node: 959.434224, Link: 614.106821, Spread: 2.882888
Epoch 86/600, Total: 1558.918574, Node: 948.369329, Link: 610.520876, Spread: 2.835904
Epoch 87/600, Total: 1555.263833, Node: 953.903480, Link: 601.332017, Spread: 2.832248
Epoch 88/600, Total: 1567.512891, Node: 958.325941, Link: 609.158277, Spread: 2.867327
Epoch 89/600, Total: 1554.827812, Node: 949.959201, Link: 604.840954, Spread: 2.764470
Epoch 90/600, Total: 1533.887947, Node: 944.870747, Link: 588.989171, Spread: 2.802553
Epoch 91/600, Total: 1559.476220, Node: 951.558890, Link: 607.889170, Spread: 2.815412
Epoch 92/600, Total: 1581.554964, Node: 963.205236, Link: 618.322809, Spread: 2.691060
Epoch 93/600, Total: 1564.236402, Node: 956.440993, Link: 607.769493, Spread: 2.592414
Epoch 94/600, Total: 1548.429242, Node: 945.090483, Link: 603.312585, Spread: 2.616914
Epoch 95/600, Total: 1558.778659, Node: 954.498180, Link: 604.255466, Spread: 2.500268
Epoch 96/600, Total: 1571.643845, Node: 966.316282, Link: 605.303590, Spread: 2.397842
Epoch 97/600, Total: 1528.507553, Node: 937.982095, Link: 590.502006, Spread: 2.343692
Epoch 98/600, Total: 1563.508370, Node: 953.579308, Link: 609.905874, Spread: 2.318476
Epoch 99/600, Total: 1516.920516, Node: 932.665838, Link: 584.232195, Spread: 2.249540
Epoch 100/600, Total: 1569.329331, Node: 951.115998, Link: 618.190989, Spread: 2.233533
Epoch 101/600, Total: 1549.149735, Node: 949.595849, Link: 599.532010, Spread: 2.187352
Epoch 102/600, Total: 1542.684111, Node: 951.597124, Link: 591.064958, Spread: 2.202250
Epoch 103/600, Total: 1609.066034, Node: 992.007240, Link: 617.036130, Spread: 2.266636
Epoch 104/600, Total: 1532.271052, Node: 943.118836, Link: 589.129793, Spread: 2.242188
Epoch 105/600, Total: 1525.368320, Node: 931.795872, Link: 593.549799, Spread: 2.265882
Epoch 106/600, Total: 1527.831031, Node: 934.119315, Link: 593.688615, Spread: 2.310917
Epoch 107/600, Total: 1533.083540, Node: 938.260468, Link: 594.799673, Spread: 2.338350
Epoch 108/600, Total: 1586.175379, Node: 966.232225, Link: 619.920450, Spread: 2.270687
Epoch 109/600, Total: 1541.908076, Node: 945.675988, Link: 596.208787, Spread: 2.328737
Epoch 110/600, Total: 1526.760976, Node: 948.552182, Link: 578.185928, Spread: 2.285788
Epoch 111/600, Total: 1514.429471, Node: 937.009426, Link: 577.396674, Spread: 2.336471
Epoch 112/600, Total: 1555.713240, Node: 967.558383, Link: 588.130976, Spread: 2.388041
Epoch 113/600, Total: 1571.671660, Node: 960.452100, Link: 611.196560, Spread: 2.299290
Epoch 114/600, Total: 1545.569497, Node: 954.398644, Link: 591.146744, Spread: 2.412752
Epoch 115/600, Total: 1549.760649, Node: 951.568899, Link: 598.167704, Spread: 2.404194
Epoch 116/600, Total: 1560.383758, Node: 958.265868, Link: 602.092064, Spread: 2.583493
Epoch 117/600, Total: 1499.315571, Node: 928.634246, Link: 570.654814, Spread: 2.650663
Epoch 118/600, Total: 1503.122235, Node: 929.529512, Link: 573.564507, Spread: 2.822743
Epoch 119/600, Total: 1539.355341, Node: 944.034448, Link: 595.293597, Spread: 2.728568
Epoch 120/600, Total: 1524.425552, Node: 945.581338, Link: 578.816621, Spread: 2.760089
Epoch 121/600, Total: 1512.331367, Node: 932.454320, Link: 579.849397, Spread: 2.766024
Epoch 122/600, Total: 1510.757223, Node: 933.056649, Link: 577.672388, Spread: 2.818746
Epoch 123/600, Total: 1540.854585, Node: 953.935179, Link: 586.889576, Spread: 2.982296
Epoch 124/600, Total: 1516.263414, Node: 939.419908, Link: 576.812099, Spread: 3.140504
Epoch 125/600, Total: 1569.636356, Node: 950.619932, Link: 618.985822, Spread: 3.060348
Epoch 126/600, Total: 1519.107653, Node: 937.776544, Link: 581.300945, Spread: 3.015463
Epoch 127/600, Total: 1501.106787, Node: 932.543134, Link: 568.534378, Spread: 2.926613
Epoch 128/600, Total: 1557.643021, Node: 959.549770, Link: 598.063231, Spread: 3.002419
Epoch 129/600, Total: 1522.532994, Node: 944.809324, Link: 577.693569, Spread: 3.009790
Epoch 130/600, Total: 1623.002267, Node: 1022.043277, Link: 600.927641, Spread: 3.136252
Epoch 131/600, Total: 1606.391850, Node: 1015.270875, Link: 591.086949, Spread: 3.403006
Epoch 132/600, Total: 1577.409544, Node: 994.867112, Link: 582.507204, Spread: 3.524259
Epoch 133/600, Total: 1653.108612, Node: 1021.543422, Link: 631.527816, Spread: 3.738468
Epoch 134/600, Total: 1585.111300, Node: 993.134673, Link: 591.939164, Spread: 3.745802
Epoch 135/600, Total: 1603.125998, Node: 999.496735, Link: 603.588897, Spread: 4.035373
Epoch 136/600, Total: 1678.134714, Node: 1045.533732, Link: 632.561641, Spread: 3.934558
Epoch 137/600, Total: 1623.992647, Node: 1008.923557, Link: 615.032510, Spread: 3.657678
Epoch 138/600, Total: 1614.221576, Node: 1006.015094, Link: 608.169260, Spread: 3.722477
Epoch 139/600, Total: 1681.089844, Node: 1046.113539, Link: 634.937483, Spread: 3.883453
Epoch 140/600, Total: 1676.627596, Node: 1032.046106, Link: 644.540578, Spread: 4.090202
Epoch 141/600, Total: 1623.610400, Node: 1005.237371, Link: 618.329348, Spread: 4.369311
Epoch 142/600, Total: 1600.112427, Node: 1000.483964, Link: 599.583072, Spread: 4.538963
Epoch 143/600, Total: 1660.081450, Node: 1016.417193, Link: 643.616125, Spread: 4.813278
Epoch 144/600, Total: 1567.214943, Node: 969.143647, Link: 598.023770, Spread: 4.752351
Epoch 145/600, Total: 1568.835457, Node: 975.810562, Link: 592.976829, Spread: 4.807086
Epoch 146/600, Total: 1592.817287, Node: 999.604290, Link: 593.164472, Spread: 4.852526
Epoch 147/600, Total: 1601.965836, Node: 986.761000, Link: 615.152047, Spread: 5.278588
Epoch 148/600, Total: 1564.093521, Node: 978.787761, Link: 585.255689, Spread: 5.008308
Epoch 149/600, Total: 1614.062168, Node: 988.832036, Link: 625.177388, Spread: 5.274242
Epoch 150/600, Total: 1584.082074, Node: 990.517767, Link: 593.510816, Spread: 5.348132
Epoch 151/600, Total: 1592.528202, Node: 983.450070, Link: 609.024602, Spread: 5.354390
Epoch 152/600, Total: 1647.991732, Node: 1018.661688, Link: 629.275633, Spread: 5.441937
Epoch 153/600, Total: 1735.379098, Node: 1051.051425, Link: 684.258632, Spread: 6.903567
Epoch 154/600, Total: 1758.873204, Node: 1029.034646, Link: 729.763774, Spread: 7.479122
Epoch 155/600, Total: 1777.977397, Node: 1057.289570, Link: 720.608981, Spread: 7.883044
Epoch 156/600, Total: 1720.027123, Node: 1035.520732, Link: 684.431118, Spread: 7.528088
Epoch 157/600, Total: 1601.715553, Node: 990.818221, Link: 610.829940, Spread: 6.737053
Epoch 158/600, Total: 1656.556916, Node: 1022.816076, Link: 633.678803, Spread: 6.204340
Epoch 159/600, Total: 1620.626487, Node: 1006.544528, Link: 614.022571, Spread: 5.938422
Epoch 160/600, Total: 1576.685098, Node: 987.112017, Link: 589.515040, Spread: 5.805214
Epoch 161/600, Total: 1585.403393, Node: 985.550272, Link: 599.795408, Spread: 5.770683
Epoch 162/600, Total: 1582.614582, Node: 990.639384, Link: 591.917529, Spread: 5.767486
Epoch 163/600, Total: 1601.777802, Node: 993.727334, Link: 607.992059, Spread: 5.840226
Epoch 164/600, Total: 1551.678696, Node: 964.120678, Link: 587.502350, Spread: 5.566267
Epoch 165/600, Total: 1573.565856, Node: 979.474335, Link: 594.041503, Spread: 5.000901
Epoch 166/600, Total: 1599.986781, Node: 990.778950, Link: 609.156508, Spread: 5.133774
Epoch 167/600, Total: 1601.576497, Node: 994.434911, Link: 607.093201, Spread: 4.838414
Epoch 168/600, Total: 1566.962358, Node: 981.096039, Link: 585.819362, Spread: 4.696674
Epoch 169/600, Total: 1599.431254, Node: 994.422985, Link: 604.961381, Spread: 4.688788
Epoch 170/600, Total: 1578.503721, Node: 989.200645, Link: 589.254692, Spread: 4.840409
Epoch 171/600, Total: 1561.285007, Node: 974.068718, Link: 587.168248, Spread: 4.803791
Epoch 172/600, Total: 1587.935778, Node: 986.794413, Link: 601.093959, Spread: 4.741285
Epoch 173/600, Total: 1597.742864, Node: 1007.167386, Link: 590.530424, Spread: 4.503969
Epoch 174/600, Total: 1571.891505, Node: 981.162158, Link: 590.683122, Spread: 4.622490
Epoch 175/600, Total: 1631.145124, Node: 1021.811493, Link: 609.283258, Spread: 5.037092
Epoch 176/600, Total: 1590.378514, Node: 990.671189, Link: 599.659726, Spread: 4.760727
Epoch 177/600, Total: 1548.134455, Node: 969.862787, Link: 578.226005, Spread: 4.565576
Epoch 178/600, Total: 1662.923760, Node: 1025.139370, Link: 637.738676, Spread: 4.570031
Epoch 179/600, Total: 1553.384680, Node: 976.321816, Link: 577.017208, Spread: 4.565189
Epoch 180/600, Total: 1556.272962, Node: 973.951817, Link: 582.274971, Spread: 4.617729
Epoch 181/600, Total: 1583.860166, Node: 981.559050, Link: 602.257015, Spread: 4.409110
Epoch 182/600, Total: 1584.800616, Node: 981.754099, Link: 602.999523, Spread: 4.699631
Epoch 183/600, Total: 1575.537766, Node: 974.446823, Link: 601.045472, Spread: 4.547499
Epoch 184/600, Total: 1600.733556, Node: 996.915807, Link: 603.769759, Spread: 4.798929
Epoch 185/600, Total: 1645.049929, Node: 1026.559283, Link: 618.439351, Spread: 5.128406
Epoch 186/600, Total: 1556.131780, Node: 971.702757, Link: 584.381193, Spread: 4.782491
Epoch 187/600, Total: 1586.682010, Node: 989.646835, Link: 596.986479, Spread: 4.870408
Epoch 188/600, Total: 1614.965323, Node: 1011.448657, Link: 603.463806, Spread: 5.286002
Epoch 189/600, Total: 1593.288512, Node: 988.885522, Link: 604.353843, Spread: 4.914884
Epoch 190/600, Total: 1587.110816, Node: 996.545095, Link: 590.517446, Spread: 4.827997
Epoch 191/600, Total: 1527.086318, Node: 972.378653, Link: 554.655640, Spread: 5.202501
Epoch 192/600, Total: 1590.145821, Node: 1001.584029, Link: 588.511554, Spread: 5.025167
Epoch 193/600, Total: 1539.679533, Node: 975.801617, Link: 563.826202, Spread: 5.169855
Epoch 194/600, Total: 1694.330742, Node: 1068.781238, Link: 625.494875, Spread: 5.463062
Epoch 195/600, Total: 1616.080789, Node: 1023.962604, Link: 592.063723, Spread: 5.446246
Epoch 196/600, Total: 1528.419147, Node: 974.337263, Link: 554.026555, Spread: 5.533051
Epoch 197/600, Total: 1536.054345, Node: 987.178999, Link: 548.819844, Spread: 5.551028
Epoch 198/600, Total: 1556.858340, Node: 1000.585021, Link: 556.213695, Spread: 5.961597
Epoch 199/600, Total: 1539.842431, Node: 985.019467, Link: 554.766290, Spread: 5.668733
Epoch 200/600, Total: 1494.555079, Node: 967.348645, Link: 527.150108, Spread: 5.632324
Epoch 201/600, Total: 1515.171361, Node: 977.881221, Link: 537.235988, Spread: 5.415349
Epoch 202/600, Total: 1534.542675, Node: 991.014127, Link: 543.475624, Spread: 5.292318
Epoch 203/600, Total: 1558.166275, Node: 995.795382, Link: 562.317173, Spread: 5.371358
Epoch 204/600, Total: 1697.046949, Node: 1083.558653, Link: 613.431329, Spread: 5.697907
Epoch 205/600, Total: 1552.737382, Node: 1004.245328, Link: 548.442629, Spread: 4.941051
Epoch 206/600, Total: 1587.260903, Node: 1022.860187, Link: 564.351035, Spread: 4.968742
Epoch 207/600, Total: 1578.516748, Node: 1028.570177, Link: 549.900108, Spread: 4.646463
Epoch 208/600, Total: 1558.770121, Node: 1015.363920, Link: 543.359409, Spread: 4.681548
Epoch 209/600, Total: 1575.326781, Node: 1023.532213, Link: 551.751778, Spread: 4.280444
Epoch 210/600, Total: 1556.329466, Node: 1032.387924, Link: 523.890949, Spread: 5.059280
Epoch 211/600, Total: 1569.870851, Node: 1010.531545, Link: 559.286879, Spread: 5.243421
Epoch 212/600, Total: 1520.497067, Node: 991.815231, Link: 528.630245, Spread: 5.158356
Epoch 213/600, Total: 1526.795958, Node: 1003.637855, Link: 523.108512, Spread: 4.960246
Epoch 214/600, Total: 1473.349384, Node: 977.193127, Link: 496.105839, Spread: 5.041327
Epoch 215/600, Total: 1530.447854, Node: 1002.987086, Link: 527.403745, Spread: 5.702965
Epoch 216/600, Total: 1540.760558, Node: 1001.912098, Link: 538.790221, Spread: 5.822086
Epoch 217/600, Total: 1475.798030, Node: 975.980539, Link: 499.753397, Spread: 6.409184
Epoch 218/600, Total: 1417.551180, Node: 940.654141, Link: 476.832415, Spread: 6.461670
Epoch 219/600, Total: 1518.776040, Node: 985.795338, Link: 532.916360, Spread: 6.433109
Epoch 220/600, Total: 1494.519600, Node: 975.382169, Link: 519.065304, Spread: 7.211809
Epoch 221/600, Total: 1453.851562, Node: 949.395231, Link: 504.379683, Spread: 7.664913
Epoch 222/600, Total: 1500.503942, Node: 980.346563, Link: 520.069673, Spread: 8.770700
Epoch 223/600, Total: 1518.869750, Node: 978.301966, Link: 540.468977, Spread: 9.880571
Epoch 224/600, Total: 1661.747716, Node: 1046.380126, Link: 615.263661, Spread: 10.392919
Epoch 225/600, Total: 1572.873646, Node: 1001.219474, Link: 571.539786, Spread: 11.440025
Epoch 226/600, Total: 1450.707079, Node: 943.082952, Link: 507.506239, Spread: 11.789376
Epoch 227/600, Total: 1457.407572, Node: 947.275506, Link: 510.014824, Spread: 11.723340
Epoch 228/600, Total: 1458.316112, Node: 946.175471, Link: 512.017576, Spread: 12.306479
Epoch 229/600, Total: 1392.314404, Node: 914.644938, Link: 477.537246, Spread: 13.222665
Epoch 230/600, Total: 1450.449642, Node: 942.104615, Link: 508.217612, Spread: 12.742195
Epoch 231/600, Total: 1472.655209, Node: 956.322936, Link: 516.209606, Spread: 12.267215
Epoch 232/600, Total: 1392.794740, Node: 918.470112, Link: 474.199422, Spread: 12.520063
Epoch 233/600, Total: 1384.323377, Node: 913.131227, Link: 471.072872, Spread: 11.929052
Epoch 234/600, Total: 1399.751946, Node: 920.016936, Link: 479.614360, Spread: 12.065905
Epoch 235/600, Total: 1434.866638, Node: 933.409663, Link: 501.340844, Spread: 11.613468
Epoch 236/600, Total: 1396.437460, Node: 918.912604, Link: 477.407600, Spread: 11.725762
Epoch 237/600, Total: 1526.408145, Node: 976.910252, Link: 549.374056, Spread: 12.384747
Epoch 238/600, Total: 1457.335092, Node: 937.312356, Link: 519.891352, Spread: 13.137914
Epoch 239/600, Total: 1451.100849, Node: 942.846946, Link: 508.126949, Spread: 12.696612
Epoch 240/600, Total: 1432.133108, Node: 917.589939, Link: 514.423001, Spread: 12.016103
Epoch 241/600, Total: 1448.443261, Node: 935.487649, Link: 512.832512, Spread: 12.309220
Epoch 242/600, Total: 1417.520491, Node: 922.262731, Link: 495.145258, Spread: 11.248331
Epoch 243/600, Total: 1379.147231, Node: 908.585137, Link: 470.449556, Spread: 11.254394
Epoch 244/600, Total: 1393.650872, Node: 913.516166, Link: 480.022146, Spread: 11.256257
Epoch 245/600, Total: 1423.204278, Node: 921.037401, Link: 502.055953, Spread: 11.092346
Epoch 246/600, Total: 1464.529435, Node: 947.843101, Link: 516.577270, Spread: 10.906405
Epoch 247/600, Total: 1444.772422, Node: 935.763685, Link: 508.904058, Spread: 10.468473
Epoch 248/600, Total: 1441.682615, Node: 935.961775, Link: 505.617013, Spread: 10.382032
Epoch 249/600, Total: 1458.469038, Node: 934.376696, Link: 523.991222, Spread: 10.113262
Epoch 250/600, Total: 1390.530652, Node: 916.064839, Link: 474.357843, Spread: 10.797213
Epoch 251/600, Total: 1415.486900, Node: 927.952128, Link: 487.423157, Spread: 11.161437
Epoch 252/600, Total: 1448.391699, Node: 928.710512, Link: 519.578568, Spread: 10.261107
Epoch 253/600, Total: 1433.698801, Node: 921.357210, Link: 512.244314, Spread: 9.728550
Epoch 254/600, Total: 1461.825848, Node: 939.056470, Link: 522.670452, Spread: 9.892850
Epoch 255/600, Total: 1458.288104, Node: 937.997675, Link: 520.198600, Spread: 9.184601
Epoch 256/600, Total: 1457.358439, Node: 941.424207, Link: 515.843345, Spread: 9.089475
Epoch 257/600, Total: 1415.272091, Node: 926.462129, Link: 488.727790, Spread: 8.217548
Epoch 258/600, Total: 1424.865953, Node: 926.358034, Link: 498.422894, Spread: 8.502556
Epoch 259/600, Total: 1407.281198, Node: 917.491031, Link: 489.699860, Spread: 9.029274
Epoch 260/600, Total: 1474.819157, Node: 955.294765, Link: 519.439028, Spread: 8.535441
Epoch 261/600, Total: 1496.301344, Node: 957.698480, Link: 538.522292, Spread: 8.058001
Epoch 262/600, Total: 1407.825114, Node: 919.382760, Link: 488.358961, Spread: 8.340416
Epoch 263/600, Total: 1370.812934, Node: 903.228345, Link: 467.497428, Spread: 8.715971
Epoch 264/600, Total: 1391.952434, Node: 909.404341, Link: 482.459411, Spread: 8.868915
Epoch 265/600, Total: 1401.815583, Node: 918.226769, Link: 483.493710, Spread: 9.509704
Epoch 266/600, Total: 1479.219551, Node: 950.502361, Link: 528.623482, Spread: 9.371098
Epoch 267/600, Total: 1421.954097, Node: 928.066696, Link: 493.788022, Spread: 9.939310
Epoch 268/600, Total: 1444.528263, Node: 939.086239, Link: 505.348360, Spread: 9.366876
Epoch 269/600, Total: 1408.134676, Node: 919.896062, Link: 488.146019, Spread: 9.259784
Epoch 270/600, Total: 1383.013905, Node: 914.147513, Link: 468.772419, Spread: 9.397801
Epoch 271/600, Total: 1458.879065, Node: 950.722819, Link: 508.064711, Spread: 9.153485
Epoch 272/600, Total: 1466.527287, Node: 941.243165, Link: 525.193355, Spread: 9.077894
Epoch 273/600, Total: 1461.697674, Node: 935.378213, Link: 526.226944, Spread: 9.251824
Epoch 274/600, Total: 1470.522066, Node: 948.550677, Link: 521.876068, Spread: 9.532592
Epoch 275/600, Total: 1471.077869, Node: 943.251703, Link: 527.728691, Spread: 9.747891
Epoch 276/600, Total: 1448.270645, Node: 931.933849, Link: 516.239934, Spread: 9.687095
Epoch 277/600, Total: 1406.724210, Node: 921.193725, Link: 485.433525, Spread: 9.694934
Epoch 278/600, Total: 1356.534775, Node: 902.919432, Link: 453.516901, Spread: 9.845440
Epoch 279/600, Total: 1376.114340, Node: 910.912306, Link: 465.106294, Spread: 9.573392
Epoch 280/600, Total: 1391.496267, Node: 916.011326, Link: 475.384113, Spread: 10.083535
Epoch 281/600, Total: 1459.470173, Node: 930.081454, Link: 529.293144, Spread: 9.557317
Epoch 282/600, Total: 1460.945024, Node: 944.107537, Link: 516.738307, Spread: 9.917814
Epoch 283/600, Total: 1393.023847, Node: 907.762666, Link: 485.159923, Spread: 10.124391
Epoch 284/600, Total: 1555.333846, Node: 970.744585, Link: 584.482574, Spread: 10.668248
Epoch 285/600, Total: 1419.186845, Node: 929.056950, Link: 490.035011, Spread: 9.489448
Epoch 286/600, Total: 1391.308636, Node: 914.542653, Link: 476.670495, Spread: 9.549889
Epoch 287/600, Total: 1385.149980, Node: 914.524217, Link: 470.529714, Spread: 9.605028
Epoch 288/600, Total: 1492.534313, Node: 960.039885, Link: 532.394934, Spread: 9.948756
Epoch 289/600, Total: 1355.578930, Node: 895.609147, Link: 459.871718, Spread: 9.807814
Epoch 290/600, Total: 1455.287203, Node: 939.895877, Link: 515.290977, Spread: 10.035181
Epoch 291/600, Total: 1434.994012, Node: 931.905566, Link: 502.990777, Spread: 9.768154
Epoch 292/600, Total: 1378.587609, Node: 911.690549, Link: 466.788993, Spread: 10.807690
Epoch 293/600, Total: 1396.740328, Node: 909.986857, Link: 486.645694, Spread: 10.776846
Epoch 294/600, Total: 1453.745851, Node: 932.667362, Link: 520.967053, Spread: 11.143716
Epoch 295/600, Total: 1389.555832, Node: 914.663740, Link: 474.783332, Spread: 10.875957
Epoch 296/600, Total: 1523.250669, Node: 965.748064, Link: 557.402326, Spread: 10.026630
Epoch 297/600, Total: 1507.652369, Node: 959.214042, Link: 548.339565, Spread: 9.876349
Epoch 298/600, Total: 1457.229805, Node: 928.675550, Link: 528.452984, Spread: 10.128002
Epoch 299/600, Total: 1379.532961, Node: 913.588513, Link: 465.848160, Spread: 9.630446
Epoch 300/600, Total: 1355.146312, Node: 906.125542, Link: 448.921432, Spread: 9.933387
Epoch 301/600, Total: 1415.988321, Node: 916.498546, Link: 499.395996, Spread: 9.377224
Epoch 302/600, Total: 1442.013218, Node: 923.358743, Link: 518.561252, Spread: 9.321253
Epoch 303/600, Total: 1484.954968, Node: 949.655823, Link: 535.202432, Spread: 9.671084
Epoch 304/600, Total: 1484.244172, Node: 948.494319, Link: 535.635451, Spread: 11.440417
Epoch 305/600, Total: 1515.822222, Node: 964.803445, Link: 550.913665, Spread: 10.511814
Epoch 306/600, Total: 1452.889668, Node: 938.368779, Link: 514.412033, Spread: 10.884891
Epoch 307/600, Total: 1502.401868, Node: 958.641290, Link: 543.661938, Spread: 9.863728
Epoch 308/600, Total: 1472.752298, Node: 948.253030, Link: 524.394684, Spread: 10.457601
Epoch 309/600, Total: 1445.849814, Node: 936.062545, Link: 509.686171, Spread: 10.110741
Epoch 310/600, Total: 1491.115428, Node: 954.831890, Link: 536.179255, Spread: 10.428256
Epoch 311/600, Total: 1395.552032, Node: 914.752486, Link: 480.691321, Spread: 10.823291
Epoch 312/600, Total: 1431.295730, Node: 928.517244, Link: 502.668690, Spread: 10.979521
Epoch 313/600, Total: 1455.135482, Node: 936.147711, Link: 518.880324, Spread: 10.744131
Epoch 314/600, Total: 1391.486959, Node: 908.782715, Link: 482.597419, Spread: 10.682244
Epoch 315/600, Total: 1467.652542, Node: 931.936107, Link: 535.613592, Spread: 10.285167
Epoch 316/600, Total: 1409.735974, Node: 920.086508, Link: 489.543134, Spread: 10.633766
Epoch 317/600, Total: 1429.849685, Node: 923.121147, Link: 506.628715, Spread: 9.984697
Epoch 318/600, Total: 1421.129368, Node: 916.735979, Link: 504.295550, Spread: 9.784837
Epoch 319/600, Total: 1459.214932, Node: 939.374092, Link: 519.745550, Spread: 9.531133
Epoch 320/600, Total: 1410.512873, Node: 921.298650, Link: 489.113743, Spread: 10.046513
Epoch 321/600, Total: 1480.597412, Node: 955.385065, Link: 525.107748, Spread: 10.459437
Epoch 322/600, Total: 1424.684464, Node: 922.794265, Link: 501.786904, Spread: 10.330213
Epoch 323/600, Total: 1419.388664, Node: 918.204420, Link: 501.081317, Spread: 10.293722
Epoch 324/600, Total: 1423.083867, Node: 919.310813, Link: 503.664685, Spread: 10.836809
Epoch 325/600, Total: 1444.363041, Node: 934.795344, Link: 509.460711, Spread: 10.697949
Epoch 326/600, Total: 1500.376038, Node: 957.978421, Link: 542.291123, Spread: 10.650021
Epoch 327/600, Total: 1415.147002, Node: 914.455449, Link: 500.579615, Spread: 11.193362
Epoch 328/600, Total: 1501.556699, Node: 958.469033, Link: 542.974110, Spread: 11.355888
Epoch 329/600, Total: 1522.536335, Node: 970.375504, Link: 552.045899, Spread: 11.492727
Epoch 330/600, Total: 1363.151993, Node: 902.285603, Link: 460.752969, Spread: 11.341947
Epoch 331/600, Total: 1424.667713, Node: 922.296025, Link: 502.253658, Spread: 11.802924
Epoch 332/600, Total: 1406.923119, Node: 911.068059, Link: 495.735737, Spread: 11.932861
Epoch 333/600, Total: 1468.657249, Node: 951.253891, Link: 517.285322, Spread: 11.804047
Epoch 334/600, Total: 1447.070956, Node: 929.488876, Link: 517.465190, Spread: 11.687411
Epoch 335/600, Total: 1505.094051, Node: 952.322484, Link: 552.653252, Spread: 11.831647
Epoch 336/600, Total: 1389.108702, Node: 902.836164, Link: 486.156748, Spread: 11.578119
Epoch 337/600, Total: 1426.237248, Node: 926.699461, Link: 499.416490, Spread: 12.130875
Epoch 338/600, Total: 1453.206982, Node: 924.083020, Link: 529.003631, Spread: 12.032883
Epoch 339/600, Total: 1438.187124, Node: 929.660994, Link: 508.405598, Spread: 12.053481
Epoch 340/600, Total: 1411.175366, Node: 915.344218, Link: 495.710107, Spread: 12.103746
Epoch 341/600, Total: 1366.724052, Node: 903.700820, Link: 462.899903, Spread: 12.333498
Epoch 342/600, Total: 1431.484679, Node: 927.769976, Link: 503.587691, Spread: 12.703582
Epoch 343/600, Total: 1396.115295, Node: 920.962581, Link: 475.025176, Spread: 12.753619
Epoch 344/600, Total: 1404.829462, Node: 905.992574, Link: 498.707747, Spread: 12.914028
Epoch 345/600, Total: 1473.297317, Node: 948.209858, Link: 524.956307, Spread: 13.113913
Epoch 346/600, Total: 1417.540861, Node: 927.932459, Link: 489.479114, Spread: 12.930050
Epoch 347/600, Total: 1420.460492, Node: 920.267222, Link: 500.057793, Spread: 13.547012
Epoch 348/600, Total: 1340.784571, Node: 891.118622, Link: 449.532261, Spread: 13.368685
Epoch 349/600, Total: 1466.083597, Node: 934.601173, Link: 531.344252, Spread: 13.816893
Epoch 350/600, Total: 1408.294871, Node: 917.878195, Link: 490.276636, Spread: 14.003840
Epoch 351/600, Total: 1402.163961, Node: 907.807182, Link: 494.219106, Spread: 13.766661
Epoch 352/600, Total: 1421.733556, Node: 925.121207, Link: 496.470510, Spread: 14.183566
Epoch 353/600, Total: 1448.074147, Node: 935.160295, Link: 512.772986, Spread: 14.086097
Epoch 354/600, Total: 1418.463952, Node: 918.540367, Link: 499.784405, Spread: 13.916546
Epoch 355/600, Total: 1363.512640, Node: 894.614205, Link: 468.756596, Spread: 14.182831
Epoch 356/600, Total: 1531.008735, Node: 966.419781, Link: 564.441381, Spread: 14.758162
Epoch 357/600, Total: 1407.503288, Node: 919.498387, Link: 487.854285, Spread: 15.062184
Epoch 358/600, Total: 1346.940438, Node: 890.797258, Link: 455.992129, Spread: 15.104812
Epoch 359/600, Total: 1361.443494, Node: 898.008781, Link: 463.279552, Spread: 15.516119
Epoch 360/600, Total: 1450.563336, Node: 937.810214, Link: 512.587156, Spread: 16.596926
Epoch 361/600, Total: 1490.992813, Node: 972.095896, Link: 518.732819, Spread: 16.410152
Epoch 362/600, Total: 1446.045733, Node: 948.187959, Link: 497.707486, Spread: 15.028884
Epoch 363/600, Total: 1352.779396, Node: 897.993910, Link: 454.638090, Spread: 14.742249
Epoch 364/600, Total: 1409.463303, Node: 913.366320, Link: 495.943670, Spread: 15.332188
Epoch 365/600, Total: 1548.013604, Node: 986.668811, Link: 561.192252, Spread: 15.253300
Epoch 366/600, Total: 1501.683537, Node: 957.541508, Link: 543.986327, Spread: 15.569972
Epoch 367/600, Total: 1368.837842, Node: 905.506111, Link: 463.176289, Spread: 15.545087
Epoch 368/600, Total: 1486.785889, Node: 964.300434, Link: 522.322875, Spread: 16.258486
Epoch 369/600, Total: 1457.440223, Node: 929.545555, Link: 527.742758, Spread: 15.192527
Epoch 370/600, Total: 1384.687441, Node: 903.433434, Link: 481.095434, Spread: 15.856808
Epoch 371/600, Total: 1395.907048, Node: 915.309974, Link: 480.432449, Spread: 16.461574
Epoch 372/600, Total: 1387.619946, Node: 912.088018, Link: 475.368011, Spread: 16.392571
Epoch 373/600, Total: 1398.658875, Node: 913.437492, Link: 485.055908, Spread: 16.546713
Epoch 374/600, Total: 1436.430271, Node: 927.063487, Link: 509.200111, Spread: 16.667998
Epoch 375/600, Total: 1435.475479, Node: 925.900887, Link: 509.407964, Spread: 16.662614
Epoch 376/600, Total: 1433.546010, Node: 931.394123, Link: 501.960881, Spread: 19.101547
Epoch 377/600, Total: 1394.565834, Node: 904.491221, Link: 489.895452, Spread: 17.917395
Epoch 378/600, Total: 1370.986691, Node: 903.435150, Link: 467.370901, Spread: 18.065066
Epoch 379/600, Total: 1424.727920, Node: 919.591504, Link: 504.958089, Spread: 17.832919
Epoch 380/600, Total: 1349.097939, Node: 895.872651, Link: 453.040590, Spread: 18.471219
Epoch 381/600, Total: 1476.214667, Node: 958.290904, Link: 517.743807, Spread: 17.995954
Epoch 382/600, Total: 1475.317558, Node: 942.991983, Link: 532.152958, Spread: 17.261753
Epoch 383/600, Total: 1407.973710, Node: 915.269332, Link: 492.525086, Spread: 17.929190
Epoch 384/600, Total: 1476.461093, Node: 947.848921, Link: 528.436026, Spread: 17.613762
Epoch 385/600, Total: 1456.169201, Node: 937.753466, Link: 518.236083, Spread: 17.964689
Epoch 386/600, Total: 1393.287001, Node: 909.025269, Link: 484.082502, Spread: 17.924274
Epoch 387/600, Total: 1493.885062, Node: 953.673799, Link: 540.026229, Spread: 18.503117
Epoch 388/600, Total: 1397.827686, Node: 916.764796, Link: 480.876664, Spread: 18.622644
Epoch 389/600, Total: 1370.491426, Node: 906.486950, Link: 463.803540, Spread: 20.093411
Epoch 390/600, Total: 1428.047837, Node: 930.962433, Link: 496.881703, Spread: 20.369840
Epoch 391/600, Total: 1360.154255, Node: 898.704372, Link: 461.249306, Spread: 20.057856
Epoch 392/600, Total: 1456.472065, Node: 935.715738, Link: 520.548861, Spread: 20.745814
Epoch 393/600, Total: 1421.462286, Node: 927.134229, Link: 494.119276, Spread: 20.879383
Epoch 394/600, Total: 1455.884690, Node: 935.989200, Link: 519.690310, Spread: 20.519517
Epoch 395/600, Total: 1398.432065, Node: 922.258804, Link: 475.966618, Spread: 20.664300
Epoch 396/600, Total: 1334.205203, Node: 882.533533, Link: 451.466596, Spread: 20.508142
Epoch 397/600, Total: 1374.835872, Node: 903.447679, Link: 471.171314, Spread: 21.688128
Epoch 398/600, Total: 1412.396755, Node: 911.001190, Link: 501.174162, Spread: 22.140144
Epoch 399/600, Total: 1557.263407, Node: 989.111351, Link: 567.935340, Spread: 21.671490
Epoch 400/600, Total: 1369.130826, Node: 891.571678, Link: 477.341473, Spread: 21.767260
Epoch 401/600, Total: 1749.678793, Node: 1066.653089, Link: 682.808104, Spread: 21.759362
Epoch 402/600, Total: 1730.314545, Node: 1009.802939, Link: 720.299523, Spread: 21.208418
Epoch 403/600, Total: 1710.847865, Node: 1004.466842, Link: 706.149289, Spread: 23.171731
Epoch 404/600, Total: 1693.409451, Node: 995.421294, Link: 697.762110, Spread: 22.605606
Epoch 405/600, Total: 1667.032438, Node: 996.733642, Link: 670.065394, Spread: 23.338880
Epoch 406/600, Total: 1475.756940, Node: 922.933430, Link: 552.593329, Spread: 23.018020
Epoch 407/600, Total: 1499.690432, Node: 939.051310, Link: 560.415687, Spread: 22.343809
Epoch 408/600, Total: 1450.490113, Node: 918.910366, Link: 531.356113, Spread: 22.363601
Epoch 409/600, Total: 1473.281168, Node: 935.784275, Link: 537.273660, Spread: 22.322847
Epoch 410/600, Total: 1468.559417, Node: 931.731900, Link: 536.600778, Spread: 22.673713
Epoch 411/600, Total: 1395.695101, Node: 909.657420, Link: 485.813050, Spread: 22.462336
Epoch 412/600, Total: 1412.995520, Node: 919.612732, Link: 493.158805, Spread: 22.398973
Epoch 413/600, Total: 1488.715817, Node: 942.585467, Link: 545.912041, Spread: 21.830502
Epoch 414/600, Total: 1386.219777, Node: 903.877557, Link: 482.126375, Spread: 21.586482
Epoch 415/600, Total: 1367.768996, Node: 898.962527, Link: 468.588725, Spread: 21.774418
Epoch 416/600, Total: 1446.382812, Node: 935.224745, Link: 510.939613, Spread: 21.844398
Epoch 417/600, Total: 1441.162726, Node: 925.816010, Link: 515.129513, Spread: 21.721625
Epoch 418/600, Total: 1399.280832, Node: 916.755262, Link: 482.310781, Spread: 21.479135
Epoch 419/600, Total: 1459.046263, Node: 935.260595, Link: 523.572977, Spread: 21.268027
Epoch 420/600, Total: 1415.645167, Node: 911.704770, Link: 503.725661, Spread: 21.473654
Epoch 421/600, Total: 1430.422560, Node: 924.856521, Link: 505.346169, Spread: 21.985725
Epoch 422/600, Total: 1433.651225, Node: 928.707234, Link: 504.724319, Spread: 21.968146
Epoch 423/600, Total: 1352.385396, Node: 896.782102, Link: 455.389478, Spread: 21.381767
Epoch 424/600, Total: 1417.399976, Node: 920.562181, Link: 496.615060, Spread: 22.274541
Epoch 425/600, Total: 1374.656742, Node: 908.573881, Link: 465.865993, Spread: 21.686659
Epoch 426/600, Total: 1399.191671, Node: 914.493870, Link: 484.480991, Spread: 21.681562
Epoch 427/600, Total: 1482.846999, Node: 943.805316, Link: 538.823530, Spread: 21.814492
Epoch 428/600, Total: 1420.430753, Node: 922.337975, Link: 497.877130, Spread: 21.567270
Epoch 429/600, Total: 1455.142020, Node: 939.007483, Link: 515.920007, Spread: 21.453387
Epoch 430/600, Total: 1391.835962, Node: 907.785573, Link: 483.834752, Spread: 21.564218
Epoch 431/600, Total: 1383.411294, Node: 915.145708, Link: 468.041509, Spread: 22.407289
Epoch 432/600, Total: 1405.452103, Node: 926.979624, Link: 478.259563, Spread: 21.290725
Epoch 433/600, Total: 1415.733113, Node: 919.228509, Link: 496.290044, Spread: 21.455491
Epoch 434/600, Total: 1418.497201, Node: 919.577126, Link: 498.710941, Spread: 20.913545
Epoch 435/600, Total: 1388.564382, Node: 909.541689, Link: 478.811156, Spread: 21.154997
Epoch 436/600, Total: 1382.748820, Node: 911.006759, Link: 471.530573, Spread: 21.148471
Epoch 437/600, Total: 1432.945159, Node: 930.187266, Link: 502.546193, Spread: 21.170017
Epoch 438/600, Total: 1585.769369, Node: 995.941464, Link: 589.617625, Spread: 21.029048
Epoch 439/600, Total: 1389.549902, Node: 911.693068, Link: 477.642219, Spread: 21.461697
Epoch 440/600, Total: 1390.531373, Node: 907.394380, Link: 482.919699, Spread: 21.729792
Epoch 441/600, Total: 1466.069642, Node: 926.683875, Link: 539.167438, Spread: 21.831788
Epoch 442/600, Total: 1456.351673, Node: 934.426542, Link: 521.695024, Spread: 23.010313
Epoch 443/600, Total: 1424.059804, Node: 928.588092, Link: 495.233585, Spread: 23.813749
Epoch 444/600, Total: 1418.355543, Node: 911.592068, Link: 506.545304, Spread: 21.817032
Epoch 445/600, Total: 1397.144727, Node: 904.955418, Link: 491.970658, Spread: 21.864119
Epoch 446/600, Total: 1380.229656, Node: 902.595974, Link: 477.408822, Spread: 22.485734
Epoch 447/600, Total: 1468.536739, Node: 940.455305, Link: 527.852151, Spread: 22.929481
Epoch 448/600, Total: 1437.805162, Node: 919.575368, Link: 517.996434, Spread: 23.334624
Epoch 449/600, Total: 1356.696005, Node: 894.262242, Link: 462.193325, Spread: 24.044107
Epoch 450/600, Total: 1380.102067, Node: 903.214477, Link: 476.641294, Spread: 24.630014
Epoch 451/600, Total: 1398.222361, Node: 909.551966, Link: 488.417066, Spread: 25.333078
Epoch 452/600, Total: 1419.340706, Node: 928.572221, Link: 490.513707, Spread: 25.477002
Epoch 453/600, Total: 1406.425295, Node: 916.034609, Link: 490.133436, Spread: 25.724265
Epoch 454/600, Total: 1458.213102, Node: 932.196633, Link: 525.752347, Spread: 26.413101
Epoch 455/600, Total: 1404.101895, Node: 915.666858, Link: 488.168929, Spread: 26.609837
Epoch 456/600, Total: 1344.113259, Node: 893.582236, Link: 450.257084, Spread: 27.392984
Epoch 457/600, Total: 1426.592889, Node: 919.149282, Link: 507.170357, Spread: 27.324101
Epoch 458/600, Total: 1415.759872, Node: 917.055011, Link: 498.431571, Spread: 27.328967
Epoch 459/600, Total: 1430.386942, Node: 923.476320, Link: 506.640636, Spread: 26.998476
Epoch 460/600, Total: 1393.464667, Node: 910.128894, Link: 483.060381, Spread: 27.539305
Epoch 461/600, Total: 1457.548875, Node: 933.779021, Link: 523.484913, Spread: 28.494967
Epoch 462/600, Total: 1401.772188, Node: 908.571266, Link: 492.911825, Spread: 28.910114
Epoch 463/600, Total: 1369.136430, Node: 897.484166, Link: 471.370914, Spread: 28.134736
Epoch 464/600, Total: 1367.525716, Node: 900.762087, Link: 466.473755, Spread: 28.987092
Epoch 465/600, Total: 1461.380019, Node: 936.137757, Link: 524.961881, Spread: 28.036930
Epoch 466/600, Total: 1382.635237, Node: 901.752131, Link: 480.599868, Spread: 28.324572
Epoch 467/600, Total: 1435.964853, Node: 924.630438, Link: 511.030983, Spread: 30.342896
Epoch 468/600, Total: 1371.371387, Node: 897.544789, Link: 473.518843, Spread: 30.776165
Epoch 469/600, Total: 1359.645294, Node: 892.565372, Link: 466.767189, Spread: 31.274017
Epoch 470/600, Total: 1434.990724, Node: 926.391153, Link: 508.302224, Spread: 29.734340
Epoch 471/600, Total: 1418.166142, Node: 910.281302, Link: 507.563270, Spread: 32.156867
Epoch 472/600, Total: 1405.136201, Node: 902.592373, Link: 502.234334, Spread: 30.949308
Epoch 473/600, Total: 1380.523531, Node: 897.074048, Link: 483.127515, Spread: 32.196566
Epoch 474/600, Total: 1477.485274, Node: 925.485992, Link: 551.679052, Spread: 32.021430
Epoch 475/600, Total: 1376.114482, Node: 897.151708, Link: 478.628264, Spread: 33.450105
Epoch 476/600, Total: 1409.639652, Node: 902.900584, Link: 506.397262, Spread: 34.181378
Epoch 477/600, Total: 1379.929674, Node: 897.766164, Link: 481.812391, Spread: 35.111820
Epoch 478/600, Total: 1359.932647, Node: 893.587949, Link: 465.971013, Spread: 37.368268
Epoch 479/600, Total: 1366.736606, Node: 901.055323, Link: 465.314847, Spread: 36.644096
Epoch 480/600, Total: 1422.624300, Node: 907.729562, Link: 514.531840, Spread: 36.289823
Epoch 481/600, Total: 1417.306769, Node: 917.995787, Link: 498.932149, Spread: 37.882877
Epoch 482/600, Total: 1405.517262, Node: 903.262644, Link: 501.878750, Spread: 37.587158
Epoch 483/600, Total: 1387.364574, Node: 903.215834, Link: 483.759543, Spread: 38.920842
Epoch 484/600, Total: 1465.998685, Node: 939.526996, Link: 526.080305, Spread: 39.139701
Epoch 485/600, Total: 1373.230347, Node: 908.508755, Link: 464.322287, Spread: 39.930727
Epoch 486/600, Total: 1415.841313, Node: 914.827183, Link: 500.612559, Spread: 40.155684
Epoch 487/600, Total: 1439.967057, Node: 925.318833, Link: 514.229165, Spread: 41.905890
Epoch 488/600, Total: 1454.746644, Node: 930.705285, Link: 523.617576, Spread: 42.379859
Epoch 489/600, Total: 1419.987490, Node: 908.079214, Link: 511.487532, Spread: 42.073271
Epoch 490/600, Total: 1422.945218, Node: 916.227378, Link: 506.297525, Spread: 42.030947
Epoch 491/600, Total: 1421.566911, Node: 919.926194, Link: 501.215278, Spread: 42.545165
Epoch 492/600, Total: 1415.973558, Node: 913.910093, Link: 501.631003, Spread: 43.245101
Epoch 493/600, Total: 1446.518897, Node: 922.499921, Link: 523.588057, Spread: 43.093446
Epoch 494/600, Total: 1404.082010, Node: 914.563062, Link: 489.084603, Spread: 43.434699
Epoch 495/600, Total: 1421.932421, Node: 917.844082, Link: 503.661583, Spread: 42.674868
Epoch 496/600, Total: 1480.719592, Node: 942.476623, Link: 537.809757, Spread: 43.320811
Epoch 497/600, Total: 1413.923688, Node: 916.426257, Link: 497.078596, Spread: 41.882747
Epoch 498/600, Total: 1372.194956, Node: 896.138040, Link: 475.641587, Spread: 41.533234
Epoch 499/600, Total: 1420.608345, Node: 919.003403, Link: 501.196794, Spread: 40.815359
Epoch 500/600, Total: 1418.999716, Node: 921.104741, Link: 497.472541, Spread: 42.243721
Epoch 501/600, Total: 1402.798250, Node: 917.410616, Link: 484.963362, Spread: 42.427808
Epoch 502/600, Total: 1440.278582, Node: 931.664277, Link: 508.200853, Spread: 41.344775
Epoch 503/600, Total: 1436.448960, Node: 920.162334, Link: 515.872565, Spread: 41.405580
Epoch 504/600, Total: 1397.578856, Node: 904.923959, Link: 492.207990, Spread: 44.689314
Epoch 505/600, Total: 1374.881790, Node: 894.080364, Link: 480.352303, Spread: 44.912047
Epoch 506/600, Total: 1401.495183, Node: 915.213348, Link: 485.815401, Spread: 46.642842
Epoch 507/600, Total: 1397.143956, Node: 916.686937, Link: 479.971611, Spread: 48.538815
Epoch 508/600, Total: 1395.888198, Node: 906.666097, Link: 488.730369, Spread: 49.173445
Epoch 509/600, Total: 1398.868605, Node: 910.980452, Link: 487.391896, Spread: 49.626191
Epoch 510/600, Total: 1400.693497, Node: 910.876124, Link: 489.313544, Spread: 50.382290
Epoch 511/600, Total: 1414.777224, Node: 916.452782, Link: 497.833268, Spread: 49.116440
Epoch 512/600, Total: 1376.105520, Node: 898.231088, Link: 477.354182, Spread: 52.025950
Epoch 513/600, Total: 1429.548661, Node: 921.270382, Link: 507.754736, Spread: 52.352881
Epoch 514/600, Total: 1409.891680, Node: 906.112901, Link: 503.249904, Spread: 52.886906
Epoch 515/600, Total: 1492.459094, Node: 960.768180, Link: 531.151577, Spread: 53.933502
Epoch 516/600, Total: 1426.255177, Node: 923.433285, Link: 502.263376, Spread: 55.851026
Epoch 517/600, Total: 1388.916978, Node: 907.176923, Link: 481.186982, Spread: 55.305905
Epoch 518/600, Total: 1416.069194, Node: 915.839364, Link: 499.671262, Spread: 55.855478
Epoch 519/600, Total: 1397.221589, Node: 915.079675, Link: 481.587200, Spread: 55.471684
Epoch 520/600, Total: 1457.195543, Node: 936.024819, Link: 520.644532, Spread: 52.619729
Epoch 521/600, Total: 1369.591249, Node: 892.570839, Link: 476.496836, Spread: 52.356306
Epoch 522/600, Total: 1448.179404, Node: 953.066498, Link: 494.580528, Spread: 53.237517
Epoch 523/600, Total: 1442.585724, Node: 936.958795, Link: 505.123511, Spread: 50.341098
Epoch 524/600, Total: 1394.072743, Node: 913.487471, Link: 480.087462, Spread: 49.782034
Epoch 525/600, Total: 1416.939673, Node: 922.655272, Link: 493.766768, Spread: 51.763374
Epoch 526/600, Total: 1397.800834, Node: 915.036049, Link: 482.226262, Spread: 53.853081
Epoch 527/600, Total: 1411.716266, Node: 916.880241, Link: 494.298948, Spread: 53.710068
Epoch 528/600, Total: 1442.322815, Node: 925.870153, Link: 515.904626, Spread: 54.804709
Epoch 529/600, Total: 1394.297776, Node: 912.361365, Link: 481.393322, Spread: 54.309133
Epoch 530/600, Total: 1397.019865, Node: 902.023059, Link: 494.452899, Spread: 54.389899
Epoch 531/600, Total: 1471.552375, Node: 937.590799, Link: 533.391823, Spread: 56.974902
Epoch 532/600, Total: 1401.497267, Node: 912.300867, Link: 488.624267, Spread: 57.213537
Epoch 533/600, Total: 1368.306209, Node: 902.499702, Link: 465.242989, Spread: 56.351722
Epoch 534/600, Total: 1364.581378, Node: 897.399127, Link: 466.639694, Spread: 54.255531
Epoch 535/600, Total: 1426.269689, Node: 928.982324, Link: 496.742339, Spread: 54.503612
Epoch 536/600, Total: 1470.688177, Node: 948.021750, Link: 522.128975, Spread: 53.744280
Epoch 537/600, Total: 1363.399112, Node: 897.253871, Link: 465.616294, Spread: 52.894831
Epoch 538/600, Total: 1429.379398, Node: 926.933895, Link: 501.908470, Spread: 53.701433
Epoch 539/600, Total: 1408.487792, Node: 917.262466, Link: 490.696408, Spread: 52.891149
Epoch 540/600, Total: 1421.106498, Node: 925.545587, Link: 495.043890, Spread: 51.703192
Epoch 541/600, Total: 1420.416057, Node: 920.523095, Link: 499.354833, Spread: 53.813634
Epoch 542/600, Total: 1395.214560, Node: 910.180798, Link: 484.481801, Spread: 55.194491
Epoch 543/600, Total: 1365.283462, Node: 897.085188, Link: 467.636754, Spread: 56.152393
Epoch 544/600, Total: 1403.299482, Node: 906.921837, Link: 495.795200, Spread: 58.245564
Epoch 545/600, Total: 1425.207111, Node: 912.330965, Link: 512.290271, Spread: 58.588074
Epoch 546/600, Total: 1406.651769, Node: 921.181908, Link: 484.906513, Spread: 56.333649
Epoch 547/600, Total: 1464.601308, Node: 940.888432, Link: 523.151402, Spread: 56.148169
Epoch 548/600, Total: 1399.994310, Node: 917.849881, Link: 481.593564, Spread: 55.085194
Epoch 549/600, Total: 1414.621695, Node: 917.490553, Link: 496.552714, Spread: 57.840323
Epoch 550/600, Total: 1418.091997, Node: 922.168845, Link: 495.324813, Spread: 59.833364
Epoch 551/600, Total: 1382.856696, Node: 900.352607, Link: 481.922617, Spread: 58.146512
Epoch 552/600, Total: 1432.464484, Node: 919.196804, Link: 512.670291, Spread: 59.738321
Epoch 553/600, Total: 1377.838858, Node: 907.595312, Link: 469.660604, Spread: 58.294555
Epoch 554/600, Total: 1451.373005, Node: 936.737529, Link: 514.078853, Spread: 55.661631
Epoch 555/600, Total: 1337.177348, Node: 890.645329, Link: 445.973553, Spread: 55.846142
Epoch 556/600, Total: 1379.048739, Node: 906.476360, Link: 472.010573, Spread: 56.180131
Epoch 557/600, Total: 1444.877717, Node: 939.123100, Link: 505.187667, Spread: 56.695295
Epoch 558/600, Total: 1403.459948, Node: 911.554928, Link: 491.320276, Spread: 58.475022
Epoch 559/600, Total: 1413.928014, Node: 921.977006, Link: 491.381246, Spread: 56.975198
Epoch 560/600, Total: 1475.862374, Node: 950.462870, Link: 524.821702, Spread: 57.780960
Epoch 561/600, Total: 1386.245263, Node: 907.097776, Link: 478.577239, Spread: 57.025705
Epoch 562/600, Total: 1381.868425, Node: 900.627125, Link: 480.668465, Spread: 57.283971
Epoch 563/600, Total: 1373.752499, Node: 902.780314, Link: 470.426949, Spread: 54.522039
Epoch 564/600, Total: 1395.781824, Node: 918.295802, Link: 476.950146, Spread: 53.587478
Epoch 565/600, Total: 1389.151886, Node: 912.013131, Link: 476.635570, Spread: 50.318000
Epoch 566/600, Total: 1373.163725, Node: 910.936298, Link: 461.704512, Spread: 52.291527
Epoch 567/600, Total: 1414.054374, Node: 919.032087, Link: 494.511394, Spread: 51.089064
Epoch 568/600, Total: 1434.352406, Node: 933.036798, Link: 500.847173, Spread: 46.842737
Epoch 569/600, Total: 1399.450119, Node: 919.281884, Link: 479.690226, Spread: 47.800667
Epoch 570/600, Total: 1445.033887, Node: 936.494289, Link: 508.053793, Spread: 48.580584
Epoch 571/600, Total: 1451.165402, Node: 934.814584, Link: 515.861524, Spread: 48.929950
Epoch 572/600, Total: 1385.509788, Node: 905.372757, Link: 479.648174, Spread: 48.885597
Epoch 573/600, Total: 1417.662335, Node: 923.712225, Link: 493.431082, Spread: 51.903976
Epoch 574/600, Total: 1384.891019, Node: 912.669044, Link: 471.730307, Spread: 49.167074
Epoch 575/600, Total: 1432.035211, Node: 930.021956, Link: 501.492249, Spread: 52.100829
Epoch 576/600, Total: 1407.483783, Node: 919.056536, Link: 487.937478, Spread: 48.977950
Epoch 577/600, Total: 1396.756077, Node: 915.319875, Link: 480.929534, Spread: 50.667459
Epoch 578/600, Total: 1439.178463, Node: 932.987775, Link: 505.696477, Spread: 49.421706
Epoch 579/600, Total: 1428.929123, Node: 927.833055, Link: 500.586713, Spread: 50.935773
Epoch 580/600, Total: 1392.728344, Node: 909.399487, Link: 482.794020, Spread: 53.485188
Epoch 581/600, Total: 1426.232400, Node: 930.800330, Link: 494.891773, Spread: 54.030179
Epoch 582/600, Total: 1400.969961, Node: 913.696365, Link: 486.732467, Spread: 54.112871
Epoch 583/600, Total: 1390.915721, Node: 912.605157, Link: 477.737231, Spread: 57.334746
Epoch 584/600, Total: 1430.963853, Node: 928.498894, Link: 501.931951, Spread: 53.300834
Epoch 585/600, Total: 1419.415429, Node: 925.459646, Link: 493.408689, Spread: 54.708357
Epoch 586/600, Total: 1420.498815, Node: 914.507844, Link: 505.464801, Spread: 52.617121
Epoch 587/600, Total: 1395.687155, Node: 913.562552, Link: 481.565824, Spread: 55.876761
Epoch 588/600, Total: 1355.736956, Node: 893.047603, Link: 462.128822, Spread: 56.053155
Epoch 589/600, Total: 1355.987666, Node: 899.821503, Link: 455.568748, Spread: 59.741409
Epoch 590/600, Total: 1448.238400, Node: 943.483110, Link: 504.144745, Spread: 61.055591
Epoch 591/600, Total: 1455.460243, Node: 953.014717, Link: 501.833325, Spread: 61.220310
Epoch 592/600, Total: 1445.936256, Node: 943.490006, Link: 501.871922, Spread: 57.433261
Epoch 593/600, Total: 1446.544311, Node: 933.303580, Link: 512.678958, Spread: 56.177292
Epoch 594/600, Total: 1405.774209, Node: 912.077336, Link: 493.109376, Spread: 58.749268
Epoch 595/600, Total: 1410.064392, Node: 910.955712, Link: 498.508833, Spread: 59.985468
Epoch 596/600, Total: 1392.286268, Node: 917.208675, Link: 474.451615, Spread: 62.597768
Epoch 597/600, Total: 1441.655794, Node: 934.861365, Link: 506.197183, Spread: 59.726246
Epoch 598/600, Total: 1408.439528, Node: 920.713528, Link: 487.103879, Spread: 62.212475
Epoch 599/600, Total: 1408.603550, Node: 919.446226, Link: 488.530690, Spread: 62.664916
Epoch 600/600, Total: 1395.217838, Node: 921.515097, Link: 473.076028, Spread: 62.671653
Saved sweep result to: /homes/dameyer/ml-for-wdn-project-4/results/aggregated/gnn_training_sweep/net1_buffer=25_rollout=10_seed=42.json
Table value: 921.515097
