Filter:    ekf
Job:       240632
Array ID:  1
Seed:      43
Host:      assistant-1.GPU.CIT-EC.NET
Dataset:   hanoi

Running Hanoi GNN EKF: 24 sensor counts × 1 sensor placements
2 sensors/type: 1.1011 ± 0.3108
3 sensors/type: 1.2081 ± 0.3243
4 sensors/type: 1.0294 ± 0.3008
5 sensors/type: 0.9984 ± 0.2798
6 sensors/type: 1.0078 ± 0.2734
7 sensors/type: 1.0247 ± 0.2731
8 sensors/type: 0.9592 ± 0.2593
9 sensors/type: 0.9672 ± 0.2566
10 sensors/type: 1.0189 ± 0.2824
11 sensors/type: 0.9534 ± 0.2661
12 sensors/type: 0.9325 ± 0.2449
13 sensors/type: 0.9235 ± 0.2716
14 sensors/type: 0.9100 ± 0.2666
15 sensors/type: 0.9293 ± 0.2709
16 sensors/type: 0.9057 ± 0.2662
17 sensors/type: 0.9124 ± 0.2680
18 sensors/type: 0.8508 ± 0.2468
19 sensors/type: 0.8760 ± 0.2555
20 sensors/type: 0.8798 ± 0.2611
21 sensors/type: 0.8943 ± 0.2646
22 sensors/type: 0.8537 ± 0.2659
23 sensors/type: 0.8650 ± 0.2486
24 sensors/type: 0.8580 ± 0.2633
25 sensors/type: 0.8305 ± 0.2514
Saved gnn EKF result to: /homes/dameyer/ml-for-wdn-project-4/results/aggregated/hanoi_gnn_ekf_n_iters=1_seed=43.npz
