Filter:    enkf
Job:       241110
Array ID:  11
Seed:      53
Host:      assistant-4.GPU.CIT-EC.NET
Dataset:   hanoi

Running Hanoi GNN EnKF: 24 sensor counts × 1 sensor placements
2 sensors/type: 1.2767 ± 0.3237
3 sensors/type: 1.1349 ± 0.3066
4 sensors/type: 1.0434 ± 0.2834
5 sensors/type: 1.0177 ± 0.2578
6 sensors/type: 1.0462 ± 0.2678
7 sensors/type: 0.9889 ± 0.2550
8 sensors/type: 0.9903 ± 0.2543
9 sensors/type: 0.9915 ± 0.2451
10 sensors/type: 0.9648 ± 0.2446
11 sensors/type: 0.9836 ± 0.2514
12 sensors/type: 1.0502 ± 0.2643
13 sensors/type: 0.9536 ± 0.2562
14 sensors/type: 0.9322 ± 0.2707
15 sensors/type: 0.8706 ± 0.2293
16 sensors/type: 0.8824 ± 0.2305
17 sensors/type: 0.9228 ± 0.2630
18 sensors/type: 0.8988 ± 0.2457
19 sensors/type: 0.8729 ± 0.2502
20 sensors/type: 0.8655 ± 0.2416
21 sensors/type: 0.8703 ± 0.2445
22 sensors/type: 0.8540 ± 0.2442
23 sensors/type: 0.8416 ± 0.2438
24 sensors/type: 0.8484 ± 0.2560
25 sensors/type: 0.8686 ± 0.2437
Saved gnn EnKF result to: /homes/dameyer/ml-for-wdn-project-4/results/aggregated/hanoi_gnn_enkf_n_iters=1_ensemble_size=50_seed=53.npz
