================================
GNN training sweep
Job ID: 242694
Task ID: 23
Buffer size: 15
Rollout length: 25
================================
Running GNN sweep: dataset=Net1, buffer=15, rollout=25
Epoch 1/600, Total: 4367.158348, Node: 1899.916629, Link: 2465.922520, Spread: 131.920737
Epoch 2/600, Total: 2259.082720, Node: 1279.854719, Link: 977.690415, Spread: 153.760198
Epoch 3/600, Total: 1958.701059, Node: 1220.986247, Link: 736.008964, Spread: 170.587379
Epoch 4/600, Total: 1933.138779, Node: 1192.176590, Link: 739.333580, Spread: 162.861861
Epoch 5/600, Total: 1902.651760, Node: 1163.535630, Link: 737.553526, Spread: 156.262565
Epoch 6/600, Total: 1888.195236, Node: 1150.276720, Link: 736.429553, Spread: 148.898812
Epoch 7/600, Total: 1871.766895, Node: 1138.309923, Link: 732.038946, Spread: 141.801510
Epoch 8/600, Total: 1848.656155, Node: 1113.366160, Link: 733.948608, Spread: 134.138565
Epoch 9/600, Total: 1831.055607, Node: 1099.464143, Link: 730.315135, Spread: 127.631181
Epoch 10/600, Total: 1815.624016, Node: 1085.176811, Link: 729.234192, Spread: 121.303159
Epoch 11/600, Total: 1802.075747, Node: 1074.229788, Link: 726.691981, Spread: 115.400351
Epoch 12/600, Total: 1797.498764, Node: 1072.860527, Link: 723.532062, Spread: 110.617259
Epoch 13/600, Total: 1780.445211, Node: 1054.613435, Link: 724.768238, Spread: 106.353471
Epoch 14/600, Total: 1779.176510, Node: 1052.039653, Link: 726.121974, Spread: 101.492408
Epoch 15/600, Total: 1767.075983, Node: 1035.668359, Link: 730.465067, Spread: 94.252743
Epoch 16/600, Total: 1757.949492, Node: 1030.358220, Link: 726.719699, Spread: 87.156349
Epoch 17/600, Total: 1748.770016, Node: 1027.522430, Link: 720.426465, Spread: 82.114472
Epoch 18/600, Total: 1758.862156, Node: 1032.969918, Link: 725.124977, Spread: 76.727200
Epoch 19/600, Total: 1747.491428, Node: 1031.013519, Link: 715.751821, Spread: 72.607282
Epoch 20/600, Total: 1748.452702, Node: 1028.914543, Link: 718.848537, Spread: 68.961096
Epoch 21/600, Total: 1738.336670, Node: 1018.816605, Link: 718.872110, Spread: 64.798487
Epoch 22/600, Total: 1730.468536, Node: 1012.206245, Link: 717.658407, Spread: 60.389868
Epoch 23/600, Total: 1729.897230, Node: 1011.504358, Link: 717.821479, Spread: 57.142365
Epoch 24/600, Total: 1731.954809, Node: 1018.628555, Link: 712.778462, Spread: 54.779974
Epoch 25/600, Total: 1728.014402, Node: 1017.442549, Link: 710.048635, Spread: 52.322281
Epoch 26/600, Total: 1725.495892, Node: 1016.898621, Link: 708.092497, Spread: 50.478852
Epoch 27/600, Total: 1732.455750, Node: 1019.232529, Link: 712.750533, Spread: 47.266938
Epoch 28/600, Total: 1721.182051, Node: 1011.018653, Link: 709.715657, Spread: 44.777045
Epoch 29/600, Total: 1717.818810, Node: 1010.689155, Link: 706.711046, Spread: 41.863757
Epoch 30/600, Total: 1736.657328, Node: 1026.613850, Link: 709.643960, Spread: 39.954668
Epoch 31/600, Total: 1724.737669, Node: 1016.389465, Link: 707.975964, Spread: 37.225545
Epoch 32/600, Total: 1711.735168, Node: 1008.160325, Link: 703.218599, Spread: 35.624302
Epoch 33/600, Total: 1721.194447, Node: 1007.029241, Link: 713.822464, Spread: 34.274225
Epoch 34/600, Total: 1713.141649, Node: 997.065637, Link: 715.755643, Spread: 32.037647
Epoch 35/600, Total: 1712.190090, Node: 1003.911409, Link: 707.976120, Spread: 30.252663
Epoch 36/600, Total: 1728.796637, Node: 1016.019397, Link: 712.493802, Spread: 28.346132
Epoch 37/600, Total: 1728.017555, Node: 1007.011281, Link: 720.739832, Spread: 26.641620
Epoch 38/600, Total: 1729.366253, Node: 1001.605110, Link: 727.514594, Spread: 24.656291
Epoch 39/600, Total: 1721.996048, Node: 1002.298436, Link: 719.467011, Spread: 23.058284
Epoch 40/600, Total: 1709.527042, Node: 997.932228, Link: 711.373414, Spread: 22.141087
Epoch 41/600, Total: 1724.266333, Node: 992.285829, Link: 731.777359, Spread: 20.310092
Epoch 42/600, Total: 1703.898060, Node: 995.440543, Link: 708.264732, Spread: 19.282068
Epoch 43/600, Total: 1700.330490, Node: 989.728888, Link: 710.423998, Spread: 17.764099
Epoch 44/600, Total: 1703.991369, Node: 987.223630, Link: 716.603003, Spread: 16.472091
Epoch 45/600, Total: 1704.614292, Node: 993.805076, Link: 710.653681, Spread: 15.555032
Epoch 46/600, Total: 1711.078081, Node: 991.826592, Link: 719.108265, Spread: 14.318515
Epoch 47/600, Total: 1696.066374, Node: 983.212316, Link: 712.719854, Spread: 13.419756
Epoch 48/600, Total: 1708.907606, Node: 990.603106, Link: 718.179987, Spread: 12.451568
Epoch 49/600, Total: 1699.896589, Node: 991.387319, Link: 708.389888, Spread: 11.935305
Epoch 50/600, Total: 1700.526447, Node: 991.657839, Link: 708.753796, Spread: 11.476800
Epoch 51/600, Total: 1697.510656, Node: 990.183175, Link: 707.216938, Spread: 11.055310
Epoch 52/600, Total: 1680.502621, Node: 977.381064, Link: 703.015505, Spread: 10.607207
Epoch 53/600, Total: 1681.703222, Node: 977.371797, Link: 704.227526, Spread: 10.390785
Epoch 54/600, Total: 1674.663614, Node: 971.545601, Link: 703.017026, Spread: 10.095820
Epoch 55/600, Total: 1677.992161, Node: 973.884840, Link: 704.008724, Spread: 9.857524
Epoch 56/600, Total: 1679.625816, Node: 977.288668, Link: 702.241570, Spread: 9.553702
Epoch 57/600, Total: 1677.928734, Node: 973.292723, Link: 704.544789, Spread: 9.120300
Epoch 58/600, Total: 1671.679388, Node: 970.765738, Link: 700.825568, Spread: 8.808705
Epoch 59/600, Total: 1679.733656, Node: 976.239580, Link: 703.408599, Spread: 8.546898
Epoch 60/600, Total: 1674.909615, Node: 974.285853, Link: 700.542205, Spread: 8.155283
Epoch 61/600, Total: 1682.750725, Node: 979.140685, Link: 703.530824, Spread: 7.920479
Epoch 62/600, Total: 1687.883129, Node: 974.276136, Link: 713.531234, Spread: 7.574215
Epoch 63/600, Total: 1687.653019, Node: 972.977837, Link: 714.602750, Spread: 7.241572
Epoch 64/600, Total: 1691.329762, Node: 976.817059, Link: 714.442818, Spread: 6.989858
Epoch 65/600, Total: 1707.217409, Node: 984.050970, Link: 723.100036, Spread: 6.638480
Epoch 66/600, Total: 1709.547768, Node: 982.801141, Link: 726.683555, Spread: 6.308366
Epoch 67/600, Total: 1689.446859, Node: 967.293545, Link: 722.093335, Spread: 6.000491
Epoch 68/600, Total: 1682.065273, Node: 971.834221, Link: 710.173779, Spread: 5.727940
Epoch 69/600, Total: 1689.091867, Node: 973.448315, Link: 715.589112, Spread: 5.443204
Epoch 70/600, Total: 1681.565804, Node: 963.809980, Link: 717.704134, Spread: 5.168527
Epoch 71/600, Total: 1671.145517, Node: 962.810790, Link: 708.285282, Spread: 4.944176
Epoch 72/600, Total: 1690.535612, Node: 965.045592, Link: 725.442874, Spread: 4.719018
Epoch 73/600, Total: 1677.733130, Node: 968.084306, Link: 709.603930, Spread: 4.492710
Epoch 74/600, Total: 1708.649473, Node: 974.812147, Link: 733.794325, Spread: 4.296673
Epoch 75/600, Total: 1698.590578, Node: 975.865818, Link: 722.683456, Spread: 4.130874
Epoch 76/600, Total: 1700.981251, Node: 970.653938, Link: 730.287105, Spread: 4.021303
Epoch 77/600, Total: 1694.316444, Node: 969.159444, Link: 725.117949, Spread: 3.906486
Epoch 78/600, Total: 1700.949221, Node: 979.193635, Link: 721.717914, Spread: 3.765494
Epoch 79/600, Total: 1710.365200, Node: 987.352873, Link: 722.976428, Spread: 3.590637
Epoch 80/600, Total: 1688.483658, Node: 964.872155, Link: 723.576796, Spread: 3.471989
Epoch 81/600, Total: 1693.768047, Node: 976.163695, Link: 717.570864, Spread: 3.349793
Epoch 82/600, Total: 1704.142365, Node: 982.012188, Link: 722.097439, Spread: 3.274048
Epoch 83/600, Total: 1689.514023, Node: 960.617371, Link: 728.865072, Spread: 3.160739
Epoch 84/600, Total: 1674.319887, Node: 961.774692, Link: 712.514478, Spread: 3.071201
Epoch 85/600, Total: 1709.108749, Node: 979.902324, Link: 729.176285, Spread: 3.015551
Epoch 86/600, Total: 1690.170429, Node: 970.450483, Link: 719.690759, Spread: 2.918106
Epoch 87/600, Total: 1690.249279, Node: 966.330002, Link: 723.890716, Spread: 2.855140
Epoch 88/600, Total: 1695.222542, Node: 975.141581, Link: 720.053077, Spread: 2.789964
Epoch 89/600, Total: 1699.017340, Node: 977.938784, Link: 721.051181, Spread: 2.738481
Epoch 90/600, Total: 1673.478321, Node: 960.410672, Link: 713.041226, Spread: 2.643758
Epoch 91/600, Total: 1678.364374, Node: 962.088880, Link: 716.249899, Spread: 2.559742
Epoch 92/600, Total: 1714.127045, Node: 985.732637, Link: 728.368767, Spread: 2.563684
Epoch 93/600, Total: 1677.808916, Node: 966.591431, Link: 711.192839, Spread: 2.462846
Epoch 94/600, Total: 1678.407200, Node: 959.303684, Link: 719.079156, Spread: 2.437854
Epoch 95/600, Total: 1689.573439, Node: 967.169710, Link: 722.379874, Spread: 2.383244
Epoch 96/600, Total: 1694.152321, Node: 978.621367, Link: 715.506690, Spread: 2.427185
Epoch 97/600, Total: 1680.779518, Node: 967.070641, Link: 713.685878, Spread: 2.298760
Epoch 98/600, Total: 1692.381924, Node: 977.050844, Link: 715.307328, Spread: 2.376074
Epoch 99/600, Total: 1684.950237, Node: 968.438911, Link: 716.489193, Spread: 2.216100
Epoch 100/600, Total: 1698.236534, Node: 960.817430, Link: 737.397781, Spread: 2.131564
Epoch 101/600, Total: 1678.305563, Node: 962.463866, Link: 715.821004, Spread: 2.068004
Epoch 102/600, Total: 1701.449987, Node: 968.330008, Link: 733.099453, Spread: 2.048714
Epoch 103/600, Total: 1678.513285, Node: 965.364888, Link: 713.128733, Spread: 1.967022
Epoch 104/600, Total: 1671.551359, Node: 956.991515, Link: 714.540171, Spread: 1.965065
Epoch 105/600, Total: 1669.442621, Node: 958.014346, Link: 711.409096, Spread: 1.917943
Epoch 106/600, Total: 1682.635582, Node: 960.400543, Link: 722.216516, Spread: 1.850227
Epoch 107/600, Total: 1676.704081, Node: 957.475819, Link: 719.210287, Spread: 1.799613
Epoch 108/600, Total: 1678.569763, Node: 965.719777, Link: 712.832334, Spread: 1.767667
Epoch 109/600, Total: 1683.786409, Node: 962.214360, Link: 721.554650, Spread: 1.743394
Epoch 110/600, Total: 1685.306664, Node: 957.527711, Link: 727.761785, Spread: 1.718684
Epoch 111/600, Total: 1686.760527, Node: 966.811319, Link: 719.931949, Spread: 1.726015
Epoch 112/600, Total: 1680.257240, Node: 957.181138, Link: 723.059420, Spread: 1.671933
Epoch 113/600, Total: 1677.437883, Node: 959.305263, Link: 718.116283, Spread: 1.632634
Epoch 114/600, Total: 1676.328733, Node: 957.418167, Link: 718.894257, Spread: 1.629551
Epoch 115/600, Total: 1687.643192, Node: 966.668841, Link: 720.958348, Spread: 1.600675
Epoch 116/600, Total: 1677.352530, Node: 964.832109, Link: 712.504657, Spread: 1.577285
Epoch 117/600, Total: 1683.978283, Node: 968.963885, Link: 714.998773, Spread: 1.568035
Epoch 118/600, Total: 1671.598721, Node: 960.202069, Link: 711.381080, Spread: 1.558942
Epoch 119/600, Total: 1696.273561, Node: 970.844519, Link: 725.413651, Spread: 1.540364
Epoch 120/600, Total: 1676.829582, Node: 962.589437, Link: 714.224696, Spread: 1.539140
Epoch 121/600, Total: 1689.551922, Node: 961.973019, Link: 727.563698, Spread: 1.519784
Epoch 122/600, Total: 1675.772341, Node: 959.955974, Link: 715.801313, Spread: 1.503562
Epoch 123/600, Total: 1679.477318, Node: 960.422858, Link: 719.039777, Spread: 1.469965
Epoch 124/600, Total: 1667.648800, Node: 955.671489, Link: 711.962855, Spread: 1.444459
Epoch 125/600, Total: 1665.581713, Node: 953.579300, Link: 711.988220, Spread: 1.421903
Epoch 126/600, Total: 1675.541290, Node: 958.335077, Link: 717.192159, Spread: 1.405985
Epoch 127/600, Total: 1674.666313, Node: 956.738125, Link: 717.914211, Spread: 1.398074
Epoch 128/600, Total: 1672.526522, Node: 955.279809, Link: 717.232884, Spread: 1.380022
Epoch 129/600, Total: 1681.783424, Node: 962.608614, Link: 719.161117, Spread: 1.374879
Epoch 130/600, Total: 1667.101131, Node: 955.630318, Link: 711.457114, Spread: 1.368159
Epoch 131/600, Total: 1678.380587, Node: 971.388938, Link: 706.977624, Spread: 1.401861
Epoch 132/600, Total: 1672.594593, Node: 970.576642, Link: 702.003936, Spread: 1.400484
Epoch 133/600, Total: 1678.478901, Node: 972.221536, Link: 706.243856, Spread: 1.350635
Epoch 134/600, Total: 1690.440762, Node: 988.808885, Link: 701.617699, Spread: 1.417876
Epoch 135/600, Total: 1666.573492, Node: 961.761906, Link: 704.798111, Spread: 1.347637
Epoch 136/600, Total: 1681.412207, Node: 973.011393, Link: 708.387432, Spread: 1.338094
Epoch 137/600, Total: 1661.962917, Node: 962.794313, Link: 699.154873, Spread: 1.378789
Epoch 138/600, Total: 1673.804071, Node: 974.049970, Link: 699.740055, Spread: 1.402999
Epoch 139/600, Total: 1655.557663, Node: 956.259647, Link: 699.284321, Spread: 1.369771
Epoch 140/600, Total: 1660.258930, Node: 961.145527, Link: 699.099773, Spread: 1.365644
Epoch 141/600, Total: 1665.740108, Node: 962.055989, Link: 703.670719, Spread: 1.341039
Epoch 142/600, Total: 1687.465219, Node: 969.234329, Link: 718.217901, Spread: 1.297425
Epoch 143/600, Total: 1683.827291, Node: 965.622062, Link: 718.192006, Spread: 1.319230
Epoch 144/600, Total: 1685.046820, Node: 967.779159, Link: 717.254738, Spread: 1.293540
Epoch 145/600, Total: 1690.326309, Node: 966.838446, Link: 723.474764, Spread: 1.311808
Epoch 146/600, Total: 1672.777794, Node: 955.510238, Link: 717.254719, Spread: 1.286687
Epoch 147/600, Total: 1685.530085, Node: 963.529763, Link: 721.987617, Spread: 1.271451
Epoch 148/600, Total: 1684.565325, Node: 967.124111, Link: 717.428474, Spread: 1.274256
Epoch 149/600, Total: 1678.308235, Node: 962.853429, Link: 715.441959, Spread: 1.282926
Epoch 150/600, Total: 1666.738165, Node: 953.376523, Link: 713.348836, Spread: 1.283080
Epoch 151/600, Total: 1683.574072, Node: 958.799427, Link: 724.761881, Spread: 1.281661
Epoch 152/600, Total: 1673.689413, Node: 954.114030, Link: 719.562434, Spread: 1.295556
Epoch 153/600, Total: 1672.011007, Node: 955.890428, Link: 716.107735, Spread: 1.284794
Epoch 154/600, Total: 1678.434481, Node: 962.312780, Link: 716.108740, Spread: 1.298131
Epoch 155/600, Total: 1688.910259, Node: 971.612309, Link: 717.285075, Spread: 1.291710
Epoch 156/600, Total: 1685.577978, Node: 962.323647, Link: 723.241196, Spread: 1.312066
Epoch 157/600, Total: 1693.916254, Node: 973.466515, Link: 720.436655, Spread: 1.314660
Epoch 158/600, Total: 1681.628662, Node: 959.600494, Link: 722.014978, Spread: 1.317576
Epoch 159/600, Total: 1676.090752, Node: 964.889573, Link: 711.188196, Spread: 1.301108
Epoch 160/600, Total: 1681.673052, Node: 971.472993, Link: 710.186784, Spread: 1.326086
Epoch 161/600, Total: 1694.602013, Node: 975.220278, Link: 719.368881, Spread: 1.288433
Epoch 162/600, Total: 1688.209677, Node: 965.284636, Link: 722.912000, Spread: 1.302797
Epoch 163/600, Total: 1682.092764, Node: 960.568024, Link: 721.511571, Spread: 1.315550
Epoch 164/600, Total: 1675.646582, Node: 964.808434, Link: 710.825220, Spread: 1.292692
Epoch 165/600, Total: 1673.727293, Node: 961.550817, Link: 712.163393, Spread: 1.309173
Epoch 166/600, Total: 1677.328297, Node: 960.876290, Link: 716.438931, Spread: 1.305215
Epoch 167/600, Total: 1691.843973, Node: 971.399096, Link: 720.431719, Spread: 1.314247
Epoch 168/600, Total: 1678.201284, Node: 959.035702, Link: 719.152621, Spread: 1.295452
Epoch 169/600, Total: 1676.420393, Node: 959.306292, Link: 717.101179, Spread: 1.290264
Epoch 170/600, Total: 1679.129784, Node: 963.225022, Link: 715.891586, Spread: 1.318064
Epoch 171/600, Total: 1687.401257, Node: 962.481371, Link: 724.906880, Spread: 1.301188
Epoch 172/600, Total: 1665.071770, Node: 953.300652, Link: 711.758082, Spread: 1.303230
Epoch 173/600, Total: 1675.611452, Node: 961.414069, Link: 714.184109, Spread: 1.326226
Epoch 174/600, Total: 1684.007742, Node: 961.817129, Link: 722.177550, Spread: 1.310328
Epoch 175/600, Total: 1672.143963, Node: 957.604925, Link: 714.525699, Spread: 1.330125
Epoch 176/600, Total: 1680.866392, Node: 958.678551, Link: 722.174750, Spread: 1.308479
Epoch 177/600, Total: 1668.166641, Node: 959.465057, Link: 708.688184, Spread: 1.339607
Epoch 178/600, Total: 1670.953259, Node: 960.594072, Link: 710.345535, Spread: 1.368163
Epoch 179/600, Total: 1668.835083, Node: 958.964929, Link: 709.856766, Spread: 1.338945
Epoch 180/600, Total: 1684.234249, Node: 956.645119, Link: 727.575682, Spread: 1.343721
Epoch 181/600, Total: 1697.449570, Node: 971.335055, Link: 726.100810, Spread: 1.370182
Epoch 182/600, Total: 1679.108004, Node: 963.535300, Link: 715.558879, Spread: 1.384517
Epoch 183/600, Total: 1662.696634, Node: 957.613236, Link: 705.069709, Spread: 1.365217
Epoch 184/600, Total: 1675.122919, Node: 963.502203, Link: 711.606712, Spread: 1.400692
Epoch 185/600, Total: 1666.175053, Node: 954.068353, Link: 712.092981, Spread: 1.369968
Epoch 186/600, Total: 1685.184484, Node: 971.564009, Link: 713.606820, Spread: 1.361011
Epoch 187/600, Total: 1686.791830, Node: 958.135223, Link: 728.643060, Spread: 1.356158
Epoch 188/600, Total: 1676.002083, Node: 962.013660, Link: 713.974517, Spread: 1.388663
Epoch 189/600, Total: 1673.071407, Node: 957.221212, Link: 715.836552, Spread: 1.364385
Epoch 190/600, Total: 1682.373112, Node: 964.873537, Link: 717.486185, Spread: 1.336695
Epoch 191/600, Total: 1704.014433, Node: 981.277618, Link: 722.723696, Spread: 1.313454
Epoch 192/600, Total: 1699.838081, Node: 984.927625, Link: 714.897407, Spread: 1.306418
Epoch 193/600, Total: 1705.624863, Node: 980.786488, Link: 724.825465, Spread: 1.288370
Epoch 194/600, Total: 1737.788277, Node: 1015.068384, Link: 722.707064, Spread: 1.283072
Epoch 195/600, Total: 1700.066664, Node: 994.078835, Link: 705.974688, Spread: 1.316254
Epoch 196/600, Total: 1701.310511, Node: 972.331158, Link: 728.966353, Spread: 1.298755
Epoch 197/600, Total: 1665.589619, Node: 954.014092, Link: 711.562226, Spread: 1.330662
Epoch 198/600, Total: 1671.578550, Node: 957.288366, Link: 714.276917, Spread: 1.326777
Epoch 199/600, Total: 1697.302544, Node: 983.450741, Link: 713.839014, Spread: 1.277532
Epoch 200/600, Total: 1705.774035, Node: 985.323066, Link: 720.438032, Spread: 1.291625
Epoch 201/600, Total: 1690.651796, Node: 980.095600, Link: 710.543966, Spread: 1.224659
Epoch 202/600, Total: 1680.709232, Node: 972.611706, Link: 708.085228, Spread: 1.225526
Epoch 203/600, Total: 1701.514477, Node: 978.529249, Link: 722.972673, Spread: 1.255375
Epoch 204/600, Total: 1690.725727, Node: 977.864517, Link: 712.848608, Spread: 1.258507
Epoch 205/600, Total: 1705.351751, Node: 970.879782, Link: 734.459513, Spread: 1.243171
Epoch 206/600, Total: 1703.646132, Node: 981.082046, Link: 722.551508, Spread: 1.259412
Epoch 207/600, Total: 1712.536919, Node: 966.064326, Link: 746.459750, Spread: 1.284528
Epoch 208/600, Total: 1672.312374, Node: 960.667416, Link: 711.632523, Spread: 1.244506
Epoch 209/600, Total: 1661.174675, Node: 950.741896, Link: 710.420225, Spread: 1.255130
Epoch 210/600, Total: 1675.259274, Node: 963.050554, Link: 712.196300, Spread: 1.241781
Epoch 211/600, Total: 1675.792458, Node: 965.119093, Link: 710.660961, Spread: 1.238012
Epoch 212/600, Total: 1667.187487, Node: 956.620689, Link: 710.554359, Spread: 1.245933
Epoch 213/600, Total: 1671.490002, Node: 958.283221, Link: 713.194395, Spread: 1.236986
Epoch 214/600, Total: 1679.172895, Node: 968.437207, Link: 710.723456, Spread: 1.223931
Epoch 215/600, Total: 1677.249403, Node: 966.105421, Link: 711.131739, Spread: 1.225226
Epoch 216/600, Total: 1680.854013, Node: 969.014294, Link: 711.827388, Spread: 1.230797
Epoch 217/600, Total: 1672.823263, Node: 963.126248, Link: 709.684756, Spread: 1.223913
Epoch 218/600, Total: 1674.557339, Node: 961.757250, Link: 712.787564, Spread: 1.247325
Epoch 219/600, Total: 1679.396872, Node: 967.222957, Link: 712.161617, Spread: 1.228967
Epoch 220/600, Total: 1666.134716, Node: 957.363878, Link: 708.758553, Spread: 1.229348
Epoch 221/600, Total: 1668.622648, Node: 958.730267, Link: 709.880089, Spread: 1.230652
Epoch 222/600, Total: 1671.434277, Node: 960.181475, Link: 711.240433, Spread: 1.239384
Epoch 223/600, Total: 1674.564817, Node: 964.713236, Link: 709.839263, Spread: 1.230185
Epoch 224/600, Total: 1664.440817, Node: 953.431287, Link: 710.997183, Spread: 1.237178
Epoch 225/600, Total: 1665.633827, Node: 953.891937, Link: 711.729671, Spread: 1.226579
Epoch 226/600, Total: 1661.931978, Node: 952.647639, Link: 709.272014, Spread: 1.234107
Epoch 227/600, Total: 1672.686974, Node: 960.134932, Link: 712.539743, Spread: 1.229710
Epoch 228/600, Total: 1659.917120, Node: 950.337121, Link: 709.567758, Spread: 1.227579
Epoch 229/600, Total: 1665.715614, Node: 954.592245, Link: 711.111117, Spread: 1.223980
Epoch 230/600, Total: 1677.887434, Node: 966.943371, Link: 710.931707, Spread: 1.237220
Epoch 231/600, Total: 1690.534561, Node: 979.952989, Link: 710.569420, Spread: 1.217315
Epoch 232/600, Total: 1660.728182, Node: 951.008644, Link: 709.706985, Spread: 1.254009
Epoch 233/600, Total: 1671.513981, Node: 960.935818, Link: 710.565692, Spread: 1.246847
Epoch 234/600, Total: 1665.568264, Node: 953.983279, Link: 711.572502, Spread: 1.249560
Epoch 235/600, Total: 1675.021322, Node: 964.105927, Link: 710.902842, Spread: 1.259360
Epoch 236/600, Total: 1685.378298, Node: 964.083863, Link: 721.282045, Spread: 1.237269
Epoch 237/600, Total: 1663.805099, Node: 953.982024, Link: 709.810755, Spread: 1.232235
Epoch 238/600, Total: 1672.445314, Node: 961.604521, Link: 710.828337, Spread: 1.244703
Epoch 239/600, Total: 1686.971632, Node: 973.820446, Link: 713.139035, Spread: 1.216806
Epoch 240/600, Total: 1664.038048, Node: 953.870164, Link: 710.155373, Spread: 1.252517
Epoch 241/600, Total: 1658.584177, Node: 944.027007, Link: 714.544546, Spread: 1.264691
Epoch 242/600, Total: 1668.489328, Node: 956.091778, Link: 712.384908, Spread: 1.262852
Epoch 243/600, Total: 1663.985853, Node: 954.414871, Link: 709.558482, Spread: 1.251237
Epoch 244/600, Total: 1661.179741, Node: 950.664803, Link: 710.502468, Spread: 1.248214
Epoch 245/600, Total: 1679.023594, Node: 965.324797, Link: 713.686102, Spread: 1.265981
Epoch 246/600, Total: 1707.513327, Node: 980.444690, Link: 727.056010, Spread: 1.262830
Epoch 247/600, Total: 1663.826153, Node: 954.174299, Link: 709.639277, Spread: 1.256081
Epoch 248/600, Total: 1669.427113, Node: 960.008678, Link: 709.405977, Spread: 1.244402
Epoch 249/600, Total: 1660.857824, Node: 951.698694, Link: 709.146575, Spread: 1.253752
Epoch 250/600, Total: 1664.571562, Node: 955.184632, Link: 709.374341, Spread: 1.260110
Epoch 251/600, Total: 1663.842817, Node: 953.163716, Link: 710.666465, Spread: 1.263088
Epoch 252/600, Total: 1667.374319, Node: 955.884204, Link: 711.477462, Spread: 1.264807
Epoch 253/600, Total: 1653.685383, Node: 943.786213, Link: 709.886634, Spread: 1.254607
Epoch 254/600, Total: 1672.950605, Node: 958.853595, Link: 714.084701, Spread: 1.229736
Epoch 255/600, Total: 1674.594267, Node: 962.406054, Link: 712.176003, Spread: 1.222686
Epoch 256/600, Total: 1684.949722, Node: 970.766231, Link: 714.171284, Spread: 1.222443
Epoch 257/600, Total: 1685.873940, Node: 972.926933, Link: 712.934726, Spread: 1.224889
Epoch 258/600, Total: 1686.964363, Node: 969.474765, Link: 717.477395, Spread: 1.221694
Epoch 259/600, Total: 1669.276524, Node: 958.219808, Link: 711.044463, Spread: 1.228137
Epoch 260/600, Total: 1669.994904, Node: 958.369449, Link: 711.613233, Spread: 1.223174
Epoch 261/600, Total: 1668.079464, Node: 958.167083, Link: 709.900044, Spread: 1.232574
Epoch 262/600, Total: 1692.902229, Node: 967.951476, Link: 724.938702, Spread: 1.210372
Epoch 263/600, Total: 1665.548920, Node: 959.340424, Link: 706.196337, Spread: 1.212356
Epoch 264/600, Total: 1672.318167, Node: 958.216058, Link: 714.089896, Spread: 1.224317
Epoch 265/600, Total: 1658.800360, Node: 948.408060, Link: 710.380107, Spread: 1.221833
Epoch 266/600, Total: 1673.631142, Node: 964.689035, Link: 708.929905, Spread: 1.214361
Epoch 267/600, Total: 1661.807312, Node: 952.201585, Link: 709.593507, Spread: 1.220772
Epoch 268/600, Total: 1658.737652, Node: 949.320099, Link: 709.405300, Spread: 1.223005
Epoch 269/600, Total: 1667.657625, Node: 958.539875, Link: 709.105554, Spread: 1.215550
Epoch 270/600, Total: 1660.134626, Node: 950.353662, Link: 709.768719, Spread: 1.221577
Epoch 271/600, Total: 1662.824675, Node: 952.832383, Link: 709.980105, Spread: 1.215597
Epoch 272/600, Total: 1671.194252, Node: 959.935852, Link: 711.246111, Spread: 1.226102
Epoch 273/600, Total: 1663.809849, Node: 955.329028, Link: 708.468539, Spread: 1.229733
Epoch 274/600, Total: 1686.570618, Node: 974.113554, Link: 712.444664, Spread: 1.239406
Epoch 275/600, Total: 1679.128731, Node: 961.642241, Link: 717.474177, Spread: 1.228087
Epoch 276/600, Total: 1665.302929, Node: 955.207328, Link: 710.083298, Spread: 1.229972
Epoch 277/600, Total: 1668.280956, Node: 957.848798, Link: 710.419780, Spread: 1.236338
Epoch 278/600, Total: 1671.881796, Node: 959.506165, Link: 712.363273, Spread: 1.239614
Epoch 279/600, Total: 1688.415054, Node: 975.237164, Link: 713.165464, Spread: 1.242898
Epoch 280/600, Total: 1689.715750, Node: 974.373437, Link: 715.329943, Spread: 1.235922
Epoch 281/600, Total: 1718.183243, Node: 986.783429, Link: 731.387238, Spread: 1.254772
Epoch 282/600, Total: 1751.351282, Node: 999.421297, Link: 751.916454, Spread: 1.353954
Epoch 283/600, Total: 1708.881334, Node: 973.089977, Link: 735.777857, Spread: 1.351217
Epoch 284/600, Total: 1715.095192, Node: 972.625084, Link: 742.456171, Spread: 1.389944
Epoch 285/600, Total: 1709.214561, Node: 976.443152, Link: 732.757146, Spread: 1.421136
Epoch 286/600, Total: 1709.416132, Node: 976.011637, Link: 733.389980, Spread: 1.453116
Epoch 287/600, Total: 1707.816526, Node: 975.108756, Link: 732.692941, Spread: 1.482614
Epoch 288/600, Total: 1707.549646, Node: 970.718433, Link: 736.816256, Spread: 1.491840
Epoch 289/600, Total: 1673.232388, Node: 964.371866, Link: 708.845909, Spread: 1.465555
Epoch 290/600, Total: 1665.699923, Node: 957.211212, Link: 708.474132, Spread: 1.461660
Epoch 291/600, Total: 1672.927376, Node: 963.954942, Link: 708.957925, Spread: 1.451728
Epoch 292/600, Total: 1677.310989, Node: 967.422667, Link: 709.873807, Spread: 1.449376
Epoch 293/600, Total: 1665.669373, Node: 956.781001, Link: 708.873945, Spread: 1.436774
Epoch 294/600, Total: 1662.306883, Node: 953.687866, Link: 708.604696, Spread: 1.428654
Epoch 295/600, Total: 1683.443834, Node: 972.750269, Link: 710.679243, Spread: 1.435790
Epoch 296/600, Total: 1712.186428, Node: 995.661356, Link: 716.510810, Spread: 1.429357
Epoch 297/600, Total: 1712.166319, Node: 989.556531, Link: 722.595460, Spread: 1.434331
Epoch 298/600, Total: 1709.474808, Node: 977.806604, Link: 731.653397, Spread: 1.484494
Epoch 299/600, Total: 1710.108446, Node: 976.699806, Link: 733.393525, Spread: 1.511793
Epoch 300/600, Total: 1694.028805, Node: 974.190266, Link: 719.823378, Spread: 1.511706
Epoch 301/600, Total: 1700.858076, Node: 975.245968, Link: 725.597419, Spread: 1.467248
Epoch 302/600, Total: 1664.638878, Node: 953.500430, Link: 711.123960, Spread: 1.450738
Epoch 303/600, Total: 1662.133818, Node: 952.868226, Link: 709.251246, Spread: 1.437288
Epoch 304/600, Total: 1656.274452, Node: 947.179557, Link: 709.080559, Spread: 1.433236
Epoch 305/600, Total: 1666.059954, Node: 958.166526, Link: 707.879386, Spread: 1.404290
Epoch 306/600, Total: 1662.524075, Node: 954.881920, Link: 707.628326, Spread: 1.385354
Epoch 307/600, Total: 1665.608589, Node: 957.337991, Link: 708.256906, Spread: 1.366205
Epoch 308/600, Total: 1668.539654, Node: 960.632943, Link: 707.893133, Spread: 1.355923
Epoch 309/600, Total: 1685.775740, Node: 972.146977, Link: 713.615021, Spread: 1.376330
Epoch 310/600, Total: 1667.501211, Node: 957.370361, Link: 710.117035, Spread: 1.383162
Epoch 311/600, Total: 1663.183023, Node: 954.113678, Link: 709.055680, Spread: 1.363593
Epoch 312/600, Total: 1698.153765, Node: 983.658659, Link: 714.481299, Spread: 1.379818
Epoch 313/600, Total: 1714.431089, Node: 981.722151, Link: 732.694549, Spread: 1.440327
Epoch 314/600, Total: 1705.183926, Node: 975.609593, Link: 729.559525, Spread: 1.479442
Epoch 315/600, Total: 1708.040237, Node: 976.924779, Link: 731.100297, Spread: 1.513639
Epoch 316/600, Total: 1708.419909, Node: 976.235476, Link: 732.168927, Spread: 1.550082
Epoch 317/600, Total: 1706.250166, Node: 972.690384, Link: 733.543875, Spread: 1.592062
Epoch 318/600, Total: 1704.158146, Node: 975.526176, Link: 728.615716, Spread: 1.624473
Epoch 319/600, Total: 1704.706785, Node: 974.112244, Link: 730.578043, Spread: 1.652037
Epoch 320/600, Total: 1703.686651, Node: 974.690716, Link: 728.979197, Spread: 1.672961
Epoch 321/600, Total: 1704.705294, Node: 977.238468, Link: 727.449937, Spread: 1.691714
Epoch 322/600, Total: 1702.376762, Node: 977.961915, Link: 724.397761, Spread: 1.708706
Epoch 323/600, Total: 1702.397909, Node: 978.166506, Link: 724.214144, Spread: 1.726172
Epoch 324/600, Total: 1702.490559, Node: 978.882877, Link: 723.590312, Spread: 1.739788
Epoch 325/600, Total: 1701.844572, Node: 977.727176, Link: 724.099921, Spread: 1.747099
Epoch 326/600, Total: 1704.112492, Node: 977.643465, Link: 726.451486, Spread: 1.752749
Epoch 327/600, Total: 1702.812319, Node: 978.318816, Link: 724.475896, Spread: 1.757230
Epoch 328/600, Total: 1701.797731, Node: 978.048859, Link: 723.731259, Spread: 1.761236
Epoch 329/600, Total: 1701.831623, Node: 978.467465, Link: 723.346495, Spread: 1.765912
Epoch 330/600, Total: 1701.115578, Node: 978.384824, Link: 722.713134, Spread: 1.764114
Epoch 331/600, Total: 1700.972401, Node: 978.730802, Link: 722.223982, Spread: 1.760527
Epoch 332/600, Total: 1700.760727, Node: 979.099506, Link: 721.643657, Spread: 1.757430
Epoch 333/600, Total: 1699.784395, Node: 978.662582, Link: 721.104238, Spread: 1.759348
Epoch 334/600, Total: 1700.439144, Node: 979.444634, Link: 720.976870, Spread: 1.761013
Epoch 335/600, Total: 1700.611557, Node: 980.184488, Link: 720.409333, Spread: 1.771500
Epoch 336/600, Total: 1701.927006, Node: 981.993023, Link: 719.916113, Spread: 1.784829
Epoch 337/600, Total: 1701.631666, Node: 983.077023, Link: 718.536563, Spread: 1.806394
Epoch 338/600, Total: 1701.773619, Node: 982.891329, Link: 718.864057, Spread: 1.825414
Epoch 339/600, Total: 1702.268736, Node: 983.949516, Link: 718.300806, Spread: 1.839861
Epoch 340/600, Total: 1702.550234, Node: 984.329064, Link: 718.202651, Spread: 1.848788
Epoch 341/600, Total: 1702.300270, Node: 984.367307, Link: 717.914411, Spread: 1.853471
Epoch 342/600, Total: 1700.751047, Node: 982.430233, Link: 718.302420, Spread: 1.838991
Epoch 343/600, Total: 1710.822962, Node: 989.901480, Link: 720.903355, Spread: 1.813316
Epoch 344/600, Total: 1703.288097, Node: 987.820613, Link: 715.449311, Spread: 1.815083
Epoch 345/600, Total: 1699.842772, Node: 987.677792, Link: 712.146663, Spread: 1.829675
Epoch 346/600, Total: 1704.697371, Node: 987.876485, Link: 716.802609, Spread: 1.827247
Epoch 347/600, Total: 1704.869324, Node: 987.427753, Link: 717.423305, Spread: 1.828802
Epoch 348/600, Total: 1704.996561, Node: 987.590882, Link: 717.387373, Spread: 1.832479
Epoch 349/600, Total: 1704.914993, Node: 987.809121, Link: 717.087526, Spread: 1.835816
Epoch 350/600, Total: 1704.704060, Node: 987.980453, Link: 716.705247, Spread: 1.837964
Epoch 351/600, Total: 1704.740744, Node: 988.330756, Link: 716.391614, Spread: 1.838716
Epoch 352/600, Total: 1745.459509, Node: 1027.757674, Link: 717.683164, Spread: 1.866412
Epoch 353/600, Total: 1749.181305, Node: 1022.691552, Link: 726.469824, Spread: 1.994063
Epoch 354/600, Total: 1708.384581, Node: 996.185875, Link: 712.177728, Spread: 2.100636
Epoch 355/600, Total: 1693.171202, Node: 979.151722, Link: 713.998650, Spread: 2.080376
Epoch 356/600, Total: 1706.509354, Node: 988.281651, Link: 718.207105, Spread: 2.058722
Epoch 357/600, Total: 1706.474062, Node: 990.833326, Link: 715.620505, Spread: 2.023027
Epoch 358/600, Total: 1708.821825, Node: 993.432096, Link: 715.369888, Spread: 1.984214
Epoch 359/600, Total: 1709.114460, Node: 994.302909, Link: 714.792027, Spread: 1.952073
Epoch 360/600, Total: 1709.033245, Node: 994.554207, Link: 714.459795, Spread: 1.926327
Epoch 361/600, Total: 1709.288111, Node: 994.743209, Link: 714.525823, Spread: 1.904498
Epoch 362/600, Total: 1709.478521, Node: 994.892671, Link: 714.566988, Spread: 1.885762
Epoch 363/600, Total: 1709.583426, Node: 994.996829, Link: 714.567903, Spread: 1.869648
Epoch 364/600, Total: 1709.617496, Node: 995.055957, Link: 714.542967, Spread: 1.855727
Epoch 365/600, Total: 1709.593014, Node: 995.071959, Link: 714.502599, Spread: 1.843618
Epoch 366/600, Total: 1709.523460, Node: 995.049705, Link: 714.455432, Spread: 1.832992
Epoch 367/600, Total: 1709.420269, Node: 994.995127, Link: 714.406881, Spread: 1.823570
Epoch 368/600, Total: 1709.292381, Node: 994.914343, Link: 714.359853, Spread: 1.815127
Epoch 369/600, Total: 1709.146418, Node: 994.812685, Link: 714.315680, Spread: 1.807476
Epoch 370/600, Total: 1708.987623, Node: 994.694944, Link: 714.274733, Spread: 1.800466
Epoch 371/600, Total: 1708.820127, Node: 994.565004, Link: 714.237175, Spread: 1.793974
Epoch 372/600, Total: 1708.805319, Node: 994.418046, Link: 714.369694, Spread: 1.758388
Epoch 373/600, Total: 1709.737495, Node: 994.615506, Link: 715.105014, Spread: 1.698968
Epoch 374/600, Total: 1708.549429, Node: 994.293651, Link: 714.238805, Spread: 1.697711
Epoch 375/600, Total: 1708.588966, Node: 994.241538, Link: 714.330475, Spread: 1.696949
Epoch 376/600, Total: 1708.412119, Node: 994.137230, Link: 714.257932, Spread: 1.695847
Epoch 377/600, Total: 1698.927912, Node: 985.594698, Link: 713.316229, Spread: 1.698362
Epoch 378/600, Total: 1722.220734, Node: 1011.474229, Link: 710.729159, Spread: 1.734863
Epoch 379/600, Total: 1767.921682, Node: 1052.984282, Link: 714.919353, Spread: 1.804903
Epoch 380/600, Total: 1750.564745, Node: 1039.212246, Link: 711.333831, Spread: 1.864747
Epoch 381/600, Total: 1677.716354, Node: 967.602833, Link: 710.095216, Spread: 1.829802
Epoch 382/600, Total: 1696.009380, Node: 978.971956, Link: 717.019451, Spread: 1.796953
Epoch 383/600, Total: 1691.739195, Node: 980.924759, Link: 710.796644, Spread: 1.779177
Epoch 384/600, Total: 1708.921177, Node: 990.670268, Link: 718.233340, Spread: 1.760731
Epoch 385/600, Total: 1708.252390, Node: 993.247999, Link: 714.987001, Spread: 1.740509
Epoch 386/600, Total: 1706.670702, Node: 992.842054, Link: 713.811409, Spread: 1.725027
Epoch 387/600, Total: 1707.799952, Node: 993.340450, Link: 714.442359, Spread: 1.712053
Epoch 388/600, Total: 1707.523800, Node: 993.295440, Link: 714.211376, Spread: 1.700864
Epoch 389/600, Total: 1707.690578, Node: 993.359166, Link: 714.314453, Spread: 1.691255
Epoch 390/600, Total: 1707.573622, Node: 993.297218, Link: 714.259577, Spread: 1.682720
Epoch 391/600, Total: 1707.515007, Node: 993.237006, Link: 714.261221, Spread: 1.675070
Epoch 392/600, Total: 1707.383577, Node: 993.136989, Link: 714.229899, Spread: 1.668083
Epoch 393/600, Total: 1707.249556, Node: 993.025520, Link: 714.207472, Spread: 1.661623
Epoch 394/600, Total: 1707.091803, Node: 992.897914, Link: 714.177353, Spread: 1.655568
Epoch 395/600, Total: 1706.926504, Node: 992.762206, Link: 714.147790, Spread: 1.649825
Epoch 396/600, Total: 1706.750229, Node: 992.617845, Link: 714.115960, Spread: 1.644307
Epoch 397/600, Total: 1706.570957, Node: 992.469893, Link: 714.084666, Spread: 1.638965
Epoch 398/600, Total: 1706.386620, Node: 992.318229, Link: 714.052043, Spread: 1.633751
Epoch 399/600, Total: 1706.201231, Node: 992.165309, Link: 714.019666, Spread: 1.628623
Epoch 400/600, Total: 1706.015118, Node: 992.011797, Link: 713.987085, Spread: 1.623548
Epoch 401/600, Total: 1705.829449, Node: 991.858649, Link: 713.954625, Spread: 1.618501
Epoch 402/600, Total: 1705.644815, Node: 991.706444, Link: 713.922232, Spread: 1.613465
Epoch 403/600, Total: 1705.461714, Node: 991.555662, Link: 713.889981, Spread: 1.608422
Epoch 404/600, Total: 1705.280401, Node: 991.406601, Link: 713.857770, Spread: 1.603363
Epoch 405/600, Total: 1705.101255, Node: 991.259604, Link: 713.825654, Spread: 1.598278
Epoch 406/600, Total: 1704.924200, Node: 991.114641, Link: 713.793616, Spread: 1.593163
Epoch 407/600, Total: 1704.749331, Node: 990.971891, Link: 713.761604, Spread: 1.588009
Epoch 408/600, Total: 1704.576864, Node: 990.831430, Link: 713.729604, Spread: 1.582817
Epoch 409/600, Total: 1704.406542, Node: 990.693165, Link: 713.697579, Spread: 1.577584
Epoch 410/600, Total: 1704.238342, Node: 990.557178, Link: 713.665422, Spread: 1.572309
Epoch 411/600, Total: 1704.072182, Node: 990.423335, Link: 713.633192, Spread: 1.566992
Epoch 412/600, Total: 1703.907980, Node: 990.291558, Link: 713.600789, Spread: 1.561634
Epoch 413/600, Total: 1703.745882, Node: 990.162112, Link: 713.568229, Spread: 1.556237
Epoch 414/600, Total: 1703.584763, Node: 990.033973, Link: 713.535286, Spread: 1.550794
Epoch 415/600, Total: 1703.426296, Node: 989.908334, Link: 713.502487, Spread: 1.545315
Epoch 416/600, Total: 1703.268297, Node: 989.783868, Link: 713.469029, Spread: 1.539805
Epoch 417/600, Total: 1703.112316, Node: 989.661633, Link: 713.435284, Spread: 1.534264
Epoch 418/600, Total: 1702.956642, Node: 989.540179, Link: 713.401178, Spread: 1.528685
Epoch 419/600, Total: 1702.803312, Node: 989.420939, Link: 713.367149, Spread: 1.523077
Epoch 420/600, Total: 1702.649485, Node: 989.302293, Link: 713.332049, Spread: 1.517450
Epoch 421/600, Total: 1702.498241, Node: 989.187832, Link: 713.295297, Spread: 1.511786
Epoch 422/600, Total: 1702.356419, Node: 989.074442, Link: 713.266925, Spread: 1.506100
Epoch 423/600, Total: 1702.194565, Node: 988.955911, Link: 713.223710, Spread: 1.500424
Epoch 424/600, Total: 1702.045717, Node: 988.842150, Link: 713.188669, Spread: 1.494687
Epoch 425/600, Total: 1701.897726, Node: 988.730295, Link: 713.152567, Spread: 1.488948
Epoch 426/600, Total: 1701.745991, Node: 988.616835, Link: 713.114309, Spread: 1.483218
Epoch 427/600, Total: 1701.596626, Node: 988.505386, Link: 713.076465, Spread: 1.477479
Epoch 428/600, Total: 1701.447973, Node: 988.394973, Link: 713.038263, Spread: 1.471739
Epoch 429/600, Total: 1701.297421, Node: 988.284520, Link: 712.998256, Spread: 1.465998
Epoch 430/600, Total: 1701.150440, Node: 988.182832, Link: 712.952968, Spread: 1.460214
Epoch 431/600, Total: 1701.024218, Node: 988.077220, Link: 712.932449, Spread: 1.454392
Epoch 432/600, Total: 1700.856768, Node: 987.963745, Link: 712.878541, Spread: 1.448667
Epoch 433/600, Total: 1700.706736, Node: 987.852898, Link: 712.839398, Spread: 1.442942
Epoch 434/600, Total: 1700.553957, Node: 987.743455, Link: 712.796136, Spread: 1.437224
Epoch 435/600, Total: 1700.408129, Node: 987.640784, Link: 712.753005, Spread: 1.431505
Epoch 436/600, Total: 1700.248539, Node: 987.523589, Link: 712.710705, Spread: 1.425708
Epoch 437/600, Total: 1700.125734, Node: 987.434281, Link: 712.677221, Spread: 1.420030
Epoch 438/600, Total: 1699.947477, Node: 987.312277, Link: 712.621039, Spread: 1.414365
Epoch 439/600, Total: 1699.809134, Node: 987.221419, Link: 712.573645, Spread: 1.408685
Epoch 440/600, Total: 1699.631302, Node: 987.083691, Link: 712.533596, Spread: 1.402807
Epoch 441/600, Total: 1697.943617, Node: 985.640920, Link: 712.288701, Spread: 1.401530
Epoch 442/600, Total: 1696.809891, Node: 985.062907, Link: 711.733016, Spread: 1.395985
Epoch 443/600, Total: 1699.699045, Node: 986.899889, Link: 712.785253, Spread: 1.391352
Epoch 444/600, Total: 1698.359186, Node: 986.242173, Link: 712.103185, Spread: 1.384624
Epoch 445/600, Total: 1698.972773, Node: 986.568760, Link: 712.390207, Spread: 1.378572
Epoch 446/600, Total: 1698.420578, Node: 986.263659, Link: 712.143228, Spread: 1.372199
Epoch 447/600, Total: 1698.593414, Node: 986.350528, Link: 712.229230, Spread: 1.366282
Epoch 448/600, Total: 1698.293268, Node: 986.171539, Link: 712.108097, Spread: 1.360340
Epoch 449/600, Total: 1698.264059, Node: 986.142245, Link: 712.108249, Spread: 1.354645
Epoch 450/600, Total: 1698.059471, Node: 986.009135, Link: 712.036839, Spread: 1.348999
Epoch 451/600, Total: 1697.940483, Node: 985.926373, Link: 712.000695, Spread: 1.343497
Epoch 452/600, Total: 1697.765818, Node: 985.805365, Link: 711.947069, Spread: 1.338058
Epoch 453/600, Total: 1697.606585, Node: 985.697232, Link: 711.896016, Spread: 1.332719
Epoch 454/600, Total: 1697.431883, Node: 985.572008, Link: 711.846603, Spread: 1.327439
Epoch 455/600, Total: 1697.255245, Node: 985.451837, Link: 711.790202, Spread: 1.322249
Epoch 456/600, Total: 1697.062084, Node: 985.310856, Link: 711.738093, Spread: 1.317103
Epoch 457/600, Total: 1696.881809, Node: 985.186999, Link: 711.681663, Spread: 1.312061
Epoch 458/600, Total: 1696.653126, Node: 985.018002, Link: 711.622078, Spread: 1.307043
Epoch 459/600, Total: 1696.481359, Node: 984.898689, Link: 711.569623, Spread: 1.302165
Epoch 460/600, Total: 1696.197483, Node: 984.686400, Link: 711.498085, Spread: 1.297284
Epoch 461/600, Total: 1696.048365, Node: 984.582175, Link: 711.453283, Spread: 1.292593
Epoch 462/600, Total: 1695.689102, Node: 984.310349, Link: 711.365872, Spread: 1.287873
Epoch 463/600, Total: 1695.577372, Node: 984.233145, Link: 711.331385, Spread: 1.283402
Epoch 464/600, Total: 1695.136160, Node: 983.896405, Link: 711.226992, Spread: 1.278877
Epoch 465/600, Total: 1695.063566, Node: 983.849169, Link: 711.201644, Spread: 1.274643
Epoch 466/600, Total: 1694.576595, Node: 983.477185, Link: 711.086715, Spread: 1.270347
Epoch 467/600, Total: 1694.507643, Node: 983.433352, Link: 711.061665, Spread: 1.266338
Epoch 468/600, Total: 1694.051970, Node: 983.088496, Link: 710.950859, Spread: 1.262279
Epoch 469/600, Total: 1693.934122, Node: 983.007104, Link: 710.914400, Spread: 1.258464
Epoch 470/600, Total: 1693.561941, Node: 982.730099, Link: 710.819279, Spread: 1.254644
Epoch 471/600, Total: 1693.388559, Node: 982.607221, Link: 710.768827, Spread: 1.251007
Epoch 472/600, Total: 1693.099400, Node: 982.397223, Link: 710.689720, Spread: 1.247412
Epoch 473/600, Total: 1692.917406, Node: 982.271844, Link: 710.633127, Spread: 1.243916
Epoch 474/600, Total: 1692.689146, Node: 982.111813, Link: 710.564938, Spread: 1.240437
Epoch 475/600, Total: 1692.461792, Node: 981.949779, Link: 710.499618, Spread: 1.237060
Epoch 476/600, Total: 1692.263578, Node: 981.809866, Link: 710.441378, Spread: 1.233740
Epoch 477/600, Total: 1692.056368, Node: 981.667155, Link: 710.376914, Spread: 1.230505
Epoch 478/600, Total: 1688.895576, Node: 980.141039, Link: 708.742141, Spread: 1.236768
Epoch 479/600, Total: 1709.282135, Node: 1005.824876, Link: 703.444994, Spread: 1.225392
Epoch 480/600, Total: 1674.818424, Node: 964.924687, Link: 709.881357, Spread: 1.239113
Epoch 481/600, Total: 1689.144413, Node: 979.904532, Link: 709.227487, Spread: 1.237969
Epoch 482/600, Total: 1691.667866, Node: 981.352014, Link: 710.303552, Spread: 1.229046
Epoch 483/600, Total: 1692.185867, Node: 981.851580, Link: 710.322055, Spread: 1.221519
Epoch 484/600, Total: 1692.417076, Node: 982.055157, Link: 710.349799, Spread: 1.215152
Epoch 485/600, Total: 1692.396544, Node: 982.051577, Link: 710.332849, Spread: 1.209475
Epoch 486/600, Total: 1691.952921, Node: 981.687821, Link: 710.253064, Spread: 1.204570
Epoch 487/600, Total: 1691.345467, Node: 981.182777, Link: 710.150659, Spread: 1.200499
Epoch 488/600, Total: 1691.182137, Node: 981.049464, Link: 710.120724, Spread: 1.197104
Epoch 489/600, Total: 1691.096277, Node: 981.011704, Link: 710.072663, Spread: 1.193950
Epoch 490/600, Total: 1690.885733, Node: 980.869921, Link: 710.003880, Spread: 1.190862
Epoch 491/600, Total: 1690.783344, Node: 980.813726, Link: 709.957763, Spread: 1.187873
Epoch 492/600, Total: 1690.580942, Node: 980.676985, Link: 709.892125, Spread: 1.184972
Epoch 493/600, Total: 1690.418417, Node: 980.568836, Link: 709.837758, Spread: 1.182157
Epoch 494/600, Total: 1690.254177, Node: 980.460776, Link: 709.781655, Spread: 1.179458
Epoch 495/600, Total: 1690.081598, Node: 980.345186, Link: 709.724639, Spread: 1.176796
Epoch 496/600, Total: 1689.931759, Node: 980.247814, Link: 709.672250, Spread: 1.174229
Epoch 497/600, Total: 1689.764681, Node: 980.136521, Link: 709.616429, Spread: 1.171672
Epoch 498/600, Total: 1689.611807, Node: 980.034907, Link: 709.565210, Spread: 1.169205
Epoch 499/600, Total: 1689.449797, Node: 979.926663, Link: 709.511512, Spread: 1.166749
Epoch 500/600, Total: 1689.303244, Node: 979.829120, Link: 709.462482, Spread: 1.164368
Epoch 501/600, Total: 1689.148193, Node: 979.725849, Link: 709.410709, Spread: 1.161985
Epoch 502/600, Total: 1689.002985, Node: 979.628047, Link: 709.363374, Spread: 1.159666
Epoch 503/600, Total: 1688.853672, Node: 979.528518, Link: 709.313630, Spread: 1.157347
Epoch 504/600, Total: 1688.712257, Node: 979.432567, Link: 709.268135, Spread: 1.155081
Epoch 505/600, Total: 1688.568634, Node: 979.336723, Link: 709.220404, Spread: 1.152813
Epoch 506/600, Total: 1688.430588, Node: 979.242497, Link: 709.176609, Spread: 1.150588
Epoch 507/600, Total: 1688.292091, Node: 979.149779, Link: 709.130837, Spread: 1.148360
Epoch 508/600, Total: 1688.157711, Node: 979.057609, Link: 709.088651, Spread: 1.146165
Epoch 509/600, Total: 1688.024281, Node: 978.968042, Link: 709.044825, Spread: 1.143969
Epoch 510/600, Total: 1687.957106, Node: 978.745360, Link: 709.200299, Spread: 1.144813
Epoch 511/600, Total: 1687.591848, Node: 978.774570, Link: 708.805808, Spread: 1.143285
Epoch 512/600, Total: 1687.352421, Node: 978.400451, Link: 708.940551, Spread: 1.140680
Epoch 513/600, Total: 1687.491135, Node: 978.616805, Link: 708.862947, Spread: 1.138377
Epoch 514/600, Total: 1687.276007, Node: 978.428006, Link: 708.836643, Spread: 1.135827
Epoch 515/600, Total: 1687.226643, Node: 978.417344, Link: 708.797956, Spread: 1.133439
Epoch 516/600, Total: 1687.093416, Node: 978.318142, Link: 708.763968, Spread: 1.131005
Epoch 517/600, Total: 1687.000099, Node: 978.259536, Link: 708.729287, Spread: 1.128635
Epoch 518/600, Total: 1686.889040, Node: 978.182592, Link: 708.695181, Spread: 1.126270
Epoch 519/600, Total: 1686.786053, Node: 978.113243, Link: 708.661551, Spread: 1.123936
Epoch 520/600, Total: 1686.679623, Node: 978.040310, Link: 708.628133, Spread: 1.121616
Epoch 521/600, Total: 1686.575148, Node: 977.968706, Link: 708.595266, Spread: 1.119312
Epoch 522/600, Total: 1686.470661, Node: 977.896750, Link: 708.562741, Spread: 1.117019
Epoch 523/600, Total: 1686.367231, Node: 977.825340, Link: 708.530775, Spread: 1.114735
Epoch 524/600, Total: 1686.264774, Node: 977.754427, Link: 708.499228, Spread: 1.112456
Epoch 525/600, Total: 1686.163458, Node: 977.684129, Link: 708.468206, Spread: 1.110182
Epoch 526/600, Total: 1686.063309, Node: 977.614563, Link: 708.437639, Spread: 1.107909
Epoch 527/600, Total: 1685.964468, Node: 977.545783, Link: 708.407596, Spread: 1.105634
Epoch 528/600, Total: 1685.866894, Node: 977.477836, Link: 708.378036, Spread: 1.103358
Epoch 529/600, Total: 1685.770746, Node: 977.410805, Link: 708.348949, Spread: 1.101079
Epoch 530/600, Total: 1685.676039, Node: 977.344716, Link: 708.320331, Spread: 1.098794
Epoch 531/600, Total: 1685.582613, Node: 977.279498, Link: 708.292182, Spread: 1.096502
Epoch 532/600, Total: 1685.490692, Node: 977.215277, Link: 708.264483, Spread: 1.094205
Epoch 533/600, Total: 1685.400114, Node: 977.151955, Link: 708.237218, Spread: 1.091898
Epoch 534/600, Total: 1685.310900, Node: 977.089650, Link: 708.210365, Spread: 1.089583
Epoch 535/600, Total: 1685.223118, Node: 977.028254, Link: 708.183969, Spread: 1.087256
Epoch 536/600, Total: 1685.136608, Node: 976.967836, Link: 708.157937, Spread: 1.084918
Epoch 537/600, Total: 1685.051455, Node: 976.908337, Link: 708.132296, Spread: 1.082568
Epoch 538/600, Total: 1684.967613, Node: 976.849757, Link: 708.107018, Spread: 1.080207
Epoch 539/600, Total: 1684.885004, Node: 976.792089, Link: 708.082129, Spread: 1.077831
Epoch 540/600, Total: 1684.803617, Node: 976.735310, Link: 708.057546, Spread: 1.075441
Epoch 541/600, Total: 1684.723463, Node: 976.679426, Link: 708.033298, Spread: 1.073037
Epoch 542/600, Total: 1684.644484, Node: 976.624429, Link: 708.009355, Spread: 1.070618
Epoch 543/600, Total: 1684.566628, Node: 976.570247, Link: 707.985711, Spread: 1.068184
Epoch 544/600, Total: 1684.489952, Node: 976.516925, Link: 707.962367, Spread: 1.065734
Epoch 545/600, Total: 1684.414303, Node: 976.464399, Link: 707.939271, Spread: 1.063268
Epoch 546/600, Total: 1684.339695, Node: 976.412636, Link: 707.916450, Spread: 1.060785
Epoch 547/600, Total: 1684.266207, Node: 976.361726, Link: 707.893879, Spread: 1.058284
Epoch 548/600, Total: 1684.193672, Node: 976.311551, Link: 707.871556, Spread: 1.055767
Epoch 549/600, Total: 1684.122137, Node: 976.262122, Link: 707.849458, Spread: 1.053232
Epoch 550/600, Total: 1684.051498, Node: 976.213406, Link: 707.827612, Spread: 1.050681
Epoch 551/600, Total: 1683.981892, Node: 976.165440, Link: 707.805976, Spread: 1.048113
Epoch 552/600, Total: 1683.913260, Node: 976.118174, Link: 707.784604, Spread: 1.045529
Epoch 553/600, Total: 1683.845558, Node: 976.071619, Link: 707.763469, Spread: 1.042931
Epoch 554/600, Total: 1683.779978, Node: 976.026553, Link: 707.743025, Spread: 1.040316
Epoch 555/600, Total: 1683.712818, Node: 975.980725, Link: 707.721700, Spread: 1.037690
Epoch 556/600, Total: 1683.647839, Node: 975.935773, Link: 707.701704, Spread: 1.035055
Epoch 557/600, Total: 1683.583801, Node: 975.891851, Link: 707.681618, Spread: 1.032411
Epoch 558/600, Total: 1683.520691, Node: 975.848465, Link: 707.661888, Spread: 1.029757
Epoch 559/600, Total: 1683.458429, Node: 975.805685, Link: 707.642486, Spread: 1.027096
Epoch 560/600, Total: 1683.397205, Node: 975.763564, Link: 707.623384, Spread: 1.024427
Epoch 561/600, Total: 1683.336966, Node: 975.722046, Link: 707.604674, Spread: 1.021754
Epoch 562/600, Total: 1683.277599, Node: 975.681118, Link: 707.586295, Spread: 1.019075
Epoch 563/600, Total: 1683.219328, Node: 975.640890, Link: 707.568302, Spread: 1.016392
Epoch 564/600, Total: 1683.162117, Node: 975.601348, Link: 707.550653, Spread: 1.013703
Epoch 565/600, Total: 1683.106022, Node: 975.562514, Link: 707.533395, Spread: 1.011009
Epoch 566/600, Total: 1683.051025, Node: 975.524404, Link: 707.516506, Spread: 1.008310
Epoch 567/600, Total: 1682.997177, Node: 975.487087, Link: 707.500029, Spread: 1.005607
Epoch 568/600, Total: 1682.944529, Node: 975.450608, Link: 707.483910, Spread: 1.002895
Epoch 569/600, Total: 1682.893175, Node: 975.414985, Link: 707.468176, Spread: 1.000177
Epoch 570/600, Total: 1682.843168, Node: 975.380278, Link: 707.452876, Spread: 0.997449
Epoch 571/600, Total: 1682.794306, Node: 975.346537, Link: 707.437856, Spread: 0.994711
Epoch 572/600, Total: 1682.747015, Node: 975.313741, Link: 707.423352, Spread: 0.991962
Epoch 573/600, Total: 1682.701036, Node: 975.282065, Link: 707.409056, Spread: 0.989201
Epoch 574/600, Total: 1682.656771, Node: 975.251420, Link: 707.395448, Spread: 0.986425
Epoch 575/600, Total: 1682.613501, Node: 975.222017, Link: 707.381656, Spread: 0.983632
Epoch 576/600, Total: 1682.572826, Node: 975.193713, Link: 707.369302, Spread: 0.980823
Epoch 577/600, Total: 1682.531614, Node: 975.166604, Link: 707.355246, Spread: 0.977990
Epoch 578/600, Total: 1682.496851, Node: 975.140758, Link: 707.346344, Spread: 0.975146
Epoch 579/600, Total: 1682.454210, Node: 975.116992, Link: 707.327492, Spread: 0.972254
Epoch 580/600, Total: 1682.439461, Node: 975.097180, Link: 707.332604, Spread: 0.969395
Epoch 581/600, Total: 1682.359642, Node: 975.073301, Link: 707.276658, Spread: 0.966361
Epoch 582/600, Total: 1682.525208, Node: 975.126963, Link: 707.388625, Spread: 0.963791
Epoch 583/600, Total: 1682.179522, Node: 975.116378, Link: 707.053506, Spread: 0.960231
Epoch 584/600, Total: 1683.294201, Node: 975.677809, Link: 707.606791, Spread: 0.959985
Epoch 585/600, Total: 1682.152836, Node: 975.158318, Link: 706.984995, Spread: 0.954287
Epoch 586/600, Total: 1682.221205, Node: 974.981033, Link: 707.230681, Spread: 0.950284
Epoch 587/600, Total: 1682.282356, Node: 974.975883, Link: 707.296995, Spread: 0.948803
Epoch 588/600, Total: 1682.312721, Node: 974.941538, Link: 707.361695, Spread: 0.947838
Epoch 589/600, Total: 1682.317549, Node: 974.928879, Link: 707.379187, Spread: 0.946832
Epoch 590/600, Total: 1682.319582, Node: 974.918316, Link: 707.391804, Spread: 0.945823
Epoch 591/600, Total: 1682.282911, Node: 974.866607, Link: 707.406879, Spread: 0.944854
Epoch 592/600, Total: 1682.168451, Node: 974.754712, Link: 707.404328, Spread: 0.943766
Epoch 593/600, Total: 1681.996719, Node: 974.613609, Link: 707.373676, Spread: 0.942291
Epoch 594/600, Total: 1681.822149, Node: 974.481627, Link: 707.331133, Spread: 0.940320
Epoch 595/600, Total: 1681.672104, Node: 974.376474, Link: 707.286242, Spread: 0.937902
Epoch 596/600, Total: 1681.553173, Node: 974.299896, Link: 707.243942, Spread: 0.935134
Epoch 597/600, Total: 1681.461449, Node: 974.244880, Link: 707.207237, Spread: 0.932109
Epoch 598/600, Total: 1681.389223, Node: 974.204054, Link: 707.175866, Spread: 0.928911
Epoch 599/600, Total: 1681.330154, Node: 974.172142, Link: 707.148763, Spread: 0.925609
Epoch 600/600, Total: 1681.280123, Node: 974.145917, Link: 707.125002, Spread: 0.922250
Saved sweep result to: /homes/dameyer/ml-for-wdn-project-4/results/aggregated/gnn_training_sweep/net1_buffer=15_rollout=25_seed=42.json
Table value: 974.145917
