================================
GNN training sweep
Job ID: 242674
Task ID: 10
Buffer size: 5
Rollout length: 20
================================
Running GNN sweep: dataset=Net1, buffer=5, rollout=20
Epoch 1/600, Total: 3723.267405, Node: 1699.907144, Link: 2021.502497, Spread: 185.782686
Epoch 2/600, Total: 2049.234390, Node: 1278.535760, Link: 768.520210, Spread: 217.841716
Epoch 3/600, Total: 2003.092583, Node: 1242.402445, Link: 758.597045, Spread: 209.311336
Epoch 4/600, Total: 1963.215378, Node: 1211.235040, Link: 750.090485, Spread: 188.982331
Epoch 5/600, Total: 1918.558775, Node: 1174.391084, Link: 742.410208, Spread: 175.748902
Epoch 6/600, Total: 1905.892164, Node: 1156.243669, Link: 748.028691, Spread: 161.979846
Epoch 7/600, Total: 1871.471195, Node: 1132.127277, Link: 737.834009, Spread: 150.990263
Epoch 8/600, Total: 1858.475142, Node: 1114.280898, Link: 742.792706, Spread: 140.156913
Epoch 9/600, Total: 1846.158274, Node: 1100.759254, Link: 744.087022, Spread: 131.199421
Epoch 10/600, Total: 1824.281956, Node: 1087.805183, Link: 735.249723, Spread: 122.700731
Epoch 11/600, Total: 1816.232052, Node: 1079.723125, Link: 735.352897, Spread: 115.605223
Epoch 12/600, Total: 1798.632952, Node: 1066.606058, Link: 730.945794, Spread: 108.111422
Epoch 13/600, Total: 1795.530119, Node: 1064.738216, Link: 729.763550, Spread: 102.838466
Epoch 14/600, Total: 1779.049629, Node: 1052.133623, Link: 725.952672, Spread: 96.335194
Epoch 15/600, Total: 1777.288858, Node: 1049.197395, Link: 727.176597, Spread: 91.486905
Epoch 16/600, Total: 1760.174986, Node: 1035.619624, Link: 723.694443, Spread: 86.093745
Epoch 17/600, Total: 1758.705940, Node: 1034.367831, Link: 723.516917, Spread: 82.119941
Epoch 18/600, Total: 1756.515182, Node: 1032.435996, Link: 723.299790, Spread: 77.941441
Epoch 19/600, Total: 1745.401022, Node: 1022.789517, Link: 721.877447, Spread: 73.408166
Epoch 20/600, Total: 1763.439402, Node: 1024.069893, Link: 738.683442, Spread: 68.605505
Epoch 21/600, Total: 1739.490921, Node: 1018.396692, Link: 720.442703, Spread: 65.150469
Epoch 22/600, Total: 1742.630939, Node: 1013.524761, Link: 728.493958, Spread: 61.220661
Epoch 23/600, Total: 1743.914743, Node: 1014.544865, Link: 728.793964, Spread: 57.590014
Epoch 24/600, Total: 1737.243479, Node: 1015.165494, Link: 721.535307, Spread: 54.269252
Epoch 25/600, Total: 1752.281336, Node: 1023.708140, Link: 728.053692, Spread: 51.950925
Epoch 26/600, Total: 1740.040508, Node: 1012.088208, Link: 727.454057, Spread: 49.824664
Epoch 27/600, Total: 1712.688175, Node: 993.633612, Link: 718.581088, Spread: 47.348199
Epoch 28/600, Total: 1725.152922, Node: 1000.187025, Link: 724.515189, Spread: 45.072477
Epoch 29/600, Total: 1710.994341, Node: 994.545699, Link: 716.023980, Spread: 42.466577
Epoch 30/600, Total: 1714.097803, Node: 994.003843, Link: 719.695725, Spread: 39.821507
Epoch 31/600, Total: 1708.319059, Node: 990.193809, Link: 717.745715, Spread: 37.954356
Epoch 32/600, Total: 1705.269077, Node: 988.254116, Link: 716.655000, Spread: 35.994218
Epoch 33/600, Total: 1733.517351, Node: 997.551214, Link: 735.625243, Spread: 34.088029
Epoch 34/600, Total: 1696.303558, Node: 981.913614, Link: 714.070291, Spread: 31.967456
Epoch 35/600, Total: 1706.632853, Node: 981.112535, Link: 725.216931, Spread: 30.339366
Epoch 36/600, Total: 1695.690428, Node: 978.575010, Link: 716.825388, Spread: 29.002700
Epoch 37/600, Total: 1699.561814, Node: 979.363837, Link: 719.923837, Spread: 27.413201
Epoch 38/600, Total: 1705.714081, Node: 979.179129, Link: 726.280425, Spread: 25.454057
Epoch 39/600, Total: 1687.584072, Node: 971.964688, Link: 715.380696, Spread: 23.869248
Epoch 40/600, Total: 1691.922134, Node: 974.102242, Link: 717.595832, Spread: 22.403700
Epoch 41/600, Total: 1692.357188, Node: 971.901502, Link: 720.243455, Spread: 21.223597
Epoch 42/600, Total: 1682.454910, Node: 967.204349, Link: 715.049417, Spread: 20.116821
Epoch 43/600, Total: 1693.910408, Node: 972.253510, Link: 721.467806, Spread: 18.908094
Epoch 44/600, Total: 1678.703393, Node: 963.339038, Link: 715.186018, Spread: 17.833441
Epoch 45/600, Total: 1689.615774, Node: 969.897445, Link: 719.549055, Spread: 16.929022
Epoch 46/600, Total: 1683.573404, Node: 963.455262, Link: 719.961162, Spread: 15.699749
Epoch 47/600, Total: 1695.724245, Node: 972.320246, Link: 723.258843, Spread: 14.517606
Epoch 48/600, Total: 1696.487481, Node: 967.704134, Link: 728.649716, Spread: 13.359980
Epoch 49/600, Total: 1673.678595, Node: 959.958657, Link: 713.594355, Spread: 12.557772
Epoch 50/600, Total: 1699.177334, Node: 967.668404, Link: 731.389936, Spread: 11.897757
Epoch 51/600, Total: 1690.166984, Node: 966.130301, Link: 723.926916, Spread: 10.975644
Epoch 52/600, Total: 1686.956086, Node: 966.488410, Link: 720.364715, Spread: 10.294300
Epoch 53/600, Total: 1696.858545, Node: 970.632789, Link: 726.127686, Spread: 9.809604
Epoch 54/600, Total: 1681.465208, Node: 961.286774, Link: 720.087604, Spread: 9.083924
Epoch 55/600, Total: 1688.209599, Node: 965.820406, Link: 722.303856, Spread: 8.532271
Epoch 56/600, Total: 1693.123316, Node: 968.241008, Link: 724.802103, Spread: 8.020396
Epoch 57/600, Total: 1695.335533, Node: 965.042571, Link: 730.218743, Spread: 7.422488
Epoch 58/600, Total: 1684.177931, Node: 964.689728, Link: 719.417784, Spread: 7.043327
Epoch 59/600, Total: 1670.193767, Node: 956.002904, Link: 714.124918, Spread: 6.594223
Epoch 60/600, Total: 1675.851185, Node: 956.957200, Link: 718.831728, Spread: 6.225086
Epoch 61/600, Total: 1724.131845, Node: 968.535262, Link: 755.535060, Spread: 6.153129
Epoch 62/600, Total: 1665.327554, Node: 952.657943, Link: 712.614684, Spread: 5.492850
Epoch 63/600, Total: 1682.062428, Node: 961.118877, Link: 720.890811, Spread: 5.273933
Epoch 64/600, Total: 1677.727559, Node: 958.729584, Link: 718.949092, Spread: 4.889727
Epoch 65/600, Total: 1695.789516, Node: 963.558638, Link: 732.183195, Spread: 4.766868
Epoch 66/600, Total: 1682.080934, Node: 960.187085, Link: 721.849684, Spread: 4.418077
Epoch 67/600, Total: 1684.172276, Node: 963.744188, Link: 720.385750, Spread: 4.235047
Epoch 68/600, Total: 1667.058653, Node: 952.005309, Link: 715.013485, Spread: 3.987206
Epoch 69/600, Total: 1673.893043, Node: 954.404866, Link: 719.449248, Spread: 3.894358
Epoch 70/600, Total: 1689.931034, Node: 959.977248, Link: 729.915843, Spread: 3.794185
Epoch 71/600, Total: 1673.521967, Node: 955.495278, Link: 717.991246, Spread: 3.540926
Epoch 72/600, Total: 1676.706610, Node: 958.213002, Link: 718.460071, Spread: 3.354911
Epoch 73/600, Total: 1682.939645, Node: 959.308737, Link: 723.596831, Spread: 3.407754
Epoch 74/600, Total: 1671.506913, Node: 957.408737, Link: 714.066144, Spread: 3.203018
Epoch 75/600, Total: 1680.596848, Node: 957.299910, Link: 723.265134, Spread: 3.181618
Epoch 76/600, Total: 1677.366179, Node: 955.843623, Link: 721.491905, Spread: 3.065068
Epoch 77/600, Total: 1672.909525, Node: 957.398824, Link: 715.481407, Spread: 2.929780
Epoch 78/600, Total: 1690.334700, Node: 960.481258, Link: 729.824433, Spread: 2.902895
Epoch 79/600, Total: 1678.512481, Node: 958.580183, Link: 719.904607, Spread: 2.767966
Epoch 80/600, Total: 1670.362062, Node: 954.860677, Link: 715.474492, Spread: 2.687138
Epoch 81/600, Total: 1687.448338, Node: 961.869015, Link: 725.552252, Spread: 2.704720
Epoch 82/600, Total: 1659.571940, Node: 949.465263, Link: 710.080996, Spread: 2.565386
Epoch 83/600, Total: 1686.874901, Node: 958.959513, Link: 727.889635, Spread: 2.576560
Epoch 84/600, Total: 1660.670485, Node: 947.652160, Link: 712.993652, Spread: 2.464111
Epoch 85/600, Total: 1665.338322, Node: 951.901555, Link: 713.412432, Spread: 2.432669
Epoch 86/600, Total: 1671.478199, Node: 955.909777, Link: 715.544101, Spread: 2.431222
Epoch 87/600, Total: 1678.342394, Node: 955.424792, Link: 722.893284, Spread: 2.432850
Epoch 88/600, Total: 1672.739385, Node: 953.862821, Link: 718.853088, Spread: 2.346811
Epoch 89/600, Total: 1678.922278, Node: 954.561956, Link: 724.337222, Spread: 2.311277
Epoch 90/600, Total: 1664.055038, Node: 951.898052, Link: 712.134255, Spread: 2.272675
Epoch 91/600, Total: 1669.822272, Node: 948.972446, Link: 720.826926, Spread: 2.288368
Epoch 92/600, Total: 1673.796001, Node: 950.549321, Link: 723.224948, Spread: 2.174388
Epoch 93/600, Total: 1672.599629, Node: 952.743361, Link: 719.834104, Spread: 2.215757
Epoch 94/600, Total: 1671.327283, Node: 949.861754, Link: 721.443506, Spread: 2.200571
Epoch 95/600, Total: 1671.403720, Node: 959.492304, Link: 711.889826, Spread: 2.160174
Epoch 96/600, Total: 1678.895050, Node: 956.420559, Link: 722.452291, Spread: 2.219801
Epoch 97/600, Total: 1669.436652, Node: 956.254592, Link: 713.160568, Spread: 2.145400
Epoch 98/600, Total: 1672.951935, Node: 949.679181, Link: 723.251357, Spread: 2.139323
Epoch 99/600, Total: 1656.810036, Node: 946.519632, Link: 710.269190, Spread: 2.119803
Epoch 100/600, Total: 1670.996970, Node: 950.721149, Link: 720.254757, Spread: 2.110078
Epoch 101/600, Total: 1663.341766, Node: 949.898991, Link: 713.421517, Spread: 2.125979
Epoch 102/600, Total: 1657.412854, Node: 948.081849, Link: 709.309886, Spread: 2.114035
Epoch 103/600, Total: 1692.300273, Node: 957.091981, Link: 735.186547, Spread: 2.173699
Epoch 104/600, Total: 1656.995409, Node: 948.508047, Link: 708.466097, Spread: 2.124993
Epoch 105/600, Total: 1684.088643, Node: 955.096588, Link: 728.970418, Spread: 2.162713
Epoch 106/600, Total: 1657.844104, Node: 948.736736, Link: 709.086086, Spread: 2.128162
Epoch 107/600, Total: 1680.900862, Node: 959.062699, Link: 721.816718, Spread: 2.143112
Epoch 108/600, Total: 1667.428984, Node: 948.426142, Link: 718.981256, Spread: 2.159230
Epoch 109/600, Total: 1662.155801, Node: 947.226075, Link: 714.908482, Spread: 2.124173
Epoch 110/600, Total: 1672.530407, Node: 950.295255, Link: 722.213600, Spread: 2.154872
Epoch 111/600, Total: 1682.900003, Node: 958.656378, Link: 724.222189, Spread: 2.144246
Epoch 112/600, Total: 1661.048198, Node: 947.348176, Link: 713.678430, Spread: 2.157397
Epoch 113/600, Total: 1674.421824, Node: 953.744838, Link: 720.655362, Spread: 2.162752
Epoch 114/600, Total: 1656.692992, Node: 945.004856, Link: 711.666732, Spread: 2.141299
Epoch 115/600, Total: 1666.300338, Node: 953.459588, Link: 712.819449, Spread: 2.128627
Epoch 116/600, Total: 1660.053097, Node: 949.606673, Link: 710.425174, Spread: 2.128579
Epoch 117/600, Total: 1673.509209, Node: 952.708077, Link: 720.779654, Spread: 2.146936
Epoch 118/600, Total: 1657.549083, Node: 945.594284, Link: 711.933380, Spread: 2.142249
Epoch 119/600, Total: 1670.494398, Node: 958.128078, Link: 712.344986, Spread: 2.133759
Epoch 120/600, Total: 1659.663712, Node: 946.624052, Link: 713.018266, Spread: 2.139340
Epoch 121/600, Total: 1660.105076, Node: 945.828553, Link: 714.255053, Spread: 2.147046
Epoch 122/600, Total: 1673.062009, Node: 957.172047, Link: 715.868656, Spread: 2.129562
Epoch 123/600, Total: 1663.696349, Node: 948.839325, Link: 714.835403, Spread: 2.159420
Epoch 124/600, Total: 1678.699839, Node: 956.127614, Link: 722.550507, Spread: 2.167482
Epoch 125/600, Total: 1670.804607, Node: 955.005985, Link: 715.776921, Spread: 2.172552
Epoch 126/600, Total: 1668.010740, Node: 952.199840, Link: 715.789029, Spread: 2.186451
Epoch 127/600, Total: 1679.560395, Node: 957.761631, Link: 721.776614, Spread: 2.215273
Epoch 128/600, Total: 1661.274519, Node: 951.465114, Link: 709.787532, Spread: 2.186933
Epoch 129/600, Total: 1663.016033, Node: 948.890993, Link: 714.102839, Spread: 2.217719
Epoch 130/600, Total: 1663.335299, Node: 949.705905, Link: 713.607366, Spread: 2.200772
Epoch 131/600, Total: 1674.714078, Node: 951.889122, Link: 722.802771, Spread: 2.223357
Epoch 132/600, Total: 1662.561227, Node: 953.560034, Link: 708.978685, Spread: 2.250752
Epoch 133/600, Total: 1667.983544, Node: 953.936128, Link: 714.024945, Spread: 2.251003
Epoch 134/600, Total: 1656.257156, Node: 943.455194, Link: 712.779236, Spread: 2.273533
Epoch 135/600, Total: 1663.030559, Node: 951.657235, Link: 711.350870, Spread: 2.244304
Epoch 136/600, Total: 1674.986992, Node: 958.756776, Link: 716.207505, Spread: 2.272802
Epoch 137/600, Total: 1676.661324, Node: 962.117374, Link: 714.521381, Spread: 2.256585
Epoch 138/600, Total: 1672.534231, Node: 952.246657, Link: 720.264331, Spread: 2.325483
Epoch 139/600, Total: 1665.097146, Node: 947.031506, Link: 718.042037, Spread: 2.361485
Epoch 140/600, Total: 1671.451463, Node: 952.304650, Link: 719.123071, Spread: 2.369112
Epoch 141/600, Total: 1673.731826, Node: 954.731668, Link: 718.976295, Spread: 2.384085
Epoch 142/600, Total: 1667.033650, Node: 953.226899, Link: 713.782577, Spread: 2.417782
Epoch 143/600, Total: 1658.102677, Node: 943.402445, Link: 714.676170, Spread: 2.405410
Epoch 144/600, Total: 1674.904989, Node: 951.662025, Link: 723.218822, Spread: 2.415101
Epoch 145/600, Total: 1659.666073, Node: 943.088561, Link: 716.552952, Spread: 2.454303
Epoch 146/600, Total: 1653.974277, Node: 942.161870, Link: 711.788076, Spread: 2.432157
Epoch 147/600, Total: 1680.056392, Node: 952.967474, Link: 727.064529, Spread: 2.439132
Epoch 148/600, Total: 1664.700054, Node: 949.750789, Link: 714.924288, Spread: 2.496889
Epoch 149/600, Total: 1662.788469, Node: 948.355758, Link: 714.407723, Spread: 2.499116
Epoch 150/600, Total: 1652.854884, Node: 944.282019, Link: 708.547920, Spread: 2.492863
Epoch 151/600, Total: 1657.723310, Node: 945.036736, Link: 712.661756, Spread: 2.482150
Epoch 152/600, Total: 1677.533636, Node: 949.062493, Link: 728.446248, Spread: 2.491347
Epoch 153/600, Total: 1663.472551, Node: 950.438602, Link: 713.008229, Spread: 2.570492
Epoch 154/600, Total: 1672.018331, Node: 955.522064, Link: 716.470620, Spread: 2.562954
Epoch 155/600, Total: 1653.989661, Node: 944.791779, Link: 709.172190, Spread: 2.569497
Epoch 156/600, Total: 1692.738010, Node: 965.355675, Link: 727.356419, Spread: 2.592228
Epoch 157/600, Total: 1664.946146, Node: 953.697242, Link: 711.222777, Spread: 2.614049
Epoch 158/600, Total: 1672.380259, Node: 952.940828, Link: 719.412911, Spread: 2.650538
Epoch 159/600, Total: 1680.387252, Node: 955.564231, Link: 724.796253, Spread: 2.674777
Epoch 160/600, Total: 1671.989980, Node: 949.818089, Link: 722.144991, Spread: 2.688232
Epoch 161/600, Total: 1661.176445, Node: 950.081487, Link: 711.067978, Spread: 2.697258
Epoch 162/600, Total: 1680.891845, Node: 958.134346, Link: 722.730001, Spread: 2.748136
Epoch 163/600, Total: 1658.020996, Node: 946.101846, Link: 711.891853, Spread: 2.728111
Epoch 164/600, Total: 1665.327595, Node: 946.456425, Link: 718.844072, Spread: 2.710482
Epoch 165/600, Total: 1665.316537, Node: 948.329696, Link: 716.959980, Spread: 2.684504
Epoch 166/600, Total: 1671.600368, Node: 951.546918, Link: 720.026210, Spread: 2.724195
Epoch 167/600, Total: 1670.051387, Node: 951.634491, Link: 718.389436, Spread: 2.747623
Epoch 168/600, Total: 1658.098360, Node: 948.307493, Link: 709.763263, Spread: 2.759625
Epoch 169/600, Total: 1669.618668, Node: 952.966342, Link: 716.624749, Spread: 2.757779
Epoch 170/600, Total: 1658.519106, Node: 944.282618, Link: 714.209082, Spread: 2.741676
Epoch 171/600, Total: 1664.975630, Node: 949.248406, Link: 715.699400, Spread: 2.781210
Epoch 172/600, Total: 1679.126582, Node: 953.315074, Link: 725.782976, Spread: 2.854714
Epoch 173/600, Total: 1661.307866, Node: 945.791291, Link: 715.487678, Spread: 2.887930
Epoch 174/600, Total: 1651.944909, Node: 941.472092, Link: 710.444431, Spread: 2.840619
Epoch 175/600, Total: 1681.529793, Node: 953.401807, Link: 728.099456, Spread: 2.850155
Epoch 176/600, Total: 1659.969894, Node: 947.229301, Link: 712.711661, Spread: 2.894118
Epoch 177/600, Total: 1666.711588, Node: 946.539247, Link: 720.143391, Spread: 2.895493
Epoch 178/600, Total: 1664.944474, Node: 953.422229, Link: 711.493173, Spread: 2.907661
Epoch 179/600, Total: 1658.508011, Node: 947.813003, Link: 710.665368, Spread: 2.961446
Epoch 180/600, Total: 1662.840644, Node: 949.192327, Link: 713.618816, Spread: 2.949469
Epoch 181/600, Total: 1662.380967, Node: 944.993309, Link: 717.358177, Spread: 2.947300
Epoch 182/600, Total: 1666.408386, Node: 949.898808, Link: 716.480450, Spread: 2.912281
Epoch 183/600, Total: 1656.337067, Node: 943.647390, Link: 712.660503, Spread: 2.918730
Epoch 184/600, Total: 1673.809741, Node: 950.253285, Link: 723.527765, Spread: 2.868950
Epoch 185/600, Total: 1658.639648, Node: 950.353731, Link: 708.256794, Spread: 2.912160
Epoch 186/600, Total: 1659.328573, Node: 946.822930, Link: 712.476260, Spread: 2.937876
Epoch 187/600, Total: 1672.857066, Node: 953.093357, Link: 719.734838, Spread: 2.884163
Epoch 188/600, Total: 1652.556717, Node: 942.546321, Link: 709.981436, Spread: 2.894000
Epoch 189/600, Total: 1657.182074, Node: 943.886548, Link: 713.266672, Spread: 2.885748
Epoch 190/600, Total: 1644.960240, Node: 939.809014, Link: 705.122834, Spread: 2.839379
Epoch 191/600, Total: 1655.420115, Node: 944.945784, Link: 710.446057, Spread: 2.829006
Epoch 192/600, Total: 1661.754006, Node: 948.737843, Link: 712.987753, Spread: 2.840494
Epoch 193/600, Total: 1677.475961, Node: 951.270362, Link: 726.177043, Spread: 2.857328
Epoch 194/600, Total: 1677.492140, Node: 957.648746, Link: 719.814317, Spread: 2.907280
Epoch 195/600, Total: 1683.422782, Node: 960.419200, Link: 722.973976, Spread: 2.958109
Epoch 196/600, Total: 1668.097012, Node: 949.354876, Link: 718.712114, Spread: 3.005051
Epoch 197/600, Total: 1687.779882, Node: 960.035458, Link: 727.712961, Spread: 3.145103
Epoch 198/600, Total: 1682.145698, Node: 955.643453, Link: 726.470655, Spread: 3.157130
Epoch 199/600, Total: 1668.119027, Node: 954.399637, Link: 713.688160, Spread: 3.122661
Epoch 200/600, Total: 1664.777655, Node: 945.484844, Link: 719.261488, Spread: 3.130528
Epoch 201/600, Total: 1669.116627, Node: 954.960722, Link: 714.124707, Spread: 3.125099
Epoch 202/600, Total: 1663.707413, Node: 951.354078, Link: 712.321399, Spread: 3.194113
Epoch 203/600, Total: 1673.464830, Node: 951.004039, Link: 722.428254, Spread: 3.253116
Epoch 204/600, Total: 1666.634771, Node: 953.522499, Link: 713.079579, Spread: 3.267694
Epoch 205/600, Total: 1659.844638, Node: 949.327703, Link: 710.484289, Spread: 3.264682
Epoch 206/600, Total: 1667.781452, Node: 950.250407, Link: 717.498134, Spread: 3.291421
Epoch 207/600, Total: 1661.470565, Node: 946.113494, Link: 715.323984, Spread: 3.308834
Epoch 208/600, Total: 1673.297385, Node: 951.699039, Link: 721.564918, Spread: 3.345921
Epoch 209/600, Total: 1667.537276, Node: 953.762330, Link: 713.741248, Spread: 3.372805
Epoch 210/600, Total: 1667.751289, Node: 950.419535, Link: 717.297946, Spread: 3.384148
Epoch 211/600, Total: 1661.051213, Node: 943.257003, Link: 717.760636, Spread: 3.356802
Epoch 212/600, Total: 1668.287495, Node: 953.301139, Link: 714.952843, Spread: 3.350728
Epoch 213/600, Total: 1665.376490, Node: 946.930641, Link: 718.411939, Spread: 3.387825
Epoch 214/600, Total: 1660.539515, Node: 950.873727, Link: 709.632343, Spread: 3.341876
Epoch 215/600, Total: 1667.590549, Node: 946.076148, Link: 721.480930, Spread: 3.344987
Epoch 216/600, Total: 1663.274660, Node: 950.407603, Link: 712.833532, Spread: 3.354546
Epoch 217/600, Total: 1660.964704, Node: 951.335104, Link: 709.596241, Spread: 3.335899
Epoch 218/600, Total: 1666.535504, Node: 948.241455, Link: 718.260827, Spread: 3.320867
Epoch 219/600, Total: 1648.555981, Node: 939.613216, Link: 708.909864, Spread: 3.292352
Epoch 220/600, Total: 1671.866237, Node: 950.470867, Link: 721.362887, Spread: 3.248685
Epoch 221/600, Total: 1659.846386, Node: 947.578073, Link: 712.235186, Spread: 3.312916
Epoch 222/600, Total: 1660.784699, Node: 949.718042, Link: 711.033506, Spread: 3.314236
Epoch 223/600, Total: 1648.332681, Node: 939.090813, Link: 709.208645, Spread: 3.322870
Epoch 224/600, Total: 1661.482993, Node: 945.000211, Link: 716.449685, Spread: 3.310273
Epoch 225/600, Total: 1657.461827, Node: 944.941771, Link: 712.486831, Spread: 3.320597
Epoch 226/600, Total: 1670.509036, Node: 948.663676, Link: 721.811606, Spread: 3.376199
Epoch 227/600, Total: 1659.787715, Node: 945.202546, Link: 714.551626, Spread: 3.353596
Epoch 228/600, Total: 1665.764991, Node: 946.873557, Link: 718.857371, Spread: 3.404975
Epoch 229/600, Total: 1657.566175, Node: 949.601921, Link: 707.930055, Spread: 3.418240
Epoch 230/600, Total: 1672.199426, Node: 954.397435, Link: 717.767118, Spread: 3.486194
Epoch 231/600, Total: 1669.716024, Node: 959.037031, Link: 710.643925, Spread: 3.506690
Epoch 232/600, Total: 1672.101232, Node: 957.245518, Link: 714.820590, Spread: 3.515467
Epoch 233/600, Total: 1674.580803, Node: 958.521649, Link: 716.023940, Spread: 3.522213
Epoch 234/600, Total: 1680.169036, Node: 960.355571, Link: 719.777886, Spread: 3.555082
Epoch 235/600, Total: 1664.471931, Node: 950.791178, Link: 713.644628, Spread: 3.611907
Epoch 236/600, Total: 1659.987547, Node: 948.496822, Link: 711.454547, Spread: 3.620988
Epoch 237/600, Total: 1662.476795, Node: 951.184378, Link: 711.256193, Spread: 3.623358
Epoch 238/600, Total: 1671.164256, Node: 958.519059, Link: 712.608842, Spread: 3.634628
Epoch 239/600, Total: 1667.763416, Node: 952.202165, Link: 715.524607, Spread: 3.663459
Epoch 240/600, Total: 1666.904670, Node: 955.016836, Link: 711.851345, Spread: 3.650361
Epoch 241/600, Total: 1661.254086, Node: 948.232376, Link: 712.985450, Spread: 3.625800
Epoch 242/600, Total: 1671.202616, Node: 952.448662, Link: 718.717687, Spread: 3.627912
Epoch 243/600, Total: 1661.119880, Node: 945.119866, Link: 715.963882, Spread: 3.614133
Epoch 244/600, Total: 1671.039337, Node: 947.566279, Link: 723.436506, Spread: 3.656208
Epoch 245/600, Total: 1660.496317, Node: 944.828200, Link: 715.631598, Spread: 3.649321
Epoch 246/600, Total: 1658.796203, Node: 943.467909, Link: 715.292192, Spread: 3.608759
Epoch 247/600, Total: 1664.782571, Node: 945.012818, Link: 719.733467, Spread: 3.632962
Epoch 248/600, Total: 1674.113675, Node: 950.969972, Link: 723.106997, Spread: 3.669308
Epoch 249/600, Total: 1659.495939, Node: 944.252134, Link: 715.207252, Spread: 3.652252
Epoch 250/600, Total: 1686.373347, Node: 948.867443, Link: 737.468821, Spread: 3.709033
Epoch 251/600, Total: 1645.043371, Node: 939.888556, Link: 705.117922, Spread: 3.689242
Epoch 252/600, Total: 1697.933491, Node: 956.694225, Link: 741.202235, Spread: 3.702165
Epoch 253/600, Total: 1658.324467, Node: 949.408264, Link: 708.879440, Spread: 3.677429
Epoch 254/600, Total: 1651.685900, Node: 939.519233, Link: 712.130717, Spread: 3.595511
Epoch 255/600, Total: 1676.115156, Node: 948.354627, Link: 727.723825, Spread: 3.674533
Epoch 256/600, Total: 1660.187567, Node: 945.673214, Link: 714.477074, Spread: 3.733417
Epoch 257/600, Total: 1662.693952, Node: 953.522475, Link: 709.134435, Spread: 3.704603
Epoch 258/600, Total: 1657.246986, Node: 944.103334, Link: 713.106141, Spread: 3.750679
Epoch 259/600, Total: 1656.800176, Node: 946.895763, Link: 709.867569, Spread: 3.684708
Epoch 260/600, Total: 1655.837040, Node: 943.615849, Link: 712.184628, Spread: 3.652718
Epoch 261/600, Total: 1666.153928, Node: 947.626928, Link: 718.490391, Spread: 3.660426
Epoch 262/600, Total: 1675.646699, Node: 953.057430, Link: 722.552409, Spread: 3.688809
Epoch 263/600, Total: 1662.593946, Node: 946.901001, Link: 715.656228, Spread: 3.670647
Epoch 264/600, Total: 1658.364592, Node: 945.871825, Link: 712.456117, Spread: 3.663039
Epoch 265/600, Total: 1669.227865, Node: 952.736919, Link: 716.453671, Spread: 3.730559
Epoch 266/600, Total: 1670.460442, Node: 950.109664, Link: 720.312677, Spread: 3.809479
Epoch 267/600, Total: 1659.622160, Node: 944.211107, Link: 715.373299, Spread: 3.774621
Epoch 268/600, Total: 1670.746469, Node: 946.636525, Link: 724.071891, Spread: 3.805800
Epoch 269/600, Total: 1658.082008, Node: 948.360689, Link: 709.683257, Spread: 3.804034
Epoch 270/600, Total: 1654.814714, Node: 944.439217, Link: 710.338032, Spread: 3.746544
Epoch 271/600, Total: 1661.283997, Node: 950.389381, Link: 710.857492, Spread: 3.711383
Epoch 272/600, Total: 1666.345818, Node: 945.463079, Link: 720.845235, Spread: 3.749264
Epoch 273/600, Total: 1657.183123, Node: 948.300781, Link: 708.844152, Spread: 3.817102
Epoch 274/600, Total: 1669.271879, Node: 952.131293, Link: 717.102192, Spread: 3.839409
Epoch 275/600, Total: 1663.872976, Node: 948.054904, Link: 715.780143, Spread: 3.793405
Epoch 276/600, Total: 1673.333071, Node: 947.988656, Link: 725.306463, Spread: 3.795061
Epoch 277/600, Total: 1658.587967, Node: 944.894392, Link: 713.656473, Spread: 3.708218
Epoch 278/600, Total: 1671.141356, Node: 949.566320, Link: 721.537793, Spread: 3.723966
Epoch 279/600, Total: 1665.973892, Node: 951.822135, Link: 714.115458, Spread: 3.630726
Epoch 280/600, Total: 1660.599821, Node: 948.075212, Link: 712.488416, Spread: 3.621005
Epoch 281/600, Total: 1674.971961, Node: 950.645812, Link: 724.288270, Spread: 3.789190
Epoch 282/600, Total: 1651.173232, Node: 942.907510, Link: 708.228203, Spread: 3.751032
Epoch 283/600, Total: 1660.655043, Node: 946.162401, Link: 714.454507, Spread: 3.812694
Epoch 284/600, Total: 1665.965798, Node: 952.614721, Link: 713.312638, Spread: 3.848594
Epoch 285/600, Total: 1656.910752, Node: 944.043040, Link: 712.829508, Spread: 3.819264
Epoch 286/600, Total: 1658.024203, Node: 945.035961, Link: 712.950670, Spread: 3.759549
Epoch 287/600, Total: 1664.920489, Node: 952.143839, Link: 712.739663, Spread: 3.701019
Epoch 288/600, Total: 1660.452985, Node: 949.908980, Link: 710.506904, Spread: 3.710312
Epoch 289/600, Total: 1671.695944, Node: 948.158169, Link: 723.500158, Spread: 3.759801
Epoch 290/600, Total: 1659.014999, Node: 945.201878, Link: 713.776425, Spread: 3.670273
Epoch 291/600, Total: 1662.397622, Node: 946.796762, Link: 715.563869, Spread: 3.700416
Epoch 292/600, Total: 1666.336307, Node: 948.315908, Link: 717.982736, Spread: 3.763709
Epoch 293/600, Total: 1671.748851, Node: 950.620341, Link: 721.090208, Spread: 3.831006
Epoch 294/600, Total: 1670.580351, Node: 954.937144, Link: 715.604773, Spread: 3.844065
Epoch 295/600, Total: 1681.007899, Node: 952.496180, Link: 728.472641, Spread: 3.909112
Epoch 296/600, Total: 1675.375360, Node: 952.381480, Link: 722.954237, Spread: 3.962934
Epoch 297/600, Total: 1658.515985, Node: 946.517018, Link: 711.960399, Spread: 3.853374
Epoch 298/600, Total: 1668.247955, Node: 952.093728, Link: 716.114672, Spread: 3.957823
Epoch 299/600, Total: 1655.578060, Node: 944.688588, Link: 710.850993, Spread: 3.849059
Epoch 300/600, Total: 1659.832261, Node: 943.005995, Link: 716.788005, Spread: 3.826073
Epoch 301/600, Total: 1667.675889, Node: 948.700114, Link: 718.936664, Spread: 3.909957
Epoch 302/600, Total: 1671.788078, Node: 947.937459, Link: 723.810862, Spread: 3.972568
Epoch 303/600, Total: 1667.534023, Node: 946.798474, Link: 720.695354, Spread: 4.018356
Epoch 304/600, Total: 1658.052160, Node: 945.395667, Link: 712.616662, Spread: 3.984575
Epoch 305/600, Total: 1660.935925, Node: 946.377298, Link: 714.519113, Spread: 3.953784
Epoch 306/600, Total: 1665.361376, Node: 949.723431, Link: 715.597930, Spread: 4.001964
Epoch 307/600, Total: 1683.703193, Node: 951.406492, Link: 732.255053, Spread: 4.162373
Epoch 308/600, Total: 1657.409714, Node: 946.853215, Link: 710.514977, Spread: 4.152413
Epoch 309/600, Total: 1665.133415, Node: 950.987836, Link: 714.104388, Spread: 4.121362
Epoch 310/600, Total: 1677.228109, Node: 947.865131, Link: 729.321344, Spread: 4.162266
Epoch 311/600, Total: 1654.611580, Node: 943.242473, Link: 711.328152, Spread: 4.096612
Epoch 312/600, Total: 1670.007707, Node: 948.774123, Link: 721.193176, Spread: 4.040621
Epoch 313/600, Total: 1662.061087, Node: 952.284210, Link: 709.737051, Spread: 3.984496
Epoch 314/600, Total: 1682.253580, Node: 963.119123, Link: 719.094177, Spread: 4.027630
Epoch 315/600, Total: 1660.241439, Node: 947.324721, Link: 712.876140, Spread: 4.057393
Epoch 316/600, Total: 1665.677617, Node: 950.388461, Link: 715.248681, Spread: 4.048126
Epoch 317/600, Total: 1669.485582, Node: 949.921634, Link: 719.522714, Spread: 4.125625
Epoch 318/600, Total: 1668.412017, Node: 949.905098, Link: 718.465126, Spread: 4.179373
Epoch 319/600, Total: 1662.999332, Node: 946.439406, Link: 716.518633, Spread: 4.127448
Epoch 320/600, Total: 1663.989710, Node: 944.333040, Link: 719.615728, Spread: 4.090940
Epoch 321/600, Total: 1668.219624, Node: 947.089579, Link: 721.089592, Spread: 4.047199
Epoch 322/600, Total: 1663.290609, Node: 947.704761, Link: 715.545897, Spread: 3.993294
Epoch 323/600, Total: 1658.534973, Node: 946.408010, Link: 712.087898, Spread: 3.904519
Epoch 324/600, Total: 1662.745762, Node: 945.670782, Link: 717.035785, Spread: 3.919615
Epoch 325/600, Total: 1682.406693, Node: 951.210885, Link: 731.156114, Spread: 3.967716
Epoch 326/600, Total: 1659.715807, Node: 949.974380, Link: 709.701831, Spread: 3.958952
Epoch 327/600, Total: 1656.972866, Node: 943.472812, Link: 713.460831, Spread: 3.923833
Epoch 328/600, Total: 1676.388755, Node: 951.496086, Link: 724.852053, Spread: 4.063258
Epoch 329/600, Total: 1655.802623, Node: 946.410987, Link: 709.351024, Spread: 4.060586
Epoch 330/600, Total: 1657.592863, Node: 945.262582, Link: 712.289430, Spread: 4.084509
Epoch 331/600, Total: 1650.777040, Node: 941.820260, Link: 708.916656, Spread: 4.013648
Epoch 332/600, Total: 1673.515087, Node: 958.256568, Link: 715.218639, Spread: 3.990885
Epoch 333/600, Total: 1660.996941, Node: 950.910499, Link: 710.047020, Spread: 3.940443
Epoch 334/600, Total: 1656.559335, Node: 943.649716, Link: 712.870051, Spread: 3.956747
Epoch 335/600, Total: 1660.112618, Node: 945.712605, Link: 714.360703, Spread: 3.929866
Epoch 336/600, Total: 1657.917654, Node: 949.175254, Link: 708.703769, Spread: 3.863217
Epoch 337/600, Total: 1659.148237, Node: 947.297878, Link: 711.811711, Spread: 3.864235
Epoch 338/600, Total: 1653.970366, Node: 944.815877, Link: 709.116464, Spread: 3.798734
Epoch 339/600, Total: 1661.403894, Node: 950.135739, Link: 711.230245, Spread: 3.791293
Epoch 340/600, Total: 1654.009773, Node: 943.488624, Link: 710.483652, Spread: 3.751688
Epoch 341/600, Total: 1667.239166, Node: 950.663550, Link: 716.537473, Spread: 3.811920
Epoch 342/600, Total: 1662.273623, Node: 947.763028, Link: 714.472129, Spread: 3.845444
Epoch 343/600, Total: 1657.115314, Node: 944.387529, Link: 712.689428, Spread: 3.837412
Epoch 344/600, Total: 1670.099129, Node: 952.461994, Link: 717.598554, Spread: 3.856798
Epoch 345/600, Total: 1671.604721, Node: 949.308140, Link: 722.257696, Spread: 3.885211
Epoch 346/600, Total: 1675.784315, Node: 950.530347, Link: 725.215392, Spread: 3.856383
Epoch 347/600, Total: 1659.068987, Node: 952.096282, Link: 706.935143, Spread: 3.758736
Epoch 348/600, Total: 1659.244232, Node: 945.027890, Link: 714.179130, Spread: 3.720636
Epoch 349/600, Total: 1663.240357, Node: 942.818109, Link: 720.384946, Spread: 3.730859
Epoch 350/600, Total: 1656.962029, Node: 947.952849, Link: 708.972283, Spread: 3.690375
Epoch 351/600, Total: 1665.609571, Node: 950.694646, Link: 714.877398, Spread: 3.750963
Epoch 352/600, Total: 1658.176037, Node: 946.023333, Link: 712.114722, Spread: 3.798412
Epoch 353/600, Total: 1663.974105, Node: 945.421188, Link: 718.514722, Spread: 3.819536
Epoch 354/600, Total: 1668.865475, Node: 953.420815, Link: 715.405988, Spread: 3.866181
Epoch 355/600, Total: 1666.186237, Node: 949.145304, Link: 717.002013, Spread: 3.891688
Epoch 356/600, Total: 1664.669605, Node: 947.860017, Link: 716.770997, Spread: 3.861069
Epoch 357/600, Total: 1658.504261, Node: 945.109227, Link: 713.356731, Spread: 3.828382
Epoch 358/600, Total: 1668.076041, Node: 954.963016, Link: 713.074806, Spread: 3.822855
Epoch 359/600, Total: 1665.328038, Node: 955.488006, Link: 709.801980, Spread: 3.804073
Epoch 360/600, Total: 1664.262409, Node: 950.597990, Link: 713.625708, Spread: 3.869965
Epoch 361/600, Total: 1672.215137, Node: 947.618910, Link: 724.557086, Spread: 3.914220
Epoch 362/600, Total: 1666.223680, Node: 949.053805, Link: 717.130825, Spread: 3.904689
Epoch 363/600, Total: 1667.196427, Node: 948.831045, Link: 718.326494, Spread: 3.886284
Epoch 364/600, Total: 1659.849013, Node: 944.703105, Link: 715.107581, Spread: 3.835614
Epoch 365/600, Total: 1661.646075, Node: 945.953522, Link: 715.655348, Spread: 3.720728
Epoch 366/600, Total: 1675.114532, Node: 949.488418, Link: 725.588128, Spread: 3.799004
Epoch 367/600, Total: 1665.152856, Node: 949.020373, Link: 716.094577, Spread: 3.789742
Epoch 368/600, Total: 1679.249661, Node: 955.263689, Link: 723.947489, Spread: 3.849161
Epoch 369/600, Total: 1668.742123, Node: 953.145715, Link: 715.558313, Spread: 3.812561
Epoch 370/600, Total: 1670.660786, Node: 952.571970, Link: 718.050709, Spread: 3.809778
Epoch 371/600, Total: 1670.957553, Node: 951.805840, Link: 719.112741, Spread: 3.897463
Epoch 372/600, Total: 1665.177759, Node: 950.349288, Link: 714.789668, Spread: 3.880659
Epoch 373/600, Total: 1678.396538, Node: 951.732193, Link: 726.624592, Spread: 3.973838
Epoch 374/600, Total: 1663.665430, Node: 948.011691, Link: 715.614684, Spread: 3.907394
Epoch 375/600, Total: 1664.234375, Node: 948.960643, Link: 715.235533, Spread: 3.818993
Epoch 376/600, Total: 1662.183668, Node: 947.566215, Link: 714.579721, Spread: 3.773350
Epoch 377/600, Total: 1660.601387, Node: 947.592824, Link: 712.970983, Spread: 3.758351
Epoch 378/600, Total: 1662.467470, Node: 947.882399, Link: 714.547835, Spread: 3.724482
Epoch 379/600, Total: 1661.741532, Node: 947.315165, Link: 714.389072, Spread: 3.727757
Epoch 380/600, Total: 1668.921018, Node: 951.521527, Link: 717.362397, Spread: 3.707071
Epoch 381/600, Total: 1662.694636, Node: 948.658564, Link: 713.999043, Spread: 3.703926
Epoch 382/600, Total: 1662.935320, Node: 948.626067, Link: 714.272467, Spread: 3.677671
Epoch 383/600, Total: 1661.843322, Node: 947.654308, Link: 714.152183, Spread: 3.685269
Epoch 384/600, Total: 1665.561476, Node: 950.469370, Link: 715.055485, Spread: 3.661151
Epoch 385/600, Total: 1672.819030, Node: 949.068872, Link: 723.712443, Spread: 3.773054
Epoch 386/600, Total: 1661.327469, Node: 947.213990, Link: 714.076295, Spread: 3.718834
Epoch 387/600, Total: 1661.007882, Node: 947.024591, Link: 713.946788, Spread: 3.654329
Epoch 388/600, Total: 1665.417345, Node: 948.580084, Link: 716.800282, Spread: 3.698239
Epoch 389/600, Total: 1665.897730, Node: 954.746503, Link: 711.114857, Spread: 3.640460
Epoch 390/600, Total: 1667.747169, Node: 952.450964, Link: 715.259552, Spread: 3.663691
Epoch 391/600, Total: 1661.851102, Node: 946.959872, Link: 714.854259, Spread: 3.700201
Epoch 392/600, Total: 1661.609937, Node: 947.713339, Link: 713.859880, Spread: 3.673803
Epoch 393/600, Total: 1663.166679, Node: 949.241919, Link: 713.888344, Spread: 3.642861
Epoch 394/600, Total: 1663.019517, Node: 948.779410, Link: 714.203942, Spread: 3.615333
Epoch 395/600, Total: 1661.136153, Node: 948.529889, Link: 712.569825, Spread: 3.643688
Epoch 396/600, Total: 1672.816904, Node: 950.204706, Link: 722.574540, Spread: 3.764066
Epoch 397/600, Total: 1664.451242, Node: 949.922503, Link: 714.491508, Spread: 3.723725
Epoch 398/600, Total: 1658.763359, Node: 949.307887, Link: 709.418923, Spread: 3.652548
Epoch 399/600, Total: 1665.803954, Node: 951.268126, Link: 714.499787, Spread: 3.603747
Epoch 400/600, Total: 1661.994380, Node: 952.043601, Link: 709.915118, Spread: 3.566373
Epoch 401/600, Total: 1663.913323, Node: 949.834960, Link: 714.042427, Spread: 3.592937
Epoch 402/600, Total: 1663.744640, Node: 948.977432, Link: 714.730869, Spread: 3.632337
Epoch 403/600, Total: 1649.005209, Node: 941.476992, Link: 707.492292, Spread: 3.589181
Epoch 404/600, Total: 1661.149634, Node: 947.652167, Link: 713.461744, Spread: 3.571658
Epoch 405/600, Total: 1660.706825, Node: 945.968297, Link: 714.702542, Spread: 3.598257
Epoch 406/600, Total: 1654.699428, Node: 946.435586, Link: 708.228107, Spread: 3.575061
Epoch 407/600, Total: 1666.532521, Node: 949.937183, Link: 716.559348, Spread: 3.599331
Epoch 408/600, Total: 1666.555025, Node: 949.501404, Link: 717.017877, Spread: 3.571440
Epoch 409/600, Total: 1666.507119, Node: 948.630985, Link: 717.840201, Spread: 3.593370
Epoch 410/600, Total: 1657.606174, Node: 943.848275, Link: 713.722427, Spread: 3.548125
Epoch 411/600, Total: 1655.933762, Node: 947.399515, Link: 708.499679, Spread: 3.454619
Epoch 412/600, Total: 1668.333529, Node: 953.279499, Link: 715.019486, Spread: 3.453994
Epoch 413/600, Total: 1661.096647, Node: 947.673890, Link: 713.388112, Spread: 3.466129
Epoch 414/600, Total: 1652.735839, Node: 941.011917, Link: 711.689294, Spread: 3.461790
Epoch 415/600, Total: 1662.817890, Node: 946.804180, Link: 715.978891, Spread: 3.481646
Epoch 416/600, Total: 1658.556584, Node: 947.760705, Link: 710.761010, Spread: 3.485917
Epoch 417/600, Total: 1659.679350, Node: 945.287215, Link: 714.357141, Spread: 3.500713
Epoch 418/600, Total: 1661.620790, Node: 948.169526, Link: 713.416196, Spread: 3.505627
Epoch 419/600, Total: 1666.041608, Node: 949.938122, Link: 716.068744, Spread: 3.474102
Epoch 420/600, Total: 1660.727195, Node: 947.287471, Link: 713.405133, Spread: 3.455924
Epoch 421/600, Total: 1651.404615, Node: 943.818160, Link: 707.552576, Spread: 3.388835
Epoch 422/600, Total: 1659.794837, Node: 947.326696, Link: 712.433968, Spread: 3.418179
Epoch 423/600, Total: 1658.434291, Node: 944.571821, Link: 713.828430, Spread: 3.404163
Epoch 424/600, Total: 1657.587841, Node: 943.387822, Link: 714.166023, Spread: 3.398393
Epoch 425/600, Total: 1662.504748, Node: 947.105879, Link: 715.364735, Spread: 3.411148
Epoch 426/600, Total: 1663.489151, Node: 949.280380, Link: 714.174522, Spread: 3.424030
Epoch 427/600, Total: 1659.874438, Node: 947.486774, Link: 712.353598, Spread: 3.405344
Epoch 428/600, Total: 1665.463991, Node: 948.209465, Link: 717.220724, Spread: 3.378219
Epoch 429/600, Total: 1664.917927, Node: 950.064247, Link: 714.819831, Spread: 3.385032
Epoch 430/600, Total: 1660.726344, Node: 948.508382, Link: 712.184431, Spread: 3.353044
Epoch 431/600, Total: 1666.213980, Node: 950.182537, Link: 715.997797, Spread: 3.365062
Epoch 432/600, Total: 1662.559752, Node: 948.293747, Link: 714.232442, Spread: 3.355127
Epoch 433/600, Total: 1660.798900, Node: 949.220429, Link: 711.545529, Spread: 3.294491
Epoch 434/600, Total: 1660.517521, Node: 950.169225, Link: 710.315723, Spread: 3.257333
Epoch 435/600, Total: 1665.446382, Node: 948.383272, Link: 717.029866, Spread: 3.324128
Epoch 436/600, Total: 1662.677949, Node: 947.741546, Link: 714.902798, Spread: 3.363066
Epoch 437/600, Total: 1663.160922, Node: 950.239071, Link: 712.888212, Spread: 3.366979
Epoch 438/600, Total: 1667.911490, Node: 954.584977, Link: 713.293035, Spread: 3.346360
Epoch 439/600, Total: 1662.698335, Node: 947.489401, Link: 715.175579, Spread: 3.335396
Epoch 440/600, Total: 1672.645026, Node: 950.773492, Link: 721.837708, Spread: 3.382195
Epoch 441/600, Total: 1660.748529, Node: 948.821575, Link: 711.893101, Spread: 3.386937
Epoch 442/600, Total: 1660.951354, Node: 947.873075, Link: 713.045110, Spread: 3.317121
Epoch 443/600, Total: 1662.063734, Node: 948.060536, Link: 713.970041, Spread: 3.315510
Epoch 444/600, Total: 1661.667687, Node: 950.070516, Link: 711.563843, Spread: 3.332717
Epoch 445/600, Total: 1664.488474, Node: 947.909562, Link: 716.544791, Spread: 3.414338
Epoch 446/600, Total: 1664.621066, Node: 950.901700, Link: 713.685829, Spread: 3.355091
Epoch 447/600, Total: 1666.398802, Node: 949.872430, Link: 716.492726, Spread: 3.364148
Epoch 448/600, Total: 1662.781406, Node: 953.418096, Link: 709.330486, Spread: 3.281336
Epoch 449/600, Total: 1657.095661, Node: 946.530033, Link: 710.532392, Spread: 3.325202
Epoch 450/600, Total: 1655.375113, Node: 945.493485, Link: 709.848194, Spread: 3.343589
Epoch 451/600, Total: 1656.002194, Node: 946.100091, Link: 709.869206, Spread: 3.288243
Epoch 452/600, Total: 1662.015682, Node: 953.313509, Link: 708.669246, Spread: 3.292115
Epoch 453/600, Total: 1667.306268, Node: 953.394283, Link: 713.878898, Spread: 3.309567
Epoch 454/600, Total: 1661.759114, Node: 946.713347, Link: 715.012480, Spread: 3.327222
Epoch 455/600, Total: 1661.364746, Node: 946.960200, Link: 714.371683, Spread: 3.286241
Epoch 456/600, Total: 1661.658117, Node: 949.992717, Link: 711.632560, Spread: 3.285053
Epoch 457/600, Total: 1661.135232, Node: 946.547595, Link: 714.555486, Spread: 3.215804
Epoch 458/600, Total: 1663.252318, Node: 948.214987, Link: 715.004074, Spread: 3.326547
Epoch 459/600, Total: 1664.412099, Node: 951.699520, Link: 712.679495, Spread: 3.309510
Epoch 460/600, Total: 1659.361880, Node: 949.408370, Link: 709.921119, Spread: 3.239232
Epoch 461/600, Total: 1663.748167, Node: 944.773375, Link: 718.941448, Spread: 3.334953
Epoch 462/600, Total: 1666.287222, Node: 947.745038, Link: 718.508779, Spread: 3.340567
Epoch 463/600, Total: 1659.448563, Node: 949.328307, Link: 710.086961, Spread: 3.328667
Epoch 464/600, Total: 1659.115433, Node: 951.116174, Link: 707.966322, Spread: 3.294419
Epoch 465/600, Total: 1664.983017, Node: 949.978203, Link: 714.971743, Spread: 3.307047
Epoch 466/600, Total: 1662.479559, Node: 946.109608, Link: 716.336524, Spread: 3.341999
Epoch 467/600, Total: 1666.091441, Node: 950.561183, Link: 715.497298, Spread: 3.295835
Epoch 468/600, Total: 1662.348528, Node: 949.390236, Link: 712.925506, Spread: 3.278397
Epoch 469/600, Total: 1668.046944, Node: 951.748247, Link: 716.265495, Spread: 3.322005
Epoch 470/600, Total: 1673.566113, Node: 954.330254, Link: 719.202358, Spread: 3.351670
Epoch 471/600, Total: 1667.981332, Node: 955.646094, Link: 712.302641, Spread: 3.262398
Epoch 472/600, Total: 1660.728796, Node: 951.146312, Link: 709.549747, Spread: 3.272272
Epoch 473/600, Total: 1659.296247, Node: 948.270198, Link: 710.993529, Spread: 3.252969
Epoch 474/600, Total: 1671.048122, Node: 952.394941, Link: 718.619931, Spread: 3.326271
Epoch 475/600, Total: 1656.298601, Node: 944.807340, Link: 711.458038, Spread: 3.322879
Epoch 476/600, Total: 1666.683815, Node: 948.421508, Link: 718.229031, Spread: 3.328134
Epoch 477/600, Total: 1664.507909, Node: 948.709932, Link: 715.764650, Spread: 3.336846
Epoch 478/600, Total: 1659.594116, Node: 947.094087, Link: 712.467362, Spread: 3.266327
Epoch 479/600, Total: 1660.235909, Node: 946.416644, Link: 713.786790, Spread: 3.248368
Epoch 480/600, Total: 1666.021769, Node: 949.696629, Link: 716.292441, Spread: 3.270685
Epoch 481/600, Total: 1661.381958, Node: 946.433702, Link: 714.915512, Spread: 3.272198
Epoch 482/600, Total: 1670.349575, Node: 953.910936, Link: 716.406177, Spread: 3.246505
Epoch 483/600, Total: 1656.487041, Node: 948.051181, Link: 708.403824, Spread: 3.203373
Epoch 484/600, Total: 1671.975944, Node: 951.524245, Link: 720.418700, Spread: 3.298918
Epoch 485/600, Total: 1661.045222, Node: 949.398214, Link: 711.613973, Spread: 3.306731
Epoch 486/600, Total: 1666.499861, Node: 953.025428, Link: 713.441914, Spread: 3.249988
Epoch 487/600, Total: 1663.760063, Node: 948.455132, Link: 715.272461, Spread: 3.247637
Epoch 488/600, Total: 1662.113550, Node: 950.372243, Link: 711.709325, Spread: 3.198570
Epoch 489/600, Total: 1668.169416, Node: 952.144175, Link: 715.993015, Spread: 3.222784
Epoch 490/600, Total: 1661.810070, Node: 947.271333, Link: 714.506434, Spread: 3.232935
Epoch 491/600, Total: 1657.904935, Node: 947.560605, Link: 710.312211, Spread: 3.209561
Epoch 492/600, Total: 1666.669037, Node: 951.886808, Link: 714.749673, Spread: 3.256401
Epoch 493/600, Total: 1662.415882, Node: 951.458850, Link: 710.925275, Spread: 3.174075
Epoch 494/600, Total: 1668.582119, Node: 950.238164, Link: 718.311610, Spread: 3.237815
Epoch 495/600, Total: 1665.902547, Node: 947.081222, Link: 718.788834, Spread: 3.248780
Epoch 496/600, Total: 1663.908291, Node: 951.264402, Link: 712.612167, Spread: 3.174285
Epoch 497/600, Total: 1661.458117, Node: 954.745317, Link: 706.681214, Spread: 3.158664
Epoch 498/600, Total: 1665.505098, Node: 948.186943, Link: 717.286060, Spread: 3.209744
Epoch 499/600, Total: 1663.723142, Node: 946.994900, Link: 716.695998, Spread: 3.223028
Epoch 500/600, Total: 1670.383799, Node: 956.958895, Link: 713.392884, Spread: 3.200283
Epoch 501/600, Total: 1667.033085, Node: 950.677417, Link: 716.323152, Spread: 3.249091
Epoch 502/600, Total: 1669.737479, Node: 954.366370, Link: 715.339009, Spread: 3.211914
Epoch 503/600, Total: 1671.521785, Node: 955.801822, Link: 715.687938, Spread: 3.204766
Epoch 504/600, Total: 1663.876957, Node: 952.715917, Link: 711.129508, Spread: 3.152857
Epoch 505/600, Total: 1674.469851, Node: 957.186882, Link: 717.251911, Spread: 3.105568
Epoch 506/600, Total: 1667.093195, Node: 957.072225, Link: 709.990472, Spread: 3.050755
Epoch 507/600, Total: 1662.686385, Node: 952.088018, Link: 710.568653, Spread: 2.970182
Epoch 508/600, Total: 1671.439025, Node: 954.680862, Link: 716.727634, Spread: 3.053757
Epoch 509/600, Total: 1663.453069, Node: 951.557084, Link: 711.865889, Spread: 3.010673
Epoch 510/600, Total: 1663.841475, Node: 949.475573, Link: 714.335824, Spread: 3.009401
Epoch 511/600, Total: 1660.909783, Node: 947.785322, Link: 713.094054, Spread: 3.041040
Epoch 512/600, Total: 1666.140323, Node: 952.665697, Link: 713.444257, Spread: 3.037334
Epoch 513/600, Total: 1669.286182, Node: 953.592339, Link: 715.663025, Spread: 3.080575
Epoch 514/600, Total: 1659.759178, Node: 950.604507, Link: 709.124764, Spread: 2.992048
Epoch 515/600, Total: 1655.077349, Node: 945.379657, Link: 709.667834, Spread: 2.985302
Epoch 516/600, Total: 1656.886050, Node: 945.732258, Link: 711.123907, Spread: 2.987817
Epoch 517/600, Total: 1662.962711, Node: 946.027247, Link: 716.904959, Spread: 3.050869
Epoch 518/600, Total: 1660.496017, Node: 952.209695, Link: 708.256672, Spread: 2.965073
Epoch 519/600, Total: 1660.272234, Node: 946.385211, Link: 713.856855, Spread: 3.012979
Epoch 520/600, Total: 1664.406065, Node: 949.083960, Link: 715.291662, Spread: 3.047695
Epoch 521/600, Total: 1668.757661, Node: 954.765799, Link: 713.961556, Spread: 3.033796
Epoch 522/600, Total: 1668.983422, Node: 954.441739, Link: 714.511284, Spread: 3.038414
Epoch 523/600, Total: 1658.553576, Node: 952.098296, Link: 706.424974, Spread: 3.030905
Epoch 524/600, Total: 1652.277039, Node: 952.504606, Link: 699.742859, Spread: 2.957085
Epoch 525/600, Total: 1685.557573, Node: 975.727057, Link: 709.801128, Spread: 2.940346
Epoch 526/600, Total: 1643.762807, Node: 942.508126, Link: 701.224898, Spread: 2.976923
Epoch 527/600, Total: 1664.124685, Node: 947.452534, Link: 716.641659, Spread: 3.050161
Epoch 528/600, Total: 1671.050114, Node: 952.765688, Link: 718.253343, Spread: 3.109687
Epoch 529/600, Total: 1660.256354, Node: 949.592091, Link: 710.633051, Spread: 3.120722
Epoch 530/600, Total: 1669.101269, Node: 955.464705, Link: 713.605049, Spread: 3.150859
Epoch 531/600, Total: 1668.165164, Node: 952.126616, Link: 716.007240, Spread: 3.130866
Epoch 532/600, Total: 1666.508187, Node: 954.252604, Link: 712.223999, Spread: 3.157595
Epoch 533/600, Total: 1657.730282, Node: 947.060249, Link: 710.639028, Spread: 3.098562
Epoch 534/600, Total: 1649.342956, Node: 939.171712, Link: 710.140747, Spread: 3.048193
Epoch 535/600, Total: 1657.554251, Node: 945.228804, Link: 712.294387, Spread: 3.107795
Epoch 536/600, Total: 1669.646383, Node: 953.943288, Link: 715.671315, Spread: 3.177804
Epoch 537/600, Total: 1668.143822, Node: 956.221417, Link: 711.890674, Spread: 3.174559
Epoch 538/600, Total: 1653.827791, Node: 946.851824, Link: 706.945405, Spread: 3.056445
Epoch 539/600, Total: 1662.972967, Node: 946.056457, Link: 716.885365, Spread: 3.112356
Epoch 540/600, Total: 1669.993216, Node: 947.271589, Link: 722.689959, Spread: 3.170155
Epoch 541/600, Total: 1658.741109, Node: 947.853396, Link: 710.857887, Spread: 2.982785
Epoch 542/600, Total: 1652.965369, Node: 941.655639, Link: 711.279700, Spread: 3.003255
Epoch 543/600, Total: 1661.527113, Node: 947.137212, Link: 714.359552, Spread: 3.033709
Epoch 544/600, Total: 1664.825275, Node: 948.719317, Link: 716.075577, Spread: 3.040508
Epoch 545/600, Total: 1663.228412, Node: 948.890119, Link: 714.307835, Spread: 3.044705
Epoch 546/600, Total: 1663.215632, Node: 950.985718, Link: 712.199791, Spread: 3.017395
Epoch 547/600, Total: 1655.519002, Node: 947.180194, Link: 708.309495, Spread: 2.930378
Epoch 548/600, Total: 1653.202709, Node: 943.881212, Link: 709.292877, Spread: 2.860617
Epoch 549/600, Total: 1660.320843, Node: 947.395565, Link: 712.896274, Spread: 2.901581
Epoch 550/600, Total: 1653.140621, Node: 945.772947, Link: 707.339435, Spread: 2.822399
Epoch 551/600, Total: 1669.158681, Node: 951.487401, Link: 717.641697, Spread: 2.958736
Epoch 552/600, Total: 1667.303238, Node: 954.741028, Link: 712.532555, Spread: 2.963587
Epoch 553/600, Total: 1662.463950, Node: 953.043610, Link: 709.390723, Spread: 2.963056
Epoch 554/600, Total: 1667.403041, Node: 953.097534, Link: 714.275565, Spread: 2.993388
Epoch 555/600, Total: 1672.004021, Node: 954.408057, Link: 717.565714, Spread: 3.022961
Epoch 556/600, Total: 1653.385196, Node: 947.646220, Link: 705.709554, Spread: 2.939283
Epoch 557/600, Total: 1660.191316, Node: 944.823260, Link: 715.338850, Spread: 2.924303
Epoch 558/600, Total: 1651.235303, Node: 941.267758, Link: 709.939584, Spread: 2.795228
Epoch 559/600, Total: 1660.037303, Node: 944.533576, Link: 715.474452, Spread: 2.927732
Epoch 560/600, Total: 1660.275068, Node: 949.981685, Link: 710.263913, Spread: 2.946134
Epoch 561/600, Total: 1666.217534, Node: 951.878178, Link: 714.309862, Spread: 2.947508
Epoch 562/600, Total: 1677.081117, Node: 958.975121, Link: 718.076253, Spread: 2.974456
Epoch 563/600, Total: 1666.112234, Node: 948.305560, Link: 717.776763, Spread: 2.989749
Epoch 564/600, Total: 1650.067863, Node: 941.391391, Link: 708.648539, Spread: 2.798059
Epoch 565/600, Total: 1651.197821, Node: 943.019594, Link: 708.150455, Spread: 2.776980
Epoch 566/600, Total: 1663.181361, Node: 951.416834, Link: 711.735914, Spread: 2.861443
Epoch 567/600, Total: 1662.784747, Node: 951.458050, Link: 711.297990, Spread: 2.871292
Epoch 568/600, Total: 1662.953631, Node: 951.786457, Link: 711.137959, Spread: 2.923113
Epoch 569/600, Total: 1653.571871, Node: 947.028093, Link: 706.515608, Spread: 2.816038
Epoch 570/600, Total: 1666.921307, Node: 951.481582, Link: 715.410910, Spread: 2.881541
Epoch 571/600, Total: 1674.838778, Node: 956.452086, Link: 718.357053, Spread: 2.962787
Epoch 572/600, Total: 1667.586736, Node: 956.946694, Link: 710.610977, Spread: 2.903964
Epoch 573/600, Total: 1672.336977, Node: 950.248898, Link: 722.058153, Spread: 2.993504
Epoch 574/600, Total: 1667.463762, Node: 948.350163, Link: 719.083813, Spread: 2.977679
Epoch 575/600, Total: 1654.209643, Node: 946.065370, Link: 708.116330, Spread: 2.791268
Epoch 576/600, Total: 1653.810388, Node: 943.227785, Link: 710.554392, Spread: 2.823865
Epoch 577/600, Total: 1663.261429, Node: 949.808447, Link: 713.424685, Spread: 2.830118
Epoch 578/600, Total: 1661.129288, Node: 951.203847, Link: 709.896850, Spread: 2.858892
Epoch 579/600, Total: 1672.272547, Node: 950.666906, Link: 721.576067, Spread: 2.958543
Epoch 580/600, Total: 1675.766928, Node: 960.147186, Link: 715.590319, Spread: 2.938774
Epoch 581/600, Total: 1665.296458, Node: 955.396268, Link: 709.870905, Spread: 2.926801
Epoch 582/600, Total: 1644.251771, Node: 941.286807, Link: 702.936793, Spread: 2.817338
Epoch 583/600, Total: 1650.698537, Node: 940.641476, Link: 710.029668, Spread: 2.742393
Epoch 584/600, Total: 1666.060191, Node: 954.124805, Link: 711.906875, Spread: 2.850938
Epoch 585/600, Total: 1656.887300, Node: 947.785349, Link: 709.073588, Spread: 2.834952
Epoch 586/600, Total: 1659.956044, Node: 944.457949, Link: 715.469692, Spread: 2.841333
Epoch 587/600, Total: 1663.736360, Node: 954.486384, Link: 709.222035, Spread: 2.795154
Epoch 588/600, Total: 1656.879268, Node: 948.523838, Link: 708.327510, Spread: 2.793644
Epoch 589/600, Total: 1672.096689, Node: 953.424327, Link: 718.643518, Spread: 2.884817
Epoch 590/600, Total: 1671.260073, Node: 954.572783, Link: 716.658284, Spread: 2.902476
Epoch 591/600, Total: 1660.679947, Node: 951.986778, Link: 708.665015, Spread: 2.815456
Epoch 592/600, Total: 1662.378287, Node: 952.806992, Link: 709.543196, Spread: 2.812028
Epoch 593/600, Total: 1655.302994, Node: 948.247386, Link: 707.027760, Spread: 2.781962
Epoch 594/600, Total: 1656.283208, Node: 947.294947, Link: 708.960639, Spread: 2.763075
Epoch 595/600, Total: 1662.742679, Node: 945.043904, Link: 717.670283, Spread: 2.845739
Epoch 596/600, Total: 1668.117639, Node: 951.779684, Link: 716.309252, Spread: 2.867433
Epoch 597/600, Total: 1670.660478, Node: 958.674135, Link: 711.957680, Spread: 2.864930
Epoch 598/600, Total: 1662.352118, Node: 953.286629, Link: 709.037534, Spread: 2.798833
Epoch 599/600, Total: 1658.986027, Node: 947.263733, Link: 711.694654, Spread: 2.763711
Epoch 600/600, Total: 1671.215981, Node: 948.240776, Link: 722.946767, Spread: 2.845074
Saved sweep result to: /homes/dameyer/ml-for-wdn-project-4/results/aggregated/gnn_training_sweep/net1_buffer=5_rollout=20_seed=42.json
Table value: 948.240776
