================================
GNN training sweep
Job ID: 242696
Task ID: 25
Buffer size: 20
Rollout length: 5
================================
Running GNN sweep: dataset=Net1, buffer=20, rollout=5
Epoch 1/600, Total: 2422.184576, Node: 1359.793630, Link: 1061.424876, Spread: 96.606387
Epoch 2/600, Total: 1925.821763, Node: 1189.898766, Link: 734.959078, Spread: 96.392072
Epoch 3/600, Total: 1916.360186, Node: 1167.793732, Link: 747.731194, Spread: 83.525811
Epoch 4/600, Total: 1863.127464, Node: 1120.166351, Link: 742.258919, Spread: 70.219226
Epoch 5/600, Total: 1804.930115, Node: 1089.322084, Link: 714.952341, Spread: 65.568371
Epoch 6/600, Total: 1794.337991, Node: 1077.755207, Link: 715.989277, Spread: 59.350603
Epoch 7/600, Total: 1783.174498, Node: 1076.510376, Link: 706.131107, Spread: 53.301990
Epoch 8/600, Total: 1765.371299, Node: 1054.757555, Link: 710.156449, Spread: 45.729295
Epoch 9/600, Total: 1763.781359, Node: 1062.262163, Link: 701.102841, Spread: 41.635858
Epoch 10/600, Total: 1737.731116, Node: 1039.562752, Link: 697.796229, Spread: 37.213042
Epoch 11/600, Total: 1718.741999, Node: 1032.656261, Link: 685.741172, Spread: 34.455772
Epoch 12/600, Total: 1687.865933, Node: 1015.488820, Link: 672.082680, Spread: 29.444682
Epoch 13/600, Total: 1692.899002, Node: 1012.695328, Link: 679.941119, Spread: 26.255184
Epoch 14/600, Total: 1707.428884, Node: 1029.090939, Link: 678.110459, Spread: 22.748567
Epoch 15/600, Total: 1783.235794, Node: 1079.770756, Link: 703.244869, Spread: 22.016280
Epoch 16/600, Total: 1768.629447, Node: 1057.815295, Link: 710.631766, Spread: 18.238236
Epoch 17/600, Total: 1774.754664, Node: 1053.085557, Link: 721.531266, Spread: 13.784272
Epoch 18/600, Total: 1756.543381, Node: 1031.367579, Link: 725.057686, Spread: 11.811218
Epoch 19/600, Total: 1738.468286, Node: 1021.580810, Link: 716.792257, Spread: 9.522860
Epoch 20/600, Total: 1770.361920, Node: 1065.763828, Link: 704.518005, Spread: 8.008859
Epoch 21/600, Total: 1762.047747, Node: 1047.624854, Link: 714.352945, Spread: 6.993950
Epoch 22/600, Total: 1711.816719, Node: 1025.613750, Link: 686.138670, Spread: 6.429417
Epoch 23/600, Total: 1715.457167, Node: 1016.606341, Link: 698.789554, Spread: 6.126660
Epoch 24/600, Total: 1680.907709, Node: 1004.885690, Link: 675.962890, Spread: 5.913013
Epoch 25/600, Total: 1666.140844, Node: 988.854686, Link: 677.229668, Spread: 5.648642
Epoch 26/600, Total: 1661.033918, Node: 990.838022, Link: 670.141786, Spread: 5.410180
Epoch 27/600, Total: 1678.135640, Node: 993.902064, Link: 684.182243, Spread: 5.132853
Epoch 28/600, Total: 1651.896299, Node: 984.300019, Link: 667.546115, Spread: 5.017078
Epoch 29/600, Total: 1674.948133, Node: 1011.455911, Link: 663.444454, Spread: 4.775937
Epoch 30/600, Total: 1663.948380, Node: 1013.159480, Link: 650.742221, Spread: 4.669485
Epoch 31/600, Total: 1659.275576, Node: 1015.017874, Link: 644.212082, Spread: 4.561129
Epoch 32/600, Total: 1681.918017, Node: 1025.192866, Link: 656.680336, Spread: 4.481748
Epoch 33/600, Total: 1643.258052, Node: 995.767360, Link: 647.448226, Spread: 4.246366
Epoch 34/600, Total: 1650.273367, Node: 1010.326332, Link: 639.906074, Spread: 4.095799
Epoch 35/600, Total: 1660.389321, Node: 1014.536191, Link: 645.812013, Spread: 4.111673
Epoch 36/600, Total: 1641.681790, Node: 1003.559039, Link: 638.082306, Spread: 4.043847
Epoch 37/600, Total: 1645.505986, Node: 1009.741994, Link: 635.724975, Spread: 3.901769
Epoch 38/600, Total: 1667.667509, Node: 1015.783187, Link: 651.846928, Spread: 3.740199
Epoch 39/600, Total: 1626.914386, Node: 994.793460, Link: 632.085311, Spread: 3.561673
Epoch 40/600, Total: 1624.380516, Node: 990.567897, Link: 633.776135, Spread: 3.648390
Epoch 41/600, Total: 1644.068203, Node: 1006.341462, Link: 637.692765, Spread: 3.398235
Epoch 42/600, Total: 1704.484285, Node: 1039.581596, Link: 664.868304, Spread: 3.438208
Epoch 43/600, Total: 1642.877349, Node: 1000.700052, Link: 642.144742, Spread: 3.255264
Epoch 44/600, Total: 1644.107552, Node: 1002.324869, Link: 641.750680, Spread: 3.199938
Epoch 45/600, Total: 1651.488227, Node: 1011.146562, Link: 640.310850, Spread: 3.082055
Epoch 46/600, Total: 1643.285322, Node: 1001.745962, Link: 641.508920, Spread: 3.043876
Epoch 47/600, Total: 1635.569346, Node: 997.310978, Link: 638.226983, Spread: 3.138496
Epoch 48/600, Total: 1660.473019, Node: 1015.924336, Link: 644.517601, Spread: 3.108658
Epoch 49/600, Total: 1659.416082, Node: 1014.171688, Link: 645.212208, Spread: 3.219111
Epoch 50/600, Total: 1694.747322, Node: 1038.015236, Link: 656.700279, Spread: 3.181353
Epoch 51/600, Total: 1624.814487, Node: 990.855433, Link: 633.927651, Spread: 3.139964
Epoch 52/600, Total: 1671.579531, Node: 1026.225019, Link: 645.327030, Spread: 2.748252
Epoch 53/600, Total: 1654.931013, Node: 1016.678338, Link: 638.226120, Spread: 2.654972
Epoch 54/600, Total: 1638.582121, Node: 1002.132329, Link: 636.422673, Spread: 2.711270
Epoch 55/600, Total: 1619.937714, Node: 990.430699, Link: 629.479548, Spread: 2.747085
Epoch 56/600, Total: 1625.372907, Node: 994.188454, Link: 631.155503, Spread: 2.893985
Epoch 57/600, Total: 1605.442755, Node: 978.810460, Link: 626.603976, Spread: 2.831657
Epoch 58/600, Total: 1651.499830, Node: 1016.154738, Link: 635.318585, Spread: 2.649316
Epoch 59/600, Total: 1672.736913, Node: 1021.631504, Link: 651.078136, Spread: 2.727003
Epoch 60/600, Total: 1642.670751, Node: 987.138637, Link: 655.503424, Spread: 2.868874
Epoch 61/600, Total: 1639.188261, Node: 1002.999419, Link: 636.159482, Spread: 2.935809
Epoch 62/600, Total: 1613.431562, Node: 984.108325, Link: 629.294469, Spread: 2.877009
Epoch 63/600, Total: 1619.375637, Node: 988.831758, Link: 630.515059, Spread: 2.882969
Epoch 64/600, Total: 1602.828539, Node: 977.230008, Link: 625.568406, Spread: 3.012934
Epoch 65/600, Total: 1604.572291, Node: 983.714007, Link: 620.826104, Spread: 3.217373
Epoch 66/600, Total: 1632.874175, Node: 1001.968220, Link: 630.875599, Spread: 3.035119
Epoch 67/600, Total: 1608.265416, Node: 984.535359, Link: 623.698518, Spread: 3.154446
Epoch 68/600, Total: 1614.824319, Node: 985.372200, Link: 629.421072, Spread: 3.103787
Epoch 69/600, Total: 1648.724132, Node: 1005.325363, Link: 643.369116, Spread: 2.965276
Epoch 70/600, Total: 1614.927530, Node: 988.072099, Link: 626.825461, Spread: 2.997132
Epoch 71/600, Total: 1664.074661, Node: 1021.895876, Link: 642.144545, Spread: 3.424344
Epoch 72/600, Total: 1613.756935, Node: 985.304443, Link: 628.419029, Spread: 3.345997
Epoch 73/600, Total: 1612.662065, Node: 987.011070, Link: 625.619630, Spread: 3.135502
Epoch 74/600, Total: 1630.473162, Node: 997.717832, Link: 632.723927, Spread: 3.141358
Epoch 75/600, Total: 1613.044419, Node: 989.165534, Link: 623.848551, Spread: 3.034141
Epoch 76/600, Total: 1625.311650, Node: 998.284225, Link: 626.996271, Spread: 3.115317
Epoch 77/600, Total: 1601.632167, Node: 982.757854, Link: 618.842794, Spread: 3.151393
Epoch 78/600, Total: 1620.165790, Node: 997.449956, Link: 622.684539, Spread: 3.128985
Epoch 79/600, Total: 1606.457501, Node: 988.127659, Link: 618.296376, Spread: 3.346532
Epoch 80/600, Total: 1619.894701, Node: 994.299052, Link: 625.564807, Spread: 3.083848
Epoch 81/600, Total: 1617.460667, Node: 993.648765, Link: 623.779346, Spread: 3.255428
Epoch 82/600, Total: 1592.998588, Node: 978.894045, Link: 614.069848, Spread: 3.469722
Epoch 83/600, Total: 1620.964860, Node: 991.071117, Link: 629.857678, Spread: 3.606782
Epoch 84/600, Total: 1588.409154, Node: 979.318758, Link: 609.055420, Spread: 3.498133
Epoch 85/600, Total: 1653.578786, Node: 1023.873061, Link: 629.674700, Spread: 3.102577
Epoch 86/600, Total: 1612.116969, Node: 992.591815, Link: 619.494793, Spread: 3.036832
Epoch 87/600, Total: 1663.647216, Node: 1014.431987, Link: 649.187309, Spread: 2.791963
Epoch 88/600, Total: 1607.910867, Node: 984.194879, Link: 623.687412, Spread: 2.857889
Epoch 89/600, Total: 1607.992501, Node: 986.964862, Link: 620.998730, Spread: 2.890410
Epoch 90/600, Total: 1615.510722, Node: 988.475389, Link: 627.005202, Spread: 3.013205
Epoch 91/600, Total: 1615.033669, Node: 987.072994, Link: 627.930347, Spread: 3.031847
Epoch 92/600, Total: 1599.660218, Node: 980.954159, Link: 618.676367, Spread: 2.968897
Epoch 93/600, Total: 1638.208021, Node: 1005.954871, Link: 632.225860, Spread: 2.728934
Epoch 94/600, Total: 1599.548194, Node: 980.131154, Link: 619.389431, Spread: 2.760775
Epoch 95/600, Total: 1607.774307, Node: 985.599208, Link: 622.145443, Spread: 2.965186
Epoch 96/600, Total: 1595.362658, Node: 974.715150, Link: 620.616423, Spread: 3.107883
Epoch 97/600, Total: 1600.446570, Node: 987.492287, Link: 612.920724, Spread: 3.356001
Epoch 98/600, Total: 1614.638011, Node: 988.700234, Link: 625.905065, Spread: 3.271243
Epoch 99/600, Total: 1582.015018, Node: 978.504409, Link: 603.474002, Spread: 3.661127
Epoch 100/600, Total: 1595.721002, Node: 980.209165, Link: 615.473777, Spread: 3.807046
Epoch 101/600, Total: 1605.361494, Node: 986.505174, Link: 618.819348, Spread: 3.697687
Epoch 102/600, Total: 1704.800105, Node: 1038.948751, Link: 665.814832, Spread: 3.651983
Epoch 103/600, Total: 1624.532469, Node: 1001.933995, Link: 622.555634, Spread: 4.284198
Epoch 104/600, Total: 1578.715456, Node: 978.615023, Link: 600.057811, Spread: 4.263247
Epoch 105/600, Total: 1587.988400, Node: 982.885416, Link: 605.063362, Spread: 3.961718
Epoch 106/600, Total: 1603.214511, Node: 989.348783, Link: 613.827038, Spread: 3.869601
Epoch 107/600, Total: 1622.055492, Node: 987.891262, Link: 634.126820, Spread: 3.740569
Epoch 108/600, Total: 1578.551542, Node: 979.016340, Link: 599.499615, Spread: 3.558489
Epoch 109/600, Total: 1572.447313, Node: 971.471744, Link: 600.941446, Spread: 3.413039
Epoch 110/600, Total: 1594.896931, Node: 985.748818, Link: 609.115855, Spread: 3.226139
Epoch 111/600, Total: 1586.014378, Node: 980.268087, Link: 605.714066, Spread: 3.222781
Epoch 112/600, Total: 1624.231619, Node: 997.596975, Link: 626.605229, Spread: 2.942539
Epoch 113/600, Total: 1618.926288, Node: 997.372434, Link: 621.527417, Spread: 2.643958
Epoch 114/600, Total: 1609.157304, Node: 981.115983, Link: 628.014390, Spread: 2.693186
Epoch 115/600, Total: 1586.609818, Node: 976.450988, Link: 610.132065, Spread: 2.676963
Epoch 116/600, Total: 1612.723078, Node: 990.409851, Link: 622.287425, Spread: 2.579130
Epoch 117/600, Total: 1691.197991, Node: 1046.431494, Link: 644.741093, Spread: 2.539941
Epoch 118/600, Total: 1624.371008, Node: 997.246170, Link: 627.098929, Spread: 2.589998
Epoch 119/600, Total: 1609.563113, Node: 987.421309, Link: 622.116731, Spread: 2.507756
Epoch 120/600, Total: 1580.338600, Node: 971.290733, Link: 609.022832, Spread: 2.503127
Epoch 121/600, Total: 1630.829726, Node: 1001.630188, Link: 629.174965, Spread: 2.456476
Epoch 122/600, Total: 1597.884436, Node: 979.859224, Link: 618.000484, Spread: 2.472113
Epoch 123/600, Total: 1581.260630, Node: 970.699535, Link: 610.536716, Spread: 2.437523
Epoch 124/600, Total: 1613.449641, Node: 997.624959, Link: 615.800540, Spread: 2.414959
Epoch 125/600, Total: 1601.256356, Node: 985.132860, Link: 616.098847, Spread: 2.464560
Epoch 126/600, Total: 1592.052743, Node: 983.899192, Link: 608.129653, Spread: 2.390000
Epoch 127/600, Total: 1599.633024, Node: 992.040775, Link: 607.566873, Spread: 2.538046
Epoch 128/600, Total: 1603.073502, Node: 989.025194, Link: 614.021653, Spread: 2.664719
Epoch 129/600, Total: 1594.517738, Node: 987.136142, Link: 607.354841, Spread: 2.675129
Epoch 130/600, Total: 1573.368248, Node: 970.408213, Link: 602.934119, Spread: 2.592414
Epoch 131/600, Total: 1576.597818, Node: 975.906529, Link: 600.666268, Spread: 2.502525
Epoch 132/600, Total: 1568.319112, Node: 976.509566, Link: 591.784142, Spread: 2.540121
Epoch 133/600, Total: 1609.200087, Node: 989.585326, Link: 619.589291, Spread: 2.547355
Epoch 134/600, Total: 1595.817567, Node: 984.847346, Link: 610.946103, Spread: 2.412029
Epoch 135/600, Total: 1608.269670, Node: 984.428741, Link: 623.815672, Spread: 2.526198
Epoch 136/600, Total: 1566.246030, Node: 964.521233, Link: 601.699533, Spread: 2.525394
Epoch 137/600, Total: 1581.164966, Node: 975.697503, Link: 605.442412, Spread: 2.505657
Epoch 138/600, Total: 1609.563340, Node: 997.931950, Link: 611.605817, Spread: 2.558002
Epoch 139/600, Total: 1580.058389, Node: 967.848325, Link: 612.184042, Spread: 2.602402
Epoch 140/600, Total: 1605.148009, Node: 983.286179, Link: 621.836780, Spread: 2.505348
Epoch 141/600, Total: 1596.291351, Node: 989.074411, Link: 607.192844, Spread: 2.409272
Epoch 142/600, Total: 1556.745043, Node: 964.821754, Link: 591.898727, Spread: 2.455316
Epoch 143/600, Total: 1552.414201, Node: 961.124099, Link: 591.265434, Spread: 2.466939
Epoch 144/600, Total: 1563.695175, Node: 975.604656, Link: 588.065707, Spread: 2.480705
Epoch 145/600, Total: 1607.302560, Node: 980.916561, Link: 626.360829, Spread: 2.516789
Epoch 146/600, Total: 1585.185795, Node: 971.198211, Link: 613.963357, Spread: 2.422647
Epoch 147/600, Total: 1566.520018, Node: 966.626863, Link: 599.868876, Spread: 2.428055
Epoch 148/600, Total: 1603.728103, Node: 989.464916, Link: 614.239015, Spread: 2.417275
Epoch 149/600, Total: 1571.949468, Node: 969.563566, Link: 602.361278, Spread: 2.461304
Epoch 150/600, Total: 1597.309721, Node: 993.444744, Link: 603.838887, Spread: 2.607402
Epoch 151/600, Total: 1595.099248, Node: 985.249395, Link: 609.823685, Spread: 2.616823
Epoch 152/600, Total: 1614.686711, Node: 992.423619, Link: 622.237209, Spread: 2.588542
Epoch 153/600, Total: 1629.339010, Node: 1008.762619, Link: 620.551427, Spread: 2.497289
Epoch 154/600, Total: 1595.398464, Node: 983.644657, Link: 611.728466, Spread: 2.534591
Epoch 155/600, Total: 1579.553206, Node: 980.921164, Link: 598.606344, Spread: 2.570103
Epoch 156/600, Total: 1568.531168, Node: 971.523483, Link: 596.981823, Spread: 2.586805
Epoch 157/600, Total: 1569.032015, Node: 972.880054, Link: 596.124104, Spread: 2.785937
Epoch 158/600, Total: 1566.446295, Node: 966.071668, Link: 600.347606, Spread: 2.702299
Epoch 159/600, Total: 1632.788962, Node: 1005.674771, Link: 627.087063, Spread: 2.712146
Epoch 160/600, Total: 1598.440354, Node: 986.724509, Link: 611.689908, Spread: 2.592679
Epoch 161/600, Total: 1558.563972, Node: 969.254774, Link: 589.283468, Spread: 2.572244
Epoch 162/600, Total: 1568.693269, Node: 974.396784, Link: 594.270422, Spread: 2.606119
Epoch 163/600, Total: 1569.209317, Node: 971.110730, Link: 598.072955, Spread: 2.563551
Epoch 164/600, Total: 1610.799003, Node: 1000.517145, Link: 610.256465, Spread: 2.538627
Epoch 165/600, Total: 1596.229811, Node: 990.320613, Link: 605.883934, Spread: 2.526858
Epoch 166/600, Total: 1600.791122, Node: 989.192969, Link: 611.572388, Spread: 2.577146
Epoch 167/600, Total: 1571.706867, Node: 967.352308, Link: 604.329386, Spread: 2.517381
Epoch 168/600, Total: 1580.661980, Node: 969.388858, Link: 611.248135, Spread: 2.498906
Epoch 169/600, Total: 1578.124340, Node: 975.729367, Link: 602.370238, Spread: 2.473217
Epoch 170/600, Total: 1599.449375, Node: 993.307646, Link: 606.115986, Spread: 2.574686
Epoch 171/600, Total: 1573.373556, Node: 973.976347, Link: 599.371691, Spread: 2.551886
Epoch 172/600, Total: 1600.893914, Node: 990.645391, Link: 610.223723, Spread: 2.479823
Epoch 173/600, Total: 1557.686617, Node: 969.345069, Link: 588.316260, Spread: 2.530062
Epoch 174/600, Total: 1600.066174, Node: 979.846985, Link: 620.192616, Spread: 2.657760
Epoch 175/600, Total: 1594.582488, Node: 985.169192, Link: 609.387863, Spread: 2.543695
Epoch 176/600, Total: 1567.150541, Node: 968.421809, Link: 598.701875, Spread: 2.685771
Epoch 177/600, Total: 1566.484006, Node: 970.743551, Link: 595.711436, Spread: 2.901349
Epoch 178/600, Total: 1584.511943, Node: 982.096072, Link: 602.386971, Spread: 2.890126
Epoch 179/600, Total: 1554.841076, Node: 970.265144, Link: 584.548148, Spread: 2.778406
Epoch 180/600, Total: 1633.600677, Node: 1009.599771, Link: 623.973543, Spread: 2.736255
Epoch 181/600, Total: 1560.488217, Node: 970.558835, Link: 589.900615, Spread: 2.877030
Epoch 182/600, Total: 1607.515682, Node: 995.589805, Link: 611.898023, Spread: 2.783824
Epoch 183/600, Total: 1603.278383, Node: 993.041548, Link: 610.209053, Spread: 2.779426
Epoch 184/600, Total: 1581.785958, Node: 980.964253, Link: 600.793791, Spread: 2.791513
Epoch 185/600, Total: 1573.853465, Node: 971.973680, Link: 601.850923, Spread: 2.886358
Epoch 186/600, Total: 1570.346475, Node: 974.352514, Link: 595.962213, Spread: 3.175027
Epoch 187/600, Total: 1603.964609, Node: 991.935318, Link: 611.997304, Spread: 3.198784
Epoch 188/600, Total: 1615.616941, Node: 999.526148, Link: 616.059608, Spread: 3.117977
Epoch 189/600, Total: 1580.673881, Node: 979.047269, Link: 601.597516, Spread: 2.909132
Epoch 190/600, Total: 1595.736985, Node: 988.814924, Link: 606.891495, Spread: 3.056702
Epoch 191/600, Total: 1603.832745, Node: 994.370444, Link: 609.431500, Spread: 3.080695
Epoch 192/600, Total: 1569.245549, Node: 976.176200, Link: 593.039054, Spread: 3.029683
Epoch 193/600, Total: 1557.726101, Node: 970.742094, Link: 586.952812, Spread: 3.119869
Epoch 194/600, Total: 1580.079238, Node: 981.457894, Link: 598.589930, Spread: 3.141114
Epoch 195/600, Total: 1553.883921, Node: 961.842232, Link: 592.011124, Spread: 3.057882
Epoch 196/600, Total: 1566.562192, Node: 967.538345, Link: 598.993966, Spread: 2.988072
Epoch 197/600, Total: 1551.206038, Node: 962.327420, Link: 588.847712, Spread: 3.090581
Epoch 198/600, Total: 1598.526682, Node: 979.049546, Link: 619.449772, Spread: 2.735702
Epoch 199/600, Total: 1565.285427, Node: 976.817536, Link: 588.445417, Spread: 2.247252
Epoch 200/600, Total: 1561.276073, Node: 972.621970, Link: 588.631300, Spread: 2.280381
Epoch 201/600, Total: 1572.250000, Node: 981.128505, Link: 591.098680, Spread: 2.280682
Epoch 202/600, Total: 1559.380137, Node: 969.454391, Link: 589.901666, Spread: 2.409342
Epoch 203/600, Total: 1597.430730, Node: 990.210138, Link: 607.195281, Spread: 2.530932
Epoch 204/600, Total: 1610.505830, Node: 1009.846033, Link: 600.634242, Spread: 2.555522
Epoch 205/600, Total: 1567.989490, Node: 973.816479, Link: 594.148197, Spread: 2.481140
Epoch 206/600, Total: 1572.199667, Node: 979.689865, Link: 592.483980, Spread: 2.581859
Epoch 207/600, Total: 1625.624131, Node: 1010.042634, Link: 615.555965, Spread: 2.552010
Epoch 208/600, Total: 1582.498538, Node: 981.515092, Link: 600.958045, Spread: 2.540493
Epoch 209/600, Total: 1590.267579, Node: 981.761053, Link: 608.479388, Spread: 2.713817
Epoch 210/600, Total: 1552.073915, Node: 963.899594, Link: 588.146634, Spread: 2.768912
Epoch 211/600, Total: 1572.023659, Node: 974.726818, Link: 597.268698, Spread: 2.814707
Epoch 212/600, Total: 1672.591421, Node: 1037.212987, Link: 635.351020, Spread: 2.741862
Epoch 213/600, Total: 1615.227183, Node: 997.062396, Link: 618.137073, Spread: 2.771427
Epoch 214/600, Total: 1595.453160, Node: 990.562557, Link: 604.862841, Spread: 2.776093
Epoch 215/600, Total: 1542.644783, Node: 967.374822, Link: 575.242431, Spread: 2.753373
Epoch 216/600, Total: 1611.994641, Node: 1001.145786, Link: 610.819551, Spread: 2.930305
Epoch 217/600, Total: 1606.702067, Node: 989.820611, Link: 616.850676, Spread: 3.077843
Epoch 218/600, Total: 1569.592147, Node: 972.603335, Link: 596.958318, Spread: 3.049780
Epoch 219/600, Total: 1572.236767, Node: 976.755295, Link: 595.451356, Spread: 3.011422
Epoch 220/600, Total: 1569.078813, Node: 972.612561, Link: 596.435413, Spread: 3.083166
Epoch 221/600, Total: 1575.853533, Node: 980.997124, Link: 594.824945, Spread: 3.145400
Epoch 222/600, Total: 1566.380462, Node: 967.732238, Link: 598.616193, Spread: 3.203017
Epoch 223/600, Total: 1581.987971, Node: 977.340912, Link: 604.614813, Spread: 3.224192
Epoch 224/600, Total: 1551.482433, Node: 959.465256, Link: 591.984283, Spread: 3.289737
Epoch 225/600, Total: 1565.377922, Node: 969.503965, Link: 595.840102, Spread: 3.385397
Epoch 226/600, Total: 1651.275945, Node: 1030.158412, Link: 621.086161, Spread: 3.136422
Epoch 227/600, Total: 1571.169015, Node: 977.406030, Link: 593.730945, Spread: 3.203284
Epoch 228/600, Total: 1555.266051, Node: 963.253792, Link: 591.979041, Spread: 3.321760
Epoch 229/600, Total: 1569.262824, Node: 966.540049, Link: 602.688596, Spread: 3.417118
Epoch 230/600, Total: 1561.450093, Node: 972.135182, Link: 589.279915, Spread: 3.499933
Epoch 231/600, Total: 1571.497214, Node: 971.139814, Link: 600.322635, Spread: 3.476409
Epoch 232/600, Total: 1562.135953, Node: 970.965518, Link: 591.135006, Spread: 3.543149
Epoch 233/600, Total: 1584.475500, Node: 978.878743, Link: 605.561507, Spread: 3.524230
Epoch 234/600, Total: 1549.888452, Node: 962.043791, Link: 587.808378, Spread: 3.627655
Epoch 235/600, Total: 1571.570793, Node: 971.510684, Link: 600.024014, Spread: 3.608658
Epoch 236/600, Total: 1541.498063, Node: 960.406415, Link: 581.054401, Spread: 3.723893
Epoch 237/600, Total: 1626.661145, Node: 1016.537567, Link: 610.086796, Spread: 3.678059
Epoch 238/600, Total: 1613.405970, Node: 994.307928, Link: 619.059751, Spread: 3.827748
Epoch 239/600, Total: 1568.896624, Node: 977.077382, Link: 591.780631, Spread: 3.861631
Epoch 240/600, Total: 1556.723678, Node: 971.572394, Link: 585.115985, Spread: 3.530310
Epoch 241/600, Total: 1569.247310, Node: 976.783945, Link: 592.427053, Spread: 3.630958
Epoch 242/600, Total: 1542.829153, Node: 956.095990, Link: 586.695812, Spread: 3.734979
Epoch 243/600, Total: 1559.873636, Node: 969.919662, Link: 589.919274, Spread: 3.469914
Epoch 244/600, Total: 1602.396288, Node: 982.450936, Link: 619.913570, Spread: 3.177974
Epoch 245/600, Total: 1556.588500, Node: 963.375851, Link: 593.179703, Spread: 3.294240
Epoch 246/600, Total: 1562.385899, Node: 964.172542, Link: 598.178424, Spread: 3.493787
Epoch 247/600, Total: 1563.749191, Node: 965.755538, Link: 597.957973, Spread: 3.568350
Epoch 248/600, Total: 1606.330371, Node: 987.308186, Link: 618.987597, Spread: 3.460064
Epoch 249/600, Total: 1563.642097, Node: 966.693812, Link: 596.913054, Spread: 3.524069
Epoch 250/600, Total: 1586.139955, Node: 979.673748, Link: 606.429893, Spread: 3.631898
Epoch 251/600, Total: 1562.131543, Node: 965.162630, Link: 596.930168, Spread: 3.874119
Epoch 252/600, Total: 1554.769670, Node: 966.177467, Link: 588.554971, Spread: 3.722728
Epoch 253/600, Total: 1609.158398, Node: 995.905554, Link: 613.219849, Spread: 3.299099
Epoch 254/600, Total: 1605.501335, Node: 988.996991, Link: 616.474033, Spread: 3.031044
Epoch 255/600, Total: 1578.017274, Node: 981.618430, Link: 596.366176, Spread: 3.266857
Epoch 256/600, Total: 1584.108903, Node: 981.120432, Link: 602.956701, Spread: 3.177301
Epoch 257/600, Total: 1602.593920, Node: 991.997636, Link: 610.562799, Spread: 3.348086
Epoch 258/600, Total: 1629.497360, Node: 998.179318, Link: 631.285284, Spread: 3.275694
Epoch 259/600, Total: 1587.582182, Node: 980.443379, Link: 607.107560, Spread: 3.124513
Epoch 260/600, Total: 1574.069705, Node: 973.245594, Link: 600.793315, Spread: 3.079670
Epoch 261/600, Total: 1576.929296, Node: 975.760968, Link: 601.136064, Spread: 3.225102
Epoch 262/600, Total: 1562.428898, Node: 961.863217, Link: 600.535635, Spread: 3.005298
Epoch 263/600, Total: 1568.741522, Node: 972.490213, Link: 596.220250, Spread: 3.106011
Epoch 264/600, Total: 1619.092333, Node: 1001.055711, Link: 618.006728, Spread: 2.989178
Epoch 265/600, Total: 1570.748870, Node: 972.047597, Link: 598.671579, Spread: 2.969242
Epoch 266/600, Total: 1572.274740, Node: 970.369185, Link: 601.874297, Spread: 3.125575
Epoch 267/600, Total: 1553.551439, Node: 965.974323, Link: 587.543177, Spread: 3.394817
Epoch 268/600, Total: 1549.997128, Node: 961.342819, Link: 588.618865, Spread: 3.543747
Epoch 269/600, Total: 1542.872468, Node: 959.444266, Link: 583.391284, Spread: 3.691316
Epoch 270/600, Total: 1577.499904, Node: 978.182660, Link: 599.277933, Spread: 3.932090
Epoch 271/600, Total: 1606.993138, Node: 994.957887, Link: 611.998951, Spread: 3.630224
Epoch 272/600, Total: 1577.083537, Node: 979.524280, Link: 597.524410, Spread: 3.484703
Epoch 273/600, Total: 1562.796868, Node: 976.892567, Link: 585.866068, Spread: 3.823900
Epoch 274/600, Total: 1548.009753, Node: 966.807407, Link: 581.163902, Spread: 3.844436
Epoch 275/600, Total: 1577.672273, Node: 976.361439, Link: 601.270972, Spread: 3.986562
Epoch 276/600, Total: 1556.533968, Node: 963.178001, Link: 593.316369, Spread: 3.960193
Epoch 277/600, Total: 1564.687509, Node: 968.410742, Link: 596.235270, Spread: 4.150304
Epoch 278/600, Total: 1607.331125, Node: 988.764336, Link: 618.522857, Spread: 4.392508
Epoch 279/600, Total: 1564.104928, Node: 961.676233, Link: 602.383640, Spread: 4.506104
Epoch 280/600, Total: 1559.199500, Node: 964.405899, Link: 594.745151, Spread: 4.844836
Epoch 281/600, Total: 1560.568628, Node: 969.603852, Link: 590.912601, Spread: 5.217679
Epoch 282/600, Total: 1579.389754, Node: 979.739043, Link: 599.598267, Spread: 5.245262
Epoch 283/600, Total: 1561.787339, Node: 976.315189, Link: 585.417736, Spread: 5.441800
Epoch 284/600, Total: 1588.224498, Node: 988.163845, Link: 600.007517, Spread: 5.313521
Epoch 285/600, Total: 1572.396148, Node: 978.149202, Link: 594.191515, Spread: 5.543468
Epoch 286/600, Total: 1567.658882, Node: 974.330836, Link: 593.271020, Spread: 5.702515
Epoch 287/600, Total: 1607.007497, Node: 997.217843, Link: 609.734099, Spread: 5.554374
Epoch 288/600, Total: 1582.104269, Node: 986.968945, Link: 595.079511, Spread: 5.581269
Epoch 289/600, Total: 1551.956834, Node: 969.056868, Link: 582.836893, Spread: 6.305881
Epoch 290/600, Total: 1541.542222, Node: 967.605714, Link: 573.873023, Spread: 6.348637
Epoch 291/600, Total: 1544.443462, Node: 964.832921, Link: 579.543411, Spread: 6.713940
Epoch 292/600, Total: 1586.176656, Node: 978.193212, Link: 607.918277, Spread: 6.516100
Epoch 293/600, Total: 1578.327530, Node: 980.109757, Link: 598.151433, Spread: 6.634897
Epoch 294/600, Total: 1539.597584, Node: 957.201976, Link: 582.331202, Spread: 6.440924
Epoch 295/600, Total: 1568.194812, Node: 969.436283, Link: 598.695623, Spread: 6.290026
Epoch 296/600, Total: 1585.136011, Node: 984.009997, Link: 601.061535, Spread: 6.448714
Epoch 297/600, Total: 1558.421278, Node: 966.687914, Link: 591.676622, Spread: 5.673718
Epoch 298/600, Total: 1560.213976, Node: 970.145029, Link: 590.013324, Spread: 5.561738
Epoch 299/600, Total: 1568.226827, Node: 983.470109, Link: 584.698946, Spread: 5.778236
Epoch 300/600, Total: 1567.421296, Node: 975.517479, Link: 591.840769, Spread: 6.305603
Epoch 301/600, Total: 1607.304979, Node: 994.746839, Link: 612.497525, Spread: 6.061655
Epoch 302/600, Total: 1571.694137, Node: 975.170749, Link: 596.460800, Spread: 6.259415
Epoch 303/600, Total: 1558.961847, Node: 968.400823, Link: 590.500685, Spread: 6.034601
Epoch 304/600, Total: 1535.502206, Node: 954.665669, Link: 580.778732, Spread: 5.779921
Epoch 305/600, Total: 1555.771880, Node: 969.484554, Link: 586.227388, Spread: 5.994645
Epoch 306/600, Total: 1557.280388, Node: 962.970563, Link: 594.248278, Spread: 6.154653
Epoch 307/600, Total: 1625.520208, Node: 1010.599762, Link: 614.856901, Spread: 6.354528
Epoch 308/600, Total: 1553.685086, Node: 968.165947, Link: 585.458636, Spread: 6.050979
Epoch 309/600, Total: 1667.032785, Node: 1025.808533, Link: 641.166932, Spread: 5.732185
Epoch 310/600, Total: 1547.901639, Node: 964.550055, Link: 583.291819, Spread: 5.976157
Epoch 311/600, Total: 1582.883868, Node: 983.455546, Link: 599.365124, Spread: 6.318845
Epoch 312/600, Total: 1575.570172, Node: 982.533328, Link: 592.976783, Spread: 6.006220
Epoch 313/600, Total: 1531.791230, Node: 956.823918, Link: 574.903366, Spread: 6.394954
Epoch 314/600, Total: 1576.274827, Node: 977.282721, Link: 598.928801, Spread: 6.331846
Epoch 315/600, Total: 1628.557544, Node: 1006.654413, Link: 621.836974, Spread: 6.615680
Epoch 316/600, Total: 1554.821240, Node: 965.178106, Link: 589.580292, Spread: 6.283941
Epoch 317/600, Total: 1579.930983, Node: 981.541976, Link: 598.322060, Spread: 6.694237
Epoch 318/600, Total: 1559.801053, Node: 963.933682, Link: 595.804160, Spread: 6.320692
Epoch 319/600, Total: 1578.541869, Node: 974.612072, Link: 603.863243, Spread: 6.655698
Epoch 320/600, Total: 1602.761034, Node: 990.062212, Link: 612.620087, Spread: 7.872936
Epoch 321/600, Total: 1573.887496, Node: 973.111008, Link: 600.702270, Spread: 7.422141
Epoch 322/600, Total: 1567.373607, Node: 968.853376, Link: 598.443438, Spread: 7.678987
Epoch 323/600, Total: 1568.429006, Node: 972.298798, Link: 596.056168, Spread: 7.404531
Epoch 324/600, Total: 1542.718184, Node: 965.178573, Link: 577.463431, Spread: 7.617364
Epoch 325/600, Total: 1574.831645, Node: 980.589935, Link: 594.164197, Spread: 7.750839
Epoch 326/600, Total: 1565.573731, Node: 972.947041, Link: 592.552531, Spread: 7.415056
Epoch 327/600, Total: 1560.281858, Node: 966.491706, Link: 593.716353, Spread: 7.378727
Epoch 328/600, Total: 1562.120092, Node: 960.362284, Link: 601.684259, Spread: 7.354565
Epoch 329/600, Total: 1537.711266, Node: 958.257223, Link: 579.381211, Spread: 7.283278
Epoch 330/600, Total: 1575.317657, Node: 974.114160, Link: 601.133156, Spread: 7.033691
Epoch 331/600, Total: 1576.820252, Node: 975.831320, Link: 600.917924, Spread: 7.101083
Epoch 332/600, Total: 1549.245777, Node: 961.994605, Link: 587.178478, Spread: 7.270490
Epoch 333/600, Total: 1553.234207, Node: 967.404964, Link: 585.757913, Spread: 7.132538
Epoch 334/600, Total: 1572.500508, Node: 976.837350, Link: 595.592735, Spread: 7.042487
Epoch 335/600, Total: 1590.376280, Node: 976.441565, Link: 613.858368, Spread: 7.633937
Epoch 336/600, Total: 1591.775882, Node: 989.636302, Link: 602.060479, Spread: 7.910068
Epoch 337/600, Total: 1567.940791, Node: 979.134143, Link: 588.727893, Spread: 7.874860
Epoch 338/600, Total: 1588.643571, Node: 986.232191, Link: 602.335833, Spread: 7.554410
Epoch 339/600, Total: 1560.906455, Node: 966.752224, Link: 594.078986, Spread: 7.524865
Epoch 340/600, Total: 1586.700367, Node: 992.194689, Link: 594.428164, Spread: 7.750967
Epoch 341/600, Total: 1554.317261, Node: 970.097511, Link: 584.142346, Spread: 7.740684
Epoch 342/600, Total: 1575.400809, Node: 972.117611, Link: 603.204469, Spread: 7.872378
Epoch 343/600, Total: 1595.962053, Node: 985.538701, Link: 610.353085, Spread: 7.026944
Epoch 344/600, Total: 1561.813616, Node: 973.333226, Link: 588.407395, Spread: 7.299784
Epoch 345/600, Total: 1601.781114, Node: 998.451748, Link: 603.250309, Spread: 7.905006
Epoch 346/600, Total: 1602.343532, Node: 998.011839, Link: 604.250146, Spread: 8.154375
Epoch 347/600, Total: 1672.194563, Node: 1032.930602, Link: 639.184714, Spread: 7.925295
Epoch 348/600, Total: 1546.164199, Node: 964.543687, Link: 581.543086, Spread: 7.742855
Epoch 349/600, Total: 1567.365878, Node: 975.593954, Link: 591.691962, Spread: 7.996139
Epoch 350/600, Total: 1558.870739, Node: 970.784702, Link: 587.994990, Spread: 9.104753
Epoch 351/600, Total: 1587.173641, Node: 981.883922, Link: 605.203507, Spread: 8.621660
Epoch 352/600, Total: 1569.283237, Node: 973.546808, Link: 595.649153, Spread: 8.728375
Epoch 353/600, Total: 1550.350747, Node: 967.057895, Link: 583.211231, Spread: 8.162193
Epoch 354/600, Total: 1564.189341, Node: 971.015170, Link: 593.088326, Spread: 8.586084
Epoch 355/600, Total: 1524.364047, Node: 948.459347, Link: 575.813172, Spread: 9.152729
Epoch 356/600, Total: 1602.448116, Node: 987.260080, Link: 615.098807, Spread: 8.923737
Epoch 357/600, Total: 1535.514121, Node: 950.739794, Link: 584.685407, Spread: 8.891964
Epoch 358/600, Total: 1610.393114, Node: 1013.265214, Link: 597.037347, Spread: 9.055858
Epoch 359/600, Total: 1570.034686, Node: 976.265972, Link: 593.685614, Spread: 8.309799
Epoch 360/600, Total: 1559.564405, Node: 970.361007, Link: 589.112343, Spread: 9.104607
Epoch 361/600, Total: 1571.317413, Node: 979.455547, Link: 591.765237, Spread: 9.662599
Epoch 362/600, Total: 1541.661092, Node: 958.400220, Link: 583.155915, Spread: 10.495707
Epoch 363/600, Total: 1572.795782, Node: 986.315255, Link: 586.371598, Spread: 10.893087
Epoch 364/600, Total: 1610.729421, Node: 993.222704, Link: 617.402475, Spread: 10.424242
Epoch 365/600, Total: 1583.744318, Node: 978.122380, Link: 605.519156, Spread: 10.278373
Epoch 366/600, Total: 1544.947701, Node: 961.430086, Link: 583.412023, Spread: 10.558319
Epoch 367/600, Total: 1553.421535, Node: 963.262929, Link: 590.047808, Spread: 11.079919
Epoch 368/600, Total: 1523.038501, Node: 954.599205, Link: 568.326661, Spread: 11.263360
Epoch 369/600, Total: 1557.537340, Node: 959.609604, Link: 597.812635, Spread: 11.510483
Epoch 370/600, Total: 1559.101626, Node: 967.947889, Link: 591.036998, Spread: 11.674404
Epoch 371/600, Total: 1577.777806, Node: 975.941093, Link: 601.718233, Spread: 11.847758
Epoch 372/600, Total: 1563.709333, Node: 968.229889, Link: 595.365441, Spread: 11.400569
Epoch 373/600, Total: 1563.960523, Node: 970.198270, Link: 593.643256, Spread: 11.899783
Epoch 374/600, Total: 1539.021813, Node: 958.211253, Link: 580.696251, Spread: 11.430800
Epoch 375/600, Total: 1574.242707, Node: 973.478743, Link: 600.655915, Spread: 10.805208
Epoch 376/600, Total: 1544.315217, Node: 957.519562, Link: 586.680114, Spread: 11.554208
Epoch 377/600, Total: 1606.592140, Node: 991.217158, Link: 615.259896, Spread: 11.508212
Epoch 378/600, Total: 1560.149022, Node: 968.268563, Link: 591.766969, Spread: 11.349327
Epoch 379/600, Total: 1607.006266, Node: 1001.284460, Link: 605.586160, Spread: 13.564980
Epoch 380/600, Total: 1644.404826, Node: 1016.136454, Link: 628.151191, Spread: 11.717493
Epoch 381/600, Total: 1547.725065, Node: 958.059558, Link: 589.549488, Spread: 11.602611
Epoch 382/600, Total: 1620.387972, Node: 996.468356, Link: 623.804109, Spread: 11.550526
Epoch 383/600, Total: 1567.435305, Node: 964.538798, Link: 602.785645, Spread: 11.086604
Epoch 384/600, Total: 1575.607995, Node: 972.586127, Link: 602.912547, Spread: 10.932872
Epoch 385/600, Total: 1569.153366, Node: 975.121722, Link: 593.916720, Spread: 11.492330
Epoch 386/600, Total: 1544.509553, Node: 953.606302, Link: 590.779381, Spread: 12.387117
Epoch 387/600, Total: 1550.996488, Node: 969.882391, Link: 580.996585, Spread: 11.751251
Epoch 388/600, Total: 1558.402702, Node: 968.065758, Link: 590.206463, Spread: 13.047077
Epoch 389/600, Total: 1535.179520, Node: 959.018103, Link: 576.038467, Spread: 12.294875
Epoch 390/600, Total: 1569.561107, Node: 966.434216, Link: 602.997150, Spread: 12.974547
Epoch 391/600, Total: 1537.970803, Node: 950.301482, Link: 587.535263, Spread: 13.405019
Epoch 392/600, Total: 1561.832386, Node: 960.022262, Link: 601.664060, Spread: 14.606467
Epoch 393/600, Total: 1553.303355, Node: 954.139096, Link: 599.028078, Spread: 13.618436
Epoch 394/600, Total: 1566.223619, Node: 969.314860, Link: 596.775219, Spread: 13.354258
Epoch 395/600, Total: 1544.735041, Node: 952.330018, Link: 592.258982, Spread: 14.604120
Epoch 396/600, Total: 1549.905376, Node: 963.241620, Link: 586.512129, Spread: 15.161988
Epoch 397/600, Total: 1623.316254, Node: 999.419123, Link: 623.732104, Spread: 16.502618
Epoch 398/600, Total: 1631.171861, Node: 996.325359, Link: 634.674140, Spread: 17.235118
Epoch 399/600, Total: 1544.679487, Node: 963.629411, Link: 580.892227, Spread: 15.786010
Epoch 400/600, Total: 1556.640711, Node: 962.958078, Link: 593.511277, Spread: 17.135031
Epoch 401/600, Total: 1581.685308, Node: 976.213777, Link: 605.314071, Spread: 15.745598
Epoch 402/600, Total: 1609.569521, Node: 993.391811, Link: 616.024411, Spread: 15.329459
Epoch 403/600, Total: 1575.979713, Node: 975.244680, Link: 600.595332, Spread: 13.969954
Epoch 404/600, Total: 1575.090374, Node: 980.780112, Link: 594.171205, Spread: 13.905937
Epoch 405/600, Total: 1597.019125, Node: 988.218260, Link: 608.656746, Spread: 14.411749
Epoch 406/600, Total: 1559.130082, Node: 967.431054, Link: 591.553745, Spread: 14.529050
Epoch 407/600, Total: 1637.282598, Node: 1015.464324, Link: 621.660992, Spread: 15.728275
Epoch 408/600, Total: 1545.005629, Node: 966.122792, Link: 578.739773, Spread: 14.307583
Epoch 409/600, Total: 1610.732110, Node: 1008.610074, Link: 601.970380, Spread: 15.166717
Epoch 410/600, Total: 1557.509154, Node: 967.832290, Link: 589.524568, Spread: 15.229054
Epoch 411/600, Total: 1539.563427, Node: 953.439456, Link: 585.964129, Spread: 15.984278
Epoch 412/600, Total: 1574.603981, Node: 976.456701, Link: 597.985322, Spread: 16.196448
Epoch 413/600, Total: 1547.311238, Node: 977.435489, Link: 569.721005, Spread: 15.474253
Epoch 414/600, Total: 1557.920501, Node: 974.918524, Link: 582.838879, Spread: 16.309690
Epoch 415/600, Total: 1530.512044, Node: 960.642094, Link: 569.704115, Spread: 16.583776
Epoch 416/600, Total: 1549.587413, Node: 979.183927, Link: 570.228135, Spread: 17.535083
Epoch 417/600, Total: 1526.165142, Node: 963.125070, Link: 562.846127, Spread: 19.395297
Epoch 418/600, Total: 1567.147976, Node: 971.843886, Link: 595.103017, Spread: 20.106949
Epoch 419/600, Total: 1560.368837, Node: 983.354889, Link: 576.820305, Spread: 19.363807
Epoch 420/600, Total: 1570.263925, Node: 989.929056, Link: 580.139442, Spread: 19.543079
Epoch 421/600, Total: 1525.367447, Node: 972.068745, Link: 553.102027, Spread: 19.667053
Epoch 422/600, Total: 1677.215645, Node: 1061.452102, Link: 615.568544, Spread: 19.499465
Epoch 423/600, Total: 1561.571911, Node: 997.000109, Link: 564.400489, Spread: 17.131851
Epoch 424/600, Total: 1558.241134, Node: 998.278522, Link: 559.741005, Spread: 22.160731
Epoch 425/600, Total: 1549.560003, Node: 989.709555, Link: 559.570267, Spread: 28.017585
Epoch 426/600, Total: 1573.596359, Node: 1003.593264, Link: 569.707006, Spread: 29.609297
Epoch 427/600, Total: 1632.011038, Node: 1032.603683, Link: 599.107672, Spread: 29.968654
Epoch 428/600, Total: 1553.538211, Node: 994.738362, Link: 558.500438, Spread: 29.940575
Epoch 429/600, Total: 1533.013313, Node: 976.674639, Link: 556.028839, Spread: 30.983706
Epoch 430/600, Total: 1517.416391, Node: 959.631490, Link: 557.461807, Spread: 32.309691
Epoch 431/600, Total: 1559.179427, Node: 991.521479, Link: 567.332478, Spread: 32.547112
Epoch 432/600, Total: 1665.198822, Node: 1043.946223, Link: 620.966587, Spread: 28.601058
Epoch 433/600, Total: 1665.509955, Node: 1059.136427, Link: 606.110994, Spread: 26.254060
Epoch 434/600, Total: 1630.770532, Node: 1042.214614, Link: 588.246602, Spread: 30.931737
Epoch 435/600, Total: 1561.345428, Node: 1002.158070, Link: 558.830727, Spread: 35.662961
Epoch 436/600, Total: 1561.742340, Node: 997.884632, Link: 563.481991, Spread: 37.572299
Epoch 437/600, Total: 1518.820287, Node: 975.413767, Link: 542.975025, Spread: 43.148968
Epoch 438/600, Total: 1634.780396, Node: 1022.616666, Link: 611.704814, Spread: 45.891936
Epoch 439/600, Total: 1580.631172, Node: 1008.400981, Link: 571.776132, Spread: 45.406166
Epoch 440/600, Total: 1564.656583, Node: 994.880636, Link: 569.329827, Spread: 44.611836
Epoch 441/600, Total: 1573.312691, Node: 1002.436055, Link: 570.402096, Spread: 47.453926
Epoch 442/600, Total: 1555.411729, Node: 991.842368, Link: 563.063341, Spread: 50.602536
Epoch 443/600, Total: 1561.968520, Node: 998.378291, Link: 563.075581, Spread: 51.464868
Epoch 444/600, Total: 1541.488067, Node: 993.000658, Link: 547.947431, Spread: 53.997844
Epoch 445/600, Total: 1595.335855, Node: 1016.856322, Link: 577.944624, Spread: 53.490686
Epoch 446/600, Total: 1587.147774, Node: 1018.380894, Link: 568.298442, Spread: 46.844577
Epoch 447/600, Total: 1591.210815, Node: 1011.825963, Link: 578.878959, Spread: 50.588990
Epoch 448/600, Total: 1584.831886, Node: 1018.181538, Link: 566.192152, Spread: 45.819436
Epoch 449/600, Total: 1529.520651, Node: 983.808570, Link: 545.197239, Spread: 51.483721
Epoch 450/600, Total: 1530.875168, Node: 984.442592, Link: 545.903782, Spread: 52.879672
Epoch 451/600, Total: 1541.307805, Node: 989.837743, Link: 551.018938, Spread: 45.111738
Epoch 452/600, Total: 1648.376095, Node: 1041.102002, Link: 606.791740, Spread: 48.236218
Epoch 453/600, Total: 1522.348775, Node: 982.948106, Link: 538.948320, Spread: 45.234452
Epoch 454/600, Total: 1545.787551, Node: 987.777540, Link: 557.537018, Spread: 47.298508
Epoch 455/600, Total: 1523.753951, Node: 983.508815, Link: 539.754264, Spread: 49.086346
Epoch 456/600, Total: 1555.077017, Node: 1006.147053, Link: 548.474005, Spread: 45.597057
Epoch 457/600, Total: 1526.488224, Node: 992.654000, Link: 533.380309, Spread: 45.390866
Epoch 458/600, Total: 1552.532442, Node: 1002.721668, Link: 549.353282, Spread: 45.749299
Epoch 459/600, Total: 1525.925437, Node: 979.340400, Link: 546.079852, Spread: 50.519664
Epoch 460/600, Total: 1626.714449, Node: 1034.908297, Link: 591.338179, Spread: 46.797255
Epoch 461/600, Total: 1558.846801, Node: 999.826683, Link: 558.562395, Spread: 45.772163
Epoch 462/600, Total: 1556.747970, Node: 1004.769659, Link: 551.518722, Spread: 45.958732
Epoch 463/600, Total: 1591.389137, Node: 1019.138267, Link: 571.822811, Spread: 42.806455
Epoch 464/600, Total: 1533.468292, Node: 975.790724, Link: 557.225601, Spread: 45.195895
Epoch 465/600, Total: 1546.601054, Node: 992.373091, Link: 553.671527, Spread: 55.644220
Epoch 466/600, Total: 1552.737040, Node: 1000.480302, Link: 551.649012, Spread: 60.772342
Epoch 467/600, Total: 1528.171096, Node: 992.482819, Link: 535.153740, Spread: 53.452456
Epoch 468/600, Total: 1572.620626, Node: 1018.579279, Link: 553.518006, Spread: 52.333716
Epoch 469/600, Total: 1572.045985, Node: 1016.573340, Link: 554.972393, Spread: 50.025570
Epoch 470/600, Total: 1544.971844, Node: 1001.972285, Link: 542.484829, Spread: 51.473090
Epoch 471/600, Total: 1638.908178, Node: 1037.310025, Link: 601.139512, Spread: 45.864320
Epoch 472/600, Total: 1593.791291, Node: 1017.423984, Link: 575.927048, Spread: 44.027436
Epoch 473/600, Total: 1570.322117, Node: 1009.450661, Link: 560.399399, Spread: 47.206022
Epoch 474/600, Total: 1559.235085, Node: 1005.983391, Link: 552.712819, Spread: 53.886954
Epoch 475/600, Total: 1612.453135, Node: 1027.494368, Link: 584.389629, Spread: 56.914392
Epoch 476/600, Total: 1592.609742, Node: 1020.174336, Link: 571.908782, Spread: 52.662197
Epoch 477/600, Total: 1564.243168, Node: 1011.299658, Link: 552.358074, Spread: 58.544726
Epoch 478/600, Total: 1555.055682, Node: 1005.782734, Link: 548.690603, Spread: 58.235043
Epoch 479/600, Total: 1549.197532, Node: 1002.000940, Link: 546.629570, Spread: 56.702051
Epoch 480/600, Total: 1570.386551, Node: 1004.676034, Link: 565.175443, Spread: 53.508052
Epoch 481/600, Total: 1544.132848, Node: 1000.042647, Link: 543.554002, Spread: 53.619808
Epoch 482/600, Total: 1648.223821, Node: 1042.753924, Link: 605.017005, Spread: 45.289760
Epoch 483/600, Total: 1598.441864, Node: 1023.508396, Link: 574.460955, Spread: 47.251257
Epoch 484/600, Total: 1564.015769, Node: 1005.953092, Link: 557.554744, Spread: 50.793182
Epoch 485/600, Total: 1557.521979, Node: 1008.848148, Link: 548.197808, Spread: 47.602021
Epoch 486/600, Total: 1568.256986, Node: 1014.982341, Link: 552.795799, Spread: 47.884258
Epoch 487/600, Total: 1604.787047, Node: 1022.035386, Link: 582.270583, Spread: 48.107357
Epoch 488/600, Total: 1572.755160, Node: 1010.741142, Link: 561.568447, Spread: 44.556244
Epoch 489/600, Total: 1579.253531, Node: 1008.916976, Link: 569.831328, Spread: 50.522751
Epoch 490/600, Total: 1610.816562, Node: 1027.783464, Link: 582.585907, Spread: 44.718218
Epoch 491/600, Total: 1545.257520, Node: 1006.747237, Link: 538.106358, Spread: 40.392051
Epoch 492/600, Total: 1562.180400, Node: 1004.342013, Link: 557.412333, Spread: 42.605735
Epoch 493/600, Total: 1541.969901, Node: 999.699694, Link: 541.897900, Spread: 37.230389
Epoch 494/600, Total: 1603.035358, Node: 1036.617505, Link: 566.062068, Spread: 35.578714
Epoch 495/600, Total: 1557.524321, Node: 1013.436197, Link: 543.757325, Spread: 33.078877
Epoch 496/600, Total: 1603.758424, Node: 1030.735985, Link: 572.677823, Spread: 34.461210
Epoch 497/600, Total: 1553.826483, Node: 1013.196119, Link: 540.269202, Spread: 36.115997
Epoch 498/600, Total: 1574.197260, Node: 1013.903833, Link: 559.891485, Spread: 40.194597
Epoch 499/600, Total: 1553.079646, Node: 1001.808222, Link: 550.900584, Spread: 37.084997
Epoch 500/600, Total: 1546.189999, Node: 996.035804, Link: 549.764344, Spread: 38.983820
Epoch 501/600, Total: 1568.938903, Node: 1003.868827, Link: 564.671877, Spread: 39.819855
Epoch 502/600, Total: 1555.496858, Node: 1011.113004, Link: 544.141592, Spread: 24.225863
Epoch 503/600, Total: 1553.541699, Node: 1007.637747, Link: 545.641401, Spread: 26.255924
Epoch 504/600, Total: 1549.658362, Node: 1006.812320, Link: 542.574559, Spread: 27.147359
Epoch 505/600, Total: 1553.444836, Node: 1008.334936, Link: 544.866429, Spread: 24.347059
Epoch 506/600, Total: 1610.738108, Node: 1025.763829, Link: 584.734718, Spread: 23.954834
Epoch 507/600, Total: 1545.626365, Node: 1014.342225, Link: 531.052860, Spread: 23.127653
Epoch 508/600, Total: 1567.573047, Node: 1018.549161, Link: 548.761258, Spread: 26.263381
Epoch 509/600, Total: 1578.862628, Node: 1022.037575, Link: 556.517756, Spread: 30.728774
Epoch 510/600, Total: 1570.932600, Node: 1013.282504, Link: 557.370035, Spread: 28.005877
Epoch 511/600, Total: 1521.351821, Node: 994.517196, Link: 526.583644, Spread: 25.097267
Epoch 512/600, Total: 1531.235018, Node: 997.863941, Link: 533.137152, Spread: 23.392226
Epoch 513/600, Total: 1563.557420, Node: 1015.938286, Link: 547.396480, Spread: 22.266033
Epoch 514/600, Total: 1559.763279, Node: 1011.214716, Link: 548.345393, Spread: 20.316375
Epoch 515/600, Total: 1564.220769, Node: 1001.217670, Link: 562.784500, Spread: 21.860102
Epoch 516/600, Total: 1512.298094, Node: 994.012840, Link: 518.024158, Spread: 26.108975
Epoch 517/600, Total: 1641.783140, Node: 1051.574293, Link: 589.973406, Spread: 23.544285
Epoch 518/600, Total: 1571.841128, Node: 1008.964740, Link: 562.632743, Spread: 24.364023
Epoch 519/600, Total: 1533.728352, Node: 989.595314, Link: 543.870741, Spread: 26.229724
Epoch 520/600, Total: 1566.086529, Node: 1009.118710, Link: 556.701542, Spread: 26.627326
Epoch 521/600, Total: 1572.401779, Node: 1008.965299, Link: 563.191164, Spread: 24.531333
Epoch 522/600, Total: 1561.508005, Node: 1013.094663, Link: 548.118777, Spread: 29.456713
Epoch 523/600, Total: 1551.300348, Node: 999.183031, Link: 551.803522, Spread: 31.378958
Epoch 524/600, Total: 1598.958304, Node: 1033.279844, Link: 565.401048, Spread: 27.741817
Epoch 525/600, Total: 1576.758689, Node: 1022.040137, Link: 554.437358, Spread: 28.118891
Epoch 526/600, Total: 1592.228485, Node: 1032.805661, Link: 559.125975, Spread: 29.683876
Epoch 527/600, Total: 1558.389235, Node: 1000.896227, Link: 557.197931, Spread: 29.508202
Epoch 528/600, Total: 1595.276190, Node: 1033.503046, Link: 561.476438, Spread: 29.670425
Epoch 529/600, Total: 1527.291119, Node: 997.839352, Link: 529.167264, Spread: 28.450672
Epoch 530/600, Total: 1525.849767, Node: 1003.890822, Link: 521.672088, Spread: 28.685873
Epoch 531/600, Total: 1518.451882, Node: 1001.935980, Link: 516.234008, Spread: 28.189514
Epoch 532/600, Total: 1492.699669, Node: 989.374685, Link: 503.043701, Spread: 28.127655
Epoch 533/600, Total: 1563.111390, Node: 1018.443687, Link: 544.380277, Spread: 28.742166
Epoch 534/600, Total: 1545.852354, Node: 996.940404, Link: 548.629272, Spread: 28.267830
Epoch 535/600, Total: 1591.865286, Node: 1005.384580, Link: 586.153067, Spread: 32.763111
Epoch 536/600, Total: 1575.616297, Node: 1022.048823, Link: 553.252983, Spread: 31.448760
Epoch 537/600, Total: 1487.035392, Node: 977.054174, Link: 509.668868, Spread: 31.236196
Epoch 538/600, Total: 1577.515384, Node: 1025.527046, Link: 551.701670, Spread: 28.666802
Epoch 539/600, Total: 1510.480709, Node: 989.271785, Link: 520.917693, Spread: 29.122398
Epoch 540/600, Total: 1630.270255, Node: 1045.514192, Link: 584.493930, Spread: 26.212751
Epoch 541/600, Total: 1518.439507, Node: 995.737113, Link: 522.443804, Spread: 25.859485
Epoch 542/600, Total: 1537.074605, Node: 996.086213, Link: 540.698863, Spread: 28.952922
Epoch 543/600, Total: 1560.857392, Node: 1014.639014, Link: 545.947735, Spread: 27.064170
Epoch 544/600, Total: 1511.187915, Node: 982.733634, Link: 528.184296, Spread: 26.998923
Epoch 545/600, Total: 1554.409508, Node: 1004.913000, Link: 549.232698, Spread: 26.381285
Epoch 546/600, Total: 1528.404074, Node: 988.709046, Link: 539.442162, Spread: 25.285313
Epoch 547/600, Total: 1545.102666, Node: 990.739997, Link: 554.089625, Spread: 27.303907
Epoch 548/600, Total: 1586.726749, Node: 1019.751457, Link: 566.716634, Spread: 25.865734
Epoch 549/600, Total: 1548.111153, Node: 1003.503756, Link: 544.385182, Spread: 22.221879
Epoch 550/600, Total: 1564.264652, Node: 1011.943702, Link: 552.063980, Spread: 25.697429
Epoch 551/600, Total: 1519.681007, Node: 987.457299, Link: 531.947561, Spread: 27.614610
Epoch 552/600, Total: 1581.802894, Node: 1019.753911, Link: 561.778957, Spread: 27.002098
Epoch 553/600, Total: 1509.267282, Node: 989.670715, Link: 519.344918, Spread: 25.164770
Epoch 554/600, Total: 1539.167355, Node: 1001.605413, Link: 537.303361, Spread: 25.857208
Epoch 555/600, Total: 1589.447615, Node: 1013.698422, Link: 575.513029, Spread: 23.615428
Epoch 556/600, Total: 1530.843581, Node: 993.377344, Link: 537.207920, Spread: 25.832162
Epoch 557/600, Total: 1584.287621, Node: 1019.614567, Link: 564.414421, Spread: 25.862945
Epoch 558/600, Total: 1549.115169, Node: 998.636225, Link: 550.200625, Spread: 27.831692
Epoch 559/600, Total: 1537.330880, Node: 1004.244095, Link: 532.823388, Spread: 26.339834
Epoch 560/600, Total: 1505.096512, Node: 990.188450, Link: 514.640774, Spread: 26.728483
Epoch 561/600, Total: 1547.387219, Node: 1009.053907, Link: 538.076949, Spread: 25.636946
Epoch 562/600, Total: 1540.988328, Node: 994.194704, Link: 546.519917, Spread: 27.370302
Epoch 563/600, Total: 1579.048142, Node: 1025.352622, Link: 553.434316, Spread: 26.119727
Epoch 564/600, Total: 1566.267721, Node: 1016.346335, Link: 549.645608, Spread: 27.578659
Epoch 565/600, Total: 1603.566667, Node: 1033.006649, Link: 570.261866, Spread: 29.814653
Epoch 566/600, Total: 1517.065118, Node: 986.320076, Link: 530.438601, Spread: 30.643778
Epoch 567/600, Total: 1535.555251, Node: 997.254245, Link: 537.989901, Spread: 31.110446
Epoch 568/600, Total: 1558.149734, Node: 1007.483486, Link: 550.351978, Spread: 31.427536
Epoch 569/600, Total: 1541.689276, Node: 999.145829, Link: 542.255926, Spread: 28.752071
Epoch 570/600, Total: 1615.859188, Node: 1027.509972, Link: 588.035651, Spread: 31.356413
Epoch 571/600, Total: 1536.777191, Node: 993.977690, Link: 542.483976, Spread: 31.553251
Epoch 572/600, Total: 1550.134957, Node: 1001.612318, Link: 548.179793, Spread: 34.284972
Epoch 573/600, Total: 1584.103075, Node: 1018.334421, Link: 565.433537, Spread: 33.513027
Epoch 574/600, Total: 1560.573229, Node: 1009.211186, Link: 551.076161, Spread: 28.587944
Epoch 575/600, Total: 1548.273415, Node: 999.270711, Link: 548.734992, Spread: 26.771252
Epoch 576/600, Total: 1549.598936, Node: 1007.410607, Link: 541.874037, Spread: 31.428900
Epoch 577/600, Total: 1554.403944, Node: 1002.552633, Link: 551.537612, Spread: 31.370361
Epoch 578/600, Total: 1575.892519, Node: 1010.635176, Link: 564.965225, Spread: 29.211895
Epoch 579/600, Total: 1547.529127, Node: 1000.740873, Link: 546.492830, Spread: 29.541895
Epoch 580/600, Total: 1552.679503, Node: 1005.408723, Link: 547.001819, Spread: 26.895681
Epoch 581/600, Total: 1609.617284, Node: 1033.104137, Link: 576.241563, Spread: 27.157751
Epoch 582/600, Total: 1535.452909, Node: 994.915927, Link: 540.279064, Spread: 25.791979
Epoch 583/600, Total: 1582.328305, Node: 1015.360441, Link: 566.702166, Spread: 26.570161
Epoch 584/600, Total: 1515.463990, Node: 990.345146, Link: 524.859827, Spread: 25.901573
Epoch 585/600, Total: 1569.416583, Node: 1011.167160, Link: 557.998054, Spread: 25.136881
Epoch 586/600, Total: 1565.673535, Node: 1002.902549, Link: 562.507085, Spread: 26.390611
Epoch 587/600, Total: 1561.571130, Node: 1005.060831, Link: 556.242509, Spread: 26.779054
Epoch 588/600, Total: 1527.137935, Node: 990.429798, Link: 536.436941, Spread: 27.118951
Epoch 589/600, Total: 1571.550691, Node: 1015.882094, Link: 555.398176, Spread: 27.042246
Epoch 590/600, Total: 1544.156721, Node: 1000.085910, Link: 543.793097, Spread: 27.771326
Epoch 591/600, Total: 1546.570011, Node: 995.957645, Link: 550.321605, Spread: 29.075341
Epoch 592/600, Total: 1557.939615, Node: 1009.186482, Link: 548.489360, Spread: 26.377679
Epoch 593/600, Total: 1560.888472, Node: 1008.368097, Link: 552.274666, Spread: 24.569754
Epoch 594/600, Total: 1506.815022, Node: 984.868125, Link: 521.665297, Spread: 28.160176
Epoch 595/600, Total: 1555.051625, Node: 1005.610199, Link: 549.153937, Spread: 28.749568
Epoch 596/600, Total: 1599.953080, Node: 1024.580857, Link: 575.050609, Spread: 32.162302
Epoch 597/600, Total: 1577.654200, Node: 1012.363876, Link: 564.965016, Spread: 32.529783
Epoch 598/600, Total: 1544.675663, Node: 1002.667859, Link: 541.670154, Spread: 33.764610
Epoch 599/600, Total: 1527.979157, Node: 982.515976, Link: 545.119431, Spread: 34.375471
Epoch 600/600, Total: 1570.751833, Node: 1003.550033, Link: 566.839769, Spread: 36.202815
Saved sweep result to: /homes/dameyer/ml-for-wdn-project-4/results/aggregated/gnn_training_sweep/net1_buffer=20_rollout=5_seed=42.json
Table value: 1003.550033
