================================
GNN training sweep
Job ID: 242670
Task ID: 6
Buffer size: 5
Rollout length: 1
================================
Running GNN sweep: dataset=Net1, buffer=5, rollout=1
Epoch 1/600, Total: 2064.559583, Node: 1255.804807, Link: 807.358855, Spread: 139.592163
Epoch 2/600, Total: 1869.914193, Node: 1109.853622, Link: 759.607861, Spread: 45.270886
Epoch 3/600, Total: 1822.637652, Node: 1071.319546, Link: 751.130006, Spread: 18.810114
Epoch 4/600, Total: 1801.433991, Node: 1056.660243, Link: 744.676965, Spread: 9.678511
Epoch 5/600, Total: 1793.807585, Node: 1054.035159, Link: 739.706182, Spread: 6.624475
Epoch 6/600, Total: 1781.056239, Node: 1043.058086, Link: 737.951184, Spread: 4.697150
Epoch 7/600, Total: 1769.671526, Node: 1034.263914, Link: 735.369270, Spread: 3.833899
Epoch 8/600, Total: 1761.241031, Node: 1028.057393, Link: 733.149156, Spread: 3.448448
Epoch 9/600, Total: 1754.375586, Node: 1023.002068, Link: 731.340735, Spread: 3.278596
Epoch 10/600, Total: 1748.954496, Node: 1019.016042, Link: 729.906561, Spread: 3.189166
Epoch 11/600, Total: 1743.428415, Node: 1014.899846, Link: 728.497136, Spread: 3.143606
Epoch 12/600, Total: 1739.008504, Node: 1011.940247, Link: 727.036722, Spread: 3.153761
Epoch 13/600, Total: 1735.213150, Node: 1009.390484, Link: 725.790816, Spread: 3.184814
Epoch 14/600, Total: 1731.762082, Node: 1007.144515, Link: 724.585444, Spread: 3.211945
Epoch 15/600, Total: 1728.764355, Node: 1005.251036, Link: 723.481248, Spread: 3.207348
Epoch 16/600, Total: 1726.130246, Node: 1003.595187, Link: 722.503453, Spread: 3.160982
Epoch 17/600, Total: 1724.273810, Node: 1002.496457, Link: 721.746473, Spread: 3.087784
Epoch 18/600, Total: 1721.892711, Node: 1000.908550, Link: 720.954249, Spread: 2.991097
Epoch 19/600, Total: 1722.168167, Node: 1001.277928, Link: 720.861640, Spread: 2.859806
Epoch 20/600, Total: 1736.278753, Node: 1012.860599, Link: 723.386727, Spread: 3.142738
Epoch 21/600, Total: 1721.697791, Node: 1001.744000, Link: 719.917793, Spread: 3.600029
Epoch 22/600, Total: 1714.974675, Node: 997.146289, Link: 717.793172, Spread: 3.521312
Epoch 23/600, Total: 1710.770848, Node: 994.487431, Link: 716.251292, Spread: 3.212051
Epoch 24/600, Total: 1723.226790, Node: 1007.451505, Link: 715.749999, Spread: 2.528545
Epoch 25/600, Total: 1720.095835, Node: 1006.729279, Link: 713.347006, Spread: 1.954870
Epoch 26/600, Total: 1715.951624, Node: 1005.441519, Link: 710.493539, Spread: 1.656450
Epoch 27/600, Total: 1711.678807, Node: 1004.321375, Link: 707.342553, Spread: 1.488189
Epoch 28/600, Total: 1707.871452, Node: 1003.263615, Link: 704.593768, Spread: 1.406983
Epoch 29/600, Total: 1704.957011, Node: 1002.224929, Link: 702.718484, Spread: 1.360089
Epoch 30/600, Total: 1702.768722, Node: 1001.270080, Link: 701.485447, Spread: 1.319534
Epoch 31/600, Total: 1701.094324, Node: 1000.439410, Link: 700.642152, Spread: 1.276327
Epoch 32/600, Total: 1699.761766, Node: 999.717590, Link: 700.031889, Spread: 1.228414
Epoch 33/600, Total: 1698.673595, Node: 999.094807, Link: 699.567024, Spread: 1.176219
Epoch 34/600, Total: 1782.503450, Node: 1082.679666, Link: 699.813730, Spread: 1.005220
Epoch 35/600, Total: 1796.359796, Node: 1097.337680, Link: 699.011376, Spread: 1.074093
Epoch 36/600, Total: 1794.464527, Node: 1095.798761, Link: 698.654700, Spread: 1.106671
Epoch 37/600, Total: 1792.827687, Node: 1094.481695, Link: 698.334749, Spread: 1.124207
Epoch 38/600, Total: 1791.424369, Node: 1093.360335, Link: 698.052757, Spread: 1.127964
Epoch 39/600, Total: 1790.241467, Node: 1092.426406, Link: 697.803882, Spread: 1.117984
Epoch 40/600, Total: 1789.243597, Node: 1091.648230, Link: 697.584403, Spread: 1.095651
Epoch 41/600, Total: 1788.346184, Node: 1090.910032, Link: 697.425523, Spread: 1.063697
Epoch 42/600, Total: 1787.738284, Node: 1090.491782, Link: 697.236272, Spread: 1.022587
Epoch 43/600, Total: 1787.100212, Node: 1089.996851, Link: 697.093597, Spread: 0.976578
Epoch 44/600, Total: 1786.538176, Node: 1089.565432, Link: 696.963504, Spread: 0.924598
Epoch 45/600, Total: 1786.050594, Node: 1089.195981, Link: 696.845926, Spread: 0.869191
Epoch 46/600, Total: 1803.084611, Node: 1089.560177, Link: 713.516607, Spread: 0.782339
Epoch 47/600, Total: 1808.374654, Node: 1089.896170, Link: 718.471171, Spread: 0.730945
Epoch 48/600, Total: 1807.668149, Node: 1089.438379, Link: 718.222926, Spread: 0.684268
Epoch 49/600, Total: 1807.154175, Node: 1089.106623, Link: 718.041204, Spread: 0.634903
Epoch 50/600, Total: 1806.780074, Node: 1088.863519, Link: 717.910707, Spread: 0.584812
Epoch 51/600, Total: 1806.510862, Node: 1088.689223, Link: 717.816283, Spread: 0.535523
Epoch 52/600, Total: 1806.319558, Node: 1088.566730, Link: 717.747947, Spread: 0.488451
Epoch 53/600, Total: 1806.185203, Node: 1088.482750, Link: 717.698008, Spread: 0.444765
Epoch 54/600, Total: 1806.089842, Node: 1088.425946, Link: 717.659841, Spread: 0.405322
Epoch 55/600, Total: 1806.022084, Node: 1088.387974, Link: 717.630405, Spread: 0.370599
Epoch 56/600, Total: 1805.973959, Node: 1088.363070, Link: 717.607483, Spread: 0.340803
Epoch 57/600, Total: 1805.938913, Node: 1088.346454, Link: 717.589296, Spread: 0.315880
Epoch 58/600, Total: 1805.912149, Node: 1088.334829, Link: 717.574361, Spread: 0.295601
Epoch 59/600, Total: 1805.890185, Node: 1088.325865, Link: 717.561526, Spread: 0.279542
Epoch 60/600, Total: 1805.870508, Node: 1088.317871, Link: 717.549965, Spread: 0.267202
Epoch 61/600, Total: 1805.947427, Node: 1088.399894, Link: 717.544940, Spread: 0.259792
Epoch 62/600, Total: 1805.808224, Node: 1088.302621, Link: 717.503057, Spread: 0.254981
Epoch 63/600, Total: 1805.803636, Node: 1088.290602, Link: 717.510538, Spread: 0.249586
Epoch 64/600, Total: 1805.792677, Node: 1088.282310, Link: 717.507915, Spread: 0.245512
Epoch 65/600, Total: 1805.780278, Node: 1088.273872, Link: 717.503977, Spread: 0.242299
Epoch 66/600, Total: 1805.768291, Node: 1088.265353, Link: 717.500539, Spread: 0.239662
Epoch 67/600, Total: 1805.756706, Node: 1088.256725, Link: 717.497609, Spread: 0.237446
Epoch 68/600, Total: 1805.745660, Node: 1088.248120, Link: 717.495185, Spread: 0.235576
Epoch 69/600, Total: 1805.735963, Node: 1088.239943, Link: 717.493684, Spread: 0.234013
Epoch 70/600, Total: 1805.727629, Node: 1088.232191, Link: 717.493115, Spread: 0.232734
Epoch 71/600, Total: 1805.720480, Node: 1088.224769, Link: 717.493397, Spread: 0.231738
Epoch 72/600, Total: 1805.714226, Node: 1088.217517, Link: 717.494404, Spread: 0.231013
Epoch 73/600, Total: 1805.708690, Node: 1088.210180, Link: 717.496206, Spread: 0.230539
Epoch 74/600, Total: 1805.703496, Node: 1088.202674, Link: 717.498519, Spread: 0.230295
Epoch 75/600, Total: 1805.698318, Node: 1088.195025, Link: 717.500992, Spread: 0.230242
Epoch 76/600, Total: 1805.692674, Node: 1088.187021, Link: 717.503354, Spread: 0.230320
Epoch 77/600, Total: 1805.686787, Node: 1088.178580, Link: 717.505906, Spread: 0.230468
Epoch 78/600, Total: 1805.680166, Node: 1088.169527, Link: 717.508340, Spread: 0.230629
Epoch 79/600, Total: 1805.672612, Node: 1088.159861, Link: 717.510449, Spread: 0.230742
Epoch 80/600, Total: 1805.664069, Node: 1088.149618, Link: 717.512152, Spread: 0.230760
Epoch 81/600, Total: 1805.654381, Node: 1088.138779, Link: 717.513300, Spread: 0.230649
Epoch 82/600, Total: 1805.643504, Node: 1088.127356, Link: 717.513843, Spread: 0.230393
Epoch 83/600, Total: 1805.631434, Node: 1088.115427, Link: 717.513706, Spread: 0.229997
Epoch 84/600, Total: 1805.618143, Node: 1088.102981, Link: 717.512866, Spread: 0.229483
Epoch 85/600, Total: 1805.603673, Node: 1088.090055, Link: 717.511330, Spread: 0.228876
Epoch 86/600, Total: 1805.588038, Node: 1088.076643, Link: 717.509119, Spread: 0.228209
Epoch 87/600, Total: 1805.571249, Node: 1088.062747, Link: 717.506238, Spread: 0.227508
Epoch 88/600, Total: 1805.553297, Node: 1088.048289, Link: 717.502748, Spread: 0.226793
Epoch 89/600, Total: 1805.534105, Node: 1088.033161, Link: 717.498690, Spread: 0.226075
Epoch 90/600, Total: 1805.513543, Node: 1088.017165, Link: 717.494131, Spread: 0.225344
Epoch 91/600, Total: 1805.491892, Node: 1088.000515, Link: 717.489135, Spread: 0.224575
Epoch 92/600, Total: 1805.468828, Node: 1087.982966, Link: 717.483626, Spread: 0.223726
Epoch 93/600, Total: 1805.444527, Node: 1087.964658, Link: 717.477638, Spread: 0.222748
Epoch 94/600, Total: 1805.419243, Node: 1087.945712, Link: 717.471319, Spread: 0.221593
Epoch 95/600, Total: 1805.393228, Node: 1087.926296, Link: 717.464729, Spread: 0.220229
Epoch 96/600, Total: 1805.366580, Node: 1087.906545, Link: 717.457850, Spread: 0.218639
Epoch 97/600, Total: 1805.339775, Node: 1087.886838, Link: 717.450763, Spread: 0.216834
Epoch 98/600, Total: 1805.312996, Node: 1087.867468, Link: 717.443374, Spread: 0.214845
Epoch 99/600, Total: 1805.286595, Node: 1087.848702, Link: 717.435766, Spread: 0.212714
Epoch 100/600, Total: 1805.261304, Node: 1087.830786, Link: 717.428411, Spread: 0.210486
Epoch 101/600, Total: 1805.236878, Node: 1087.813734, Link: 717.421063, Spread: 0.208208
Epoch 102/600, Total: 1805.213561, Node: 1087.797588, Link: 717.413914, Spread: 0.205920
Epoch 103/600, Total: 1805.191659, Node: 1087.782154, Link: 717.407470, Spread: 0.203650
Epoch 104/600, Total: 1805.171188, Node: 1087.767223, Link: 717.401947, Spread: 0.201418
Epoch 105/600, Total: 1805.152195, Node: 1087.753168, Link: 717.397035, Spread: 0.199236
Epoch 106/600, Total: 1805.134625, Node: 1087.739981, Link: 717.392671, Spread: 0.197114
Epoch 107/600, Total: 1805.118238, Node: 1087.727514, Link: 717.388775, Spread: 0.195055
Epoch 108/600, Total: 1805.103667, Node: 1087.716244, Link: 717.385493, Spread: 0.193057
Epoch 109/600, Total: 1805.088536, Node: 1087.704351, Link: 717.382270, Spread: 0.191125
Epoch 110/600, Total: 1805.074955, Node: 1087.693517, Link: 717.379526, Spread: 0.189251
Epoch 111/600, Total: 1805.061884, Node: 1087.682964, Link: 717.377034, Spread: 0.187428
Epoch 112/600, Total: 1805.049317, Node: 1087.672666, Link: 717.374795, Spread: 0.185651
Epoch 113/600, Total: 1805.037291, Node: 1087.662634, Link: 717.372815, Spread: 0.183915
Epoch 114/600, Total: 1805.025681, Node: 1087.652797, Link: 717.371066, Spread: 0.182217
Epoch 115/600, Total: 1805.014420, Node: 1087.643115, Link: 717.369506, Spread: 0.180549
Epoch 116/600, Total: 1805.003511, Node: 1087.633602, Link: 717.368124, Spread: 0.178908
Epoch 117/600, Total: 1804.992929, Node: 1087.624262, Link: 717.366899, Spread: 0.177293
Epoch 118/600, Total: 1804.982638, Node: 1087.615071, Link: 717.365819, Spread: 0.175699
Epoch 119/600, Total: 1804.972658, Node: 1087.606080, Link: 717.364842, Spread: 0.174123
Epoch 120/600, Total: 1804.963033, Node: 1087.597307, Link: 717.364003, Spread: 0.172563
Epoch 121/600, Total: 1804.953652, Node: 1087.588704, Link: 717.363234, Spread: 0.171018
Epoch 122/600, Total: 1804.944622, Node: 1087.580362, Link: 717.362569, Spread: 0.169488
Epoch 123/600, Total: 1804.935946, Node: 1087.572296, Link: 717.361974, Spread: 0.167967
Epoch 124/600, Total: 1804.927664, Node: 1087.564541, Link: 717.361461, Spread: 0.166458
Epoch 125/600, Total: 1804.919852, Node: 1087.557144, Link: 717.361065, Spread: 0.164958
Epoch 126/600, Total: 1804.912599, Node: 1087.550165, Link: 717.360797, Spread: 0.163467
Epoch 127/600, Total: 1804.940458, Node: 1087.548126, Link: 717.390728, Spread: 0.159585
Epoch 128/600, Total: 1804.936817, Node: 1087.522139, Link: 717.413152, Spread: 0.152682
Epoch 129/600, Total: 1804.872890, Node: 1087.548484, Link: 717.322790, Spread: 0.161462
Epoch 130/600, Total: 1804.882685, Node: 1087.536332, Link: 717.344755, Spread: 0.159129
Epoch 131/600, Total: 1804.883404, Node: 1087.527508, Link: 717.354316, Spread: 0.157241
Epoch 132/600, Total: 1804.880877, Node: 1087.520961, Link: 717.358345, Spread: 0.155571
Epoch 133/600, Total: 1804.877197, Node: 1087.515612, Link: 717.360036, Spread: 0.154001
Epoch 134/600, Total: 1804.873280, Node: 1087.510966, Link: 717.360791, Spread: 0.152477
Epoch 135/600, Total: 1804.869406, Node: 1087.506731, Link: 717.361165, Spread: 0.150981
Epoch 136/600, Total: 1804.865718, Node: 1087.502808, Link: 717.361418, Spread: 0.149502
Epoch 137/600, Total: 1804.862255, Node: 1087.499135, Link: 717.361638, Spread: 0.148037
Epoch 138/600, Total: 1804.859022, Node: 1087.495670, Link: 717.361886, Spread: 0.146584
Epoch 139/600, Total: 1804.855866, Node: 1087.492347, Link: 717.362070, Spread: 0.145141
Epoch 140/600, Total: 1804.852927, Node: 1087.489222, Link: 717.362265, Spread: 0.143709
Epoch 141/600, Total: 1804.850208, Node: 1087.486297, Link: 717.362484, Spread: 0.142287
Epoch 142/600, Total: 1804.847605, Node: 1087.483501, Link: 717.362689, Spread: 0.140874
Epoch 143/600, Total: 1804.845175, Node: 1087.480846, Link: 717.362927, Spread: 0.139471
Epoch 144/600, Total: 1804.842871, Node: 1087.478299, Link: 717.363186, Spread: 0.138077
Epoch 145/600, Total: 1804.840626, Node: 1087.475836, Link: 717.363432, Spread: 0.136693
Epoch 146/600, Total: 1804.838493, Node: 1087.473446, Link: 717.363705, Spread: 0.135318
Epoch 147/600, Total: 1804.836381, Node: 1087.471092, Link: 717.363959, Spread: 0.133950
Epoch 148/600, Total: 1804.834353, Node: 1087.468808, Link: 717.364225, Spread: 0.132592
Epoch 149/600, Total: 1804.832379, Node: 1087.466581, Link: 717.364483, Spread: 0.131242
Epoch 150/600, Total: 1804.830419, Node: 1087.464380, Link: 717.364737, Spread: 0.129900
Epoch 151/600, Total: 1804.828535, Node: 1087.462223, Link: 717.365020, Spread: 0.128566
Epoch 152/600, Total: 1804.826702, Node: 1087.460112, Link: 717.365303, Spread: 0.127241
Epoch 153/600, Total: 1804.824859, Node: 1087.458005, Link: 717.365578, Spread: 0.125925
Epoch 154/600, Total: 1804.823038, Node: 1087.455929, Link: 717.365844, Spread: 0.124617
Epoch 155/600, Total: 1804.821276, Node: 1087.453882, Link: 717.366143, Spread: 0.123316
Epoch 156/600, Total: 1804.819499, Node: 1087.451853, Link: 717.366415, Spread: 0.122024
Epoch 157/600, Total: 1804.817748, Node: 1087.449830, Link: 717.366704, Spread: 0.120740
Epoch 158/600, Total: 1804.816048, Node: 1087.447826, Link: 717.367034, Spread: 0.119464
Epoch 159/600, Total: 1804.814433, Node: 1087.445850, Link: 717.367403, Spread: 0.118197
Epoch 160/600, Total: 1804.812812, Node: 1087.443895, Link: 717.367749, Spread: 0.116937
Epoch 161/600, Total: 1804.811235, Node: 1087.441959, Link: 717.368115, Spread: 0.115686
Epoch 162/600, Total: 1804.809594, Node: 1087.439984, Link: 717.368465, Spread: 0.114443
Epoch 163/600, Total: 1804.807987, Node: 1087.438031, Link: 717.368822, Spread: 0.113209
Epoch 164/600, Total: 1804.806401, Node: 1087.436077, Link: 717.369198, Spread: 0.111982
Epoch 165/600, Total: 1804.804797, Node: 1087.434111, Link: 717.369566, Spread: 0.110765
Epoch 166/600, Total: 1804.803206, Node: 1087.432161, Link: 717.369927, Spread: 0.109557
Epoch 167/600, Total: 1804.801587, Node: 1087.430186, Link: 717.370301, Spread: 0.108357
Epoch 168/600, Total: 1804.799984, Node: 1087.428222, Link: 717.370681, Spread: 0.107165
Epoch 169/600, Total: 1804.798394, Node: 1087.426266, Link: 717.371058, Spread: 0.105983
Epoch 170/600, Total: 1804.796800, Node: 1087.424317, Link: 717.371431, Spread: 0.104809
Epoch 171/600, Total: 1804.795189, Node: 1087.422342, Link: 717.371820, Spread: 0.103645
Epoch 172/600, Total: 1804.793639, Node: 1087.420407, Link: 717.372219, Spread: 0.102489
Epoch 173/600, Total: 1804.792069, Node: 1087.418443, Link: 717.372615, Spread: 0.101344
Epoch 174/600, Total: 1804.790503, Node: 1087.416488, Link: 717.373015, Spread: 0.100209
Epoch 175/600, Total: 1804.788985, Node: 1087.414568, Link: 717.373433, Spread: 0.099084
Epoch 176/600, Total: 1804.787464, Node: 1087.412645, Link: 717.373835, Spread: 0.097969
Epoch 177/600, Total: 1804.785957, Node: 1087.410724, Link: 717.374253, Spread: 0.096865
Epoch 178/600, Total: 1804.784497, Node: 1087.408826, Link: 717.374698, Spread: 0.095771
Epoch 179/600, Total: 1804.783039, Node: 1087.406950, Link: 717.375129, Spread: 0.094690
Epoch 180/600, Total: 1804.781609, Node: 1087.405071, Link: 717.375580, Spread: 0.093620
Epoch 181/600, Total: 1804.780200, Node: 1087.403213, Link: 717.376041, Spread: 0.092562
Epoch 182/600, Total: 1804.778793, Node: 1087.401381, Link: 717.376494, Spread: 0.091518
Epoch 183/600, Total: 1804.777479, Node: 1087.399583, Link: 717.376985, Spread: 0.090487
Epoch 184/600, Total: 1804.776151, Node: 1087.397770, Link: 717.377483, Spread: 0.089470
Epoch 185/600, Total: 1804.774889, Node: 1087.396007, Link: 717.378009, Spread: 0.088469
Epoch 186/600, Total: 1804.773663, Node: 1087.394247, Link: 717.378556, Spread: 0.087485
Epoch 187/600, Total: 1804.772443, Node: 1087.392500, Link: 717.379090, Spread: 0.086517
Epoch 188/600, Total: 1804.771319, Node: 1087.390770, Link: 717.379706, Spread: 0.085570
Epoch 189/600, Total: 1804.770220, Node: 1087.389069, Link: 717.380315, Spread: 0.084644
Epoch 190/600, Total: 1804.769150, Node: 1087.387360, Link: 717.380972, Spread: 0.083742
Epoch 191/600, Total: 1804.768135, Node: 1087.385653, Link: 717.381669, Spread: 0.082869
Epoch 192/600, Total: 1804.767194, Node: 1087.383951, Link: 717.382430, Spread: 0.082031
Epoch 193/600, Total: 1804.766313, Node: 1087.382252, Link: 717.383249, Spread: 0.081235
Epoch 194/600, Total: 1804.765416, Node: 1087.380504, Link: 717.384100, Spread: 0.080491
Epoch 195/600, Total: 1804.764637, Node: 1087.378749, Link: 717.385079, Spread: 0.079817
Epoch 196/600, Total: 1804.763883, Node: 1087.376956, Link: 717.386128, Spread: 0.079235
Epoch 197/600, Total: 1804.763197, Node: 1087.375087, Link: 717.387310, Spread: 0.078782
Epoch 198/600, Total: 1804.762524, Node: 1087.373117, Link: 717.388622, Spread: 0.078516
Epoch 199/600, Total: 1804.761970, Node: 1087.371026, Link: 717.390152, Spread: 0.078522
Epoch 200/600, Total: 1804.761417, Node: 1087.368737, Link: 717.391889, Spread: 0.078938
Epoch 201/600, Total: 1804.760824, Node: 1087.366134, Link: 717.393887, Spread: 0.079980
Epoch 202/600, Total: 1804.760159, Node: 1087.363105, Link: 717.396244, Spread: 0.081974
Epoch 203/600, Total: 1804.759225, Node: 1087.359430, Link: 717.398963, Spread: 0.085376
Epoch 204/600, Total: 1804.757726, Node: 1087.354839, Link: 717.401994, Spread: 0.090727
Epoch 205/600, Total: 1804.755366, Node: 1087.349136, Link: 717.405254, Spread: 0.098416
Epoch 206/600, Total: 1804.751906, Node: 1087.342356, Link: 717.408481, Spread: 0.108245
Epoch 207/600, Total: 1804.747476, Node: 1087.334950, Link: 717.411361, Spread: 0.119033
Epoch 208/600, Total: 1804.742617, Node: 1087.327627, Link: 717.413725, Spread: 0.128839
Epoch 209/600, Total: 1804.737944, Node: 1087.321103, Link: 717.415499, Spread: 0.135840
Epoch 210/600, Total: 1804.733899, Node: 1087.315715, Link: 717.416802, Spread: 0.139142
Epoch 211/600, Total: 1804.730582, Node: 1087.311437, Link: 717.417757, Spread: 0.138894
Epoch 212/600, Total: 1804.727893, Node: 1087.308059, Link: 717.418470, Spread: 0.135860
Epoch 213/600, Total: 1804.725684, Node: 1087.305366, Link: 717.418996, Spread: 0.130953
Epoch 214/600, Total: 1804.723829, Node: 1087.303160, Link: 717.419400, Spread: 0.124969
Epoch 215/600, Total: 1804.722263, Node: 1087.301315, Link: 717.419737, Spread: 0.118509
Epoch 216/600, Total: 1804.720810, Node: 1087.299661, Link: 717.420008, Spread: 0.111983
Epoch 217/600, Total: 1804.719472, Node: 1087.298153, Link: 717.420248, Spread: 0.105658
Epoch 218/600, Total: 1804.718212, Node: 1087.296737, Link: 717.420468, Spread: 0.099691
Epoch 219/600, Total: 1804.716996, Node: 1087.295380, Link: 717.420660, Spread: 0.094161
Epoch 220/600, Total: 1804.715849, Node: 1087.294104, Link: 717.420837, Spread: 0.089101
Epoch 221/600, Total: 1804.714730, Node: 1087.292862, Link: 717.421006, Spread: 0.084512
Epoch 222/600, Total: 1804.713690, Node: 1087.291707, Link: 717.421176, Spread: 0.080373
Epoch 223/600, Total: 1804.712746, Node: 1087.290644, Link: 717.421354, Spread: 0.076652
Epoch 224/600, Total: 1804.711892, Node: 1087.289662, Link: 717.421504, Spread: 0.073314
Epoch 225/600, Total: 1804.711152, Node: 1087.288819, Link: 717.421646, Spread: 0.070321
Epoch 226/600, Total: 1804.710560, Node: 1087.288080, Link: 717.421806, Spread: 0.067635
Epoch 227/600, Total: 1804.710038, Node: 1087.287447, Link: 717.421941, Spread: 0.065222
Epoch 228/600, Total: 1804.709611, Node: 1087.286900, Link: 717.422081, Spread: 0.063049
Epoch 229/600, Total: 1804.709171, Node: 1087.286378, Link: 717.422199, Spread: 0.061087
Epoch 230/600, Total: 1804.708822, Node: 1087.285916, Link: 717.422336, Spread: 0.059309
Epoch 231/600, Total: 1804.708501, Node: 1087.285478, Link: 717.422458, Spread: 0.057693
Epoch 232/600, Total: 1804.708198, Node: 1087.285051, Link: 717.422587, Spread: 0.056218
Epoch 233/600, Total: 1804.707878, Node: 1087.284631, Link: 717.422700, Spread: 0.054866
Epoch 234/600, Total: 1804.707572, Node: 1087.284232, Link: 717.422810, Spread: 0.053622
Epoch 235/600, Total: 1804.707263, Node: 1087.283813, Link: 717.422931, Spread: 0.052472
Epoch 236/600, Total: 1804.706958, Node: 1087.283394, Link: 717.423051, Spread: 0.051404
Epoch 237/600, Total: 1804.706633, Node: 1087.282960, Link: 717.423168, Spread: 0.050407
Epoch 238/600, Total: 1804.706319, Node: 1087.282532, Link: 717.423284, Spread: 0.049474
Epoch 239/600, Total: 1804.705995, Node: 1087.282087, Link: 717.423409, Spread: 0.048596
Epoch 240/600, Total: 1804.705656, Node: 1087.281631, Link: 717.423530, Spread: 0.047767
Epoch 241/600, Total: 1804.705323, Node: 1087.281179, Link: 717.423648, Spread: 0.046980
Epoch 242/600, Total: 1804.704964, Node: 1087.280712, Link: 717.423763, Spread: 0.046231
Epoch 243/600, Total: 1804.704563, Node: 1087.280224, Link: 717.423872, Spread: 0.045515
Epoch 244/600, Total: 1804.704169, Node: 1087.279726, Link: 717.424004, Spread: 0.044830
Epoch 245/600, Total: 1804.703750, Node: 1087.279212, Link: 717.424109, Spread: 0.044170
Epoch 246/600, Total: 1804.703345, Node: 1087.278679, Link: 717.424238, Spread: 0.043534
Epoch 247/600, Total: 1804.702919, Node: 1087.278140, Link: 717.424353, Spread: 0.042919
Epoch 248/600, Total: 1804.702476, Node: 1087.277579, Link: 717.424470, Spread: 0.042323
Epoch 249/600, Total: 1804.702044, Node: 1087.277025, Link: 717.424592, Spread: 0.041745
Epoch 250/600, Total: 1804.701564, Node: 1087.276432, Link: 717.424720, Spread: 0.041181
Epoch 251/600, Total: 1804.701011, Node: 1087.275812, Link: 717.424832, Spread: 0.040632
Epoch 252/600, Total: 1804.700516, Node: 1087.275193, Link: 717.424956, Spread: 0.040096
Epoch 253/600, Total: 1804.699978, Node: 1087.274539, Link: 717.425071, Spread: 0.039572
Epoch 254/600, Total: 1804.699521, Node: 1087.273966, Link: 717.425185, Spread: 0.039058
Epoch 255/600, Total: 1804.698917, Node: 1087.273131, Link: 717.425421, Spread: 0.038554
Epoch 256/600, Total: 1804.698303, Node: 1087.272457, Link: 717.425484, Spread: 0.038061
Epoch 257/600, Total: 1804.697708, Node: 1087.271750, Link: 717.425597, Spread: 0.037575
Epoch 258/600, Total: 1804.697104, Node: 1087.271010, Link: 717.425729, Spread: 0.037099
Epoch 259/600, Total: 1804.696465, Node: 1087.270258, Link: 717.425863, Spread: 0.036629
Epoch 260/600, Total: 1804.695806, Node: 1087.269493, Link: 717.425992, Spread: 0.036168
Epoch 261/600, Total: 1804.695141, Node: 1087.268690, Link: 717.426129, Spread: 0.035713
Epoch 262/600, Total: 1804.694469, Node: 1087.267891, Link: 717.426256, Spread: 0.035266
Epoch 263/600, Total: 1804.693741, Node: 1087.267037, Link: 717.426378, Spread: 0.034825
Epoch 264/600, Total: 1804.693067, Node: 1087.266216, Link: 717.426532, Spread: 0.034390
Epoch 265/600, Total: 1804.692359, Node: 1087.265366, Link: 717.426675, Spread: 0.033961
Epoch 266/600, Total: 1804.691632, Node: 1087.264496, Link: 717.426818, Spread: 0.033538
Epoch 267/600, Total: 1804.690908, Node: 1087.263639, Link: 717.426951, Spread: 0.033121
Epoch 268/600, Total: 1804.690143, Node: 1087.262749, Link: 717.427077, Spread: 0.032710
Epoch 269/600, Total: 1804.689393, Node: 1087.261860, Link: 717.427218, Spread: 0.032304
Epoch 270/600, Total: 1804.688639, Node: 1087.260951, Link: 717.427370, Spread: 0.031903
Epoch 271/600, Total: 1804.687886, Node: 1087.260057, Link: 717.427515, Spread: 0.031507
Epoch 272/600, Total: 1804.687108, Node: 1087.259139, Link: 717.427652, Spread: 0.031116
Epoch 273/600, Total: 1804.686345, Node: 1087.258230, Link: 717.427796, Spread: 0.030730
Epoch 274/600, Total: 1804.685547, Node: 1087.257316, Link: 717.427913, Spread: 0.030349
Epoch 275/600, Total: 1804.684771, Node: 1087.256404, Link: 717.428054, Spread: 0.029973
Epoch 276/600, Total: 1804.684008, Node: 1087.255501, Link: 717.428193, Spread: 0.029601
Epoch 277/600, Total: 1804.683241, Node: 1087.254597, Link: 717.428333, Spread: 0.029235
Epoch 278/600, Total: 1804.682485, Node: 1087.253695, Link: 717.428473, Spread: 0.028873
Epoch 279/600, Total: 1804.681717, Node: 1087.252812, Link: 717.428594, Spread: 0.028515
Epoch 280/600, Total: 1804.680919, Node: 1087.251923, Link: 717.428719, Spread: 0.028162
Epoch 281/600, Total: 1804.680175, Node: 1087.251053, Link: 717.428848, Spread: 0.027813
Epoch 282/600, Total: 1804.679453, Node: 1087.250193, Link: 717.428984, Spread: 0.027468
Epoch 283/600, Total: 1804.678751, Node: 1087.249351, Link: 717.429123, Spread: 0.027127
Epoch 284/600, Total: 1804.678033, Node: 1087.248519, Link: 717.429240, Spread: 0.026791
Epoch 285/600, Total: 1804.677354, Node: 1087.247719, Link: 717.429359, Spread: 0.026459
Epoch 286/600, Total: 1804.676681, Node: 1087.246916, Link: 717.429494, Spread: 0.026132
Epoch 287/600, Total: 1804.676009, Node: 1087.246128, Link: 717.429611, Spread: 0.025808
Epoch 288/600, Total: 1804.675346, Node: 1087.245353, Link: 717.429722, Spread: 0.025488
Epoch 289/600, Total: 1804.674715, Node: 1087.244617, Link: 717.429827, Spread: 0.025172
Epoch 290/600, Total: 1804.674103, Node: 1087.243898, Link: 717.429938, Spread: 0.024860
Epoch 291/600, Total: 1804.673509, Node: 1087.243194, Link: 717.430047, Spread: 0.024552
Epoch 292/600, Total: 1804.672918, Node: 1087.242519, Link: 717.430173, Spread: 0.024248
Epoch 293/600, Total: 1804.672310, Node: 1087.241832, Link: 717.430264, Spread: 0.023948
Epoch 294/600, Total: 1804.671728, Node: 1087.241166, Link: 717.430348, Spread: 0.023651
Epoch 295/600, Total: 1804.671214, Node: 1087.240541, Link: 717.430459, Spread: 0.023358
Epoch 296/600, Total: 1804.670671, Node: 1087.239921, Link: 717.430537, Spread: 0.023069
Epoch 297/600, Total: 1804.670183, Node: 1087.239332, Link: 717.430639, Spread: 0.022784
Epoch 298/600, Total: 1804.669670, Node: 1087.238738, Link: 717.430720, Spread: 0.022502
Epoch 299/600, Total: 1804.669177, Node: 1087.238155, Link: 717.430809, Spread: 0.022223
Epoch 300/600, Total: 1804.668681, Node: 1087.237598, Link: 717.430876, Spread: 0.021949
Epoch 301/600, Total: 1804.668209, Node: 1087.237050, Link: 717.430946, Spread: 0.021677
Epoch 302/600, Total: 1804.667743, Node: 1087.236509, Link: 717.431028, Spread: 0.021410
Epoch 303/600, Total: 1804.667297, Node: 1087.235976, Link: 717.431111, Spread: 0.021145
Epoch 304/600, Total: 1804.666832, Node: 1087.235445, Link: 717.431178, Spread: 0.020884
Epoch 305/600, Total: 1804.666354, Node: 1087.234919, Link: 717.431224, Spread: 0.020626
Epoch 306/600, Total: 1804.665892, Node: 1087.234415, Link: 717.431273, Spread: 0.020371
Epoch 307/600, Total: 1804.665388, Node: 1087.233890, Link: 717.431326, Spread: 0.020119
Epoch 308/600, Total: 1804.664900, Node: 1087.233367, Link: 717.431364, Spread: 0.019871
Epoch 309/600, Total: 1804.664417, Node: 1087.232840, Link: 717.431405, Spread: 0.019626
Epoch 310/600, Total: 1804.663928, Node: 1087.232310, Link: 717.431446, Spread: 0.019384
Epoch 311/600, Total: 1804.663429, Node: 1087.231775, Link: 717.431482, Spread: 0.019145
Epoch 312/600, Total: 1804.662912, Node: 1087.231229, Link: 717.431514, Spread: 0.018909
Epoch 313/600, Total: 1804.662374, Node: 1087.230682, Link: 717.431523, Spread: 0.018676
Epoch 314/600, Total: 1804.661802, Node: 1087.230099, Link: 717.431533, Spread: 0.018446
Epoch 315/600, Total: 1804.661231, Node: 1087.229522, Link: 717.431541, Spread: 0.018219
Epoch 316/600, Total: 1804.660646, Node: 1087.228924, Link: 717.431558, Spread: 0.017995
Epoch 317/600, Total: 1804.660018, Node: 1087.228297, Link: 717.431560, Spread: 0.017773
Epoch 318/600, Total: 1804.659400, Node: 1087.227691, Link: 717.431541, Spread: 0.017555
Epoch 319/600, Total: 1804.658719, Node: 1087.227031, Link: 717.431522, Spread: 0.017339
Epoch 320/600, Total: 1804.658049, Node: 1087.226375, Link: 717.431509, Spread: 0.017126
Epoch 321/600, Total: 1804.657369, Node: 1087.225701, Link: 717.431501, Spread: 0.016916
Epoch 322/600, Total: 1804.656655, Node: 1087.225007, Link: 717.431481, Spread: 0.016708
Epoch 323/600, Total: 1804.655902, Node: 1087.224297, Link: 717.431437, Spread: 0.016503
Epoch 324/600, Total: 1804.655109, Node: 1087.223560, Link: 717.431390, Spread: 0.016300
Epoch 325/600, Total: 1804.654329, Node: 1087.222816, Link: 717.431355, Spread: 0.016100
Epoch 326/600, Total: 1804.653507, Node: 1087.222044, Link: 717.431309, Spread: 0.015903
Epoch 327/600, Total: 1804.652672, Node: 1087.221267, Link: 717.431255, Spread: 0.015708
Epoch 328/600, Total: 1804.651811, Node: 1087.220458, Link: 717.431204, Spread: 0.015515
Epoch 329/600, Total: 1804.650924, Node: 1087.219629, Link: 717.431143, Spread: 0.015325
Epoch 330/600, Total: 1804.650033, Node: 1087.218802, Link: 717.431078, Spread: 0.015137
Epoch 331/600, Total: 1804.649110, Node: 1087.217957, Link: 717.430998, Spread: 0.014951
Epoch 332/600, Total: 1804.648183, Node: 1087.217093, Link: 717.430935, Spread: 0.014767
Epoch 333/600, Total: 1804.647235, Node: 1087.216213, Link: 717.430871, Spread: 0.014586
Epoch 334/600, Total: 1804.646281, Node: 1087.215336, Link: 717.430795, Spread: 0.014407
Epoch 335/600, Total: 1804.645279, Node: 1087.214417, Link: 717.430708, Spread: 0.014231
Epoch 336/600, Total: 1804.644263, Node: 1087.213497, Link: 717.430622, Spread: 0.014056
Epoch 337/600, Total: 1804.643260, Node: 1087.212575, Link: 717.430538, Spread: 0.013883
Epoch 338/600, Total: 1804.642238, Node: 1087.211635, Link: 717.430456, Spread: 0.013713
Epoch 339/600, Total: 1804.641192, Node: 1087.210681, Link: 717.430365, Spread: 0.013545
Epoch 340/600, Total: 1804.640149, Node: 1087.209738, Link: 717.430263, Spread: 0.013378
Epoch 341/600, Total: 1804.639079, Node: 1087.208763, Link: 717.430166, Spread: 0.013214
Epoch 342/600, Total: 1804.638033, Node: 1087.207802, Link: 717.430081, Spread: 0.013052
Epoch 343/600, Total: 1804.636966, Node: 1087.206830, Link: 717.429988, Spread: 0.012892
Epoch 344/600, Total: 1804.635898, Node: 1087.205852, Link: 717.429898, Spread: 0.012734
Epoch 345/600, Total: 1804.634793, Node: 1087.204847, Link: 717.429795, Spread: 0.012577
Epoch 346/600, Total: 1804.633700, Node: 1087.203861, Link: 717.429693, Spread: 0.012423
Epoch 347/600, Total: 1804.632631, Node: 1087.202875, Link: 717.429611, Spread: 0.012270
Epoch 348/600, Total: 1804.631502, Node: 1087.201871, Link: 717.429508, Spread: 0.012119
Epoch 349/600, Total: 1804.630389, Node: 1087.200866, Link: 717.429410, Spread: 0.011970
Epoch 350/600, Total: 1804.629284, Node: 1087.199867, Link: 717.429309, Spread: 0.011823
Epoch 351/600, Total: 1804.628184, Node: 1087.198857, Link: 717.429220, Spread: 0.011678
Epoch 352/600, Total: 1804.627108, Node: 1087.197863, Link: 717.429134, Spread: 0.011534
Epoch 353/600, Total: 1804.626027, Node: 1087.196868, Link: 717.429048, Spread: 0.011393
Epoch 354/600, Total: 1804.624922, Node: 1087.195861, Link: 717.428952, Spread: 0.011253
Epoch 355/600, Total: 1804.623845, Node: 1087.194865, Link: 717.428869, Spread: 0.011115
Epoch 356/600, Total: 1804.622757, Node: 1087.193853, Link: 717.428794, Spread: 0.010978
Epoch 357/600, Total: 1804.621694, Node: 1087.192870, Link: 717.428714, Spread: 0.010843
Epoch 358/600, Total: 1804.620627, Node: 1087.191881, Link: 717.428636, Spread: 0.010710
Epoch 359/600, Total: 1804.619572, Node: 1087.190894, Link: 717.428569, Spread: 0.010578
Epoch 360/600, Total: 1804.618518, Node: 1087.189913, Link: 717.428496, Spread: 0.010449
Epoch 361/600, Total: 1804.617469, Node: 1087.188932, Link: 717.428429, Spread: 0.010320
Epoch 362/600, Total: 1804.616435, Node: 1087.187968, Link: 717.428358, Spread: 0.010194
Epoch 363/600, Total: 1804.615397, Node: 1087.186994, Link: 717.428296, Spread: 0.010069
Epoch 364/600, Total: 1804.614358, Node: 1087.186017, Link: 717.428237, Spread: 0.009945
Epoch 365/600, Total: 1804.613381, Node: 1087.185091, Link: 717.428185, Spread: 0.009823
Epoch 366/600, Total: 1804.612364, Node: 1087.184122, Link: 717.428135, Spread: 0.009703
Epoch 367/600, Total: 1804.611364, Node: 1087.183170, Link: 717.428090, Spread: 0.009584
Epoch 368/600, Total: 1804.610385, Node: 1087.182239, Link: 717.428040, Spread: 0.009466
Epoch 369/600, Total: 1804.609429, Node: 1087.181311, Link: 717.428012, Spread: 0.009350
Epoch 370/600, Total: 1804.608465, Node: 1087.180372, Link: 717.427988, Spread: 0.009236
Epoch 371/600, Total: 1804.607504, Node: 1087.179443, Link: 717.427957, Spread: 0.009123
Epoch 372/600, Total: 1804.606549, Node: 1087.178510, Link: 717.427932, Spread: 0.009012
Epoch 373/600, Total: 1804.605615, Node: 1087.177595, Link: 717.427916, Spread: 0.008902
Epoch 374/600, Total: 1804.604671, Node: 1087.176670, Link: 717.427899, Spread: 0.008793
Epoch 375/600, Total: 1804.603753, Node: 1087.175757, Link: 717.427894, Spread: 0.008686
Epoch 376/600, Total: 1804.602835, Node: 1087.174844, Link: 717.427887, Spread: 0.008580
Epoch 377/600, Total: 1804.601912, Node: 1087.173917, Link: 717.427891, Spread: 0.008476
Epoch 378/600, Total: 1804.601002, Node: 1087.173004, Link: 717.427893, Spread: 0.008372
Epoch 379/600, Total: 1804.600090, Node: 1087.172078, Link: 717.427909, Spread: 0.008270
Epoch 380/600, Total: 1804.599166, Node: 1087.171159, Link: 717.427920, Spread: 0.008170
Epoch 381/600, Total: 1804.598227, Node: 1087.170230, Link: 717.427930, Spread: 0.008070
Epoch 382/600, Total: 1804.597287, Node: 1087.169288, Link: 717.427952, Spread: 0.007973
Epoch 383/600, Total: 1804.596363, Node: 1087.168334, Link: 717.427981, Spread: 0.007876
Epoch 384/600, Total: 1804.595439, Node: 1087.167390, Link: 717.428005, Spread: 0.007781
Epoch 385/600, Total: 1804.594474, Node: 1087.166421, Link: 717.428009, Spread: 0.007686
Epoch 386/600, Total: 1804.593535, Node: 1087.165446, Link: 717.428041, Spread: 0.007593
Epoch 387/600, Total: 1804.592570, Node: 1087.164454, Link: 717.428068, Spread: 0.007501
Epoch 388/600, Total: 1804.591591, Node: 1087.163446, Link: 717.428099, Spread: 0.007411
Epoch 389/600, Total: 1804.590620, Node: 1087.162443, Link: 717.428129, Spread: 0.007321
Epoch 390/600, Total: 1804.589647, Node: 1087.161429, Link: 717.428171, Spread: 0.007232
Epoch 391/600, Total: 1804.588635, Node: 1087.160380, Link: 717.428210, Spread: 0.007145
Epoch 392/600, Total: 1804.587638, Node: 1087.159341, Link: 717.428250, Spread: 0.007058
Epoch 393/600, Total: 1804.586634, Node: 1087.158292, Link: 717.428296, Spread: 0.006973
Epoch 394/600, Total: 1804.585633, Node: 1087.157238, Link: 717.428349, Spread: 0.006889
Epoch 395/600, Total: 1804.584587, Node: 1087.156138, Link: 717.428401, Spread: 0.006806
Epoch 396/600, Total: 1804.583566, Node: 1087.155065, Link: 717.428457, Spread: 0.006724
Epoch 397/600, Total: 1804.582517, Node: 1087.153956, Link: 717.428513, Spread: 0.006643
Epoch 398/600, Total: 1804.581474, Node: 1087.152849, Link: 717.428578, Spread: 0.006563
Epoch 399/600, Total: 1804.580452, Node: 1087.151745, Link: 717.428659, Spread: 0.006484
Epoch 400/600, Total: 1804.579376, Node: 1087.150609, Link: 717.428718, Spread: 0.006406
Epoch 401/600, Total: 1804.578310, Node: 1087.149474, Link: 717.428788, Spread: 0.006329
Epoch 402/600, Total: 1804.577258, Node: 1087.148335, Link: 717.428879, Spread: 0.006253
Epoch 403/600, Total: 1804.576194, Node: 1087.147194, Link: 717.428952, Spread: 0.006178
Epoch 404/600, Total: 1804.575165, Node: 1087.146053, Link: 717.429067, Spread: 0.006104
Epoch 405/600, Total: 1804.574072, Node: 1087.144883, Link: 717.429145, Spread: 0.006030
Epoch 406/600, Total: 1804.572994, Node: 1087.143711, Link: 717.429241, Spread: 0.005958
Epoch 407/600, Total: 1804.571930, Node: 1087.142547, Link: 717.429342, Spread: 0.005886
Epoch 408/600, Total: 1804.570854, Node: 1087.141362, Link: 717.429453, Spread: 0.005816
Epoch 409/600, Total: 1804.569778, Node: 1087.140182, Link: 717.429552, Spread: 0.005745
Epoch 410/600, Total: 1804.568704, Node: 1087.138983, Link: 717.429680, Spread: 0.005676
Epoch 411/600, Total: 1804.567644, Node: 1087.137789, Link: 717.429810, Spread: 0.005608
Epoch 412/600, Total: 1804.566581, Node: 1087.136580, Link: 717.429960, Spread: 0.005541
Epoch 413/600, Total: 1804.565491, Node: 1087.135378, Link: 717.430069, Spread: 0.005474
Epoch 414/600, Total: 1804.564421, Node: 1087.134161, Link: 717.430218, Spread: 0.005408
Epoch 415/600, Total: 1804.563353, Node: 1087.132939, Link: 717.430371, Spread: 0.005343
Epoch 416/600, Total: 1804.562273, Node: 1087.131711, Link: 717.430520, Spread: 0.005279
Epoch 417/600, Total: 1804.561187, Node: 1087.130475, Link: 717.430670, Spread: 0.005215
Epoch 418/600, Total: 1804.560018, Node: 1087.129196, Link: 717.430779, Spread: 0.005152
Epoch 419/600, Total: 1804.558827, Node: 1087.127905, Link: 717.430880, Spread: 0.005090
Epoch 420/600, Total: 1804.557637, Node: 1087.126610, Link: 717.430986, Spread: 0.005029
Epoch 421/600, Total: 1804.556430, Node: 1087.125303, Link: 717.431085, Spread: 0.004968
Epoch 422/600, Total: 1804.555201, Node: 1087.123985, Link: 717.431174, Spread: 0.004908
Epoch 423/600, Total: 1804.553964, Node: 1087.122657, Link: 717.431261, Spread: 0.004849
Epoch 424/600, Total: 1804.552744, Node: 1087.121336, Link: 717.431361, Spread: 0.004791
Epoch 425/600, Total: 1804.551524, Node: 1087.119999, Link: 717.431480, Spread: 0.004733
Epoch 426/600, Total: 1804.550279, Node: 1087.118656, Link: 717.431581, Spread: 0.004676
Epoch 427/600, Total: 1804.549022, Node: 1087.117302, Link: 717.431676, Spread: 0.004620
Epoch 428/600, Total: 1804.547753, Node: 1087.115931, Link: 717.431776, Spread: 0.004564
Epoch 429/600, Total: 1804.546524, Node: 1087.114587, Link: 717.431894, Spread: 0.004509
Epoch 430/600, Total: 1804.545222, Node: 1087.113202, Link: 717.431979, Spread: 0.004454
Epoch 431/600, Total: 1804.543976, Node: 1087.111847, Link: 717.432084, Spread: 0.004401
Epoch 432/600, Total: 1804.542690, Node: 1087.110471, Link: 717.432179, Spread: 0.004348
Epoch 433/600, Total: 1804.541425, Node: 1087.109115, Link: 717.432267, Spread: 0.004295
Epoch 434/600, Total: 1804.540162, Node: 1087.107745, Link: 717.432373, Spread: 0.004243
Epoch 435/600, Total: 1804.538858, Node: 1087.106365, Link: 717.432454, Spread: 0.004192
Epoch 436/600, Total: 1804.537606, Node: 1087.105026, Link: 717.432537, Spread: 0.004141
Epoch 437/600, Total: 1804.536360, Node: 1087.103684, Link: 717.432646, Spread: 0.004091
Epoch 438/600, Total: 1804.535096, Node: 1087.102339, Link: 717.432741, Spread: 0.004041
Epoch 439/600, Total: 1804.533849, Node: 1087.101011, Link: 717.432828, Spread: 0.003992
Epoch 440/600, Total: 1804.532611, Node: 1087.099683, Link: 717.432923, Spread: 0.003944
Epoch 441/600, Total: 1804.531391, Node: 1087.098377, Link: 717.433012, Spread: 0.003896
Epoch 442/600, Total: 1804.530199, Node: 1087.097074, Link: 717.433122, Spread: 0.003849
Epoch 443/600, Total: 1804.529009, Node: 1087.095786, Link: 717.433216, Spread: 0.003802
Epoch 444/600, Total: 1804.527792, Node: 1087.094490, Link: 717.433299, Spread: 0.003756
Epoch 445/600, Total: 1804.526642, Node: 1087.093230, Link: 717.433406, Spread: 0.003710
Epoch 446/600, Total: 1804.525466, Node: 1087.091971, Link: 717.433490, Spread: 0.003665
Epoch 447/600, Total: 1804.524326, Node: 1087.090735, Link: 717.433591, Spread: 0.003621
Epoch 448/600, Total: 1804.523186, Node: 1087.089502, Link: 717.433680, Spread: 0.003577
Epoch 449/600, Total: 1804.522088, Node: 1087.088287, Link: 717.433794, Spread: 0.003534
Epoch 450/600, Total: 1804.520975, Node: 1087.087075, Link: 717.433896, Spread: 0.003491
Epoch 451/600, Total: 1804.519860, Node: 1087.085870, Link: 717.433990, Spread: 0.003448
Epoch 452/600, Total: 1804.518778, Node: 1087.084698, Link: 717.434078, Spread: 0.003406
Epoch 453/600, Total: 1804.517730, Node: 1087.083529, Link: 717.434199, Spread: 0.003365
Epoch 454/600, Total: 1804.516693, Node: 1087.082371, Link: 717.434317, Spread: 0.003324
Epoch 455/600, Total: 1804.515638, Node: 1087.081208, Link: 717.434424, Spread: 0.003284
Epoch 456/600, Total: 1804.514593, Node: 1087.080067, Link: 717.434524, Spread: 0.003244
Epoch 457/600, Total: 1804.513603, Node: 1087.078962, Link: 717.434636, Spread: 0.003205
Epoch 458/600, Total: 1804.512589, Node: 1087.077835, Link: 717.434746, Spread: 0.003166
Epoch 459/600, Total: 1804.511602, Node: 1087.076737, Link: 717.434859, Spread: 0.003127
Epoch 460/600, Total: 1804.510592, Node: 1087.075624, Link: 717.434966, Spread: 0.003089
Epoch 461/600, Total: 1804.509647, Node: 1087.074553, Link: 717.435090, Spread: 0.003052
Epoch 462/600, Total: 1804.508685, Node: 1087.073487, Link: 717.435196, Spread: 0.003015
Epoch 463/600, Total: 1804.507738, Node: 1087.072423, Link: 717.435310, Spread: 0.002978
Epoch 464/600, Total: 1804.506828, Node: 1087.071366, Link: 717.435456, Spread: 0.002942
Epoch 465/600, Total: 1804.505901, Node: 1087.070331, Link: 717.435568, Spread: 0.002906
Epoch 466/600, Total: 1804.504958, Node: 1087.069284, Link: 717.435670, Spread: 0.002871
Epoch 467/600, Total: 1804.504075, Node: 1087.068268, Link: 717.435800, Spread: 0.002836
Epoch 468/600, Total: 1804.503164, Node: 1087.067244, Link: 717.435918, Spread: 0.002802
Epoch 469/600, Total: 1804.502270, Node: 1087.066229, Link: 717.436037, Spread: 0.002767
Epoch 470/600, Total: 1804.501410, Node: 1087.065253, Link: 717.436154, Spread: 0.002734
Epoch 471/600, Total: 1804.500538, Node: 1087.064254, Link: 717.436277, Spread: 0.002700
Epoch 472/600, Total: 1804.499687, Node: 1087.063293, Link: 717.436390, Spread: 0.002668
Epoch 473/600, Total: 1804.498833, Node: 1087.062320, Link: 717.436509, Spread: 0.002635
Epoch 474/600, Total: 1804.498016, Node: 1087.061365, Link: 717.436645, Spread: 0.002603
Epoch 475/600, Total: 1804.497216, Node: 1087.060441, Link: 717.436772, Spread: 0.002571
Epoch 476/600, Total: 1804.496380, Node: 1087.059487, Link: 717.436888, Spread: 0.002540
Epoch 477/600, Total: 1804.495566, Node: 1087.058556, Link: 717.437005, Spread: 0.002509
Epoch 478/600, Total: 1804.494777, Node: 1087.057632, Link: 717.437143, Spread: 0.002479
Epoch 479/600, Total: 1804.493994, Node: 1087.056731, Link: 717.437259, Spread: 0.002449
Epoch 480/600, Total: 1804.493207, Node: 1087.055821, Link: 717.437383, Spread: 0.002419
Epoch 481/600, Total: 1804.492448, Node: 1087.054940, Link: 717.437505, Spread: 0.002389
Epoch 482/600, Total: 1804.491660, Node: 1087.054032, Link: 717.437624, Spread: 0.002360
Epoch 483/600, Total: 1804.490871, Node: 1087.053123, Link: 717.437741, Spread: 0.002332
Epoch 484/600, Total: 1804.490098, Node: 1087.052224, Link: 717.437869, Spread: 0.002303
Epoch 485/600, Total: 1804.489317, Node: 1087.051320, Link: 717.437992, Spread: 0.002275
Epoch 486/600, Total: 1804.488516, Node: 1087.050405, Link: 717.438106, Spread: 0.002247
Epoch 487/600, Total: 1804.487714, Node: 1087.049493, Link: 717.438214, Spread: 0.002220
Epoch 488/600, Total: 1804.486880, Node: 1087.048565, Link: 717.438311, Spread: 0.002193
Epoch 489/600, Total: 1804.486059, Node: 1087.047632, Link: 717.438421, Spread: 0.002166
Epoch 490/600, Total: 1804.485208, Node: 1087.046685, Link: 717.438519, Spread: 0.002140
Epoch 491/600, Total: 1804.484365, Node: 1087.045734, Link: 717.438625, Spread: 0.002114
Epoch 492/600, Total: 1804.483507, Node: 1087.044774, Link: 717.438727, Spread: 0.002088
Epoch 493/600, Total: 1804.482656, Node: 1087.043815, Link: 717.438835, Spread: 0.002063
Epoch 494/600, Total: 1804.481769, Node: 1087.042828, Link: 717.438935, Spread: 0.002037
Epoch 495/600, Total: 1804.480861, Node: 1087.041845, Link: 717.439013, Spread: 0.002013
Epoch 496/600, Total: 1804.479961, Node: 1087.040855, Link: 717.439109, Spread: 0.001988
Epoch 497/600, Total: 1804.479119, Node: 1087.039888, Link: 717.439228, Spread: 0.001964
Epoch 498/600, Total: 1804.478215, Node: 1087.038896, Link: 717.439318, Spread: 0.001940
Epoch 499/600, Total: 1804.477335, Node: 1087.037918, Link: 717.439415, Spread: 0.001916
Epoch 500/600, Total: 1804.476424, Node: 1087.036922, Link: 717.439504, Spread: 0.001893
Epoch 501/600, Total: 1804.475536, Node: 1087.035941, Link: 717.439597, Spread: 0.001870
Epoch 502/600, Total: 1804.474660, Node: 1087.034963, Link: 717.439695, Spread: 0.001847
Epoch 503/600, Total: 1804.473748, Node: 1087.033964, Link: 717.439784, Spread: 0.001825
Epoch 504/600, Total: 1804.472877, Node: 1087.032990, Link: 717.439887, Spread: 0.001803
Epoch 505/600, Total: 1804.471979, Node: 1087.032017, Link: 717.439962, Spread: 0.001781
Epoch 506/600, Total: 1804.471110, Node: 1087.031053, Link: 717.440056, Spread: 0.001759
Epoch 507/600, Total: 1804.470253, Node: 1087.030092, Link: 717.440158, Spread: 0.001738
Epoch 508/600, Total: 1804.469373, Node: 1087.029129, Link: 717.440243, Spread: 0.001717
Epoch 509/600, Total: 1804.468513, Node: 1087.028174, Link: 717.440341, Spread: 0.001696
Epoch 510/600, Total: 1804.467663, Node: 1087.027223, Link: 717.440441, Spread: 0.001676
Epoch 511/600, Total: 1804.466810, Node: 1087.026265, Link: 717.440543, Spread: 0.001655
Epoch 512/600, Total: 1804.465918, Node: 1087.025298, Link: 717.440620, Spread: 0.001635
Epoch 513/600, Total: 1804.465069, Node: 1087.024358, Link: 717.440710, Spread: 0.001615
Epoch 514/600, Total: 1804.464218, Node: 1087.023416, Link: 717.440802, Spread: 0.001596
Epoch 515/600, Total: 1804.463377, Node: 1087.022478, Link: 717.440898, Spread: 0.001576
Epoch 516/600, Total: 1804.462536, Node: 1087.021550, Link: 717.440986, Spread: 0.001557
Epoch 517/600, Total: 1804.461675, Node: 1087.020594, Link: 717.441085, Spread: 0.001539
Epoch 518/600, Total: 1804.460838, Node: 1087.019666, Link: 717.441169, Spread: 0.001520
Epoch 519/600, Total: 1804.459986, Node: 1087.018717, Link: 717.441268, Spread: 0.001502
Epoch 520/600, Total: 1804.459158, Node: 1087.017787, Link: 717.441369, Spread: 0.001483
Epoch 521/600, Total: 1804.458301, Node: 1087.016834, Link: 717.441466, Spread: 0.001465
Epoch 522/600, Total: 1804.457457, Node: 1087.015909, Link: 717.441550, Spread: 0.001448
Epoch 523/600, Total: 1804.456632, Node: 1087.014974, Link: 717.441655, Spread: 0.001430
Epoch 524/600, Total: 1804.455779, Node: 1087.014029, Link: 717.441747, Spread: 0.001413
Epoch 525/600, Total: 1804.454955, Node: 1087.013096, Link: 717.441858, Spread: 0.001396
Epoch 526/600, Total: 1804.454099, Node: 1087.012143, Link: 717.441950, Spread: 0.001379
Epoch 527/600, Total: 1804.453280, Node: 1087.011217, Link: 717.442063, Spread: 0.001362
Epoch 528/600, Total: 1804.452433, Node: 1087.010280, Link: 717.442153, Spread: 0.001346
Epoch 529/600, Total: 1804.451566, Node: 1087.009331, Link: 717.442233, Spread: 0.001330
Epoch 530/600, Total: 1804.450706, Node: 1087.008378, Link: 717.442328, Spread: 0.001313
Epoch 531/600, Total: 1804.449886, Node: 1087.007444, Link: 717.442444, Spread: 0.001298
Epoch 532/600, Total: 1804.449065, Node: 1087.006507, Link: 717.442558, Spread: 0.001282
Epoch 533/600, Total: 1804.448217, Node: 1087.005557, Link: 717.442659, Spread: 0.001266
Epoch 534/600, Total: 1804.447379, Node: 1087.004617, Link: 717.442760, Spread: 0.001251
Epoch 535/600, Total: 1804.446577, Node: 1087.003705, Link: 717.442872, Spread: 0.001236
Epoch 536/600, Total: 1804.445745, Node: 1087.002777, Link: 717.442969, Spread: 0.001221
Epoch 537/600, Total: 1804.444908, Node: 1087.001840, Link: 717.443067, Spread: 0.001206
Epoch 538/600, Total: 1804.444093, Node: 1087.000927, Link: 717.443164, Spread: 0.001191
Epoch 539/600, Total: 1804.443293, Node: 1087.000018, Link: 717.443278, Spread: 0.001177
Epoch 540/600, Total: 1804.442508, Node: 1086.999127, Link: 717.443383, Spread: 0.001163
Epoch 541/600, Total: 1804.441755, Node: 1086.998266, Link: 717.443489, Spread: 0.001149
Epoch 542/600, Total: 1804.441008, Node: 1086.997395, Link: 717.443610, Spread: 0.001135
Epoch 543/600, Total: 1804.440275, Node: 1086.996555, Link: 717.443719, Spread: 0.001121
Epoch 544/600, Total: 1804.439519, Node: 1086.995715, Link: 717.443803, Spread: 0.001107
Epoch 545/600, Total: 1804.438863, Node: 1086.994942, Link: 717.443918, Spread: 0.001094
Epoch 546/600, Total: 1804.438168, Node: 1086.994150, Link: 717.444016, Spread: 0.001081
Epoch 547/600, Total: 1804.437528, Node: 1086.993401, Link: 717.444130, Spread: 0.001068
Epoch 548/600, Total: 1804.436895, Node: 1086.992682, Link: 717.444211, Spread: 0.001055
Epoch 549/600, Total: 1804.436316, Node: 1086.991997, Link: 717.444319, Spread: 0.001042
Epoch 550/600, Total: 1804.435757, Node: 1086.991341, Link: 717.444416, Spread: 0.001029
Epoch 551/600, Total: 1804.435260, Node: 1086.990729, Link: 717.444528, Spread: 0.001017
Epoch 552/600, Total: 1804.434746, Node: 1086.990130, Link: 717.444618, Spread: 0.001004
Epoch 553/600, Total: 1804.434303, Node: 1086.989592, Link: 717.444710, Spread: 0.000992
Epoch 554/600, Total: 1804.433903, Node: 1086.989100, Link: 717.444804, Spread: 0.000980
Epoch 555/600, Total: 1804.433534, Node: 1086.988643, Link: 717.444893, Spread: 0.000968
Epoch 556/600, Total: 1804.433216, Node: 1086.988220, Link: 717.444996, Spread: 0.000956
Epoch 557/600, Total: 1804.432971, Node: 1086.987875, Link: 717.445094, Spread: 0.000944
Epoch 558/600, Total: 1804.432710, Node: 1086.987540, Link: 717.445171, Spread: 0.000933
Epoch 559/600, Total: 1804.432523, Node: 1086.987285, Link: 717.445242, Spread: 0.000922
Epoch 560/600, Total: 1804.432408, Node: 1086.987071, Link: 717.445338, Spread: 0.000910
Epoch 561/600, Total: 1804.432322, Node: 1086.986909, Link: 717.445412, Spread: 0.000899
Epoch 562/600, Total: 1804.432309, Node: 1086.986812, Link: 717.445497, Spread: 0.000888
Epoch 563/600, Total: 1804.432324, Node: 1086.986744, Link: 717.445579, Spread: 0.000877
Epoch 564/600, Total: 1804.432418, Node: 1086.986757, Link: 717.445664, Spread: 0.000866
Epoch 565/600, Total: 1804.432526, Node: 1086.986798, Link: 717.445727, Spread: 0.000856
Epoch 566/600, Total: 1804.432702, Node: 1086.986894, Link: 717.445807, Spread: 0.000845
Epoch 567/600, Total: 1804.432946, Node: 1086.987046, Link: 717.445898, Spread: 0.000835
Epoch 568/600, Total: 1804.433207, Node: 1086.987248, Link: 717.445958, Spread: 0.000824
Epoch 569/600, Total: 1804.433531, Node: 1086.987497, Link: 717.446037, Spread: 0.000814
Epoch 570/600, Total: 1804.433899, Node: 1086.987786, Link: 717.446114, Spread: 0.000804
Epoch 571/600, Total: 1804.434325, Node: 1086.988129, Link: 717.446196, Spread: 0.000794
Epoch 572/600, Total: 1804.434782, Node: 1086.988510, Link: 717.446271, Spread: 0.000784
Epoch 573/600, Total: 1804.435277, Node: 1086.988929, Link: 717.446349, Spread: 0.000774
Epoch 574/600, Total: 1804.435842, Node: 1086.989396, Link: 717.446447, Spread: 0.000765
Epoch 575/600, Total: 1804.436379, Node: 1086.989867, Link: 717.446514, Spread: 0.000755
Epoch 576/600, Total: 1804.437014, Node: 1086.990412, Link: 717.446604, Spread: 0.000746
Epoch 577/600, Total: 1804.437634, Node: 1086.990956, Link: 717.446675, Spread: 0.000736
Epoch 578/600, Total: 1804.438302, Node: 1086.991527, Link: 717.446774, Spread: 0.000727
Epoch 579/600, Total: 1804.438963, Node: 1086.992123, Link: 717.446845, Spread: 0.000718
Epoch 580/600, Total: 1804.439646, Node: 1086.992716, Link: 717.446931, Spread: 0.000709
Epoch 581/600, Total: 1804.440375, Node: 1086.993337, Link: 717.447039, Spread: 0.000700
Epoch 582/600, Total: 1804.441111, Node: 1086.993967, Link: 717.447142, Spread: 0.000691
Epoch 583/600, Total: 1804.441802, Node: 1086.994566, Link: 717.447235, Spread: 0.000683
Epoch 584/600, Total: 1804.442498, Node: 1086.995160, Link: 717.447336, Spread: 0.000674
Epoch 585/600, Total: 1804.443185, Node: 1086.995747, Link: 717.447439, Spread: 0.000666
Epoch 586/600, Total: 1804.443884, Node: 1086.996340, Link: 717.447545, Spread: 0.000657
Epoch 587/600, Total: 1804.444586, Node: 1086.996916, Link: 717.447668, Spread: 0.000649
Epoch 588/600, Total: 1804.445244, Node: 1086.997464, Link: 717.447781, Spread: 0.000641
Epoch 589/600, Total: 1804.445895, Node: 1086.997988, Link: 717.447909, Spread: 0.000633
Epoch 590/600, Total: 1804.446550, Node: 1086.998503, Link: 717.448048, Spread: 0.000625
Epoch 591/600, Total: 1804.447157, Node: 1086.998977, Link: 717.448179, Spread: 0.000617
Epoch 592/600, Total: 1804.447729, Node: 1086.999419, Link: 717.448311, Spread: 0.000609
Epoch 593/600, Total: 1804.448271, Node: 1086.999836, Link: 717.448435, Spread: 0.000602
Epoch 594/600, Total: 1804.448779, Node: 1087.000223, Link: 717.448560, Spread: 0.000594
Epoch 595/600, Total: 1804.449313, Node: 1087.000596, Link: 717.448714, Spread: 0.000586
Epoch 596/600, Total: 1804.449744, Node: 1087.000911, Link: 717.448834, Spread: 0.000579
Epoch 597/600, Total: 1804.450172, Node: 1087.001194, Link: 717.448979, Spread: 0.000572
Epoch 598/600, Total: 1804.450560, Node: 1087.001458, Link: 717.449100, Spread: 0.000565
Epoch 599/600, Total: 1804.450935, Node: 1087.001682, Link: 717.449251, Spread: 0.000557
Epoch 600/600, Total: 1804.451279, Node: 1087.001881, Link: 717.449397, Spread: 0.000550
Saved sweep result to: /homes/dameyer/ml-for-wdn-project-4/results/aggregated/gnn_training_sweep/net1_buffer=5_rollout=1_seed=42.json
Table value: 1087.001881
