================================
GNN training sweep
Job ID: 242665
Task ID: 1
Buffer size: 1
Rollout length: 5
================================
Running GNN sweep: dataset=Net1, buffer=1, rollout=5
Epoch 1/600, Total: 2602.026310, Node: 1361.984644, Link: 1240.041647, Spread: 0.000000
Epoch 2/600, Total: 1933.320452, Node: 1200.430829, Link: 732.889628, Spread: 0.000000
Epoch 3/600, Total: 1850.300081, Node: 1127.409942, Link: 722.890142, Spread: 0.000000
Epoch 4/600, Total: 1797.039670, Node: 1082.279400, Link: 714.760270, Spread: 0.000000
Epoch 5/600, Total: 1763.875236, Node: 1055.911983, Link: 707.963249, Spread: 0.000000
Epoch 6/600, Total: 1744.688467, Node: 1043.081974, Link: 701.606479, Spread: 0.000000
Epoch 7/600, Total: 1740.506252, Node: 1043.718777, Link: 696.787469, Spread: 0.000000
Epoch 8/600, Total: 1709.376743, Node: 1019.157222, Link: 690.219525, Spread: 0.000000
Epoch 9/600, Total: 1699.478955, Node: 1013.852547, Link: 685.626406, Spread: 0.000000
Epoch 10/600, Total: 1698.763111, Node: 1006.701610, Link: 692.061512, Spread: 0.000000
Epoch 11/600, Total: 1696.047086, Node: 1004.244127, Link: 691.802956, Spread: 0.000000
Epoch 12/600, Total: 1673.203360, Node: 993.189830, Link: 680.013530, Spread: 0.000000
Epoch 13/600, Total: 1673.105267, Node: 995.491001, Link: 677.614261, Spread: 0.000000
Epoch 14/600, Total: 1664.010277, Node: 979.937294, Link: 684.072978, Spread: 0.000000
Epoch 15/600, Total: 1649.912099, Node: 973.405453, Link: 676.506649, Spread: 0.000000
Epoch 16/600, Total: 1641.083178, Node: 967.579770, Link: 673.503415, Spread: 0.000000
Epoch 17/600, Total: 1642.129786, Node: 965.446424, Link: 676.683366, Spread: 0.000000
Epoch 18/600, Total: 1636.097010, Node: 967.166235, Link: 668.930769, Spread: 0.000000
Epoch 19/600, Total: 1646.138015, Node: 964.727917, Link: 681.410101, Spread: 0.000000
Epoch 20/600, Total: 1635.086938, Node: 958.361532, Link: 676.725389, Spread: 0.000000
Epoch 21/600, Total: 1629.125040, Node: 954.901707, Link: 674.223326, Spread: 0.000000
Epoch 22/600, Total: 1627.106447, Node: 955.701069, Link: 671.405388, Spread: 0.000000
Epoch 23/600, Total: 1624.767101, Node: 954.100693, Link: 670.666410, Spread: 0.000000
Epoch 24/600, Total: 1626.098807, Node: 959.202752, Link: 666.896045, Spread: 0.000000
Epoch 25/600, Total: 1619.496728, Node: 953.795559, Link: 665.701174, Spread: 0.000000
Epoch 26/600, Total: 1610.663268, Node: 949.201288, Link: 661.461989, Spread: 0.000000
Epoch 27/600, Total: 1611.112998, Node: 950.736285, Link: 660.376713, Spread: 0.000000
Epoch 28/600, Total: 1613.625323, Node: 955.949353, Link: 657.675968, Spread: 0.000000
Epoch 29/600, Total: 1601.153901, Node: 945.667279, Link: 655.486626, Spread: 0.000000
Epoch 30/600, Total: 1600.038759, Node: 944.466226, Link: 655.572539, Spread: 0.000000
Epoch 31/600, Total: 1597.763489, Node: 944.264621, Link: 653.498874, Spread: 0.000000
Epoch 32/600, Total: 1606.247389, Node: 947.503879, Link: 658.743515, Spread: 0.000000
Epoch 33/600, Total: 1610.931631, Node: 953.424423, Link: 657.507204, Spread: 0.000000
Epoch 34/600, Total: 1599.838361, Node: 945.403627, Link: 654.434740, Spread: 0.000000
Epoch 35/600, Total: 1596.365897, Node: 943.013491, Link: 653.352412, Spread: 0.000000
Epoch 36/600, Total: 1592.225973, Node: 941.092833, Link: 651.133138, Spread: 0.000000
Epoch 37/600, Total: 1599.325212, Node: 951.166296, Link: 648.158913, Spread: 0.000000
Epoch 38/600, Total: 1602.314465, Node: 945.567426, Link: 656.747035, Spread: 0.000000
Epoch 39/600, Total: 1660.187356, Node: 956.394497, Link: 703.792853, Spread: 0.000000
Epoch 40/600, Total: 1668.860564, Node: 958.801277, Link: 710.059287, Spread: 0.000000
Epoch 41/600, Total: 1664.746815, Node: 956.790531, Link: 707.956280, Spread: 0.000000
Epoch 42/600, Total: 1662.121631, Node: 956.021670, Link: 706.099959, Spread: 0.000000
Epoch 43/600, Total: 1659.591574, Node: 955.183369, Link: 704.408206, Spread: 0.000000
Epoch 44/600, Total: 1658.381136, Node: 954.620823, Link: 703.760308, Spread: 0.000000
Epoch 45/600, Total: 1656.128166, Node: 954.348261, Link: 701.779913, Spread: 0.000000
Epoch 46/600, Total: 1655.054143, Node: 953.728438, Link: 701.325702, Spread: 0.000000
Epoch 47/600, Total: 1654.234607, Node: 953.341059, Link: 700.893547, Spread: 0.000000
Epoch 48/600, Total: 1653.651100, Node: 953.549327, Link: 700.101765, Spread: 0.000000
Epoch 49/600, Total: 1652.261538, Node: 952.779621, Link: 699.481922, Spread: 0.000000
Epoch 50/600, Total: 1651.541832, Node: 952.411167, Link: 699.130670, Spread: 0.000000
Epoch 51/600, Total: 1650.696913, Node: 952.180420, Link: 698.516491, Spread: 0.000000
Epoch 52/600, Total: 1667.971259, Node: 967.382754, Link: 700.588503, Spread: 0.000000
Epoch 53/600, Total: 1673.431416, Node: 972.295496, Link: 701.135930, Spread: 0.000000
Epoch 54/600, Total: 1650.057927, Node: 952.080957, Link: 697.976969, Spread: 0.000000
Epoch 55/600, Total: 1649.263762, Node: 951.618188, Link: 697.645570, Spread: 0.000000
Epoch 56/600, Total: 1648.389331, Node: 951.411263, Link: 696.978060, Spread: 0.000000
Epoch 57/600, Total: 1648.030036, Node: 950.964290, Link: 697.065754, Spread: 0.000000
Epoch 58/600, Total: 1647.509200, Node: 950.703170, Link: 696.806029, Spread: 0.000000
Epoch 59/600, Total: 1647.039730, Node: 950.473374, Link: 696.566352, Spread: 0.000000
Epoch 60/600, Total: 1646.603969, Node: 950.249585, Link: 696.354387, Spread: 0.000000
Epoch 61/600, Total: 1646.204464, Node: 950.047878, Link: 696.156584, Spread: 0.000000
Epoch 62/600, Total: 1645.835044, Node: 949.859723, Link: 695.975317, Spread: 0.000000
Epoch 63/600, Total: 1645.492781, Node: 949.684118, Link: 695.808665, Spread: 0.000000
Epoch 64/600, Total: 1645.174650, Node: 949.519948, Link: 695.654701, Spread: 0.000000
Epoch 65/600, Total: 1644.877175, Node: 949.364726, Link: 695.512450, Spread: 0.000000
Epoch 66/600, Total: 1644.598761, Node: 949.218548, Link: 695.380211, Spread: 0.000000
Epoch 67/600, Total: 1644.337299, Node: 949.080131, Link: 695.257176, Spread: 0.000000
Epoch 68/600, Total: 1644.091251, Node: 948.949256, Link: 695.141986, Spread: 0.000000
Epoch 69/600, Total: 1643.858525, Node: 948.825109, Link: 695.033412, Spread: 0.000000
Epoch 70/600, Total: 1643.779447, Node: 948.857653, Link: 694.921783, Spread: 0.000000
Epoch 71/600, Total: 1643.308755, Node: 948.490244, Link: 694.818515, Spread: 0.000000
Epoch 72/600, Total: 1643.238411, Node: 948.479921, Link: 694.758489, Spread: 0.000000
Epoch 73/600, Total: 1643.052147, Node: 948.383950, Link: 694.668194, Spread: 0.000000
Epoch 74/600, Total: 1642.887130, Node: 948.315975, Link: 694.571156, Spread: 0.000000
Epoch 75/600, Total: 1642.829984, Node: 948.278618, Link: 694.551370, Spread: 0.000000
Epoch 76/600, Total: 1642.577410, Node: 948.085108, Link: 694.492303, Spread: 0.000000
Epoch 77/600, Total: 1642.395341, Node: 947.989209, Link: 694.406131, Spread: 0.000000
Epoch 78/600, Total: 1642.234103, Node: 947.907799, Link: 694.326298, Spread: 0.000000
Epoch 79/600, Total: 1642.082585, Node: 947.830928, Link: 694.251656, Spread: 0.000000
Epoch 80/600, Total: 1642.214332, Node: 948.458933, Link: 693.755401, Spread: 0.000000
Epoch 81/600, Total: 1646.376290, Node: 949.983299, Link: 696.392988, Spread: 0.000000
Epoch 82/600, Total: 1643.862127, Node: 949.499334, Link: 694.362787, Spread: 0.000000
Epoch 83/600, Total: 1643.604761, Node: 949.334441, Link: 694.270314, Spread: 0.000000
Epoch 84/600, Total: 1643.498058, Node: 949.293932, Link: 694.204136, Spread: 0.000000
Epoch 85/600, Total: 1643.441949, Node: 949.290596, Link: 694.151354, Spread: 0.000000
Epoch 86/600, Total: 1643.407626, Node: 949.302075, Link: 694.105547, Spread: 0.000000
Epoch 87/600, Total: 1643.384406, Node: 949.320655, Link: 694.063748, Spread: 0.000000
Epoch 88/600, Total: 1665.807125, Node: 963.945485, Link: 701.861634, Spread: 0.000000
Epoch 89/600, Total: 1655.527228, Node: 961.056495, Link: 694.470730, Spread: 0.000000
Epoch 90/600, Total: 1643.805182, Node: 958.056877, Link: 685.748305, Spread: 0.000000
Epoch 91/600, Total: 1647.592831, Node: 960.922181, Link: 686.670650, Spread: 0.000000
Epoch 92/600, Total: 1643.822914, Node: 960.900485, Link: 682.922425, Spread: 0.000000
Epoch 93/600, Total: 1640.128296, Node: 960.512399, Link: 679.615892, Spread: 0.000000
Epoch 94/600, Total: 1636.715763, Node: 960.126071, Link: 676.589684, Spread: 0.000000
Epoch 95/600, Total: 1632.485883, Node: 959.550059, Link: 672.935824, Spread: 0.000000
Epoch 96/600, Total: 1634.940355, Node: 962.068214, Link: 672.872136, Spread: 0.000000
Epoch 97/600, Total: 1629.081703, Node: 959.504335, Link: 669.577363, Spread: 0.000000
Epoch 98/600, Total: 1627.250188, Node: 959.464259, Link: 667.785930, Spread: 0.000000
Epoch 99/600, Total: 1625.559840, Node: 959.386368, Link: 666.173477, Spread: 0.000000
Epoch 100/600, Total: 1627.291489, Node: 964.992662, Link: 662.298819, Spread: 0.000000
Epoch 101/600, Total: 1674.551217, Node: 998.032524, Link: 676.518699, Spread: 0.000000
Epoch 102/600, Total: 1650.252422, Node: 980.228800, Link: 670.023619, Spread: 0.000000
Epoch 103/600, Total: 1638.829095, Node: 971.909662, Link: 666.919430, Spread: 0.000000
Epoch 104/600, Total: 1633.634243, Node: 968.047474, Link: 665.586766, Spread: 0.000000
Epoch 105/600, Total: 1630.949182, Node: 966.331627, Link: 664.617560, Spread: 0.000000
Epoch 106/600, Total: 1629.252422, Node: 965.479099, Link: 663.773326, Spread: 0.000000
Epoch 107/600, Total: 1627.918313, Node: 964.957674, Link: 662.960635, Spread: 0.000000
Epoch 108/600, Total: 1627.581575, Node: 965.576919, Link: 662.004642, Spread: 0.000000
Epoch 109/600, Total: 1625.689835, Node: 964.331592, Link: 661.358251, Spread: 0.000000
Epoch 110/600, Total: 1624.660689, Node: 963.990921, Link: 660.669770, Spread: 0.000000
Epoch 111/600, Total: 1623.714864, Node: 963.699551, Link: 660.015309, Spread: 0.000000
Epoch 112/600, Total: 1622.818626, Node: 963.411306, Link: 659.407321, Spread: 0.000000
Epoch 113/600, Total: 1622.009430, Node: 963.153902, Link: 658.855528, Spread: 0.000000
Epoch 114/600, Total: 1621.290747, Node: 962.932551, Link: 658.358203, Spread: 0.000000
Epoch 115/600, Total: 1620.626783, Node: 962.716289, Link: 657.910492, Spread: 0.000000
Epoch 116/600, Total: 1620.036711, Node: 962.530026, Link: 657.506670, Spread: 0.000000
Epoch 117/600, Total: 1619.503118, Node: 962.357778, Link: 657.145342, Spread: 0.000000
Epoch 118/600, Total: 1619.024460, Node: 962.201991, Link: 656.822478, Spread: 0.000000
Epoch 119/600, Total: 1618.595668, Node: 962.060985, Link: 656.534687, Spread: 0.000000
Epoch 120/600, Total: 1618.211676, Node: 961.933333, Link: 656.278335, Spread: 0.000000
Epoch 121/600, Total: 1621.406813, Node: 961.715437, Link: 659.691373, Spread: 0.000000
Epoch 122/600, Total: 1636.793430, Node: 964.079669, Link: 672.713749, Spread: 0.000000
Epoch 123/600, Total: 1619.736396, Node: 960.551507, Link: 659.184888, Spread: 0.000000
Epoch 124/600, Total: 1609.368954, Node: 952.466478, Link: 656.902479, Spread: 0.000000
Epoch 125/600, Total: 1625.857035, Node: 965.452453, Link: 660.404574, Spread: 0.000000
Epoch 126/600, Total: 1603.400148, Node: 947.614035, Link: 655.786107, Spread: 0.000000
Epoch 127/600, Total: 1599.196449, Node: 945.537781, Link: 653.658676, Spread: 0.000000
Epoch 128/600, Total: 1597.326977, Node: 944.025290, Link: 653.301684, Spread: 0.000000
Epoch 129/600, Total: 1595.843713, Node: 942.831094, Link: 653.012621, Spread: 0.000000
Epoch 130/600, Total: 1594.833841, Node: 941.956225, Link: 652.877613, Spread: 0.000000
Epoch 131/600, Total: 1595.097699, Node: 942.013983, Link: 653.083710, Spread: 0.000000
Epoch 132/600, Total: 1593.556054, Node: 941.037266, Link: 652.518786, Spread: 0.000000
Epoch 133/600, Total: 1592.612417, Node: 940.079461, Link: 652.532957, Spread: 0.000000
Epoch 134/600, Total: 1592.090864, Node: 939.666578, Link: 652.424284, Spread: 0.000000
Epoch 135/600, Total: 1591.673081, Node: 939.325502, Link: 652.347571, Spread: 0.000000
Epoch 136/600, Total: 1591.327561, Node: 939.040604, Link: 652.286950, Spread: 0.000000
Epoch 137/600, Total: 1591.045146, Node: 938.804366, Link: 652.240781, Spread: 0.000000
Epoch 138/600, Total: 1590.825013, Node: 938.614153, Link: 652.210855, Spread: 0.000000
Epoch 139/600, Total: 1590.652841, Node: 938.460419, Link: 652.192427, Spread: 0.000000
Epoch 140/600, Total: 1590.522117, Node: 938.338566, Link: 652.183546, Spread: 0.000000
Epoch 141/600, Total: 1590.409460, Node: 938.232932, Link: 652.176526, Spread: 0.000000
Epoch 142/600, Total: 1590.332130, Node: 938.154699, Link: 652.177419, Spread: 0.000000
Epoch 143/600, Total: 1590.261223, Node: 938.084271, Link: 652.176949, Spread: 0.000000
Epoch 144/600, Total: 1590.220220, Node: 938.037409, Link: 652.182813, Spread: 0.000000
Epoch 145/600, Total: 1590.182127, Node: 937.995697, Link: 652.186421, Spread: 0.000000
Epoch 146/600, Total: 1590.169946, Node: 937.974715, Link: 652.195228, Spread: 0.000000
Epoch 147/600, Total: 1590.158390, Node: 937.957194, Link: 652.201193, Spread: 0.000000
Epoch 148/600, Total: 1590.166618, Node: 937.956153, Link: 652.210454, Spread: 0.000000
Epoch 149/600, Total: 1590.172297, Node: 937.956529, Link: 652.215765, Spread: 0.000000
Epoch 150/600, Total: 1590.197551, Node: 937.972808, Link: 652.224743, Spread: 0.000000
Epoch 151/600, Total: 1590.216142, Node: 937.986991, Link: 652.229162, Spread: 0.000000
Epoch 152/600, Total: 1590.234574, Node: 938.003994, Link: 652.230579, Spread: 0.000000
Epoch 153/600, Total: 1590.265823, Node: 938.031260, Link: 652.234563, Spread: 0.000000
Epoch 154/600, Total: 1590.282135, Node: 938.049659, Link: 652.232467, Spread: 0.000000
Epoch 155/600, Total: 1590.294255, Node: 938.067094, Link: 652.227164, Spread: 0.000000
Epoch 156/600, Total: 1590.313210, Node: 938.089714, Link: 652.223498, Spread: 0.000000
Epoch 157/600, Total: 1590.312192, Node: 938.099039, Link: 652.213150, Spread: 0.000000
Epoch 158/600, Total: 1590.316036, Node: 938.112255, Link: 652.203784, Spread: 0.000000
Epoch 159/600, Total: 1590.305310, Node: 938.115387, Link: 652.189926, Spread: 0.000000
Epoch 160/600, Total: 1590.299371, Node: 938.121578, Link: 652.177785, Spread: 0.000000
Epoch 161/600, Total: 1590.272945, Node: 938.113421, Link: 652.159534, Spread: 0.000000
Epoch 162/600, Total: 1590.259536, Node: 938.113948, Link: 652.145591, Spread: 0.000000
Epoch 163/600, Total: 1590.221767, Node: 938.096898, Link: 652.124876, Spread: 0.000000
Epoch 164/600, Total: 1590.196892, Node: 938.088730, Link: 652.108162, Spread: 0.000000
Epoch 165/600, Total: 1590.152668, Node: 938.066476, Link: 652.086192, Spread: 0.000000
Epoch 166/600, Total: 1590.122092, Node: 938.053168, Link: 652.068921, Spread: 0.000000
Epoch 167/600, Total: 1590.069611, Node: 938.024041, Link: 652.045564, Spread: 0.000000
Epoch 168/600, Total: 1590.031586, Node: 938.004716, Link: 652.026875, Spread: 0.000000
Epoch 169/600, Total: 1589.975715, Node: 937.972580, Link: 652.003142, Spread: 0.000000
Epoch 170/600, Total: 1589.934500, Node: 937.949887, Link: 651.984611, Spread: 0.000000
Epoch 171/600, Total: 1589.875841, Node: 937.914646, Link: 651.961195, Spread: 0.000000
Epoch 172/600, Total: 1589.825516, Node: 937.885194, Link: 651.940321, Spread: 0.000000
Epoch 173/600, Total: 1589.771227, Node: 937.852342, Link: 651.918883, Spread: 0.000000
Epoch 174/600, Total: 1589.715943, Node: 937.818565, Link: 651.897365, Spread: 0.000000
Epoch 175/600, Total: 1589.661060, Node: 937.784606, Link: 651.876459, Spread: 0.000000
Epoch 176/600, Total: 1589.604011, Node: 937.749145, Link: 651.854870, Spread: 0.000000
Epoch 177/600, Total: 1589.549294, Node: 937.714494, Link: 651.834801, Spread: 0.000000
Epoch 178/600, Total: 1589.491463, Node: 937.678219, Link: 651.813240, Spread: 0.000000
Epoch 179/600, Total: 1589.437065, Node: 937.643217, Link: 651.793847, Spread: 0.000000
Epoch 180/600, Total: 1600.749748, Node: 948.023983, Link: 652.725764, Spread: 0.000000
Epoch 181/600, Total: 1589.042145, Node: 937.655178, Link: 651.386965, Spread: 0.000000
Epoch 182/600, Total: 1588.927018, Node: 937.244262, Link: 651.682758, Spread: 0.000000
Epoch 183/600, Total: 1589.322228, Node: 937.533048, Link: 651.789174, Spread: 0.000000
Epoch 184/600, Total: 1589.256200, Node: 937.509748, Link: 651.746453, Spread: 0.000000
Epoch 185/600, Total: 1589.176008, Node: 937.468289, Link: 651.707711, Spread: 0.000000
Epoch 186/600, Total: 1589.104086, Node: 937.428936, Link: 651.675155, Spread: 0.000000
Epoch 187/600, Total: 1589.040089, Node: 937.392724, Link: 651.647366, Spread: 0.000000
Epoch 188/600, Total: 1588.981768, Node: 937.358705, Link: 651.623060, Spread: 0.000000
Epoch 189/600, Total: 1588.927435, Node: 937.326115, Link: 651.601327, Spread: 0.000000
Epoch 190/600, Total: 1588.875675, Node: 937.294228, Link: 651.581442, Spread: 0.000000
Epoch 191/600, Total: 1588.825437, Node: 937.262534, Link: 651.562898, Spread: 0.000000
Epoch 192/600, Total: 1588.775881, Node: 937.230590, Link: 651.545290, Spread: 0.000000
Epoch 193/600, Total: 1588.726291, Node: 937.198127, Link: 651.528169, Spread: 0.000000
Epoch 194/600, Total: 1588.680617, Node: 937.171850, Link: 651.508759, Spread: 0.000000
Epoch 195/600, Total: 1588.670508, Node: 937.165997, Link: 651.504510, Spread: 0.000000
Epoch 196/600, Total: 1588.571089, Node: 937.093183, Link: 651.477907, Spread: 0.000000
Epoch 197/600, Total: 1588.551061, Node: 937.083544, Link: 651.467519, Spread: 0.000000
Epoch 198/600, Total: 1588.505722, Node: 937.054848, Link: 651.450870, Spread: 0.000000
Epoch 199/600, Total: 1588.487550, Node: 937.042954, Link: 651.444590, Spread: 0.000000
Epoch 200/600, Total: 1588.398336, Node: 936.978305, Link: 651.420025, Spread: 0.000000
Epoch 201/600, Total: 1588.384915, Node: 936.976634, Link: 651.408289, Spread: 0.000000
Epoch 202/600, Total: 1588.383434, Node: 936.975519, Link: 651.407916, Spread: 0.000000
Epoch 203/600, Total: 1588.265736, Node: 936.888496, Link: 651.377236, Spread: 0.000000
Epoch 204/600, Total: 1588.274854, Node: 936.899684, Link: 651.375171, Spread: 0.000000
Epoch 205/600, Total: 1588.209226, Node: 936.850879, Link: 651.358337, Spread: 0.000000
Epoch 206/600, Total: 1588.192281, Node: 936.843381, Link: 651.348903, Spread: 0.000000
Epoch 207/600, Total: 1588.127123, Node: 936.797394, Link: 651.329724, Spread: 0.000000
Epoch 208/600, Total: 1588.111724, Node: 936.789579, Link: 651.322147, Spread: 0.000000
Epoch 209/600, Total: 1588.060629, Node: 936.754506, Link: 651.306117, Spread: 0.000000
Epoch 210/600, Total: 1588.042918, Node: 936.745054, Link: 651.297859, Spread: 0.000000
Epoch 211/600, Total: 1588.000923, Node: 936.715279, Link: 651.285641, Spread: 0.000000
Epoch 212/600, Total: 1587.950649, Node: 936.681338, Link: 651.269318, Spread: 0.000000
Epoch 213/600, Total: 1587.943912, Node: 936.680718, Link: 651.263201, Spread: 0.000000
Epoch 214/600, Total: 1587.898011, Node: 936.647700, Link: 651.250312, Spread: 0.000000
Epoch 215/600, Total: 1587.854489, Node: 936.619520, Link: 651.234972, Spread: 0.000000
Epoch 216/600, Total: 1587.853952, Node: 936.623608, Link: 651.230335, Spread: 0.000000
Epoch 217/600, Total: 1587.795018, Node: 936.581615, Link: 651.213409, Spread: 0.000000
Epoch 218/600, Total: 1587.791158, Node: 936.584048, Link: 651.207110, Spread: 0.000000
Epoch 219/600, Total: 1587.747658, Node: 936.555155, Link: 651.192505, Spread: 0.000000
Epoch 220/600, Total: 1587.737096, Node: 936.552224, Link: 651.184873, Spread: 0.000000
Epoch 221/600, Total: 1587.703773, Node: 936.531453, Link: 651.172329, Spread: 0.000000
Epoch 222/600, Total: 1587.680379, Node: 936.517805, Link: 651.162580, Spread: 0.000000
Epoch 223/600, Total: 1587.654441, Node: 936.503512, Link: 651.150923, Spread: 0.000000
Epoch 224/600, Total: 1587.611482, Node: 936.469973, Link: 651.141508, Spread: 0.000000
Epoch 225/600, Total: 1587.601377, Node: 936.470776, Link: 651.130597, Spread: 0.000000
Epoch 226/600, Total: 1587.548025, Node: 936.428077, Link: 651.119939, Spread: 0.000000
Epoch 227/600, Total: 1587.545722, Node: 936.435281, Link: 651.110439, Spread: 0.000000
Epoch 228/600, Total: 1587.487464, Node: 936.388265, Link: 651.099193, Spread: 0.000000
Epoch 229/600, Total: 1587.490055, Node: 936.399465, Link: 651.090593, Spread: 0.000000
Epoch 230/600, Total: 1587.427324, Node: 936.348350, Link: 651.078968, Spread: 0.000000
Epoch 231/600, Total: 1587.431182, Node: 936.359095, Link: 651.072093, Spread: 0.000000
Epoch 232/600, Total: 1587.402481, Node: 936.338110, Link: 651.064373, Spread: 0.000000
Epoch 233/600, Total: 1587.394768, Node: 936.339598, Link: 651.055179, Spread: 0.000000
Epoch 234/600, Total: 1587.342860, Node: 936.296735, Link: 651.046127, Spread: 0.000000
Epoch 235/600, Total: 1587.362657, Node: 936.310248, Link: 651.052401, Spread: 0.000000
Epoch 236/600, Total: 1587.163908, Node: 936.153179, Link: 651.010717, Spread: 0.000000
Epoch 237/600, Total: 1587.258351, Node: 936.237668, Link: 651.020683, Spread: 0.000000
Epoch 238/600, Total: 1587.240099, Node: 936.223758, Link: 651.016335, Spread: 0.000000
Epoch 239/600, Total: 1587.150102, Node: 936.159940, Link: 650.990156, Spread: 0.000000
Epoch 240/600, Total: 1587.141989, Node: 936.156906, Link: 650.985077, Spread: 0.000000
Epoch 241/600, Total: 1587.184278, Node: 936.185084, Link: 650.999196, Spread: 0.000000
Epoch 242/600, Total: 1586.917162, Node: 935.971514, Link: 650.945648, Spread: 0.000000
Epoch 243/600, Total: 1587.108024, Node: 936.131530, Link: 650.976505, Spread: 0.000000
Epoch 244/600, Total: 1599.962156, Node: 945.747694, Link: 654.214470, Spread: 0.000000
Epoch 245/600, Total: 1586.383594, Node: 935.661661, Link: 650.721938, Spread: 0.000000
Epoch 246/600, Total: 1586.658383, Node: 935.811564, Link: 650.846822, Spread: 0.000000
Epoch 247/600, Total: 1586.675851, Node: 935.801479, Link: 650.874375, Spread: 0.000000
Epoch 248/600, Total: 1586.667546, Node: 935.783481, Link: 650.884069, Spread: 0.000000
Epoch 249/600, Total: 1586.644635, Node: 935.760797, Link: 650.883838, Spread: 0.000000
Epoch 250/600, Total: 1586.608743, Node: 935.730746, Link: 650.877995, Spread: 0.000000
Epoch 251/600, Total: 1586.557380, Node: 935.689290, Link: 650.868094, Spread: 0.000000
Epoch 252/600, Total: 1586.497006, Node: 935.641905, Link: 650.855099, Spread: 0.000000
Epoch 253/600, Total: 1586.447512, Node: 935.605385, Link: 650.842126, Spread: 0.000000
Epoch 254/600, Total: 1586.411980, Node: 935.581150, Link: 650.830831, Spread: 0.000000
Epoch 255/600, Total: 1586.382503, Node: 935.561818, Link: 650.820679, Spread: 0.000000
Epoch 256/600, Total: 1586.355617, Node: 935.544370, Link: 650.811242, Spread: 0.000000
Epoch 257/600, Total: 1586.330276, Node: 935.527886, Link: 650.802381, Spread: 0.000000
Epoch 258/600, Total: 1586.306095, Node: 935.512089, Link: 650.794018, Spread: 0.000000
Epoch 259/600, Total: 1586.282769, Node: 935.496707, Link: 650.786062, Spread: 0.000000
Epoch 260/600, Total: 1586.260126, Node: 935.481680, Link: 650.778434, Spread: 0.000000
Epoch 261/600, Total: 1586.237783, Node: 935.466716, Link: 650.771068, Spread: 0.000000
Epoch 262/600, Total: 1586.215845, Node: 935.451899, Link: 650.763947, Spread: 0.000000
Epoch 263/600, Total: 1586.194162, Node: 935.437162, Link: 650.757001, Spread: 0.000000
Epoch 264/600, Total: 1586.172629, Node: 935.422398, Link: 650.750233, Spread: 0.000000
Epoch 265/600, Total: 1586.151328, Node: 935.407747, Link: 650.743582, Spread: 0.000000
Epoch 266/600, Total: 1586.130182, Node: 935.393107, Link: 650.737071, Spread: 0.000000
Epoch 267/600, Total: 1586.109179, Node: 935.378516, Link: 650.730663, Spread: 0.000000
Epoch 268/600, Total: 1586.087603, Node: 935.363511, Link: 650.724088, Spread: 0.000000
Epoch 269/600, Total: 1586.065151, Node: 935.347899, Link: 650.717248, Spread: 0.000000
Epoch 270/600, Total: 1586.046506, Node: 935.334757, Link: 650.711750, Spread: 0.000000
Epoch 271/600, Total: 1586.025076, Node: 935.319893, Link: 650.705187, Spread: 0.000000
Epoch 272/600, Total: 1586.006785, Node: 935.306980, Link: 650.699812, Spread: 0.000000
Epoch 273/600, Total: 1585.986136, Node: 935.292627, Link: 650.693509, Spread: 0.000000
Epoch 274/600, Total: 1585.968478, Node: 935.280164, Link: 650.688320, Spread: 0.000000
Epoch 275/600, Total: 1585.948735, Node: 935.266395, Link: 650.682333, Spread: 0.000000
Epoch 276/600, Total: 1585.931829, Node: 935.254480, Link: 650.677346, Spread: 0.000000
Epoch 277/600, Total: 1585.913126, Node: 935.241450, Link: 650.671683, Spread: 0.000000
Epoch 278/600, Total: 1585.897144, Node: 935.230142, Link: 650.667005, Spread: 0.000000
Epoch 279/600, Total: 1585.879434, Node: 935.217762, Link: 650.661663, Spread: 0.000000
Epoch 280/600, Total: 1585.864384, Node: 935.207101, Link: 650.657280, Spread: 0.000000
Epoch 281/600, Total: 1585.847850, Node: 935.195527, Link: 650.652319, Spread: 0.000000
Epoch 282/600, Total: 1585.833771, Node: 935.185510, Link: 650.648258, Spread: 0.000000
Epoch 283/600, Total: 1585.818279, Node: 935.174581, Link: 650.643690, Spread: 0.000000
Epoch 284/600, Total: 1585.805311, Node: 935.165293, Link: 650.640012, Spread: 0.000000
Epoch 285/600, Total: 1585.790914, Node: 935.155047, Link: 650.635855, Spread: 0.000000
Epoch 286/600, Total: 1585.778989, Node: 935.146434, Link: 650.632556, Spread: 0.000000
Epoch 287/600, Total: 1585.765781, Node: 935.136954, Link: 650.628830, Spread: 0.000000
Epoch 288/600, Total: 1585.754948, Node: 935.129008, Link: 650.625941, Spread: 0.000000
Epoch 289/600, Total: 1585.742782, Node: 935.120140, Link: 650.622644, Spread: 0.000000
Epoch 290/600, Total: 1585.733031, Node: 935.112879, Link: 650.620152, Spread: 0.000000
Epoch 291/600, Total: 1585.721998, Node: 935.104725, Link: 650.617283, Spread: 0.000000
Epoch 292/600, Total: 1585.713440, Node: 935.098227, Link: 650.615218, Spread: 0.000000
Epoch 293/600, Total: 1585.703673, Node: 935.090874, Link: 650.612799, Spread: 0.000000
Epoch 294/600, Total: 1585.696297, Node: 935.085177, Link: 650.611124, Spread: 0.000000
Epoch 295/600, Total: 1585.687918, Node: 935.078762, Link: 650.609147, Spread: 0.000000
Epoch 296/600, Total: 1585.681961, Node: 935.074063, Link: 650.607898, Spread: 0.000000
Epoch 297/600, Total: 1585.675137, Node: 935.068741, Link: 650.606394, Spread: 0.000000
Epoch 298/600, Total: 1585.670645, Node: 935.065097, Link: 650.605537, Spread: 0.000000
Epoch 299/600, Total: 1585.665537, Node: 935.061052, Link: 650.604484, Spread: 0.000000
Epoch 300/600, Total: 1585.662730, Node: 935.058645, Link: 650.604076, Spread: 0.000000
Epoch 301/600, Total: 1585.659522, Node: 935.056007, Link: 650.603519, Spread: 0.000000
Epoch 302/600, Total: 1585.658499, Node: 935.054934, Link: 650.603569, Spread: 0.000000
Epoch 303/600, Total: 1585.657482, Node: 935.053684, Link: 650.603799, Spread: 0.000000
Epoch 304/600, Total: 1585.657881, Node: 935.052801, Link: 650.605077, Spread: 0.000000
Epoch 305/600, Total: 1585.658586, Node: 935.052084, Link: 650.606496, Spread: 0.000000
Epoch 306/600, Total: 1585.659859, Node: 935.051747, Link: 650.608106, Spread: 0.000000
Epoch 307/600, Total: 1585.661834, Node: 935.051824, Link: 650.610004, Spread: 0.000000
Epoch 308/600, Total: 1585.663708, Node: 935.051844, Link: 650.611864, Spread: 0.000000
Epoch 309/600, Total: 1585.666610, Node: 935.052424, Link: 650.614173, Spread: 0.000000
Epoch 310/600, Total: 1601.439946, Node: 944.041798, Link: 657.398143, Spread: 0.000000
Epoch 311/600, Total: 1585.844923, Node: 935.355629, Link: 650.489302, Spread: 0.000000
Epoch 312/600, Total: 1586.098891, Node: 935.518183, Link: 650.580704, Spread: 0.000000
Epoch 313/600, Total: 1586.438894, Node: 935.482125, Link: 650.956772, Spread: 0.000000
Epoch 314/600, Total: 1585.162560, Node: 934.563588, Link: 650.598963, Spread: 0.000000
Epoch 315/600, Total: 1585.146175, Node: 934.564735, Link: 650.581444, Spread: 0.000000
Epoch 316/600, Total: 1585.122122, Node: 934.553490, Link: 650.568630, Spread: 0.000000
Epoch 317/600, Total: 1585.102009, Node: 934.543237, Link: 650.558776, Spread: 0.000000
Epoch 318/600, Total: 1585.088905, Node: 934.537269, Link: 650.551629, Spread: 0.000000
Epoch 319/600, Total: 1585.082991, Node: 934.536136, Link: 650.546845, Spread: 0.000000
Epoch 320/600, Total: 1585.083713, Node: 934.539609, Link: 650.544105, Spread: 0.000000
Epoch 321/600, Total: 1585.088910, Node: 934.545932, Link: 650.542969, Spread: 0.000000
Epoch 322/600, Total: 1585.095592, Node: 934.552667, Link: 650.542923, Spread: 0.000000
Epoch 323/600, Total: 1585.101940, Node: 934.558380, Link: 650.543566, Spread: 0.000000
Epoch 324/600, Total: 1585.107713, Node: 934.562938, Link: 650.544772, Spread: 0.000000
Epoch 325/600, Total: 1585.112701, Node: 934.566341, Link: 650.546358, Spread: 0.000000
Epoch 326/600, Total: 1585.117149, Node: 934.568905, Link: 650.548240, Spread: 0.000000
Epoch 327/600, Total: 1585.120771, Node: 934.570455, Link: 650.550314, Spread: 0.000000
Epoch 328/600, Total: 1585.123839, Node: 934.571267, Link: 650.552580, Spread: 0.000000
Epoch 329/600, Total: 1585.125911, Node: 934.571054, Link: 650.554858, Spread: 0.000000
Epoch 330/600, Total: 1585.127322, Node: 934.570170, Link: 650.557169, Spread: 0.000000
Epoch 331/600, Total: 1585.127925, Node: 934.568463, Link: 650.559460, Spread: 0.000000
Epoch 332/600, Total: 1585.127734, Node: 934.566049, Link: 650.561683, Spread: 0.000000
Epoch 333/600, Total: 1585.126501, Node: 934.562744, Link: 650.563759, Spread: 0.000000
Epoch 334/600, Total: 1585.124009, Node: 934.558415, Link: 650.565585, Spread: 0.000000
Epoch 335/600, Total: 1585.118079, Node: 934.551542, Link: 650.566538, Spread: 0.000000
Epoch 336/600, Total: 1585.905096, Node: 935.259355, Link: 650.645740, Spread: 0.000000
Epoch 337/600, Total: 1587.496409, Node: 936.699327, Link: 650.797081, Spread: 0.000000
Epoch 338/600, Total: 1586.865355, Node: 936.760399, Link: 650.104956, Spread: 0.000000
Epoch 339/600, Total: 1586.703436, Node: 936.652354, Link: 650.051093, Spread: 0.000000
Epoch 340/600, Total: 1585.401735, Node: 936.191737, Link: 649.210000, Spread: 0.000000
Epoch 341/600, Total: 1585.281201, Node: 936.217020, Link: 649.064190, Spread: 0.000000
Epoch 342/600, Total: 1585.445522, Node: 934.658374, Link: 650.787143, Spread: 0.000000
Epoch 343/600, Total: 1585.500014, Node: 934.770512, Link: 650.729502, Spread: 0.000000
Epoch 344/600, Total: 1585.613835, Node: 934.903900, Link: 650.709927, Spread: 0.000000
Epoch 345/600, Total: 1585.792562, Node: 935.147762, Link: 650.644802, Spread: 0.000000
Epoch 346/600, Total: 1585.952526, Node: 935.410245, Link: 650.542278, Spread: 0.000000
Epoch 347/600, Total: 1586.062186, Node: 935.489818, Link: 650.572373, Spread: 0.000000
Epoch 348/600, Total: 1586.081568, Node: 935.498445, Link: 650.583117, Spread: 0.000000
Epoch 349/600, Total: 1586.209373, Node: 935.589140, Link: 650.620237, Spread: 0.000000
Epoch 350/600, Total: 1586.119795, Node: 935.496281, Link: 650.623518, Spread: 0.000000
Epoch 351/600, Total: 1586.239630, Node: 935.593901, Link: 650.645734, Spread: 0.000000
Epoch 352/600, Total: 1586.171503, Node: 935.523899, Link: 650.647601, Spread: 0.000000
Epoch 353/600, Total: 1586.241028, Node: 935.580287, Link: 650.660746, Spread: 0.000000
Epoch 354/600, Total: 1586.224574, Node: 935.557616, Link: 650.666953, Spread: 0.000000
Epoch 355/600, Total: 1586.248073, Node: 935.573449, Link: 650.674613, Spread: 0.000000
Epoch 356/600, Total: 1586.237383, Node: 935.560011, Link: 650.677367, Spread: 0.000000
Epoch 357/600, Total: 1586.279815, Node: 935.594704, Link: 650.685104, Spread: 0.000000
Epoch 358/600, Total: 1587.220377, Node: 936.457089, Link: 650.763289, Spread: 0.000000
Epoch 359/600, Total: 1585.821129, Node: 935.085228, Link: 650.735903, Spread: 0.000000
Epoch 360/600, Total: 1586.307555, Node: 935.645357, Link: 650.662203, Spread: 0.000000
Epoch 361/600, Total: 1586.345283, Node: 935.626790, Link: 650.718489, Spread: 0.000000
Epoch 362/600, Total: 1586.345583, Node: 935.625897, Link: 650.719687, Spread: 0.000000
Epoch 363/600, Total: 1586.349693, Node: 935.631157, Link: 650.718535, Spread: 0.000000
Epoch 364/600, Total: 1586.418352, Node: 935.685235, Link: 650.733111, Spread: 0.000000
Epoch 365/600, Total: 1586.520756, Node: 935.798857, Link: 650.721896, Spread: 0.000000
Epoch 366/600, Total: 1586.324432, Node: 935.536704, Link: 650.787743, Spread: 0.000000
Epoch 367/600, Total: 1586.461283, Node: 935.707569, Link: 650.753709, Spread: 0.000000
Epoch 368/600, Total: 1586.340293, Node: 935.607791, Link: 650.732504, Spread: 0.000000
Epoch 369/600, Total: 1586.403505, Node: 935.660456, Link: 650.743053, Spread: 0.000000
Epoch 370/600, Total: 1586.478388, Node: 935.697786, Link: 650.780599, Spread: 0.000000
Epoch 371/600, Total: 1586.546137, Node: 935.724615, Link: 650.821517, Spread: 0.000000
Epoch 372/600, Total: 1586.549177, Node: 935.723836, Link: 650.825337, Spread: 0.000000
Epoch 373/600, Total: 1586.626997, Node: 935.830834, Link: 650.796160, Spread: 0.000000
Epoch 374/600, Total: 1586.505560, Node: 935.749103, Link: 650.756465, Spread: 0.000000
Epoch 375/600, Total: 1586.465316, Node: 935.687359, Link: 650.777951, Spread: 0.000000
Epoch 376/600, Total: 1586.429414, Node: 935.655768, Link: 650.773658, Spread: 0.000000
Epoch 377/600, Total: 1586.505511, Node: 935.695671, Link: 650.809848, Spread: 0.000000
Epoch 378/600, Total: 1586.557810, Node: 935.725245, Link: 650.832564, Spread: 0.000000
Epoch 379/600, Total: 1586.436357, Node: 935.651118, Link: 650.785250, Spread: 0.000000
Epoch 380/600, Total: 1586.486351, Node: 935.674404, Link: 650.811942, Spread: 0.000000
Epoch 381/600, Total: 1586.574960, Node: 935.723216, Link: 650.851744, Spread: 0.000000
Epoch 382/600, Total: 1586.567567, Node: 935.735067, Link: 650.832487, Spread: 0.000000
Epoch 383/600, Total: 1586.465767, Node: 935.653812, Link: 650.811952, Spread: 0.000000
Epoch 384/600, Total: 1586.567918, Node: 935.713776, Link: 650.854142, Spread: 0.000000
Epoch 385/600, Total: 1586.618074, Node: 935.783424, Link: 650.834647, Spread: 0.000000
Epoch 386/600, Total: 1586.501361, Node: 935.694747, Link: 650.806613, Spread: 0.000000
Epoch 387/600, Total: 1586.482598, Node: 935.657100, Link: 650.825502, Spread: 0.000000
Epoch 388/600, Total: 1586.564525, Node: 935.709128, Link: 650.855394, Spread: 0.000000
Epoch 389/600, Total: 1586.561887, Node: 935.705423, Link: 650.856463, Spread: 0.000000
Epoch 390/600, Total: 1586.559216, Node: 935.717547, Link: 650.841672, Spread: 0.000000
Epoch 391/600, Total: 1586.538104, Node: 935.690000, Link: 650.848107, Spread: 0.000000
Epoch 392/600, Total: 1586.606134, Node: 935.740354, Link: 650.865773, Spread: 0.000000
Epoch 393/600, Total: 1586.556625, Node: 935.696433, Link: 650.860192, Spread: 0.000000
Epoch 394/600, Total: 1586.598934, Node: 935.734776, Link: 650.864149, Spread: 0.000000
Epoch 395/600, Total: 1586.552372, Node: 935.693022, Link: 650.859350, Spread: 0.000000
Epoch 396/600, Total: 1586.621248, Node: 935.747075, Link: 650.874178, Spread: 0.000000
Epoch 397/600, Total: 1645.256313, Node: 958.640700, Link: 686.615604, Spread: 0.000000
Epoch 398/600, Total: 1679.166427, Node: 969.983472, Link: 709.182968, Spread: 0.000000
Epoch 399/600, Total: 1670.057482, Node: 966.538988, Link: 703.518496, Spread: 0.000000
Epoch 400/600, Total: 1665.693501, Node: 965.621619, Link: 700.071879, Spread: 0.000000
Epoch 401/600, Total: 1664.966977, Node: 964.902398, Link: 700.064573, Spread: 0.000000
Epoch 402/600, Total: 1663.557370, Node: 964.704820, Link: 698.852559, Spread: 0.000000
Epoch 403/600, Total: 1663.031906, Node: 963.842782, Link: 699.189129, Spread: 0.000000
Epoch 404/600, Total: 1663.158342, Node: 964.785165, Link: 698.373173, Spread: 0.000000
Epoch 405/600, Total: 1663.322765, Node: 964.738565, Link: 698.584193, Spread: 0.000000
Epoch 406/600, Total: 1662.426542, Node: 964.094084, Link: 698.332457, Spread: 0.000000
Epoch 407/600, Total: 1661.066602, Node: 962.809029, Link: 698.257575, Spread: 0.000000
Epoch 408/600, Total: 1661.844074, Node: 963.044898, Link: 698.799168, Spread: 0.000000
Epoch 409/600, Total: 1662.435515, Node: 964.218368, Link: 698.217148, Spread: 0.000000
Epoch 410/600, Total: 1662.414718, Node: 964.176760, Link: 698.237960, Spread: 0.000000
Epoch 411/600, Total: 1661.426789, Node: 963.422008, Link: 698.004776, Spread: 0.000000
Epoch 412/600, Total: 1660.650111, Node: 962.807146, Link: 697.842964, Spread: 0.000000
Epoch 413/600, Total: 1660.873686, Node: 962.794371, Link: 698.079307, Spread: 0.000000
Epoch 414/600, Total: 1660.876575, Node: 962.990070, Link: 697.886515, Spread: 0.000000
Epoch 415/600, Total: 1660.607522, Node: 962.747721, Link: 697.859791, Spread: 0.000000
Epoch 416/600, Total: 1660.611751, Node: 962.368599, Link: 698.243158, Spread: 0.000000
Epoch 417/600, Total: 1660.794914, Node: 962.603315, Link: 698.191605, Spread: 0.000000
Epoch 418/600, Total: 1660.527714, Node: 962.724341, Link: 697.803383, Spread: 0.000000
Epoch 419/600, Total: 1661.330278, Node: 962.778104, Link: 698.552189, Spread: 0.000000
Epoch 420/600, Total: 1661.134978, Node: 963.234245, Link: 697.900737, Spread: 0.000000
Epoch 421/600, Total: 1660.742134, Node: 962.991023, Link: 697.751109, Spread: 0.000000
Epoch 422/600, Total: 1661.208123, Node: 962.572646, Link: 698.635481, Spread: 0.000000
Epoch 423/600, Total: 1661.528442, Node: 962.947287, Link: 698.581164, Spread: 0.000000
Epoch 424/600, Total: 1660.540378, Node: 962.655505, Link: 697.884865, Spread: 0.000000
Epoch 425/600, Total: 1661.331705, Node: 962.583941, Link: 698.747762, Spread: 0.000000
Epoch 426/600, Total: 1661.546285, Node: 963.216340, Link: 698.329948, Spread: 0.000000
Epoch 427/600, Total: 1662.321562, Node: 963.842494, Link: 698.479074, Spread: 0.000000
Epoch 428/600, Total: 1661.898441, Node: 963.658193, Link: 698.240256, Spread: 0.000000
Epoch 429/600, Total: 1661.141116, Node: 962.477057, Link: 698.664058, Spread: 0.000000
Epoch 430/600, Total: 1662.125200, Node: 963.185793, Link: 698.939404, Spread: 0.000000
Epoch 431/600, Total: 1660.780904, Node: 962.814202, Link: 697.966697, Spread: 0.000000
Epoch 432/600, Total: 1661.172117, Node: 962.497947, Link: 698.674180, Spread: 0.000000
Epoch 433/600, Total: 1661.341520, Node: 963.287737, Link: 698.053777, Spread: 0.000000
Epoch 434/600, Total: 1662.331893, Node: 963.399093, Link: 698.932805, Spread: 0.000000
Epoch 435/600, Total: 1661.029323, Node: 962.920625, Link: 698.108702, Spread: 0.000000
Epoch 436/600, Total: 1661.212571, Node: 962.467531, Link: 698.745042, Spread: 0.000000
Epoch 437/600, Total: 1661.508104, Node: 963.347177, Link: 698.160927, Spread: 0.000000
Epoch 438/600, Total: 1661.417267, Node: 963.212152, Link: 698.205117, Spread: 0.000000
Epoch 439/600, Total: 1661.207327, Node: 962.529041, Link: 698.678291, Spread: 0.000000
Epoch 440/600, Total: 1662.234876, Node: 963.734974, Link: 698.499907, Spread: 0.000000
Epoch 441/600, Total: 1661.165812, Node: 963.145472, Link: 698.020348, Spread: 0.000000
Epoch 442/600, Total: 1661.314981, Node: 962.732330, Link: 698.582657, Spread: 0.000000
Epoch 443/600, Total: 1660.419042, Node: 962.247985, Link: 698.171052, Spread: 0.000000
Epoch 444/600, Total: 1660.264611, Node: 962.396977, Link: 697.867630, Spread: 0.000000
Epoch 445/600, Total: 1661.202224, Node: 962.645028, Link: 698.557201, Spread: 0.000000
Epoch 446/600, Total: 1660.636444, Node: 962.712289, Link: 697.924159, Spread: 0.000000
Epoch 447/600, Total: 1660.340072, Node: 962.240494, Link: 698.099579, Spread: 0.000000
Epoch 448/600, Total: 1660.190003, Node: 962.365123, Link: 697.824881, Spread: 0.000000
Epoch 449/600, Total: 1660.934980, Node: 962.305841, Link: 698.629150, Spread: 0.000000
Epoch 450/600, Total: 1661.415329, Node: 963.176980, Link: 698.238342, Spread: 0.000000
Epoch 451/600, Total: 1661.180231, Node: 962.607752, Link: 698.572481, Spread: 0.000000
Epoch 452/600, Total: 1662.096143, Node: 963.446427, Link: 698.649723, Spread: 0.000000
Epoch 453/600, Total: 1662.004344, Node: 963.603000, Link: 698.401345, Spread: 0.000000
Epoch 454/600, Total: 1661.588157, Node: 963.199948, Link: 698.388209, Spread: 0.000000
Epoch 455/600, Total: 1660.990470, Node: 962.399515, Link: 698.590960, Spread: 0.000000
Epoch 456/600, Total: 1660.568292, Node: 962.043330, Link: 698.524957, Spread: 0.000000
Epoch 457/600, Total: 1660.195440, Node: 962.370077, Link: 697.825356, Spread: 0.000000
Epoch 458/600, Total: 1660.851005, Node: 962.415796, Link: 698.435215, Spread: 0.000000
Epoch 459/600, Total: 1661.264710, Node: 962.527036, Link: 698.737677, Spread: 0.000000
Epoch 460/600, Total: 1661.694925, Node: 963.484723, Link: 698.210201, Spread: 0.000000
Epoch 461/600, Total: 1660.532950, Node: 962.630436, Link: 697.902521, Spread: 0.000000
Epoch 462/600, Total: 1661.263001, Node: 962.555006, Link: 698.708002, Spread: 0.000000
Epoch 463/600, Total: 1660.986571, Node: 962.924914, Link: 698.061656, Spread: 0.000000
Epoch 464/600, Total: 1660.624019, Node: 962.089343, Link: 698.534673, Spread: 0.000000
Epoch 465/600, Total: 1660.281746, Node: 962.547928, Link: 697.733824, Spread: 0.000000
Epoch 466/600, Total: 1660.375092, Node: 961.915320, Link: 698.459765, Spread: 0.000000
Epoch 467/600, Total: 1660.705686, Node: 962.166254, Link: 698.539429, Spread: 0.000000
Epoch 468/600, Total: 1660.369862, Node: 962.414242, Link: 697.955631, Spread: 0.000000
Epoch 469/600, Total: 1660.121519, Node: 962.348253, Link: 697.773273, Spread: 0.000000
Epoch 470/600, Total: 1660.143430, Node: 962.328257, Link: 697.815169, Spread: 0.000000
Epoch 471/600, Total: 1661.241992, Node: 962.462018, Link: 698.779979, Spread: 0.000000
Epoch 472/600, Total: 1661.882224, Node: 963.486810, Link: 698.395425, Spread: 0.000000
Epoch 473/600, Total: 1661.155976, Node: 963.001730, Link: 698.154244, Spread: 0.000000
Epoch 474/600, Total: 1661.177837, Node: 962.382924, Link: 698.794932, Spread: 0.000000
Epoch 475/600, Total: 1661.197869, Node: 963.198863, Link: 697.999006, Spread: 0.000000
Epoch 476/600, Total: 1660.462156, Node: 962.524963, Link: 697.937187, Spread: 0.000000
Epoch 477/600, Total: 1661.206669, Node: 962.434163, Link: 698.772503, Spread: 0.000000
Epoch 478/600, Total: 1660.160746, Node: 962.515318, Link: 697.645427, Spread: 0.000000
Epoch 479/600, Total: 1661.154898, Node: 962.381824, Link: 698.773069, Spread: 0.000000
Epoch 480/600, Total: 1661.678577, Node: 963.369039, Link: 698.309545, Spread: 0.000000
Epoch 481/600, Total: 1661.463167, Node: 963.087455, Link: 698.375714, Spread: 0.000000
Epoch 482/600, Total: 1661.122330, Node: 962.894452, Link: 698.227864, Spread: 0.000000
Epoch 483/600, Total: 1660.217955, Node: 962.304184, Link: 697.913781, Spread: 0.000000
Epoch 484/600, Total: 1660.337190, Node: 961.899751, Link: 698.437446, Spread: 0.000000
Epoch 485/600, Total: 1661.262133, Node: 962.438656, Link: 698.823476, Spread: 0.000000
Epoch 486/600, Total: 1661.513102, Node: 963.357672, Link: 698.155429, Spread: 0.000000
Epoch 487/600, Total: 1661.355483, Node: 962.678847, Link: 698.676632, Spread: 0.000000
Epoch 488/600, Total: 1660.505715, Node: 962.653344, Link: 697.852376, Spread: 0.000000
Epoch 489/600, Total: 1661.250611, Node: 962.442367, Link: 698.808251, Spread: 0.000000
Epoch 490/600, Total: 1661.077565, Node: 963.148157, Link: 697.929407, Spread: 0.000000
Epoch 491/600, Total: 1661.382709, Node: 963.044264, Link: 698.338436, Spread: 0.000000
Epoch 492/600, Total: 1660.713906, Node: 962.546520, Link: 698.167393, Spread: 0.000000
Epoch 493/600, Total: 1661.267974, Node: 962.430639, Link: 698.837331, Spread: 0.000000
Epoch 494/600, Total: 1661.676014, Node: 963.349732, Link: 698.326284, Spread: 0.000000
Epoch 495/600, Total: 1661.735463, Node: 963.363363, Link: 698.372104, Spread: 0.000000
Epoch 496/600, Total: 1661.216269, Node: 962.915819, Link: 698.300451, Spread: 0.000000
Epoch 497/600, Total: 1661.286685, Node: 962.449583, Link: 698.837103, Spread: 0.000000
Epoch 498/600, Total: 1661.602740, Node: 963.292250, Link: 698.310487, Spread: 0.000000
Epoch 499/600, Total: 1660.945479, Node: 962.812536, Link: 698.132950, Spread: 0.000000
Epoch 500/600, Total: 1661.286296, Node: 962.438666, Link: 698.847619, Spread: 0.000000
Epoch 501/600, Total: 1661.691384, Node: 963.333174, Link: 698.358218, Spread: 0.000000
Epoch 502/600, Total: 1661.260563, Node: 962.934753, Link: 698.325819, Spread: 0.000000
Epoch 503/600, Total: 1661.148704, Node: 962.394878, Link: 698.753822, Spread: 0.000000
Epoch 504/600, Total: 1660.587501, Node: 962.410185, Link: 698.177316, Spread: 0.000000
Epoch 505/600, Total: 1661.735435, Node: 963.412745, Link: 698.322693, Spread: 0.000000
Epoch 506/600, Total: 1660.324113, Node: 962.654227, Link: 697.669883, Spread: 0.000000
Epoch 507/600, Total: 1660.156486, Node: 962.192753, Link: 697.963725, Spread: 0.000000
Epoch 508/600, Total: 1660.087667, Node: 962.273411, Link: 697.814263, Spread: 0.000000
Epoch 509/600, Total: 1660.468516, Node: 962.654684, Link: 697.813836, Spread: 0.000000
Epoch 510/600, Total: 1661.407003, Node: 962.875657, Link: 698.531334, Spread: 0.000000
Epoch 511/600, Total: 1660.900650, Node: 962.901187, Link: 697.999468, Spread: 0.000000
Epoch 512/600, Total: 1661.523661, Node: 963.276874, Link: 698.246786, Spread: 0.000000
Epoch 513/600, Total: 1661.106364, Node: 962.932767, Link: 698.173583, Spread: 0.000000
Epoch 514/600, Total: 1661.163655, Node: 962.950239, Link: 698.213412, Spread: 0.000000
Epoch 515/600, Total: 1660.864827, Node: 962.811254, Link: 698.053563, Spread: 0.000000
Epoch 516/600, Total: 1661.357087, Node: 962.491702, Link: 698.865374, Spread: 0.000000
Epoch 517/600, Total: 1661.698689, Node: 963.365634, Link: 698.333050, Spread: 0.000000
Epoch 518/600, Total: 1660.818212, Node: 962.924152, Link: 697.894069, Spread: 0.000000
Epoch 519/600, Total: 1661.060215, Node: 962.874056, Link: 698.186160, Spread: 0.000000
Epoch 520/600, Total: 1661.117403, Node: 962.987684, Link: 698.129714, Spread: 0.000000
Epoch 521/600, Total: 1661.177593, Node: 962.988067, Link: 698.189528, Spread: 0.000000
Epoch 522/600, Total: 1660.781614, Node: 962.278568, Link: 698.503045, Spread: 0.000000
Epoch 523/600, Total: 1668.967452, Node: 967.028116, Link: 701.939337, Spread: 0.000000
Epoch 524/600, Total: 1667.603549, Node: 964.883142, Link: 702.720412, Spread: 0.000000
Epoch 525/600, Total: 1665.578984, Node: 964.487684, Link: 701.091306, Spread: 0.000000
Epoch 526/600, Total: 1664.949794, Node: 963.749822, Link: 701.199975, Spread: 0.000000
Epoch 527/600, Total: 1665.248652, Node: 964.136216, Link: 701.112441, Spread: 0.000000
Epoch 528/600, Total: 1663.581497, Node: 963.987698, Link: 699.593802, Spread: 0.000000
Epoch 529/600, Total: 1663.359441, Node: 963.708376, Link: 699.651060, Spread: 0.000000
Epoch 530/600, Total: 1663.722373, Node: 963.695585, Link: 700.026783, Spread: 0.000000
Epoch 531/600, Total: 1662.533065, Node: 963.808909, Link: 698.724158, Spread: 0.000000
Epoch 532/600, Total: 1661.848083, Node: 963.181243, Link: 698.666830, Spread: 0.000000
Epoch 533/600, Total: 1661.657803, Node: 963.175314, Link: 698.482493, Spread: 0.000000
Epoch 534/600, Total: 1661.521265, Node: 963.242065, Link: 698.279204, Spread: 0.000000
Epoch 535/600, Total: 1661.470314, Node: 963.271842, Link: 698.198468, Spread: 0.000000
Epoch 536/600, Total: 1661.663702, Node: 962.963778, Link: 698.699928, Spread: 0.000000
Epoch 537/600, Total: 1661.993111, Node: 963.021895, Link: 698.971211, Spread: 0.000000
Epoch 538/600, Total: 1662.298203, Node: 963.257182, Link: 699.041017, Spread: 0.000000
Epoch 539/600, Total: 1662.296652, Node: 963.892859, Link: 698.403796, Spread: 0.000000
Epoch 540/600, Total: 1662.350195, Node: 963.442761, Link: 698.907430, Spread: 0.000000
Epoch 541/600, Total: 1662.144715, Node: 963.048087, Link: 699.096621, Spread: 0.000000
Epoch 542/600, Total: 1662.138399, Node: 963.700096, Link: 698.438299, Spread: 0.000000
Epoch 543/600, Total: 1662.011630, Node: 962.967360, Link: 699.044266, Spread: 0.000000
Epoch 544/600, Total: 1661.480451, Node: 963.364724, Link: 698.115731, Spread: 0.000000
Epoch 545/600, Total: 1661.391956, Node: 963.301537, Link: 698.090419, Spread: 0.000000
Epoch 546/600, Total: 1661.629314, Node: 963.446759, Link: 698.182554, Spread: 0.000000
Epoch 547/600, Total: 1660.941151, Node: 963.025366, Link: 697.915780, Spread: 0.000000
Epoch 548/600, Total: 1662.487419, Node: 963.502738, Link: 698.984682, Spread: 0.000000
Epoch 549/600, Total: 1660.241040, Node: 962.540839, Link: 697.700197, Spread: 0.000000
Epoch 550/600, Total: 1661.624365, Node: 962.833273, Link: 698.791084, Spread: 0.000000
Epoch 551/600, Total: 1660.246803, Node: 962.571907, Link: 697.674910, Spread: 0.000000
Epoch 552/600, Total: 1660.929838, Node: 962.558815, Link: 698.371021, Spread: 0.000000
Epoch 553/600, Total: 1660.925188, Node: 962.534805, Link: 698.390385, Spread: 0.000000
Epoch 554/600, Total: 1660.922662, Node: 962.549839, Link: 698.372822, Spread: 0.000000
Epoch 555/600, Total: 1660.944977, Node: 962.513573, Link: 698.431406, Spread: 0.000000
Epoch 556/600, Total: 1660.795769, Node: 962.701995, Link: 698.093779, Spread: 0.000000
Epoch 557/600, Total: 1661.857563, Node: 962.952307, Link: 698.905256, Spread: 0.000000
Epoch 558/600, Total: 1661.001586, Node: 962.944805, Link: 698.056783, Spread: 0.000000
Epoch 559/600, Total: 1660.843500, Node: 962.429247, Link: 698.414252, Spread: 0.000000
Epoch 560/600, Total: 1660.861914, Node: 962.538537, Link: 698.323372, Spread: 0.000000
Epoch 561/600, Total: 1660.877096, Node: 962.539156, Link: 698.337932, Spread: 0.000000
Epoch 562/600, Total: 1660.882237, Node: 962.518701, Link: 698.363535, Spread: 0.000000
Epoch 563/600, Total: 1660.888223, Node: 962.501902, Link: 698.386328, Spread: 0.000000
Epoch 564/600, Total: 1660.888977, Node: 962.518763, Link: 698.370206, Spread: 0.000000
Epoch 565/600, Total: 1660.891073, Node: 962.507688, Link: 698.383385, Spread: 0.000000
Epoch 566/600, Total: 1660.889752, Node: 962.520398, Link: 698.369354, Spread: 0.000000
Epoch 567/600, Total: 1660.889451, Node: 962.518748, Link: 698.370700, Spread: 0.000000
Epoch 568/600, Total: 1660.888235, Node: 962.523173, Link: 698.365064, Spread: 0.000000
Epoch 569/600, Total: 1660.886573, Node: 962.530522, Link: 698.356053, Spread: 0.000000
Epoch 570/600, Total: 1660.876697, Node: 962.533829, Link: 698.342873, Spread: 0.000000
Epoch 571/600, Total: 1660.866248, Node: 962.536406, Link: 698.329846, Spread: 0.000000
Epoch 572/600, Total: 1660.856963, Node: 962.537741, Link: 698.319234, Spread: 0.000000
Epoch 573/600, Total: 1660.849743, Node: 962.537361, Link: 698.312385, Spread: 0.000000
Epoch 574/600, Total: 1660.844684, Node: 962.535543, Link: 698.309129, Spread: 0.000000
Epoch 575/600, Total: 1660.840599, Node: 962.533229, Link: 698.307366, Spread: 0.000000
Epoch 576/600, Total: 1660.836075, Node: 962.531445, Link: 698.304619, Spread: 0.000000
Epoch 577/600, Total: 1660.829664, Node: 962.530901, Link: 698.298758, Spread: 0.000000
Epoch 578/600, Total: 1660.820741, Node: 962.531871, Link: 698.288871, Spread: 0.000000
Epoch 579/600, Total: 1660.809831, Node: 962.533733, Link: 698.276102, Spread: 0.000000
Epoch 580/600, Total: 1660.799846, Node: 962.534860, Link: 698.264997, Spread: 0.000000
Epoch 581/600, Total: 1660.794064, Node: 962.533942, Link: 698.260127, Spread: 0.000000
Epoch 582/600, Total: 1660.790732, Node: 962.532167, Link: 698.258569, Spread: 0.000000
Epoch 583/600, Total: 1660.785785, Node: 962.531268, Link: 698.254518, Spread: 0.000000
Epoch 584/600, Total: 1660.778469, Node: 962.531344, Link: 698.247125, Spread: 0.000000
Epoch 585/600, Total: 1660.770241, Node: 962.531711, Link: 698.238531, Spread: 0.000000
Epoch 586/600, Total: 1660.763373, Node: 962.531526, Link: 698.231857, Spread: 0.000000
Epoch 587/600, Total: 1660.757349, Node: 962.531182, Link: 698.226161, Spread: 0.000000
Epoch 588/600, Total: 1660.750426, Node: 962.531046, Link: 698.219374, Spread: 0.000000
Epoch 589/600, Total: 1660.743904, Node: 962.530764, Link: 698.213141, Spread: 0.000000
Epoch 590/600, Total: 1660.737133, Node: 962.530636, Link: 698.206507, Spread: 0.000000
Epoch 591/600, Total: 1660.730756, Node: 962.530385, Link: 698.200368, Spread: 0.000000
Epoch 592/600, Total: 1660.723658, Node: 962.530277, Link: 698.193367, Spread: 0.000000
Epoch 593/600, Total: 1660.717714, Node: 962.529940, Link: 698.187766, Spread: 0.000000
Epoch 594/600, Total: 1660.709391, Node: 962.529986, Link: 698.179403, Spread: 0.000000
Epoch 595/600, Total: 1660.706738, Node: 962.529191, Link: 698.177549, Spread: 0.000000
Epoch 596/600, Total: 1660.688666, Node: 962.530268, Link: 698.158394, Spread: 0.000000
Epoch 597/600, Total: 1660.717054, Node: 962.525266, Link: 698.191790, Spread: 0.000000
Epoch 598/600, Total: 1660.615075, Node: 962.529853, Link: 698.085228, Spread: 0.000000
Epoch 599/600, Total: 1661.435419, Node: 962.833574, Link: 698.601850, Spread: 0.000000
Epoch 600/600, Total: 1660.056252, Node: 962.403064, Link: 697.653173, Spread: 0.000000
Saved sweep result to: /homes/dameyer/ml-for-wdn-project-4/results/aggregated/gnn_training_sweep/net1_buffer=1_rollout=5_seed=42.json
Table value: 962.403064
