Filter:    enkf
Job:       240898
Array ID:  3
Seed:      45
Host:      assistant-4.GPU.CIT-EC.NET
Dataset:   hanoi

Running Hanoi GNN EnKF: 24 sensor counts × 1 sensor placements
2 sensors/type: 1.0921 ± 0.2608
3 sensors/type: 1.2768 ± 0.3000
4 sensors/type: 1.0749 ± 0.2945
5 sensors/type: 0.9990 ± 0.2582
6 sensors/type: 1.0849 ± 0.2789
7 sensors/type: 0.9597 ± 0.2733
8 sensors/type: 0.9526 ± 0.2628
9 sensors/type: 1.0256 ± 0.2871
10 sensors/type: 0.9383 ± 0.2564
11 sensors/type: 1.0514 ± 0.2817
12 sensors/type: 0.9376 ± 0.2388
13 sensors/type: 0.9682 ± 0.2731
14 sensors/type: 0.9031 ± 0.2367
15 sensors/type: 0.9134 ± 0.2464
16 sensors/type: 0.8962 ± 0.2534
17 sensors/type: 0.8856 ± 0.2300
18 sensors/type: 0.9004 ± 0.2512
19 sensors/type: 0.8698 ± 0.2389
20 sensors/type: 0.8782 ± 0.2343
21 sensors/type: 0.8661 ± 0.2398
22 sensors/type: 0.8589 ± 0.2424
23 sensors/type: 0.8997 ± 0.2635
24 sensors/type: 0.8525 ± 0.2467
25 sensors/type: 0.8415 ± 0.2546
Saved gnn EnKF result to: /homes/dameyer/ml-for-wdn-project-4/results/aggregated/hanoi_gnn_enkf_n_iters=1_ensemble_size=50_seed=45.npz
