Filter:    enkf
Job:       241195
Array ID:  18
Seed:      60
Host:      assistant-3.GPU.CIT-EC.NET
Dataset:   hanoi

Running Hanoi GNN EnKF: 24 sensor counts × 1 sensor placements
2 sensors/type: 1.5302 ± 0.3877
3 sensors/type: 1.0702 ± 0.2817
4 sensors/type: 1.0990 ± 0.2823
5 sensors/type: 1.0434 ± 0.2633
6 sensors/type: 1.0249 ± 0.2797
7 sensors/type: 0.9599 ± 0.2630
8 sensors/type: 1.1085 ± 0.3246
9 sensors/type: 0.9990 ± 0.2670
10 sensors/type: 1.0096 ± 0.2759
11 sensors/type: 0.9228 ± 0.2490
12 sensors/type: 0.9262 ± 0.2596
13 sensors/type: 0.9090 ± 0.2471
14 sensors/type: 0.9367 ± 0.2552
15 sensors/type: 0.9356 ± 0.2654
16 sensors/type: 0.9071 ± 0.2386
17 sensors/type: 0.9281 ± 0.2533
18 sensors/type: 0.9159 ± 0.2508
19 sensors/type: 0.8570 ± 0.2466
20 sensors/type: 0.9073 ± 0.2659
21 sensors/type: 0.8400 ± 0.2492
22 sensors/type: 0.8389 ± 0.2289
23 sensors/type: 0.8866 ± 0.2625
24 sensors/type: 0.8643 ± 0.2449
25 sensors/type: 0.8587 ± 0.2561
Saved gnn EnKF result to: /homes/dameyer/ml-for-wdn-project-4/results/aggregated/hanoi_gnn_enkf_n_iters=1_ensemble_size=50_seed=60.npz
