================================
GNN training sweep
Job ID: 242671
Task ID: 7
Buffer size: 5
Rollout length: 5
================================
Running GNN sweep: dataset=Net1, buffer=5, rollout=5
Epoch 1/600, Total: 2374.950787, Node: 1347.668638, Link: 1025.216122, Spread: 206.602240
Epoch 2/600, Total: 1909.368803, Node: 1154.878415, Link: 752.847409, Spread: 164.298794
Epoch 3/600, Total: 1854.799204, Node: 1103.766469, Link: 749.818750, Spread: 121.398934
Epoch 4/600, Total: 1830.327660, Node: 1084.104091, Link: 745.283657, Spread: 93.990858
Epoch 5/600, Total: 1818.149683, Node: 1072.434531, Link: 744.957511, Spread: 75.763297
Epoch 6/600, Total: 1799.078510, Node: 1063.283180, Link: 735.198706, Spread: 59.662542
Epoch 7/600, Total: 1785.648966, Node: 1045.915760, Link: 739.273156, Spread: 46.005340
Epoch 8/600, Total: 1776.138337, Node: 1032.975685, Link: 742.793999, Spread: 36.864954
Epoch 9/600, Total: 1752.370655, Node: 1015.600905, Link: 736.486117, Spread: 28.363598
Epoch 10/600, Total: 1742.112658, Node: 1006.896281, Link: 734.997538, Spread: 21.884028
Epoch 11/600, Total: 1732.694228, Node: 996.732003, Link: 735.790079, Spread: 17.215410
Epoch 12/600, Total: 1722.837360, Node: 993.750026, Link: 728.958592, Spread: 12.874156
Epoch 13/600, Total: 1723.799928, Node: 990.397618, Link: 733.303810, Spread: 9.850207
Epoch 14/600, Total: 1720.211913, Node: 988.205086, Link: 731.930559, Spread: 7.626224
Epoch 15/600, Total: 1724.952174, Node: 998.112095, Link: 726.777478, Spread: 6.259206
Epoch 16/600, Total: 1729.672890, Node: 997.832809, Link: 731.787542, Spread: 5.253574
Epoch 17/600, Total: 1728.045065, Node: 996.757458, Link: 731.245485, Spread: 4.212831
Epoch 18/600, Total: 1727.108385, Node: 996.008383, Link: 731.065852, Spread: 3.413938
Epoch 19/600, Total: 1725.774582, Node: 995.340083, Link: 730.406355, Spread: 2.813975
Epoch 20/600, Total: 1724.461636, Node: 994.759457, Link: 729.678446, Spread: 2.372868
Epoch 21/600, Total: 1723.213760, Node: 994.260038, Link: 728.933192, Spread: 2.053004
Epoch 22/600, Total: 1722.118316, Node: 993.840818, Link: 728.259248, Spread: 1.825663
Epoch 23/600, Total: 1721.219021, Node: 993.495275, Link: 727.707056, Spread: 1.668595
Epoch 24/600, Total: 1720.509018, Node: 993.212362, Link: 727.281010, Spread: 1.564553
Epoch 25/600, Total: 1719.950177, Node: 992.977472, Link: 726.957699, Spread: 1.500299
Epoch 26/600, Total: 1719.497792, Node: 992.775820, Link: 726.707316, Spread: 1.465847
Epoch 27/600, Total: 1719.114372, Node: 992.594679, Link: 726.505153, Spread: 1.453772
Epoch 28/600, Total: 1718.772416, Node: 992.423868, Link: 726.333966, Spread: 1.458527
Epoch 29/600, Total: 1718.440890, Node: 992.263845, Link: 726.162289, Spread: 1.475949
Epoch 30/600, Total: 1715.548598, Node: 992.224071, Link: 723.309555, Spread: 1.497649
Epoch 31/600, Total: 1715.269066, Node: 992.204278, Link: 723.049324, Spread: 1.547273
Epoch 32/600, Total: 1714.400376, Node: 992.008181, Link: 722.376276, Spread: 1.591745
Epoch 33/600, Total: 1713.608817, Node: 991.818632, Link: 721.773807, Spread: 1.638942
Epoch 34/600, Total: 1712.860453, Node: 991.649916, Link: 721.193659, Spread: 1.687865
Epoch 35/600, Total: 1712.133317, Node: 991.490917, Link: 720.625017, Spread: 1.737801
Epoch 36/600, Total: 1711.407078, Node: 991.330070, Link: 720.059129, Spread: 1.787970
Epoch 37/600, Total: 1710.667378, Node: 991.159641, Link: 719.489369, Spread: 1.837198
Epoch 38/600, Total: 1709.907818, Node: 990.977331, Link: 718.911649, Spread: 1.883963
Epoch 39/600, Total: 1709.127883, Node: 990.784190, Link: 718.324427, Spread: 1.926797
Epoch 40/600, Total: 1708.331670, Node: 990.581595, Link: 717.730437, Spread: 1.964742
Epoch 41/600, Total: 1707.525461, Node: 990.370234, Link: 717.135252, Spread: 1.997494
Epoch 42/600, Total: 1706.715797, Node: 990.149808, Link: 716.545748, Spread: 2.025251
Epoch 43/600, Total: 1705.908425, Node: 989.920236, Link: 715.967706, Spread: 2.048469
Epoch 44/600, Total: 1705.107906, Node: 989.681749, Link: 715.405479, Spread: 2.067615
Epoch 45/600, Total: 1704.317902, Node: 989.435352, Link: 714.861731, Spread: 2.083081
Epoch 46/600, Total: 1703.541546, Node: 989.182422, Link: 714.338177, Spread: 2.095179
Epoch 47/600, Total: 1702.781359, Node: 988.924822, Link: 713.835506, Spread: 2.104129
Epoch 48/600, Total: 1702.039414, Node: 988.664428, Link: 713.353891, Spread: 2.110117
Epoch 49/600, Total: 1701.317517, Node: 988.403279, Link: 712.893106, Spread: 2.113316
Epoch 50/600, Total: 1700.616401, Node: 988.142686, Link: 712.452581, Spread: 2.113891
Epoch 51/600, Total: 1699.938323, Node: 987.885304, Link: 712.031895, Spread: 2.111964
Epoch 52/600, Total: 1699.283937, Node: 987.632278, Link: 711.630568, Spread: 2.107664
Epoch 53/600, Total: 1698.653103, Node: 987.384390, Link: 711.247698, Spread: 2.101233
Epoch 54/600, Total: 1698.046172, Node: 987.142584, Link: 710.882665, Spread: 2.092842
Epoch 55/600, Total: 1697.463085, Node: 986.907535, Link: 710.534731, Spread: 2.082667
Epoch 56/600, Total: 1696.903224, Node: 986.679514, Link: 710.203008, Spread: 2.070938
Epoch 57/600, Total: 1696.365724, Node: 986.458580, Link: 709.886571, Spread: 2.057861
Epoch 58/600, Total: 1695.849283, Node: 986.244496, Link: 709.584359, Spread: 2.043681
Epoch 59/600, Total: 1695.352280, Node: 986.036736, Link: 709.295253, Spread: 2.028644
Epoch 60/600, Total: 1694.873091, Node: 985.834685, Link: 709.018271, Spread: 2.012965
Epoch 61/600, Total: 1694.410133, Node: 985.637537, Link: 708.752629, Spread: 1.996887
Epoch 62/600, Total: 1693.962440, Node: 985.444748, Link: 708.497896, Spread: 1.980606
Epoch 63/600, Total: 1693.529510, Node: 985.255902, Link: 708.253973, Spread: 1.964320
Epoch 64/600, Total: 1693.111467, Node: 985.070958, Link: 708.021029, Spread: 1.948185
Epoch 65/600, Total: 1692.709028, Node: 984.890215, Link: 707.799480, Spread: 1.932324
Epoch 66/600, Total: 1692.323106, Node: 984.714226, Link: 707.589698, Spread: 1.916834
Epoch 67/600, Total: 1691.954576, Node: 984.543660, Link: 707.391898, Spread: 1.901806
Epoch 68/600, Total: 1691.604309, Node: 984.379211, Link: 707.206214, Spread: 1.887296
Epoch 69/600, Total: 1691.272663, Node: 984.221411, Link: 707.032520, Spread: 1.873345
Epoch 70/600, Total: 1690.959716, Node: 984.070619, Link: 706.870503, Spread: 1.859998
Epoch 71/600, Total: 1690.882147, Node: 984.467457, Link: 706.396186, Spread: 1.850596
Epoch 72/600, Total: 1689.961365, Node: 983.128475, Link: 706.814425, Spread: 1.845603
Epoch 73/600, Total: 1690.059875, Node: 983.620440, Link: 706.421184, Spread: 1.825576
Epoch 74/600, Total: 1689.868741, Node: 983.532014, Link: 706.318586, Spread: 1.813120
Epoch 75/600, Total: 1689.654335, Node: 983.424572, Link: 706.211732, Spread: 1.802518
Epoch 76/600, Total: 1689.443409, Node: 983.316049, Link: 706.109431, Spread: 1.792959
Epoch 77/600, Total: 1689.243023, Node: 983.211355, Link: 706.013831, Spread: 1.784212
Epoch 78/600, Total: 1689.054462, Node: 983.111611, Link: 705.925099, Spread: 1.776194
Epoch 79/600, Total: 1688.877385, Node: 983.016818, Link: 705.842883, Spread: 1.768863
Epoch 80/600, Total: 1688.711015, Node: 982.926681, Link: 705.766701, Spread: 1.762196
Epoch 81/600, Total: 1688.554411, Node: 982.840836, Link: 705.696025, Spread: 1.756174
Epoch 82/600, Total: 1688.406841, Node: 982.758887, Link: 705.630447, Spread: 1.750776
Epoch 83/600, Total: 1688.267463, Node: 982.680488, Link: 705.569514, Spread: 1.745988
Epoch 84/600, Total: 1688.135528, Node: 982.605305, Link: 705.512800, Spread: 1.741779
Epoch 85/600, Total: 1688.010297, Node: 982.532990, Link: 705.459932, Spread: 1.738129
Epoch 86/600, Total: 1687.891165, Node: 982.463277, Link: 705.410539, Spread: 1.735020
Epoch 87/600, Total: 1687.777499, Node: 982.395882, Link: 705.364285, Spread: 1.732419
Epoch 88/600, Total: 1687.668692, Node: 982.330555, Link: 705.320825, Spread: 1.730301
Epoch 89/600, Total: 1687.564229, Node: 982.267079, Link: 705.279865, Spread: 1.728639
Epoch 90/600, Total: 1687.463601, Node: 982.205247, Link: 705.241091, Spread: 1.727413
Epoch 91/600, Total: 1687.366379, Node: 982.144868, Link: 705.204247, Spread: 1.726591
Epoch 92/600, Total: 1687.272056, Node: 982.085797, Link: 705.169001, Spread: 1.726143
Epoch 93/600, Total: 1687.180429, Node: 982.027853, Link: 705.135315, Spread: 1.726048
Epoch 94/600, Total: 1687.091010, Node: 981.970975, Link: 705.102781, Spread: 1.726276
Epoch 95/600, Total: 1687.003635, Node: 981.915007, Link: 705.071363, Spread: 1.726797
Epoch 96/600, Total: 1686.917801, Node: 981.859891, Link: 705.040629, Spread: 1.727586
Epoch 97/600, Total: 1686.833461, Node: 981.805521, Link: 705.010651, Spread: 1.728613
Epoch 98/600, Total: 1686.750312, Node: 981.751855, Link: 704.981154, Spread: 1.729854
Epoch 99/600, Total: 1686.668398, Node: 981.698864, Link: 704.952218, Spread: 1.731285
Epoch 100/600, Total: 1686.587128, Node: 981.646430, Link: 704.923368, Spread: 1.732879
Epoch 101/600, Total: 1686.506748, Node: 981.594601, Link: 704.894798, Spread: 1.734611
Epoch 102/600, Total: 1686.427017, Node: 981.543333, Link: 704.866311, Spread: 1.736462
Epoch 103/600, Total: 1686.347846, Node: 981.492612, Link: 704.837858, Spread: 1.738404
Epoch 104/600, Total: 1686.269214, Node: 981.442440, Link: 704.809368, Spread: 1.740414
Epoch 105/600, Total: 1686.190991, Node: 981.392772, Link: 704.780804, Spread: 1.742473
Epoch 106/600, Total: 1686.113225, Node: 981.343675, Link: 704.752106, Spread: 1.744559
Epoch 107/600, Total: 1686.035882, Node: 981.295155, Link: 704.723256, Spread: 1.746654
Epoch 108/600, Total: 1685.958924, Node: 981.247218, Link: 704.694222, Spread: 1.748737
Epoch 109/600, Total: 1685.882310, Node: 981.199828, Link: 704.664966, Spread: 1.750792
Epoch 110/600, Total: 1686.061072, Node: 981.117563, Link: 704.925951, Spread: 1.755574
Epoch 111/600, Total: 1685.937734, Node: 981.234207, Link: 704.686006, Spread: 1.751962
Epoch 112/600, Total: 1685.724043, Node: 981.093709, Link: 704.612782, Spread: 1.755824
Epoch 113/600, Total: 1685.616319, Node: 981.032829, Link: 704.565904, Spread: 1.758715
Epoch 114/600, Total: 1685.525723, Node: 980.981425, Link: 704.526689, Spread: 1.760936
Epoch 115/600, Total: 1687.208649, Node: 983.062654, Link: 704.128581, Spread: 1.740865
Epoch 116/600, Total: 1696.617667, Node: 991.098516, Link: 705.507285, Spread: 1.187007
Epoch 117/600, Total: 1690.974965, Node: 984.841569, Link: 706.124484, Spread: 0.889845
Epoch 118/600, Total: 1689.808735, Node: 983.590320, Link: 706.209674, Spread: 0.873683
Epoch 119/600, Total: 1689.704512, Node: 983.431468, Link: 706.264305, Spread: 0.874325
Epoch 120/600, Total: 1689.750014, Node: 983.500293, Link: 706.241014, Spread: 0.870625
Epoch 121/600, Total: 1689.783591, Node: 983.584478, Link: 706.190458, Spread: 0.865015
Epoch 122/600, Total: 1689.778512, Node: 983.640760, Link: 706.129147, Spread: 0.860683
Epoch 123/600, Total: 1689.734662, Node: 983.666054, Link: 706.060015, Spread: 0.859212
Epoch 124/600, Total: 1689.656475, Node: 983.664304, Link: 705.983564, Spread: 0.861040
Epoch 125/600, Total: 1689.549646, Node: 983.640349, Link: 705.900635, Spread: 0.866006
Epoch 126/600, Total: 1689.420287, Node: 983.598863, Link: 705.812675, Spread: 0.873689
Epoch 127/600, Total: 1689.329007, Node: 983.589740, Link: 705.730448, Spread: 0.883578
Epoch 128/600, Total: 1689.722625, Node: 983.106281, Link: 706.607393, Spread: 0.894902
Epoch 129/600, Total: 1688.951877, Node: 983.415218, Link: 705.527559, Spread: 0.908665
Epoch 130/600, Total: 1688.786995, Node: 983.337603, Link: 705.440172, Spread: 0.922705
Epoch 131/600, Total: 1688.625042, Node: 983.260864, Link: 705.354806, Spread: 0.937104
Epoch 132/600, Total: 1688.464989, Node: 983.184371, Link: 705.271088, Spread: 0.951835
Epoch 133/600, Total: 1688.308231, Node: 983.108196, Link: 705.190364, Spread: 0.966747
Epoch 134/600, Total: 1688.155887, Node: 983.032836, Link: 705.113227, Spread: 0.981698
Epoch 135/600, Total: 1688.008464, Node: 982.958613, Link: 705.039898, Spread: 0.996574
Epoch 136/600, Total: 1687.866210, Node: 982.885646, Link: 704.970461, Spread: 1.011290
Epoch 137/600, Total: 1687.729139, Node: 982.814009, Link: 704.904865, Spread: 1.025782
Epoch 138/600, Total: 1687.596968, Node: 982.743655, Link: 704.842919, Spread: 1.040001
Epoch 139/600, Total: 1687.469571, Node: 982.674609, Link: 704.784430, Spread: 1.053909
Epoch 140/600, Total: 1687.346485, Node: 982.606736, Link: 704.729079, Spread: 1.067480
Epoch 141/600, Total: 1687.227362, Node: 982.539993, Link: 704.676564, Spread: 1.080694
Epoch 142/600, Total: 1687.111825, Node: 982.474293, Link: 704.626597, Spread: 1.093531
Epoch 143/600, Total: 1686.999540, Node: 982.409613, Link: 704.578879, Spread: 1.105983
Epoch 144/600, Total: 1686.890243, Node: 982.345871, Link: 704.533197, Spread: 1.118043
Epoch 145/600, Total: 1686.783489, Node: 982.283016, Link: 704.489175, Spread: 1.129707
Epoch 146/600, Total: 1686.679128, Node: 982.221055, Link: 704.446666, Spread: 1.140972
Epoch 147/600, Total: 1686.576929, Node: 982.159958, Link: 704.405450, Spread: 1.151833
Epoch 148/600, Total: 1686.476648, Node: 982.099678, Link: 704.365350, Spread: 1.162292
Epoch 149/600, Total: 1686.378141, Node: 982.040229, Link: 704.326197, Spread: 1.172349
Epoch 150/600, Total: 1685.571175, Node: 980.329058, Link: 705.230193, Spread: 1.191150
Epoch 151/600, Total: 1686.157843, Node: 981.884208, Link: 704.261675, Spread: 1.195586
Epoch 152/600, Total: 1697.581550, Node: 995.807602, Link: 701.761509, Spread: 1.244181
Epoch 153/600, Total: 1685.749503, Node: 981.217025, Link: 704.520025, Spread: 1.244954
Epoch 154/600, Total: 1685.605009, Node: 981.651307, Link: 703.941379, Spread: 1.232924
Epoch 155/600, Total: 1685.735575, Node: 981.494250, Link: 704.228904, Spread: 1.241380
Epoch 156/600, Total: 1685.648567, Node: 981.514231, Link: 704.121928, Spread: 1.240826
Epoch 157/600, Total: 1685.565305, Node: 981.492666, Link: 704.060220, Spread: 1.242789
Epoch 158/600, Total: 1685.483690, Node: 981.460968, Link: 704.010259, Spread: 1.245846
Epoch 159/600, Total: 1685.401216, Node: 981.423091, Link: 703.965638, Spread: 1.249415
Epoch 160/600, Total: 1685.317858, Node: 981.381407, Link: 703.923914, Spread: 1.253216
Epoch 161/600, Total: 1685.234082, Node: 981.337545, Link: 703.883960, Spread: 1.257091
Epoch 162/600, Total: 1685.150404, Node: 981.292610, Link: 703.845184, Spread: 1.260948
Epoch 163/600, Total: 1681.258621, Node: 979.825665, Link: 701.420263, Spread: 1.268233
Epoch 164/600, Total: 1684.865520, Node: 981.141644, Link: 703.711116, Spread: 1.276531
Epoch 165/600, Total: 1684.835117, Node: 981.131376, Link: 703.690968, Spread: 1.277508
Epoch 166/600, Total: 1684.789411, Node: 981.103291, Link: 703.673327, Spread: 1.279284
Epoch 167/600, Total: 1684.730629, Node: 981.068471, Link: 703.649345, Spread: 1.281529
Epoch 168/600, Total: 1684.664025, Node: 981.030173, Link: 703.621009, Spread: 1.283991
Epoch 169/600, Total: 1684.593445, Node: 980.990341, Link: 703.590232, Spread: 1.286518
Epoch 170/600, Total: 1684.521021, Node: 980.950053, Link: 703.558078, Spread: 1.289014
Epoch 171/600, Total: 1684.448102, Node: 980.909938, Link: 703.525261, Spread: 1.291428
Epoch 172/600, Total: 1684.375371, Node: 980.870312, Link: 703.492112, Spread: 1.293730
Epoch 173/600, Total: 1684.303151, Node: 980.831361, Link: 703.458828, Spread: 1.295908
Epoch 174/600, Total: 1684.231691, Node: 980.793162, Link: 703.425549, Spread: 1.297958
Epoch 175/600, Total: 1684.161075, Node: 980.755768, Link: 703.392302, Spread: 1.299873
Epoch 176/600, Total: 1684.091365, Node: 980.719188, Link: 703.359155, Spread: 1.301654
Epoch 177/600, Total: 1684.022545, Node: 980.683441, Link: 703.326069, Spread: 1.303299
Epoch 178/600, Total: 1683.954663, Node: 980.648521, Link: 703.293094, Spread: 1.304817
Epoch 179/600, Total: 1683.887652, Node: 980.614417, Link: 703.260187, Spread: 1.306205
Epoch 180/600, Total: 1683.821574, Node: 980.581125, Link: 703.227378, Spread: 1.307462
Epoch 181/600, Total: 1683.756374, Node: 980.548651, Link: 703.194634, Spread: 1.308595
Epoch 182/600, Total: 1683.692070, Node: 980.516992, Link: 703.161976, Spread: 1.309604
Epoch 183/600, Total: 1683.628631, Node: 980.486120, Link: 703.129399, Spread: 1.310497
Epoch 184/600, Total: 1683.566066, Node: 980.456048, Link: 703.096907, Spread: 1.311267
Epoch 185/600, Total: 1683.504392, Node: 980.426785, Link: 703.064485, Spread: 1.311918
Epoch 186/600, Total: 1716.349640, Node: 986.448055, Link: 729.889791, Spread: 1.179440
Epoch 187/600, Total: 1711.564660, Node: 984.174143, Link: 727.379931, Spread: 1.057793
Epoch 188/600, Total: 1707.736423, Node: 982.581961, Link: 725.143889, Spread: 1.057320
Epoch 189/600, Total: 1706.269995, Node: 981.773264, Link: 724.486030, Spread: 1.070943
Epoch 190/600, Total: 1705.559965, Node: 981.345342, Link: 724.203761, Spread: 1.086933
Epoch 191/600, Total: 1705.156639, Node: 981.101366, Link: 724.044275, Spread: 1.100334
Epoch 192/600, Total: 1704.902838, Node: 980.952386, Link: 723.939346, Spread: 1.110396
Epoch 193/600, Total: 1704.731162, Node: 980.856365, Link: 723.863617, Spread: 1.117641
Epoch 194/600, Total: 1704.608009, Node: 980.791686, Link: 723.805099, Spread: 1.122753
Epoch 195/600, Total: 1704.515091, Node: 980.746534, Link: 723.757305, Spread: 1.126304
Epoch 196/600, Total: 1704.441586, Node: 980.713981, Link: 723.716317, Spread: 1.128712
Epoch 197/600, Total: 1704.380875, Node: 980.689828, Link: 723.679748, Spread: 1.130275
Epoch 198/600, Total: 1704.328785, Node: 980.671434, Link: 723.646030, Spread: 1.131185
Epoch 199/600, Total: 1704.282482, Node: 980.657002, Link: 723.614167, Spread: 1.131582
Epoch 200/600, Total: 1704.240348, Node: 980.645496, Link: 723.583532, Spread: 1.131554
Epoch 201/600, Total: 1704.201016, Node: 980.636037, Link: 723.553667, Spread: 1.131170
Epoch 202/600, Total: 1704.163776, Node: 980.628112, Link: 723.524345, Spread: 1.130471
Epoch 203/600, Total: 1704.128080, Node: 980.621390, Link: 723.495391, Spread: 1.129491
Epoch 204/600, Total: 1704.093516, Node: 980.615495, Link: 723.466741, Spread: 1.128255
Epoch 205/600, Total: 1704.059882, Node: 980.610306, Link: 723.438306, Spread: 1.126783
Epoch 206/600, Total: 1704.026915, Node: 980.605599, Link: 723.410064, Spread: 1.125092
Epoch 207/600, Total: 1703.995958, Node: 980.602269, Link: 723.382465, Spread: 1.123205
Epoch 208/600, Total: 1703.962548, Node: 980.597290, Link: 723.354055, Spread: 1.121120
Epoch 209/600, Total: 1703.930814, Node: 980.593416, Link: 723.326216, Spread: 1.118861
Epoch 210/600, Total: 1703.899307, Node: 980.589668, Link: 723.298472, Spread: 1.116443
Epoch 211/600, Total: 1703.867861, Node: 980.585946, Link: 723.270788, Spread: 1.113881
Epoch 212/600, Total: 1703.836472, Node: 980.582185, Link: 723.243170, Spread: 1.111181
Epoch 213/600, Total: 1703.805059, Node: 980.578378, Link: 723.215596, Spread: 1.108356
Epoch 214/600, Total: 1703.773525, Node: 980.574454, Link: 723.188011, Spread: 1.105417
Epoch 215/600, Total: 1703.741755, Node: 980.570378, Link: 723.160362, Spread: 1.102378
Epoch 216/600, Total: 1703.709799, Node: 980.566127, Link: 723.132683, Spread: 1.099255
Epoch 217/600, Total: 1703.677488, Node: 980.561661, Link: 723.104868, Spread: 1.096052
Epoch 218/600, Total: 1703.644875, Node: 980.556948, Link: 723.076992, Spread: 1.092783
Epoch 219/600, Total: 1703.611895, Node: 980.552024, Link: 723.048975, Spread: 1.089455
Epoch 220/600, Total: 1703.578439, Node: 980.546799, Link: 723.020780, Spread: 1.086080
Epoch 221/600, Total: 1703.544499, Node: 980.541272, Link: 722.992411, Spread: 1.082659
Epoch 222/600, Total: 1703.510076, Node: 980.535434, Link: 722.963861, Spread: 1.079207
Epoch 223/600, Total: 1703.475177, Node: 980.529320, Link: 722.935092, Spread: 1.075730
Epoch 224/600, Total: 1703.439738, Node: 980.522902, Link: 722.906119, Spread: 1.072237
Epoch 225/600, Total: 1703.403696, Node: 980.516135, Link: 722.876890, Spread: 1.068727
Epoch 226/600, Total: 1721.891206, Node: 1000.085175, Link: 721.795428, Spread: 1.059587
Epoch 227/600, Total: 1814.866469, Node: 1090.337026, Link: 724.520302, Spread: 0.914278
Epoch 228/600, Total: 1810.919198, Node: 1086.336556, Link: 724.573705, Spread: 0.894825
Epoch 229/600, Total: 1810.878640, Node: 1086.406571, Link: 724.463128, Spread: 0.895315
Epoch 230/600, Total: 1810.714577, Node: 1086.427040, Link: 724.278507, Spread: 0.902913
Epoch 231/600, Total: 1810.592540, Node: 1086.441982, Link: 724.141449, Spread: 0.911051
Epoch 232/600, Total: 1810.485993, Node: 1086.451333, Link: 724.025486, Spread: 0.918659
Epoch 233/600, Total: 1810.390901, Node: 1086.457426, Link: 723.924226, Spread: 0.925592
Epoch 234/600, Total: 1810.305098, Node: 1086.461357, Link: 723.834424, Spread: 0.931895
Epoch 235/600, Total: 1810.225255, Node: 1086.461909, Link: 723.753965, Spread: 0.937644
Epoch 236/600, Total: 1810.132505, Node: 1086.440249, Link: 723.682837, Spread: 0.942908
Epoch 237/600, Total: 1810.044154, Node: 1086.417742, Link: 723.616930, Spread: 0.947771
Epoch 238/600, Total: 1809.961461, Node: 1086.395968, Link: 723.555961, Spread: 0.952236
Epoch 239/600, Total: 1809.883867, Node: 1086.374960, Link: 723.499350, Spread: 0.956321
Epoch 240/600, Total: 1809.811050, Node: 1086.354649, Link: 723.446792, Spread: 0.960042
Epoch 241/600, Total: 1809.742628, Node: 1086.334925, Link: 723.398063, Spread: 0.963420
Epoch 242/600, Total: 1809.678549, Node: 1086.315767, Link: 723.353113, Spread: 0.966458
Epoch 243/600, Total: 1809.618836, Node: 1086.297163, Link: 723.311985, Spread: 0.969170
Epoch 244/600, Total: 1809.563638, Node: 1086.279141, Link: 723.274775, Spread: 0.971562
Epoch 245/600, Total: 1809.512960, Node: 1086.261777, Link: 723.241452, Spread: 0.973640
Epoch 246/600, Total: 1809.467061, Node: 1086.245180, Link: 723.212124, Spread: 0.975408
Epoch 247/600, Total: 1809.426023, Node: 1086.229444, Link: 723.186806, Spread: 0.976870
Epoch 248/600, Total: 1809.389846, Node: 1086.214629, Link: 723.165439, Spread: 0.978023
Epoch 249/600, Total: 1809.358726, Node: 1086.200901, Link: 723.148028, Spread: 0.978867
Epoch 250/600, Total: 1809.332628, Node: 1086.188357, Link: 723.134473, Spread: 0.979408
Epoch 251/600, Total: 1809.311637, Node: 1086.177111, Link: 723.124727, Spread: 0.979641
Epoch 252/600, Total: 1809.295831, Node: 1086.167297, Link: 723.118737, Spread: 0.979566
Epoch 253/600, Total: 1809.286723, Node: 1086.161461, Link: 723.115464, Spread: 0.979200
Epoch 254/600, Total: 1809.297580, Node: 1086.154550, Link: 723.133231, Spread: 0.978854
Epoch 255/600, Total: 1809.317541, Node: 1086.150178, Link: 723.157576, Spread: 0.978263
Epoch 256/600, Total: 1809.344737, Node: 1086.148221, Link: 723.186750, Spread: 0.977426
Epoch 257/600, Total: 1809.378895, Node: 1086.148866, Link: 723.220267, Spread: 0.976354
Epoch 258/600, Total: 1809.419797, Node: 1086.152246, Link: 723.257797, Spread: 0.975043
Epoch 259/600, Total: 1809.467331, Node: 1086.158502, Link: 723.299096, Spread: 0.973508
Epoch 260/600, Total: 1809.521579, Node: 1086.167849, Link: 723.344013, Spread: 0.971747
Epoch 261/600, Total: 1809.582967, Node: 1086.180599, Link: 723.392671, Spread: 0.969776
Epoch 262/600, Total: 1809.651869, Node: 1086.197053, Link: 723.445146, Spread: 0.967608
Epoch 263/600, Total: 1809.728810, Node: 1086.217581, Link: 723.501578, Spread: 0.965229
Epoch 264/600, Total: 1809.814797, Node: 1086.242738, Link: 723.562436, Spread: 0.962664
Epoch 265/600, Total: 1809.920086, Node: 1086.286910, Link: 723.623583, Spread: 0.959988
Epoch 266/600, Total: 1810.039193, Node: 1086.338719, Link: 723.690905, Spread: 0.957127
Epoch 267/600, Total: 1810.170148, Node: 1086.396638, Link: 723.763966, Spread: 0.954017
Epoch 268/600, Total: 1810.313680, Node: 1086.461594, Link: 723.842583, Spread: 0.950640
Epoch 269/600, Total: 1810.469732, Node: 1086.533637, Link: 723.926624, Spread: 0.946987
Epoch 270/600, Total: 1810.637133, Node: 1086.612489, Link: 724.015206, Spread: 0.943049
Epoch 271/600, Total: 1810.814187, Node: 1086.697548, Link: 724.107243, Spread: 0.938806
Epoch 272/600, Total: 1810.996256, Node: 1086.787484, Link: 724.199420, Spread: 0.934243
Epoch 273/600, Total: 1811.176173, Node: 1086.879037, Link: 724.287853, Spread: 0.929293
Epoch 274/600, Total: 1811.346519, Node: 1086.968074, Link: 724.369209, Spread: 0.923867
Epoch 275/600, Total: 1811.504145, Node: 1087.052651, Link: 724.442316, Spread: 0.918010
Epoch 276/600, Total: 1811.651415, Node: 1087.133790, Link: 724.508505, Spread: 0.911777
Epoch 277/600, Total: 1811.790683, Node: 1087.212412, Link: 724.569222, Spread: 0.905223
Epoch 278/600, Total: 1811.922412, Node: 1087.288116, Link: 724.625303, Spread: 0.898382
Epoch 279/600, Total: 1812.027425, Node: 1087.351371, Link: 724.667134, Spread: 0.891174
Epoch 280/600, Total: 1812.048289, Node: 1087.385999, Link: 724.653453, Spread: 0.883200
Epoch 281/600, Total: 1812.048216, Node: 1087.411519, Link: 724.627946, Spread: 0.874984
Epoch 282/600, Total: 1812.033050, Node: 1087.429005, Link: 724.595391, Spread: 0.866550
Epoch 283/600, Total: 1812.005257, Node: 1087.439556, Link: 724.557122, Spread: 0.857939
Epoch 284/600, Total: 1811.966646, Node: 1087.444174, Link: 724.513985, Spread: 0.849175
Epoch 285/600, Total: 1811.918708, Node: 1087.443744, Link: 724.466567, Spread: 0.840284
Epoch 286/600, Total: 1811.862637, Node: 1087.438970, Link: 724.415351, Spread: 0.831290
Epoch 287/600, Total: 1811.799405, Node: 1087.430455, Link: 724.360733, Spread: 0.822209
Epoch 288/600, Total: 1811.729764, Node: 1087.418637, Link: 724.303008, Spread: 0.813044
Epoch 289/600, Total: 1811.654474, Node: 1087.403969, Link: 724.242464, Spread: 0.803823
Epoch 290/600, Total: 1811.574140, Node: 1087.386759, Link: 724.179437, Spread: 0.794541
Epoch 291/600, Total: 1811.489172, Node: 1087.367228, Link: 724.114085, Spread: 0.785218
Epoch 292/600, Total: 1811.400054, Node: 1087.345599, Link: 724.046702, Spread: 0.775864
Epoch 293/600, Total: 1811.307148, Node: 1087.322048, Link: 723.977441, Spread: 0.766478
Epoch 294/600, Total: 1811.210831, Node: 1087.296736, Link: 723.906523, Spread: 0.757082
Epoch 295/600, Total: 1811.111447, Node: 1087.269811, Link: 723.834158, Spread: 0.747680
Epoch 296/600, Total: 1811.009283, Node: 1087.241351, Link: 723.760553, Spread: 0.738280
Epoch 297/600, Total: 1810.904687, Node: 1087.211504, Link: 723.685895, Spread: 0.728888
Epoch 298/600, Total: 1810.797923, Node: 1087.180331, Link: 723.610405, Spread: 0.719509
Epoch 299/600, Total: 1810.689314, Node: 1087.147947, Link: 723.534261, Spread: 0.710151
Epoch 300/600, Total: 1810.579036, Node: 1087.114424, Link: 723.457601, Spread: 0.700818
Epoch 301/600, Total: 1810.467518, Node: 1087.079899, Link: 723.380695, Spread: 0.691516
Epoch 302/600, Total: 1810.354937, Node: 1087.044431, Link: 723.303690, Spread: 0.682247
Epoch 303/600, Total: 1810.241626, Node: 1087.008116, Link: 723.226774, Spread: 0.673019
Epoch 304/600, Total: 1810.127716, Node: 1086.971020, Link: 723.150048, Spread: 0.663837
Epoch 305/600, Total: 1810.013504, Node: 1086.933218, Link: 723.073725, Spread: 0.654709
Epoch 306/600, Total: 1809.899246, Node: 1086.894824, Link: 722.997967, Spread: 0.645637
Epoch 307/600, Total: 1809.785164, Node: 1086.855930, Link: 722.922877, Spread: 0.636623
Epoch 308/600, Total: 1809.671340, Node: 1086.816523, Link: 722.848544, Spread: 0.627675
Epoch 309/600, Total: 1809.558147, Node: 1086.776798, Link: 722.775155, Spread: 0.618788
Epoch 310/600, Total: 1809.445621, Node: 1086.736760, Link: 722.702759, Spread: 0.609972
Epoch 311/600, Total: 1809.333854, Node: 1086.696447, Link: 722.631401, Spread: 0.601229
Epoch 312/600, Total: 1809.223168, Node: 1086.655980, Link: 722.561270, Spread: 0.592565
Epoch 313/600, Total: 1809.113593, Node: 1086.615422, Link: 722.492331, Spread: 0.583980
Epoch 314/600, Total: 1809.005122, Node: 1086.574782, Link: 722.424593, Spread: 0.575486
Epoch 315/600, Total: 1808.898006, Node: 1086.534179, Link: 722.358157, Spread: 0.567087
Epoch 316/600, Total: 1808.788832, Node: 1086.489866, Link: 722.293387, Spread: 0.558751
Epoch 317/600, Total: 1808.680957, Node: 1086.443813, Link: 722.231626, Spread: 0.550443
Epoch 318/600, Total: 1808.576719, Node: 1086.398814, Link: 722.172484, Spread: 0.542185
Epoch 319/600, Total: 1808.475738, Node: 1086.355059, Link: 722.115335, Spread: 0.534013
Epoch 320/600, Total: 1808.377512, Node: 1086.312370, Link: 722.059884, Spread: 0.525937
Epoch 321/600, Total: 1808.281679, Node: 1086.270570, Link: 722.005931, Spread: 0.517963
Epoch 322/600, Total: 1808.188021, Node: 1086.229552, Link: 721.953371, Spread: 0.510107
Epoch 323/600, Total: 1808.096377, Node: 1086.189300, Link: 721.902053, Spread: 0.502383
Epoch 324/600, Total: 1808.006535, Node: 1086.149751, Link: 721.851846, Spread: 0.494796
Epoch 325/600, Total: 1807.918463, Node: 1086.110890, Link: 721.802685, Spread: 0.487359
Epoch 326/600, Total: 1807.831954, Node: 1086.072675, Link: 721.754484, Spread: 0.480077
Epoch 327/600, Total: 1807.747066, Node: 1086.035137, Link: 721.707190, Spread: 0.472951
Epoch 328/600, Total: 1807.663622, Node: 1085.998243, Link: 721.660727, Spread: 0.465987
Epoch 329/600, Total: 1807.581603, Node: 1085.961990, Link: 721.615022, Spread: 0.459187
Epoch 330/600, Total: 1807.501048, Node: 1085.926414, Link: 721.570109, Spread: 0.452559
Epoch 331/600, Total: 1807.421911, Node: 1085.891501, Link: 721.525949, Spread: 0.446104
Epoch 332/600, Total: 1807.344167, Node: 1085.857255, Link: 721.482508, Spread: 0.439814
Epoch 333/600, Total: 1807.267820, Node: 1085.823716, Link: 721.439775, Spread: 0.433690
Epoch 334/600, Total: 1807.192923, Node: 1085.790884, Link: 721.397763, Spread: 0.427736
Epoch 335/600, Total: 1807.119453, Node: 1085.758790, Link: 721.356447, Spread: 0.421940
Epoch 336/600, Total: 1807.047431, Node: 1085.727453, Link: 721.315818, Spread: 0.416306
Epoch 337/600, Total: 1806.976894, Node: 1085.696881, Link: 721.275898, Spread: 0.410825
Epoch 338/600, Total: 1806.948523, Node: 1085.683669, Link: 721.260804, Spread: 0.405552
Epoch 339/600, Total: 1806.926814, Node: 1085.673577, Link: 721.249223, Spread: 0.400447
Epoch 340/600, Total: 1806.904957, Node: 1085.663669, Link: 721.237326, Spread: 0.395497
Epoch 341/600, Total: 1806.882743, Node: 1085.653794, Link: 721.225039, Spread: 0.390694
Epoch 342/600, Total: 1806.860288, Node: 1085.644056, Link: 721.212373, Spread: 0.386032
Epoch 343/600, Total: 1806.837427, Node: 1085.634375, Link: 721.199239, Spread: 0.381501
Epoch 344/600, Total: 1806.814279, Node: 1085.624830, Link: 721.185670, Spread: 0.377103
Epoch 345/600, Total: 1806.790683, Node: 1085.615365, Link: 721.171591, Spread: 0.372827
Epoch 346/600, Total: 1806.766741, Node: 1085.606025, Link: 721.157014, Spread: 0.368671
Epoch 347/600, Total: 1806.742308, Node: 1085.596778, Link: 721.141893, Spread: 0.364629
Epoch 348/600, Total: 1806.717493, Node: 1085.587628, Link: 721.126248, Spread: 0.360699
Epoch 349/600, Total: 1806.692173, Node: 1085.578559, Link: 721.110048, Spread: 0.356878
Epoch 350/600, Total: 1806.666476, Node: 1085.569598, Link: 721.093349, Spread: 0.353155
Epoch 351/600, Total: 1806.640294, Node: 1085.560768, Link: 721.076048, Spread: 0.349535
Epoch 352/600, Total: 1806.613639, Node: 1085.551967, Link: 721.058220, Spread: 0.346001
Epoch 353/600, Total: 1806.586582, Node: 1085.543312, Link: 721.039845, Spread: 0.342560
Epoch 354/600, Total: 1806.559100, Node: 1085.534722, Link: 721.020979, Spread: 0.339206
Epoch 355/600, Total: 1806.531121, Node: 1085.526214, Link: 721.001554, Spread: 0.335933
Epoch 356/600, Total: 1806.502782, Node: 1085.517797, Link: 720.981665, Spread: 0.332734
Epoch 357/600, Total: 1806.474027, Node: 1085.509430, Link: 720.961293, Spread: 0.329609
Epoch 358/600, Total: 1806.444965, Node: 1085.501194, Link: 720.940514, Spread: 0.326551
Epoch 359/600, Total: 1806.415498, Node: 1085.493009, Link: 720.919248, Spread: 0.323563
Epoch 360/600, Total: 1806.385768, Node: 1085.484905, Link: 720.897650, Spread: 0.320639
Epoch 361/600, Total: 1806.355727, Node: 1085.476851, Link: 720.875696, Spread: 0.317773
Epoch 362/600, Total: 1806.325505, Node: 1085.468906, Link: 720.853437, Spread: 0.314964
Epoch 363/600, Total: 1806.295108, Node: 1085.461047, Link: 720.830937, Spread: 0.312204
Epoch 364/600, Total: 1806.264515, Node: 1085.453228, Link: 720.808202, Spread: 0.309493
Epoch 365/600, Total: 1806.233913, Node: 1085.445503, Link: 720.785327, Spread: 0.306829
Epoch 366/600, Total: 1806.203278, Node: 1085.437869, Link: 720.762358, Spread: 0.304207
Epoch 367/600, Total: 1806.172601, Node: 1085.430310, Link: 720.739282, Spread: 0.301626
Epoch 368/600, Total: 1806.142059, Node: 1085.422811, Link: 720.716262, Spread: 0.299080
Epoch 369/600, Total: 1806.111751, Node: 1085.415457, Link: 720.693335, Spread: 0.296573
Epoch 370/600, Total: 1806.081435, Node: 1085.407664, Link: 720.670830, Spread: 0.294089
Epoch 371/600, Total: 1806.052717, Node: 1085.400295, Link: 720.649496, Spread: 0.291618
Epoch 372/600, Total: 1806.026382, Node: 1085.394323, Link: 720.629168, Spread: 0.289155
Epoch 373/600, Total: 1806.000450, Node: 1085.388554, Link: 720.609036, Spread: 0.286710
Epoch 374/600, Total: 1805.954980, Node: 1085.377177, Link: 720.574953, Spread: 0.284277
Epoch 375/600, Total: 1805.900573, Node: 1085.362197, Link: 720.535551, Spread: 0.281903
Epoch 376/600, Total: 1805.846684, Node: 1085.346666, Link: 720.497216, Spread: 0.279586
Epoch 377/600, Total: 1805.793687, Node: 1085.330863, Link: 720.460055, Spread: 0.277299
Epoch 378/600, Total: 1805.745036, Node: 1085.318197, Link: 720.424094, Spread: 0.275024
Epoch 379/600, Total: 1805.696783, Node: 1085.305944, Link: 720.388110, Spread: 0.272790
Epoch 380/600, Total: 1805.648894, Node: 1085.294055, Link: 720.352133, Spread: 0.270588
Epoch 381/600, Total: 1805.601383, Node: 1085.282520, Link: 720.316180, Spread: 0.268415
Epoch 382/600, Total: 1805.554149, Node: 1085.271289, Link: 720.280197, Spread: 0.266270
Epoch 383/600, Total: 1805.507229, Node: 1085.260317, Link: 720.244263, Spread: 0.264151
Epoch 384/600, Total: 1805.460484, Node: 1085.249563, Link: 720.208299, Spread: 0.262059
Epoch 385/600, Total: 1805.414034, Node: 1085.239033, Link: 720.172396, Spread: 0.259985
Epoch 386/600, Total: 1805.367781, Node: 1085.228656, Link: 720.136558, Spread: 0.257932
Epoch 387/600, Total: 1805.321869, Node: 1085.218481, Link: 720.100830, Spread: 0.255902
Epoch 388/600, Total: 1805.276192, Node: 1085.208494, Link: 720.065163, Spread: 0.253886
Epoch 389/600, Total: 1805.230764, Node: 1085.198611, Link: 720.029640, Spread: 0.251886
Epoch 390/600, Total: 1805.185664, Node: 1085.188878, Link: 719.994274, Spread: 0.249902
Epoch 391/600, Total: 1805.140864, Node: 1085.179293, Link: 719.959097, Spread: 0.247931
Epoch 392/600, Total: 1805.096377, Node: 1085.169839, Link: 719.924089, Spread: 0.245969
Epoch 393/600, Total: 1805.052269, Node: 1085.160532, Link: 719.889295, Spread: 0.244018
Epoch 394/600, Total: 1805.008518, Node: 1085.151324, Link: 719.854767, Spread: 0.242076
Epoch 395/600, Total: 1804.965127, Node: 1085.142253, Link: 719.820463, Spread: 0.240146
Epoch 396/600, Total: 1804.922167, Node: 1085.133352, Link: 719.786421, Spread: 0.238221
Epoch 397/600, Total: 1804.879528, Node: 1085.124522, Link: 719.752644, Spread: 0.236306
Epoch 398/600, Total: 1804.837394, Node: 1085.115848, Link: 719.719181, Spread: 0.234398
Epoch 399/600, Total: 1804.795672, Node: 1085.107308, Link: 719.686042, Spread: 0.232495
Epoch 400/600, Total: 1804.753030, Node: 1085.096742, Link: 719.653978, Spread: 0.230673
Epoch 401/600, Total: 1804.556819, Node: 1084.993634, Link: 719.560884, Spread: 0.231205
Epoch 402/600, Total: 1804.647267, Node: 1085.091972, Link: 719.553017, Spread: 0.228973
Epoch 403/600, Total: 1804.621657, Node: 1085.087569, Link: 719.531833, Spread: 0.226810
Epoch 404/600, Total: 1804.590919, Node: 1085.083308, Link: 719.505367, Spread: 0.224654
Epoch 405/600, Total: 1804.556899, Node: 1085.077975, Link: 719.476700, Spread: 0.222522
Epoch 406/600, Total: 1804.521579, Node: 1085.072076, Link: 719.447285, Spread: 0.220407
Epoch 407/600, Total: 1804.485858, Node: 1085.065843, Link: 719.417825, Spread: 0.218306
Epoch 408/600, Total: 1804.449902, Node: 1085.059299, Link: 719.388440, Spread: 0.216222
Epoch 409/600, Total: 1804.414266, Node: 1085.052720, Link: 719.359425, Spread: 0.214156
Epoch 410/600, Total: 1804.378920, Node: 1085.046116, Link: 719.330689, Spread: 0.212104
Epoch 411/600, Total: 1804.343949, Node: 1085.039529, Link: 719.302328, Spread: 0.210066
Epoch 412/600, Total: 1804.309369, Node: 1085.032960, Link: 719.274339, Spread: 0.208039
Epoch 413/600, Total: 1804.275345, Node: 1085.026520, Link: 719.246765, Spread: 0.206021
Epoch 414/600, Total: 1804.241877, Node: 1085.020220, Link: 719.219615, Spread: 0.204017
Epoch 415/600, Total: 1804.208952, Node: 1085.013994, Link: 719.192921, Spread: 0.202028
Epoch 416/600, Total: 1804.176582, Node: 1085.007931, Link: 719.166655, Spread: 0.200050
Epoch 417/600, Total: 1804.144839, Node: 1085.002013, Link: 719.140845, Spread: 0.198088
Epoch 418/600, Total: 1804.113751, Node: 1084.996271, Link: 719.115514, Spread: 0.196135
Epoch 419/600, Total: 1804.083256, Node: 1084.990708, Link: 719.090621, Spread: 0.194196
Epoch 420/600, Total: 1804.053406, Node: 1084.985301, Link: 719.066187, Spread: 0.192270
Epoch 421/600, Total: 1804.024262, Node: 1084.980077, Link: 719.042275, Spread: 0.190360
Epoch 422/600, Total: 1803.995693, Node: 1084.975011, Link: 719.018794, Spread: 0.188465
Epoch 423/600, Total: 1803.967837, Node: 1084.970160, Link: 718.995814, Spread: 0.186584
Epoch 424/600, Total: 1803.941457, Node: 1084.965742, Link: 718.973863, Spread: 0.184715
Epoch 425/600, Total: 1803.925670, Node: 1084.965084, Link: 718.958766, Spread: 0.182832
Epoch 426/600, Total: 1803.909851, Node: 1084.964349, Link: 718.943695, Spread: 0.180956
Epoch 427/600, Total: 1803.893641, Node: 1084.963005, Link: 718.928831, Spread: 0.179093
Epoch 428/600, Total: 1803.877115, Node: 1084.961145, Link: 718.914207, Spread: 0.177245
Epoch 429/600, Total: 1803.860379, Node: 1084.958913, Link: 718.899719, Spread: 0.175407
Epoch 430/600, Total: 1803.843613, Node: 1084.956370, Link: 718.885502, Spread: 0.173589
Epoch 431/600, Total: 1803.826777, Node: 1084.953566, Link: 718.871498, Spread: 0.171785
Epoch 432/600, Total: 1803.809892, Node: 1084.950509, Link: 718.857681, Spread: 0.169999
Epoch 433/600, Total: 1803.793052, Node: 1084.947314, Link: 718.844053, Spread: 0.168224
Epoch 434/600, Total: 1803.776284, Node: 1084.943979, Link: 718.830636, Spread: 0.166464
Epoch 435/600, Total: 1803.759596, Node: 1084.940447, Link: 718.817487, Spread: 0.164722
Epoch 436/600, Total: 1803.742942, Node: 1084.936838, Link: 718.804473, Spread: 0.162993
Epoch 437/600, Total: 1803.726488, Node: 1084.933119, Link: 718.791758, Spread: 0.161282
Epoch 438/600, Total: 1803.710051, Node: 1084.929304, Link: 718.779162, Spread: 0.159586
Epoch 439/600, Total: 1803.693804, Node: 1084.925441, Link: 718.766780, Spread: 0.157903
Epoch 440/600, Total: 1803.677533, Node: 1084.921384, Link: 718.754599, Spread: 0.156235
Epoch 441/600, Total: 1803.661468, Node: 1084.917344, Link: 718.742587, Spread: 0.154585
Epoch 442/600, Total: 1803.645553, Node: 1084.913218, Link: 718.730814, Spread: 0.152948
Epoch 443/600, Total: 1803.629698, Node: 1084.909032, Link: 718.719152, Spread: 0.151324
Epoch 444/600, Total: 1803.613944, Node: 1084.904771, Link: 718.707676, Spread: 0.149709
Epoch 445/600, Total: 1803.589654, Node: 1084.896247, Link: 718.691930, Spread: 0.148110
Epoch 446/600, Total: 1803.559062, Node: 1084.884325, Link: 718.673269, Spread: 0.146522
Epoch 447/600, Total: 1803.528954, Node: 1084.872323, Link: 718.655167, Spread: 0.144945
Epoch 448/600, Total: 1803.499268, Node: 1084.860407, Link: 718.637433, Spread: 0.143383
Epoch 449/600, Total: 1803.469948, Node: 1084.848558, Link: 718.619998, Spread: 0.141831
Epoch 450/600, Total: 1803.441083, Node: 1084.836811, Link: 718.602882, Spread: 0.140292
Epoch 451/600, Total: 1803.412470, Node: 1084.825126, Link: 718.585979, Spread: 0.138765
Epoch 452/600, Total: 1803.384435, Node: 1084.813576, Link: 718.569478, Spread: 0.137248
Epoch 453/600, Total: 1803.356608, Node: 1084.802062, Link: 718.553184, Spread: 0.135744
Epoch 454/600, Total: 1803.329247, Node: 1084.790719, Link: 718.537183, Spread: 0.134253
Epoch 455/600, Total: 1803.302195, Node: 1084.779426, Link: 718.521437, Spread: 0.132772
Epoch 456/600, Total: 1803.275550, Node: 1084.768244, Link: 718.505979, Spread: 0.131303
Epoch 457/600, Total: 1803.249259, Node: 1084.757188, Link: 718.490754, Spread: 0.129847
Epoch 458/600, Total: 1803.223272, Node: 1084.746183, Link: 718.475794, Spread: 0.128401
Epoch 459/600, Total: 1803.197589, Node: 1084.735293, Link: 718.461021, Spread: 0.126963
Epoch 460/600, Total: 1803.172209, Node: 1084.724465, Link: 718.446473, Spread: 0.125536
Epoch 461/600, Total: 1803.147281, Node: 1084.713770, Link: 718.432259, Spread: 0.124123
Epoch 462/600, Total: 1803.123725, Node: 1084.704590, Link: 718.417906, Spread: 0.122721
Epoch 463/600, Total: 1803.101381, Node: 1084.695329, Link: 718.404837, Spread: 0.121332
Epoch 464/600, Total: 1803.079305, Node: 1084.686095, Link: 718.392015, Spread: 0.119953
Epoch 465/600, Total: 1803.057553, Node: 1084.676920, Link: 718.379453, Spread: 0.118587
Epoch 466/600, Total: 1803.036021, Node: 1084.667782, Link: 718.367084, Spread: 0.117235
Epoch 467/600, Total: 1803.014869, Node: 1084.658705, Link: 718.355028, Spread: 0.115896
Epoch 468/600, Total: 1802.993956, Node: 1084.649678, Link: 718.343137, Spread: 0.114567
Epoch 469/600, Total: 1802.973340, Node: 1084.640722, Link: 718.331490, Spread: 0.113249
Epoch 470/600, Total: 1802.952996, Node: 1084.631858, Link: 718.320019, Spread: 0.111946
Epoch 471/600, Total: 1802.932863, Node: 1084.623026, Link: 718.308727, Spread: 0.110655
Epoch 472/600, Total: 1802.912941, Node: 1084.614252, Link: 718.297587, Spread: 0.109374
Epoch 473/600, Total: 1802.893357, Node: 1084.605581, Link: 718.286691, Spread: 0.108107
Epoch 474/600, Total: 1802.873970, Node: 1084.596981, Link: 718.275914, Spread: 0.106853
Epoch 475/600, Total: 1802.854754, Node: 1084.588396, Link: 718.265293, Spread: 0.105613
Epoch 476/600, Total: 1802.835860, Node: 1084.579919, Link: 718.254880, Spread: 0.104385
Epoch 477/600, Total: 1802.817166, Node: 1084.571513, Link: 718.244619, Spread: 0.103171
Epoch 478/600, Total: 1802.798586, Node: 1084.563157, Link: 718.234415, Spread: 0.101970
Epoch 479/600, Total: 1802.780420, Node: 1084.554908, Link: 718.224509, Spread: 0.100783
Epoch 480/600, Total: 1802.762332, Node: 1084.546708, Link: 718.214620, Spread: 0.099610
Epoch 481/600, Total: 1802.744517, Node: 1084.538593, Link: 718.204948, Spread: 0.098450
Epoch 482/600, Total: 1802.726816, Node: 1084.530493, Link: 718.195368, Spread: 0.097303
Epoch 483/600, Total: 1802.709420, Node: 1084.522502, Link: 718.185953, Spread: 0.096172
Epoch 484/600, Total: 1802.692204, Node: 1084.514607, Link: 718.176664, Spread: 0.095056
Epoch 485/600, Total: 1802.675198, Node: 1084.506754, Link: 718.167506, Spread: 0.093957
Epoch 486/600, Total: 1802.658303, Node: 1084.498948, Link: 718.158429, Spread: 0.092871
Epoch 487/600, Total: 1802.641619, Node: 1084.491215, Link: 718.149495, Spread: 0.091802
Epoch 488/600, Total: 1802.625191, Node: 1084.483573, Link: 718.140719, Spread: 0.090745
Epoch 489/600, Total: 1802.608928, Node: 1084.475998, Link: 718.132036, Spread: 0.089705
Epoch 490/600, Total: 1802.592819, Node: 1084.468493, Link: 718.123439, Spread: 0.088682
Epoch 491/600, Total: 1802.576873, Node: 1084.461015, Link: 718.114993, Spread: 0.087675
Epoch 492/600, Total: 1802.561142, Node: 1084.453614, Link: 718.106669, Spread: 0.086686
Epoch 493/600, Total: 1802.545597, Node: 1084.446301, Link: 718.098439, Spread: 0.085711
Epoch 494/600, Total: 1802.481649, Node: 1084.413702, Link: 718.067101, Spread: 0.084774
Epoch 495/600, Total: 1802.509330, Node: 1084.429292, Link: 718.079211, Spread: 0.083823
Epoch 496/600, Total: 1802.498410, Node: 1084.424136, Link: 718.073454, Spread: 0.082888
Epoch 497/600, Total: 1802.484521, Node: 1084.417488, Link: 718.066216, Spread: 0.081976
Epoch 498/600, Total: 1802.469847, Node: 1084.410451, Link: 718.058596, Spread: 0.081083
Epoch 499/600, Total: 1802.455380, Node: 1084.403527, Link: 718.051045, Spread: 0.080208
Epoch 500/600, Total: 1802.440997, Node: 1084.396652, Link: 718.043550, Spread: 0.079351
Epoch 501/600, Total: 1802.426621, Node: 1084.389783, Link: 718.036047, Spread: 0.078512
Epoch 502/600, Total: 1802.412473, Node: 1084.382988, Link: 718.028697, Spread: 0.077690
Epoch 503/600, Total: 1802.398474, Node: 1084.376295, Link: 718.021405, Spread: 0.076885
Epoch 504/600, Total: 1802.384645, Node: 1084.369653, Link: 718.014226, Spread: 0.076096
Epoch 505/600, Total: 1802.370861, Node: 1084.363057, Link: 718.007056, Spread: 0.075325
Epoch 506/600, Total: 1802.357386, Node: 1084.356545, Link: 718.000098, Spread: 0.074572
Epoch 507/600, Total: 1802.343880, Node: 1084.350028, Link: 717.993119, Spread: 0.073835
Epoch 508/600, Total: 1802.330589, Node: 1084.343633, Link: 717.986225, Spread: 0.073114
Epoch 509/600, Total: 1802.317365, Node: 1084.337246, Link: 717.979396, Spread: 0.072412
Epoch 510/600, Total: 1802.304459, Node: 1084.330984, Link: 717.972767, Spread: 0.071726
Epoch 511/600, Total: 1802.291494, Node: 1084.324718, Link: 717.966072, Spread: 0.071057
Epoch 512/600, Total: 1802.278776, Node: 1084.318528, Link: 717.959556, Spread: 0.070406
Epoch 513/600, Total: 1802.266073, Node: 1084.312368, Link: 717.953008, Spread: 0.069772
Epoch 514/600, Total: 1802.253649, Node: 1084.306315, Link: 717.946635, Spread: 0.069154
Epoch 515/600, Total: 1802.241217, Node: 1084.300285, Link: 717.940241, Spread: 0.068553
Epoch 516/600, Total: 1802.228965, Node: 1084.294301, Link: 717.933975, Spread: 0.067969
Epoch 517/600, Total: 1802.216742, Node: 1084.288356, Link: 717.927716, Spread: 0.067403
Epoch 518/600, Total: 1802.204734, Node: 1084.282495, Link: 717.921566, Spread: 0.066851
Epoch 519/600, Total: 1802.192883, Node: 1084.276717, Link: 717.915498, Spread: 0.066316
Epoch 520/600, Total: 1802.181052, Node: 1084.270932, Link: 717.909454, Spread: 0.065798
Epoch 521/600, Total: 1802.169343, Node: 1084.265201, Link: 717.903493, Spread: 0.065296
Epoch 522/600, Total: 1802.157759, Node: 1084.259538, Link: 717.897575, Spread: 0.064809
Epoch 523/600, Total: 1802.146298, Node: 1084.253959, Link: 717.891697, Spread: 0.064339
Epoch 524/600, Total: 1802.134906, Node: 1084.248345, Link: 717.885913, Spread: 0.063885
Epoch 525/600, Total: 1802.123575, Node: 1084.242826, Link: 717.880113, Spread: 0.063448
Epoch 526/600, Total: 1802.112396, Node: 1084.237336, Link: 717.874440, Spread: 0.063026
Epoch 527/600, Total: 1802.101384, Node: 1084.231945, Link: 717.868817, Spread: 0.062619
Epoch 528/600, Total: 1802.090383, Node: 1084.226539, Link: 717.863218, Spread: 0.062227
Epoch 529/600, Total: 1802.079439, Node: 1084.221178, Link: 717.857635, Spread: 0.061851
Epoch 530/600, Total: 1802.068575, Node: 1084.215858, Link: 717.852100, Spread: 0.061491
Epoch 531/600, Total: 1802.057778, Node: 1084.210569, Link: 717.846588, Spread: 0.061146
Epoch 532/600, Total: 1802.047135, Node: 1084.205350, Link: 717.841183, Spread: 0.060816
Epoch 533/600, Total: 1802.036529, Node: 1084.200134, Link: 717.835786, Spread: 0.060500
Epoch 534/600, Total: 1802.025982, Node: 1084.194961, Link: 717.830429, Spread: 0.060200
Epoch 535/600, Total: 1802.015431, Node: 1084.189820, Link: 717.825021, Spread: 0.059914
Epoch 536/600, Total: 1802.004989, Node: 1084.184669, Link: 717.819715, Spread: 0.059643
Epoch 537/600, Total: 1801.994501, Node: 1084.179535, Link: 717.814369, Spread: 0.059387
Epoch 538/600, Total: 1801.984153, Node: 1084.174465, Link: 717.809090, Spread: 0.059147
Epoch 539/600, Total: 1801.973760, Node: 1084.169363, Link: 717.803805, Spread: 0.058922
Epoch 540/600, Total: 1801.963531, Node: 1084.164361, Link: 717.798571, Spread: 0.058712
Epoch 541/600, Total: 1801.953238, Node: 1084.159345, Link: 717.793300, Spread: 0.058514
Epoch 542/600, Total: 1801.943004, Node: 1084.154327, Link: 717.788103, Spread: 0.058332
Epoch 543/600, Total: 1801.932930, Node: 1084.149395, Link: 717.782952, Spread: 0.058164
Epoch 544/600, Total: 1801.922839, Node: 1084.144476, Link: 717.777785, Spread: 0.058010
Epoch 545/600, Total: 1801.912871, Node: 1084.139590, Link: 717.772705, Spread: 0.057870
Epoch 546/600, Total: 1801.902964, Node: 1084.134749, Link: 717.767647, Spread: 0.057744
Epoch 547/600, Total: 1801.893220, Node: 1084.130003, Link: 717.762643, Spread: 0.057632
Epoch 548/600, Total: 1801.883690, Node: 1084.125323, Link: 717.757795, Spread: 0.057532
Epoch 549/600, Total: 1801.873999, Node: 1084.120600, Link: 717.752814, Spread: 0.057446
Epoch 550/600, Total: 1801.864674, Node: 1084.116025, Link: 717.748067, Spread: 0.057373
Epoch 551/600, Total: 1801.855315, Node: 1084.111459, Link: 717.743274, Spread: 0.057314
Epoch 552/600, Total: 1801.846099, Node: 1084.106974, Link: 717.738543, Spread: 0.057267
Epoch 553/600, Total: 1801.836977, Node: 1084.102537, Link: 717.733873, Spread: 0.057232
Epoch 554/600, Total: 1801.828013, Node: 1084.098145, Link: 717.729290, Spread: 0.057211
Epoch 555/600, Total: 1801.819138, Node: 1084.093825, Link: 717.724747, Spread: 0.057202
Epoch 556/600, Total: 1801.810321, Node: 1084.089533, Link: 717.720224, Spread: 0.057205
Epoch 557/600, Total: 1801.801685, Node: 1084.085321, Link: 717.715789, Spread: 0.057221
Epoch 558/600, Total: 1801.793053, Node: 1084.081123, Link: 717.711362, Spread: 0.057248
Epoch 559/600, Total: 1801.784634, Node: 1084.077021, Link: 717.707042, Spread: 0.057287
Epoch 560/600, Total: 1801.776115, Node: 1084.072868, Link: 717.702685, Spread: 0.057340
Epoch 561/600, Total: 1801.767797, Node: 1084.068851, Link: 717.698374, Spread: 0.057404
Epoch 562/600, Total: 1801.759528, Node: 1084.064808, Link: 717.694149, Spread: 0.057479
Epoch 563/600, Total: 1801.751261, Node: 1084.060819, Link: 717.689862, Spread: 0.057565
Epoch 564/600, Total: 1801.743205, Node: 1084.056880, Link: 717.685756, Spread: 0.057662
Epoch 565/600, Total: 1801.735191, Node: 1084.052994, Link: 717.681618, Spread: 0.057771
Epoch 566/600, Total: 1801.727135, Node: 1084.049111, Link: 717.677441, Spread: 0.057892
Epoch 567/600, Total: 1801.719212, Node: 1084.045259, Link: 717.673373, Spread: 0.058023
Epoch 568/600, Total: 1801.711334, Node: 1084.041468, Link: 717.669279, Spread: 0.058166
Epoch 569/600, Total: 1801.703550, Node: 1084.037675, Link: 717.665287, Spread: 0.058319
Epoch 570/600, Total: 1801.695753, Node: 1084.033898, Link: 717.661278, Spread: 0.058484
Epoch 571/600, Total: 1801.688103, Node: 1084.030195, Link: 717.657324, Spread: 0.058658
Epoch 572/600, Total: 1801.680454, Node: 1084.026541, Link: 717.653337, Spread: 0.058844
Epoch 573/600, Total: 1801.672765, Node: 1084.022810, Link: 717.649381, Spread: 0.059039
Epoch 574/600, Total: 1801.665262, Node: 1084.019197, Link: 717.645492, Spread: 0.059243
Epoch 575/600, Total: 1801.657829, Node: 1084.015596, Link: 717.641638, Spread: 0.059459
Epoch 576/600, Total: 1801.650371, Node: 1084.012001, Link: 717.637793, Spread: 0.059686
Epoch 577/600, Total: 1801.643014, Node: 1084.008460, Link: 717.633954, Spread: 0.059921
Epoch 578/600, Total: 1801.635683, Node: 1084.004918, Link: 717.630162, Spread: 0.060166
Epoch 579/600, Total: 1801.628345, Node: 1084.001384, Link: 717.626361, Spread: 0.060422
Epoch 580/600, Total: 1801.621086, Node: 1083.997881, Link: 717.622608, Spread: 0.060687
Epoch 581/600, Total: 1801.613930, Node: 1083.994434, Link: 717.618875, Spread: 0.060962
Epoch 582/600, Total: 1801.606709, Node: 1083.990988, Link: 717.615111, Spread: 0.061246
Epoch 583/600, Total: 1801.599623, Node: 1083.987563, Link: 717.611437, Spread: 0.061541
Epoch 584/600, Total: 1801.592502, Node: 1083.984134, Link: 717.607743, Spread: 0.061843
Epoch 585/600, Total: 1801.585523, Node: 1083.980783, Link: 717.604112, Spread: 0.062154
Epoch 586/600, Total: 1801.578470, Node: 1083.977402, Link: 717.600435, Spread: 0.062476
Epoch 587/600, Total: 1801.571569, Node: 1083.974079, Link: 717.596859, Spread: 0.062806
Epoch 588/600, Total: 1801.564611, Node: 1083.970755, Link: 717.593218, Spread: 0.063145
Epoch 589/600, Total: 1801.557809, Node: 1083.967468, Link: 717.589697, Spread: 0.063493
Epoch 590/600, Total: 1801.550915, Node: 1083.964151, Link: 717.586127, Spread: 0.063850
Epoch 591/600, Total: 1801.544108, Node: 1083.960919, Link: 717.582546, Spread: 0.064215
Epoch 592/600, Total: 1801.537375, Node: 1083.957660, Link: 717.579071, Spread: 0.064590
Epoch 593/600, Total: 1801.530639, Node: 1083.954431, Link: 717.575558, Spread: 0.064973
Epoch 594/600, Total: 1801.523823, Node: 1083.951204, Link: 717.571966, Spread: 0.065365
Epoch 595/600, Total: 1801.517202, Node: 1083.948000, Link: 717.568545, Spread: 0.065765
Epoch 596/600, Total: 1801.510647, Node: 1083.944866, Link: 717.565109, Spread: 0.066173
Epoch 597/600, Total: 1801.503924, Node: 1083.941654, Link: 717.561603, Spread: 0.066589
Epoch 598/600, Total: 1801.497275, Node: 1083.938475, Link: 717.558110, Spread: 0.067013
Epoch 599/600, Total: 1801.490723, Node: 1083.935347, Link: 717.554702, Spread: 0.067446
Epoch 600/600, Total: 1801.484196, Node: 1083.932201, Link: 717.551312, Spread: 0.067886
Saved sweep result to: /homes/dameyer/ml-for-wdn-project-4/results/aggregated/gnn_training_sweep/net1_buffer=5_rollout=5_seed=42.json
Table value: 1083.932201
