Filter:    ekf
Job:       240772
Array ID:  24
Seed:      66
Host:      assistant-3.GPU.CIT-EC.NET
Dataset:   hanoi

Running Hanoi GNN EKF: 24 sensor counts × 1 sensor placements
2 sensors/type: 1.0539 ± 0.2829
3 sensors/type: 1.0614 ± 0.2673
4 sensors/type: 1.0732 ± 0.2671
5 sensors/type: 1.0013 ± 0.2467
6 sensors/type: 0.9906 ± 0.2667
7 sensors/type: 0.9704 ± 0.2516
8 sensors/type: 1.0064 ± 0.2764
9 sensors/type: 0.9579 ± 0.2775
10 sensors/type: 1.0113 ± 0.2849
11 sensors/type: 0.9318 ± 0.2698
12 sensors/type: 0.9742 ± 0.2669
13 sensors/type: 0.9500 ± 0.2790
14 sensors/type: 0.9720 ± 0.2680
15 sensors/type: 0.8968 ± 0.2570
16 sensors/type: 0.9014 ± 0.2457
17 sensors/type: 0.9021 ± 0.2706
18 sensors/type: 0.9083 ± 0.2763
19 sensors/type: 0.9020 ± 0.2638
20 sensors/type: 0.8826 ± 0.2632
21 sensors/type: 0.8521 ± 0.2400
22 sensors/type: 0.8642 ± 0.2576
23 sensors/type: 0.8802 ± 0.2582
24 sensors/type: 0.8547 ± 0.2577
25 sensors/type: 0.8558 ± 0.2534
Saved gnn EKF result to: /homes/dameyer/ml-for-wdn-project-4/results/aggregated/hanoi_gnn_ekf_n_iters=1_seed=66.npz
