================================
GNN training sweep
Job ID: 242669
Task ID: 5
Buffer size: 1
Rollout length: 25
================================
Running GNN sweep: dataset=Net1, buffer=1, rollout=25
Epoch 1/600, Total: 5124.558800, Node: 1736.990402, Link: 3387.568484, Spread: 0.000000
Epoch 2/600, Total: 2292.631626, Node: 1315.318865, Link: 977.312754, Spread: 0.000000
Epoch 3/600, Total: 2017.906796, Node: 1273.276389, Link: 744.630409, Spread: 0.000000
Epoch 4/600, Total: 1985.398327, Node: 1248.309639, Link: 737.088721, Spread: 0.000000
Epoch 5/600, Total: 1958.782455, Node: 1223.685375, Link: 735.097032, Spread: 0.000000
Epoch 6/600, Total: 1913.410534, Node: 1180.371041, Link: 733.039479, Spread: 0.000000
Epoch 7/600, Total: 1881.500576, Node: 1151.445495, Link: 730.055069, Spread: 0.000000
Epoch 8/600, Total: 1857.736143, Node: 1132.034070, Link: 725.702067, Spread: 0.000000
Epoch 9/600, Total: 1844.672546, Node: 1115.774972, Link: 728.897568, Spread: 0.000000
Epoch 10/600, Total: 1823.605244, Node: 1101.091826, Link: 722.513418, Spread: 0.000000
Epoch 11/600, Total: 1819.087767, Node: 1095.388538, Link: 723.699220, Spread: 0.000000
Epoch 12/600, Total: 1799.774530, Node: 1078.555329, Link: 721.219226, Spread: 0.000000
Epoch 13/600, Total: 1814.414877, Node: 1088.849186, Link: 725.565734, Spread: 0.000000
Epoch 14/600, Total: 1782.234589, Node: 1058.292525, Link: 723.942057, Spread: 0.000000
Epoch 15/600, Total: 1764.331936, Node: 1044.046248, Link: 720.285692, Spread: 0.000000
Epoch 16/600, Total: 1763.394335, Node: 1040.528196, Link: 722.866117, Spread: 0.000000
Epoch 17/600, Total: 1760.144781, Node: 1036.742169, Link: 723.402618, Spread: 0.000000
Epoch 18/600, Total: 1755.608978, Node: 1036.199987, Link: 719.408965, Spread: 0.000000
Epoch 19/600, Total: 1745.828045, Node: 1029.606000, Link: 716.222032, Spread: 0.000000
Epoch 20/600, Total: 1743.945057, Node: 1023.837192, Link: 720.107863, Spread: 0.000000
Epoch 21/600, Total: 1741.044847, Node: 1021.961550, Link: 719.083308, Spread: 0.000000
Epoch 22/600, Total: 1736.558485, Node: 1018.885163, Link: 717.673315, Spread: 0.000000
Epoch 23/600, Total: 1735.721832, Node: 1017.812063, Link: 717.909782, Spread: 0.000000
Epoch 24/600, Total: 1733.275986, Node: 1013.188944, Link: 720.087049, Spread: 0.000000
Epoch 25/600, Total: 1734.902950, Node: 1013.618439, Link: 721.284470, Spread: 0.000000
Epoch 26/600, Total: 1727.474155, Node: 1012.017463, Link: 715.456679, Spread: 0.000000
Epoch 27/600, Total: 1732.882250, Node: 1011.931849, Link: 720.950441, Spread: 0.000000
Epoch 28/600, Total: 1734.204399, Node: 1013.448003, Link: 720.756388, Spread: 0.000000
Epoch 29/600, Total: 1723.649639, Node: 1007.804951, Link: 715.844678, Spread: 0.000000
Epoch 30/600, Total: 1729.905724, Node: 1013.550312, Link: 716.355457, Spread: 0.000000
Epoch 31/600, Total: 1721.750610, Node: 1000.899895, Link: 720.850712, Spread: 0.000000
Epoch 32/600, Total: 1730.478395, Node: 1000.572532, Link: 729.905855, Spread: 0.000000
Epoch 33/600, Total: 1714.630421, Node: 1002.333873, Link: 712.296594, Spread: 0.000000
Epoch 34/600, Total: 1725.849314, Node: 1002.055226, Link: 723.794112, Spread: 0.000000
Epoch 35/600, Total: 1717.979868, Node: 1000.462213, Link: 717.517647, Spread: 0.000000
Epoch 36/600, Total: 1707.763842, Node: 990.089526, Link: 717.674301, Spread: 0.000000
Epoch 37/600, Total: 1713.858665, Node: 991.381448, Link: 722.477242, Spread: 0.000000
Epoch 38/600, Total: 1711.167162, Node: 996.748560, Link: 714.418578, Spread: 0.000000
Epoch 39/600, Total: 1704.311584, Node: 986.347983, Link: 717.963607, Spread: 0.000000
Epoch 40/600, Total: 1713.270971, Node: 989.782835, Link: 723.488090, Spread: 0.000000
Epoch 41/600, Total: 1705.574724, Node: 991.892944, Link: 713.681796, Spread: 0.000000
Epoch 42/600, Total: 1705.373381, Node: 987.407745, Link: 717.965647, Spread: 0.000000
Epoch 43/600, Total: 1707.079754, Node: 986.157216, Link: 720.922534, Spread: 0.000000
Epoch 44/600, Total: 1703.789087, Node: 983.984333, Link: 719.804758, Spread: 0.000000
Epoch 45/600, Total: 1698.411877, Node: 984.880964, Link: 713.530892, Spread: 0.000000
Epoch 46/600, Total: 1698.148754, Node: 978.962441, Link: 719.186329, Spread: 0.000000
Epoch 47/600, Total: 1698.276075, Node: 978.924542, Link: 719.351533, Spread: 0.000000
Epoch 48/600, Total: 1698.752083, Node: 983.446602, Link: 715.305460, Spread: 0.000000
Epoch 49/600, Total: 1698.542139, Node: 981.750669, Link: 716.791461, Spread: 0.000000
Epoch 50/600, Total: 1694.137131, Node: 975.879360, Link: 718.257738, Spread: 0.000000
Epoch 51/600, Total: 1694.993292, Node: 974.340136, Link: 720.653139, Spread: 0.000000
Epoch 52/600, Total: 1693.739729, Node: 979.344406, Link: 714.395351, Spread: 0.000000
Epoch 53/600, Total: 1691.255894, Node: 972.875161, Link: 718.380757, Spread: 0.000000
Epoch 54/600, Total: 1692.894218, Node: 973.390221, Link: 719.503975, Spread: 0.000000
Epoch 55/600, Total: 1694.345587, Node: 974.974163, Link: 719.371432, Spread: 0.000000
Epoch 56/600, Total: 1689.678013, Node: 969.260437, Link: 720.417558, Spread: 0.000000
Epoch 57/600, Total: 1688.828142, Node: 974.457363, Link: 714.370782, Spread: 0.000000
Epoch 58/600, Total: 1690.964285, Node: 972.898104, Link: 718.066171, Spread: 0.000000
Epoch 59/600, Total: 1692.374825, Node: 969.437330, Link: 722.937508, Spread: 0.000000
Epoch 60/600, Total: 1691.887484, Node: 974.504602, Link: 717.382888, Spread: 0.000000
Epoch 61/600, Total: 1682.476688, Node: 968.327450, Link: 714.149182, Spread: 0.000000
Epoch 62/600, Total: 1693.282640, Node: 973.594566, Link: 719.688088, Spread: 0.000000
Epoch 63/600, Total: 1678.250820, Node: 963.532578, Link: 714.718240, Spread: 0.000000
Epoch 64/600, Total: 1678.463015, Node: 967.980695, Link: 710.482326, Spread: 0.000000
Epoch 65/600, Total: 1678.737518, Node: 962.901588, Link: 715.835956, Spread: 0.000000
Epoch 66/600, Total: 1680.212915, Node: 966.126890, Link: 714.086041, Spread: 0.000000
Epoch 67/600, Total: 1678.070923, Node: 969.101278, Link: 708.969658, Spread: 0.000000
Epoch 68/600, Total: 1675.966854, Node: 971.506789, Link: 704.460051, Spread: 0.000000
Epoch 69/600, Total: 1672.605848, Node: 966.879403, Link: 705.726426, Spread: 0.000000
Epoch 70/600, Total: 1668.366293, Node: 969.558545, Link: 698.807706, Spread: 0.000000
Epoch 71/600, Total: 1672.337975, Node: 969.518823, Link: 702.819175, Spread: 0.000000
Epoch 72/600, Total: 1670.713886, Node: 971.793237, Link: 698.920656, Spread: 0.000000
Epoch 73/600, Total: 1665.571550, Node: 964.986553, Link: 700.585019, Spread: 0.000000
Epoch 74/600, Total: 1663.625889, Node: 969.255024, Link: 694.370849, Spread: 0.000000
Epoch 75/600, Total: 1662.183414, Node: 963.876477, Link: 698.306880, Spread: 0.000000
Epoch 76/600, Total: 1663.503513, Node: 970.279335, Link: 693.224179, Spread: 0.000000
Epoch 77/600, Total: 1665.040409, Node: 971.324400, Link: 693.716038, Spread: 0.000000
Epoch 78/600, Total: 1663.056757, Node: 970.851321, Link: 692.205434, Spread: 0.000000
Epoch 79/600, Total: 1655.480936, Node: 962.474026, Link: 693.006910, Spread: 0.000000
Epoch 80/600, Total: 1663.857662, Node: 979.189798, Link: 684.667853, Spread: 0.000000
Epoch 81/600, Total: 1670.053442, Node: 992.915747, Link: 677.137682, Spread: 0.000000
Epoch 82/600, Total: 1647.949812, Node: 982.000089, Link: 665.949719, Spread: 0.000000
Epoch 83/600, Total: 1653.431211, Node: 983.415512, Link: 670.015695, Spread: 0.000000
Epoch 84/600, Total: 1656.785595, Node: 975.718096, Link: 681.067511, Spread: 0.000000
Epoch 85/600, Total: 1671.803579, Node: 992.560287, Link: 679.243281, Spread: 0.000000
Epoch 86/600, Total: 1668.440910, Node: 998.384548, Link: 670.056325, Spread: 0.000000
Epoch 87/600, Total: 1674.751846, Node: 1001.001613, Link: 673.750241, Spread: 0.000000
Epoch 88/600, Total: 1679.652437, Node: 999.826638, Link: 679.825827, Spread: 0.000000
Epoch 89/600, Total: 1640.922333, Node: 964.440910, Link: 676.481441, Spread: 0.000000
Epoch 90/600, Total: 1646.796062, Node: 965.252212, Link: 681.543847, Spread: 0.000000
Epoch 91/600, Total: 1660.948427, Node: 976.612467, Link: 684.335950, Spread: 0.000000
Epoch 92/600, Total: 1658.792065, Node: 991.168940, Link: 667.623124, Spread: 0.000000
Epoch 93/600, Total: 1661.977966, Node: 984.879429, Link: 677.098514, Spread: 0.000000
Epoch 94/600, Total: 1638.853111, Node: 965.882590, Link: 672.970507, Spread: 0.000000
Epoch 95/600, Total: 1648.394470, Node: 960.752801, Link: 687.641690, Spread: 0.000000
Epoch 96/600, Total: 1635.833130, Node: 960.838378, Link: 674.994739, Spread: 0.000000
Epoch 97/600, Total: 1634.569155, Node: 964.614404, Link: 669.954723, Spread: 0.000000
Epoch 98/600, Total: 1641.001429, Node: 962.983088, Link: 678.018351, Spread: 0.000000
Epoch 99/600, Total: 1639.377373, Node: 968.196229, Link: 671.181159, Spread: 0.000000
Epoch 100/600, Total: 1651.224573, Node: 990.949160, Link: 660.275424, Spread: 0.000000
Epoch 101/600, Total: 1650.805975, Node: 977.331185, Link: 673.474795, Spread: 0.000000
Epoch 102/600, Total: 1640.587339, Node: 980.546208, Link: 660.041139, Spread: 0.000000
Epoch 103/600, Total: 1636.302986, Node: 965.525869, Link: 670.777141, Spread: 0.000000
Epoch 104/600, Total: 1638.880005, Node: 964.289382, Link: 674.590613, Spread: 0.000000
Epoch 105/600, Total: 1658.596338, Node: 994.036114, Link: 664.560231, Spread: 0.000000
Epoch 106/600, Total: 1640.855080, Node: 983.977480, Link: 656.877589, Spread: 0.000000
Epoch 107/600, Total: 1634.866617, Node: 963.657543, Link: 671.209078, Spread: 0.000000
Epoch 108/600, Total: 1638.864639, Node: 975.175975, Link: 663.688647, Spread: 0.000000
Epoch 109/600, Total: 1630.861225, Node: 960.520074, Link: 670.341128, Spread: 0.000000
Epoch 110/600, Total: 1631.283390, Node: 967.632557, Link: 663.650845, Spread: 0.000000
Epoch 111/600, Total: 1628.989183, Node: 970.323114, Link: 658.666047, Spread: 0.000000
Epoch 112/600, Total: 1647.015640, Node: 991.154081, Link: 655.861569, Spread: 0.000000
Epoch 113/600, Total: 1646.025215, Node: 991.683496, Link: 654.341715, Spread: 0.000000
Epoch 114/600, Total: 1632.611620, Node: 976.569602, Link: 656.042002, Spread: 0.000000
Epoch 115/600, Total: 1632.212561, Node: 985.796383, Link: 646.416187, Spread: 0.000000
Epoch 116/600, Total: 1657.135342, Node: 1005.677575, Link: 651.457769, Spread: 0.000000
Epoch 117/600, Total: 1651.686783, Node: 996.518559, Link: 655.168243, Spread: 0.000000
Epoch 118/600, Total: 1636.929079, Node: 986.964124, Link: 649.964916, Spread: 0.000000
Epoch 119/600, Total: 1658.891924, Node: 1002.769992, Link: 656.121938, Spread: 0.000000
Epoch 120/600, Total: 1666.713177, Node: 1015.701267, Link: 651.011920, Spread: 0.000000
Epoch 121/600, Total: 1678.711264, Node: 1021.618440, Link: 657.092831, Spread: 0.000000
Epoch 122/600, Total: 1663.109386, Node: 1014.080890, Link: 649.028516, Spread: 0.000000
Epoch 123/600, Total: 1668.171045, Node: 1016.934305, Link: 651.236762, Spread: 0.000000
Epoch 124/600, Total: 1661.808502, Node: 1006.973608, Link: 654.834866, Spread: 0.000000
Epoch 125/600, Total: 1628.605484, Node: 977.488593, Link: 651.116914, Spread: 0.000000
Epoch 126/600, Total: 1645.910065, Node: 986.579444, Link: 659.330601, Spread: 0.000000
Epoch 127/600, Total: 1615.925037, Node: 970.223013, Link: 645.702036, Spread: 0.000000
Epoch 128/600, Total: 1626.463863, Node: 979.662981, Link: 646.800830, Spread: 0.000000
Epoch 129/600, Total: 1642.446432, Node: 991.194501, Link: 651.251913, Spread: 0.000000
Epoch 130/600, Total: 1639.247599, Node: 989.974155, Link: 649.273460, Spread: 0.000000
Epoch 131/600, Total: 1618.631157, Node: 975.548193, Link: 643.082963, Spread: 0.000000
Epoch 132/600, Total: 1660.449171, Node: 1006.841719, Link: 653.607460, Spread: 0.000000
Epoch 133/600, Total: 1645.506285, Node: 990.951845, Link: 654.554459, Spread: 0.000000
Epoch 134/600, Total: 1642.357372, Node: 987.202356, Link: 655.155006, Spread: 0.000000
Epoch 135/600, Total: 1628.359024, Node: 980.612504, Link: 647.746528, Spread: 0.000000
Epoch 136/600, Total: 1621.630421, Node: 976.573484, Link: 645.056931, Spread: 0.000000
Epoch 137/600, Total: 1632.399014, Node: 987.634616, Link: 644.764396, Spread: 0.000000
Epoch 138/600, Total: 1632.252939, Node: 990.173738, Link: 642.079200, Spread: 0.000000
Epoch 139/600, Total: 1616.210346, Node: 973.025381, Link: 643.184945, Spread: 0.000000
Epoch 140/600, Total: 1610.365137, Node: 973.615723, Link: 636.749418, Spread: 0.000000
Epoch 141/600, Total: 1652.164846, Node: 1009.747605, Link: 642.417199, Spread: 0.000000
Epoch 142/600, Total: 1634.005436, Node: 991.884942, Link: 642.120508, Spread: 0.000000
Epoch 143/600, Total: 1650.470604, Node: 995.812928, Link: 654.657675, Spread: 0.000000
Epoch 144/600, Total: 1614.780895, Node: 981.974275, Link: 632.806619, Spread: 0.000000
Epoch 145/600, Total: 1613.591198, Node: 982.030787, Link: 631.560430, Spread: 0.000000
Epoch 146/600, Total: 1612.405146, Node: 981.410189, Link: 630.994978, Spread: 0.000000
Epoch 147/600, Total: 1601.733170, Node: 970.542099, Link: 631.191083, Spread: 0.000000
Epoch 148/600, Total: 1610.137281, Node: 977.355812, Link: 632.781468, Spread: 0.000000
Epoch 149/600, Total: 1605.154362, Node: 971.150815, Link: 634.003542, Spread: 0.000000
Epoch 150/600, Total: 1608.071697, Node: 968.627285, Link: 639.444405, Spread: 0.000000
Epoch 151/600, Total: 1641.396368, Node: 994.095392, Link: 647.300981, Spread: 0.000000
Epoch 152/600, Total: 1631.898712, Node: 995.635162, Link: 636.263509, Spread: 0.000000
Epoch 153/600, Total: 1608.188055, Node: 976.994996, Link: 631.193091, Spread: 0.000000
Epoch 154/600, Total: 1605.272181, Node: 973.497926, Link: 631.774276, Spread: 0.000000
Epoch 155/600, Total: 1605.049900, Node: 973.845278, Link: 631.204615, Spread: 0.000000
Epoch 156/600, Total: 1606.874353, Node: 974.726354, Link: 632.148014, Spread: 0.000000
Epoch 157/600, Total: 1606.083824, Node: 974.320609, Link: 631.763231, Spread: 0.000000
Epoch 158/600, Total: 1606.320061, Node: 973.745656, Link: 632.574401, Spread: 0.000000
Epoch 159/600, Total: 1597.057255, Node: 966.393474, Link: 630.663769, Spread: 0.000000
Epoch 160/600, Total: 1607.014286, Node: 960.811452, Link: 646.202831, Spread: 0.000000
Epoch 161/600, Total: 1594.354582, Node: 962.906005, Link: 631.448523, Spread: 0.000000
Epoch 162/600, Total: 1604.993864, Node: 961.442035, Link: 643.551802, Spread: 0.000000
Epoch 163/600, Total: 1603.277248, Node: 955.971449, Link: 647.305771, Spread: 0.000000
Epoch 164/600, Total: 1600.260456, Node: 967.000765, Link: 633.259719, Spread: 0.000000
Epoch 165/600, Total: 1605.051485, Node: 968.036072, Link: 637.015397, Spread: 0.000000
Epoch 166/600, Total: 1606.799372, Node: 963.129906, Link: 643.669473, Spread: 0.000000
Epoch 167/600, Total: 1611.505995, Node: 970.610148, Link: 640.895862, Spread: 0.000000
Epoch 168/600, Total: 1636.616442, Node: 995.929683, Link: 640.686722, Spread: 0.000000
Epoch 169/600, Total: 1622.302090, Node: 991.952413, Link: 630.349697, Spread: 0.000000
Epoch 170/600, Total: 1634.102623, Node: 999.853106, Link: 634.249533, Spread: 0.000000
Epoch 171/600, Total: 1601.230946, Node: 972.176385, Link: 629.054554, Spread: 0.000000
Epoch 172/600, Total: 1600.455017, Node: 969.344370, Link: 631.110645, Spread: 0.000000
Epoch 173/600, Total: 1593.792088, Node: 962.418154, Link: 631.373915, Spread: 0.000000
Epoch 174/600, Total: 1574.105606, Node: 956.018499, Link: 618.087076, Spread: 0.000000
Epoch 175/600, Total: 1590.917645, Node: 960.926801, Link: 629.990835, Spread: 0.000000
Epoch 176/600, Total: 1599.346228, Node: 966.845159, Link: 632.501047, Spread: 0.000000
Epoch 177/600, Total: 1591.052992, Node: 964.198873, Link: 626.854120, Spread: 0.000000
Epoch 178/600, Total: 1597.732414, Node: 968.702360, Link: 629.030045, Spread: 0.000000
Epoch 179/600, Total: 1608.730839, Node: 977.424893, Link: 631.305923, Spread: 0.000000
Epoch 180/600, Total: 1594.942459, Node: 968.295141, Link: 626.647320, Spread: 0.000000
Epoch 181/600, Total: 1585.310186, Node: 957.935538, Link: 627.374682, Spread: 0.000000
Epoch 182/600, Total: 1571.630491, Node: 953.875260, Link: 617.755203, Spread: 0.000000
Epoch 183/600, Total: 1592.010420, Node: 962.378928, Link: 629.631492, Spread: 0.000000
Epoch 184/600, Total: 1590.719343, Node: 962.531165, Link: 628.188184, Spread: 0.000000
Epoch 185/600, Total: 1593.548109, Node: 968.660931, Link: 624.887159, Spread: 0.000000
Epoch 186/600, Total: 1596.853661, Node: 973.985106, Link: 622.868545, Spread: 0.000000
Epoch 187/600, Total: 1603.630758, Node: 977.144492, Link: 626.486293, Spread: 0.000000
Epoch 188/600, Total: 1588.375557, Node: 968.536263, Link: 619.839273, Spread: 0.000000
Epoch 189/600, Total: 1592.047262, Node: 968.317153, Link: 623.730121, Spread: 0.000000
Epoch 190/600, Total: 1610.269899, Node: 975.548087, Link: 634.721815, Spread: 0.000000
Epoch 191/600, Total: 1613.225952, Node: 986.377397, Link: 626.848529, Spread: 0.000000
Epoch 192/600, Total: 1616.661263, Node: 977.522687, Link: 639.138571, Spread: 0.000000
Epoch 193/600, Total: 1583.351295, Node: 958.083884, Link: 625.267427, Spread: 0.000000
Epoch 194/600, Total: 1601.846092, Node: 969.563689, Link: 632.282437, Spread: 0.000000
Epoch 195/600, Total: 1586.791264, Node: 967.648853, Link: 619.142414, Spread: 0.000000
Epoch 196/600, Total: 1598.770679, Node: 971.360979, Link: 627.409679, Spread: 0.000000
Epoch 197/600, Total: 1604.389271, Node: 968.740528, Link: 635.648760, Spread: 0.000000
Epoch 198/600, Total: 1604.460947, Node: 970.500785, Link: 633.960144, Spread: 0.000000
Epoch 199/600, Total: 1587.519434, Node: 965.601885, Link: 621.917581, Spread: 0.000000
Epoch 200/600, Total: 1574.063066, Node: 957.397003, Link: 616.666014, Spread: 0.000000
Epoch 201/600, Total: 1572.664358, Node: 955.165679, Link: 617.498705, Spread: 0.000000
Epoch 202/600, Total: 1580.947502, Node: 960.391454, Link: 620.556024, Spread: 0.000000
Epoch 203/600, Total: 1602.461695, Node: 971.682121, Link: 630.779600, Spread: 0.000000
Epoch 204/600, Total: 1615.960293, Node: 984.553599, Link: 631.406687, Spread: 0.000000
Epoch 205/600, Total: 1605.540293, Node: 975.784724, Link: 629.755548, Spread: 0.000000
Epoch 206/600, Total: 1584.210751, Node: 962.342941, Link: 621.867820, Spread: 0.000000
Epoch 207/600, Total: 1582.183983, Node: 963.807492, Link: 618.376484, Spread: 0.000000
Epoch 208/600, Total: 1573.592991, Node: 957.936635, Link: 615.656347, Spread: 0.000000
Epoch 209/600, Total: 1566.062405, Node: 952.198680, Link: 613.863721, Spread: 0.000000
Epoch 210/600, Total: 1564.798721, Node: 948.882359, Link: 615.916371, Spread: 0.000000
Epoch 211/600, Total: 1561.089100, Node: 948.947782, Link: 612.141290, Spread: 0.000000
Epoch 212/600, Total: 1570.363146, Node: 953.846652, Link: 616.516466, Spread: 0.000000
Epoch 213/600, Total: 1587.252333, Node: 967.529765, Link: 619.722566, Spread: 0.000000
Epoch 214/600, Total: 1604.323221, Node: 981.769506, Link: 622.553703, Spread: 0.000000
Epoch 215/600, Total: 1610.916136, Node: 982.059036, Link: 628.857086, Spread: 0.000000
Epoch 216/600, Total: 1592.756052, Node: 972.382198, Link: 620.373845, Spread: 0.000000
Epoch 217/600, Total: 1572.847813, Node: 955.207071, Link: 617.640727, Spread: 0.000000
Epoch 218/600, Total: 1586.188398, Node: 969.037200, Link: 617.151201, Spread: 0.000000
Epoch 219/600, Total: 1603.321411, Node: 980.535402, Link: 622.786000, Spread: 0.000000
Epoch 220/600, Total: 1603.052988, Node: 978.159957, Link: 624.893025, Spread: 0.000000
Epoch 221/600, Total: 1582.732180, Node: 966.129683, Link: 616.602476, Spread: 0.000000
Epoch 222/600, Total: 1611.743706, Node: 985.016842, Link: 626.726871, Spread: 0.000000
Epoch 223/600, Total: 1596.239666, Node: 971.157553, Link: 625.082109, Spread: 0.000000
Epoch 224/600, Total: 1581.728487, Node: 966.085380, Link: 615.643149, Spread: 0.000000
Epoch 225/600, Total: 1566.519035, Node: 952.068818, Link: 614.450220, Spread: 0.000000
Epoch 226/600, Total: 1567.778624, Node: 953.585436, Link: 614.193178, Spread: 0.000000
Epoch 227/600, Total: 1570.836395, Node: 958.156675, Link: 612.679713, Spread: 0.000000
Epoch 228/600, Total: 1580.119226, Node: 964.912946, Link: 615.206311, Spread: 0.000000
Epoch 229/600, Total: 1602.056585, Node: 978.814908, Link: 623.241677, Spread: 0.000000
Epoch 230/600, Total: 1613.587618, Node: 984.888080, Link: 628.699553, Spread: 0.000000
Epoch 231/600, Total: 1658.352270, Node: 1018.964555, Link: 639.387705, Spread: 0.000000
Epoch 232/600, Total: 1613.396841, Node: 990.400802, Link: 622.996042, Spread: 0.000000
Epoch 233/600, Total: 1584.996046, Node: 961.453854, Link: 623.542172, Spread: 0.000000
Epoch 234/600, Total: 1568.171093, Node: 953.018460, Link: 615.152662, Spread: 0.000000
Epoch 235/600, Total: 1569.106897, Node: 953.856609, Link: 615.250271, Spread: 0.000000
Epoch 236/600, Total: 1587.787621, Node: 960.585621, Link: 627.201982, Spread: 0.000000
Epoch 237/600, Total: 1591.521969, Node: 967.869097, Link: 623.652880, Spread: 0.000000
Epoch 238/600, Total: 1589.815662, Node: 970.393268, Link: 619.422368, Spread: 0.000000
Epoch 239/600, Total: 1564.967442, Node: 953.241914, Link: 611.725505, Spread: 0.000000
Epoch 240/600, Total: 1577.194448, Node: 959.327930, Link: 617.866518, Spread: 0.000000
Epoch 241/600, Total: 1593.406878, Node: 966.426815, Link: 626.980049, Spread: 0.000000
Epoch 242/600, Total: 1601.042084, Node: 974.787550, Link: 626.254528, Spread: 0.000000
Epoch 243/600, Total: 1644.388390, Node: 1007.145570, Link: 637.242825, Spread: 0.000000
Epoch 244/600, Total: 1575.905083, Node: 954.415086, Link: 621.490002, Spread: 0.000000
Epoch 245/600, Total: 1575.974432, Node: 952.437697, Link: 623.536745, Spread: 0.000000
Epoch 246/600, Total: 1573.021460, Node: 959.452689, Link: 613.568784, Spread: 0.000000
Epoch 247/600, Total: 1571.567703, Node: 958.168325, Link: 613.399412, Spread: 0.000000
Epoch 248/600, Total: 1575.299398, Node: 968.422902, Link: 606.876483, Spread: 0.000000
Epoch 249/600, Total: 1587.046526, Node: 966.677436, Link: 620.369050, Spread: 0.000000
Epoch 250/600, Total: 1552.893724, Node: 946.013647, Link: 606.880092, Spread: 0.000000
Epoch 251/600, Total: 1555.276237, Node: 945.645380, Link: 609.630869, Spread: 0.000000
Epoch 252/600, Total: 1577.488594, Node: 961.044753, Link: 616.443823, Spread: 0.000000
Epoch 253/600, Total: 1623.172358, Node: 996.789994, Link: 626.382397, Spread: 0.000000
Epoch 254/600, Total: 1633.964567, Node: 1005.412274, Link: 628.552306, Spread: 0.000000
Epoch 255/600, Total: 1640.173929, Node: 1006.575126, Link: 633.598781, Spread: 0.000000
Epoch 256/600, Total: 1599.196522, Node: 979.820769, Link: 619.375726, Spread: 0.000000
Epoch 257/600, Total: 1582.401718, Node: 963.267474, Link: 619.134238, Spread: 0.000000
Epoch 258/600, Total: 1571.865122, Node: 961.918104, Link: 609.946998, Spread: 0.000000
Epoch 259/600, Total: 1565.882778, Node: 957.256951, Link: 608.625792, Spread: 0.000000
Epoch 260/600, Total: 1566.308025, Node: 959.505059, Link: 606.802962, Spread: 0.000000
Epoch 261/600, Total: 1571.701729, Node: 963.638091, Link: 608.063623, Spread: 0.000000
Epoch 262/600, Total: 1582.447975, Node: 971.378652, Link: 611.069300, Spread: 0.000000
Epoch 263/600, Total: 1593.256849, Node: 982.482033, Link: 610.774824, Spread: 0.000000
Epoch 264/600, Total: 1591.855940, Node: 980.654538, Link: 611.201393, Spread: 0.000000
Epoch 265/600, Total: 1604.813505, Node: 991.008411, Link: 613.805060, Spread: 0.000000
Epoch 266/600, Total: 1606.495026, Node: 991.550560, Link: 614.944498, Spread: 0.000000
Epoch 267/600, Total: 1609.657183, Node: 993.358511, Link: 616.298682, Spread: 0.000000
Epoch 268/600, Total: 1604.338829, Node: 986.555066, Link: 617.783782, Spread: 0.000000
Epoch 269/600, Total: 1578.565868, Node: 969.198137, Link: 609.367712, Spread: 0.000000
Epoch 270/600, Total: 1577.528051, Node: 966.179401, Link: 611.348635, Spread: 0.000000
Epoch 271/600, Total: 1587.137478, Node: 976.013774, Link: 611.123687, Spread: 0.000000
Epoch 272/600, Total: 1607.825054, Node: 992.007868, Link: 615.817216, Spread: 0.000000
Epoch 273/600, Total: 1617.289764, Node: 998.910193, Link: 618.379578, Spread: 0.000000
Epoch 274/600, Total: 1617.238783, Node: 994.556702, Link: 622.682079, Spread: 0.000000
Epoch 275/600, Total: 1634.952896, Node: 1001.445255, Link: 633.507616, Spread: 0.000000
Epoch 276/600, Total: 1567.924351, Node: 961.078934, Link: 606.845397, Spread: 0.000000
Epoch 277/600, Total: 1565.537991, Node: 961.351093, Link: 604.186880, Spread: 0.000000
Epoch 278/600, Total: 1597.035667, Node: 979.572480, Link: 617.463200, Spread: 0.000000
Epoch 279/600, Total: 1566.516167, Node: 964.452490, Link: 602.063731, Spread: 0.000000
Epoch 280/600, Total: 1558.606314, Node: 954.041272, Link: 604.565043, Spread: 0.000000
Epoch 281/600, Total: 1556.936884, Node: 956.107431, Link: 600.829460, Spread: 0.000000
Epoch 282/600, Total: 1556.009790, Node: 953.443460, Link: 602.566318, Spread: 0.000000
Epoch 283/600, Total: 1556.297297, Node: 950.481272, Link: 605.816011, Spread: 0.000000
Epoch 284/600, Total: 1561.545328, Node: 954.535250, Link: 607.010092, Spread: 0.000000
Epoch 285/600, Total: 1593.377348, Node: 980.205089, Link: 613.172253, Spread: 0.000000
Epoch 286/600, Total: 1605.426298, Node: 990.759555, Link: 614.666775, Spread: 0.000000
Epoch 287/600, Total: 1615.469446, Node: 995.832808, Link: 619.636652, Spread: 0.000000
Epoch 288/600, Total: 1593.893555, Node: 979.958982, Link: 613.934583, Spread: 0.000000
Epoch 289/600, Total: 1579.196695, Node: 964.252335, Link: 614.944337, Spread: 0.000000
Epoch 290/600, Total: 1587.071232, Node: 975.871235, Link: 611.200007, Spread: 0.000000
Epoch 291/600, Total: 1584.404869, Node: 970.703816, Link: 613.701101, Spread: 0.000000
Epoch 292/600, Total: 1578.296772, Node: 975.222274, Link: 603.074502, Spread: 0.000000
Epoch 293/600, Total: 1568.543106, Node: 964.434091, Link: 604.109011, Spread: 0.000000
Epoch 294/600, Total: 1582.388132, Node: 969.368936, Link: 613.019184, Spread: 0.000000
Epoch 295/600, Total: 1596.454029, Node: 986.732898, Link: 609.721148, Spread: 0.000000
Epoch 296/600, Total: 1582.423445, Node: 977.440568, Link: 604.982879, Spread: 0.000000
Epoch 297/600, Total: 1594.320076, Node: 985.454102, Link: 608.865976, Spread: 0.000000
Epoch 298/600, Total: 1610.652763, Node: 991.450592, Link: 619.202196, Spread: 0.000000
Epoch 299/600, Total: 1563.899599, Node: 967.572275, Link: 596.327330, Spread: 0.000000
Epoch 300/600, Total: 1559.718950, Node: 967.177762, Link: 592.541174, Spread: 0.000000
Epoch 301/600, Total: 1577.367317, Node: 974.391982, Link: 602.975342, Spread: 0.000000
Epoch 302/600, Total: 1587.213335, Node: 984.223169, Link: 602.990150, Spread: 0.000000
Epoch 303/600, Total: 1586.127100, Node: 971.066889, Link: 615.060199, Spread: 0.000000
Epoch 304/600, Total: 1562.109564, Node: 965.106791, Link: 597.002765, Spread: 0.000000
Epoch 305/600, Total: 1578.832094, Node: 972.462881, Link: 606.369171, Spread: 0.000000
Epoch 306/600, Total: 1548.014017, Node: 955.180226, Link: 592.833826, Spread: 0.000000
Epoch 307/600, Total: 1590.564423, Node: 978.035769, Link: 612.528662, Spread: 0.000000
Epoch 308/600, Total: 1568.816366, Node: 971.161515, Link: 597.654843, Spread: 0.000000
Epoch 309/600, Total: 1586.070194, Node: 977.416754, Link: 608.653449, Spread: 0.000000
Epoch 310/600, Total: 1562.345863, Node: 961.761046, Link: 600.584803, Spread: 0.000000
Epoch 311/600, Total: 1571.358486, Node: 970.334451, Link: 601.024059, Spread: 0.000000
Epoch 312/600, Total: 1579.420807, Node: 973.477928, Link: 605.942908, Spread: 0.000000
Epoch 313/600, Total: 1561.016825, Node: 957.800702, Link: 603.216112, Spread: 0.000000
Epoch 314/600, Total: 1553.023298, Node: 957.829150, Link: 595.194116, Spread: 0.000000
Epoch 315/600, Total: 1538.627550, Node: 958.030276, Link: 580.597287, Spread: 0.000000
Epoch 316/600, Total: 1556.008253, Node: 962.471885, Link: 593.536394, Spread: 0.000000
Epoch 317/600, Total: 1551.339149, Node: 963.477655, Link: 587.861514, Spread: 0.000000
Epoch 318/600, Total: 1546.277147, Node: 955.858078, Link: 590.419091, Spread: 0.000000
Epoch 319/600, Total: 1546.891933, Node: 955.522447, Link: 591.369513, Spread: 0.000000
Epoch 320/600, Total: 1546.191963, Node: 954.351296, Link: 591.840671, Spread: 0.000000
Epoch 321/600, Total: 1547.901709, Node: 958.883228, Link: 589.018468, Spread: 0.000000
Epoch 322/600, Total: 1538.882547, Node: 951.421840, Link: 587.460714, Spread: 0.000000
Epoch 323/600, Total: 1554.280432, Node: 963.527227, Link: 590.753213, Spread: 0.000000
Epoch 324/600, Total: 1547.119745, Node: 958.327359, Link: 588.792364, Spread: 0.000000
Epoch 325/600, Total: 1584.715124, Node: 970.447621, Link: 614.267499, Spread: 0.000000
Epoch 326/600, Total: 1562.749844, Node: 957.287476, Link: 605.462365, Spread: 0.000000
Epoch 327/600, Total: 1563.053690, Node: 964.914980, Link: 598.138701, Spread: 0.000000
Epoch 328/600, Total: 1542.708540, Node: 954.929716, Link: 587.778841, Spread: 0.000000
Epoch 329/600, Total: 1551.193857, Node: 954.245086, Link: 596.948771, Spread: 0.000000
Epoch 330/600, Total: 1539.035578, Node: 955.287866, Link: 583.747713, Spread: 0.000000
Epoch 331/600, Total: 1546.639351, Node: 959.648091, Link: 586.991264, Spread: 0.000000
Epoch 332/600, Total: 1536.311104, Node: 953.153492, Link: 583.157579, Spread: 0.000000
Epoch 333/600, Total: 1538.694971, Node: 955.351675, Link: 583.343306, Spread: 0.000000
Epoch 334/600, Total: 1545.471893, Node: 954.178627, Link: 591.293283, Spread: 0.000000
Epoch 335/600, Total: 1527.653103, Node: 948.175284, Link: 579.477834, Spread: 0.000000
Epoch 336/600, Total: 1539.265888, Node: 952.948775, Link: 586.317119, Spread: 0.000000
Epoch 337/600, Total: 1542.711252, Node: 952.438804, Link: 590.272425, Spread: 0.000000
Epoch 338/600, Total: 1525.958687, Node: 946.621859, Link: 579.336830, Spread: 0.000000
Epoch 339/600, Total: 1548.245033, Node: 953.460672, Link: 594.784345, Spread: 0.000000
Epoch 340/600, Total: 1519.889765, Node: 945.635050, Link: 574.254715, Spread: 0.000000
Epoch 341/600, Total: 1520.006014, Node: 944.490264, Link: 575.515746, Spread: 0.000000
Epoch 342/600, Total: 1575.425283, Node: 973.502990, Link: 601.922279, Spread: 0.000000
Epoch 343/600, Total: 1537.286957, Node: 951.765042, Link: 585.521901, Spread: 0.000000
Epoch 344/600, Total: 1530.305145, Node: 947.943800, Link: 582.361335, Spread: 0.000000
Epoch 345/600, Total: 1566.371811, Node: 965.026191, Link: 601.345619, Spread: 0.000000
Epoch 346/600, Total: 1534.289642, Node: 947.675907, Link: 586.613779, Spread: 0.000000
Epoch 347/600, Total: 1523.485418, Node: 947.717356, Link: 575.768077, Spread: 0.000000
Epoch 348/600, Total: 1526.474430, Node: 947.269690, Link: 579.204754, Spread: 0.000000
Epoch 349/600, Total: 1538.767351, Node: 957.703152, Link: 581.064162, Spread: 0.000000
Epoch 350/600, Total: 1519.662924, Node: 946.761580, Link: 572.901333, Spread: 0.000000
Epoch 351/600, Total: 1519.444946, Node: 946.283748, Link: 573.161208, Spread: 0.000000
Epoch 352/600, Total: 1526.090458, Node: 947.479613, Link: 578.610844, Spread: 0.000000
Epoch 353/600, Total: 1551.825211, Node: 959.594350, Link: 592.230867, Spread: 0.000000
Epoch 354/600, Total: 1528.287706, Node: 951.508800, Link: 576.778902, Spread: 0.000000
Epoch 355/600, Total: 1556.142899, Node: 957.266141, Link: 598.876766, Spread: 0.000000
Epoch 356/600, Total: 1556.221149, Node: 963.251904, Link: 592.969234, Spread: 0.000000
Epoch 357/600, Total: 1527.656353, Node: 952.862740, Link: 574.793623, Spread: 0.000000
Epoch 358/600, Total: 1549.107550, Node: 959.243288, Link: 589.864268, Spread: 0.000000
Epoch 359/600, Total: 1513.085770, Node: 943.106361, Link: 569.979419, Spread: 0.000000
Epoch 360/600, Total: 1519.977259, Node: 949.646444, Link: 570.330780, Spread: 0.000000
Epoch 361/600, Total: 1529.213634, Node: 951.182073, Link: 578.031545, Spread: 0.000000
Epoch 362/600, Total: 1547.492832, Node: 955.602227, Link: 591.890613, Spread: 0.000000
Epoch 363/600, Total: 1509.622271, Node: 940.007017, Link: 569.615248, Spread: 0.000000
Epoch 364/600, Total: 1523.053278, Node: 943.301985, Link: 579.751306, Spread: 0.000000
Epoch 365/600, Total: 1572.435635, Node: 949.514338, Link: 622.921280, Spread: 0.000000
Epoch 366/600, Total: 1526.298147, Node: 948.717634, Link: 577.580516, Spread: 0.000000
Epoch 367/600, Total: 1578.942505, Node: 960.157682, Link: 618.784813, Spread: 0.000000
Epoch 368/600, Total: 1579.985779, Node: 955.771693, Link: 624.214069, Spread: 0.000000
Epoch 369/600, Total: 1543.586197, Node: 948.073242, Link: 595.512981, Spread: 0.000000
Epoch 370/600, Total: 1503.858307, Node: 936.796870, Link: 567.061401, Spread: 0.000000
Epoch 371/600, Total: 1543.943882, Node: 951.298958, Link: 592.644940, Spread: 0.000000
Epoch 372/600, Total: 1520.503172, Node: 942.117385, Link: 578.385794, Spread: 0.000000
Epoch 373/600, Total: 1547.881935, Node: 954.637874, Link: 593.244050, Spread: 0.000000
Epoch 374/600, Total: 1503.483955, Node: 939.044666, Link: 564.439289, Spread: 0.000000
Epoch 375/600, Total: 1550.707897, Node: 957.370588, Link: 593.337319, Spread: 0.000000
Epoch 376/600, Total: 1502.779882, Node: 937.253721, Link: 565.526142, Spread: 0.000000
Epoch 377/600, Total: 1520.261076, Node: 940.251791, Link: 580.009243, Spread: 0.000000
Epoch 378/600, Total: 1513.274612, Node: 940.418602, Link: 572.856018, Spread: 0.000000
Epoch 379/600, Total: 1516.498697, Node: 945.779963, Link: 570.718747, Spread: 0.000000
Epoch 380/600, Total: 1530.603796, Node: 952.342034, Link: 578.261746, Spread: 0.000000
Epoch 381/600, Total: 1522.341656, Node: 950.258992, Link: 572.082645, Spread: 0.000000
Epoch 382/600, Total: 1517.792126, Node: 950.370897, Link: 567.421223, Spread: 0.000000
Epoch 383/600, Total: 1501.993736, Node: 940.062522, Link: 561.931219, Spread: 0.000000
Epoch 384/600, Total: 1512.790442, Node: 946.850120, Link: 565.940298, Spread: 0.000000
Epoch 385/600, Total: 1502.146803, Node: 940.626260, Link: 561.520551, Spread: 0.000000
Epoch 386/600, Total: 1491.894148, Node: 936.462561, Link: 555.431586, Spread: 0.000000
Epoch 387/600, Total: 1492.933025, Node: 935.391844, Link: 557.541171, Spread: 0.000000
Epoch 388/600, Total: 1489.328041, Node: 931.436100, Link: 557.891946, Spread: 0.000000
Epoch 389/600, Total: 1510.165533, Node: 941.299556, Link: 568.865992, Spread: 0.000000
Epoch 390/600, Total: 1482.034105, Node: 931.637105, Link: 550.397009, Spread: 0.000000
Epoch 391/600, Total: 1483.968061, Node: 932.063442, Link: 551.904622, Spread: 0.000000
Epoch 392/600, Total: 1491.890112, Node: 936.981452, Link: 554.908682, Spread: 0.000000
Epoch 393/600, Total: 1486.997267, Node: 935.151020, Link: 551.846228, Spread: 0.000000
Epoch 394/600, Total: 1481.333206, Node: 932.138406, Link: 549.194803, Spread: 0.000000
Epoch 395/600, Total: 1481.039547, Node: 933.608086, Link: 547.431494, Spread: 0.000000
Epoch 396/600, Total: 1475.341427, Node: 933.250654, Link: 542.090771, Spread: 0.000000
Epoch 397/600, Total: 1471.404575, Node: 929.008377, Link: 542.396221, Spread: 0.000000
Epoch 398/600, Total: 1489.278545, Node: 940.105729, Link: 549.172774, Spread: 0.000000
Epoch 399/600, Total: 1488.064634, Node: 937.786884, Link: 550.277739, Spread: 0.000000
Epoch 400/600, Total: 1465.842297, Node: 931.096122, Link: 534.746153, Spread: 0.000000
Epoch 401/600, Total: 1472.950747, Node: 931.974641, Link: 540.976079, Spread: 0.000000
Epoch 402/600, Total: 1475.682663, Node: 935.408039, Link: 540.274630, Spread: 0.000000
Epoch 403/600, Total: 1487.596714, Node: 943.265297, Link: 544.331394, Spread: 0.000000
Epoch 404/600, Total: 1472.143930, Node: 933.437317, Link: 538.706627, Spread: 0.000000
Epoch 405/600, Total: 1501.648590, Node: 942.394913, Link: 559.253674, Spread: 0.000000
Epoch 406/600, Total: 1471.671503, Node: 930.066008, Link: 541.605495, Spread: 0.000000
Epoch 407/600, Total: 1493.423391, Node: 938.607765, Link: 554.815619, Spread: 0.000000
Epoch 408/600, Total: 1493.972286, Node: 942.399361, Link: 551.572918, Spread: 0.000000
Epoch 409/600, Total: 1465.005087, Node: 935.609464, Link: 529.395636, Spread: 0.000000
Epoch 410/600, Total: 1491.058441, Node: 936.347427, Link: 554.711021, Spread: 0.000000
Epoch 411/600, Total: 1456.840649, Node: 933.191826, Link: 523.648821, Spread: 0.000000
Epoch 412/600, Total: 1471.213068, Node: 938.791308, Link: 532.421760, Spread: 0.000000
Epoch 413/600, Total: 1461.551689, Node: 932.765176, Link: 528.786518, Spread: 0.000000
Epoch 414/600, Total: 1458.801332, Node: 931.161841, Link: 527.639501, Spread: 0.000000
Epoch 415/600, Total: 1459.649416, Node: 932.641335, Link: 527.008074, Spread: 0.000000
Epoch 416/600, Total: 1475.464624, Node: 940.108965, Link: 535.355654, Spread: 0.000000
Epoch 417/600, Total: 1486.693283, Node: 940.238617, Link: 546.454681, Spread: 0.000000
Epoch 418/600, Total: 1453.934528, Node: 935.521403, Link: 518.413125, Spread: 0.000000
Epoch 419/600, Total: 1432.164690, Node: 932.098588, Link: 500.066105, Spread: 0.000000
Epoch 420/600, Total: 1426.503956, Node: 930.830951, Link: 495.673013, Spread: 0.000000
Epoch 421/600, Total: 1418.433249, Node: 929.180131, Link: 489.253104, Spread: 0.000000
Epoch 422/600, Total: 1421.114233, Node: 930.257560, Link: 490.856687, Spread: 0.000000
Epoch 423/600, Total: 1413.936098, Node: 929.220979, Link: 484.715129, Spread: 0.000000
Epoch 424/600, Total: 1407.548122, Node: 929.144721, Link: 478.403397, Spread: 0.000000
Epoch 425/600, Total: 1414.309439, Node: 933.928282, Link: 480.381155, Spread: 0.000000
Epoch 426/600, Total: 1409.890524, Node: 934.106409, Link: 475.784104, Spread: 0.000000
Epoch 427/600, Total: 1404.593382, Node: 934.960717, Link: 469.632664, Spread: 0.000000
Epoch 428/600, Total: 1415.941303, Node: 939.693592, Link: 476.247719, Spread: 0.000000
Epoch 429/600, Total: 1438.000765, Node: 945.182944, Link: 492.817820, Spread: 0.000000
Epoch 430/600, Total: 1428.752459, Node: 945.100377, Link: 483.652074, Spread: 0.000000
Epoch 431/600, Total: 1398.288000, Node: 934.193088, Link: 464.094916, Spread: 0.000000
Epoch 432/600, Total: 1459.926464, Node: 949.159988, Link: 510.766499, Spread: 0.000000
Epoch 433/600, Total: 1401.671593, Node: 935.715179, Link: 465.956387, Spread: 0.000000
Epoch 434/600, Total: 1400.020967, Node: 936.023226, Link: 463.997743, Spread: 0.000000
Epoch 435/600, Total: 1405.090862, Node: 938.272539, Link: 466.818323, Spread: 0.000000
Epoch 436/600, Total: 1457.380375, Node: 950.291496, Link: 507.088904, Spread: 0.000000
Epoch 437/600, Total: 1440.471403, Node: 943.628198, Link: 496.843179, Spread: 0.000000
Epoch 438/600, Total: 1391.171978, Node: 929.959544, Link: 461.212457, Spread: 0.000000
Epoch 439/600, Total: 1462.018879, Node: 953.586518, Link: 508.432363, Spread: 0.000000
Epoch 440/600, Total: 1402.546034, Node: 936.774493, Link: 465.771518, Spread: 0.000000
Epoch 441/600, Total: 1387.777552, Node: 930.313743, Link: 457.463792, Spread: 0.000000
Epoch 442/600, Total: 1444.621890, Node: 946.351291, Link: 498.270599, Spread: 0.000000
Epoch 443/600, Total: 1509.780277, Node: 954.998635, Link: 554.781633, Spread: 0.000000
Epoch 444/600, Total: 1419.410652, Node: 937.240208, Link: 482.170443, Spread: 0.000000
Epoch 445/600, Total: 1393.406569, Node: 930.332516, Link: 463.074057, Spread: 0.000000
Epoch 446/600, Total: 1394.814638, Node: 931.202777, Link: 463.611842, Spread: 0.000000
Epoch 447/600, Total: 1413.613852, Node: 934.111730, Link: 479.502123, Spread: 0.000000
Epoch 448/600, Total: 1414.482895, Node: 942.072009, Link: 472.410896, Spread: 0.000000
Epoch 449/600, Total: 1400.498678, Node: 930.038667, Link: 470.460013, Spread: 0.000000
Epoch 450/600, Total: 1392.331623, Node: 931.821444, Link: 460.510208, Spread: 0.000000
Epoch 451/600, Total: 1373.964798, Node: 926.702427, Link: 447.262370, Spread: 0.000000
Epoch 452/600, Total: 1406.040586, Node: 931.558868, Link: 474.481702, Spread: 0.000000
Epoch 453/600, Total: 1389.075073, Node: 929.379806, Link: 459.695280, Spread: 0.000000
Epoch 454/600, Total: 1368.746605, Node: 922.784899, Link: 445.961712, Spread: 0.000000
Epoch 455/600, Total: 1383.388418, Node: 934.727317, Link: 448.661112, Spread: 0.000000
Epoch 456/600, Total: 1406.999886, Node: 940.364735, Link: 466.635175, Spread: 0.000000
Epoch 457/600, Total: 1382.493191, Node: 926.816973, Link: 455.676258, Spread: 0.000000
Epoch 458/600, Total: 1413.982153, Node: 935.279691, Link: 478.702487, Spread: 0.000000
Epoch 459/600, Total: 1395.056534, Node: 934.455710, Link: 460.600825, Spread: 0.000000
Epoch 460/600, Total: 1397.834980, Node: 933.198955, Link: 464.636005, Spread: 0.000000
Epoch 461/600, Total: 1380.135223, Node: 928.012172, Link: 452.123080, Spread: 0.000000
Epoch 462/600, Total: 1400.148821, Node: 934.281494, Link: 465.867317, Spread: 0.000000
Epoch 463/600, Total: 1403.467562, Node: 938.428691, Link: 465.038893, Spread: 0.000000
Epoch 464/600, Total: 1444.541445, Node: 944.161109, Link: 500.380332, Spread: 0.000000
Epoch 465/600, Total: 1378.590675, Node: 929.941099, Link: 448.649567, Spread: 0.000000
Epoch 466/600, Total: 1411.048363, Node: 933.629230, Link: 477.419107, Spread: 0.000000
Epoch 467/600, Total: 1404.696505, Node: 933.853208, Link: 470.843281, Spread: 0.000000
Epoch 468/600, Total: 1398.679884, Node: 928.426809, Link: 470.253126, Spread: 0.000000
Epoch 469/600, Total: 1396.021652, Node: 927.207825, Link: 468.813825, Spread: 0.000000
Epoch 470/600, Total: 1399.207455, Node: 927.330953, Link: 471.876529, Spread: 0.000000
Epoch 471/600, Total: 1379.231190, Node: 927.086387, Link: 452.144806, Spread: 0.000000
Epoch 472/600, Total: 1394.087841, Node: 929.826638, Link: 464.261216, Spread: 0.000000
Epoch 473/600, Total: 1393.354647, Node: 926.411524, Link: 466.943125, Spread: 0.000000
Epoch 474/600, Total: 1374.130878, Node: 925.896280, Link: 448.234636, Spread: 0.000000
Epoch 475/600, Total: 1404.014467, Node: 930.223414, Link: 473.791021, Spread: 0.000000
Epoch 476/600, Total: 1418.586819, Node: 947.151527, Link: 471.435291, Spread: 0.000000
Epoch 477/600, Total: 1379.114921, Node: 924.683863, Link: 454.431064, Spread: 0.000000
Epoch 478/600, Total: 1455.604292, Node: 944.882193, Link: 510.722130, Spread: 0.000000
Epoch 479/600, Total: 1455.319246, Node: 952.240383, Link: 503.078839, Spread: 0.000000
Epoch 480/600, Total: 1380.926857, Node: 927.596219, Link: 453.330592, Spread: 0.000000
Epoch 481/600, Total: 1421.272379, Node: 945.235994, Link: 476.036371, Spread: 0.000000
Epoch 482/600, Total: 1391.471931, Node: 928.523659, Link: 462.948264, Spread: 0.000000
Epoch 483/600, Total: 1386.386037, Node: 933.591242, Link: 452.794767, Spread: 0.000000
Epoch 484/600, Total: 1436.478432, Node: 941.839022, Link: 494.639424, Spread: 0.000000
Epoch 485/600, Total: 1439.961233, Node: 959.082093, Link: 480.879115, Spread: 0.000000
Epoch 486/600, Total: 1386.550930, Node: 934.227084, Link: 452.323822, Spread: 0.000000
Epoch 487/600, Total: 1367.719877, Node: 925.573423, Link: 442.146436, Spread: 0.000000
Epoch 488/600, Total: 1382.926353, Node: 929.172911, Link: 453.753419, Spread: 0.000000
Epoch 489/600, Total: 1399.063396, Node: 930.547095, Link: 468.516281, Spread: 0.000000
Epoch 490/600, Total: 1399.216042, Node: 930.559027, Link: 468.657044, Spread: 0.000000
Epoch 491/600, Total: 1372.457125, Node: 923.853292, Link: 448.603816, Spread: 0.000000
Epoch 492/600, Total: 1389.103582, Node: 929.794419, Link: 459.309144, Spread: 0.000000
Epoch 493/600, Total: 1459.858416, Node: 945.273690, Link: 514.584697, Spread: 0.000000
Epoch 494/600, Total: 1389.676149, Node: 934.220675, Link: 455.455463, Spread: 0.000000
Epoch 495/600, Total: 1416.717783, Node: 938.838593, Link: 477.879207, Spread: 0.000000
Epoch 496/600, Total: 1445.225288, Node: 951.398389, Link: 493.826891, Spread: 0.000000
Epoch 497/600, Total: 1389.045694, Node: 930.721946, Link: 458.323746, Spread: 0.000000
Epoch 498/600, Total: 1424.426819, Node: 933.737552, Link: 490.689272, Spread: 0.000000
Epoch 499/600, Total: 1446.572929, Node: 937.364582, Link: 509.208329, Spread: 0.000000
Epoch 500/600, Total: 1387.699780, Node: 921.740290, Link: 465.959501, Spread: 0.000000
Epoch 501/600, Total: 1402.049908, Node: 921.258295, Link: 480.791639, Spread: 0.000000
Epoch 502/600, Total: 1430.516533, Node: 929.737103, Link: 500.779447, Spread: 0.000000
Epoch 503/600, Total: 1386.521370, Node: 920.300266, Link: 466.221079, Spread: 0.000000
Epoch 504/600, Total: 1388.461206, Node: 923.614047, Link: 464.847158, Spread: 0.000000
Epoch 505/600, Total: 1380.039019, Node: 921.020707, Link: 459.018289, Spread: 0.000000
Epoch 506/600, Total: 1378.706751, Node: 919.732759, Link: 458.974003, Spread: 0.000000
Epoch 507/600, Total: 1388.045391, Node: 923.119736, Link: 464.925674, Spread: 0.000000
Epoch 508/600, Total: 1405.931570, Node: 921.928703, Link: 484.002868, Spread: 0.000000
Epoch 509/600, Total: 1385.915737, Node: 919.529951, Link: 466.385802, Spread: 0.000000
Epoch 510/600, Total: 1394.120249, Node: 922.237233, Link: 471.883022, Spread: 0.000000
Epoch 511/600, Total: 1406.003517, Node: 921.472116, Link: 484.531389, Spread: 0.000000
Epoch 512/600, Total: 1381.118744, Node: 922.055246, Link: 459.063480, Spread: 0.000000
Epoch 513/600, Total: 1376.768631, Node: 920.750011, Link: 456.018669, Spread: 0.000000
Epoch 514/600, Total: 1375.533758, Node: 919.406724, Link: 456.127020, Spread: 0.000000
Epoch 515/600, Total: 1383.512806, Node: 923.950602, Link: 459.562178, Spread: 0.000000
Epoch 516/600, Total: 1387.342117, Node: 924.394779, Link: 462.947349, Spread: 0.000000
Epoch 517/600, Total: 1481.469213, Node: 949.970343, Link: 531.498859, Spread: 0.000000
Epoch 518/600, Total: 1421.466400, Node: 930.371952, Link: 491.094483, Spread: 0.000000
Epoch 519/600, Total: 1395.072773, Node: 928.053668, Link: 467.019093, Spread: 0.000000
Epoch 520/600, Total: 1381.852289, Node: 920.316414, Link: 461.535933, Spread: 0.000000
Epoch 521/600, Total: 1443.517906, Node: 932.750054, Link: 510.767844, Spread: 0.000000
Epoch 522/600, Total: 1397.974720, Node: 929.903572, Link: 468.071167, Spread: 0.000000
Epoch 523/600, Total: 1383.822493, Node: 922.479772, Link: 461.342730, Spread: 0.000000
Epoch 524/600, Total: 1408.107140, Node: 929.653079, Link: 478.454064, Spread: 0.000000
Epoch 525/600, Total: 1411.953785, Node: 927.235387, Link: 484.718421, Spread: 0.000000
Epoch 526/600, Total: 1452.039318, Node: 932.106329, Link: 519.932988, Spread: 0.000000
Epoch 527/600, Total: 1404.667349, Node: 926.360881, Link: 478.306524, Spread: 0.000000
Epoch 528/600, Total: 1431.713524, Node: 943.088035, Link: 488.625514, Spread: 0.000000
Epoch 529/600, Total: 1377.768204, Node: 924.475624, Link: 453.292592, Spread: 0.000000
Epoch 530/600, Total: 1408.271755, Node: 928.748498, Link: 479.523243, Spread: 0.000000
Epoch 531/600, Total: 1410.952240, Node: 938.360748, Link: 472.591498, Spread: 0.000000
Epoch 532/600, Total: 1420.664822, Node: 935.854187, Link: 484.810652, Spread: 0.000000
Epoch 533/600, Total: 1421.137077, Node: 947.352042, Link: 473.785012, Spread: 0.000000
Epoch 534/600, Total: 1419.768824, Node: 950.533029, Link: 469.235785, Spread: 0.000000
Epoch 535/600, Total: 1430.413675, Node: 936.117465, Link: 494.296225, Spread: 0.000000
Epoch 536/600, Total: 1387.688019, Node: 930.069391, Link: 457.618649, Spread: 0.000000
Epoch 537/600, Total: 1405.316845, Node: 928.059453, Link: 477.257382, Spread: 0.000000
Epoch 538/600, Total: 1402.807974, Node: 922.330126, Link: 480.477867, Spread: 0.000000
Epoch 539/600, Total: 1400.985699, Node: 928.646258, Link: 472.339447, Spread: 0.000000
Epoch 540/600, Total: 1375.992481, Node: 916.666033, Link: 459.326446, Spread: 0.000000
Epoch 541/600, Total: 1385.810417, Node: 919.912329, Link: 465.898091, Spread: 0.000000
Epoch 542/600, Total: 1444.090761, Node: 931.741388, Link: 512.349397, Spread: 0.000000
Epoch 543/600, Total: 1475.294235, Node: 936.926218, Link: 538.368000, Spread: 0.000000
Epoch 544/600, Total: 1379.522074, Node: 921.415967, Link: 458.106118, Spread: 0.000000
Epoch 545/600, Total: 1410.159283, Node: 925.995048, Link: 484.164223, Spread: 0.000000
Epoch 546/600, Total: 1436.037363, Node: 934.872015, Link: 501.165349, Spread: 0.000000
Epoch 547/600, Total: 1398.625963, Node: 931.522541, Link: 467.103446, Spread: 0.000000
Epoch 548/600, Total: 1384.722637, Node: 920.655770, Link: 464.066854, Spread: 0.000000
Epoch 549/600, Total: 1400.758608, Node: 933.713303, Link: 467.045270, Spread: 0.000000
Epoch 550/600, Total: 1388.601738, Node: 927.486135, Link: 461.115578, Spread: 0.000000
Epoch 551/600, Total: 1415.630686, Node: 926.706843, Link: 488.923831, Spread: 0.000000
Epoch 552/600, Total: 1393.931839, Node: 928.389592, Link: 465.542231, Spread: 0.000000
Epoch 553/600, Total: 1410.911263, Node: 939.984327, Link: 470.926956, Spread: 0.000000
Epoch 554/600, Total: 1369.424605, Node: 918.346751, Link: 451.077898, Spread: 0.000000
Epoch 555/600, Total: 1372.444830, Node: 916.277119, Link: 456.167716, Spread: 0.000000
Epoch 556/600, Total: 1380.305876, Node: 918.007435, Link: 462.298460, Spread: 0.000000
Epoch 557/600, Total: 1386.669828, Node: 923.077743, Link: 463.592073, Spread: 0.000000
Epoch 558/600, Total: 1379.696772, Node: 921.936327, Link: 457.760443, Spread: 0.000000
Epoch 559/600, Total: 1381.776764, Node: 919.988497, Link: 461.788266, Spread: 0.000000
Epoch 560/600, Total: 1415.884211, Node: 926.432419, Link: 489.451797, Spread: 0.000000
Epoch 561/600, Total: 1411.391762, Node: 929.103499, Link: 482.288237, Spread: 0.000000
Epoch 562/600, Total: 1405.905247, Node: 923.718126, Link: 482.187131, Spread: 0.000000
Epoch 563/600, Total: 1463.300955, Node: 938.204490, Link: 525.096487, Spread: 0.000000
Epoch 564/600, Total: 1444.229784, Node: 948.095658, Link: 496.134087, Spread: 0.000000
Epoch 565/600, Total: 1374.868151, Node: 917.719299, Link: 457.148833, Spread: 0.000000
Epoch 566/600, Total: 1375.825888, Node: 921.233152, Link: 454.592740, Spread: 0.000000
Epoch 567/600, Total: 1377.090979, Node: 919.112152, Link: 457.978847, Spread: 0.000000
Epoch 568/600, Total: 1462.572462, Node: 949.852363, Link: 512.720114, Spread: 0.000000
Epoch 569/600, Total: 1394.325268, Node: 929.548141, Link: 464.777161, Spread: 0.000000
Epoch 570/600, Total: 1408.002993, Node: 927.640647, Link: 480.362323, Spread: 0.000000
Epoch 571/600, Total: 1449.521334, Node: 933.448201, Link: 516.073150, Spread: 0.000000
Epoch 572/600, Total: 1394.808243, Node: 923.393457, Link: 471.414776, Spread: 0.000000
Epoch 573/600, Total: 1385.083782, Node: 918.854427, Link: 466.229339, Spread: 0.000000
Epoch 574/600, Total: 1415.371271, Node: 925.782224, Link: 489.589067, Spread: 0.000000
Epoch 575/600, Total: 1410.022732, Node: 925.225871, Link: 484.796869, Spread: 0.000000
Epoch 576/600, Total: 1384.938896, Node: 920.952272, Link: 463.986633, Spread: 0.000000
Epoch 577/600, Total: 1431.769368, Node: 935.650306, Link: 496.119060, Spread: 0.000000
Epoch 578/600, Total: 1395.983364, Node: 929.254028, Link: 466.729346, Spread: 0.000000
Epoch 579/600, Total: 1459.559000, Node: 937.843652, Link: 521.715335, Spread: 0.000000
Epoch 580/600, Total: 1438.017487, Node: 929.966110, Link: 508.051394, Spread: 0.000000
Epoch 581/600, Total: 1402.886856, Node: 924.468635, Link: 478.418233, Spread: 0.000000
Epoch 582/600, Total: 1429.246174, Node: 936.982940, Link: 492.263253, Spread: 0.000000
Epoch 583/600, Total: 1428.255478, Node: 928.316502, Link: 499.938988, Spread: 0.000000
Epoch 584/600, Total: 1390.968885, Node: 930.898470, Link: 460.070415, Spread: 0.000000
Epoch 585/600, Total: 1396.742212, Node: 926.920358, Link: 469.821899, Spread: 0.000000
Epoch 586/600, Total: 1394.746168, Node: 923.730564, Link: 471.015587, Spread: 0.000000
Epoch 587/600, Total: 1441.149557, Node: 936.799953, Link: 504.349586, Spread: 0.000000
Epoch 588/600, Total: 1454.933056, Node: 949.819143, Link: 505.113908, Spread: 0.000000
Epoch 589/600, Total: 1380.608421, Node: 929.443263, Link: 451.165162, Spread: 0.000000
Epoch 590/600, Total: 1373.781870, Node: 924.722125, Link: 449.059729, Spread: 0.000000
Epoch 591/600, Total: 1408.276478, Node: 936.557592, Link: 471.718885, Spread: 0.000000
Epoch 592/600, Total: 1436.855463, Node: 936.876737, Link: 499.978721, Spread: 0.000000
Epoch 593/600, Total: 1363.029564, Node: 920.393388, Link: 442.636193, Spread: 0.000000
Epoch 594/600, Total: 1384.418627, Node: 927.825016, Link: 456.593603, Spread: 0.000000
Epoch 595/600, Total: 1384.563330, Node: 930.406918, Link: 454.156421, Spread: 0.000000
Epoch 596/600, Total: 1493.776052, Node: 953.999503, Link: 539.776560, Spread: 0.000000
Epoch 597/600, Total: 1423.529451, Node: 934.853196, Link: 488.676282, Spread: 0.000000
Epoch 598/600, Total: 1465.945261, Node: 952.461847, Link: 513.483398, Spread: 0.000000
Epoch 599/600, Total: 1426.132982, Node: 933.893617, Link: 492.239367, Spread: 0.000000
Epoch 600/600, Total: 1388.120012, Node: 927.265524, Link: 460.854528, Spread: 0.000000
Saved sweep result to: /homes/dameyer/ml-for-wdn-project-4/results/aggregated/gnn_training_sweep/net1_buffer=1_rollout=25_seed=42.json
Table value: 927.265524
