Filter:    ekf
Job:       240741
Array ID:  17
Seed:      59
Host:      assistant-3.GPU.CIT-EC.NET
Dataset:   hanoi

Running Hanoi GNN EKF: 24 sensor counts × 1 sensor placements
2 sensors/type: 1.1004 ± 0.2950
3 sensors/type: 1.2190 ± 0.3137
4 sensors/type: 1.0392 ± 0.2616
5 sensors/type: 1.0779 ± 0.2985
6 sensors/type: 1.0397 ± 0.2844
7 sensors/type: 0.9906 ± 0.2837
8 sensors/type: 0.9978 ± 0.2582
9 sensors/type: 1.0212 ± 0.2649
10 sensors/type: 0.9257 ± 0.2622
11 sensors/type: 0.9455 ± 0.2608
12 sensors/type: 0.9650 ± 0.2875
13 sensors/type: 0.9309 ± 0.2791
14 sensors/type: 0.9335 ± 0.2698
15 sensors/type: 0.9043 ± 0.2653
16 sensors/type: 0.8873 ± 0.2583
17 sensors/type: 0.8709 ± 0.2486
18 sensors/type: 0.8906 ± 0.2551
19 sensors/type: 0.8668 ± 0.2650
20 sensors/type: 0.8990 ± 0.2543
21 sensors/type: 0.8665 ± 0.2440
22 sensors/type: 0.8915 ± 0.2707
23 sensors/type: 0.8611 ± 0.2569
24 sensors/type: 0.8535 ± 0.2419
25 sensors/type: 0.8539 ± 0.2746
Saved gnn EKF result to: /homes/dameyer/ml-for-wdn-project-4/results/aggregated/hanoi_gnn_ekf_n_iters=1_seed=59.npz
