================================
GNN training sweep
Job ID: 242679
Task ID: 15
Buffer size: 10
Rollout length: 15
================================
Running GNN sweep: dataset=Net1, buffer=10, rollout=15
Epoch 1/600, Total: 4950.812750, Node: 2936.439208, Link: 2012.782681, Spread: 159.085532
Epoch 2/600, Total: 2013.002241, Node: 1268.977929, Link: 742.195244, Spread: 182.905297
Epoch 3/600, Total: 1976.440047, Node: 1234.245803, Link: 740.459566, Spread: 173.471363
Epoch 4/600, Total: 1935.689151, Node: 1198.032226, Link: 736.048120, Spread: 160.880330
Epoch 5/600, Total: 1910.924932, Node: 1174.789121, Link: 734.646735, Spread: 148.907805
Epoch 6/600, Total: 1859.978468, Node: 1133.266523, Link: 725.315215, Spread: 139.671819
Epoch 7/600, Total: 1842.675486, Node: 1110.854924, Link: 730.526312, Spread: 129.425296
Epoch 8/600, Total: 1828.082032, Node: 1094.954179, Link: 731.920318, Spread: 120.752694
Epoch 9/600, Total: 1798.522919, Node: 1071.671760, Link: 725.726476, Spread: 112.467408
Epoch 10/600, Total: 1784.139146, Node: 1064.317245, Link: 718.753801, Spread: 106.810942
Epoch 11/600, Total: 1783.291065, Node: 1056.482784, Link: 725.881120, Spread: 92.717355
Epoch 12/600, Total: 1787.521458, Node: 1053.992274, Link: 732.674370, Spread: 85.481239
Epoch 13/600, Total: 1790.273396, Node: 1065.358102, Link: 724.136787, Spread: 77.850726
Epoch 14/600, Total: 1784.537786, Node: 1061.812035, Link: 722.008154, Spread: 71.757297
Epoch 15/600, Total: 1777.712126, Node: 1051.994462, Link: 725.053566, Spread: 66.410918
Epoch 16/600, Total: 1766.314943, Node: 1047.167052, Link: 718.531402, Spread: 61.649152
Epoch 17/600, Total: 1759.954071, Node: 1041.849559, Link: 717.531038, Spread: 57.349546
Epoch 18/600, Total: 1757.419527, Node: 1045.394894, Link: 711.489754, Spread: 53.488778
Epoch 19/600, Total: 1749.169519, Node: 1037.543612, Link: 711.130627, Spread: 49.526915
Epoch 20/600, Total: 1745.883754, Node: 1032.783835, Link: 712.640238, Spread: 45.966278
Epoch 21/600, Total: 1738.061730, Node: 1032.261050, Link: 705.371559, Spread: 42.911277
Epoch 22/600, Total: 1740.543777, Node: 1032.359857, Link: 707.784152, Spread: 39.977416
Epoch 23/600, Total: 1736.308469, Node: 1027.181016, Link: 708.758527, Spread: 36.893315
Epoch 24/600, Total: 1726.812344, Node: 1019.642429, Link: 706.829357, Spread: 34.053582
Epoch 25/600, Total: 1722.010875, Node: 1015.135879, Link: 706.560818, Spread: 31.418224
Epoch 26/600, Total: 1711.071372, Node: 1004.851078, Link: 705.931616, Spread: 28.867536
Epoch 27/600, Total: 1705.002886, Node: 1000.276626, Link: 704.465329, Spread: 26.091366
Epoch 28/600, Total: 1713.933908, Node: 1005.218096, Link: 708.479466, Spread: 23.633029
Epoch 29/600, Total: 1701.432866, Node: 995.708219, Link: 705.517879, Spread: 20.677591
Epoch 30/600, Total: 1701.845810, Node: 990.724159, Link: 710.932878, Spread: 18.879088
Epoch 31/600, Total: 1705.034158, Node: 991.396496, Link: 713.466957, Spread: 17.069078
Epoch 32/600, Total: 1698.751930, Node: 987.277778, Link: 711.320031, Spread: 15.410801
Epoch 33/600, Total: 1691.282226, Node: 989.443289, Link: 701.699847, Spread: 13.909395
Epoch 34/600, Total: 1688.285063, Node: 979.655899, Link: 708.500747, Spread: 12.841178
Epoch 35/600, Total: 1674.779221, Node: 975.616229, Link: 699.041847, Spread: 12.116387
Epoch 36/600, Total: 1678.184433, Node: 979.440572, Link: 698.629783, Spread: 11.407454
Epoch 37/600, Total: 1674.402631, Node: 975.046775, Link: 699.247713, Spread: 10.814863
Epoch 38/600, Total: 1674.164920, Node: 978.342525, Link: 695.720793, Spread: 10.157879
Epoch 39/600, Total: 1691.644907, Node: 976.251978, Link: 715.297264, Spread: 9.564981
Epoch 40/600, Total: 1674.958238, Node: 969.194882, Link: 705.673612, Spread: 8.973622
Epoch 41/600, Total: 1660.512492, Node: 970.892235, Link: 689.535123, Spread: 8.512081
Epoch 42/600, Total: 1645.334367, Node: 964.809496, Link: 680.441951, Spread: 8.293732
Epoch 43/600, Total: 1677.459304, Node: 985.181222, Link: 692.198012, Spread: 8.007856
Epoch 44/600, Total: 1649.898729, Node: 967.630409, Link: 682.191601, Spread: 7.672372
Epoch 45/600, Total: 1661.073121, Node: 964.067589, Link: 696.932808, Spread: 7.274041
Epoch 46/600, Total: 1653.613267, Node: 963.822990, Link: 689.720506, Spread: 6.976815
Epoch 47/600, Total: 1653.226726, Node: 961.916522, Link: 691.243809, Spread: 6.642306
Epoch 48/600, Total: 1630.482225, Node: 959.386226, Link: 671.032016, Spread: 6.398728
Epoch 49/600, Total: 1648.046980, Node: 969.916738, Link: 678.068612, Spread: 6.163660
Epoch 50/600, Total: 1638.480666, Node: 963.372095, Link: 675.048821, Spread: 5.975937
Epoch 51/600, Total: 1666.669324, Node: 984.250024, Link: 682.361601, Spread: 5.770375
Epoch 52/600, Total: 1650.941227, Node: 979.045153, Link: 671.835872, Spread: 6.021242
Epoch 53/600, Total: 1649.057133, Node: 983.625066, Link: 665.377279, Spread: 5.480421
Epoch 54/600, Total: 1626.443788, Node: 961.670706, Link: 664.717951, Spread: 5.515548
Epoch 55/600, Total: 1625.802431, Node: 966.090578, Link: 659.658590, Spread: 5.324135
Epoch 56/600, Total: 1622.980451, Node: 954.025784, Link: 668.902615, Spread: 5.204100
Epoch 57/600, Total: 1615.403342, Node: 960.827298, Link: 654.526003, Spread: 5.004855
Epoch 58/600, Total: 1636.453689, Node: 959.251213, Link: 677.154848, Spread: 4.763197
Epoch 59/600, Total: 1616.080363, Node: 952.905380, Link: 663.128425, Spread: 4.657617
Epoch 60/600, Total: 1620.067507, Node: 957.540220, Link: 662.480754, Spread: 4.652575
Epoch 61/600, Total: 1619.323750, Node: 960.411335, Link: 658.866304, Spread: 4.612594
Epoch 62/600, Total: 1645.734212, Node: 953.577848, Link: 692.110096, Spread: 4.627629
Epoch 63/600, Total: 1638.812273, Node: 969.845924, Link: 668.922092, Spread: 4.428220
Epoch 64/600, Total: 1629.999212, Node: 962.340343, Link: 667.615265, Spread: 4.363890
Epoch 65/600, Total: 1624.297206, Node: 952.183416, Link: 672.070986, Spread: 4.283472
Epoch 66/600, Total: 1617.486348, Node: 951.376718, Link: 666.067772, Spread: 4.187044
Epoch 67/600, Total: 1617.541985, Node: 957.447543, Link: 660.053500, Spread: 4.093225
Epoch 68/600, Total: 1630.790385, Node: 979.855488, Link: 650.894416, Spread: 4.049077
Epoch 69/600, Total: 1626.971736, Node: 964.607590, Link: 662.323617, Spread: 4.054043
Epoch 70/600, Total: 1612.842052, Node: 963.737581, Link: 649.065229, Spread: 3.922593
Epoch 71/600, Total: 1613.225720, Node: 955.813170, Link: 657.374173, Spread: 3.836521
Epoch 72/600, Total: 1605.051852, Node: 956.237991, Link: 648.775300, Spread: 3.855668
Epoch 73/600, Total: 1604.540106, Node: 955.382409, Link: 649.120261, Spread: 3.745922
Epoch 74/600, Total: 1607.408772, Node: 960.012439, Link: 647.358994, Spread: 3.733317
Epoch 75/600, Total: 1634.735945, Node: 961.067827, Link: 673.631591, Spread: 3.653647
Epoch 76/600, Total: 1613.742980, Node: 953.419676, Link: 660.288170, Spread: 3.513927
Epoch 77/600, Total: 1635.194869, Node: 964.722708, Link: 670.437618, Spread: 3.453965
Epoch 78/600, Total: 1620.840213, Node: 960.495727, Link: 660.310388, Spread: 3.411251
Epoch 79/600, Total: 1627.954932, Node: 971.143904, Link: 656.777331, Spread: 3.369356
Epoch 80/600, Total: 1641.241508, Node: 980.561154, Link: 660.647357, Spread: 3.302354
Epoch 81/600, Total: 1659.326423, Node: 999.758684, Link: 659.534128, Spread: 3.361811
Epoch 82/600, Total: 1633.396031, Node: 971.021306, Link: 662.342060, Spread: 3.265921
Epoch 83/600, Total: 1662.650834, Node: 992.412236, Link: 670.206342, Spread: 3.226928
Epoch 84/600, Total: 1638.592493, Node: 977.877904, Link: 660.682259, Spread: 3.232187
Epoch 85/600, Total: 1637.805119, Node: 978.490272, Link: 659.282414, Spread: 3.247564
Epoch 86/600, Total: 1621.658334, Node: 963.088745, Link: 658.537969, Spread: 3.163375
Epoch 87/600, Total: 1637.005588, Node: 985.848011, Link: 651.125173, Spread: 3.241168
Epoch 88/600, Total: 1631.083637, Node: 972.685751, Link: 658.366877, Spread: 3.101131
Epoch 89/600, Total: 1643.896727, Node: 974.416904, Link: 669.449856, Spread: 2.997881
Epoch 90/600, Total: 1628.810879, Node: 960.389161, Link: 668.392648, Spread: 2.906670
Epoch 91/600, Total: 1667.297462, Node: 1011.671928, Link: 655.602311, Spread: 2.322972
Epoch 92/600, Total: 1697.579516, Node: 1032.787617, Link: 664.770000, Spread: 2.190643
Epoch 93/600, Total: 1658.030381, Node: 1005.847178, Link: 652.161195, Spread: 2.198660
Epoch 94/600, Total: 1655.896174, Node: 994.860135, Link: 661.013144, Spread: 2.288757
Epoch 95/600, Total: 1603.417072, Node: 957.400537, Link: 645.993357, Spread: 2.318847
Epoch 96/600, Total: 1621.193313, Node: 972.777777, Link: 648.391907, Spread: 2.362064
Epoch 97/600, Total: 1600.499500, Node: 958.795059, Link: 641.680708, Spread: 2.374081
Epoch 98/600, Total: 1602.372993, Node: 956.822982, Link: 645.526107, Spread: 2.390926
Epoch 99/600, Total: 1600.726355, Node: 956.074574, Link: 644.627870, Spread: 2.391827
Epoch 100/600, Total: 1595.650064, Node: 949.380605, Link: 646.245493, Spread: 2.396273
Epoch 101/600, Total: 1603.592450, Node: 949.366391, Link: 654.202207, Spread: 2.385775
Epoch 102/600, Total: 1603.667917, Node: 948.944990, Link: 654.699198, Spread: 2.370878
Epoch 103/600, Total: 1603.124644, Node: 948.155624, Link: 654.945473, Spread: 2.353682
Epoch 104/600, Total: 1619.900941, Node: 956.460537, Link: 663.417142, Spread: 2.327255
Epoch 105/600, Total: 1597.701826, Node: 950.827437, Link: 646.851325, Spread: 2.305154
Epoch 106/600, Total: 1594.399047, Node: 947.487660, Link: 646.888468, Spread: 2.294168
Epoch 107/600, Total: 1594.844568, Node: 945.536463, Link: 649.285295, Spread: 2.283397
Epoch 108/600, Total: 1590.810740, Node: 943.686574, Link: 647.101377, Spread: 2.281055
Epoch 109/600, Total: 1606.491469, Node: 955.448968, Link: 651.019555, Spread: 2.295980
Epoch 110/600, Total: 1597.688837, Node: 950.273445, Link: 647.392546, Spread: 2.284568
Epoch 111/600, Total: 1598.557146, Node: 947.161418, Link: 651.372982, Spread: 2.275004
Epoch 112/600, Total: 1596.265602, Node: 945.528088, Link: 650.714739, Spread: 2.278056
Epoch 113/600, Total: 1596.609228, Node: 943.229344, Link: 653.357479, Spread: 2.242276
Epoch 114/600, Total: 1603.733020, Node: 950.886040, Link: 652.824443, Spread: 2.253179
Epoch 115/600, Total: 1620.235802, Node: 956.813438, Link: 663.400369, Spread: 2.200091
Epoch 116/600, Total: 1584.340440, Node: 948.809875, Link: 635.508376, Spread: 2.219074
Epoch 117/600, Total: 1602.952969, Node: 955.460417, Link: 647.470477, Spread: 2.206660
Epoch 118/600, Total: 1589.988381, Node: 952.644780, Link: 637.321467, Spread: 2.214390
Epoch 119/600, Total: 1612.365821, Node: 961.859981, Link: 650.483692, Spread: 2.213820
Epoch 120/600, Total: 1629.537606, Node: 963.740542, Link: 665.775521, Spread: 2.154032
Epoch 121/600, Total: 1620.104176, Node: 974.167599, Link: 645.915288, Spread: 2.128540
Epoch 122/600, Total: 1629.513915, Node: 973.497940, Link: 655.993877, Spread: 2.211152
Epoch 123/600, Total: 1638.191142, Node: 967.676228, Link: 670.493024, Spread: 2.188816
Epoch 124/600, Total: 1631.727964, Node: 979.158611, Link: 652.546979, Spread: 2.237273
Epoch 125/600, Total: 1607.885854, Node: 959.062695, Link: 648.800725, Spread: 2.241110
Epoch 126/600, Total: 1617.010836, Node: 960.293702, Link: 656.694728, Spread: 2.241710
Epoch 127/600, Total: 1634.691777, Node: 970.172393, Link: 664.497053, Spread: 2.232860
Epoch 128/600, Total: 1620.238878, Node: 957.405553, Link: 662.811013, Spread: 2.230707
Epoch 129/600, Total: 1636.552370, Node: 976.965018, Link: 659.565049, Spread: 2.230690
Epoch 130/600, Total: 1634.478310, Node: 964.262121, Link: 670.194037, Spread: 2.217234
Epoch 131/600, Total: 1601.985588, Node: 956.558466, Link: 645.404960, Spread: 2.218575
Epoch 132/600, Total: 1608.334003, Node: 956.104873, Link: 652.206898, Spread: 2.223701
Epoch 133/600, Total: 1616.621984, Node: 964.317169, Link: 652.282558, Spread: 2.226257
Epoch 134/600, Total: 1616.910428, Node: 962.930896, Link: 653.957268, Spread: 2.227380
Epoch 135/600, Total: 1604.414011, Node: 955.870683, Link: 648.521228, Spread: 2.209827
Epoch 136/600, Total: 1610.541618, Node: 959.865951, Link: 650.653520, Spread: 2.216898
Epoch 137/600, Total: 1609.297133, Node: 955.272544, Link: 654.002508, Spread: 2.207074
Epoch 138/600, Total: 1683.910439, Node: 1030.588613, Link: 653.302986, Spread: 1.882711
Epoch 139/600, Total: 1678.716967, Node: 1029.526900, Link: 649.170409, Spread: 1.964860
Epoch 140/600, Total: 1632.802646, Node: 989.212910, Link: 643.568549, Spread: 2.118746
Epoch 141/600, Total: 1617.602290, Node: 972.848193, Link: 644.732800, Spread: 2.130367
Epoch 142/600, Total: 1607.795065, Node: 961.402582, Link: 646.370755, Spread: 2.172950
Epoch 143/600, Total: 1631.363237, Node: 971.256505, Link: 660.085257, Spread: 2.146761
Epoch 144/600, Total: 1624.132204, Node: 966.858838, Link: 657.251834, Spread: 2.153306
Epoch 145/600, Total: 1606.049502, Node: 957.517161, Link: 648.510826, Spread: 2.152714
Epoch 146/600, Total: 1611.503757, Node: 966.449136, Link: 645.033044, Spread: 2.158146
Epoch 147/600, Total: 1638.400489, Node: 990.988720, Link: 647.391081, Spread: 2.067353
Epoch 148/600, Total: 1612.098479, Node: 968.140808, Link: 643.936442, Spread: 2.123355
Epoch 149/600, Total: 1626.701096, Node: 965.671629, Link: 661.008040, Spread: 2.141955
Epoch 150/600, Total: 1610.279724, Node: 965.566338, Link: 644.692199, Spread: 2.119889
Epoch 151/600, Total: 1599.350154, Node: 953.469553, Link: 645.859397, Spread: 2.120123
Epoch 152/600, Total: 1604.236298, Node: 957.609410, Link: 646.605511, Spread: 2.137365
Epoch 153/600, Total: 1607.823902, Node: 961.843623, Link: 645.958609, Spread: 2.168089
Epoch 154/600, Total: 1601.648157, Node: 958.976061, Link: 642.650725, Spread: 2.136930
Epoch 155/600, Total: 1606.761145, Node: 961.155281, Link: 645.584143, Spread: 2.170404
Epoch 156/600, Total: 1598.431488, Node: 953.793635, Link: 644.616157, Spread: 2.168828
Epoch 157/600, Total: 1608.428699, Node: 958.069271, Link: 650.338364, Spread: 2.104610
Epoch 158/600, Total: 1648.007722, Node: 979.168546, Link: 668.818167, Spread: 2.100066
Epoch 159/600, Total: 1619.761798, Node: 960.812216, Link: 658.928709, Spread: 2.088186
Epoch 160/600, Total: 1611.281328, Node: 959.500121, Link: 651.760698, Spread: 2.054953
Epoch 161/600, Total: 1610.176071, Node: 961.165467, Link: 648.989846, Spread: 2.078100
Epoch 162/600, Total: 1617.260666, Node: 967.744792, Link: 649.495150, Spread: 2.071655
Epoch 163/600, Total: 1608.279757, Node: 960.331270, Link: 647.928101, Spread: 2.040024
Epoch 164/600, Total: 1595.957014, Node: 955.854739, Link: 640.081626, Spread: 2.064867
Epoch 165/600, Total: 1609.539318, Node: 955.053978, Link: 654.464026, Spread: 2.131642
Epoch 166/600, Total: 1603.466005, Node: 959.811943, Link: 643.632973, Spread: 2.110502
Epoch 167/600, Total: 1619.922503, Node: 957.444614, Link: 662.456606, Spread: 2.128366
Epoch 168/600, Total: 1614.104616, Node: 962.213509, Link: 651.869886, Spread: 2.119800
Epoch 169/600, Total: 1612.909226, Node: 965.309298, Link: 647.578734, Spread: 2.120327
Epoch 170/600, Total: 1622.767721, Node: 958.888396, Link: 663.858244, Spread: 2.108016
Epoch 171/600, Total: 1629.867759, Node: 967.742817, Link: 662.103605, Spread: 2.133151
Epoch 172/600, Total: 1600.849410, Node: 954.837165, Link: 645.990888, Spread: 2.136302
Epoch 173/600, Total: 1606.540074, Node: 953.709223, Link: 652.809949, Spread: 2.090283
Epoch 174/600, Total: 1600.453245, Node: 958.455218, Link: 641.977844, Spread: 2.019307
Epoch 175/600, Total: 1606.787065, Node: 962.577329, Link: 644.189206, Spread: 2.051586
Epoch 176/600, Total: 1593.406294, Node: 950.082227, Link: 643.303783, Spread: 2.029103
Epoch 177/600, Total: 1602.909193, Node: 959.703580, Link: 643.185042, Spread: 2.058556
Epoch 178/600, Total: 1599.147801, Node: 952.487395, Link: 646.640285, Spread: 2.011963
Epoch 179/600, Total: 1605.294624, Node: 946.493519, Link: 658.781100, Spread: 2.002035
Epoch 180/600, Total: 1608.203295, Node: 951.835208, Link: 656.347991, Spread: 2.007745
Epoch 181/600, Total: 1604.030906, Node: 950.177998, Link: 653.833440, Spread: 1.948950
Epoch 182/600, Total: 1616.949189, Node: 965.411532, Link: 651.518095, Spread: 1.955640
Epoch 183/600, Total: 1605.392791, Node: 959.772874, Link: 645.600277, Spread: 1.966749
Epoch 184/600, Total: 1624.137303, Node: 965.344670, Link: 658.772555, Spread: 2.006443
Epoch 185/600, Total: 1612.320493, Node: 953.580508, Link: 658.720163, Spread: 1.981468
Epoch 186/600, Total: 1595.607125, Node: 954.855450, Link: 640.732022, Spread: 1.964393
Epoch 187/600, Total: 1602.943921, Node: 949.294152, Link: 653.629665, Spread: 2.010123
Epoch 188/600, Total: 1607.980266, Node: 950.077425, Link: 657.882813, Spread: 2.003975
Epoch 189/600, Total: 1613.920468, Node: 950.832491, Link: 663.067798, Spread: 2.017868
Epoch 190/600, Total: 1604.146174, Node: 951.584715, Link: 652.541573, Spread: 1.989595
Epoch 191/600, Total: 1632.890524, Node: 966.999040, Link: 665.872085, Spread: 1.940117
Epoch 192/600, Total: 1629.977848, Node: 964.602085, Link: 665.355583, Spread: 2.018279
Epoch 193/600, Total: 1606.400846, Node: 952.318385, Link: 654.063209, Spread: 1.924781
Epoch 194/600, Total: 1590.092027, Node: 950.034918, Link: 640.037660, Spread: 1.943598
Epoch 195/600, Total: 1597.445758, Node: 946.158288, Link: 651.267787, Spread: 1.968287
Epoch 196/600, Total: 1598.439802, Node: 949.392976, Link: 649.027268, Spread: 1.954544
Epoch 197/600, Total: 1594.796450, Node: 944.492880, Link: 650.284159, Spread: 1.942002
Epoch 198/600, Total: 1592.504753, Node: 949.646253, Link: 642.838946, Spread: 1.954483
Epoch 199/600, Total: 1613.245002, Node: 956.476802, Link: 656.748507, Spread: 1.967541
Epoch 200/600, Total: 1605.330683, Node: 954.246547, Link: 651.064659, Spread: 1.946885
Epoch 201/600, Total: 1605.881760, Node: 949.535150, Link: 656.326898, Spread: 1.970056
Epoch 202/600, Total: 1610.049753, Node: 947.582145, Link: 662.448137, Spread: 1.948572
Epoch 203/600, Total: 1624.649734, Node: 964.359423, Link: 660.271064, Spread: 1.925236
Epoch 204/600, Total: 1627.663624, Node: 954.291791, Link: 673.352168, Spread: 1.964427
Epoch 205/600, Total: 1624.495479, Node: 955.393214, Link: 669.082888, Spread: 1.938006
Epoch 206/600, Total: 1601.484820, Node: 955.387708, Link: 646.078138, Spread: 1.899036
Epoch 207/600, Total: 1588.286233, Node: 948.515854, Link: 639.751676, Spread: 1.869431
Epoch 208/600, Total: 1599.625888, Node: 954.312247, Link: 645.295121, Spread: 1.854628
Epoch 209/600, Total: 1626.559817, Node: 972.628181, Link: 653.912692, Spread: 1.893334
Epoch 210/600, Total: 1635.741172, Node: 962.693527, Link: 673.028745, Spread: 1.892307
Epoch 211/600, Total: 1610.592301, Node: 948.238478, Link: 662.334491, Spread: 1.936097
Epoch 212/600, Total: 1613.818342, Node: 952.877670, Link: 660.921812, Spread: 1.886202
Epoch 213/600, Total: 1611.751240, Node: 952.444287, Link: 659.288194, Spread: 1.875279
Epoch 214/600, Total: 1621.171576, Node: 959.522375, Link: 661.630736, Spread: 1.846464
Epoch 215/600, Total: 1603.197658, Node: 957.519604, Link: 645.659322, Spread: 1.873078
Epoch 216/600, Total: 1603.355763, Node: 954.222971, Link: 649.114766, Spread: 1.801432
Epoch 217/600, Total: 1599.268434, Node: 955.747152, Link: 643.503189, Spread: 1.809917
Epoch 218/600, Total: 1583.079459, Node: 950.930585, Link: 632.130699, Spread: 1.818199
Epoch 219/600, Total: 1579.193725, Node: 942.178021, Link: 636.997788, Spread: 1.791954
Epoch 220/600, Total: 1590.426815, Node: 942.821182, Link: 647.587714, Spread: 1.792632
Epoch 221/600, Total: 1585.088745, Node: 947.657177, Link: 637.413424, Spread: 1.814272
Epoch 222/600, Total: 1583.590191, Node: 948.317945, Link: 635.254148, Spread: 1.810766
Epoch 223/600, Total: 1583.107162, Node: 945.229869, Link: 637.859077, Spread: 1.820378
Epoch 224/600, Total: 1594.495518, Node: 954.186863, Link: 640.290419, Spread: 1.825153
Epoch 225/600, Total: 1611.084697, Node: 966.099783, Link: 644.966642, Spread: 1.828671
Epoch 226/600, Total: 1617.460688, Node: 972.340863, Link: 645.102024, Spread: 1.779701
Epoch 227/600, Total: 1594.855885, Node: 949.049267, Link: 645.788542, Spread: 1.809096
Epoch 228/600, Total: 1587.163668, Node: 950.322869, Link: 636.822990, Spread: 1.784003
Epoch 229/600, Total: 1603.744349, Node: 960.482150, Link: 643.244393, Spread: 1.780076
Epoch 230/600, Total: 1618.341331, Node: 970.674890, Link: 647.648950, Spread: 1.750914
Epoch 231/600, Total: 1588.255080, Node: 947.007767, Link: 641.229791, Spread: 1.749920
Epoch 232/600, Total: 1591.740238, Node: 947.854309, Link: 643.868433, Spread: 1.747754
Epoch 233/600, Total: 1577.591437, Node: 941.226095, Link: 636.347865, Spread: 1.747124
Epoch 234/600, Total: 1625.450564, Node: 970.322973, Link: 655.109686, Spread: 1.787734
Epoch 235/600, Total: 1608.987064, Node: 948.854897, Link: 660.113777, Spread: 1.839403
Epoch 236/600, Total: 1595.972200, Node: 944.887930, Link: 651.065908, Spread: 1.837216
Epoch 237/600, Total: 1605.518438, Node: 949.756879, Link: 655.743511, Spread: 1.805201
Epoch 238/600, Total: 1596.837409, Node: 942.357198, Link: 654.462386, Spread: 1.781981
Epoch 239/600, Total: 1598.228992, Node: 948.008792, Link: 650.202646, Spread: 1.755216
Epoch 240/600, Total: 1594.717161, Node: 943.439140, Link: 651.260559, Spread: 1.745482
Epoch 241/600, Total: 1601.227176, Node: 955.308951, Link: 645.901249, Spread: 1.696532
Epoch 242/600, Total: 1584.697373, Node: 951.563633, Link: 633.117383, Spread: 1.636547
Epoch 243/600, Total: 1585.438038, Node: 944.199004, Link: 641.222181, Spread: 1.685605
Epoch 244/600, Total: 1593.469327, Node: 946.112011, Link: 647.339989, Spread: 1.734636
Epoch 245/600, Total: 1600.668294, Node: 948.619544, Link: 652.031792, Spread: 1.697595
Epoch 246/600, Total: 1613.032100, Node: 941.818634, Link: 671.197141, Spread: 1.630791
Epoch 247/600, Total: 1586.069644, Node: 951.275359, Link: 634.778166, Spread: 1.610848
Epoch 248/600, Total: 1602.349851, Node: 959.516880, Link: 642.817047, Spread: 1.593279
Epoch 249/600, Total: 1634.170928, Node: 974.510481, Link: 659.645296, Spread: 1.515042
Epoch 250/600, Total: 1628.593919, Node: 967.930971, Link: 660.647905, Spread: 1.503036
Epoch 251/600, Total: 1633.504546, Node: 971.165677, Link: 662.324110, Spread: 1.475782
Epoch 252/600, Total: 1625.548592, Node: 960.724523, Link: 664.809374, Spread: 1.468467
Epoch 253/600, Total: 1637.942720, Node: 961.991512, Link: 675.936874, Spread: 1.433756
Epoch 254/600, Total: 1608.505122, Node: 960.120748, Link: 648.370726, Spread: 1.364137
Epoch 255/600, Total: 1601.034930, Node: 954.141898, Link: 646.879363, Spread: 1.368050
Epoch 256/600, Total: 1606.076503, Node: 959.348652, Link: 646.714395, Spread: 1.344891
Epoch 257/600, Total: 1611.524532, Node: 952.992436, Link: 658.518509, Spread: 1.358266
Epoch 258/600, Total: 1602.359364, Node: 958.283397, Link: 644.062206, Spread: 1.377215
Epoch 259/600, Total: 1605.641579, Node: 962.865800, Link: 642.762302, Spread: 1.347922
Epoch 260/600, Total: 1618.104058, Node: 965.579204, Link: 652.511135, Spread: 1.369633
Epoch 261/600, Total: 1600.099091, Node: 959.721010, Link: 640.364685, Spread: 1.339044
Epoch 262/600, Total: 1603.075185, Node: 961.323805, Link: 641.737850, Spread: 1.352954
Epoch 263/600, Total: 1601.483525, Node: 955.610627, Link: 645.859435, Spread: 1.345149
Epoch 264/600, Total: 1597.432175, Node: 956.460786, Link: 640.957686, Spread: 1.371877
Epoch 265/600, Total: 1588.209249, Node: 950.607492, Link: 637.588296, Spread: 1.344948
Epoch 266/600, Total: 1595.545423, Node: 958.919024, Link: 636.612944, Spread: 1.345110
Epoch 267/600, Total: 1599.516043, Node: 959.844891, Link: 639.657606, Spread: 1.354943
Epoch 268/600, Total: 1601.279111, Node: 952.263325, Link: 649.002187, Spread: 1.359963
Epoch 269/600, Total: 1607.015135, Node: 962.122830, Link: 644.878409, Spread: 1.387647
Epoch 270/600, Total: 1589.764857, Node: 951.360801, Link: 638.389811, Spread: 1.426656
Epoch 271/600, Total: 1616.007220, Node: 958.443323, Link: 657.548778, Spread: 1.512546
Epoch 272/600, Total: 1587.038218, Node: 948.671593, Link: 638.351891, Spread: 1.472599
Epoch 273/600, Total: 1575.672517, Node: 943.984707, Link: 631.673417, Spread: 1.438529
Epoch 274/600, Total: 1580.793312, Node: 946.770930, Link: 634.008039, Spread: 1.432946
Epoch 275/600, Total: 1592.062491, Node: 944.452771, Link: 647.595271, Spread: 1.447920
Epoch 276/600, Total: 1603.229849, Node: 952.830503, Link: 650.384945, Spread: 1.441107
Epoch 277/600, Total: 1589.754744, Node: 946.193569, Link: 643.546509, Spread: 1.464007
Epoch 278/600, Total: 1591.975631, Node: 944.651018, Link: 647.309968, Spread: 1.462632
Epoch 279/600, Total: 1599.167572, Node: 951.061373, Link: 648.091346, Spread: 1.483567
Epoch 280/600, Total: 1595.863480, Node: 948.872322, Link: 646.975916, Spread: 1.526233
Epoch 281/600, Total: 1591.373542, Node: 950.072067, Link: 641.286431, Spread: 1.505080
Epoch 282/600, Total: 1589.324834, Node: 952.214352, Link: 637.095460, Spread: 1.501186
Epoch 283/600, Total: 1588.036077, Node: 948.417445, Link: 639.603682, Spread: 1.493068
Epoch 284/600, Total: 1594.614655, Node: 948.474053, Link: 646.125702, Spread: 1.490197
Epoch 285/600, Total: 1579.045434, Node: 946.853489, Link: 632.177557, Spread: 1.437162
Epoch 286/600, Total: 1597.089194, Node: 952.616396, Link: 644.458069, Spread: 1.471436
Epoch 287/600, Total: 1581.005594, Node: 939.902449, Link: 641.088356, Spread: 1.477815
Epoch 288/600, Total: 1568.812552, Node: 941.674884, Link: 627.123078, Spread: 1.457259
Epoch 289/600, Total: 1594.891089, Node: 962.599696, Link: 632.276913, Spread: 1.447767
Epoch 290/600, Total: 1570.936552, Node: 946.425757, Link: 624.496693, Spread: 1.410708
Epoch 291/600, Total: 1598.715600, Node: 958.387299, Link: 640.313918, Spread: 1.438669
Epoch 292/600, Total: 1580.098153, Node: 948.891663, Link: 631.192292, Spread: 1.422060
Epoch 293/600, Total: 1573.227985, Node: 943.403468, Link: 629.810168, Spread: 1.433976
Epoch 294/600, Total: 1566.046012, Node: 935.967640, Link: 630.063836, Spread: 1.452713
Epoch 295/600, Total: 1574.278064, Node: 948.538336, Link: 625.725316, Spread: 1.442916
Epoch 296/600, Total: 1587.359385, Node: 948.187156, Link: 639.157732, Spread: 1.450097
Epoch 297/600, Total: 1599.793825, Node: 955.700336, Link: 644.079056, Spread: 1.443592
Epoch 298/600, Total: 1607.791656, Node: 956.423782, Link: 651.353251, Spread: 1.464137
Epoch 299/600, Total: 1586.152127, Node: 951.320917, Link: 634.816551, Spread: 1.465247
Epoch 300/600, Total: 1588.231791, Node: 950.049215, Link: 638.167967, Spread: 1.458044
Epoch 301/600, Total: 1570.426455, Node: 941.334875, Link: 629.076973, Spread: 1.460634
Epoch 302/600, Total: 1577.516670, Node: 948.143774, Link: 629.357959, Spread: 1.494214
Epoch 303/600, Total: 1573.302977, Node: 939.073832, Link: 634.214352, Spread: 1.479993
Epoch 304/600, Total: 1572.175330, Node: 950.994119, Link: 621.166782, Spread: 1.442814
Epoch 305/600, Total: 1584.267472, Node: 950.059350, Link: 634.192979, Spread: 1.515229
Epoch 306/600, Total: 1572.888516, Node: 940.905518, Link: 631.968042, Spread: 1.496384
Epoch 307/600, Total: 1585.560891, Node: 951.532860, Link: 634.013332, Spread: 1.469604
Epoch 308/600, Total: 1594.611056, Node: 952.029401, Link: 642.566391, Spread: 1.527499
Epoch 309/600, Total: 1586.439561, Node: 953.363719, Link: 633.060542, Spread: 1.529660
Epoch 310/600, Total: 1580.525063, Node: 946.696739, Link: 633.813031, Spread: 1.529272
Epoch 311/600, Total: 1595.011609, Node: 953.932519, Link: 641.064045, Spread: 1.506209
Epoch 312/600, Total: 1567.150821, Node: 947.015375, Link: 620.121089, Spread: 1.437255
Epoch 313/600, Total: 1585.735892, Node: 955.425832, Link: 630.295532, Spread: 1.451065
Epoch 314/600, Total: 1619.364943, Node: 966.020433, Link: 653.329998, Spread: 1.451842
Epoch 315/600, Total: 1585.802939, Node: 951.372771, Link: 634.415428, Spread: 1.472989
Epoch 316/600, Total: 1566.002817, Node: 946.878135, Link: 619.110158, Spread: 1.450805
Epoch 317/600, Total: 1606.881988, Node: 953.059361, Link: 653.807181, Spread: 1.545237
Epoch 318/600, Total: 1580.030433, Node: 948.979359, Link: 631.036138, Spread: 1.494266
Epoch 319/600, Total: 1566.316619, Node: 941.263471, Link: 625.038770, Spread: 1.438776
Epoch 320/600, Total: 1592.892639, Node: 954.516921, Link: 638.361286, Spread: 1.442299
Epoch 321/600, Total: 1581.003714, Node: 951.805904, Link: 629.183200, Spread: 1.460688
Epoch 322/600, Total: 1599.023932, Node: 965.529808, Link: 633.479595, Spread: 1.453106
Epoch 323/600, Total: 1628.570247, Node: 975.309021, Link: 653.246247, Spread: 1.497309
Epoch 324/600, Total: 1618.413759, Node: 958.073143, Link: 660.325172, Spread: 1.546748
Epoch 325/600, Total: 1592.073999, Node: 946.433327, Link: 645.625372, Spread: 1.531038
Epoch 326/600, Total: 1580.639288, Node: 955.994223, Link: 624.630227, Spread: 1.482985
Epoch 327/600, Total: 1582.200354, Node: 946.321893, Link: 635.863671, Spread: 1.477201
Epoch 328/600, Total: 1619.968297, Node: 977.037220, Link: 642.916058, Spread: 1.501564
Epoch 329/600, Total: 1612.981143, Node: 966.066149, Link: 646.899982, Spread: 1.502293
Epoch 330/600, Total: 1656.276987, Node: 987.706351, Link: 668.553389, Spread: 1.725077
Epoch 331/600, Total: 1580.908578, Node: 951.450541, Link: 629.443081, Spread: 1.495446
Epoch 332/600, Total: 1593.970887, Node: 954.156384, Link: 639.800092, Spread: 1.440522
Epoch 333/600, Total: 1603.104204, Node: 953.294623, Link: 649.794419, Spread: 1.517640
Epoch 334/600, Total: 1577.075490, Node: 950.482222, Link: 626.578484, Spread: 1.477780
Epoch 335/600, Total: 1602.477788, Node: 959.998508, Link: 642.463613, Spread: 1.568511
Epoch 336/600, Total: 1581.366343, Node: 955.215032, Link: 626.136889, Spread: 1.440443
Epoch 337/600, Total: 1591.070326, Node: 948.640833, Link: 642.414309, Spread: 1.517789
Epoch 338/600, Total: 1586.508430, Node: 952.716910, Link: 633.776164, Spread: 1.534221
Epoch 339/600, Total: 1608.687945, Node: 967.358324, Link: 641.315243, Spread: 1.439170
Epoch 340/600, Total: 1594.617889, Node: 963.394119, Link: 631.209820, Spread: 1.395727
Epoch 341/600, Total: 1579.170488, Node: 957.145996, Link: 622.010582, Spread: 1.391163
Epoch 342/600, Total: 1567.226903, Node: 947.729786, Link: 619.483285, Spread: 1.382174
Epoch 343/600, Total: 1574.294890, Node: 953.807213, Link: 620.473583, Spread: 1.410438
Epoch 344/600, Total: 1665.719707, Node: 1035.717844, Link: 629.989451, Spread: 1.241695
Epoch 345/600, Total: 1660.337280, Node: 1028.514170, Link: 631.810743, Spread: 1.239002
Epoch 346/600, Total: 1662.088814, Node: 1016.425834, Link: 645.650208, Spread: 1.276203
Epoch 347/600, Total: 1571.953938, Node: 940.506204, Link: 631.433609, Spread: 1.412753
Epoch 348/600, Total: 1587.842889, Node: 951.340930, Link: 636.487758, Spread: 1.419856
Epoch 349/600, Total: 1576.879856, Node: 950.512199, Link: 626.353484, Spread: 1.415270
Epoch 350/600, Total: 1587.070091, Node: 963.299680, Link: 623.756317, Spread: 1.410711
Epoch 351/600, Total: 1571.611332, Node: 950.277403, Link: 621.320056, Spread: 1.388312
Epoch 352/600, Total: 1575.111069, Node: 955.903766, Link: 619.193437, Spread: 1.384774
Epoch 353/600, Total: 1558.228131, Node: 945.952798, Link: 612.261431, Spread: 1.388861
Epoch 354/600, Total: 1578.576882, Node: 954.046617, Link: 624.516383, Spread: 1.388819
Epoch 355/600, Total: 1572.424719, Node: 955.307261, Link: 617.103861, Spread: 1.360705
Epoch 356/600, Total: 1626.870887, Node: 986.619328, Link: 640.238208, Spread: 1.334577
Epoch 357/600, Total: 1610.528540, Node: 963.087580, Link: 647.426742, Spread: 1.421506
Epoch 358/600, Total: 1636.600894, Node: 995.019027, Link: 641.568826, Spread: 1.303986
Epoch 359/600, Total: 1561.490642, Node: 942.734030, Link: 618.742507, Spread: 1.409322
Epoch 360/600, Total: 1582.203578, Node: 956.506224, Link: 625.683253, Spread: 1.408930
Epoch 361/600, Total: 1554.737407, Node: 940.104263, Link: 614.619243, Spread: 1.392575
Epoch 362/600, Total: 1559.924623, Node: 949.156361, Link: 610.754369, Spread: 1.390134
Epoch 363/600, Total: 1636.800577, Node: 969.609080, Link: 667.176675, Spread: 1.481597
Epoch 364/600, Total: 1609.060115, Node: 955.017001, Link: 654.027858, Spread: 1.526704
Epoch 365/600, Total: 1613.384001, Node: 975.353454, Link: 638.014932, Spread: 1.560875
Epoch 366/600, Total: 1594.298903, Node: 973.014916, Link: 621.268237, Spread: 1.574811
Epoch 367/600, Total: 1608.646071, Node: 964.867053, Link: 643.763816, Spread: 1.517812
Epoch 368/600, Total: 1620.024988, Node: 980.119734, Link: 639.890588, Spread: 1.466153
Epoch 369/600, Total: 1631.485054, Node: 982.087841, Link: 649.382206, Spread: 1.499956
Epoch 370/600, Total: 1622.615759, Node: 971.565911, Link: 651.035261, Spread: 1.458395
Epoch 371/600, Total: 1562.942362, Node: 949.042402, Link: 613.885953, Spread: 1.400255
Epoch 372/600, Total: 1610.025909, Node: 980.265852, Link: 629.745771, Spread: 1.428470
Epoch 373/600, Total: 1600.544252, Node: 969.484894, Link: 631.043905, Spread: 1.547035
Epoch 374/600, Total: 1619.401861, Node: 960.949586, Link: 658.436661, Spread: 1.562429
Epoch 375/600, Total: 1599.519652, Node: 966.905220, Link: 632.599938, Spread: 1.447421
Epoch 376/600, Total: 1600.106223, Node: 954.617885, Link: 645.473915, Spread: 1.443295
Epoch 377/600, Total: 1622.112042, Node: 959.929475, Link: 662.168122, Spread: 1.443619
Epoch 378/600, Total: 1638.437891, Node: 968.066198, Link: 670.357234, Spread: 1.447031
Epoch 379/600, Total: 1622.919854, Node: 961.285499, Link: 661.619419, Spread: 1.491701
Epoch 380/600, Total: 1612.697657, Node: 963.252693, Link: 649.429781, Spread: 1.519810
Epoch 381/600, Total: 1619.831829, Node: 969.657395, Link: 650.159039, Spread: 1.539536
Epoch 382/600, Total: 1608.901335, Node: 960.981889, Link: 647.904198, Spread: 1.524948
Epoch 383/600, Total: 1624.850601, Node: 955.744068, Link: 669.091214, Spread: 1.531360
Epoch 384/600, Total: 1609.591447, Node: 958.147629, Link: 651.428136, Spread: 1.568390
Epoch 385/600, Total: 1586.101997, Node: 945.521635, Link: 640.565039, Spread: 1.531079
Epoch 386/600, Total: 1599.889645, Node: 955.666583, Link: 644.207854, Spread: 1.521827
Epoch 387/600, Total: 1588.770972, Node: 956.363447, Link: 632.392542, Spread: 1.497281
Epoch 388/600, Total: 1601.629645, Node: 961.116060, Link: 640.498690, Spread: 1.488906
Epoch 389/600, Total: 1603.221201, Node: 944.288309, Link: 658.917874, Spread: 1.502909
Epoch 390/600, Total: 1607.809423, Node: 953.931001, Link: 653.863053, Spread: 1.536507
Epoch 391/600, Total: 1599.824531, Node: 954.129903, Link: 645.679658, Spread: 1.494764
Epoch 392/600, Total: 1598.074907, Node: 949.997275, Link: 648.062696, Spread: 1.496923
Epoch 393/600, Total: 1604.781306, Node: 961.061634, Link: 643.704720, Spread: 1.494350
Epoch 394/600, Total: 1599.635653, Node: 954.029934, Link: 645.590743, Spread: 1.497963
Epoch 395/600, Total: 1599.067459, Node: 954.168405, Link: 644.884031, Spread: 1.499634
Epoch 396/600, Total: 1595.242450, Node: 956.495224, Link: 638.732236, Spread: 1.499852
Epoch 397/600, Total: 1607.028582, Node: 957.988416, Link: 649.025126, Spread: 1.505025
Epoch 398/600, Total: 1602.930809, Node: 965.035912, Link: 637.879981, Spread: 1.491190
Epoch 399/600, Total: 1612.360731, Node: 964.258670, Link: 648.087062, Spread: 1.498136
Epoch 400/600, Total: 1625.746829, Node: 977.267374, Link: 648.464490, Spread: 1.496647
Epoch 401/600, Total: 1593.134127, Node: 955.758685, Link: 637.360599, Spread: 1.485320
Epoch 402/600, Total: 1597.912153, Node: 960.235680, Link: 637.661645, Spread: 1.482710
Epoch 403/600, Total: 1618.557347, Node: 961.510414, Link: 657.031959, Spread: 1.496683
Epoch 404/600, Total: 1607.357244, Node: 955.995582, Link: 651.346630, Spread: 1.503393
Epoch 405/600, Total: 1594.891426, Node: 956.541956, Link: 638.334432, Spread: 1.502587
Epoch 406/600, Total: 1609.149610, Node: 968.650764, Link: 640.483750, Spread: 1.506117
Epoch 407/600, Total: 1613.647709, Node: 976.875878, Link: 636.756866, Spread: 1.495142
Epoch 408/600, Total: 1596.250881, Node: 964.138519, Link: 632.097483, Spread: 1.487615
Epoch 409/600, Total: 1593.317862, Node: 958.049744, Link: 635.253277, Spread: 1.482451
Epoch 410/600, Total: 1599.547771, Node: 958.679965, Link: 640.852939, Spread: 1.483167
Epoch 411/600, Total: 1607.874253, Node: 966.217953, Link: 641.641418, Spread: 1.488294
Epoch 412/600, Total: 1613.681842, Node: 961.098257, Link: 652.568565, Spread: 1.502706
Epoch 413/600, Total: 1601.079968, Node: 978.670200, Link: 622.394380, Spread: 1.537696
Epoch 414/600, Total: 1573.968085, Node: 952.170046, Link: 621.783198, Spread: 1.484828
Epoch 415/600, Total: 1569.697338, Node: 947.507352, Link: 622.175628, Spread: 1.434539
Epoch 416/600, Total: 1593.997872, Node: 968.924758, Link: 625.058774, Spread: 1.432958
Epoch 417/600, Total: 1604.925931, Node: 958.637645, Link: 646.273498, Spread: 1.478968
Epoch 418/600, Total: 1591.955948, Node: 963.759085, Link: 628.182290, Spread: 1.456948
Epoch 419/600, Total: 1621.307692, Node: 974.906418, Link: 646.386793, Spread: 1.445861
Epoch 420/600, Total: 1660.484067, Node: 996.213533, Link: 664.255716, Spread: 1.482004
Epoch 421/600, Total: 1643.277624, Node: 979.533780, Link: 663.728970, Spread: 1.485643
Epoch 422/600, Total: 1639.736001, Node: 980.365649, Link: 659.355567, Spread: 1.479944
Epoch 423/600, Total: 1587.435449, Node: 955.528701, Link: 631.892237, Spread: 1.452545
Epoch 424/600, Total: 1613.169845, Node: 974.072242, Link: 639.082908, Spread: 1.468832
Epoch 425/600, Total: 1629.412893, Node: 966.513409, Link: 662.884535, Spread: 1.494661
Epoch 426/600, Total: 1616.664917, Node: 964.446391, Link: 652.203291, Spread: 1.522802
Epoch 427/600, Total: 1614.923713, Node: 957.483583, Link: 657.424609, Spread: 1.551909
Epoch 428/600, Total: 1607.827497, Node: 955.658060, Link: 652.153813, Spread: 1.563547
Epoch 429/600, Total: 1599.095778, Node: 965.902929, Link: 633.177358, Spread: 1.548823
Epoch 430/600, Total: 1592.423423, Node: 958.786593, Link: 633.621380, Spread: 1.544852
Epoch 431/600, Total: 1620.180290, Node: 979.538666, Link: 640.626131, Spread: 1.550367
Epoch 432/600, Total: 1605.660410, Node: 968.865725, Link: 636.779371, Spread: 1.530068
Epoch 433/600, Total: 1594.702470, Node: 966.662135, Link: 628.025185, Spread: 1.517041
Epoch 434/600, Total: 1608.118448, Node: 968.953687, Link: 639.149598, Spread: 1.517518
Epoch 435/600, Total: 1631.604910, Node: 963.946651, Link: 667.642940, Spread: 1.532493
Epoch 436/600, Total: 1607.745386, Node: 950.632834, Link: 657.097043, Spread: 1.550641
Epoch 437/600, Total: 1607.345375, Node: 951.176666, Link: 656.152941, Spread: 1.578469
Epoch 438/600, Total: 1612.837903, Node: 956.439095, Link: 656.382790, Spread: 1.603207
Epoch 439/600, Total: 1590.761002, Node: 944.055051, Link: 646.689797, Spread: 1.616024
Epoch 440/600, Total: 1607.618789, Node: 951.761148, Link: 655.841343, Spread: 1.631900
Epoch 441/600, Total: 1602.398075, Node: 949.672333, Link: 652.709185, Spread: 1.655414
Epoch 442/600, Total: 1588.651860, Node: 951.019201, Link: 637.616227, Spread: 1.646647
Epoch 443/600, Total: 1596.191755, Node: 954.921595, Link: 641.253858, Spread: 1.632188
Epoch 444/600, Total: 1602.406964, Node: 965.735435, Link: 636.655194, Spread: 1.630304
Epoch 445/600, Total: 1608.413990, Node: 957.506596, Link: 650.891016, Spread: 1.634931
Epoch 446/600, Total: 1602.462523, Node: 945.559163, Link: 656.886819, Spread: 1.653638
Epoch 447/600, Total: 1592.690672, Node: 944.205433, Link: 648.468635, Spread: 1.661588
Epoch 448/600, Total: 1609.238114, Node: 966.500403, Link: 642.721178, Spread: 1.655241
Epoch 449/600, Total: 1595.602070, Node: 960.677528, Link: 634.908145, Spread: 1.639416
Epoch 450/600, Total: 1597.956163, Node: 965.431025, Link: 632.508842, Spread: 1.630999
Epoch 451/600, Total: 1612.662649, Node: 959.149453, Link: 653.496987, Spread: 1.621247
Epoch 452/600, Total: 1609.405848, Node: 948.583617, Link: 660.805901, Spread: 1.635608
Epoch 453/600, Total: 1608.640565, Node: 948.281263, Link: 660.342872, Spread: 1.642151
Epoch 454/600, Total: 1601.202112, Node: 943.768685, Link: 657.416932, Spread: 1.651225
Epoch 455/600, Total: 1608.376310, Node: 946.857288, Link: 661.502403, Spread: 1.661252
Epoch 456/600, Total: 1601.444881, Node: 943.756119, Link: 657.672096, Spread: 1.667717
Epoch 457/600, Total: 1602.942693, Node: 944.103221, Link: 658.822782, Spread: 1.670923
Epoch 458/600, Total: 1602.512265, Node: 943.949890, Link: 658.545650, Spread: 1.671733
Epoch 459/600, Total: 1602.527316, Node: 943.927342, Link: 658.583269, Spread: 1.671741
Epoch 460/600, Total: 1602.620193, Node: 943.936093, Link: 658.667360, Spread: 1.671366
Epoch 461/600, Total: 1598.297743, Node: 949.511334, Link: 648.769682, Spread: 1.673296
Epoch 462/600, Total: 1593.798282, Node: 948.333475, Link: 645.448440, Spread: 1.635825
Epoch 463/600, Total: 1585.214832, Node: 946.419087, Link: 638.779603, Spread: 1.614862
Epoch 464/600, Total: 1602.617117, Node: 950.521666, Link: 652.079570, Spread: 1.590312
Epoch 465/600, Total: 1601.235371, Node: 951.175066, Link: 650.044394, Spread: 1.589792
Epoch 466/600, Total: 1607.237166, Node: 955.767673, Link: 651.453765, Spread: 1.570502
Epoch 467/600, Total: 1597.384618, Node: 951.553869, Link: 645.815049, Spread: 1.569140
Epoch 468/600, Total: 1604.758011, Node: 950.736653, Link: 654.005764, Spread: 1.563153
Epoch 469/600, Total: 1603.228621, Node: 943.507868, Link: 659.704982, Spread: 1.578194
Epoch 470/600, Total: 1600.186180, Node: 942.219447, Link: 657.951011, Spread: 1.571628
Epoch 471/600, Total: 1596.837625, Node: 946.782531, Link: 650.039475, Spread: 1.562080
Epoch 472/600, Total: 1601.362193, Node: 945.508698, Link: 655.837978, Spread: 1.551978
Epoch 473/600, Total: 1594.854571, Node: 943.374110, Link: 651.465148, Spread: 1.532729
Epoch 474/600, Total: 1597.842676, Node: 963.823235, Link: 634.004167, Spread: 1.526297
Epoch 475/600, Total: 1586.930902, Node: 954.363994, Link: 632.551857, Spread: 1.504915
Epoch 476/600, Total: 1585.801513, Node: 952.073897, Link: 633.712782, Spread: 1.482627
Epoch 477/600, Total: 1603.920251, Node: 958.942645, Link: 644.962769, Spread: 1.484966
Epoch 478/600, Total: 1600.062947, Node: 961.520982, Link: 638.527241, Spread: 1.472469
Epoch 479/600, Total: 1584.612225, Node: 951.178357, Link: 633.419369, Spread: 1.450825
Epoch 480/600, Total: 1593.094923, Node: 952.757184, Link: 640.323259, Spread: 1.450920
Epoch 481/600, Total: 1602.604251, Node: 965.951441, Link: 636.638462, Spread: 1.435737
Epoch 482/600, Total: 1613.134700, Node: 961.764583, Link: 651.355965, Spread: 1.414918
Epoch 483/600, Total: 1600.125589, Node: 953.183323, Link: 646.928340, Spread: 1.393216
Epoch 484/600, Total: 1596.453102, Node: 947.500580, Link: 648.938765, Spread: 1.377419
Epoch 485/600, Total: 1596.424734, Node: 938.780466, Link: 657.630109, Spread: 1.414954
Epoch 486/600, Total: 1595.813679, Node: 938.740806, Link: 657.058623, Spread: 1.425196
Epoch 487/600, Total: 1596.001986, Node: 938.922237, Link: 657.065441, Spread: 1.429898
Epoch 488/600, Total: 1596.312315, Node: 939.162583, Link: 657.135381, Spread: 1.433904
Epoch 489/600, Total: 1596.873194, Node: 939.505502, Link: 657.353308, Spread: 1.438088
Epoch 490/600, Total: 1600.010838, Node: 942.962973, Link: 657.033466, Spread: 1.443445
Epoch 491/600, Total: 1596.600899, Node: 939.802845, Link: 656.783557, Spread: 1.447299
Epoch 492/600, Total: 1600.786264, Node: 948.121638, Link: 652.650298, Spread: 1.432918
Epoch 493/600, Total: 1595.695058, Node: 942.510262, Link: 653.170547, Spread: 1.425598
Epoch 494/600, Total: 1601.182924, Node: 942.442891, Link: 658.725647, Spread: 1.440490
Epoch 495/600, Total: 1596.240170, Node: 939.783283, Link: 656.442487, Spread: 1.443694
Epoch 496/600, Total: 1600.252620, Node: 941.571628, Link: 658.666481, Spread: 1.449958
Epoch 497/600, Total: 1597.122980, Node: 940.295868, Link: 656.812589, Spread: 1.452606
Epoch 498/600, Total: 1597.492760, Node: 940.342464, Link: 657.135788, Spread: 1.450369
Epoch 499/600, Total: 1597.507528, Node: 940.454605, Link: 657.038458, Spread: 1.448706
Epoch 500/600, Total: 1597.536299, Node: 940.550215, Link: 656.971619, Spread: 1.446218
Epoch 501/600, Total: 1589.917100, Node: 937.982487, Link: 651.920183, Spread: 1.439909
Epoch 502/600, Total: 1605.224798, Node: 961.414323, Link: 643.796281, Spread: 1.419764
Epoch 503/600, Total: 1581.894297, Node: 945.505796, Link: 636.374554, Spread: 1.395721
Epoch 504/600, Total: 1570.801076, Node: 939.826669, Link: 630.960684, Spread: 1.374122
Epoch 505/600, Total: 1603.945994, Node: 960.071594, Link: 643.860783, Spread: 1.362479
Epoch 506/600, Total: 1591.566921, Node: 952.997262, Link: 638.556365, Spread: 1.328933
Epoch 507/600, Total: 1632.431643, Node: 974.197078, Link: 658.221205, Spread: 1.335097
Epoch 508/600, Total: 1603.279938, Node: 956.707494, Link: 646.559067, Spread: 1.336898
Epoch 509/600, Total: 1603.056165, Node: 959.580424, Link: 643.462504, Spread: 1.323853
Epoch 510/600, Total: 1598.403900, Node: 951.428797, Link: 646.962075, Spread: 1.301713
Epoch 511/600, Total: 1599.537655, Node: 949.330842, Link: 650.193832, Spread: 1.297803
Epoch 512/600, Total: 1588.236730, Node: 938.565041, Link: 649.658830, Spread: 1.285867
Epoch 513/600, Total: 1595.859539, Node: 947.873533, Link: 647.973091, Spread: 1.290294
Epoch 514/600, Total: 1603.560052, Node: 944.702756, Link: 658.844410, Spread: 1.287881
Epoch 515/600, Total: 1593.067327, Node: 937.910448, Link: 655.143835, Spread: 1.304641
Epoch 516/600, Total: 1598.708311, Node: 946.108481, Link: 652.586768, Spread: 1.304965
Epoch 517/600, Total: 1593.408738, Node: 942.199861, Link: 651.195880, Spread: 1.300674
Epoch 518/600, Total: 1596.100303, Node: 938.597002, Link: 657.490164, Spread: 1.313233
Epoch 519/600, Total: 1595.213646, Node: 938.784155, Link: 656.416299, Spread: 1.319202
Epoch 520/600, Total: 1595.425171, Node: 938.939002, Link: 656.472936, Spread: 1.322535
Epoch 521/600, Total: 1595.646058, Node: 939.115450, Link: 656.517346, Spread: 1.325249
Epoch 522/600, Total: 1597.294436, Node: 939.744158, Link: 657.536963, Spread: 1.329502
Epoch 523/600, Total: 1595.876323, Node: 939.584464, Link: 656.278529, Spread: 1.331133
Epoch 524/600, Total: 1596.028921, Node: 939.574502, Link: 656.441123, Spread: 1.329873
Epoch 525/600, Total: 1596.082788, Node: 939.670157, Link: 656.399340, Spread: 1.328664
Epoch 526/600, Total: 1596.734800, Node: 939.759760, Link: 656.961766, Spread: 1.328390
Epoch 527/600, Total: 1596.064445, Node: 939.902685, Link: 656.148482, Spread: 1.326929
Epoch 528/600, Total: 1596.174298, Node: 939.880212, Link: 656.280855, Spread: 1.323445
Epoch 529/600, Total: 1596.102546, Node: 939.891352, Link: 656.198028, Spread: 1.319952
Epoch 530/600, Total: 1596.032420, Node: 939.887843, Link: 656.131421, Spread: 1.316322
Epoch 531/600, Total: 1595.940875, Node: 939.873086, Link: 656.054682, Spread: 1.312619
Epoch 532/600, Total: 1595.836970, Node: 939.848917, Link: 655.974963, Spread: 1.308889
Epoch 533/600, Total: 1595.724762, Node: 939.817957, Link: 655.893761, Spread: 1.305180
Epoch 534/600, Total: 1595.609123, Node: 939.782762, Link: 655.813344, Spread: 1.301526
Epoch 535/600, Total: 1594.742906, Node: 941.883374, Link: 652.846573, Spread: 1.296269
Epoch 536/600, Total: 1598.958662, Node: 943.637169, Link: 655.308562, Spread: 1.292494
Epoch 537/600, Total: 1594.454966, Node: 939.621802, Link: 654.820234, Spread: 1.292773
Epoch 538/600, Total: 1596.456758, Node: 939.803754, Link: 656.640075, Spread: 1.291581
Epoch 539/600, Total: 1594.762076, Node: 939.612452, Link: 655.136737, Spread: 1.289786
Epoch 540/600, Total: 1595.130527, Node: 939.608274, Link: 655.509401, Spread: 1.285419
Epoch 541/600, Total: 1595.080455, Node: 939.579478, Link: 655.488154, Spread: 1.281373
Epoch 542/600, Total: 1595.007200, Node: 939.537062, Link: 655.457366, Spread: 1.277624
Epoch 543/600, Total: 1594.928670, Node: 939.502505, Link: 655.413431, Spread: 1.274128
Epoch 544/600, Total: 1594.856967, Node: 939.470947, Link: 655.373328, Spread: 1.270846
Epoch 545/600, Total: 1594.791632, Node: 939.444262, Link: 655.334705, Spread: 1.267749
Epoch 546/600, Total: 1594.734133, Node: 939.421528, Link: 655.299992, Spread: 1.264814
Epoch 547/600, Total: 1592.928093, Node: 943.561416, Link: 649.354105, Spread: 1.257997
Epoch 548/600, Total: 1600.907955, Node: 945.284780, Link: 655.610731, Spread: 1.242227
Epoch 549/600, Total: 1593.632269, Node: 939.048161, Link: 654.571669, Spread: 1.243076
Epoch 550/600, Total: 1593.177199, Node: 943.815640, Link: 649.349128, Spread: 1.241489
Epoch 551/600, Total: 1590.205074, Node: 949.287224, Link: 640.905582, Spread: 1.229000
Epoch 552/600, Total: 1625.408716, Node: 987.287680, Link: 638.108194, Spread: 1.284290
Epoch 553/600, Total: 1576.105993, Node: 936.741614, Link: 639.352474, Spread: 1.190129
Epoch 554/600, Total: 1591.509544, Node: 951.932183, Link: 639.565131, Spread: 1.221727
Epoch 555/600, Total: 1609.168441, Node: 956.745881, Link: 652.410458, Spread: 1.210244
Epoch 556/600, Total: 1572.552680, Node: 944.843416, Link: 627.697352, Spread: 1.191566
Epoch 557/600, Total: 1570.492837, Node: 941.188277, Link: 629.292842, Spread: 1.171904
Epoch 558/600, Total: 1600.397104, Node: 949.487597, Link: 650.897893, Spread: 1.161378
Epoch 559/600, Total: 1594.347891, Node: 946.602576, Link: 647.733768, Spread: 1.152060
Epoch 560/600, Total: 1584.292380, Node: 944.359582, Link: 639.921334, Spread: 1.144500
Epoch 561/600, Total: 1596.346228, Node: 946.311528, Link: 650.023260, Spread: 1.142592
Epoch 562/600, Total: 1598.476494, Node: 944.266161, Link: 654.198831, Spread: 1.148489
Epoch 563/600, Total: 1581.956221, Node: 947.318906, Link: 634.625911, Spread: 1.141723
Epoch 564/600, Total: 1602.637962, Node: 947.037686, Link: 655.588781, Spread: 1.144902
Epoch 565/600, Total: 1589.445343, Node: 947.254402, Link: 642.179532, Spread: 1.140433
Epoch 566/600, Total: 1591.620090, Node: 953.974943, Link: 637.633694, Spread: 1.145706
Epoch 567/600, Total: 1569.155047, Node: 939.060007, Link: 630.083650, Spread: 1.137528
Epoch 568/600, Total: 1602.345571, Node: 949.245424, Link: 653.088779, Spread: 1.135963
Epoch 569/600, Total: 1593.060982, Node: 945.012344, Link: 648.037241, Spread: 1.139732
Epoch 570/600, Total: 1598.729868, Node: 960.683305, Link: 638.035121, Spread: 1.143900
Epoch 571/600, Total: 1603.236918, Node: 954.025107, Link: 649.200435, Spread: 1.136871
Epoch 572/600, Total: 1588.517290, Node: 943.536282, Link: 644.969633, Spread: 1.136157
Epoch 573/600, Total: 1599.800002, Node: 946.982798, Link: 652.805916, Spread: 1.129852
Epoch 574/600, Total: 1593.838646, Node: 937.892088, Link: 655.935134, Spread: 1.141805
Epoch 575/600, Total: 1593.826614, Node: 937.247904, Link: 656.567197, Spread: 1.151406
Epoch 576/600, Total: 1584.990409, Node: 936.922266, Link: 648.056577, Spread: 1.158044
Epoch 577/600, Total: 1592.947572, Node: 943.181368, Link: 649.754738, Spread: 1.148317
Epoch 578/600, Total: 1592.964120, Node: 937.795905, Link: 655.156655, Spread: 1.156606
Epoch 579/600, Total: 1593.680764, Node: 937.653737, Link: 656.015397, Spread: 1.162494
Epoch 580/600, Total: 1593.743367, Node: 937.863456, Link: 655.868219, Spread: 1.167905
Epoch 581/600, Total: 1594.073189, Node: 938.161600, Link: 655.899865, Spread: 1.172555
Epoch 582/600, Total: 1594.257306, Node: 938.376631, Link: 655.868934, Spread: 1.176083
Epoch 583/600, Total: 1594.317404, Node: 938.489168, Link: 655.816473, Spread: 1.178725
Epoch 584/600, Total: 1594.332953, Node: 938.608117, Link: 655.713021, Spread: 1.180777
Epoch 585/600, Total: 1594.302781, Node: 938.661483, Link: 655.629469, Spread: 1.182389
Epoch 586/600, Total: 1594.231119, Node: 938.705759, Link: 655.513515, Spread: 1.183700
Epoch 587/600, Total: 1594.137961, Node: 938.723118, Link: 655.403010, Spread: 1.184823
Epoch 588/600, Total: 1594.037804, Node: 938.732295, Link: 655.293640, Spread: 1.185836
Epoch 589/600, Total: 1593.949039, Node: 938.739484, Link: 655.197694, Spread: 1.186791
Epoch 590/600, Total: 1593.873664, Node: 938.750429, Link: 655.111358, Spread: 1.187706
Epoch 591/600, Total: 1593.821033, Node: 938.767126, Link: 655.042031, Spread: 1.188602
Epoch 592/600, Total: 1593.788740, Node: 938.791775, Link: 654.985057, Spread: 1.189472
Epoch 593/600, Total: 1593.779621, Node: 938.824864, Link: 654.942840, Spread: 1.190318
Epoch 594/600, Total: 1593.792618, Node: 938.867205, Link: 654.913507, Spread: 1.191135
Epoch 595/600, Total: 1593.829919, Node: 938.919968, Link: 654.898028, Spread: 1.191920
Epoch 596/600, Total: 1593.910104, Node: 938.988768, Link: 654.909401, Spread: 1.192733
Epoch 597/600, Total: 1593.950636, Node: 939.055868, Link: 654.882849, Spread: 1.193457
Epoch 598/600, Total: 1594.061749, Node: 939.139247, Link: 654.910544, Spread: 1.194052
Epoch 599/600, Total: 1594.183103, Node: 939.236289, Link: 654.934867, Spread: 1.194610
Epoch 600/600, Total: 1594.278624, Node: 939.325052, Link: 654.941633, Spread: 1.195022
Saved sweep result to: /homes/dameyer/ml-for-wdn-project-4/results/aggregated/gnn_training_sweep/net1_buffer=10_rollout=15_seed=42.json
Table value: 939.325052
