Filter:    ekf
Job:       240631
Array ID:  0
Seed:      42
Host:      assistant-1.GPU.CIT-EC.NET
Dataset:   hanoi

Running Hanoi GNN EKF: 24 sensor counts × 1 sensor placements
2 sensors/type: 1.2385 ± 0.3362
3 sensors/type: 1.0490 ± 0.2813
4 sensors/type: 1.0702 ± 0.2948
5 sensors/type: 1.0192 ± 0.2859
6 sensors/type: 1.1551 ± 0.2886
7 sensors/type: 1.0120 ± 0.2658
8 sensors/type: 1.0039 ± 0.2751
9 sensors/type: 0.9770 ± 0.2621
10 sensors/type: 0.9300 ± 0.2588
11 sensors/type: 0.9328 ± 0.2472
12 sensors/type: 0.9715 ± 0.2834
13 sensors/type: 0.9026 ± 0.2743
14 sensors/type: 0.9410 ± 0.2699
15 sensors/type: 0.8875 ± 0.2606
16 sensors/type: 0.9039 ± 0.2468
17 sensors/type: 0.9008 ± 0.2660
18 sensors/type: 0.9158 ± 0.2787
19 sensors/type: 0.9228 ± 0.2708
20 sensors/type: 0.8810 ± 0.2595
21 sensors/type: 0.8499 ± 0.2647
22 sensors/type: 0.8777 ± 0.2719
23 sensors/type: 0.8661 ± 0.2662
24 sensors/type: 0.8758 ± 0.2621
25 sensors/type: 0.8769 ± 0.2683
Saved gnn EKF result to: /homes/dameyer/ml-for-wdn-project-4/results/aggregated/hanoi_gnn_ekf_n_iters=1_seed=42.npz
